[2026-09-18T11:16:38.154+0700] {processor.py:186} INFO - Started process (PID=10142) to work on /Users/andreasanditya/Downloads/572392_Andreas_AirflowETL/code/.venv/lib/python3.9/site-packages/airflow/example_dags/plugins/event_listener.py
[2026-09-18T11:16:38.154+0700] {processor.py:914} INFO - Processing file /Users/andreasanditya/Downloads/572392_Andreas_AirflowETL/code/.venv/lib/python3.9/site-packages/airflow/example_dags/plugins/event_listener.py for tasks to queue
[2026-09-18T11:16:38.155+0700] {logging_mixin.py:190} INFO - [2026-09-18T11:16:38.155+0700] {dagbag.py:588} INFO - Filling up the DagBag from /Users/andreasanditya/Downloads/572392_Andreas_AirflowETL/code/.venv/lib/python3.9/site-packages/airflow/example_dags/plugins/event_listener.py
[2026-09-18T11:16:38.156+0700] {processor.py:927} WARNING - No viable dags retrieved from /Users/andreasanditya/Downloads/572392_Andreas_AirflowETL/code/.venv/lib/python3.9/site-packages/airflow/example_dags/plugins/event_listener.py
[2026-09-18T11:16:38.240+0700] {processor.py:208} INFO - Processing /Users/andreasanditya/Downloads/572392_Andreas_AirflowETL/code/.venv/lib/python3.9/site-packages/airflow/example_dags/plugins/event_listener.py took 0.089 seconds
[2026-09-18T11:18:56.266+0700] {processor.py:186} INFO - Started process (PID=11643) to work on /Users/andreasanditya/Downloads/572392_Andreas_AirflowETL/code/.venv/lib/python3.9/site-packages/airflow/example_dags/plugins/event_listener.py
[2026-09-18T11:18:56.268+0700] {processor.py:914} INFO - Processing file /Users/andreasanditya/Downloads/572392_Andreas_AirflowETL/code/.venv/lib/python3.9/site-packages/airflow/example_dags/plugins/event_listener.py for tasks to queue
[2026-09-18T11:18:56.268+0700] {logging_mixin.py:190} INFO - [2026-09-18T11:18:56.268+0700] {dagbag.py:588} INFO - Filling up the DagBag from /Users/andreasanditya/Downloads/572392_Andreas_AirflowETL/code/.venv/lib/python3.9/site-packages/airflow/example_dags/plugins/event_listener.py
[2026-09-18T11:18:56.269+0700] {processor.py:927} WARNING - No viable dags retrieved from /Users/andreasanditya/Downloads/572392_Andreas_AirflowETL/code/.venv/lib/python3.9/site-packages/airflow/example_dags/plugins/event_listener.py
[2026-09-18T11:18:56.352+0700] {processor.py:208} INFO - Processing /Users/andreasanditya/Downloads/572392_Andreas_AirflowETL/code/.venv/lib/python3.9/site-packages/airflow/example_dags/plugins/event_listener.py took 0.088 seconds
[2026-09-18T11:20:28.811+0700] {processor.py:186} INFO - Started process (PID=12627) to work on /Users/andreasanditya/Downloads/572392_Andreas_AirflowETL/code/.venv/lib/python3.9/site-packages/airflow/example_dags/plugins/event_listener.py
[2026-09-18T11:20:28.812+0700] {processor.py:914} INFO - Processing file /Users/andreasanditya/Downloads/572392_Andreas_AirflowETL/code/.venv/lib/python3.9/site-packages/airflow/example_dags/plugins/event_listener.py for tasks to queue
[2026-09-18T11:20:28.813+0700] {logging_mixin.py:190} INFO - [2026-09-18T11:20:28.813+0700] {dagbag.py:588} INFO - Filling up the DagBag from /Users/andreasanditya/Downloads/572392_Andreas_AirflowETL/code/.venv/lib/python3.9/site-packages/airflow/example_dags/plugins/event_listener.py
[2026-09-18T11:20:28.814+0700] {processor.py:927} WARNING - No viable dags retrieved from /Users/andreasanditya/Downloads/572392_Andreas_AirflowETL/code/.venv/lib/python3.9/site-packages/airflow/example_dags/plugins/event_listener.py
[2026-09-18T11:20:28.909+0700] {processor.py:208} INFO - Processing /Users/andreasanditya/Downloads/572392_Andreas_AirflowETL/code/.venv/lib/python3.9/site-packages/airflow/example_dags/plugins/event_listener.py took 0.100 seconds
[2026-09-18T11:21:57.405+0700] {processor.py:186} INFO - Started process (PID=13584) to work on /Users/andreasanditya/Downloads/572392_Andreas_AirflowETL/code/.venv/lib/python3.9/site-packages/airflow/example_dags/plugins/event_listener.py
[2026-09-18T11:21:57.406+0700] {processor.py:914} INFO - Processing file /Users/andreasanditya/Downloads/572392_Andreas_AirflowETL/code/.venv/lib/python3.9/site-packages/airflow/example_dags/plugins/event_listener.py for tasks to queue
[2026-09-18T11:21:57.407+0700] {logging_mixin.py:190} INFO - [2026-09-18T11:21:57.407+0700] {dagbag.py:588} INFO - Filling up the DagBag from /Users/andreasanditya/Downloads/572392_Andreas_AirflowETL/code/.venv/lib/python3.9/site-packages/airflow/example_dags/plugins/event_listener.py
[2026-09-18T11:21:57.408+0700] {processor.py:927} WARNING - No viable dags retrieved from /Users/andreasanditya/Downloads/572392_Andreas_AirflowETL/code/.venv/lib/python3.9/site-packages/airflow/example_dags/plugins/event_listener.py
[2026-09-18T11:21:57.495+0700] {processor.py:208} INFO - Processing /Users/andreasanditya/Downloads/572392_Andreas_AirflowETL/code/.venv/lib/python3.9/site-packages/airflow/example_dags/plugins/event_listener.py took 0.092 seconds
[2026-09-18T11:22:27.462+0700] {processor.py:186} INFO - Started process (PID=13921) to work on /Users/andreasanditya/Downloads/572392_Andreas_AirflowETL/code/.venv/lib/python3.9/site-packages/airflow/example_dags/plugins/event_listener.py
[2026-09-18T11:22:27.463+0700] {processor.py:914} INFO - Processing file /Users/andreasanditya/Downloads/572392_Andreas_AirflowETL/code/.venv/lib/python3.9/site-packages/airflow/example_dags/plugins/event_listener.py for tasks to queue
[2026-09-18T11:22:27.464+0700] {logging_mixin.py:190} INFO - [2026-09-18T11:22:27.464+0700] {dagbag.py:588} INFO - Filling up the DagBag from /Users/andreasanditya/Downloads/572392_Andreas_AirflowETL/code/.venv/lib/python3.9/site-packages/airflow/example_dags/plugins/event_listener.py
[2026-09-18T11:22:27.464+0700] {processor.py:927} WARNING - No viable dags retrieved from /Users/andreasanditya/Downloads/572392_Andreas_AirflowETL/code/.venv/lib/python3.9/site-packages/airflow/example_dags/plugins/event_listener.py
[2026-09-18T11:22:27.551+0700] {processor.py:208} INFO - Processing /Users/andreasanditya/Downloads/572392_Andreas_AirflowETL/code/.venv/lib/python3.9/site-packages/airflow/example_dags/plugins/event_listener.py took 0.091 seconds
[2026-09-18T11:23:53.527+0700] {processor.py:186} INFO - Started process (PID=14908) to work on /Users/andreasanditya/Downloads/572392_Andreas_AirflowETL/code/.venv/lib/python3.9/site-packages/airflow/example_dags/plugins/event_listener.py
[2026-09-18T11:23:53.528+0700] {processor.py:914} INFO - Processing file /Users/andreasanditya/Downloads/572392_Andreas_AirflowETL/code/.venv/lib/python3.9/site-packages/airflow/example_dags/plugins/event_listener.py for tasks to queue
[2026-09-18T11:23:53.529+0700] {logging_mixin.py:190} INFO - [2026-09-18T11:23:53.529+0700] {dagbag.py:588} INFO - Filling up the DagBag from /Users/andreasanditya/Downloads/572392_Andreas_AirflowETL/code/.venv/lib/python3.9/site-packages/airflow/example_dags/plugins/event_listener.py
[2026-09-18T11:23:53.530+0700] {processor.py:927} WARNING - No viable dags retrieved from /Users/andreasanditya/Downloads/572392_Andreas_AirflowETL/code/.venv/lib/python3.9/site-packages/airflow/example_dags/plugins/event_listener.py
[2026-09-18T11:23:53.618+0700] {processor.py:208} INFO - Processing /Users/andreasanditya/Downloads/572392_Andreas_AirflowETL/code/.venv/lib/python3.9/site-packages/airflow/example_dags/plugins/event_listener.py took 0.093 seconds
[2026-09-18T11:25:57.742+0700] {processor.py:186} INFO - Started process (PID=16186) to work on /Users/andreasanditya/Downloads/572392_Andreas_AirflowETL/code/.venv/lib/python3.9/site-packages/airflow/example_dags/plugins/event_listener.py
[2026-09-18T11:25:57.743+0700] {processor.py:914} INFO - Processing file /Users/andreasanditya/Downloads/572392_Andreas_AirflowETL/code/.venv/lib/python3.9/site-packages/airflow/example_dags/plugins/event_listener.py for tasks to queue
[2026-09-18T11:25:57.743+0700] {logging_mixin.py:190} INFO - [2026-09-18T11:25:57.743+0700] {dagbag.py:588} INFO - Filling up the DagBag from /Users/andreasanditya/Downloads/572392_Andreas_AirflowETL/code/.venv/lib/python3.9/site-packages/airflow/example_dags/plugins/event_listener.py
[2026-09-18T11:25:57.744+0700] {processor.py:927} WARNING - No viable dags retrieved from /Users/andreasanditya/Downloads/572392_Andreas_AirflowETL/code/.venv/lib/python3.9/site-packages/airflow/example_dags/plugins/event_listener.py
[2026-09-18T11:25:57.826+0700] {processor.py:208} INFO - Processing /Users/andreasanditya/Downloads/572392_Andreas_AirflowETL/code/.venv/lib/python3.9/site-packages/airflow/example_dags/plugins/event_listener.py took 0.087 seconds
[2026-09-18T11:27:31.551+0700] {processor.py:186} INFO - Started process (PID=17172) to work on /Users/andreasanditya/Downloads/572392_Andreas_AirflowETL/code/.venv/lib/python3.9/site-packages/airflow/example_dags/plugins/event_listener.py
[2026-09-18T11:27:31.552+0700] {processor.py:914} INFO - Processing file /Users/andreasanditya/Downloads/572392_Andreas_AirflowETL/code/.venv/lib/python3.9/site-packages/airflow/example_dags/plugins/event_listener.py for tasks to queue
[2026-09-18T11:27:31.552+0700] {logging_mixin.py:190} INFO - [2026-09-18T11:27:31.552+0700] {dagbag.py:588} INFO - Filling up the DagBag from /Users/andreasanditya/Downloads/572392_Andreas_AirflowETL/code/.venv/lib/python3.9/site-packages/airflow/example_dags/plugins/event_listener.py
[2026-09-18T11:27:31.553+0700] {processor.py:927} WARNING - No viable dags retrieved from /Users/andreasanditya/Downloads/572392_Andreas_AirflowETL/code/.venv/lib/python3.9/site-packages/airflow/example_dags/plugins/event_listener.py
[2026-09-18T11:27:31.641+0700] {processor.py:208} INFO - Processing /Users/andreasanditya/Downloads/572392_Andreas_AirflowETL/code/.venv/lib/python3.9/site-packages/airflow/example_dags/plugins/event_listener.py took 0.093 seconds
[2026-09-18T11:29:00.235+0700] {processor.py:186} INFO - Started process (PID=18020) to work on /Users/andreasanditya/Downloads/572392_Andreas_AirflowETL/code/.venv/lib/python3.9/site-packages/airflow/example_dags/plugins/event_listener.py
[2026-09-18T11:29:00.236+0700] {processor.py:914} INFO - Processing file /Users/andreasanditya/Downloads/572392_Andreas_AirflowETL/code/.venv/lib/python3.9/site-packages/airflow/example_dags/plugins/event_listener.py for tasks to queue
[2026-09-18T11:29:00.237+0700] {logging_mixin.py:190} INFO - [2026-09-18T11:29:00.236+0700] {dagbag.py:588} INFO - Filling up the DagBag from /Users/andreasanditya/Downloads/572392_Andreas_AirflowETL/code/.venv/lib/python3.9/site-packages/airflow/example_dags/plugins/event_listener.py
[2026-09-18T11:29:00.237+0700] {processor.py:927} WARNING - No viable dags retrieved from /Users/andreasanditya/Downloads/572392_Andreas_AirflowETL/code/.venv/lib/python3.9/site-packages/airflow/example_dags/plugins/event_listener.py
[2026-09-18T11:29:00.336+0700] {processor.py:208} INFO - Processing /Users/andreasanditya/Downloads/572392_Andreas_AirflowETL/code/.venv/lib/python3.9/site-packages/airflow/example_dags/plugins/event_listener.py took 0.103 seconds
[2026-09-18T11:30:29.708+0700] {processor.py:186} INFO - Started process (PID=18982) to work on /Users/andreasanditya/Downloads/572392_Andreas_AirflowETL/code/.venv/lib/python3.9/site-packages/airflow/example_dags/plugins/event_listener.py
[2026-09-18T11:30:29.709+0700] {processor.py:914} INFO - Processing file /Users/andreasanditya/Downloads/572392_Andreas_AirflowETL/code/.venv/lib/python3.9/site-packages/airflow/example_dags/plugins/event_listener.py for tasks to queue
[2026-09-18T11:30:29.709+0700] {logging_mixin.py:190} INFO - [2026-09-18T11:30:29.709+0700] {dagbag.py:588} INFO - Filling up the DagBag from /Users/andreasanditya/Downloads/572392_Andreas_AirflowETL/code/.venv/lib/python3.9/site-packages/airflow/example_dags/plugins/event_listener.py
[2026-09-18T11:30:29.710+0700] {processor.py:927} WARNING - No viable dags retrieved from /Users/andreasanditya/Downloads/572392_Andreas_AirflowETL/code/.venv/lib/python3.9/site-packages/airflow/example_dags/plugins/event_listener.py
[2026-09-18T11:30:29.798+0700] {processor.py:208} INFO - Processing /Users/andreasanditya/Downloads/572392_Andreas_AirflowETL/code/.venv/lib/python3.9/site-packages/airflow/example_dags/plugins/event_listener.py took 0.092 seconds
[2026-09-18T11:31:58.018+0700] {processor.py:186} INFO - Started process (PID=19899) to work on /Users/andreasanditya/Downloads/572392_Andreas_AirflowETL/code/.venv/lib/python3.9/site-packages/airflow/example_dags/plugins/event_listener.py
[2026-09-18T11:31:58.019+0700] {processor.py:914} INFO - Processing file /Users/andreasanditya/Downloads/572392_Andreas_AirflowETL/code/.venv/lib/python3.9/site-packages/airflow/example_dags/plugins/event_listener.py for tasks to queue
[2026-09-18T11:31:58.019+0700] {logging_mixin.py:190} INFO - [2026-09-18T11:31:58.019+0700] {dagbag.py:588} INFO - Filling up the DagBag from /Users/andreasanditya/Downloads/572392_Andreas_AirflowETL/code/.venv/lib/python3.9/site-packages/airflow/example_dags/plugins/event_listener.py
[2026-09-18T11:31:58.020+0700] {processor.py:927} WARNING - No viable dags retrieved from /Users/andreasanditya/Downloads/572392_Andreas_AirflowETL/code/.venv/lib/python3.9/site-packages/airflow/example_dags/plugins/event_listener.py
[2026-09-18T11:31:58.101+0700] {processor.py:208} INFO - Processing /Users/andreasanditya/Downloads/572392_Andreas_AirflowETL/code/.venv/lib/python3.9/site-packages/airflow/example_dags/plugins/event_listener.py took 0.085 seconds
[2026-09-18T11:33:25.783+0700] {processor.py:186} INFO - Started process (PID=20908) to work on /Users/andreasanditya/Downloads/572392_Andreas_AirflowETL/code/.venv/lib/python3.9/site-packages/airflow/example_dags/plugins/event_listener.py
[2026-09-18T11:33:25.784+0700] {processor.py:914} INFO - Processing file /Users/andreasanditya/Downloads/572392_Andreas_AirflowETL/code/.venv/lib/python3.9/site-packages/airflow/example_dags/plugins/event_listener.py for tasks to queue
[2026-09-18T11:33:25.785+0700] {logging_mixin.py:190} INFO - [2026-09-18T11:33:25.785+0700] {dagbag.py:588} INFO - Filling up the DagBag from /Users/andreasanditya/Downloads/572392_Andreas_AirflowETL/code/.venv/lib/python3.9/site-packages/airflow/example_dags/plugins/event_listener.py
[2026-09-18T11:33:25.786+0700] {processor.py:927} WARNING - No viable dags retrieved from /Users/andreasanditya/Downloads/572392_Andreas_AirflowETL/code/.venv/lib/python3.9/site-packages/airflow/example_dags/plugins/event_listener.py
[2026-09-18T11:33:25.874+0700] {processor.py:208} INFO - Processing /Users/andreasanditya/Downloads/572392_Andreas_AirflowETL/code/.venv/lib/python3.9/site-packages/airflow/example_dags/plugins/event_listener.py took 0.093 seconds
[2026-09-18T11:34:53.418+0700] {processor.py:186} INFO - Started process (PID=21763) to work on /Users/andreasanditya/Downloads/572392_Andreas_AirflowETL/code/.venv/lib/python3.9/site-packages/airflow/example_dags/plugins/event_listener.py
[2026-09-18T11:34:53.419+0700] {processor.py:914} INFO - Processing file /Users/andreasanditya/Downloads/572392_Andreas_AirflowETL/code/.venv/lib/python3.9/site-packages/airflow/example_dags/plugins/event_listener.py for tasks to queue
[2026-09-18T11:34:53.420+0700] {logging_mixin.py:190} INFO - [2026-09-18T11:34:53.420+0700] {dagbag.py:588} INFO - Filling up the DagBag from /Users/andreasanditya/Downloads/572392_Andreas_AirflowETL/code/.venv/lib/python3.9/site-packages/airflow/example_dags/plugins/event_listener.py
[2026-09-18T11:34:53.420+0700] {processor.py:927} WARNING - No viable dags retrieved from /Users/andreasanditya/Downloads/572392_Andreas_AirflowETL/code/.venv/lib/python3.9/site-packages/airflow/example_dags/plugins/event_listener.py
[2026-09-18T11:34:53.506+0700] {processor.py:208} INFO - Processing /Users/andreasanditya/Downloads/572392_Andreas_AirflowETL/code/.venv/lib/python3.9/site-packages/airflow/example_dags/plugins/event_listener.py took 0.090 seconds
[2026-09-18T11:36:20.538+0700] {processor.py:186} INFO - Started process (PID=22690) to work on /Users/andreasanditya/Downloads/572392_Andreas_AirflowETL/code/.venv/lib/python3.9/site-packages/airflow/example_dags/plugins/event_listener.py
[2026-09-18T11:36:20.539+0700] {processor.py:914} INFO - Processing file /Users/andreasanditya/Downloads/572392_Andreas_AirflowETL/code/.venv/lib/python3.9/site-packages/airflow/example_dags/plugins/event_listener.py for tasks to queue
[2026-09-18T11:36:20.540+0700] {logging_mixin.py:190} INFO - [2026-09-18T11:36:20.540+0700] {dagbag.py:588} INFO - Filling up the DagBag from /Users/andreasanditya/Downloads/572392_Andreas_AirflowETL/code/.venv/lib/python3.9/site-packages/airflow/example_dags/plugins/event_listener.py
[2026-09-18T11:36:20.541+0700] {processor.py:927} WARNING - No viable dags retrieved from /Users/andreasanditya/Downloads/572392_Andreas_AirflowETL/code/.venv/lib/python3.9/site-packages/airflow/example_dags/plugins/event_listener.py
[2026-09-18T11:36:20.626+0700] {processor.py:208} INFO - Processing /Users/andreasanditya/Downloads/572392_Andreas_AirflowETL/code/.venv/lib/python3.9/site-packages/airflow/example_dags/plugins/event_listener.py took 0.090 seconds
[2026-09-18T11:37:48.808+0700] {processor.py:186} INFO - Started process (PID=23627) to work on /Users/andreasanditya/Downloads/572392_Andreas_AirflowETL/code/.venv/lib/python3.9/site-packages/airflow/example_dags/plugins/event_listener.py
[2026-09-18T11:37:48.809+0700] {processor.py:914} INFO - Processing file /Users/andreasanditya/Downloads/572392_Andreas_AirflowETL/code/.venv/lib/python3.9/site-packages/airflow/example_dags/plugins/event_listener.py for tasks to queue
[2026-09-18T11:37:48.810+0700] {logging_mixin.py:190} INFO - [2026-09-18T11:37:48.810+0700] {dagbag.py:588} INFO - Filling up the DagBag from /Users/andreasanditya/Downloads/572392_Andreas_AirflowETL/code/.venv/lib/python3.9/site-packages/airflow/example_dags/plugins/event_listener.py
[2026-09-18T11:37:48.811+0700] {processor.py:927} WARNING - No viable dags retrieved from /Users/andreasanditya/Downloads/572392_Andreas_AirflowETL/code/.venv/lib/python3.9/site-packages/airflow/example_dags/plugins/event_listener.py
[2026-09-18T11:37:48.893+0700] {processor.py:208} INFO - Processing /Users/andreasanditya/Downloads/572392_Andreas_AirflowETL/code/.venv/lib/python3.9/site-packages/airflow/example_dags/plugins/event_listener.py took 0.086 seconds
[2026-09-18T11:39:15.784+0700] {processor.py:186} INFO - Started process (PID=24537) to work on /Users/andreasanditya/Downloads/572392_Andreas_AirflowETL/code/.venv/lib/python3.9/site-packages/airflow/example_dags/plugins/event_listener.py
[2026-09-18T11:39:15.785+0700] {processor.py:914} INFO - Processing file /Users/andreasanditya/Downloads/572392_Andreas_AirflowETL/code/.venv/lib/python3.9/site-packages/airflow/example_dags/plugins/event_listener.py for tasks to queue
[2026-09-18T11:39:15.785+0700] {logging_mixin.py:190} INFO - [2026-09-18T11:39:15.785+0700] {dagbag.py:588} INFO - Filling up the DagBag from /Users/andreasanditya/Downloads/572392_Andreas_AirflowETL/code/.venv/lib/python3.9/site-packages/airflow/example_dags/plugins/event_listener.py
[2026-09-18T11:39:15.786+0700] {processor.py:927} WARNING - No viable dags retrieved from /Users/andreasanditya/Downloads/572392_Andreas_AirflowETL/code/.venv/lib/python3.9/site-packages/airflow/example_dags/plugins/event_listener.py
[2026-09-18T11:39:15.867+0700] {processor.py:208} INFO - Processing /Users/andreasanditya/Downloads/572392_Andreas_AirflowETL/code/.venv/lib/python3.9/site-packages/airflow/example_dags/plugins/event_listener.py took 0.086 seconds
[2026-09-18T11:40:44.420+0700] {processor.py:186} INFO - Started process (PID=25464) to work on /Users/andreasanditya/Downloads/572392_Andreas_AirflowETL/code/.venv/lib/python3.9/site-packages/airflow/example_dags/plugins/event_listener.py
[2026-09-18T11:40:44.421+0700] {processor.py:914} INFO - Processing file /Users/andreasanditya/Downloads/572392_Andreas_AirflowETL/code/.venv/lib/python3.9/site-packages/airflow/example_dags/plugins/event_listener.py for tasks to queue
[2026-09-18T11:40:44.421+0700] {logging_mixin.py:190} INFO - [2026-09-18T11:40:44.421+0700] {dagbag.py:588} INFO - Filling up the DagBag from /Users/andreasanditya/Downloads/572392_Andreas_AirflowETL/code/.venv/lib/python3.9/site-packages/airflow/example_dags/plugins/event_listener.py
[2026-09-18T11:40:44.422+0700] {processor.py:927} WARNING - No viable dags retrieved from /Users/andreasanditya/Downloads/572392_Andreas_AirflowETL/code/.venv/lib/python3.9/site-packages/airflow/example_dags/plugins/event_listener.py
[2026-09-18T11:40:44.506+0700] {processor.py:208} INFO - Processing /Users/andreasanditya/Downloads/572392_Andreas_AirflowETL/code/.venv/lib/python3.9/site-packages/airflow/example_dags/plugins/event_listener.py took 0.088 seconds
[2026-09-18T11:42:15.022+0700] {processor.py:186} INFO - Started process (PID=26421) to work on /Users/andreasanditya/Downloads/572392_Andreas_AirflowETL/code/.venv/lib/python3.9/site-packages/airflow/example_dags/plugins/event_listener.py
[2026-09-18T11:42:15.022+0700] {processor.py:914} INFO - Processing file /Users/andreasanditya/Downloads/572392_Andreas_AirflowETL/code/.venv/lib/python3.9/site-packages/airflow/example_dags/plugins/event_listener.py for tasks to queue
[2026-09-18T11:42:15.023+0700] {logging_mixin.py:190} INFO - [2026-09-18T11:42:15.023+0700] {dagbag.py:588} INFO - Filling up the DagBag from /Users/andreasanditya/Downloads/572392_Andreas_AirflowETL/code/.venv/lib/python3.9/site-packages/airflow/example_dags/plugins/event_listener.py
[2026-09-18T11:42:15.024+0700] {processor.py:927} WARNING - No viable dags retrieved from /Users/andreasanditya/Downloads/572392_Andreas_AirflowETL/code/.venv/lib/python3.9/site-packages/airflow/example_dags/plugins/event_listener.py
[2026-09-18T11:42:15.106+0700] {processor.py:208} INFO - Processing /Users/andreasanditya/Downloads/572392_Andreas_AirflowETL/code/.venv/lib/python3.9/site-packages/airflow/example_dags/plugins/event_listener.py took 0.086 seconds
[2026-09-18T11:43:42.105+0700] {processor.py:186} INFO - Started process (PID=27253) to work on /Users/andreasanditya/Downloads/572392_Andreas_AirflowETL/code/.venv/lib/python3.9/site-packages/airflow/example_dags/plugins/event_listener.py
[2026-09-18T11:43:42.106+0700] {processor.py:914} INFO - Processing file /Users/andreasanditya/Downloads/572392_Andreas_AirflowETL/code/.venv/lib/python3.9/site-packages/airflow/example_dags/plugins/event_listener.py for tasks to queue
[2026-09-18T11:43:42.106+0700] {logging_mixin.py:190} INFO - [2026-09-18T11:43:42.106+0700] {dagbag.py:588} INFO - Filling up the DagBag from /Users/andreasanditya/Downloads/572392_Andreas_AirflowETL/code/.venv/lib/python3.9/site-packages/airflow/example_dags/plugins/event_listener.py
[2026-09-18T11:43:42.107+0700] {processor.py:927} WARNING - No viable dags retrieved from /Users/andreasanditya/Downloads/572392_Andreas_AirflowETL/code/.venv/lib/python3.9/site-packages/airflow/example_dags/plugins/event_listener.py
[2026-09-18T11:43:42.188+0700] {processor.py:208} INFO - Processing /Users/andreasanditya/Downloads/572392_Andreas_AirflowETL/code/.venv/lib/python3.9/site-packages/airflow/example_dags/plugins/event_listener.py took 0.085 seconds
[2026-09-18T11:45:09.944+0700] {processor.py:186} INFO - Started process (PID=28155) to work on /Users/andreasanditya/Downloads/572392_Andreas_AirflowETL/code/.venv/lib/python3.9/site-packages/airflow/example_dags/plugins/event_listener.py
[2026-09-18T11:45:09.945+0700] {processor.py:914} INFO - Processing file /Users/andreasanditya/Downloads/572392_Andreas_AirflowETL/code/.venv/lib/python3.9/site-packages/airflow/example_dags/plugins/event_listener.py for tasks to queue
[2026-09-18T11:45:09.946+0700] {logging_mixin.py:190} INFO - [2026-09-18T11:45:09.945+0700] {dagbag.py:588} INFO - Filling up the DagBag from /Users/andreasanditya/Downloads/572392_Andreas_AirflowETL/code/.venv/lib/python3.9/site-packages/airflow/example_dags/plugins/event_listener.py
[2026-09-18T11:45:09.946+0700] {processor.py:927} WARNING - No viable dags retrieved from /Users/andreasanditya/Downloads/572392_Andreas_AirflowETL/code/.venv/lib/python3.9/site-packages/airflow/example_dags/plugins/event_listener.py
[2026-09-18T11:45:10.027+0700] {processor.py:208} INFO - Processing /Users/andreasanditya/Downloads/572392_Andreas_AirflowETL/code/.venv/lib/python3.9/site-packages/airflow/example_dags/plugins/event_listener.py took 0.085 seconds
[2026-09-18T11:46:35.606+0700] {processor.py:186} INFO - Started process (PID=28961) to work on /Users/andreasanditya/Downloads/572392_Andreas_AirflowETL/code/.venv/lib/python3.9/site-packages/airflow/example_dags/plugins/event_listener.py
[2026-09-18T11:46:35.607+0700] {processor.py:914} INFO - Processing file /Users/andreasanditya/Downloads/572392_Andreas_AirflowETL/code/.venv/lib/python3.9/site-packages/airflow/example_dags/plugins/event_listener.py for tasks to queue
[2026-09-18T11:46:35.607+0700] {logging_mixin.py:190} INFO - [2026-09-18T11:46:35.607+0700] {dagbag.py:588} INFO - Filling up the DagBag from /Users/andreasanditya/Downloads/572392_Andreas_AirflowETL/code/.venv/lib/python3.9/site-packages/airflow/example_dags/plugins/event_listener.py
[2026-09-18T11:46:35.608+0700] {processor.py:927} WARNING - No viable dags retrieved from /Users/andreasanditya/Downloads/572392_Andreas_AirflowETL/code/.venv/lib/python3.9/site-packages/airflow/example_dags/plugins/event_listener.py
[2026-09-18T11:46:35.690+0700] {processor.py:208} INFO - Processing /Users/andreasanditya/Downloads/572392_Andreas_AirflowETL/code/.venv/lib/python3.9/site-packages/airflow/example_dags/plugins/event_listener.py took 0.087 seconds
[2026-09-18T11:48:02.574+0700] {processor.py:186} INFO - Started process (PID=29874) to work on /Users/andreasanditya/Downloads/572392_Andreas_AirflowETL/code/.venv/lib/python3.9/site-packages/airflow/example_dags/plugins/event_listener.py
[2026-09-18T11:48:02.575+0700] {processor.py:914} INFO - Processing file /Users/andreasanditya/Downloads/572392_Andreas_AirflowETL/code/.venv/lib/python3.9/site-packages/airflow/example_dags/plugins/event_listener.py for tasks to queue
[2026-09-18T11:48:02.576+0700] {logging_mixin.py:190} INFO - [2026-09-18T11:48:02.576+0700] {dagbag.py:588} INFO - Filling up the DagBag from /Users/andreasanditya/Downloads/572392_Andreas_AirflowETL/code/.venv/lib/python3.9/site-packages/airflow/example_dags/plugins/event_listener.py
[2026-09-18T11:48:02.577+0700] {processor.py:927} WARNING - No viable dags retrieved from /Users/andreasanditya/Downloads/572392_Andreas_AirflowETL/code/.venv/lib/python3.9/site-packages/airflow/example_dags/plugins/event_listener.py
[2026-09-18T11:48:02.660+0700] {processor.py:208} INFO - Processing /Users/andreasanditya/Downloads/572392_Andreas_AirflowETL/code/.venv/lib/python3.9/site-packages/airflow/example_dags/plugins/event_listener.py took 0.087 seconds
[2026-09-18T11:49:29.241+0700] {processor.py:186} INFO - Started process (PID=30800) to work on /Users/andreasanditya/Downloads/572392_Andreas_AirflowETL/code/.venv/lib/python3.9/site-packages/airflow/example_dags/plugins/event_listener.py
[2026-09-18T11:49:29.242+0700] {processor.py:914} INFO - Processing file /Users/andreasanditya/Downloads/572392_Andreas_AirflowETL/code/.venv/lib/python3.9/site-packages/airflow/example_dags/plugins/event_listener.py for tasks to queue
[2026-09-18T11:49:29.243+0700] {logging_mixin.py:190} INFO - [2026-09-18T11:49:29.243+0700] {dagbag.py:588} INFO - Filling up the DagBag from /Users/andreasanditya/Downloads/572392_Andreas_AirflowETL/code/.venv/lib/python3.9/site-packages/airflow/example_dags/plugins/event_listener.py
[2026-09-18T11:49:29.243+0700] {processor.py:927} WARNING - No viable dags retrieved from /Users/andreasanditya/Downloads/572392_Andreas_AirflowETL/code/.venv/lib/python3.9/site-packages/airflow/example_dags/plugins/event_listener.py
[2026-09-18T11:49:29.325+0700] {processor.py:208} INFO - Processing /Users/andreasanditya/Downloads/572392_Andreas_AirflowETL/code/.venv/lib/python3.9/site-packages/airflow/example_dags/plugins/event_listener.py took 0.086 seconds
[2026-09-18T11:50:55.726+0700] {processor.py:186} INFO - Started process (PID=31629) to work on /Users/andreasanditya/Downloads/572392_Andreas_AirflowETL/code/.venv/lib/python3.9/site-packages/airflow/example_dags/plugins/event_listener.py
[2026-09-18T11:50:55.727+0700] {processor.py:914} INFO - Processing file /Users/andreasanditya/Downloads/572392_Andreas_AirflowETL/code/.venv/lib/python3.9/site-packages/airflow/example_dags/plugins/event_listener.py for tasks to queue
[2026-09-18T11:50:55.727+0700] {logging_mixin.py:190} INFO - [2026-09-18T11:50:55.727+0700] {dagbag.py:588} INFO - Filling up the DagBag from /Users/andreasanditya/Downloads/572392_Andreas_AirflowETL/code/.venv/lib/python3.9/site-packages/airflow/example_dags/plugins/event_listener.py
[2026-09-18T11:50:55.728+0700] {processor.py:927} WARNING - No viable dags retrieved from /Users/andreasanditya/Downloads/572392_Andreas_AirflowETL/code/.venv/lib/python3.9/site-packages/airflow/example_dags/plugins/event_listener.py
[2026-09-18T11:50:55.810+0700] {processor.py:208} INFO - Processing /Users/andreasanditya/Downloads/572392_Andreas_AirflowETL/code/.venv/lib/python3.9/site-packages/airflow/example_dags/plugins/event_listener.py took 0.086 seconds
[2026-09-18T11:52:20.585+0700] {processor.py:186} INFO - Started process (PID=32517) to work on /Users/andreasanditya/Downloads/572392_Andreas_AirflowETL/code/.venv/lib/python3.9/site-packages/airflow/example_dags/plugins/event_listener.py
[2026-09-18T11:52:20.586+0700] {processor.py:914} INFO - Processing file /Users/andreasanditya/Downloads/572392_Andreas_AirflowETL/code/.venv/lib/python3.9/site-packages/airflow/example_dags/plugins/event_listener.py for tasks to queue
[2026-09-18T11:52:20.587+0700] {logging_mixin.py:190} INFO - [2026-09-18T11:52:20.587+0700] {dagbag.py:588} INFO - Filling up the DagBag from /Users/andreasanditya/Downloads/572392_Andreas_AirflowETL/code/.venv/lib/python3.9/site-packages/airflow/example_dags/plugins/event_listener.py
[2026-09-18T11:52:20.588+0700] {processor.py:927} WARNING - No viable dags retrieved from /Users/andreasanditya/Downloads/572392_Andreas_AirflowETL/code/.venv/lib/python3.9/site-packages/airflow/example_dags/plugins/event_listener.py
[2026-09-18T11:52:20.671+0700] {processor.py:208} INFO - Processing /Users/andreasanditya/Downloads/572392_Andreas_AirflowETL/code/.venv/lib/python3.9/site-packages/airflow/example_dags/plugins/event_listener.py took 0.088 seconds
[2026-09-18T11:53:47.145+0700] {processor.py:186} INFO - Started process (PID=33341) to work on /Users/andreasanditya/Downloads/572392_Andreas_AirflowETL/code/.venv/lib/python3.9/site-packages/airflow/example_dags/plugins/event_listener.py
[2026-09-18T11:53:47.146+0700] {processor.py:914} INFO - Processing file /Users/andreasanditya/Downloads/572392_Andreas_AirflowETL/code/.venv/lib/python3.9/site-packages/airflow/example_dags/plugins/event_listener.py for tasks to queue
[2026-09-18T11:53:47.147+0700] {logging_mixin.py:190} INFO - [2026-09-18T11:53:47.146+0700] {dagbag.py:588} INFO - Filling up the DagBag from /Users/andreasanditya/Downloads/572392_Andreas_AirflowETL/code/.venv/lib/python3.9/site-packages/airflow/example_dags/plugins/event_listener.py
[2026-09-18T11:53:47.147+0700] {processor.py:927} WARNING - No viable dags retrieved from /Users/andreasanditya/Downloads/572392_Andreas_AirflowETL/code/.venv/lib/python3.9/site-packages/airflow/example_dags/plugins/event_listener.py
[2026-09-18T11:53:47.229+0700] {processor.py:208} INFO - Processing /Users/andreasanditya/Downloads/572392_Andreas_AirflowETL/code/.venv/lib/python3.9/site-packages/airflow/example_dags/plugins/event_listener.py took 0.086 seconds
[2026-09-18T11:55:14.774+0700] {processor.py:186} INFO - Started process (PID=34266) to work on /Users/andreasanditya/Downloads/572392_Andreas_AirflowETL/code/.venv/lib/python3.9/site-packages/airflow/example_dags/plugins/event_listener.py
[2026-09-18T11:55:14.775+0700] {processor.py:914} INFO - Processing file /Users/andreasanditya/Downloads/572392_Andreas_AirflowETL/code/.venv/lib/python3.9/site-packages/airflow/example_dags/plugins/event_listener.py for tasks to queue
[2026-09-18T11:55:14.776+0700] {logging_mixin.py:190} INFO - [2026-09-18T11:55:14.776+0700] {dagbag.py:588} INFO - Filling up the DagBag from /Users/andreasanditya/Downloads/572392_Andreas_AirflowETL/code/.venv/lib/python3.9/site-packages/airflow/example_dags/plugins/event_listener.py
[2026-09-18T11:55:14.776+0700] {processor.py:927} WARNING - No viable dags retrieved from /Users/andreasanditya/Downloads/572392_Andreas_AirflowETL/code/.venv/lib/python3.9/site-packages/airflow/example_dags/plugins/event_listener.py
[2026-09-18T11:55:14.859+0700] {processor.py:208} INFO - Processing /Users/andreasanditya/Downloads/572392_Andreas_AirflowETL/code/.venv/lib/python3.9/site-packages/airflow/example_dags/plugins/event_listener.py took 0.088 seconds
[2026-09-18T11:56:41.903+0700] {processor.py:186} INFO - Started process (PID=35101) to work on /Users/andreasanditya/Downloads/572392_Andreas_AirflowETL/code/.venv/lib/python3.9/site-packages/airflow/example_dags/plugins/event_listener.py
[2026-09-18T11:56:41.904+0700] {processor.py:914} INFO - Processing file /Users/andreasanditya/Downloads/572392_Andreas_AirflowETL/code/.venv/lib/python3.9/site-packages/airflow/example_dags/plugins/event_listener.py for tasks to queue
[2026-09-18T11:56:41.904+0700] {logging_mixin.py:190} INFO - [2026-09-18T11:56:41.904+0700] {dagbag.py:588} INFO - Filling up the DagBag from /Users/andreasanditya/Downloads/572392_Andreas_AirflowETL/code/.venv/lib/python3.9/site-packages/airflow/example_dags/plugins/event_listener.py
[2026-09-18T11:56:41.905+0700] {processor.py:927} WARNING - No viable dags retrieved from /Users/andreasanditya/Downloads/572392_Andreas_AirflowETL/code/.venv/lib/python3.9/site-packages/airflow/example_dags/plugins/event_listener.py
[2026-09-18T11:56:41.987+0700] {processor.py:208} INFO - Processing /Users/andreasanditya/Downloads/572392_Andreas_AirflowETL/code/.venv/lib/python3.9/site-packages/airflow/example_dags/plugins/event_listener.py took 0.086 seconds
[2026-09-18T11:58:09.161+0700] {processor.py:186} INFO - Started process (PID=35999) to work on /Users/andreasanditya/Downloads/572392_Andreas_AirflowETL/code/.venv/lib/python3.9/site-packages/airflow/example_dags/plugins/event_listener.py
[2026-09-18T11:58:09.162+0700] {processor.py:914} INFO - Processing file /Users/andreasanditya/Downloads/572392_Andreas_AirflowETL/code/.venv/lib/python3.9/site-packages/airflow/example_dags/plugins/event_listener.py for tasks to queue
[2026-09-18T11:58:09.162+0700] {logging_mixin.py:190} INFO - [2026-09-18T11:58:09.162+0700] {dagbag.py:588} INFO - Filling up the DagBag from /Users/andreasanditya/Downloads/572392_Andreas_AirflowETL/code/.venv/lib/python3.9/site-packages/airflow/example_dags/plugins/event_listener.py
[2026-09-18T11:58:09.163+0700] {processor.py:927} WARNING - No viable dags retrieved from /Users/andreasanditya/Downloads/572392_Andreas_AirflowETL/code/.venv/lib/python3.9/site-packages/airflow/example_dags/plugins/event_listener.py
[2026-09-18T11:58:09.244+0700] {processor.py:208} INFO - Processing /Users/andreasanditya/Downloads/572392_Andreas_AirflowETL/code/.venv/lib/python3.9/site-packages/airflow/example_dags/plugins/event_listener.py took 0.085 seconds
[2026-09-18T11:59:33.207+0700] {processor.py:186} INFO - Started process (PID=36820) to work on /Users/andreasanditya/Downloads/572392_Andreas_AirflowETL/code/.venv/lib/python3.9/site-packages/airflow/example_dags/plugins/event_listener.py
[2026-09-18T11:59:33.208+0700] {processor.py:914} INFO - Processing file /Users/andreasanditya/Downloads/572392_Andreas_AirflowETL/code/.venv/lib/python3.9/site-packages/airflow/example_dags/plugins/event_listener.py for tasks to queue
[2026-09-18T11:59:33.209+0700] {logging_mixin.py:190} INFO - [2026-09-18T11:59:33.209+0700] {dagbag.py:588} INFO - Filling up the DagBag from /Users/andreasanditya/Downloads/572392_Andreas_AirflowETL/code/.venv/lib/python3.9/site-packages/airflow/example_dags/plugins/event_listener.py
[2026-09-18T11:59:33.210+0700] {processor.py:927} WARNING - No viable dags retrieved from /Users/andreasanditya/Downloads/572392_Andreas_AirflowETL/code/.venv/lib/python3.9/site-packages/airflow/example_dags/plugins/event_listener.py
[2026-09-18T11:59:33.292+0700] {processor.py:208} INFO - Processing /Users/andreasanditya/Downloads/572392_Andreas_AirflowETL/code/.venv/lib/python3.9/site-packages/airflow/example_dags/plugins/event_listener.py took 0.086 seconds
[2026-09-18T12:01:00.223+0700] {processor.py:186} INFO - Started process (PID=37741) to work on /Users/andreasanditya/Downloads/572392_Andreas_AirflowETL/code/.venv/lib/python3.9/site-packages/airflow/example_dags/plugins/event_listener.py
[2026-09-18T12:01:00.224+0700] {processor.py:914} INFO - Processing file /Users/andreasanditya/Downloads/572392_Andreas_AirflowETL/code/.venv/lib/python3.9/site-packages/airflow/example_dags/plugins/event_listener.py for tasks to queue
[2026-09-18T12:01:00.225+0700] {logging_mixin.py:190} INFO - [2026-09-18T12:01:00.225+0700] {dagbag.py:588} INFO - Filling up the DagBag from /Users/andreasanditya/Downloads/572392_Andreas_AirflowETL/code/.venv/lib/python3.9/site-packages/airflow/example_dags/plugins/event_listener.py
[2026-09-18T12:01:00.225+0700] {processor.py:927} WARNING - No viable dags retrieved from /Users/andreasanditya/Downloads/572392_Andreas_AirflowETL/code/.venv/lib/python3.9/site-packages/airflow/example_dags/plugins/event_listener.py
[2026-09-18T12:01:00.306+0700] {processor.py:208} INFO - Processing /Users/andreasanditya/Downloads/572392_Andreas_AirflowETL/code/.venv/lib/python3.9/site-packages/airflow/example_dags/plugins/event_listener.py took 0.085 seconds
[2026-09-18T12:02:27.470+0700] {processor.py:186} INFO - Started process (PID=38565) to work on /Users/andreasanditya/Downloads/572392_Andreas_AirflowETL/code/.venv/lib/python3.9/site-packages/airflow/example_dags/plugins/event_listener.py
[2026-09-18T12:02:27.471+0700] {processor.py:914} INFO - Processing file /Users/andreasanditya/Downloads/572392_Andreas_AirflowETL/code/.venv/lib/python3.9/site-packages/airflow/example_dags/plugins/event_listener.py for tasks to queue
[2026-09-18T12:02:27.471+0700] {logging_mixin.py:190} INFO - [2026-09-18T12:02:27.471+0700] {dagbag.py:588} INFO - Filling up the DagBag from /Users/andreasanditya/Downloads/572392_Andreas_AirflowETL/code/.venv/lib/python3.9/site-packages/airflow/example_dags/plugins/event_listener.py
[2026-09-18T12:02:27.472+0700] {processor.py:927} WARNING - No viable dags retrieved from /Users/andreasanditya/Downloads/572392_Andreas_AirflowETL/code/.venv/lib/python3.9/site-packages/airflow/example_dags/plugins/event_listener.py
[2026-09-18T12:02:27.554+0700] {processor.py:208} INFO - Processing /Users/andreasanditya/Downloads/572392_Andreas_AirflowETL/code/.venv/lib/python3.9/site-packages/airflow/example_dags/plugins/event_listener.py took 0.086 seconds
[2026-09-18T12:03:54.046+0700] {processor.py:186} INFO - Started process (PID=39487) to work on /Users/andreasanditya/Downloads/572392_Andreas_AirflowETL/code/.venv/lib/python3.9/site-packages/airflow/example_dags/plugins/event_listener.py
[2026-09-18T12:03:54.047+0700] {processor.py:914} INFO - Processing file /Users/andreasanditya/Downloads/572392_Andreas_AirflowETL/code/.venv/lib/python3.9/site-packages/airflow/example_dags/plugins/event_listener.py for tasks to queue
[2026-09-18T12:03:54.047+0700] {logging_mixin.py:190} INFO - [2026-09-18T12:03:54.047+0700] {dagbag.py:588} INFO - Filling up the DagBag from /Users/andreasanditya/Downloads/572392_Andreas_AirflowETL/code/.venv/lib/python3.9/site-packages/airflow/example_dags/plugins/event_listener.py
[2026-09-18T12:03:54.048+0700] {processor.py:927} WARNING - No viable dags retrieved from /Users/andreasanditya/Downloads/572392_Andreas_AirflowETL/code/.venv/lib/python3.9/site-packages/airflow/example_dags/plugins/event_listener.py
[2026-09-18T12:03:54.131+0700] {processor.py:208} INFO - Processing /Users/andreasanditya/Downloads/572392_Andreas_AirflowETL/code/.venv/lib/python3.9/site-packages/airflow/example_dags/plugins/event_listener.py took 0.087 seconds
[2026-09-18T12:05:20.591+0700] {processor.py:186} INFO - Started process (PID=40359) to work on /Users/andreasanditya/Downloads/572392_Andreas_AirflowETL/code/.venv/lib/python3.9/site-packages/airflow/example_dags/plugins/event_listener.py
[2026-09-18T12:05:20.592+0700] {processor.py:914} INFO - Processing file /Users/andreasanditya/Downloads/572392_Andreas_AirflowETL/code/.venv/lib/python3.9/site-packages/airflow/example_dags/plugins/event_listener.py for tasks to queue
[2026-09-18T12:05:20.593+0700] {logging_mixin.py:190} INFO - [2026-09-18T12:05:20.593+0700] {dagbag.py:588} INFO - Filling up the DagBag from /Users/andreasanditya/Downloads/572392_Andreas_AirflowETL/code/.venv/lib/python3.9/site-packages/airflow/example_dags/plugins/event_listener.py
[2026-09-18T12:05:20.594+0700] {processor.py:927} WARNING - No viable dags retrieved from /Users/andreasanditya/Downloads/572392_Andreas_AirflowETL/code/.venv/lib/python3.9/site-packages/airflow/example_dags/plugins/event_listener.py
[2026-09-18T12:05:20.676+0700] {processor.py:208} INFO - Processing /Users/andreasanditya/Downloads/572392_Andreas_AirflowETL/code/.venv/lib/python3.9/site-packages/airflow/example_dags/plugins/event_listener.py took 0.087 seconds
[2026-09-18T12:06:47.883+0700] {processor.py:186} INFO - Started process (PID=41231) to work on /Users/andreasanditya/Downloads/572392_Andreas_AirflowETL/code/.venv/lib/python3.9/site-packages/airflow/example_dags/plugins/event_listener.py
[2026-09-18T12:06:47.884+0700] {processor.py:914} INFO - Processing file /Users/andreasanditya/Downloads/572392_Andreas_AirflowETL/code/.venv/lib/python3.9/site-packages/airflow/example_dags/plugins/event_listener.py for tasks to queue
[2026-09-18T12:06:47.885+0700] {logging_mixin.py:190} INFO - [2026-09-18T12:06:47.885+0700] {dagbag.py:588} INFO - Filling up the DagBag from /Users/andreasanditya/Downloads/572392_Andreas_AirflowETL/code/.venv/lib/python3.9/site-packages/airflow/example_dags/plugins/event_listener.py
[2026-09-18T12:06:47.886+0700] {processor.py:927} WARNING - No viable dags retrieved from /Users/andreasanditya/Downloads/572392_Andreas_AirflowETL/code/.venv/lib/python3.9/site-packages/airflow/example_dags/plugins/event_listener.py
[2026-09-18T12:06:47.969+0700] {processor.py:208} INFO - Processing /Users/andreasanditya/Downloads/572392_Andreas_AirflowETL/code/.venv/lib/python3.9/site-packages/airflow/example_dags/plugins/event_listener.py took 0.088 seconds
[2026-09-18T12:08:16.423+0700] {processor.py:186} INFO - Started process (PID=42141) to work on /Users/andreasanditya/Downloads/572392_Andreas_AirflowETL/code/.venv/lib/python3.9/site-packages/airflow/example_dags/plugins/event_listener.py
[2026-09-18T12:08:16.424+0700] {processor.py:914} INFO - Processing file /Users/andreasanditya/Downloads/572392_Andreas_AirflowETL/code/.venv/lib/python3.9/site-packages/airflow/example_dags/plugins/event_listener.py for tasks to queue
[2026-09-18T12:08:16.425+0700] {logging_mixin.py:190} INFO - [2026-09-18T12:08:16.425+0700] {dagbag.py:588} INFO - Filling up the DagBag from /Users/andreasanditya/Downloads/572392_Andreas_AirflowETL/code/.venv/lib/python3.9/site-packages/airflow/example_dags/plugins/event_listener.py
[2026-09-18T12:08:16.425+0700] {processor.py:927} WARNING - No viable dags retrieved from /Users/andreasanditya/Downloads/572392_Andreas_AirflowETL/code/.venv/lib/python3.9/site-packages/airflow/example_dags/plugins/event_listener.py
[2026-09-18T12:08:16.510+0700] {processor.py:208} INFO - Processing /Users/andreasanditya/Downloads/572392_Andreas_AirflowETL/code/.venv/lib/python3.9/site-packages/airflow/example_dags/plugins/event_listener.py took 0.090 seconds
[2026-09-18T12:09:43.243+0700] {processor.py:186} INFO - Started process (PID=42979) to work on /Users/andreasanditya/Downloads/572392_Andreas_AirflowETL/code/.venv/lib/python3.9/site-packages/airflow/example_dags/plugins/event_listener.py
[2026-09-18T12:09:43.244+0700] {processor.py:914} INFO - Processing file /Users/andreasanditya/Downloads/572392_Andreas_AirflowETL/code/.venv/lib/python3.9/site-packages/airflow/example_dags/plugins/event_listener.py for tasks to queue
[2026-09-18T12:09:43.244+0700] {logging_mixin.py:190} INFO - [2026-09-18T12:09:43.244+0700] {dagbag.py:588} INFO - Filling up the DagBag from /Users/andreasanditya/Downloads/572392_Andreas_AirflowETL/code/.venv/lib/python3.9/site-packages/airflow/example_dags/plugins/event_listener.py
[2026-09-18T12:09:43.245+0700] {processor.py:927} WARNING - No viable dags retrieved from /Users/andreasanditya/Downloads/572392_Andreas_AirflowETL/code/.venv/lib/python3.9/site-packages/airflow/example_dags/plugins/event_listener.py
[2026-09-18T12:09:43.329+0700] {processor.py:208} INFO - Processing /Users/andreasanditya/Downloads/572392_Andreas_AirflowETL/code/.venv/lib/python3.9/site-packages/airflow/example_dags/plugins/event_listener.py took 0.089 seconds
[2026-09-18T12:11:08.954+0700] {processor.py:186} INFO - Started process (PID=43868) to work on /Users/andreasanditya/Downloads/572392_Andreas_AirflowETL/code/.venv/lib/python3.9/site-packages/airflow/example_dags/plugins/event_listener.py
[2026-09-18T12:11:08.955+0700] {processor.py:914} INFO - Processing file /Users/andreasanditya/Downloads/572392_Andreas_AirflowETL/code/.venv/lib/python3.9/site-packages/airflow/example_dags/plugins/event_listener.py for tasks to queue
[2026-09-18T12:11:08.956+0700] {logging_mixin.py:190} INFO - [2026-09-18T12:11:08.956+0700] {dagbag.py:588} INFO - Filling up the DagBag from /Users/andreasanditya/Downloads/572392_Andreas_AirflowETL/code/.venv/lib/python3.9/site-packages/airflow/example_dags/plugins/event_listener.py
[2026-09-18T12:11:08.957+0700] {processor.py:927} WARNING - No viable dags retrieved from /Users/andreasanditya/Downloads/572392_Andreas_AirflowETL/code/.venv/lib/python3.9/site-packages/airflow/example_dags/plugins/event_listener.py
[2026-09-18T12:11:09.042+0700] {processor.py:208} INFO - Processing /Users/andreasanditya/Downloads/572392_Andreas_AirflowETL/code/.venv/lib/python3.9/site-packages/airflow/example_dags/plugins/event_listener.py took 0.090 seconds
[2026-09-18T12:12:38.917+0700] {processor.py:186} INFO - Started process (PID=44785) to work on /Users/andreasanditya/Downloads/572392_Andreas_AirflowETL/code/.venv/lib/python3.9/site-packages/airflow/example_dags/plugins/event_listener.py
[2026-09-18T12:12:38.918+0700] {processor.py:914} INFO - Processing file /Users/andreasanditya/Downloads/572392_Andreas_AirflowETL/code/.venv/lib/python3.9/site-packages/airflow/example_dags/plugins/event_listener.py for tasks to queue
[2026-09-18T12:12:38.919+0700] {logging_mixin.py:190} INFO - [2026-09-18T12:12:38.919+0700] {dagbag.py:588} INFO - Filling up the DagBag from /Users/andreasanditya/Downloads/572392_Andreas_AirflowETL/code/.venv/lib/python3.9/site-packages/airflow/example_dags/plugins/event_listener.py
[2026-09-18T12:12:38.920+0700] {processor.py:927} WARNING - No viable dags retrieved from /Users/andreasanditya/Downloads/572392_Andreas_AirflowETL/code/.venv/lib/python3.9/site-packages/airflow/example_dags/plugins/event_listener.py
[2026-09-18T12:12:39.010+0700] {processor.py:208} INFO - Processing /Users/andreasanditya/Downloads/572392_Andreas_AirflowETL/code/.venv/lib/python3.9/site-packages/airflow/example_dags/plugins/event_listener.py took 0.095 seconds
[2026-09-18T12:14:07.801+0700] {processor.py:186} INFO - Started process (PID=46477) to work on /Users/andreasanditya/Downloads/572392_Andreas_AirflowETL/code/.venv/lib/python3.9/site-packages/airflow/example_dags/plugins/event_listener.py
[2026-09-18T12:14:07.805+0700] {processor.py:914} INFO - Processing file /Users/andreasanditya/Downloads/572392_Andreas_AirflowETL/code/.venv/lib/python3.9/site-packages/airflow/example_dags/plugins/event_listener.py for tasks to queue
[2026-09-18T12:14:07.805+0700] {logging_mixin.py:190} INFO - [2026-09-18T12:14:07.805+0700] {dagbag.py:588} INFO - Filling up the DagBag from /Users/andreasanditya/Downloads/572392_Andreas_AirflowETL/code/.venv/lib/python3.9/site-packages/airflow/example_dags/plugins/event_listener.py
[2026-09-18T12:14:07.806+0700] {processor.py:927} WARNING - No viable dags retrieved from /Users/andreasanditya/Downloads/572392_Andreas_AirflowETL/code/.venv/lib/python3.9/site-packages/airflow/example_dags/plugins/event_listener.py
[2026-09-18T12:14:07.892+0700] {processor.py:208} INFO - Processing /Users/andreasanditya/Downloads/572392_Andreas_AirflowETL/code/.venv/lib/python3.9/site-packages/airflow/example_dags/plugins/event_listener.py took 0.094 seconds
