[2026-09-18T11:18:34.334+0700] {local_task_job_runner.py:123} INFO - ::group::Pre task execution logs
[2026-09-18T11:18:34.340+0700] {taskinstance.py:2614} INFO - Dependencies all met for dep_context=non-requeueable deps ti=<TaskInstance: etl_sederhana_572392.extract_data manual__2026-09-18T04:17:14+00:00 [queued]>
[2026-09-18T11:18:34.344+0700] {taskinstance.py:2614} INFO - Dependencies all met for dep_context=requeueable deps ti=<TaskInstance: etl_sederhana_572392.extract_data manual__2026-09-18T04:17:14+00:00 [queued]>
[2026-09-18T11:18:34.344+0700] {taskinstance.py:2867} INFO - Starting attempt 1 of 2
[2026-09-18T11:18:34.351+0700] {taskinstance.py:2890} INFO - Executing <Task(PythonOperator): extract_data> on 2026-09-18 04:17:14+00:00
[2026-09-18T11:18:34.362+0700] {standard_task_runner.py:72} INFO - Started process 11409 to run task
[2026-09-18T11:18:34.366+0700] {standard_task_runner.py:104} INFO - Running: ['airflow', 'tasks', 'run', 'etl_sederhana_572392', 'extract_data', 'manual__2026-09-18T04:17:14+00:00', '--job-id', '4', '--raw', '--subdir', 'DAGS_FOLDER/etl_sederhana_572392.py', '--cfg-path', '/var/folders/xk/3zm4vwbd7nldz9xz371vw8x40000gn/T/tmpnuzt1b0a']
[2026-09-18T11:18:34.368+0700] {standard_task_runner.py:105} INFO - Job 4: Subtask extract_data
[2026-09-18T11:18:34.410+0700] {task_command.py:467} INFO - Running <TaskInstance: etl_sederhana_572392.extract_data manual__2026-09-18T04:17:14+00:00 [running]> on host andreass-laptop.local
[2026-09-18T11:18:34.450+0700] {taskinstance.py:3134} INFO - Exporting env vars: AIRFLOW_CTX_DAG_OWNER='Andreas Anditya Purnama' AIRFLOW_CTX_DAG_ID='etl_sederhana_572392' AIRFLOW_CTX_TASK_ID='extract_data' AIRFLOW_CTX_EXECUTION_DATE='2026-09-18T04:17:14+00:00' AIRFLOW_CTX_TRY_NUMBER='1' AIRFLOW_CTX_DAG_RUN_ID='manual__2026-09-18T04:17:14+00:00'
[2026-09-18T11:18:34.451+0700] {logging_mixin.py:190} INFO - Task instance is in running state
[2026-09-18T11:18:34.451+0700] {logging_mixin.py:190} INFO -  Previous state of the Task instance: queued
[2026-09-18T11:18:34.451+0700] {logging_mixin.py:190} INFO - Current task name:extract_data state:running start_date:2026-09-18 04:18:34.341176+00:00
[2026-09-18T11:18:34.451+0700] {logging_mixin.py:190} INFO - Dag name:etl_sederhana_572392 and current dag run status:running
[2026-09-18T11:18:34.452+0700] {taskinstance.py:732} INFO - ::endgroup::
[2026-09-18T11:18:34.452+0700] {etl_sederhana_572392.py:56} INFO - [extract_data] Membaca sumber: /Users/andreasanditya/Downloads/572392_Andreas_AirflowETL/code/data/raw/superstore.csv
[2026-09-18T11:18:34.500+0700] {etl_sederhana_572392.py:56} INFO - [extract_data] Berhasil dibaca: 9,994 baris, 21 kolom
[2026-09-18T11:18:34.501+0700] {etl_sederhana_572392.py:56} INFO - [extract_data] Kolom: ['Row ID', 'Order ID', 'Order Date', 'Ship Date', 'Ship Mode', 'Customer ID', 'Customer Name', 'Segment', 'Country', 'City', 'State', 'Postal Code', 'Region', 'Product ID', 'Category', 'Sub-Category', 'Product Name', 'Sales', 'Quantity', 'Discount', 'Profit']
[2026-09-18T11:18:34.570+0700] {etl_sederhana_572392.py:56} INFO - [extract_data] Staging ditulis: /Users/andreasanditya/Downloads/572392_Andreas_AirflowETL/code/data/staging/superstore_staging.csv
[2026-09-18T11:18:34.571+0700] {python.py:240} INFO - Done. Returned value was: /Users/andreasanditya/Downloads/572392_Andreas_AirflowETL/code/data/staging/superstore_staging.csv
[2026-09-18T11:18:34.580+0700] {taskinstance.py:341} INFO - ::group::Post task execution logs
[2026-09-18T11:18:34.580+0700] {taskinstance.py:353} INFO - Marking task as SUCCESS. dag_id=etl_sederhana_572392, task_id=extract_data, run_id=manual__2026-09-18T04:17:14+00:00, execution_date=20260918T041714, start_date=20260918T041834, end_date=20260918T041834
[2026-09-18T11:18:34.587+0700] {logging_mixin.py:190} INFO - Task instance in success state
[2026-09-18T11:18:34.588+0700] {logging_mixin.py:190} INFO -  Previous state of the Task instance: running
[2026-09-18T11:18:34.588+0700] {logging_mixin.py:190} INFO - Dag name:etl_sederhana_572392 queued_at:2026-09-18 04:17:14.719523+00:00
[2026-09-18T11:18:34.588+0700] {logging_mixin.py:190} INFO - Task hostname:andreass-laptop.local operator:PythonOperator
[2026-09-18T11:18:34.627+0700] {local_task_job_runner.py:266} INFO - Task exited with return code 0
[2026-09-18T11:18:34.647+0700] {taskinstance.py:3901} INFO - 1 downstream tasks scheduled from follow-on schedule check
[2026-09-18T11:18:34.648+0700] {local_task_job_runner.py:245} INFO - ::endgroup::
