[2026-09-18T11:18:44.292+0700] {local_task_job_runner.py:123} INFO - ::group::Pre task execution logs
[2026-09-18T11:18:44.300+0700] {taskinstance.py:2614} INFO - Dependencies all met for dep_context=non-requeueable deps ti=<TaskInstance: etl_sederhana_572392.transform_data scheduled__2026-09-17T00:00:00+00:00 [queued]>
[2026-09-18T11:18:44.304+0700] {taskinstance.py:2614} INFO - Dependencies all met for dep_context=requeueable deps ti=<TaskInstance: etl_sederhana_572392.transform_data scheduled__2026-09-17T00:00:00+00:00 [queued]>
[2026-09-18T11:18:44.304+0700] {taskinstance.py:2867} INFO - Starting attempt 1 of 2
[2026-09-18T11:18:44.311+0700] {taskinstance.py:2890} INFO - Executing <Task(PythonOperator): transform_data> on 2026-09-17 00:00:00+00:00
[2026-09-18T11:18:44.321+0700] {standard_task_runner.py:72} INFO - Started process 11530 to run task
[2026-09-18T11:18:44.326+0700] {standard_task_runner.py:104} INFO - Running: ['airflow', 'tasks', 'run', 'etl_sederhana_572392', 'transform_data', 'scheduled__2026-09-17T00:00:00+00:00', '--job-id', '7', '--raw', '--subdir', 'DAGS_FOLDER/etl_sederhana_572392.py', '--cfg-path', '/var/folders/xk/3zm4vwbd7nldz9xz371vw8x40000gn/T/tmp3_n2z_6x']
[2026-09-18T11:18:44.328+0700] {standard_task_runner.py:105} INFO - Job 7: Subtask transform_data
[2026-09-18T11:18:44.357+0700] {task_command.py:467} INFO - Running <TaskInstance: etl_sederhana_572392.transform_data scheduled__2026-09-17T00:00:00+00:00 [running]> on host andreass-laptop.local
[2026-09-18T11:18:44.389+0700] {taskinstance.py:3134} INFO - Exporting env vars: AIRFLOW_CTX_DAG_OWNER='Andreas Anditya Purnama' AIRFLOW_CTX_DAG_ID='etl_sederhana_572392' AIRFLOW_CTX_TASK_ID='transform_data' AIRFLOW_CTX_EXECUTION_DATE='2026-09-17T00:00:00+00:00' AIRFLOW_CTX_TRY_NUMBER='1' AIRFLOW_CTX_DAG_RUN_ID='scheduled__2026-09-17T00:00:00+00:00'
[2026-09-18T11:18:44.390+0700] {logging_mixin.py:190} INFO - Task instance is in running state
[2026-09-18T11:18:44.390+0700] {logging_mixin.py:190} INFO -  Previous state of the Task instance: queued
[2026-09-18T11:18:44.390+0700] {logging_mixin.py:190} INFO - Current task name:transform_data state:running start_date:2026-09-18 04:18:44.301133+00:00
[2026-09-18T11:18:44.390+0700] {logging_mixin.py:190} INFO - Dag name:etl_sederhana_572392 and current dag run status:running
[2026-09-18T11:18:44.391+0700] {taskinstance.py:732} INFO - ::endgroup::
[2026-09-18T11:18:44.391+0700] {etl_sederhana_572392.py:56} INFO - [transform_data] Membaca staging: /Users/andreasanditya/Downloads/572392_Andreas_AirflowETL/code/data/staging/superstore_staging.csv
[2026-09-18T11:18:44.489+0700] {etl_sederhana_572392.py:56} INFO - [transform_data] Agregasi harian: 1,236 hari -> /Users/andreasanditya/Downloads/572392_Andreas_AirflowETL/code/data/output/daily_sales.csv
[2026-09-18T11:18:44.495+0700] {etl_sederhana_572392.py:56} INFO - [transform_data] Agregasi kategori: 3 kategori -> /Users/andreasanditya/Downloads/572392_Andreas_AirflowETL/code/data/output/category_summary.csv
[2026-09-18T11:18:44.499+0700] {etl_sederhana_572392.py:56} INFO - [transform_data] Bonus: region_summary.csv ditulis
[2026-09-18T11:18:44.505+0700] {etl_sederhana_572392.py:56} INFO - [transform_data] Bonus: top_products.csv (10 baris) ditulis
[2026-09-18T11:18:44.517+0700] {etl_sederhana_572392.py:56} INFO - [transform_data] Bonus: monthly_trend.csv (48 bulan)
[2026-09-18T11:18:44.518+0700] {python.py:240} INFO - Done. Returned value was: None
[2026-09-18T11:18:44.521+0700] {taskinstance.py:341} INFO - ::group::Post task execution logs
[2026-09-18T11:18:44.521+0700] {taskinstance.py:353} INFO - Marking task as SUCCESS. dag_id=etl_sederhana_572392, task_id=transform_data, run_id=scheduled__2026-09-17T00:00:00+00:00, execution_date=20260917T000000, start_date=20260918T041844, end_date=20260918T041844
[2026-09-18T11:18:44.528+0700] {logging_mixin.py:190} INFO - Task instance in success state
[2026-09-18T11:18:44.529+0700] {logging_mixin.py:190} INFO -  Previous state of the Task instance: running
[2026-09-18T11:18:44.529+0700] {logging_mixin.py:190} INFO - Dag name:etl_sederhana_572392 queued_at:2026-09-18 04:18:30.130752+00:00
[2026-09-18T11:18:44.529+0700] {logging_mixin.py:190} INFO - Task hostname:andreass-laptop.local operator:PythonOperator
[2026-09-18T11:18:44.546+0700] {local_task_job_runner.py:266} INFO - Task exited with return code 0
[2026-09-18T11:18:44.557+0700] {taskinstance.py:3901} INFO - 1 downstream tasks scheduled from follow-on schedule check
[2026-09-18T11:18:44.558+0700] {local_task_job_runner.py:245} INFO - ::endgroup::
