[2026-09-18T11:25:23.663+0700] {local_task_job_runner.py:123} INFO - ::group::Pre task execution logs
[2026-09-18T11:25:23.668+0700] {taskinstance.py:2614} INFO - Dependencies all met for dep_context=non-requeueable deps ti=<TaskInstance: etl_sederhana_572392.extract_data manual__2026-09-18T04:25:19.129483+00:00 [queued]>
[2026-09-18T11:25:23.671+0700] {taskinstance.py:2614} INFO - Dependencies all met for dep_context=requeueable deps ti=<TaskInstance: etl_sederhana_572392.extract_data manual__2026-09-18T04:25:19.129483+00:00 [queued]>
[2026-09-18T11:25:23.671+0700] {taskinstance.py:2867} INFO - Starting attempt 1 of 2
[2026-09-18T11:25:23.677+0700] {taskinstance.py:2890} INFO - Executing <Task(PythonOperator): extract_data> on 2026-09-18 04:25:19.129483+00:00
[2026-09-18T11:25:23.689+0700] {standard_task_runner.py:72} INFO - Started process 15865 to run task
[2026-09-18T11:25:23.693+0700] {standard_task_runner.py:104} INFO - Running: ['airflow', 'tasks', 'run', 'etl_sederhana_572392', 'extract_data', 'manual__2026-09-18T04:25:19.129483+00:00', '--job-id', '15', '--raw', '--subdir', 'DAGS_FOLDER/etl_sederhana_572392.py', '--cfg-path', '/var/folders/xk/3zm4vwbd7nldz9xz371vw8x40000gn/T/tmpn60xe_kx']
[2026-09-18T11:25:23.695+0700] {standard_task_runner.py:105} INFO - Job 15: Subtask extract_data
[2026-09-18T11:25:23.720+0700] {task_command.py:467} INFO - Running <TaskInstance: etl_sederhana_572392.extract_data manual__2026-09-18T04:25:19.129483+00:00 [running]> on host andreass-laptop.local
[2026-09-18T11:25:23.757+0700] {taskinstance.py:3134} INFO - Exporting env vars: AIRFLOW_CTX_DAG_OWNER='Andreas Anditya Purnama' AIRFLOW_CTX_DAG_ID='etl_sederhana_572392' AIRFLOW_CTX_TASK_ID='extract_data' AIRFLOW_CTX_EXECUTION_DATE='2026-09-18T04:25:19.129483+00:00' AIRFLOW_CTX_TRY_NUMBER='1' AIRFLOW_CTX_DAG_RUN_ID='manual__2026-09-18T04:25:19.129483+00:00'
[2026-09-18T11:25:23.758+0700] {logging_mixin.py:190} INFO - Task instance is in running state
[2026-09-18T11:25:23.758+0700] {logging_mixin.py:190} INFO -  Previous state of the Task instance: queued
[2026-09-18T11:25:23.758+0700] {logging_mixin.py:190} INFO - Current task name:extract_data state:running start_date:2026-09-18 04:25:23.668580+00:00
[2026-09-18T11:25:23.759+0700] {logging_mixin.py:190} INFO - Dag name:etl_sederhana_572392 and current dag run status:running
[2026-09-18T11:25:23.759+0700] {taskinstance.py:732} INFO - ::endgroup::
[2026-09-18T11:25:23.760+0700] {etl_sederhana_572392.py:56} INFO - [extract_data] Membaca sumber: /Users/andreasanditya/Downloads/572392_Andreas_AirflowETL/code/data/raw/superstore.csv
[2026-09-18T11:25:23.817+0700] {etl_sederhana_572392.py:56} INFO - [extract_data] Berhasil dibaca: 9,994 baris, 21 kolom
[2026-09-18T11:25:23.819+0700] {etl_sederhana_572392.py:56} INFO - [extract_data] Kolom: ['Row ID', 'Order ID', 'Order Date', 'Ship Date', 'Ship Mode', 'Customer ID', 'Customer Name', 'Segment', 'Country', 'City', 'State', 'Postal Code', 'Region', 'Product ID', 'Category', 'Sub-Category', 'Product Name', 'Sales', 'Quantity', 'Discount', 'Profit']
[2026-09-18T11:25:23.886+0700] {etl_sederhana_572392.py:56} INFO - [extract_data] Staging ditulis: /Users/andreasanditya/Downloads/572392_Andreas_AirflowETL/code/data/staging/superstore_staging.csv
[2026-09-18T11:25:23.886+0700] {python.py:240} INFO - Done. Returned value was: /Users/andreasanditya/Downloads/572392_Andreas_AirflowETL/code/data/staging/superstore_staging.csv
[2026-09-18T11:25:23.893+0700] {taskinstance.py:341} INFO - ::group::Post task execution logs
[2026-09-18T11:25:23.894+0700] {taskinstance.py:353} INFO - Marking task as SUCCESS. dag_id=etl_sederhana_572392, task_id=extract_data, run_id=manual__2026-09-18T04:25:19.129483+00:00, execution_date=20260918T042519, start_date=20260918T042523, end_date=20260918T042523
[2026-09-18T11:25:23.900+0700] {logging_mixin.py:190} INFO - Task instance in success state
[2026-09-18T11:25:23.901+0700] {logging_mixin.py:190} INFO -  Previous state of the Task instance: running
[2026-09-18T11:25:23.901+0700] {logging_mixin.py:190} INFO - Dag name:etl_sederhana_572392 queued_at:2026-09-18 04:25:19.143014+00:00
[2026-09-18T11:25:23.901+0700] {logging_mixin.py:190} INFO - Task hostname:andreass-laptop.local operator:PythonOperator
[2026-09-18T11:25:23.913+0700] {local_task_job_runner.py:266} INFO - Task exited with return code 0
[2026-09-18T11:25:23.928+0700] {taskinstance.py:3901} INFO - 1 downstream tasks scheduled from follow-on schedule check
[2026-09-18T11:25:23.928+0700] {local_task_job_runner.py:245} INFO - ::endgroup::
