[2026-09-18T11:17:24.256+0700] {processor.py:186} INFO - Started process (PID=10677) to work on /Users/andreasanditya/Downloads/572392_Andreas_AirflowETL/code/.venv/lib/python3.9/site-packages/airflow/example_dags/example_setup_teardown.py
[2026-09-18T11:17:24.257+0700] {processor.py:914} INFO - Processing file /Users/andreasanditya/Downloads/572392_Andreas_AirflowETL/code/.venv/lib/python3.9/site-packages/airflow/example_dags/example_setup_teardown.py for tasks to queue
[2026-09-18T11:17:24.258+0700] {logging_mixin.py:190} INFO - [2026-09-18T11:17:24.258+0700] {dagbag.py:588} INFO - Filling up the DagBag from /Users/andreasanditya/Downloads/572392_Andreas_AirflowETL/code/.venv/lib/python3.9/site-packages/airflow/example_dags/example_setup_teardown.py
[2026-09-18T11:17:24.263+0700] {processor.py:925} INFO - DAG(s) 'example_setup_teardown' retrieved from /Users/andreasanditya/Downloads/572392_Andreas_AirflowETL/code/.venv/lib/python3.9/site-packages/airflow/example_dags/example_setup_teardown.py
[2026-09-18T11:17:24.398+0700] {logging_mixin.py:190} INFO - [2026-09-18T11:17:24.398+0700] {override.py:1912} INFO - Created Permission View: can edit on DAG:example_setup_teardown
[2026-09-18T11:17:24.402+0700] {logging_mixin.py:190} INFO - [2026-09-18T11:17:24.402+0700] {override.py:1912} INFO - Created Permission View: can read on DAG:example_setup_teardown
[2026-09-18T11:17:24.405+0700] {logging_mixin.py:190} INFO - [2026-09-18T11:17:24.405+0700] {override.py:1912} INFO - Created Permission View: can delete on DAG:example_setup_teardown
[2026-09-18T11:17:24.409+0700] {logging_mixin.py:190} INFO - [2026-09-18T11:17:24.409+0700] {override.py:1912} INFO - Created Permission View: can create on DAG Run:example_setup_teardown
[2026-09-18T11:17:24.412+0700] {logging_mixin.py:190} INFO - [2026-09-18T11:17:24.412+0700] {override.py:1912} INFO - Created Permission View: menu access on DAG Run:example_setup_teardown
[2026-09-18T11:17:24.415+0700] {logging_mixin.py:190} INFO - [2026-09-18T11:17:24.415+0700] {override.py:1912} INFO - Created Permission View: can read on DAG Run:example_setup_teardown
[2026-09-18T11:17:24.418+0700] {logging_mixin.py:190} INFO - [2026-09-18T11:17:24.417+0700] {override.py:1912} INFO - Created Permission View: can delete on DAG Run:example_setup_teardown
[2026-09-18T11:17:24.418+0700] {logging_mixin.py:190} INFO - [2026-09-18T11:17:24.418+0700] {dag.py:3239} INFO - Sync 1 DAGs
[2026-09-18T11:17:24.424+0700] {logging_mixin.py:190} INFO - [2026-09-18T11:17:24.424+0700] {dag.py:3262} INFO - Creating ORM DAG for example_setup_teardown
[2026-09-18T11:17:24.424+0700] {logging_mixin.py:190} INFO - [2026-09-18T11:17:24.424+0700] {dag.py:4180} INFO - Setting next_dagrun for example_setup_teardown to None, run_after=None
[2026-09-18T11:17:24.433+0700] {processor.py:208} INFO - Processing /Users/andreasanditya/Downloads/572392_Andreas_AirflowETL/code/.venv/lib/python3.9/site-packages/airflow/example_dags/example_setup_teardown.py took 0.179 seconds
[2026-09-18T11:19:40.779+0700] {processor.py:186} INFO - Started process (PID=12079) to work on /Users/andreasanditya/Downloads/572392_Andreas_AirflowETL/code/.venv/lib/python3.9/site-packages/airflow/example_dags/example_setup_teardown.py
[2026-09-18T11:19:40.781+0700] {processor.py:914} INFO - Processing file /Users/andreasanditya/Downloads/572392_Andreas_AirflowETL/code/.venv/lib/python3.9/site-packages/airflow/example_dags/example_setup_teardown.py for tasks to queue
[2026-09-18T11:19:40.782+0700] {logging_mixin.py:190} INFO - [2026-09-18T11:19:40.782+0700] {dagbag.py:588} INFO - Filling up the DagBag from /Users/andreasanditya/Downloads/572392_Andreas_AirflowETL/code/.venv/lib/python3.9/site-packages/airflow/example_dags/example_setup_teardown.py
[2026-09-18T11:19:40.786+0700] {processor.py:925} INFO - DAG(s) 'example_setup_teardown' retrieved from /Users/andreasanditya/Downloads/572392_Andreas_AirflowETL/code/.venv/lib/python3.9/site-packages/airflow/example_dags/example_setup_teardown.py
[2026-09-18T11:19:40.884+0700] {logging_mixin.py:190} INFO - [2026-09-18T11:19:40.884+0700] {dag.py:3239} INFO - Sync 1 DAGs
[2026-09-18T11:19:40.891+0700] {logging_mixin.py:190} INFO - [2026-09-18T11:19:40.890+0700] {dag.py:4180} INFO - Setting next_dagrun for example_setup_teardown to None, run_after=None
[2026-09-18T11:19:40.901+0700] {processor.py:208} INFO - Processing /Users/andreasanditya/Downloads/572392_Andreas_AirflowETL/code/.venv/lib/python3.9/site-packages/airflow/example_dags/example_setup_teardown.py took 0.123 seconds
[2026-09-18T11:21:13.439+0700] {processor.py:186} INFO - Started process (PID=13064) to work on /Users/andreasanditya/Downloads/572392_Andreas_AirflowETL/code/.venv/lib/python3.9/site-packages/airflow/example_dags/example_setup_teardown.py
[2026-09-18T11:21:13.440+0700] {processor.py:914} INFO - Processing file /Users/andreasanditya/Downloads/572392_Andreas_AirflowETL/code/.venv/lib/python3.9/site-packages/airflow/example_dags/example_setup_teardown.py for tasks to queue
[2026-09-18T11:21:13.441+0700] {logging_mixin.py:190} INFO - [2026-09-18T11:21:13.441+0700] {dagbag.py:588} INFO - Filling up the DagBag from /Users/andreasanditya/Downloads/572392_Andreas_AirflowETL/code/.venv/lib/python3.9/site-packages/airflow/example_dags/example_setup_teardown.py
[2026-09-18T11:21:13.446+0700] {processor.py:925} INFO - DAG(s) 'example_setup_teardown' retrieved from /Users/andreasanditya/Downloads/572392_Andreas_AirflowETL/code/.venv/lib/python3.9/site-packages/airflow/example_dags/example_setup_teardown.py
[2026-09-18T11:21:13.543+0700] {logging_mixin.py:190} INFO - [2026-09-18T11:21:13.543+0700] {dag.py:3239} INFO - Sync 1 DAGs
[2026-09-18T11:21:13.550+0700] {logging_mixin.py:190} INFO - [2026-09-18T11:21:13.550+0700] {dag.py:4180} INFO - Setting next_dagrun for example_setup_teardown to None, run_after=None
[2026-09-18T11:21:13.560+0700] {processor.py:208} INFO - Processing /Users/andreasanditya/Downloads/572392_Andreas_AirflowETL/code/.venv/lib/python3.9/site-packages/airflow/example_dags/example_setup_teardown.py took 0.124 seconds
[2026-09-18T11:23:14.671+0700] {processor.py:186} INFO - Started process (PID=14439) to work on /Users/andreasanditya/Downloads/572392_Andreas_AirflowETL/code/.venv/lib/python3.9/site-packages/airflow/example_dags/example_setup_teardown.py
[2026-09-18T11:23:14.672+0700] {processor.py:914} INFO - Processing file /Users/andreasanditya/Downloads/572392_Andreas_AirflowETL/code/.venv/lib/python3.9/site-packages/airflow/example_dags/example_setup_teardown.py for tasks to queue
[2026-09-18T11:23:14.673+0700] {logging_mixin.py:190} INFO - [2026-09-18T11:23:14.672+0700] {dagbag.py:588} INFO - Filling up the DagBag from /Users/andreasanditya/Downloads/572392_Andreas_AirflowETL/code/.venv/lib/python3.9/site-packages/airflow/example_dags/example_setup_teardown.py
[2026-09-18T11:23:14.679+0700] {processor.py:925} INFO - DAG(s) 'example_setup_teardown' retrieved from /Users/andreasanditya/Downloads/572392_Andreas_AirflowETL/code/.venv/lib/python3.9/site-packages/airflow/example_dags/example_setup_teardown.py
[2026-09-18T11:23:14.780+0700] {logging_mixin.py:190} INFO - [2026-09-18T11:23:14.780+0700] {dag.py:3239} INFO - Sync 1 DAGs
[2026-09-18T11:23:14.788+0700] {logging_mixin.py:190} INFO - [2026-09-18T11:23:14.788+0700] {dag.py:4180} INFO - Setting next_dagrun for example_setup_teardown to None, run_after=None
[2026-09-18T11:23:14.799+0700] {processor.py:208} INFO - Processing /Users/andreasanditya/Downloads/572392_Andreas_AirflowETL/code/.venv/lib/python3.9/site-packages/airflow/example_dags/example_setup_teardown.py took 0.131 seconds
[2026-09-18T11:24:39.076+0700] {processor.py:186} INFO - Started process (PID=15455) to work on /Users/andreasanditya/Downloads/572392_Andreas_AirflowETL/code/.venv/lib/python3.9/site-packages/airflow/example_dags/example_setup_teardown.py
[2026-09-18T11:24:39.077+0700] {processor.py:914} INFO - Processing file /Users/andreasanditya/Downloads/572392_Andreas_AirflowETL/code/.venv/lib/python3.9/site-packages/airflow/example_dags/example_setup_teardown.py for tasks to queue
[2026-09-18T11:24:39.078+0700] {logging_mixin.py:190} INFO - [2026-09-18T11:24:39.077+0700] {dagbag.py:588} INFO - Filling up the DagBag from /Users/andreasanditya/Downloads/572392_Andreas_AirflowETL/code/.venv/lib/python3.9/site-packages/airflow/example_dags/example_setup_teardown.py
[2026-09-18T11:24:39.083+0700] {processor.py:925} INFO - DAG(s) 'example_setup_teardown' retrieved from /Users/andreasanditya/Downloads/572392_Andreas_AirflowETL/code/.venv/lib/python3.9/site-packages/airflow/example_dags/example_setup_teardown.py
[2026-09-18T11:24:39.170+0700] {logging_mixin.py:190} INFO - [2026-09-18T11:24:39.170+0700] {dag.py:3239} INFO - Sync 1 DAGs
[2026-09-18T11:24:39.176+0700] {logging_mixin.py:190} INFO - [2026-09-18T11:24:39.176+0700] {dag.py:4180} INFO - Setting next_dagrun for example_setup_teardown to None, run_after=None
[2026-09-18T11:24:39.187+0700] {processor.py:208} INFO - Processing /Users/andreasanditya/Downloads/572392_Andreas_AirflowETL/code/.venv/lib/python3.9/site-packages/airflow/example_dags/example_setup_teardown.py took 0.113 seconds
[2026-09-18T11:26:41.151+0700] {processor.py:186} INFO - Started process (PID=16679) to work on /Users/andreasanditya/Downloads/572392_Andreas_AirflowETL/code/.venv/lib/python3.9/site-packages/airflow/example_dags/example_setup_teardown.py
[2026-09-18T11:26:41.152+0700] {processor.py:914} INFO - Processing file /Users/andreasanditya/Downloads/572392_Andreas_AirflowETL/code/.venv/lib/python3.9/site-packages/airflow/example_dags/example_setup_teardown.py for tasks to queue
[2026-09-18T11:26:41.153+0700] {logging_mixin.py:190} INFO - [2026-09-18T11:26:41.153+0700] {dagbag.py:588} INFO - Filling up the DagBag from /Users/andreasanditya/Downloads/572392_Andreas_AirflowETL/code/.venv/lib/python3.9/site-packages/airflow/example_dags/example_setup_teardown.py
[2026-09-18T11:26:41.158+0700] {processor.py:925} INFO - DAG(s) 'example_setup_teardown' retrieved from /Users/andreasanditya/Downloads/572392_Andreas_AirflowETL/code/.venv/lib/python3.9/site-packages/airflow/example_dags/example_setup_teardown.py
[2026-09-18T11:26:41.247+0700] {logging_mixin.py:190} INFO - [2026-09-18T11:26:41.247+0700] {dag.py:3239} INFO - Sync 1 DAGs
[2026-09-18T11:26:41.254+0700] {logging_mixin.py:190} INFO - [2026-09-18T11:26:41.254+0700] {dag.py:4180} INFO - Setting next_dagrun for example_setup_teardown to None, run_after=None
[2026-09-18T11:26:41.265+0700] {processor.py:208} INFO - Processing /Users/andreasanditya/Downloads/572392_Andreas_AirflowETL/code/.venv/lib/python3.9/site-packages/airflow/example_dags/example_setup_teardown.py took 0.116 seconds
[2026-09-18T11:28:16.083+0700] {processor.py:186} INFO - Started process (PID=17596) to work on /Users/andreasanditya/Downloads/572392_Andreas_AirflowETL/code/.venv/lib/python3.9/site-packages/airflow/example_dags/example_setup_teardown.py
[2026-09-18T11:28:16.084+0700] {processor.py:914} INFO - Processing file /Users/andreasanditya/Downloads/572392_Andreas_AirflowETL/code/.venv/lib/python3.9/site-packages/airflow/example_dags/example_setup_teardown.py for tasks to queue
[2026-09-18T11:28:16.085+0700] {logging_mixin.py:190} INFO - [2026-09-18T11:28:16.085+0700] {dagbag.py:588} INFO - Filling up the DagBag from /Users/andreasanditya/Downloads/572392_Andreas_AirflowETL/code/.venv/lib/python3.9/site-packages/airflow/example_dags/example_setup_teardown.py
[2026-09-18T11:28:16.090+0700] {processor.py:925} INFO - DAG(s) 'example_setup_teardown' retrieved from /Users/andreasanditya/Downloads/572392_Andreas_AirflowETL/code/.venv/lib/python3.9/site-packages/airflow/example_dags/example_setup_teardown.py
[2026-09-18T11:28:16.179+0700] {logging_mixin.py:190} INFO - [2026-09-18T11:28:16.178+0700] {dag.py:3239} INFO - Sync 1 DAGs
[2026-09-18T11:28:16.185+0700] {logging_mixin.py:190} INFO - [2026-09-18T11:28:16.185+0700] {dag.py:4180} INFO - Setting next_dagrun for example_setup_teardown to None, run_after=None
[2026-09-18T11:28:16.196+0700] {processor.py:208} INFO - Processing /Users/andreasanditya/Downloads/572392_Andreas_AirflowETL/code/.venv/lib/python3.9/site-packages/airflow/example_dags/example_setup_teardown.py took 0.115 seconds
[2026-09-18T11:29:45.400+0700] {processor.py:186} INFO - Started process (PID=18535) to work on /Users/andreasanditya/Downloads/572392_Andreas_AirflowETL/code/.venv/lib/python3.9/site-packages/airflow/example_dags/example_setup_teardown.py
[2026-09-18T11:29:45.401+0700] {processor.py:914} INFO - Processing file /Users/andreasanditya/Downloads/572392_Andreas_AirflowETL/code/.venv/lib/python3.9/site-packages/airflow/example_dags/example_setup_teardown.py for tasks to queue
[2026-09-18T11:29:45.402+0700] {logging_mixin.py:190} INFO - [2026-09-18T11:29:45.402+0700] {dagbag.py:588} INFO - Filling up the DagBag from /Users/andreasanditya/Downloads/572392_Andreas_AirflowETL/code/.venv/lib/python3.9/site-packages/airflow/example_dags/example_setup_teardown.py
[2026-09-18T11:29:45.408+0700] {processor.py:925} INFO - DAG(s) 'example_setup_teardown' retrieved from /Users/andreasanditya/Downloads/572392_Andreas_AirflowETL/code/.venv/lib/python3.9/site-packages/airflow/example_dags/example_setup_teardown.py
[2026-09-18T11:29:45.505+0700] {logging_mixin.py:190} INFO - [2026-09-18T11:29:45.504+0700] {dag.py:3239} INFO - Sync 1 DAGs
[2026-09-18T11:29:45.512+0700] {logging_mixin.py:190} INFO - [2026-09-18T11:29:45.511+0700] {dag.py:4180} INFO - Setting next_dagrun for example_setup_teardown to None, run_after=None
[2026-09-18T11:29:45.522+0700] {processor.py:208} INFO - Processing /Users/andreasanditya/Downloads/572392_Andreas_AirflowETL/code/.venv/lib/python3.9/site-packages/airflow/example_dags/example_setup_teardown.py took 0.125 seconds
[2026-09-18T11:31:13.898+0700] {processor.py:186} INFO - Started process (PID=19482) to work on /Users/andreasanditya/Downloads/572392_Andreas_AirflowETL/code/.venv/lib/python3.9/site-packages/airflow/example_dags/example_setup_teardown.py
[2026-09-18T11:31:13.899+0700] {processor.py:914} INFO - Processing file /Users/andreasanditya/Downloads/572392_Andreas_AirflowETL/code/.venv/lib/python3.9/site-packages/airflow/example_dags/example_setup_teardown.py for tasks to queue
[2026-09-18T11:31:13.900+0700] {logging_mixin.py:190} INFO - [2026-09-18T11:31:13.900+0700] {dagbag.py:588} INFO - Filling up the DagBag from /Users/andreasanditya/Downloads/572392_Andreas_AirflowETL/code/.venv/lib/python3.9/site-packages/airflow/example_dags/example_setup_teardown.py
[2026-09-18T11:31:13.905+0700] {processor.py:925} INFO - DAG(s) 'example_setup_teardown' retrieved from /Users/andreasanditya/Downloads/572392_Andreas_AirflowETL/code/.venv/lib/python3.9/site-packages/airflow/example_dags/example_setup_teardown.py
[2026-09-18T11:31:13.994+0700] {logging_mixin.py:190} INFO - [2026-09-18T11:31:13.994+0700] {dag.py:3239} INFO - Sync 1 DAGs
[2026-09-18T11:31:14.001+0700] {logging_mixin.py:190} INFO - [2026-09-18T11:31:14.001+0700] {dag.py:4180} INFO - Setting next_dagrun for example_setup_teardown to None, run_after=None
[2026-09-18T11:31:14.011+0700] {processor.py:208} INFO - Processing /Users/andreasanditya/Downloads/572392_Andreas_AirflowETL/code/.venv/lib/python3.9/site-packages/airflow/example_dags/example_setup_teardown.py took 0.115 seconds
[2026-09-18T11:32:43.211+0700] {processor.py:186} INFO - Started process (PID=20381) to work on /Users/andreasanditya/Downloads/572392_Andreas_AirflowETL/code/.venv/lib/python3.9/site-packages/airflow/example_dags/example_setup_teardown.py
[2026-09-18T11:32:43.212+0700] {processor.py:914} INFO - Processing file /Users/andreasanditya/Downloads/572392_Andreas_AirflowETL/code/.venv/lib/python3.9/site-packages/airflow/example_dags/example_setup_teardown.py for tasks to queue
[2026-09-18T11:32:43.213+0700] {logging_mixin.py:190} INFO - [2026-09-18T11:32:43.213+0700] {dagbag.py:588} INFO - Filling up the DagBag from /Users/andreasanditya/Downloads/572392_Andreas_AirflowETL/code/.venv/lib/python3.9/site-packages/airflow/example_dags/example_setup_teardown.py
[2026-09-18T11:32:43.219+0700] {processor.py:925} INFO - DAG(s) 'example_setup_teardown' retrieved from /Users/andreasanditya/Downloads/572392_Andreas_AirflowETL/code/.venv/lib/python3.9/site-packages/airflow/example_dags/example_setup_teardown.py
[2026-09-18T11:32:43.331+0700] {logging_mixin.py:190} INFO - [2026-09-18T11:32:43.331+0700] {dag.py:3239} INFO - Sync 1 DAGs
[2026-09-18T11:32:43.343+0700] {logging_mixin.py:190} INFO - [2026-09-18T11:32:43.342+0700] {dag.py:4180} INFO - Setting next_dagrun for example_setup_teardown to None, run_after=None
[2026-09-18T11:32:43.355+0700] {processor.py:208} INFO - Processing /Users/andreasanditya/Downloads/572392_Andreas_AirflowETL/code/.venv/lib/python3.9/site-packages/airflow/example_dags/example_setup_teardown.py took 0.146 seconds
[2026-09-18T11:34:10.936+0700] {processor.py:186} INFO - Started process (PID=21342) to work on /Users/andreasanditya/Downloads/572392_Andreas_AirflowETL/code/.venv/lib/python3.9/site-packages/airflow/example_dags/example_setup_teardown.py
[2026-09-18T11:34:10.938+0700] {processor.py:914} INFO - Processing file /Users/andreasanditya/Downloads/572392_Andreas_AirflowETL/code/.venv/lib/python3.9/site-packages/airflow/example_dags/example_setup_teardown.py for tasks to queue
[2026-09-18T11:34:10.939+0700] {logging_mixin.py:190} INFO - [2026-09-18T11:34:10.939+0700] {dagbag.py:588} INFO - Filling up the DagBag from /Users/andreasanditya/Downloads/572392_Andreas_AirflowETL/code/.venv/lib/python3.9/site-packages/airflow/example_dags/example_setup_teardown.py
[2026-09-18T11:34:10.948+0700] {processor.py:925} INFO - DAG(s) 'example_setup_teardown' retrieved from /Users/andreasanditya/Downloads/572392_Andreas_AirflowETL/code/.venv/lib/python3.9/site-packages/airflow/example_dags/example_setup_teardown.py
[2026-09-18T11:34:11.108+0700] {logging_mixin.py:190} INFO - [2026-09-18T11:34:11.108+0700] {dag.py:3239} INFO - Sync 1 DAGs
[2026-09-18T11:34:11.115+0700] {logging_mixin.py:190} INFO - [2026-09-18T11:34:11.115+0700] {dag.py:4180} INFO - Setting next_dagrun for example_setup_teardown to None, run_after=None
[2026-09-18T11:34:11.127+0700] {processor.py:208} INFO - Processing /Users/andreasanditya/Downloads/572392_Andreas_AirflowETL/code/.venv/lib/python3.9/site-packages/airflow/example_dags/example_setup_teardown.py took 0.195 seconds
[2026-09-18T11:35:38.437+0700] {processor.py:186} INFO - Started process (PID=22280) to work on /Users/andreasanditya/Downloads/572392_Andreas_AirflowETL/code/.venv/lib/python3.9/site-packages/airflow/example_dags/example_setup_teardown.py
[2026-09-18T11:35:38.437+0700] {processor.py:914} INFO - Processing file /Users/andreasanditya/Downloads/572392_Andreas_AirflowETL/code/.venv/lib/python3.9/site-packages/airflow/example_dags/example_setup_teardown.py for tasks to queue
[2026-09-18T11:35:38.438+0700] {logging_mixin.py:190} INFO - [2026-09-18T11:35:38.438+0700] {dagbag.py:588} INFO - Filling up the DagBag from /Users/andreasanditya/Downloads/572392_Andreas_AirflowETL/code/.venv/lib/python3.9/site-packages/airflow/example_dags/example_setup_teardown.py
[2026-09-18T11:35:38.443+0700] {processor.py:925} INFO - DAG(s) 'example_setup_teardown' retrieved from /Users/andreasanditya/Downloads/572392_Andreas_AirflowETL/code/.venv/lib/python3.9/site-packages/airflow/example_dags/example_setup_teardown.py
[2026-09-18T11:35:38.533+0700] {logging_mixin.py:190} INFO - [2026-09-18T11:35:38.533+0700] {dag.py:3239} INFO - Sync 1 DAGs
[2026-09-18T11:35:38.539+0700] {logging_mixin.py:190} INFO - [2026-09-18T11:35:38.539+0700] {dag.py:4180} INFO - Setting next_dagrun for example_setup_teardown to None, run_after=None
[2026-09-18T11:35:38.550+0700] {processor.py:208} INFO - Processing /Users/andreasanditya/Downloads/572392_Andreas_AirflowETL/code/.venv/lib/python3.9/site-packages/airflow/example_dags/example_setup_teardown.py took 0.115 seconds
[2026-09-18T11:37:06.465+0700] {processor.py:186} INFO - Started process (PID=23211) to work on /Users/andreasanditya/Downloads/572392_Andreas_AirflowETL/code/.venv/lib/python3.9/site-packages/airflow/example_dags/example_setup_teardown.py
[2026-09-18T11:37:06.466+0700] {processor.py:914} INFO - Processing file /Users/andreasanditya/Downloads/572392_Andreas_AirflowETL/code/.venv/lib/python3.9/site-packages/airflow/example_dags/example_setup_teardown.py for tasks to queue
[2026-09-18T11:37:06.466+0700] {logging_mixin.py:190} INFO - [2026-09-18T11:37:06.466+0700] {dagbag.py:588} INFO - Filling up the DagBag from /Users/andreasanditya/Downloads/572392_Andreas_AirflowETL/code/.venv/lib/python3.9/site-packages/airflow/example_dags/example_setup_teardown.py
[2026-09-18T11:37:06.471+0700] {processor.py:925} INFO - DAG(s) 'example_setup_teardown' retrieved from /Users/andreasanditya/Downloads/572392_Andreas_AirflowETL/code/.venv/lib/python3.9/site-packages/airflow/example_dags/example_setup_teardown.py
[2026-09-18T11:37:06.561+0700] {logging_mixin.py:190} INFO - [2026-09-18T11:37:06.561+0700] {dag.py:3239} INFO - Sync 1 DAGs
[2026-09-18T11:37:06.569+0700] {logging_mixin.py:190} INFO - [2026-09-18T11:37:06.568+0700] {dag.py:4180} INFO - Setting next_dagrun for example_setup_teardown to None, run_after=None
[2026-09-18T11:37:06.579+0700] {processor.py:208} INFO - Processing /Users/andreasanditya/Downloads/572392_Andreas_AirflowETL/code/.venv/lib/python3.9/site-packages/airflow/example_dags/example_setup_teardown.py took 0.116 seconds
[2026-09-18T11:38:33.135+0700] {processor.py:186} INFO - Started process (PID=24124) to work on /Users/andreasanditya/Downloads/572392_Andreas_AirflowETL/code/.venv/lib/python3.9/site-packages/airflow/example_dags/example_setup_teardown.py
[2026-09-18T11:38:33.137+0700] {processor.py:914} INFO - Processing file /Users/andreasanditya/Downloads/572392_Andreas_AirflowETL/code/.venv/lib/python3.9/site-packages/airflow/example_dags/example_setup_teardown.py for tasks to queue
[2026-09-18T11:38:33.137+0700] {logging_mixin.py:190} INFO - [2026-09-18T11:38:33.137+0700] {dagbag.py:588} INFO - Filling up the DagBag from /Users/andreasanditya/Downloads/572392_Andreas_AirflowETL/code/.venv/lib/python3.9/site-packages/airflow/example_dags/example_setup_teardown.py
[2026-09-18T11:38:33.142+0700] {processor.py:925} INFO - DAG(s) 'example_setup_teardown' retrieved from /Users/andreasanditya/Downloads/572392_Andreas_AirflowETL/code/.venv/lib/python3.9/site-packages/airflow/example_dags/example_setup_teardown.py
[2026-09-18T11:38:33.227+0700] {logging_mixin.py:190} INFO - [2026-09-18T11:38:33.227+0700] {dag.py:3239} INFO - Sync 1 DAGs
[2026-09-18T11:38:33.234+0700] {logging_mixin.py:190} INFO - [2026-09-18T11:38:33.234+0700] {dag.py:4180} INFO - Setting next_dagrun for example_setup_teardown to None, run_after=None
[2026-09-18T11:38:33.244+0700] {processor.py:208} INFO - Processing /Users/andreasanditya/Downloads/572392_Andreas_AirflowETL/code/.venv/lib/python3.9/site-packages/airflow/example_dags/example_setup_teardown.py took 0.111 seconds
[2026-09-18T11:40:00.063+0700] {processor.py:186} INFO - Started process (PID=24971) to work on /Users/andreasanditya/Downloads/572392_Andreas_AirflowETL/code/.venv/lib/python3.9/site-packages/airflow/example_dags/example_setup_teardown.py
[2026-09-18T11:40:00.064+0700] {processor.py:914} INFO - Processing file /Users/andreasanditya/Downloads/572392_Andreas_AirflowETL/code/.venv/lib/python3.9/site-packages/airflow/example_dags/example_setup_teardown.py for tasks to queue
[2026-09-18T11:40:00.065+0700] {logging_mixin.py:190} INFO - [2026-09-18T11:40:00.065+0700] {dagbag.py:588} INFO - Filling up the DagBag from /Users/andreasanditya/Downloads/572392_Andreas_AirflowETL/code/.venv/lib/python3.9/site-packages/airflow/example_dags/example_setup_teardown.py
[2026-09-18T11:40:00.070+0700] {processor.py:925} INFO - DAG(s) 'example_setup_teardown' retrieved from /Users/andreasanditya/Downloads/572392_Andreas_AirflowETL/code/.venv/lib/python3.9/site-packages/airflow/example_dags/example_setup_teardown.py
[2026-09-18T11:40:00.157+0700] {logging_mixin.py:190} INFO - [2026-09-18T11:40:00.157+0700] {dag.py:3239} INFO - Sync 1 DAGs
[2026-09-18T11:40:00.164+0700] {logging_mixin.py:190} INFO - [2026-09-18T11:40:00.164+0700] {dag.py:4180} INFO - Setting next_dagrun for example_setup_teardown to None, run_after=None
[2026-09-18T11:40:00.174+0700] {processor.py:208} INFO - Processing /Users/andreasanditya/Downloads/572392_Andreas_AirflowETL/code/.venv/lib/python3.9/site-packages/airflow/example_dags/example_setup_teardown.py took 0.113 seconds
[2026-09-18T11:41:29.192+0700] {processor.py:186} INFO - Started process (PID=25915) to work on /Users/andreasanditya/Downloads/572392_Andreas_AirflowETL/code/.venv/lib/python3.9/site-packages/airflow/example_dags/example_setup_teardown.py
[2026-09-18T11:41:29.193+0700] {processor.py:914} INFO - Processing file /Users/andreasanditya/Downloads/572392_Andreas_AirflowETL/code/.venv/lib/python3.9/site-packages/airflow/example_dags/example_setup_teardown.py for tasks to queue
[2026-09-18T11:41:29.194+0700] {logging_mixin.py:190} INFO - [2026-09-18T11:41:29.194+0700] {dagbag.py:588} INFO - Filling up the DagBag from /Users/andreasanditya/Downloads/572392_Andreas_AirflowETL/code/.venv/lib/python3.9/site-packages/airflow/example_dags/example_setup_teardown.py
[2026-09-18T11:41:29.199+0700] {processor.py:925} INFO - DAG(s) 'example_setup_teardown' retrieved from /Users/andreasanditya/Downloads/572392_Andreas_AirflowETL/code/.venv/lib/python3.9/site-packages/airflow/example_dags/example_setup_teardown.py
[2026-09-18T11:41:29.289+0700] {logging_mixin.py:190} INFO - [2026-09-18T11:41:29.289+0700] {dag.py:3239} INFO - Sync 1 DAGs
[2026-09-18T11:41:29.296+0700] {logging_mixin.py:190} INFO - [2026-09-18T11:41:29.295+0700] {dag.py:4180} INFO - Setting next_dagrun for example_setup_teardown to None, run_after=None
[2026-09-18T11:41:29.306+0700] {processor.py:208} INFO - Processing /Users/andreasanditya/Downloads/572392_Andreas_AirflowETL/code/.venv/lib/python3.9/site-packages/airflow/example_dags/example_setup_teardown.py took 0.116 seconds
[2026-09-18T11:42:59.418+0700] {processor.py:186} INFO - Started process (PID=26839) to work on /Users/andreasanditya/Downloads/572392_Andreas_AirflowETL/code/.venv/lib/python3.9/site-packages/airflow/example_dags/example_setup_teardown.py
[2026-09-18T11:42:59.419+0700] {processor.py:914} INFO - Processing file /Users/andreasanditya/Downloads/572392_Andreas_AirflowETL/code/.venv/lib/python3.9/site-packages/airflow/example_dags/example_setup_teardown.py for tasks to queue
[2026-09-18T11:42:59.419+0700] {logging_mixin.py:190} INFO - [2026-09-18T11:42:59.419+0700] {dagbag.py:588} INFO - Filling up the DagBag from /Users/andreasanditya/Downloads/572392_Andreas_AirflowETL/code/.venv/lib/python3.9/site-packages/airflow/example_dags/example_setup_teardown.py
[2026-09-18T11:42:59.424+0700] {processor.py:925} INFO - DAG(s) 'example_setup_teardown' retrieved from /Users/andreasanditya/Downloads/572392_Andreas_AirflowETL/code/.venv/lib/python3.9/site-packages/airflow/example_dags/example_setup_teardown.py
[2026-09-18T11:42:59.511+0700] {logging_mixin.py:190} INFO - [2026-09-18T11:42:59.510+0700] {dag.py:3239} INFO - Sync 1 DAGs
[2026-09-18T11:42:59.517+0700] {logging_mixin.py:190} INFO - [2026-09-18T11:42:59.517+0700] {dag.py:4180} INFO - Setting next_dagrun for example_setup_teardown to None, run_after=None
[2026-09-18T11:42:59.527+0700] {processor.py:208} INFO - Processing /Users/andreasanditya/Downloads/572392_Andreas_AirflowETL/code/.venv/lib/python3.9/site-packages/airflow/example_dags/example_setup_teardown.py took 0.111 seconds
[2026-09-18T11:44:27.272+0700] {processor.py:186} INFO - Started process (PID=27745) to work on /Users/andreasanditya/Downloads/572392_Andreas_AirflowETL/code/.venv/lib/python3.9/site-packages/airflow/example_dags/example_setup_teardown.py
[2026-09-18T11:44:27.273+0700] {processor.py:914} INFO - Processing file /Users/andreasanditya/Downloads/572392_Andreas_AirflowETL/code/.venv/lib/python3.9/site-packages/airflow/example_dags/example_setup_teardown.py for tasks to queue
[2026-09-18T11:44:27.274+0700] {logging_mixin.py:190} INFO - [2026-09-18T11:44:27.274+0700] {dagbag.py:588} INFO - Filling up the DagBag from /Users/andreasanditya/Downloads/572392_Andreas_AirflowETL/code/.venv/lib/python3.9/site-packages/airflow/example_dags/example_setup_teardown.py
[2026-09-18T11:44:27.278+0700] {processor.py:925} INFO - DAG(s) 'example_setup_teardown' retrieved from /Users/andreasanditya/Downloads/572392_Andreas_AirflowETL/code/.venv/lib/python3.9/site-packages/airflow/example_dags/example_setup_teardown.py
[2026-09-18T11:44:27.364+0700] {logging_mixin.py:190} INFO - [2026-09-18T11:44:27.364+0700] {dag.py:3239} INFO - Sync 1 DAGs
[2026-09-18T11:44:27.371+0700] {logging_mixin.py:190} INFO - [2026-09-18T11:44:27.371+0700] {dag.py:4180} INFO - Setting next_dagrun for example_setup_teardown to None, run_after=None
[2026-09-18T11:44:27.381+0700] {processor.py:208} INFO - Processing /Users/andreasanditya/Downloads/572392_Andreas_AirflowETL/code/.venv/lib/python3.9/site-packages/airflow/example_dags/example_setup_teardown.py took 0.111 seconds
[2026-09-18T11:45:53.583+0700] {processor.py:186} INFO - Started process (PID=28554) to work on /Users/andreasanditya/Downloads/572392_Andreas_AirflowETL/code/.venv/lib/python3.9/site-packages/airflow/example_dags/example_setup_teardown.py
[2026-09-18T11:45:53.584+0700] {processor.py:914} INFO - Processing file /Users/andreasanditya/Downloads/572392_Andreas_AirflowETL/code/.venv/lib/python3.9/site-packages/airflow/example_dags/example_setup_teardown.py for tasks to queue
[2026-09-18T11:45:53.585+0700] {logging_mixin.py:190} INFO - [2026-09-18T11:45:53.585+0700] {dagbag.py:588} INFO - Filling up the DagBag from /Users/andreasanditya/Downloads/572392_Andreas_AirflowETL/code/.venv/lib/python3.9/site-packages/airflow/example_dags/example_setup_teardown.py
[2026-09-18T11:45:53.589+0700] {processor.py:925} INFO - DAG(s) 'example_setup_teardown' retrieved from /Users/andreasanditya/Downloads/572392_Andreas_AirflowETL/code/.venv/lib/python3.9/site-packages/airflow/example_dags/example_setup_teardown.py
[2026-09-18T11:45:53.676+0700] {logging_mixin.py:190} INFO - [2026-09-18T11:45:53.676+0700] {dag.py:3239} INFO - Sync 1 DAGs
[2026-09-18T11:45:53.682+0700] {logging_mixin.py:190} INFO - [2026-09-18T11:45:53.682+0700] {dag.py:4180} INFO - Setting next_dagrun for example_setup_teardown to None, run_after=None
[2026-09-18T11:45:53.693+0700] {processor.py:208} INFO - Processing /Users/andreasanditya/Downloads/572392_Andreas_AirflowETL/code/.venv/lib/python3.9/site-packages/airflow/example_dags/example_setup_teardown.py took 0.111 seconds
[2026-09-18T11:47:20.021+0700] {processor.py:186} INFO - Started process (PID=29454) to work on /Users/andreasanditya/Downloads/572392_Andreas_AirflowETL/code/.venv/lib/python3.9/site-packages/airflow/example_dags/example_setup_teardown.py
[2026-09-18T11:47:20.022+0700] {processor.py:914} INFO - Processing file /Users/andreasanditya/Downloads/572392_Andreas_AirflowETL/code/.venv/lib/python3.9/site-packages/airflow/example_dags/example_setup_teardown.py for tasks to queue
[2026-09-18T11:47:20.023+0700] {logging_mixin.py:190} INFO - [2026-09-18T11:47:20.023+0700] {dagbag.py:588} INFO - Filling up the DagBag from /Users/andreasanditya/Downloads/572392_Andreas_AirflowETL/code/.venv/lib/python3.9/site-packages/airflow/example_dags/example_setup_teardown.py
[2026-09-18T11:47:20.030+0700] {processor.py:925} INFO - DAG(s) 'example_setup_teardown' retrieved from /Users/andreasanditya/Downloads/572392_Andreas_AirflowETL/code/.venv/lib/python3.9/site-packages/airflow/example_dags/example_setup_teardown.py
[2026-09-18T11:47:20.115+0700] {logging_mixin.py:190} INFO - [2026-09-18T11:47:20.115+0700] {dag.py:3239} INFO - Sync 1 DAGs
[2026-09-18T11:47:20.122+0700] {logging_mixin.py:190} INFO - [2026-09-18T11:47:20.121+0700] {dag.py:4180} INFO - Setting next_dagrun for example_setup_teardown to None, run_after=None
[2026-09-18T11:47:20.132+0700] {processor.py:208} INFO - Processing /Users/andreasanditya/Downloads/572392_Andreas_AirflowETL/code/.venv/lib/python3.9/site-packages/airflow/example_dags/example_setup_teardown.py took 0.113 seconds
[2026-09-18T11:48:47.150+0700] {processor.py:186} INFO - Started process (PID=30306) to work on /Users/andreasanditya/Downloads/572392_Andreas_AirflowETL/code/.venv/lib/python3.9/site-packages/airflow/example_dags/example_setup_teardown.py
[2026-09-18T11:48:47.151+0700] {processor.py:914} INFO - Processing file /Users/andreasanditya/Downloads/572392_Andreas_AirflowETL/code/.venv/lib/python3.9/site-packages/airflow/example_dags/example_setup_teardown.py for tasks to queue
[2026-09-18T11:48:47.151+0700] {logging_mixin.py:190} INFO - [2026-09-18T11:48:47.151+0700] {dagbag.py:588} INFO - Filling up the DagBag from /Users/andreasanditya/Downloads/572392_Andreas_AirflowETL/code/.venv/lib/python3.9/site-packages/airflow/example_dags/example_setup_teardown.py
[2026-09-18T11:48:47.156+0700] {processor.py:925} INFO - DAG(s) 'example_setup_teardown' retrieved from /Users/andreasanditya/Downloads/572392_Andreas_AirflowETL/code/.venv/lib/python3.9/site-packages/airflow/example_dags/example_setup_teardown.py
[2026-09-18T11:48:47.245+0700] {logging_mixin.py:190} INFO - [2026-09-18T11:48:47.244+0700] {dag.py:3239} INFO - Sync 1 DAGs
[2026-09-18T11:48:47.251+0700] {logging_mixin.py:190} INFO - [2026-09-18T11:48:47.251+0700] {dag.py:4180} INFO - Setting next_dagrun for example_setup_teardown to None, run_after=None
[2026-09-18T11:48:47.261+0700] {processor.py:208} INFO - Processing /Users/andreasanditya/Downloads/572392_Andreas_AirflowETL/code/.venv/lib/python3.9/site-packages/airflow/example_dags/example_setup_teardown.py took 0.114 seconds
[2026-09-18T11:50:13.508+0700] {processor.py:186} INFO - Started process (PID=31218) to work on /Users/andreasanditya/Downloads/572392_Andreas_AirflowETL/code/.venv/lib/python3.9/site-packages/airflow/example_dags/example_setup_teardown.py
[2026-09-18T11:50:13.509+0700] {processor.py:914} INFO - Processing file /Users/andreasanditya/Downloads/572392_Andreas_AirflowETL/code/.venv/lib/python3.9/site-packages/airflow/example_dags/example_setup_teardown.py for tasks to queue
[2026-09-18T11:50:13.509+0700] {logging_mixin.py:190} INFO - [2026-09-18T11:50:13.509+0700] {dagbag.py:588} INFO - Filling up the DagBag from /Users/andreasanditya/Downloads/572392_Andreas_AirflowETL/code/.venv/lib/python3.9/site-packages/airflow/example_dags/example_setup_teardown.py
[2026-09-18T11:50:13.514+0700] {processor.py:925} INFO - DAG(s) 'example_setup_teardown' retrieved from /Users/andreasanditya/Downloads/572392_Andreas_AirflowETL/code/.venv/lib/python3.9/site-packages/airflow/example_dags/example_setup_teardown.py
[2026-09-18T11:50:13.601+0700] {logging_mixin.py:190} INFO - [2026-09-18T11:50:13.601+0700] {dag.py:3239} INFO - Sync 1 DAGs
[2026-09-18T11:50:13.608+0700] {logging_mixin.py:190} INFO - [2026-09-18T11:50:13.608+0700] {dag.py:4180} INFO - Setting next_dagrun for example_setup_teardown to None, run_after=None
[2026-09-18T11:50:13.618+0700] {processor.py:208} INFO - Processing /Users/andreasanditya/Downloads/572392_Andreas_AirflowETL/code/.venv/lib/python3.9/site-packages/airflow/example_dags/example_setup_teardown.py took 0.112 seconds
[2026-09-18T11:51:38.383+0700] {processor.py:186} INFO - Started process (PID=32028) to work on /Users/andreasanditya/Downloads/572392_Andreas_AirflowETL/code/.venv/lib/python3.9/site-packages/airflow/example_dags/example_setup_teardown.py
[2026-09-18T11:51:38.384+0700] {processor.py:914} INFO - Processing file /Users/andreasanditya/Downloads/572392_Andreas_AirflowETL/code/.venv/lib/python3.9/site-packages/airflow/example_dags/example_setup_teardown.py for tasks to queue
[2026-09-18T11:51:38.385+0700] {logging_mixin.py:190} INFO - [2026-09-18T11:51:38.385+0700] {dagbag.py:588} INFO - Filling up the DagBag from /Users/andreasanditya/Downloads/572392_Andreas_AirflowETL/code/.venv/lib/python3.9/site-packages/airflow/example_dags/example_setup_teardown.py
[2026-09-18T11:51:38.390+0700] {processor.py:925} INFO - DAG(s) 'example_setup_teardown' retrieved from /Users/andreasanditya/Downloads/572392_Andreas_AirflowETL/code/.venv/lib/python3.9/site-packages/airflow/example_dags/example_setup_teardown.py
[2026-09-18T11:51:38.479+0700] {logging_mixin.py:190} INFO - [2026-09-18T11:51:38.478+0700] {dag.py:3239} INFO - Sync 1 DAGs
[2026-09-18T11:51:38.485+0700] {logging_mixin.py:190} INFO - [2026-09-18T11:51:38.485+0700] {dag.py:4180} INFO - Setting next_dagrun for example_setup_teardown to None, run_after=None
[2026-09-18T11:51:38.495+0700] {processor.py:208} INFO - Processing /Users/andreasanditya/Downloads/572392_Andreas_AirflowETL/code/.venv/lib/python3.9/site-packages/airflow/example_dags/example_setup_teardown.py took 0.114 seconds
[2026-09-18T11:53:04.758+0700] {processor.py:186} INFO - Started process (PID=32930) to work on /Users/andreasanditya/Downloads/572392_Andreas_AirflowETL/code/.venv/lib/python3.9/site-packages/airflow/example_dags/example_setup_teardown.py
[2026-09-18T11:53:04.759+0700] {processor.py:914} INFO - Processing file /Users/andreasanditya/Downloads/572392_Andreas_AirflowETL/code/.venv/lib/python3.9/site-packages/airflow/example_dags/example_setup_teardown.py for tasks to queue
[2026-09-18T11:53:04.760+0700] {logging_mixin.py:190} INFO - [2026-09-18T11:53:04.760+0700] {dagbag.py:588} INFO - Filling up the DagBag from /Users/andreasanditya/Downloads/572392_Andreas_AirflowETL/code/.venv/lib/python3.9/site-packages/airflow/example_dags/example_setup_teardown.py
[2026-09-18T11:53:04.764+0700] {processor.py:925} INFO - DAG(s) 'example_setup_teardown' retrieved from /Users/andreasanditya/Downloads/572392_Andreas_AirflowETL/code/.venv/lib/python3.9/site-packages/airflow/example_dags/example_setup_teardown.py
[2026-09-18T11:53:04.851+0700] {logging_mixin.py:190} INFO - [2026-09-18T11:53:04.850+0700] {dag.py:3239} INFO - Sync 1 DAGs
[2026-09-18T11:53:04.857+0700] {logging_mixin.py:190} INFO - [2026-09-18T11:53:04.857+0700] {dag.py:4180} INFO - Setting next_dagrun for example_setup_teardown to None, run_after=None
[2026-09-18T11:53:04.867+0700] {processor.py:208} INFO - Processing /Users/andreasanditya/Downloads/572392_Andreas_AirflowETL/code/.venv/lib/python3.9/site-packages/airflow/example_dags/example_setup_teardown.py took 0.111 seconds
[2026-09-18T11:54:31.516+0700] {processor.py:186} INFO - Started process (PID=33764) to work on /Users/andreasanditya/Downloads/572392_Andreas_AirflowETL/code/.venv/lib/python3.9/site-packages/airflow/example_dags/example_setup_teardown.py
[2026-09-18T11:54:31.517+0700] {processor.py:914} INFO - Processing file /Users/andreasanditya/Downloads/572392_Andreas_AirflowETL/code/.venv/lib/python3.9/site-packages/airflow/example_dags/example_setup_teardown.py for tasks to queue
[2026-09-18T11:54:31.518+0700] {logging_mixin.py:190} INFO - [2026-09-18T11:54:31.518+0700] {dagbag.py:588} INFO - Filling up the DagBag from /Users/andreasanditya/Downloads/572392_Andreas_AirflowETL/code/.venv/lib/python3.9/site-packages/airflow/example_dags/example_setup_teardown.py
[2026-09-18T11:54:31.522+0700] {processor.py:925} INFO - DAG(s) 'example_setup_teardown' retrieved from /Users/andreasanditya/Downloads/572392_Andreas_AirflowETL/code/.venv/lib/python3.9/site-packages/airflow/example_dags/example_setup_teardown.py
[2026-09-18T11:54:31.609+0700] {logging_mixin.py:190} INFO - [2026-09-18T11:54:31.609+0700] {dag.py:3239} INFO - Sync 1 DAGs
[2026-09-18T11:54:31.615+0700] {logging_mixin.py:190} INFO - [2026-09-18T11:54:31.615+0700] {dag.py:4180} INFO - Setting next_dagrun for example_setup_teardown to None, run_after=None
[2026-09-18T11:54:31.625+0700] {processor.py:208} INFO - Processing /Users/andreasanditya/Downloads/572392_Andreas_AirflowETL/code/.venv/lib/python3.9/site-packages/airflow/example_dags/example_setup_teardown.py took 0.112 seconds
[2026-09-18T11:55:58.768+0700] {processor.py:186} INFO - Started process (PID=34690) to work on /Users/andreasanditya/Downloads/572392_Andreas_AirflowETL/code/.venv/lib/python3.9/site-packages/airflow/example_dags/example_setup_teardown.py
[2026-09-18T11:55:58.768+0700] {processor.py:914} INFO - Processing file /Users/andreasanditya/Downloads/572392_Andreas_AirflowETL/code/.venv/lib/python3.9/site-packages/airflow/example_dags/example_setup_teardown.py for tasks to queue
[2026-09-18T11:55:58.769+0700] {logging_mixin.py:190} INFO - [2026-09-18T11:55:58.769+0700] {dagbag.py:588} INFO - Filling up the DagBag from /Users/andreasanditya/Downloads/572392_Andreas_AirflowETL/code/.venv/lib/python3.9/site-packages/airflow/example_dags/example_setup_teardown.py
[2026-09-18T11:55:58.774+0700] {processor.py:925} INFO - DAG(s) 'example_setup_teardown' retrieved from /Users/andreasanditya/Downloads/572392_Andreas_AirflowETL/code/.venv/lib/python3.9/site-packages/airflow/example_dags/example_setup_teardown.py
[2026-09-18T11:55:58.860+0700] {logging_mixin.py:190} INFO - [2026-09-18T11:55:58.860+0700] {dag.py:3239} INFO - Sync 1 DAGs
[2026-09-18T11:55:58.867+0700] {logging_mixin.py:190} INFO - [2026-09-18T11:55:58.867+0700] {dag.py:4180} INFO - Setting next_dagrun for example_setup_teardown to None, run_after=None
[2026-09-18T11:55:58.877+0700] {processor.py:208} INFO - Processing /Users/andreasanditya/Downloads/572392_Andreas_AirflowETL/code/.venv/lib/python3.9/site-packages/airflow/example_dags/example_setup_teardown.py took 0.111 seconds
[2026-09-18T11:57:27.108+0700] {processor.py:186} INFO - Started process (PID=35601) to work on /Users/andreasanditya/Downloads/572392_Andreas_AirflowETL/code/.venv/lib/python3.9/site-packages/airflow/example_dags/example_setup_teardown.py
[2026-09-18T11:57:27.110+0700] {processor.py:914} INFO - Processing file /Users/andreasanditya/Downloads/572392_Andreas_AirflowETL/code/.venv/lib/python3.9/site-packages/airflow/example_dags/example_setup_teardown.py for tasks to queue
[2026-09-18T11:57:27.111+0700] {logging_mixin.py:190} INFO - [2026-09-18T11:57:27.111+0700] {dagbag.py:588} INFO - Filling up the DagBag from /Users/andreasanditya/Downloads/572392_Andreas_AirflowETL/code/.venv/lib/python3.9/site-packages/airflow/example_dags/example_setup_teardown.py
[2026-09-18T11:57:27.115+0700] {processor.py:925} INFO - DAG(s) 'example_setup_teardown' retrieved from /Users/andreasanditya/Downloads/572392_Andreas_AirflowETL/code/.venv/lib/python3.9/site-packages/airflow/example_dags/example_setup_teardown.py
[2026-09-18T11:57:27.201+0700] {logging_mixin.py:190} INFO - [2026-09-18T11:57:27.201+0700] {dag.py:3239} INFO - Sync 1 DAGs
[2026-09-18T11:57:27.207+0700] {logging_mixin.py:190} INFO - [2026-09-18T11:57:27.207+0700] {dag.py:4180} INFO - Setting next_dagrun for example_setup_teardown to None, run_after=None
[2026-09-18T11:57:27.217+0700] {processor.py:208} INFO - Processing /Users/andreasanditya/Downloads/572392_Andreas_AirflowETL/code/.venv/lib/python3.9/site-packages/airflow/example_dags/example_setup_teardown.py took 0.111 seconds
[2026-09-18T11:58:51.170+0700] {processor.py:186} INFO - Started process (PID=36410) to work on /Users/andreasanditya/Downloads/572392_Andreas_AirflowETL/code/.venv/lib/python3.9/site-packages/airflow/example_dags/example_setup_teardown.py
[2026-09-18T11:58:51.171+0700] {processor.py:914} INFO - Processing file /Users/andreasanditya/Downloads/572392_Andreas_AirflowETL/code/.venv/lib/python3.9/site-packages/airflow/example_dags/example_setup_teardown.py for tasks to queue
[2026-09-18T11:58:51.171+0700] {logging_mixin.py:190} INFO - [2026-09-18T11:58:51.171+0700] {dagbag.py:588} INFO - Filling up the DagBag from /Users/andreasanditya/Downloads/572392_Andreas_AirflowETL/code/.venv/lib/python3.9/site-packages/airflow/example_dags/example_setup_teardown.py
[2026-09-18T11:58:51.176+0700] {processor.py:925} INFO - DAG(s) 'example_setup_teardown' retrieved from /Users/andreasanditya/Downloads/572392_Andreas_AirflowETL/code/.venv/lib/python3.9/site-packages/airflow/example_dags/example_setup_teardown.py
[2026-09-18T11:58:51.263+0700] {logging_mixin.py:190} INFO - [2026-09-18T11:58:51.263+0700] {dag.py:3239} INFO - Sync 1 DAGs
[2026-09-18T11:58:51.269+0700] {logging_mixin.py:190} INFO - [2026-09-18T11:58:51.269+0700] {dag.py:4180} INFO - Setting next_dagrun for example_setup_teardown to None, run_after=None
[2026-09-18T11:58:51.279+0700] {processor.py:208} INFO - Processing /Users/andreasanditya/Downloads/572392_Andreas_AirflowETL/code/.venv/lib/python3.9/site-packages/airflow/example_dags/example_setup_teardown.py took 0.112 seconds
[2026-09-18T12:00:17.315+0700] {processor.py:186} INFO - Started process (PID=37321) to work on /Users/andreasanditya/Downloads/572392_Andreas_AirflowETL/code/.venv/lib/python3.9/site-packages/airflow/example_dags/example_setup_teardown.py
[2026-09-18T12:00:17.316+0700] {processor.py:914} INFO - Processing file /Users/andreasanditya/Downloads/572392_Andreas_AirflowETL/code/.venv/lib/python3.9/site-packages/airflow/example_dags/example_setup_teardown.py for tasks to queue
[2026-09-18T12:00:17.317+0700] {logging_mixin.py:190} INFO - [2026-09-18T12:00:17.317+0700] {dagbag.py:588} INFO - Filling up the DagBag from /Users/andreasanditya/Downloads/572392_Andreas_AirflowETL/code/.venv/lib/python3.9/site-packages/airflow/example_dags/example_setup_teardown.py
[2026-09-18T12:00:17.322+0700] {processor.py:925} INFO - DAG(s) 'example_setup_teardown' retrieved from /Users/andreasanditya/Downloads/572392_Andreas_AirflowETL/code/.venv/lib/python3.9/site-packages/airflow/example_dags/example_setup_teardown.py
[2026-09-18T12:00:17.410+0700] {logging_mixin.py:190} INFO - [2026-09-18T12:00:17.410+0700] {dag.py:3239} INFO - Sync 1 DAGs
[2026-09-18T12:00:17.416+0700] {logging_mixin.py:190} INFO - [2026-09-18T12:00:17.416+0700] {dag.py:4180} INFO - Setting next_dagrun for example_setup_teardown to None, run_after=None
[2026-09-18T12:00:17.426+0700] {processor.py:208} INFO - Processing /Users/andreasanditya/Downloads/572392_Andreas_AirflowETL/code/.venv/lib/python3.9/site-packages/airflow/example_dags/example_setup_teardown.py took 0.113 seconds
[2026-09-18T12:01:44.558+0700] {processor.py:186} INFO - Started process (PID=38158) to work on /Users/andreasanditya/Downloads/572392_Andreas_AirflowETL/code/.venv/lib/python3.9/site-packages/airflow/example_dags/example_setup_teardown.py
[2026-09-18T12:01:44.559+0700] {processor.py:914} INFO - Processing file /Users/andreasanditya/Downloads/572392_Andreas_AirflowETL/code/.venv/lib/python3.9/site-packages/airflow/example_dags/example_setup_teardown.py for tasks to queue
[2026-09-18T12:01:44.560+0700] {logging_mixin.py:190} INFO - [2026-09-18T12:01:44.560+0700] {dagbag.py:588} INFO - Filling up the DagBag from /Users/andreasanditya/Downloads/572392_Andreas_AirflowETL/code/.venv/lib/python3.9/site-packages/airflow/example_dags/example_setup_teardown.py
[2026-09-18T12:01:44.564+0700] {processor.py:925} INFO - DAG(s) 'example_setup_teardown' retrieved from /Users/andreasanditya/Downloads/572392_Andreas_AirflowETL/code/.venv/lib/python3.9/site-packages/airflow/example_dags/example_setup_teardown.py
[2026-09-18T12:01:44.651+0700] {logging_mixin.py:190} INFO - [2026-09-18T12:01:44.651+0700] {dag.py:3239} INFO - Sync 1 DAGs
[2026-09-18T12:01:44.657+0700] {logging_mixin.py:190} INFO - [2026-09-18T12:01:44.657+0700] {dag.py:4180} INFO - Setting next_dagrun for example_setup_teardown to None, run_after=None
[2026-09-18T12:01:44.667+0700] {processor.py:208} INFO - Processing /Users/andreasanditya/Downloads/572392_Andreas_AirflowETL/code/.venv/lib/python3.9/site-packages/airflow/example_dags/example_setup_teardown.py took 0.111 seconds
[2026-09-18T12:03:11.693+0700] {processor.py:186} INFO - Started process (PID=39085) to work on /Users/andreasanditya/Downloads/572392_Andreas_AirflowETL/code/.venv/lib/python3.9/site-packages/airflow/example_dags/example_setup_teardown.py
[2026-09-18T12:03:11.694+0700] {processor.py:914} INFO - Processing file /Users/andreasanditya/Downloads/572392_Andreas_AirflowETL/code/.venv/lib/python3.9/site-packages/airflow/example_dags/example_setup_teardown.py for tasks to queue
[2026-09-18T12:03:11.694+0700] {logging_mixin.py:190} INFO - [2026-09-18T12:03:11.694+0700] {dagbag.py:588} INFO - Filling up the DagBag from /Users/andreasanditya/Downloads/572392_Andreas_AirflowETL/code/.venv/lib/python3.9/site-packages/airflow/example_dags/example_setup_teardown.py
[2026-09-18T12:03:11.699+0700] {processor.py:925} INFO - DAG(s) 'example_setup_teardown' retrieved from /Users/andreasanditya/Downloads/572392_Andreas_AirflowETL/code/.venv/lib/python3.9/site-packages/airflow/example_dags/example_setup_teardown.py
[2026-09-18T12:03:11.786+0700] {logging_mixin.py:190} INFO - [2026-09-18T12:03:11.786+0700] {dag.py:3239} INFO - Sync 1 DAGs
[2026-09-18T12:03:11.792+0700] {logging_mixin.py:190} INFO - [2026-09-18T12:03:11.792+0700] {dag.py:4180} INFO - Setting next_dagrun for example_setup_teardown to None, run_after=None
[2026-09-18T12:03:11.802+0700] {processor.py:208} INFO - Processing /Users/andreasanditya/Downloads/572392_Andreas_AirflowETL/code/.venv/lib/python3.9/site-packages/airflow/example_dags/example_setup_teardown.py took 0.112 seconds
[2026-09-18T12:04:38.144+0700] {processor.py:186} INFO - Started process (PID=39904) to work on /Users/andreasanditya/Downloads/572392_Andreas_AirflowETL/code/.venv/lib/python3.9/site-packages/airflow/example_dags/example_setup_teardown.py
[2026-09-18T12:04:38.145+0700] {processor.py:914} INFO - Processing file /Users/andreasanditya/Downloads/572392_Andreas_AirflowETL/code/.venv/lib/python3.9/site-packages/airflow/example_dags/example_setup_teardown.py for tasks to queue
[2026-09-18T12:04:38.145+0700] {logging_mixin.py:190} INFO - [2026-09-18T12:04:38.145+0700] {dagbag.py:588} INFO - Filling up the DagBag from /Users/andreasanditya/Downloads/572392_Andreas_AirflowETL/code/.venv/lib/python3.9/site-packages/airflow/example_dags/example_setup_teardown.py
[2026-09-18T12:04:38.150+0700] {processor.py:925} INFO - DAG(s) 'example_setup_teardown' retrieved from /Users/andreasanditya/Downloads/572392_Andreas_AirflowETL/code/.venv/lib/python3.9/site-packages/airflow/example_dags/example_setup_teardown.py
[2026-09-18T12:04:38.237+0700] {logging_mixin.py:190} INFO - [2026-09-18T12:04:38.236+0700] {dag.py:3239} INFO - Sync 1 DAGs
[2026-09-18T12:04:38.243+0700] {logging_mixin.py:190} INFO - [2026-09-18T12:04:38.243+0700] {dag.py:4180} INFO - Setting next_dagrun for example_setup_teardown to None, run_after=None
[2026-09-18T12:04:38.253+0700] {processor.py:208} INFO - Processing /Users/andreasanditya/Downloads/572392_Andreas_AirflowETL/code/.venv/lib/python3.9/site-packages/airflow/example_dags/example_setup_teardown.py took 0.111 seconds
[2026-09-18T12:06:05.965+0700] {processor.py:186} INFO - Started process (PID=40817) to work on /Users/andreasanditya/Downloads/572392_Andreas_AirflowETL/code/.venv/lib/python3.9/site-packages/airflow/example_dags/example_setup_teardown.py
[2026-09-18T12:06:05.966+0700] {processor.py:914} INFO - Processing file /Users/andreasanditya/Downloads/572392_Andreas_AirflowETL/code/.venv/lib/python3.9/site-packages/airflow/example_dags/example_setup_teardown.py for tasks to queue
[2026-09-18T12:06:05.967+0700] {logging_mixin.py:190} INFO - [2026-09-18T12:06:05.967+0700] {dagbag.py:588} INFO - Filling up the DagBag from /Users/andreasanditya/Downloads/572392_Andreas_AirflowETL/code/.venv/lib/python3.9/site-packages/airflow/example_dags/example_setup_teardown.py
[2026-09-18T12:06:05.973+0700] {processor.py:925} INFO - DAG(s) 'example_setup_teardown' retrieved from /Users/andreasanditya/Downloads/572392_Andreas_AirflowETL/code/.venv/lib/python3.9/site-packages/airflow/example_dags/example_setup_teardown.py
[2026-09-18T12:06:06.065+0700] {logging_mixin.py:190} INFO - [2026-09-18T12:06:06.065+0700] {dag.py:3239} INFO - Sync 1 DAGs
[2026-09-18T12:06:06.072+0700] {logging_mixin.py:190} INFO - [2026-09-18T12:06:06.072+0700] {dag.py:4180} INFO - Setting next_dagrun for example_setup_teardown to None, run_after=None
[2026-09-18T12:06:06.082+0700] {processor.py:208} INFO - Processing /Users/andreasanditya/Downloads/572392_Andreas_AirflowETL/code/.venv/lib/python3.9/site-packages/airflow/example_dags/example_setup_teardown.py took 0.119 seconds
[2026-09-18T12:07:33.778+0700] {processor.py:186} INFO - Started process (PID=41723) to work on /Users/andreasanditya/Downloads/572392_Andreas_AirflowETL/code/.venv/lib/python3.9/site-packages/airflow/example_dags/example_setup_teardown.py
[2026-09-18T12:07:33.778+0700] {processor.py:914} INFO - Processing file /Users/andreasanditya/Downloads/572392_Andreas_AirflowETL/code/.venv/lib/python3.9/site-packages/airflow/example_dags/example_setup_teardown.py for tasks to queue
[2026-09-18T12:07:33.779+0700] {logging_mixin.py:190} INFO - [2026-09-18T12:07:33.779+0700] {dagbag.py:588} INFO - Filling up the DagBag from /Users/andreasanditya/Downloads/572392_Andreas_AirflowETL/code/.venv/lib/python3.9/site-packages/airflow/example_dags/example_setup_teardown.py
[2026-09-18T12:07:33.784+0700] {processor.py:925} INFO - DAG(s) 'example_setup_teardown' retrieved from /Users/andreasanditya/Downloads/572392_Andreas_AirflowETL/code/.venv/lib/python3.9/site-packages/airflow/example_dags/example_setup_teardown.py
[2026-09-18T12:07:33.874+0700] {logging_mixin.py:190} INFO - [2026-09-18T12:07:33.873+0700] {dag.py:3239} INFO - Sync 1 DAGs
[2026-09-18T12:07:33.880+0700] {logging_mixin.py:190} INFO - [2026-09-18T12:07:33.880+0700] {dag.py:4180} INFO - Setting next_dagrun for example_setup_teardown to None, run_after=None
[2026-09-18T12:07:33.890+0700] {processor.py:208} INFO - Processing /Users/andreasanditya/Downloads/572392_Andreas_AirflowETL/code/.venv/lib/python3.9/site-packages/airflow/example_dags/example_setup_teardown.py took 0.114 seconds
[2026-09-18T12:09:00.029+0700] {processor.py:186} INFO - Started process (PID=42552) to work on /Users/andreasanditya/Downloads/572392_Andreas_AirflowETL/code/.venv/lib/python3.9/site-packages/airflow/example_dags/example_setup_teardown.py
[2026-09-18T12:09:00.031+0700] {processor.py:914} INFO - Processing file /Users/andreasanditya/Downloads/572392_Andreas_AirflowETL/code/.venv/lib/python3.9/site-packages/airflow/example_dags/example_setup_teardown.py for tasks to queue
[2026-09-18T12:09:00.031+0700] {logging_mixin.py:190} INFO - [2026-09-18T12:09:00.031+0700] {dagbag.py:588} INFO - Filling up the DagBag from /Users/andreasanditya/Downloads/572392_Andreas_AirflowETL/code/.venv/lib/python3.9/site-packages/airflow/example_dags/example_setup_teardown.py
[2026-09-18T12:09:00.037+0700] {processor.py:925} INFO - DAG(s) 'example_setup_teardown' retrieved from /Users/andreasanditya/Downloads/572392_Andreas_AirflowETL/code/.venv/lib/python3.9/site-packages/airflow/example_dags/example_setup_teardown.py
[2026-09-18T12:09:00.126+0700] {logging_mixin.py:190} INFO - [2026-09-18T12:09:00.126+0700] {dag.py:3239} INFO - Sync 1 DAGs
[2026-09-18T12:09:00.133+0700] {logging_mixin.py:190} INFO - [2026-09-18T12:09:00.132+0700] {dag.py:4180} INFO - Setting next_dagrun for example_setup_teardown to None, run_after=None
[2026-09-18T12:09:00.143+0700] {processor.py:208} INFO - Processing /Users/andreasanditya/Downloads/572392_Andreas_AirflowETL/code/.venv/lib/python3.9/site-packages/airflow/example_dags/example_setup_teardown.py took 0.117 seconds
[2026-09-18T12:10:26.109+0700] {processor.py:186} INFO - Started process (PID=43470) to work on /Users/andreasanditya/Downloads/572392_Andreas_AirflowETL/code/.venv/lib/python3.9/site-packages/airflow/example_dags/example_setup_teardown.py
[2026-09-18T12:10:26.110+0700] {processor.py:914} INFO - Processing file /Users/andreasanditya/Downloads/572392_Andreas_AirflowETL/code/.venv/lib/python3.9/site-packages/airflow/example_dags/example_setup_teardown.py for tasks to queue
[2026-09-18T12:10:26.111+0700] {logging_mixin.py:190} INFO - [2026-09-18T12:10:26.111+0700] {dagbag.py:588} INFO - Filling up the DagBag from /Users/andreasanditya/Downloads/572392_Andreas_AirflowETL/code/.venv/lib/python3.9/site-packages/airflow/example_dags/example_setup_teardown.py
[2026-09-18T12:10:26.116+0700] {processor.py:925} INFO - DAG(s) 'example_setup_teardown' retrieved from /Users/andreasanditya/Downloads/572392_Andreas_AirflowETL/code/.venv/lib/python3.9/site-packages/airflow/example_dags/example_setup_teardown.py
[2026-09-18T12:10:26.202+0700] {logging_mixin.py:190} INFO - [2026-09-18T12:10:26.202+0700] {dag.py:3239} INFO - Sync 1 DAGs
[2026-09-18T12:10:26.209+0700] {logging_mixin.py:190} INFO - [2026-09-18T12:10:26.209+0700] {dag.py:4180} INFO - Setting next_dagrun for example_setup_teardown to None, run_after=None
[2026-09-18T12:10:26.219+0700] {processor.py:208} INFO - Processing /Users/andreasanditya/Downloads/572392_Andreas_AirflowETL/code/.venv/lib/python3.9/site-packages/airflow/example_dags/example_setup_teardown.py took 0.112 seconds
[2026-09-18T12:11:54.810+0700] {processor.py:186} INFO - Started process (PID=44294) to work on /Users/andreasanditya/Downloads/572392_Andreas_AirflowETL/code/.venv/lib/python3.9/site-packages/airflow/example_dags/example_setup_teardown.py
[2026-09-18T12:11:54.811+0700] {processor.py:914} INFO - Processing file /Users/andreasanditya/Downloads/572392_Andreas_AirflowETL/code/.venv/lib/python3.9/site-packages/airflow/example_dags/example_setup_teardown.py for tasks to queue
[2026-09-18T12:11:54.812+0700] {logging_mixin.py:190} INFO - [2026-09-18T12:11:54.812+0700] {dagbag.py:588} INFO - Filling up the DagBag from /Users/andreasanditya/Downloads/572392_Andreas_AirflowETL/code/.venv/lib/python3.9/site-packages/airflow/example_dags/example_setup_teardown.py
[2026-09-18T12:11:54.816+0700] {processor.py:925} INFO - DAG(s) 'example_setup_teardown' retrieved from /Users/andreasanditya/Downloads/572392_Andreas_AirflowETL/code/.venv/lib/python3.9/site-packages/airflow/example_dags/example_setup_teardown.py
[2026-09-18T12:11:54.901+0700] {logging_mixin.py:190} INFO - [2026-09-18T12:11:54.901+0700] {dag.py:3239} INFO - Sync 1 DAGs
[2026-09-18T12:11:54.907+0700] {logging_mixin.py:190} INFO - [2026-09-18T12:11:54.907+0700] {dag.py:4180} INFO - Setting next_dagrun for example_setup_teardown to None, run_after=None
[2026-09-18T12:11:54.917+0700] {processor.py:208} INFO - Processing /Users/andreasanditya/Downloads/572392_Andreas_AirflowETL/code/.venv/lib/python3.9/site-packages/airflow/example_dags/example_setup_teardown.py took 0.109 seconds
[2026-09-18T12:13:24.360+0700] {processor.py:186} INFO - Started process (PID=46022) to work on /Users/andreasanditya/Downloads/572392_Andreas_AirflowETL/code/.venv/lib/python3.9/site-packages/airflow/example_dags/example_setup_teardown.py
[2026-09-18T12:13:24.360+0700] {processor.py:914} INFO - Processing file /Users/andreasanditya/Downloads/572392_Andreas_AirflowETL/code/.venv/lib/python3.9/site-packages/airflow/example_dags/example_setup_teardown.py for tasks to queue
[2026-09-18T12:13:24.361+0700] {logging_mixin.py:190} INFO - [2026-09-18T12:13:24.361+0700] {dagbag.py:588} INFO - Filling up the DagBag from /Users/andreasanditya/Downloads/572392_Andreas_AirflowETL/code/.venv/lib/python3.9/site-packages/airflow/example_dags/example_setup_teardown.py
[2026-09-18T12:13:24.366+0700] {processor.py:925} INFO - DAG(s) 'example_setup_teardown' retrieved from /Users/andreasanditya/Downloads/572392_Andreas_AirflowETL/code/.venv/lib/python3.9/site-packages/airflow/example_dags/example_setup_teardown.py
[2026-09-18T12:13:24.460+0700] {logging_mixin.py:190} INFO - [2026-09-18T12:13:24.460+0700] {dag.py:3239} INFO - Sync 1 DAGs
[2026-09-18T12:13:24.469+0700] {logging_mixin.py:190} INFO - [2026-09-18T12:13:24.468+0700] {dag.py:4180} INFO - Setting next_dagrun for example_setup_teardown to None, run_after=None
[2026-09-18T12:13:24.480+0700] {processor.py:208} INFO - Processing /Users/andreasanditya/Downloads/572392_Andreas_AirflowETL/code/.venv/lib/python3.9/site-packages/airflow/example_dags/example_setup_teardown.py took 0.123 seconds
[2026-09-18T12:14:52.698+0700] {processor.py:186} INFO - Started process (PID=47046) to work on /Users/andreasanditya/Downloads/572392_Andreas_AirflowETL/code/.venv/lib/python3.9/site-packages/airflow/example_dags/example_setup_teardown.py
[2026-09-18T12:14:52.699+0700] {processor.py:914} INFO - Processing file /Users/andreasanditya/Downloads/572392_Andreas_AirflowETL/code/.venv/lib/python3.9/site-packages/airflow/example_dags/example_setup_teardown.py for tasks to queue
[2026-09-18T12:14:52.700+0700] {logging_mixin.py:190} INFO - [2026-09-18T12:14:52.700+0700] {dagbag.py:588} INFO - Filling up the DagBag from /Users/andreasanditya/Downloads/572392_Andreas_AirflowETL/code/.venv/lib/python3.9/site-packages/airflow/example_dags/example_setup_teardown.py
[2026-09-18T12:14:52.706+0700] {processor.py:925} INFO - DAG(s) 'example_setup_teardown' retrieved from /Users/andreasanditya/Downloads/572392_Andreas_AirflowETL/code/.venv/lib/python3.9/site-packages/airflow/example_dags/example_setup_teardown.py
[2026-09-18T12:14:52.798+0700] {logging_mixin.py:190} INFO - [2026-09-18T12:14:52.798+0700] {dag.py:3239} INFO - Sync 1 DAGs
[2026-09-18T12:14:52.805+0700] {logging_mixin.py:190} INFO - [2026-09-18T12:14:52.805+0700] {dag.py:4180} INFO - Setting next_dagrun for example_setup_teardown to None, run_after=None
[2026-09-18T12:14:52.816+0700] {processor.py:208} INFO - Processing /Users/andreasanditya/Downloads/572392_Andreas_AirflowETL/code/.venv/lib/python3.9/site-packages/airflow/example_dags/example_setup_teardown.py took 0.120 seconds
