[2026-09-18T11:17:03.170+0700] {processor.py:186} INFO - Started process (PID=10449) to work on /Users/andreasanditya/Downloads/572392_Andreas_AirflowETL/code/.venv/lib/python3.9/site-packages/airflow/example_dags/example_trigger_controller_dag.py
[2026-09-18T11:17:03.171+0700] {processor.py:914} INFO - Processing file /Users/andreasanditya/Downloads/572392_Andreas_AirflowETL/code/.venv/lib/python3.9/site-packages/airflow/example_dags/example_trigger_controller_dag.py for tasks to queue
[2026-09-18T11:17:03.172+0700] {logging_mixin.py:190} INFO - [2026-09-18T11:17:03.172+0700] {dagbag.py:588} INFO - Filling up the DagBag from /Users/andreasanditya/Downloads/572392_Andreas_AirflowETL/code/.venv/lib/python3.9/site-packages/airflow/example_dags/example_trigger_controller_dag.py
[2026-09-18T11:17:03.178+0700] {processor.py:925} INFO - DAG(s) 'example_trigger_controller_dag' retrieved from /Users/andreasanditya/Downloads/572392_Andreas_AirflowETL/code/.venv/lib/python3.9/site-packages/airflow/example_dags/example_trigger_controller_dag.py
[2026-09-18T11:17:03.309+0700] {logging_mixin.py:190} INFO - [2026-09-18T11:17:03.309+0700] {override.py:1912} INFO - Created Permission View: can delete on DAG:example_trigger_controller_dag
[2026-09-18T11:17:03.314+0700] {logging_mixin.py:190} INFO - [2026-09-18T11:17:03.314+0700] {override.py:1912} INFO - Created Permission View: can edit on DAG:example_trigger_controller_dag
[2026-09-18T11:17:03.317+0700] {logging_mixin.py:190} INFO - [2026-09-18T11:17:03.317+0700] {override.py:1912} INFO - Created Permission View: can read on DAG:example_trigger_controller_dag
[2026-09-18T11:17:03.321+0700] {logging_mixin.py:190} INFO - [2026-09-18T11:17:03.321+0700] {override.py:1912} INFO - Created Permission View: can delete on DAG Run:example_trigger_controller_dag
[2026-09-18T11:17:03.324+0700] {logging_mixin.py:190} INFO - [2026-09-18T11:17:03.324+0700] {override.py:1912} INFO - Created Permission View: can create on DAG Run:example_trigger_controller_dag
[2026-09-18T11:17:03.327+0700] {logging_mixin.py:190} INFO - [2026-09-18T11:17:03.327+0700] {override.py:1912} INFO - Created Permission View: menu access on DAG Run:example_trigger_controller_dag
[2026-09-18T11:17:03.330+0700] {logging_mixin.py:190} INFO - [2026-09-18T11:17:03.329+0700] {override.py:1912} INFO - Created Permission View: can read on DAG Run:example_trigger_controller_dag
[2026-09-18T11:17:03.330+0700] {logging_mixin.py:190} INFO - [2026-09-18T11:17:03.330+0700] {dag.py:3239} INFO - Sync 1 DAGs
[2026-09-18T11:17:03.336+0700] {logging_mixin.py:190} INFO - [2026-09-18T11:17:03.336+0700] {dag.py:3262} INFO - Creating ORM DAG for example_trigger_controller_dag
[2026-09-18T11:17:03.341+0700] {logging_mixin.py:190} INFO - [2026-09-18T11:17:03.341+0700] {dag.py:4180} INFO - Setting next_dagrun for example_trigger_controller_dag to 2021-01-01 00:00:00+00:00, run_after=2021-01-01 00:00:00+00:00
[2026-09-18T11:17:03.350+0700] {processor.py:208} INFO - Processing /Users/andreasanditya/Downloads/572392_Andreas_AirflowETL/code/.venv/lib/python3.9/site-packages/airflow/example_dags/example_trigger_controller_dag.py took 0.182 seconds
[2026-09-18T11:19:21.313+0700] {processor.py:186} INFO - Started process (PID=11866) to work on /Users/andreasanditya/Downloads/572392_Andreas_AirflowETL/code/.venv/lib/python3.9/site-packages/airflow/example_dags/example_trigger_controller_dag.py
[2026-09-18T11:19:21.314+0700] {processor.py:914} INFO - Processing file /Users/andreasanditya/Downloads/572392_Andreas_AirflowETL/code/.venv/lib/python3.9/site-packages/airflow/example_dags/example_trigger_controller_dag.py for tasks to queue
[2026-09-18T11:19:21.315+0700] {logging_mixin.py:190} INFO - [2026-09-18T11:19:21.315+0700] {dagbag.py:588} INFO - Filling up the DagBag from /Users/andreasanditya/Downloads/572392_Andreas_AirflowETL/code/.venv/lib/python3.9/site-packages/airflow/example_dags/example_trigger_controller_dag.py
[2026-09-18T11:19:21.321+0700] {processor.py:925} INFO - DAG(s) 'example_trigger_controller_dag' retrieved from /Users/andreasanditya/Downloads/572392_Andreas_AirflowETL/code/.venv/lib/python3.9/site-packages/airflow/example_dags/example_trigger_controller_dag.py
[2026-09-18T11:19:21.407+0700] {logging_mixin.py:190} INFO - [2026-09-18T11:19:21.407+0700] {dag.py:3239} INFO - Sync 1 DAGs
[2026-09-18T11:19:21.419+0700] {logging_mixin.py:190} INFO - [2026-09-18T11:19:21.418+0700] {dag.py:4180} INFO - Setting next_dagrun for example_trigger_controller_dag to 2021-01-01 00:00:00+00:00, run_after=2021-01-01 00:00:00+00:00
[2026-09-18T11:19:21.429+0700] {processor.py:208} INFO - Processing /Users/andreasanditya/Downloads/572392_Andreas_AirflowETL/code/.venv/lib/python3.9/site-packages/airflow/example_dags/example_trigger_controller_dag.py took 0.118 seconds
[2026-09-18T11:20:53.194+0700] {processor.py:186} INFO - Started process (PID=12835) to work on /Users/andreasanditya/Downloads/572392_Andreas_AirflowETL/code/.venv/lib/python3.9/site-packages/airflow/example_dags/example_trigger_controller_dag.py
[2026-09-18T11:20:53.195+0700] {processor.py:914} INFO - Processing file /Users/andreasanditya/Downloads/572392_Andreas_AirflowETL/code/.venv/lib/python3.9/site-packages/airflow/example_dags/example_trigger_controller_dag.py for tasks to queue
[2026-09-18T11:20:53.196+0700] {logging_mixin.py:190} INFO - [2026-09-18T11:20:53.196+0700] {dagbag.py:588} INFO - Filling up the DagBag from /Users/andreasanditya/Downloads/572392_Andreas_AirflowETL/code/.venv/lib/python3.9/site-packages/airflow/example_dags/example_trigger_controller_dag.py
[2026-09-18T11:20:53.202+0700] {processor.py:925} INFO - DAG(s) 'example_trigger_controller_dag' retrieved from /Users/andreasanditya/Downloads/572392_Andreas_AirflowETL/code/.venv/lib/python3.9/site-packages/airflow/example_dags/example_trigger_controller_dag.py
[2026-09-18T11:20:53.287+0700] {logging_mixin.py:190} INFO - [2026-09-18T11:20:53.287+0700] {dag.py:3239} INFO - Sync 1 DAGs
[2026-09-18T11:20:53.297+0700] {logging_mixin.py:190} INFO - [2026-09-18T11:20:53.297+0700] {dag.py:4180} INFO - Setting next_dagrun for example_trigger_controller_dag to 2021-01-01 00:00:00+00:00, run_after=2021-01-01 00:00:00+00:00
[2026-09-18T11:20:53.308+0700] {processor.py:208} INFO - Processing /Users/andreasanditya/Downloads/572392_Andreas_AirflowETL/code/.venv/lib/python3.9/site-packages/airflow/example_dags/example_trigger_controller_dag.py took 0.116 seconds
[2026-09-18T11:22:52.676+0700] {processor.py:186} INFO - Started process (PID=14167) to work on /Users/andreasanditya/Downloads/572392_Andreas_AirflowETL/code/.venv/lib/python3.9/site-packages/airflow/example_dags/example_trigger_controller_dag.py
[2026-09-18T11:22:52.677+0700] {processor.py:914} INFO - Processing file /Users/andreasanditya/Downloads/572392_Andreas_AirflowETL/code/.venv/lib/python3.9/site-packages/airflow/example_dags/example_trigger_controller_dag.py for tasks to queue
[2026-09-18T11:22:52.678+0700] {logging_mixin.py:190} INFO - [2026-09-18T11:22:52.678+0700] {dagbag.py:588} INFO - Filling up the DagBag from /Users/andreasanditya/Downloads/572392_Andreas_AirflowETL/code/.venv/lib/python3.9/site-packages/airflow/example_dags/example_trigger_controller_dag.py
[2026-09-18T11:22:52.684+0700] {processor.py:925} INFO - DAG(s) 'example_trigger_controller_dag' retrieved from /Users/andreasanditya/Downloads/572392_Andreas_AirflowETL/code/.venv/lib/python3.9/site-packages/airflow/example_dags/example_trigger_controller_dag.py
[2026-09-18T11:22:52.775+0700] {logging_mixin.py:190} INFO - [2026-09-18T11:22:52.775+0700] {dag.py:3239} INFO - Sync 1 DAGs
[2026-09-18T11:22:52.787+0700] {logging_mixin.py:190} INFO - [2026-09-18T11:22:52.787+0700] {dag.py:4180} INFO - Setting next_dagrun for example_trigger_controller_dag to 2021-01-01 00:00:00+00:00, run_after=2021-01-01 00:00:00+00:00
[2026-09-18T11:22:52.797+0700] {processor.py:208} INFO - Processing /Users/andreasanditya/Downloads/572392_Andreas_AirflowETL/code/.venv/lib/python3.9/site-packages/airflow/example_dags/example_trigger_controller_dag.py took 0.123 seconds
[2026-09-18T11:24:18.566+0700] {processor.py:186} INFO - Started process (PID=15229) to work on /Users/andreasanditya/Downloads/572392_Andreas_AirflowETL/code/.venv/lib/python3.9/site-packages/airflow/example_dags/example_trigger_controller_dag.py
[2026-09-18T11:24:18.568+0700] {processor.py:914} INFO - Processing file /Users/andreasanditya/Downloads/572392_Andreas_AirflowETL/code/.venv/lib/python3.9/site-packages/airflow/example_dags/example_trigger_controller_dag.py for tasks to queue
[2026-09-18T11:24:18.569+0700] {logging_mixin.py:190} INFO - [2026-09-18T11:24:18.569+0700] {dagbag.py:588} INFO - Filling up the DagBag from /Users/andreasanditya/Downloads/572392_Andreas_AirflowETL/code/.venv/lib/python3.9/site-packages/airflow/example_dags/example_trigger_controller_dag.py
[2026-09-18T11:24:18.580+0700] {processor.py:925} INFO - DAG(s) 'example_trigger_controller_dag' retrieved from /Users/andreasanditya/Downloads/572392_Andreas_AirflowETL/code/.venv/lib/python3.9/site-packages/airflow/example_dags/example_trigger_controller_dag.py
[2026-09-18T11:24:18.674+0700] {logging_mixin.py:190} INFO - [2026-09-18T11:24:18.674+0700] {dag.py:3239} INFO - Sync 1 DAGs
[2026-09-18T11:24:18.685+0700] {logging_mixin.py:190} INFO - [2026-09-18T11:24:18.685+0700] {dag.py:4180} INFO - Setting next_dagrun for example_trigger_controller_dag to 2021-01-01 00:00:00+00:00, run_after=2021-01-01 00:00:00+00:00
[2026-09-18T11:24:18.696+0700] {processor.py:208} INFO - Processing /Users/andreasanditya/Downloads/572392_Andreas_AirflowETL/code/.venv/lib/python3.9/site-packages/airflow/example_dags/example_trigger_controller_dag.py took 0.132 seconds
[2026-09-18T11:26:22.359+0700] {processor.py:186} INFO - Started process (PID=16467) to work on /Users/andreasanditya/Downloads/572392_Andreas_AirflowETL/code/.venv/lib/python3.9/site-packages/airflow/example_dags/example_trigger_controller_dag.py
[2026-09-18T11:26:22.361+0700] {processor.py:914} INFO - Processing file /Users/andreasanditya/Downloads/572392_Andreas_AirflowETL/code/.venv/lib/python3.9/site-packages/airflow/example_dags/example_trigger_controller_dag.py for tasks to queue
[2026-09-18T11:26:22.361+0700] {logging_mixin.py:190} INFO - [2026-09-18T11:26:22.361+0700] {dagbag.py:588} INFO - Filling up the DagBag from /Users/andreasanditya/Downloads/572392_Andreas_AirflowETL/code/.venv/lib/python3.9/site-packages/airflow/example_dags/example_trigger_controller_dag.py
[2026-09-18T11:26:22.368+0700] {processor.py:925} INFO - DAG(s) 'example_trigger_controller_dag' retrieved from /Users/andreasanditya/Downloads/572392_Andreas_AirflowETL/code/.venv/lib/python3.9/site-packages/airflow/example_dags/example_trigger_controller_dag.py
[2026-09-18T11:26:22.463+0700] {logging_mixin.py:190} INFO - [2026-09-18T11:26:22.462+0700] {dag.py:3239} INFO - Sync 1 DAGs
[2026-09-18T11:26:22.473+0700] {logging_mixin.py:190} INFO - [2026-09-18T11:26:22.473+0700] {dag.py:4180} INFO - Setting next_dagrun for example_trigger_controller_dag to 2021-01-01 00:00:00+00:00, run_after=2021-01-01 00:00:00+00:00
[2026-09-18T11:26:22.483+0700] {processor.py:208} INFO - Processing /Users/andreasanditya/Downloads/572392_Andreas_AirflowETL/code/.venv/lib/python3.9/site-packages/airflow/example_dags/example_trigger_controller_dag.py took 0.126 seconds
[2026-09-18T11:27:55.266+0700] {processor.py:186} INFO - Started process (PID=17389) to work on /Users/andreasanditya/Downloads/572392_Andreas_AirflowETL/code/.venv/lib/python3.9/site-packages/airflow/example_dags/example_trigger_controller_dag.py
[2026-09-18T11:27:55.268+0700] {processor.py:914} INFO - Processing file /Users/andreasanditya/Downloads/572392_Andreas_AirflowETL/code/.venv/lib/python3.9/site-packages/airflow/example_dags/example_trigger_controller_dag.py for tasks to queue
[2026-09-18T11:27:55.269+0700] {logging_mixin.py:190} INFO - [2026-09-18T11:27:55.268+0700] {dagbag.py:588} INFO - Filling up the DagBag from /Users/andreasanditya/Downloads/572392_Andreas_AirflowETL/code/.venv/lib/python3.9/site-packages/airflow/example_dags/example_trigger_controller_dag.py
[2026-09-18T11:27:55.274+0700] {processor.py:925} INFO - DAG(s) 'example_trigger_controller_dag' retrieved from /Users/andreasanditya/Downloads/572392_Andreas_AirflowETL/code/.venv/lib/python3.9/site-packages/airflow/example_dags/example_trigger_controller_dag.py
[2026-09-18T11:27:55.358+0700] {logging_mixin.py:190} INFO - [2026-09-18T11:27:55.358+0700] {dag.py:3239} INFO - Sync 1 DAGs
[2026-09-18T11:27:55.368+0700] {logging_mixin.py:190} INFO - [2026-09-18T11:27:55.368+0700] {dag.py:4180} INFO - Setting next_dagrun for example_trigger_controller_dag to 2021-01-01 00:00:00+00:00, run_after=2021-01-01 00:00:00+00:00
[2026-09-18T11:27:55.378+0700] {processor.py:208} INFO - Processing /Users/andreasanditya/Downloads/572392_Andreas_AirflowETL/code/.venv/lib/python3.9/site-packages/airflow/example_dags/example_trigger_controller_dag.py took 0.115 seconds
[2026-09-18T11:29:24.405+0700] {processor.py:186} INFO - Started process (PID=18327) to work on /Users/andreasanditya/Downloads/572392_Andreas_AirflowETL/code/.venv/lib/python3.9/site-packages/airflow/example_dags/example_trigger_controller_dag.py
[2026-09-18T11:29:24.407+0700] {processor.py:914} INFO - Processing file /Users/andreasanditya/Downloads/572392_Andreas_AirflowETL/code/.venv/lib/python3.9/site-packages/airflow/example_dags/example_trigger_controller_dag.py for tasks to queue
[2026-09-18T11:29:24.408+0700] {logging_mixin.py:190} INFO - [2026-09-18T11:29:24.408+0700] {dagbag.py:588} INFO - Filling up the DagBag from /Users/andreasanditya/Downloads/572392_Andreas_AirflowETL/code/.venv/lib/python3.9/site-packages/airflow/example_dags/example_trigger_controller_dag.py
[2026-09-18T11:29:24.414+0700] {processor.py:925} INFO - DAG(s) 'example_trigger_controller_dag' retrieved from /Users/andreasanditya/Downloads/572392_Andreas_AirflowETL/code/.venv/lib/python3.9/site-packages/airflow/example_dags/example_trigger_controller_dag.py
[2026-09-18T11:29:24.500+0700] {logging_mixin.py:190} INFO - [2026-09-18T11:29:24.500+0700] {dag.py:3239} INFO - Sync 1 DAGs
[2026-09-18T11:29:24.511+0700] {logging_mixin.py:190} INFO - [2026-09-18T11:29:24.510+0700] {dag.py:4180} INFO - Setting next_dagrun for example_trigger_controller_dag to 2021-01-01 00:00:00+00:00, run_after=2021-01-01 00:00:00+00:00
[2026-09-18T11:29:24.520+0700] {processor.py:208} INFO - Processing /Users/andreasanditya/Downloads/572392_Andreas_AirflowETL/code/.venv/lib/python3.9/site-packages/airflow/example_dags/example_trigger_controller_dag.py took 0.118 seconds
[2026-09-18T11:30:53.421+0700] {processor.py:186} INFO - Started process (PID=19271) to work on /Users/andreasanditya/Downloads/572392_Andreas_AirflowETL/code/.venv/lib/python3.9/site-packages/airflow/example_dags/example_trigger_controller_dag.py
[2026-09-18T11:30:53.423+0700] {processor.py:914} INFO - Processing file /Users/andreasanditya/Downloads/572392_Andreas_AirflowETL/code/.venv/lib/python3.9/site-packages/airflow/example_dags/example_trigger_controller_dag.py for tasks to queue
[2026-09-18T11:30:53.423+0700] {logging_mixin.py:190} INFO - [2026-09-18T11:30:53.423+0700] {dagbag.py:588} INFO - Filling up the DagBag from /Users/andreasanditya/Downloads/572392_Andreas_AirflowETL/code/.venv/lib/python3.9/site-packages/airflow/example_dags/example_trigger_controller_dag.py
[2026-09-18T11:30:53.429+0700] {processor.py:925} INFO - DAG(s) 'example_trigger_controller_dag' retrieved from /Users/andreasanditya/Downloads/572392_Andreas_AirflowETL/code/.venv/lib/python3.9/site-packages/airflow/example_dags/example_trigger_controller_dag.py
[2026-09-18T11:30:53.517+0700] {logging_mixin.py:190} INFO - [2026-09-18T11:30:53.517+0700] {dag.py:3239} INFO - Sync 1 DAGs
[2026-09-18T11:30:53.527+0700] {logging_mixin.py:190} INFO - [2026-09-18T11:30:53.527+0700] {dag.py:4180} INFO - Setting next_dagrun for example_trigger_controller_dag to 2021-01-01 00:00:00+00:00, run_after=2021-01-01 00:00:00+00:00
[2026-09-18T11:30:53.538+0700] {processor.py:208} INFO - Processing /Users/andreasanditya/Downloads/572392_Andreas_AirflowETL/code/.venv/lib/python3.9/site-packages/airflow/example_dags/example_trigger_controller_dag.py took 0.119 seconds
[2026-09-18T11:32:22.045+0700] {processor.py:186} INFO - Started process (PID=20101) to work on /Users/andreasanditya/Downloads/572392_Andreas_AirflowETL/code/.venv/lib/python3.9/site-packages/airflow/example_dags/example_trigger_controller_dag.py
[2026-09-18T11:32:22.047+0700] {processor.py:914} INFO - Processing file /Users/andreasanditya/Downloads/572392_Andreas_AirflowETL/code/.venv/lib/python3.9/site-packages/airflow/example_dags/example_trigger_controller_dag.py for tasks to queue
[2026-09-18T11:32:22.047+0700] {logging_mixin.py:190} INFO - [2026-09-18T11:32:22.047+0700] {dagbag.py:588} INFO - Filling up the DagBag from /Users/andreasanditya/Downloads/572392_Andreas_AirflowETL/code/.venv/lib/python3.9/site-packages/airflow/example_dags/example_trigger_controller_dag.py
[2026-09-18T11:32:22.055+0700] {processor.py:925} INFO - DAG(s) 'example_trigger_controller_dag' retrieved from /Users/andreasanditya/Downloads/572392_Andreas_AirflowETL/code/.venv/lib/python3.9/site-packages/airflow/example_dags/example_trigger_controller_dag.py
[2026-09-18T11:32:22.146+0700] {logging_mixin.py:190} INFO - [2026-09-18T11:32:22.145+0700] {dag.py:3239} INFO - Sync 1 DAGs
[2026-09-18T11:32:22.156+0700] {logging_mixin.py:190} INFO - [2026-09-18T11:32:22.156+0700] {dag.py:4180} INFO - Setting next_dagrun for example_trigger_controller_dag to 2021-01-01 00:00:00+00:00, run_after=2021-01-01 00:00:00+00:00
[2026-09-18T11:32:22.166+0700] {processor.py:208} INFO - Processing /Users/andreasanditya/Downloads/572392_Andreas_AirflowETL/code/.venv/lib/python3.9/site-packages/airflow/example_dags/example_trigger_controller_dag.py took 0.123 seconds
[2026-09-18T11:33:49.529+0700] {processor.py:186} INFO - Started process (PID=21121) to work on /Users/andreasanditya/Downloads/572392_Andreas_AirflowETL/code/.venv/lib/python3.9/site-packages/airflow/example_dags/example_trigger_controller_dag.py
[2026-09-18T11:33:49.530+0700] {processor.py:914} INFO - Processing file /Users/andreasanditya/Downloads/572392_Andreas_AirflowETL/code/.venv/lib/python3.9/site-packages/airflow/example_dags/example_trigger_controller_dag.py for tasks to queue
[2026-09-18T11:33:49.531+0700] {logging_mixin.py:190} INFO - [2026-09-18T11:33:49.531+0700] {dagbag.py:588} INFO - Filling up the DagBag from /Users/andreasanditya/Downloads/572392_Andreas_AirflowETL/code/.venv/lib/python3.9/site-packages/airflow/example_dags/example_trigger_controller_dag.py
[2026-09-18T11:33:49.537+0700] {processor.py:925} INFO - DAG(s) 'example_trigger_controller_dag' retrieved from /Users/andreasanditya/Downloads/572392_Andreas_AirflowETL/code/.venv/lib/python3.9/site-packages/airflow/example_dags/example_trigger_controller_dag.py
[2026-09-18T11:33:49.624+0700] {logging_mixin.py:190} INFO - [2026-09-18T11:33:49.624+0700] {dag.py:3239} INFO - Sync 1 DAGs
[2026-09-18T11:33:49.635+0700] {logging_mixin.py:190} INFO - [2026-09-18T11:33:49.635+0700] {dag.py:4180} INFO - Setting next_dagrun for example_trigger_controller_dag to 2021-01-01 00:00:00+00:00, run_after=2021-01-01 00:00:00+00:00
[2026-09-18T11:33:49.645+0700] {processor.py:208} INFO - Processing /Users/andreasanditya/Downloads/572392_Andreas_AirflowETL/code/.venv/lib/python3.9/site-packages/airflow/example_dags/example_trigger_controller_dag.py took 0.118 seconds
[2026-09-18T11:35:17.688+0700] {processor.py:186} INFO - Started process (PID=22081) to work on /Users/andreasanditya/Downloads/572392_Andreas_AirflowETL/code/.venv/lib/python3.9/site-packages/airflow/example_dags/example_trigger_controller_dag.py
[2026-09-18T11:35:17.689+0700] {processor.py:914} INFO - Processing file /Users/andreasanditya/Downloads/572392_Andreas_AirflowETL/code/.venv/lib/python3.9/site-packages/airflow/example_dags/example_trigger_controller_dag.py for tasks to queue
[2026-09-18T11:35:17.690+0700] {logging_mixin.py:190} INFO - [2026-09-18T11:35:17.690+0700] {dagbag.py:588} INFO - Filling up the DagBag from /Users/andreasanditya/Downloads/572392_Andreas_AirflowETL/code/.venv/lib/python3.9/site-packages/airflow/example_dags/example_trigger_controller_dag.py
[2026-09-18T11:35:17.697+0700] {processor.py:925} INFO - DAG(s) 'example_trigger_controller_dag' retrieved from /Users/andreasanditya/Downloads/572392_Andreas_AirflowETL/code/.venv/lib/python3.9/site-packages/airflow/example_dags/example_trigger_controller_dag.py
[2026-09-18T11:35:17.788+0700] {logging_mixin.py:190} INFO - [2026-09-18T11:35:17.788+0700] {dag.py:3239} INFO - Sync 1 DAGs
[2026-09-18T11:35:17.798+0700] {logging_mixin.py:190} INFO - [2026-09-18T11:35:17.798+0700] {dag.py:4180} INFO - Setting next_dagrun for example_trigger_controller_dag to 2021-01-01 00:00:00+00:00, run_after=2021-01-01 00:00:00+00:00
[2026-09-18T11:35:17.809+0700] {processor.py:208} INFO - Processing /Users/andreasanditya/Downloads/572392_Andreas_AirflowETL/code/.venv/lib/python3.9/site-packages/airflow/example_dags/example_trigger_controller_dag.py took 0.122 seconds
[2026-09-18T11:36:44.977+0700] {processor.py:186} INFO - Started process (PID=22962) to work on /Users/andreasanditya/Downloads/572392_Andreas_AirflowETL/code/.venv/lib/python3.9/site-packages/airflow/example_dags/example_trigger_controller_dag.py
[2026-09-18T11:36:44.978+0700] {processor.py:914} INFO - Processing file /Users/andreasanditya/Downloads/572392_Andreas_AirflowETL/code/.venv/lib/python3.9/site-packages/airflow/example_dags/example_trigger_controller_dag.py for tasks to queue
[2026-09-18T11:36:44.978+0700] {logging_mixin.py:190} INFO - [2026-09-18T11:36:44.978+0700] {dagbag.py:588} INFO - Filling up the DagBag from /Users/andreasanditya/Downloads/572392_Andreas_AirflowETL/code/.venv/lib/python3.9/site-packages/airflow/example_dags/example_trigger_controller_dag.py
[2026-09-18T11:36:44.985+0700] {processor.py:925} INFO - DAG(s) 'example_trigger_controller_dag' retrieved from /Users/andreasanditya/Downloads/572392_Andreas_AirflowETL/code/.venv/lib/python3.9/site-packages/airflow/example_dags/example_trigger_controller_dag.py
[2026-09-18T11:36:45.075+0700] {logging_mixin.py:190} INFO - [2026-09-18T11:36:45.075+0700] {dag.py:3239} INFO - Sync 1 DAGs
[2026-09-18T11:36:45.086+0700] {logging_mixin.py:190} INFO - [2026-09-18T11:36:45.086+0700] {dag.py:4180} INFO - Setting next_dagrun for example_trigger_controller_dag to 2021-01-01 00:00:00+00:00, run_after=2021-01-01 00:00:00+00:00
[2026-09-18T11:36:45.096+0700] {processor.py:208} INFO - Processing /Users/andreasanditya/Downloads/572392_Andreas_AirflowETL/code/.venv/lib/python3.9/site-packages/airflow/example_dags/example_trigger_controller_dag.py took 0.121 seconds
[2026-09-18T11:38:13.151+0700] {processor.py:186} INFO - Started process (PID=23928) to work on /Users/andreasanditya/Downloads/572392_Andreas_AirflowETL/code/.venv/lib/python3.9/site-packages/airflow/example_dags/example_trigger_controller_dag.py
[2026-09-18T11:38:13.152+0700] {processor.py:914} INFO - Processing file /Users/andreasanditya/Downloads/572392_Andreas_AirflowETL/code/.venv/lib/python3.9/site-packages/airflow/example_dags/example_trigger_controller_dag.py for tasks to queue
[2026-09-18T11:38:13.153+0700] {logging_mixin.py:190} INFO - [2026-09-18T11:38:13.153+0700] {dagbag.py:588} INFO - Filling up the DagBag from /Users/andreasanditya/Downloads/572392_Andreas_AirflowETL/code/.venv/lib/python3.9/site-packages/airflow/example_dags/example_trigger_controller_dag.py
[2026-09-18T11:38:13.159+0700] {processor.py:925} INFO - DAG(s) 'example_trigger_controller_dag' retrieved from /Users/andreasanditya/Downloads/572392_Andreas_AirflowETL/code/.venv/lib/python3.9/site-packages/airflow/example_dags/example_trigger_controller_dag.py
[2026-09-18T11:38:13.243+0700] {logging_mixin.py:190} INFO - [2026-09-18T11:38:13.243+0700] {dag.py:3239} INFO - Sync 1 DAGs
[2026-09-18T11:38:13.253+0700] {logging_mixin.py:190} INFO - [2026-09-18T11:38:13.253+0700] {dag.py:4180} INFO - Setting next_dagrun for example_trigger_controller_dag to 2021-01-01 00:00:00+00:00, run_after=2021-01-01 00:00:00+00:00
[2026-09-18T11:38:13.263+0700] {processor.py:208} INFO - Processing /Users/andreasanditya/Downloads/572392_Andreas_AirflowETL/code/.venv/lib/python3.9/site-packages/airflow/example_dags/example_trigger_controller_dag.py took 0.114 seconds
[2026-09-18T11:39:39.772+0700] {processor.py:186} INFO - Started process (PID=24776) to work on /Users/andreasanditya/Downloads/572392_Andreas_AirflowETL/code/.venv/lib/python3.9/site-packages/airflow/example_dags/example_trigger_controller_dag.py
[2026-09-18T11:39:39.773+0700] {processor.py:914} INFO - Processing file /Users/andreasanditya/Downloads/572392_Andreas_AirflowETL/code/.venv/lib/python3.9/site-packages/airflow/example_dags/example_trigger_controller_dag.py for tasks to queue
[2026-09-18T11:39:39.773+0700] {logging_mixin.py:190} INFO - [2026-09-18T11:39:39.773+0700] {dagbag.py:588} INFO - Filling up the DagBag from /Users/andreasanditya/Downloads/572392_Andreas_AirflowETL/code/.venv/lib/python3.9/site-packages/airflow/example_dags/example_trigger_controller_dag.py
[2026-09-18T11:39:39.780+0700] {processor.py:925} INFO - DAG(s) 'example_trigger_controller_dag' retrieved from /Users/andreasanditya/Downloads/572392_Andreas_AirflowETL/code/.venv/lib/python3.9/site-packages/airflow/example_dags/example_trigger_controller_dag.py
[2026-09-18T11:39:39.866+0700] {logging_mixin.py:190} INFO - [2026-09-18T11:39:39.866+0700] {dag.py:3239} INFO - Sync 1 DAGs
[2026-09-18T11:39:39.876+0700] {logging_mixin.py:190} INFO - [2026-09-18T11:39:39.876+0700] {dag.py:4180} INFO - Setting next_dagrun for example_trigger_controller_dag to 2021-01-01 00:00:00+00:00, run_after=2021-01-01 00:00:00+00:00
[2026-09-18T11:39:39.886+0700] {processor.py:208} INFO - Processing /Users/andreasanditya/Downloads/572392_Andreas_AirflowETL/code/.venv/lib/python3.9/site-packages/airflow/example_dags/example_trigger_controller_dag.py took 0.117 seconds
[2026-09-18T11:41:08.272+0700] {processor.py:186} INFO - Started process (PID=25697) to work on /Users/andreasanditya/Downloads/572392_Andreas_AirflowETL/code/.venv/lib/python3.9/site-packages/airflow/example_dags/example_trigger_controller_dag.py
[2026-09-18T11:41:08.273+0700] {processor.py:914} INFO - Processing file /Users/andreasanditya/Downloads/572392_Andreas_AirflowETL/code/.venv/lib/python3.9/site-packages/airflow/example_dags/example_trigger_controller_dag.py for tasks to queue
[2026-09-18T11:41:08.274+0700] {logging_mixin.py:190} INFO - [2026-09-18T11:41:08.274+0700] {dagbag.py:588} INFO - Filling up the DagBag from /Users/andreasanditya/Downloads/572392_Andreas_AirflowETL/code/.venv/lib/python3.9/site-packages/airflow/example_dags/example_trigger_controller_dag.py
[2026-09-18T11:41:08.280+0700] {processor.py:925} INFO - DAG(s) 'example_trigger_controller_dag' retrieved from /Users/andreasanditya/Downloads/572392_Andreas_AirflowETL/code/.venv/lib/python3.9/site-packages/airflow/example_dags/example_trigger_controller_dag.py
[2026-09-18T11:41:08.363+0700] {logging_mixin.py:190} INFO - [2026-09-18T11:41:08.362+0700] {dag.py:3239} INFO - Sync 1 DAGs
[2026-09-18T11:41:08.372+0700] {logging_mixin.py:190} INFO - [2026-09-18T11:41:08.372+0700] {dag.py:4180} INFO - Setting next_dagrun for example_trigger_controller_dag to 2021-01-01 00:00:00+00:00, run_after=2021-01-01 00:00:00+00:00
[2026-09-18T11:41:08.382+0700] {processor.py:208} INFO - Processing /Users/andreasanditya/Downloads/572392_Andreas_AirflowETL/code/.venv/lib/python3.9/site-packages/airflow/example_dags/example_trigger_controller_dag.py took 0.112 seconds
[2026-09-18T11:42:39.704+0700] {processor.py:186} INFO - Started process (PID=26642) to work on /Users/andreasanditya/Downloads/572392_Andreas_AirflowETL/code/.venv/lib/python3.9/site-packages/airflow/example_dags/example_trigger_controller_dag.py
[2026-09-18T11:42:39.704+0700] {processor.py:914} INFO - Processing file /Users/andreasanditya/Downloads/572392_Andreas_AirflowETL/code/.venv/lib/python3.9/site-packages/airflow/example_dags/example_trigger_controller_dag.py for tasks to queue
[2026-09-18T11:42:39.705+0700] {logging_mixin.py:190} INFO - [2026-09-18T11:42:39.705+0700] {dagbag.py:588} INFO - Filling up the DagBag from /Users/andreasanditya/Downloads/572392_Andreas_AirflowETL/code/.venv/lib/python3.9/site-packages/airflow/example_dags/example_trigger_controller_dag.py
[2026-09-18T11:42:39.711+0700] {processor.py:925} INFO - DAG(s) 'example_trigger_controller_dag' retrieved from /Users/andreasanditya/Downloads/572392_Andreas_AirflowETL/code/.venv/lib/python3.9/site-packages/airflow/example_dags/example_trigger_controller_dag.py
[2026-09-18T11:42:39.797+0700] {logging_mixin.py:190} INFO - [2026-09-18T11:42:39.797+0700] {dag.py:3239} INFO - Sync 1 DAGs
[2026-09-18T11:42:39.807+0700] {logging_mixin.py:190} INFO - [2026-09-18T11:42:39.807+0700] {dag.py:4180} INFO - Setting next_dagrun for example_trigger_controller_dag to 2021-01-01 00:00:00+00:00, run_after=2021-01-01 00:00:00+00:00
[2026-09-18T11:42:39.817+0700] {processor.py:208} INFO - Processing /Users/andreasanditya/Downloads/572392_Andreas_AirflowETL/code/.venv/lib/python3.9/site-packages/airflow/example_dags/example_trigger_controller_dag.py took 0.116 seconds
[2026-09-18T11:44:06.856+0700] {processor.py:186} INFO - Started process (PID=27535) to work on /Users/andreasanditya/Downloads/572392_Andreas_AirflowETL/code/.venv/lib/python3.9/site-packages/airflow/example_dags/example_trigger_controller_dag.py
[2026-09-18T11:44:06.857+0700] {processor.py:914} INFO - Processing file /Users/andreasanditya/Downloads/572392_Andreas_AirflowETL/code/.venv/lib/python3.9/site-packages/airflow/example_dags/example_trigger_controller_dag.py for tasks to queue
[2026-09-18T11:44:06.857+0700] {logging_mixin.py:190} INFO - [2026-09-18T11:44:06.857+0700] {dagbag.py:588} INFO - Filling up the DagBag from /Users/andreasanditya/Downloads/572392_Andreas_AirflowETL/code/.venv/lib/python3.9/site-packages/airflow/example_dags/example_trigger_controller_dag.py
[2026-09-18T11:44:06.863+0700] {processor.py:925} INFO - DAG(s) 'example_trigger_controller_dag' retrieved from /Users/andreasanditya/Downloads/572392_Andreas_AirflowETL/code/.venv/lib/python3.9/site-packages/airflow/example_dags/example_trigger_controller_dag.py
[2026-09-18T11:44:06.946+0700] {logging_mixin.py:190} INFO - [2026-09-18T11:44:06.946+0700] {dag.py:3239} INFO - Sync 1 DAGs
[2026-09-18T11:44:06.956+0700] {logging_mixin.py:190} INFO - [2026-09-18T11:44:06.956+0700] {dag.py:4180} INFO - Setting next_dagrun for example_trigger_controller_dag to 2021-01-01 00:00:00+00:00, run_after=2021-01-01 00:00:00+00:00
[2026-09-18T11:44:06.966+0700] {processor.py:208} INFO - Processing /Users/andreasanditya/Downloads/572392_Andreas_AirflowETL/code/.venv/lib/python3.9/site-packages/airflow/example_dags/example_trigger_controller_dag.py took 0.113 seconds
[2026-09-18T11:45:33.737+0700] {processor.py:186} INFO - Started process (PID=28356) to work on /Users/andreasanditya/Downloads/572392_Andreas_AirflowETL/code/.venv/lib/python3.9/site-packages/airflow/example_dags/example_trigger_controller_dag.py
[2026-09-18T11:45:33.738+0700] {processor.py:914} INFO - Processing file /Users/andreasanditya/Downloads/572392_Andreas_AirflowETL/code/.venv/lib/python3.9/site-packages/airflow/example_dags/example_trigger_controller_dag.py for tasks to queue
[2026-09-18T11:45:33.739+0700] {logging_mixin.py:190} INFO - [2026-09-18T11:45:33.738+0700] {dagbag.py:588} INFO - Filling up the DagBag from /Users/andreasanditya/Downloads/572392_Andreas_AirflowETL/code/.venv/lib/python3.9/site-packages/airflow/example_dags/example_trigger_controller_dag.py
[2026-09-18T11:45:33.744+0700] {processor.py:925} INFO - DAG(s) 'example_trigger_controller_dag' retrieved from /Users/andreasanditya/Downloads/572392_Andreas_AirflowETL/code/.venv/lib/python3.9/site-packages/airflow/example_dags/example_trigger_controller_dag.py
[2026-09-18T11:45:33.828+0700] {logging_mixin.py:190} INFO - [2026-09-18T11:45:33.827+0700] {dag.py:3239} INFO - Sync 1 DAGs
[2026-09-18T11:45:33.838+0700] {logging_mixin.py:190} INFO - [2026-09-18T11:45:33.838+0700] {dag.py:4180} INFO - Setting next_dagrun for example_trigger_controller_dag to 2021-01-01 00:00:00+00:00, run_after=2021-01-01 00:00:00+00:00
[2026-09-18T11:45:33.847+0700] {processor.py:208} INFO - Processing /Users/andreasanditya/Downloads/572392_Andreas_AirflowETL/code/.venv/lib/python3.9/site-packages/airflow/example_dags/example_trigger_controller_dag.py took 0.112 seconds
[2026-09-18T11:46:59.450+0700] {processor.py:186} INFO - Started process (PID=29257) to work on /Users/andreasanditya/Downloads/572392_Andreas_AirflowETL/code/.venv/lib/python3.9/site-packages/airflow/example_dags/example_trigger_controller_dag.py
[2026-09-18T11:46:59.451+0700] {processor.py:914} INFO - Processing file /Users/andreasanditya/Downloads/572392_Andreas_AirflowETL/code/.venv/lib/python3.9/site-packages/airflow/example_dags/example_trigger_controller_dag.py for tasks to queue
[2026-09-18T11:46:59.452+0700] {logging_mixin.py:190} INFO - [2026-09-18T11:46:59.452+0700] {dagbag.py:588} INFO - Filling up the DagBag from /Users/andreasanditya/Downloads/572392_Andreas_AirflowETL/code/.venv/lib/python3.9/site-packages/airflow/example_dags/example_trigger_controller_dag.py
[2026-09-18T11:46:59.458+0700] {processor.py:925} INFO - DAG(s) 'example_trigger_controller_dag' retrieved from /Users/andreasanditya/Downloads/572392_Andreas_AirflowETL/code/.venv/lib/python3.9/site-packages/airflow/example_dags/example_trigger_controller_dag.py
[2026-09-18T11:46:59.542+0700] {logging_mixin.py:190} INFO - [2026-09-18T11:46:59.542+0700] {dag.py:3239} INFO - Sync 1 DAGs
[2026-09-18T11:46:59.553+0700] {logging_mixin.py:190} INFO - [2026-09-18T11:46:59.552+0700] {dag.py:4180} INFO - Setting next_dagrun for example_trigger_controller_dag to 2021-01-01 00:00:00+00:00, run_after=2021-01-01 00:00:00+00:00
[2026-09-18T11:46:59.563+0700] {processor.py:208} INFO - Processing /Users/andreasanditya/Downloads/572392_Andreas_AirflowETL/code/.venv/lib/python3.9/site-packages/airflow/example_dags/example_trigger_controller_dag.py took 0.114 seconds
[2026-09-18T11:48:27.455+0700] {processor.py:186} INFO - Started process (PID=30104) to work on /Users/andreasanditya/Downloads/572392_Andreas_AirflowETL/code/.venv/lib/python3.9/site-packages/airflow/example_dags/example_trigger_controller_dag.py
[2026-09-18T11:48:27.456+0700] {processor.py:914} INFO - Processing file /Users/andreasanditya/Downloads/572392_Andreas_AirflowETL/code/.venv/lib/python3.9/site-packages/airflow/example_dags/example_trigger_controller_dag.py for tasks to queue
[2026-09-18T11:48:27.457+0700] {logging_mixin.py:190} INFO - [2026-09-18T11:48:27.457+0700] {dagbag.py:588} INFO - Filling up the DagBag from /Users/andreasanditya/Downloads/572392_Andreas_AirflowETL/code/.venv/lib/python3.9/site-packages/airflow/example_dags/example_trigger_controller_dag.py
[2026-09-18T11:48:27.463+0700] {processor.py:925} INFO - DAG(s) 'example_trigger_controller_dag' retrieved from /Users/andreasanditya/Downloads/572392_Andreas_AirflowETL/code/.venv/lib/python3.9/site-packages/airflow/example_dags/example_trigger_controller_dag.py
[2026-09-18T11:48:27.551+0700] {logging_mixin.py:190} INFO - [2026-09-18T11:48:27.550+0700] {dag.py:3239} INFO - Sync 1 DAGs
[2026-09-18T11:48:27.561+0700] {logging_mixin.py:190} INFO - [2026-09-18T11:48:27.561+0700] {dag.py:4180} INFO - Setting next_dagrun for example_trigger_controller_dag to 2021-01-01 00:00:00+00:00, run_after=2021-01-01 00:00:00+00:00
[2026-09-18T11:48:27.571+0700] {processor.py:208} INFO - Processing /Users/andreasanditya/Downloads/572392_Andreas_AirflowETL/code/.venv/lib/python3.9/site-packages/airflow/example_dags/example_trigger_controller_dag.py took 0.118 seconds
[2026-09-18T11:49:53.404+0700] {processor.py:186} INFO - Started process (PID=31007) to work on /Users/andreasanditya/Downloads/572392_Andreas_AirflowETL/code/.venv/lib/python3.9/site-packages/airflow/example_dags/example_trigger_controller_dag.py
[2026-09-18T11:49:53.405+0700] {processor.py:914} INFO - Processing file /Users/andreasanditya/Downloads/572392_Andreas_AirflowETL/code/.venv/lib/python3.9/site-packages/airflow/example_dags/example_trigger_controller_dag.py for tasks to queue
[2026-09-18T11:49:53.406+0700] {logging_mixin.py:190} INFO - [2026-09-18T11:49:53.406+0700] {dagbag.py:588} INFO - Filling up the DagBag from /Users/andreasanditya/Downloads/572392_Andreas_AirflowETL/code/.venv/lib/python3.9/site-packages/airflow/example_dags/example_trigger_controller_dag.py
[2026-09-18T11:49:53.411+0700] {processor.py:925} INFO - DAG(s) 'example_trigger_controller_dag' retrieved from /Users/andreasanditya/Downloads/572392_Andreas_AirflowETL/code/.venv/lib/python3.9/site-packages/airflow/example_dags/example_trigger_controller_dag.py
[2026-09-18T11:49:53.493+0700] {logging_mixin.py:190} INFO - [2026-09-18T11:49:53.493+0700] {dag.py:3239} INFO - Sync 1 DAGs
[2026-09-18T11:49:53.503+0700] {logging_mixin.py:190} INFO - [2026-09-18T11:49:53.503+0700] {dag.py:4180} INFO - Setting next_dagrun for example_trigger_controller_dag to 2021-01-01 00:00:00+00:00, run_after=2021-01-01 00:00:00+00:00
[2026-09-18T11:49:53.513+0700] {processor.py:208} INFO - Processing /Users/andreasanditya/Downloads/572392_Andreas_AirflowETL/code/.venv/lib/python3.9/site-packages/airflow/example_dags/example_trigger_controller_dag.py took 0.111 seconds
[2026-09-18T11:51:18.535+0700] {processor.py:186} INFO - Started process (PID=31829) to work on /Users/andreasanditya/Downloads/572392_Andreas_AirflowETL/code/.venv/lib/python3.9/site-packages/airflow/example_dags/example_trigger_controller_dag.py
[2026-09-18T11:51:18.536+0700] {processor.py:914} INFO - Processing file /Users/andreasanditya/Downloads/572392_Andreas_AirflowETL/code/.venv/lib/python3.9/site-packages/airflow/example_dags/example_trigger_controller_dag.py for tasks to queue
[2026-09-18T11:51:18.537+0700] {logging_mixin.py:190} INFO - [2026-09-18T11:51:18.537+0700] {dagbag.py:588} INFO - Filling up the DagBag from /Users/andreasanditya/Downloads/572392_Andreas_AirflowETL/code/.venv/lib/python3.9/site-packages/airflow/example_dags/example_trigger_controller_dag.py
[2026-09-18T11:51:18.543+0700] {processor.py:925} INFO - DAG(s) 'example_trigger_controller_dag' retrieved from /Users/andreasanditya/Downloads/572392_Andreas_AirflowETL/code/.venv/lib/python3.9/site-packages/airflow/example_dags/example_trigger_controller_dag.py
[2026-09-18T11:51:18.629+0700] {logging_mixin.py:190} INFO - [2026-09-18T11:51:18.629+0700] {dag.py:3239} INFO - Sync 1 DAGs
[2026-09-18T11:51:18.641+0700] {logging_mixin.py:190} INFO - [2026-09-18T11:51:18.641+0700] {dag.py:4180} INFO - Setting next_dagrun for example_trigger_controller_dag to 2021-01-01 00:00:00+00:00, run_after=2021-01-01 00:00:00+00:00
[2026-09-18T11:51:18.652+0700] {processor.py:208} INFO - Processing /Users/andreasanditya/Downloads/572392_Andreas_AirflowETL/code/.venv/lib/python3.9/site-packages/airflow/example_dags/example_trigger_controller_dag.py took 0.119 seconds
[2026-09-18T11:52:44.397+0700] {processor.py:186} INFO - Started process (PID=32734) to work on /Users/andreasanditya/Downloads/572392_Andreas_AirflowETL/code/.venv/lib/python3.9/site-packages/airflow/example_dags/example_trigger_controller_dag.py
[2026-09-18T11:52:44.399+0700] {processor.py:914} INFO - Processing file /Users/andreasanditya/Downloads/572392_Andreas_AirflowETL/code/.venv/lib/python3.9/site-packages/airflow/example_dags/example_trigger_controller_dag.py for tasks to queue
[2026-09-18T11:52:44.400+0700] {logging_mixin.py:190} INFO - [2026-09-18T11:52:44.400+0700] {dagbag.py:588} INFO - Filling up the DagBag from /Users/andreasanditya/Downloads/572392_Andreas_AirflowETL/code/.venv/lib/python3.9/site-packages/airflow/example_dags/example_trigger_controller_dag.py
[2026-09-18T11:52:44.406+0700] {processor.py:925} INFO - DAG(s) 'example_trigger_controller_dag' retrieved from /Users/andreasanditya/Downloads/572392_Andreas_AirflowETL/code/.venv/lib/python3.9/site-packages/airflow/example_dags/example_trigger_controller_dag.py
[2026-09-18T11:52:44.490+0700] {logging_mixin.py:190} INFO - [2026-09-18T11:52:44.489+0700] {dag.py:3239} INFO - Sync 1 DAGs
[2026-09-18T11:52:44.499+0700] {logging_mixin.py:190} INFO - [2026-09-18T11:52:44.499+0700] {dag.py:4180} INFO - Setting next_dagrun for example_trigger_controller_dag to 2021-01-01 00:00:00+00:00, run_after=2021-01-01 00:00:00+00:00
[2026-09-18T11:52:44.509+0700] {processor.py:208} INFO - Processing /Users/andreasanditya/Downloads/572392_Andreas_AirflowETL/code/.venv/lib/python3.9/site-packages/airflow/example_dags/example_trigger_controller_dag.py took 0.114 seconds
[2026-09-18T11:54:11.187+0700] {processor.py:186} INFO - Started process (PID=33558) to work on /Users/andreasanditya/Downloads/572392_Andreas_AirflowETL/code/.venv/lib/python3.9/site-packages/airflow/example_dags/example_trigger_controller_dag.py
[2026-09-18T11:54:11.189+0700] {processor.py:914} INFO - Processing file /Users/andreasanditya/Downloads/572392_Andreas_AirflowETL/code/.venv/lib/python3.9/site-packages/airflow/example_dags/example_trigger_controller_dag.py for tasks to queue
[2026-09-18T11:54:11.189+0700] {logging_mixin.py:190} INFO - [2026-09-18T11:54:11.189+0700] {dagbag.py:588} INFO - Filling up the DagBag from /Users/andreasanditya/Downloads/572392_Andreas_AirflowETL/code/.venv/lib/python3.9/site-packages/airflow/example_dags/example_trigger_controller_dag.py
[2026-09-18T11:54:11.195+0700] {processor.py:925} INFO - DAG(s) 'example_trigger_controller_dag' retrieved from /Users/andreasanditya/Downloads/572392_Andreas_AirflowETL/code/.venv/lib/python3.9/site-packages/airflow/example_dags/example_trigger_controller_dag.py
[2026-09-18T11:54:11.279+0700] {logging_mixin.py:190} INFO - [2026-09-18T11:54:11.278+0700] {dag.py:3239} INFO - Sync 1 DAGs
[2026-09-18T11:54:11.289+0700] {logging_mixin.py:190} INFO - [2026-09-18T11:54:11.288+0700] {dag.py:4180} INFO - Setting next_dagrun for example_trigger_controller_dag to 2021-01-01 00:00:00+00:00, run_after=2021-01-01 00:00:00+00:00
[2026-09-18T11:54:11.298+0700] {processor.py:208} INFO - Processing /Users/andreasanditya/Downloads/572392_Andreas_AirflowETL/code/.venv/lib/python3.9/site-packages/airflow/example_dags/example_trigger_controller_dag.py took 0.113 seconds
[2026-09-18T11:55:39.156+0700] {processor.py:186} INFO - Started process (PID=34481) to work on /Users/andreasanditya/Downloads/572392_Andreas_AirflowETL/code/.venv/lib/python3.9/site-packages/airflow/example_dags/example_trigger_controller_dag.py
[2026-09-18T11:55:39.159+0700] {processor.py:914} INFO - Processing file /Users/andreasanditya/Downloads/572392_Andreas_AirflowETL/code/.venv/lib/python3.9/site-packages/airflow/example_dags/example_trigger_controller_dag.py for tasks to queue
[2026-09-18T11:55:39.159+0700] {logging_mixin.py:190} INFO - [2026-09-18T11:55:39.159+0700] {dagbag.py:588} INFO - Filling up the DagBag from /Users/andreasanditya/Downloads/572392_Andreas_AirflowETL/code/.venv/lib/python3.9/site-packages/airflow/example_dags/example_trigger_controller_dag.py
[2026-09-18T11:55:39.165+0700] {processor.py:925} INFO - DAG(s) 'example_trigger_controller_dag' retrieved from /Users/andreasanditya/Downloads/572392_Andreas_AirflowETL/code/.venv/lib/python3.9/site-packages/airflow/example_dags/example_trigger_controller_dag.py
[2026-09-18T11:55:39.248+0700] {logging_mixin.py:190} INFO - [2026-09-18T11:55:39.248+0700] {dag.py:3239} INFO - Sync 1 DAGs
[2026-09-18T11:55:39.258+0700] {logging_mixin.py:190} INFO - [2026-09-18T11:55:39.258+0700] {dag.py:4180} INFO - Setting next_dagrun for example_trigger_controller_dag to 2021-01-01 00:00:00+00:00, run_after=2021-01-01 00:00:00+00:00
[2026-09-18T11:55:39.268+0700] {processor.py:208} INFO - Processing /Users/andreasanditya/Downloads/572392_Andreas_AirflowETL/code/.venv/lib/python3.9/site-packages/airflow/example_dags/example_trigger_controller_dag.py took 0.113 seconds
[2026-09-18T11:57:06.255+0700] {processor.py:186} INFO - Started process (PID=35392) to work on /Users/andreasanditya/Downloads/572392_Andreas_AirflowETL/code/.venv/lib/python3.9/site-packages/airflow/example_dags/example_trigger_controller_dag.py
[2026-09-18T11:57:06.256+0700] {processor.py:914} INFO - Processing file /Users/andreasanditya/Downloads/572392_Andreas_AirflowETL/code/.venv/lib/python3.9/site-packages/airflow/example_dags/example_trigger_controller_dag.py for tasks to queue
[2026-09-18T11:57:06.256+0700] {logging_mixin.py:190} INFO - [2026-09-18T11:57:06.256+0700] {dagbag.py:588} INFO - Filling up the DagBag from /Users/andreasanditya/Downloads/572392_Andreas_AirflowETL/code/.venv/lib/python3.9/site-packages/airflow/example_dags/example_trigger_controller_dag.py
[2026-09-18T11:57:06.262+0700] {processor.py:925} INFO - DAG(s) 'example_trigger_controller_dag' retrieved from /Users/andreasanditya/Downloads/572392_Andreas_AirflowETL/code/.venv/lib/python3.9/site-packages/airflow/example_dags/example_trigger_controller_dag.py
[2026-09-18T11:57:06.346+0700] {logging_mixin.py:190} INFO - [2026-09-18T11:57:06.346+0700] {dag.py:3239} INFO - Sync 1 DAGs
[2026-09-18T11:57:06.356+0700] {logging_mixin.py:190} INFO - [2026-09-18T11:57:06.356+0700] {dag.py:4180} INFO - Setting next_dagrun for example_trigger_controller_dag to 2021-01-01 00:00:00+00:00, run_after=2021-01-01 00:00:00+00:00
[2026-09-18T11:57:06.366+0700] {processor.py:208} INFO - Processing /Users/andreasanditya/Downloads/572392_Andreas_AirflowETL/code/.venv/lib/python3.9/site-packages/airflow/example_dags/example_trigger_controller_dag.py took 0.114 seconds
[2026-09-18T11:58:32.926+0700] {processor.py:186} INFO - Started process (PID=36211) to work on /Users/andreasanditya/Downloads/572392_Andreas_AirflowETL/code/.venv/lib/python3.9/site-packages/airflow/example_dags/example_trigger_controller_dag.py
[2026-09-18T11:58:32.927+0700] {processor.py:914} INFO - Processing file /Users/andreasanditya/Downloads/572392_Andreas_AirflowETL/code/.venv/lib/python3.9/site-packages/airflow/example_dags/example_trigger_controller_dag.py for tasks to queue
[2026-09-18T11:58:32.928+0700] {logging_mixin.py:190} INFO - [2026-09-18T11:58:32.928+0700] {dagbag.py:588} INFO - Filling up the DagBag from /Users/andreasanditya/Downloads/572392_Andreas_AirflowETL/code/.venv/lib/python3.9/site-packages/airflow/example_dags/example_trigger_controller_dag.py
[2026-09-18T11:58:32.934+0700] {processor.py:925} INFO - DAG(s) 'example_trigger_controller_dag' retrieved from /Users/andreasanditya/Downloads/572392_Andreas_AirflowETL/code/.venv/lib/python3.9/site-packages/airflow/example_dags/example_trigger_controller_dag.py
[2026-09-18T11:58:33.019+0700] {logging_mixin.py:190} INFO - [2026-09-18T11:58:33.019+0700] {dag.py:3239} INFO - Sync 1 DAGs
[2026-09-18T11:58:33.029+0700] {logging_mixin.py:190} INFO - [2026-09-18T11:58:33.029+0700] {dag.py:4180} INFO - Setting next_dagrun for example_trigger_controller_dag to 2021-01-01 00:00:00+00:00, run_after=2021-01-01 00:00:00+00:00
[2026-09-18T11:58:33.038+0700] {processor.py:208} INFO - Processing /Users/andreasanditya/Downloads/572392_Andreas_AirflowETL/code/.venv/lib/python3.9/site-packages/airflow/example_dags/example_trigger_controller_dag.py took 0.114 seconds
[2026-09-18T11:59:56.940+0700] {processor.py:186} INFO - Started process (PID=37118) to work on /Users/andreasanditya/Downloads/572392_Andreas_AirflowETL/code/.venv/lib/python3.9/site-packages/airflow/example_dags/example_trigger_controller_dag.py
[2026-09-18T11:59:56.942+0700] {processor.py:914} INFO - Processing file /Users/andreasanditya/Downloads/572392_Andreas_AirflowETL/code/.venv/lib/python3.9/site-packages/airflow/example_dags/example_trigger_controller_dag.py for tasks to queue
[2026-09-18T11:59:56.943+0700] {logging_mixin.py:190} INFO - [2026-09-18T11:59:56.943+0700] {dagbag.py:588} INFO - Filling up the DagBag from /Users/andreasanditya/Downloads/572392_Andreas_AirflowETL/code/.venv/lib/python3.9/site-packages/airflow/example_dags/example_trigger_controller_dag.py
[2026-09-18T11:59:56.948+0700] {processor.py:925} INFO - DAG(s) 'example_trigger_controller_dag' retrieved from /Users/andreasanditya/Downloads/572392_Andreas_AirflowETL/code/.venv/lib/python3.9/site-packages/airflow/example_dags/example_trigger_controller_dag.py
[2026-09-18T11:59:57.030+0700] {logging_mixin.py:190} INFO - [2026-09-18T11:59:57.030+0700] {dag.py:3239} INFO - Sync 1 DAGs
[2026-09-18T11:59:57.040+0700] {logging_mixin.py:190} INFO - [2026-09-18T11:59:57.040+0700] {dag.py:4180} INFO - Setting next_dagrun for example_trigger_controller_dag to 2021-01-01 00:00:00+00:00, run_after=2021-01-01 00:00:00+00:00
[2026-09-18T11:59:57.050+0700] {processor.py:208} INFO - Processing /Users/andreasanditya/Downloads/572392_Andreas_AirflowETL/code/.venv/lib/python3.9/site-packages/airflow/example_dags/example_trigger_controller_dag.py took 0.112 seconds
[2026-09-18T12:01:24.036+0700] {processor.py:186} INFO - Started process (PID=37944) to work on /Users/andreasanditya/Downloads/572392_Andreas_AirflowETL/code/.venv/lib/python3.9/site-packages/airflow/example_dags/example_trigger_controller_dag.py
[2026-09-18T12:01:24.037+0700] {processor.py:914} INFO - Processing file /Users/andreasanditya/Downloads/572392_Andreas_AirflowETL/code/.venv/lib/python3.9/site-packages/airflow/example_dags/example_trigger_controller_dag.py for tasks to queue
[2026-09-18T12:01:24.038+0700] {logging_mixin.py:190} INFO - [2026-09-18T12:01:24.038+0700] {dagbag.py:588} INFO - Filling up the DagBag from /Users/andreasanditya/Downloads/572392_Andreas_AirflowETL/code/.venv/lib/python3.9/site-packages/airflow/example_dags/example_trigger_controller_dag.py
[2026-09-18T12:01:24.044+0700] {processor.py:925} INFO - DAG(s) 'example_trigger_controller_dag' retrieved from /Users/andreasanditya/Downloads/572392_Andreas_AirflowETL/code/.venv/lib/python3.9/site-packages/airflow/example_dags/example_trigger_controller_dag.py
[2026-09-18T12:01:24.128+0700] {logging_mixin.py:190} INFO - [2026-09-18T12:01:24.128+0700] {dag.py:3239} INFO - Sync 1 DAGs
[2026-09-18T12:01:24.138+0700] {logging_mixin.py:190} INFO - [2026-09-18T12:01:24.138+0700] {dag.py:4180} INFO - Setting next_dagrun for example_trigger_controller_dag to 2021-01-01 00:00:00+00:00, run_after=2021-01-01 00:00:00+00:00
[2026-09-18T12:01:24.148+0700] {processor.py:208} INFO - Processing /Users/andreasanditya/Downloads/572392_Andreas_AirflowETL/code/.venv/lib/python3.9/site-packages/airflow/example_dags/example_trigger_controller_dag.py took 0.114 seconds
[2026-09-18T12:02:52.025+0700] {processor.py:186} INFO - Started process (PID=38872) to work on /Users/andreasanditya/Downloads/572392_Andreas_AirflowETL/code/.venv/lib/python3.9/site-packages/airflow/example_dags/example_trigger_controller_dag.py
[2026-09-18T12:02:52.026+0700] {processor.py:914} INFO - Processing file /Users/andreasanditya/Downloads/572392_Andreas_AirflowETL/code/.venv/lib/python3.9/site-packages/airflow/example_dags/example_trigger_controller_dag.py for tasks to queue
[2026-09-18T12:02:52.027+0700] {logging_mixin.py:190} INFO - [2026-09-18T12:02:52.027+0700] {dagbag.py:588} INFO - Filling up the DagBag from /Users/andreasanditya/Downloads/572392_Andreas_AirflowETL/code/.venv/lib/python3.9/site-packages/airflow/example_dags/example_trigger_controller_dag.py
[2026-09-18T12:02:52.033+0700] {processor.py:925} INFO - DAG(s) 'example_trigger_controller_dag' retrieved from /Users/andreasanditya/Downloads/572392_Andreas_AirflowETL/code/.venv/lib/python3.9/site-packages/airflow/example_dags/example_trigger_controller_dag.py
[2026-09-18T12:02:52.116+0700] {logging_mixin.py:190} INFO - [2026-09-18T12:02:52.115+0700] {dag.py:3239} INFO - Sync 1 DAGs
[2026-09-18T12:02:52.126+0700] {logging_mixin.py:190} INFO - [2026-09-18T12:02:52.126+0700] {dag.py:4180} INFO - Setting next_dagrun for example_trigger_controller_dag to 2021-01-01 00:00:00+00:00, run_after=2021-01-01 00:00:00+00:00
[2026-09-18T12:02:52.135+0700] {processor.py:208} INFO - Processing /Users/andreasanditya/Downloads/572392_Andreas_AirflowETL/code/.venv/lib/python3.9/site-packages/airflow/example_dags/example_trigger_controller_dag.py took 0.112 seconds
[2026-09-18T12:04:17.963+0700] {processor.py:186} INFO - Started process (PID=39705) to work on /Users/andreasanditya/Downloads/572392_Andreas_AirflowETL/code/.venv/lib/python3.9/site-packages/airflow/example_dags/example_trigger_controller_dag.py
[2026-09-18T12:04:17.964+0700] {processor.py:914} INFO - Processing file /Users/andreasanditya/Downloads/572392_Andreas_AirflowETL/code/.venv/lib/python3.9/site-packages/airflow/example_dags/example_trigger_controller_dag.py for tasks to queue
[2026-09-18T12:04:17.964+0700] {logging_mixin.py:190} INFO - [2026-09-18T12:04:17.964+0700] {dagbag.py:588} INFO - Filling up the DagBag from /Users/andreasanditya/Downloads/572392_Andreas_AirflowETL/code/.venv/lib/python3.9/site-packages/airflow/example_dags/example_trigger_controller_dag.py
[2026-09-18T12:04:17.970+0700] {processor.py:925} INFO - DAG(s) 'example_trigger_controller_dag' retrieved from /Users/andreasanditya/Downloads/572392_Andreas_AirflowETL/code/.venv/lib/python3.9/site-packages/airflow/example_dags/example_trigger_controller_dag.py
[2026-09-18T12:04:18.054+0700] {logging_mixin.py:190} INFO - [2026-09-18T12:04:18.054+0700] {dag.py:3239} INFO - Sync 1 DAGs
[2026-09-18T12:04:18.064+0700] {logging_mixin.py:190} INFO - [2026-09-18T12:04:18.064+0700] {dag.py:4180} INFO - Setting next_dagrun for example_trigger_controller_dag to 2021-01-01 00:00:00+00:00, run_after=2021-01-01 00:00:00+00:00
[2026-09-18T12:04:18.075+0700] {processor.py:208} INFO - Processing /Users/andreasanditya/Downloads/572392_Andreas_AirflowETL/code/.venv/lib/python3.9/site-packages/airflow/example_dags/example_trigger_controller_dag.py took 0.115 seconds
[2026-09-18T12:05:44.531+0700] {processor.py:186} INFO - Started process (PID=40614) to work on /Users/andreasanditya/Downloads/572392_Andreas_AirflowETL/code/.venv/lib/python3.9/site-packages/airflow/example_dags/example_trigger_controller_dag.py
[2026-09-18T12:05:44.532+0700] {processor.py:914} INFO - Processing file /Users/andreasanditya/Downloads/572392_Andreas_AirflowETL/code/.venv/lib/python3.9/site-packages/airflow/example_dags/example_trigger_controller_dag.py for tasks to queue
[2026-09-18T12:05:44.533+0700] {logging_mixin.py:190} INFO - [2026-09-18T12:05:44.533+0700] {dagbag.py:588} INFO - Filling up the DagBag from /Users/andreasanditya/Downloads/572392_Andreas_AirflowETL/code/.venv/lib/python3.9/site-packages/airflow/example_dags/example_trigger_controller_dag.py
[2026-09-18T12:05:44.539+0700] {processor.py:925} INFO - DAG(s) 'example_trigger_controller_dag' retrieved from /Users/andreasanditya/Downloads/572392_Andreas_AirflowETL/code/.venv/lib/python3.9/site-packages/airflow/example_dags/example_trigger_controller_dag.py
[2026-09-18T12:05:44.626+0700] {logging_mixin.py:190} INFO - [2026-09-18T12:05:44.626+0700] {dag.py:3239} INFO - Sync 1 DAGs
[2026-09-18T12:05:44.636+0700] {logging_mixin.py:190} INFO - [2026-09-18T12:05:44.636+0700] {dag.py:4180} INFO - Setting next_dagrun for example_trigger_controller_dag to 2021-01-01 00:00:00+00:00, run_after=2021-01-01 00:00:00+00:00
[2026-09-18T12:05:44.646+0700] {processor.py:208} INFO - Processing /Users/andreasanditya/Downloads/572392_Andreas_AirflowETL/code/.venv/lib/python3.9/site-packages/airflow/example_dags/example_trigger_controller_dag.py took 0.117 seconds
[2026-09-18T12:07:12.668+0700] {processor.py:186} INFO - Started process (PID=41528) to work on /Users/andreasanditya/Downloads/572392_Andreas_AirflowETL/code/.venv/lib/python3.9/site-packages/airflow/example_dags/example_trigger_controller_dag.py
[2026-09-18T12:07:12.669+0700] {processor.py:914} INFO - Processing file /Users/andreasanditya/Downloads/572392_Andreas_AirflowETL/code/.venv/lib/python3.9/site-packages/airflow/example_dags/example_trigger_controller_dag.py for tasks to queue
[2026-09-18T12:07:12.670+0700] {logging_mixin.py:190} INFO - [2026-09-18T12:07:12.670+0700] {dagbag.py:588} INFO - Filling up the DagBag from /Users/andreasanditya/Downloads/572392_Andreas_AirflowETL/code/.venv/lib/python3.9/site-packages/airflow/example_dags/example_trigger_controller_dag.py
[2026-09-18T12:07:12.676+0700] {processor.py:925} INFO - DAG(s) 'example_trigger_controller_dag' retrieved from /Users/andreasanditya/Downloads/572392_Andreas_AirflowETL/code/.venv/lib/python3.9/site-packages/airflow/example_dags/example_trigger_controller_dag.py
[2026-09-18T12:07:12.761+0700] {logging_mixin.py:190} INFO - [2026-09-18T12:07:12.760+0700] {dag.py:3239} INFO - Sync 1 DAGs
[2026-09-18T12:07:12.771+0700] {logging_mixin.py:190} INFO - [2026-09-18T12:07:12.771+0700] {dag.py:4180} INFO - Setting next_dagrun for example_trigger_controller_dag to 2021-01-01 00:00:00+00:00, run_after=2021-01-01 00:00:00+00:00
[2026-09-18T12:07:12.781+0700] {processor.py:208} INFO - Processing /Users/andreasanditya/Downloads/572392_Andreas_AirflowETL/code/.venv/lib/python3.9/site-packages/airflow/example_dags/example_trigger_controller_dag.py took 0.115 seconds
[2026-09-18T12:08:39.966+0700] {processor.py:186} INFO - Started process (PID=42357) to work on /Users/andreasanditya/Downloads/572392_Andreas_AirflowETL/code/.venv/lib/python3.9/site-packages/airflow/example_dags/example_trigger_controller_dag.py
[2026-09-18T12:08:39.967+0700] {processor.py:914} INFO - Processing file /Users/andreasanditya/Downloads/572392_Andreas_AirflowETL/code/.venv/lib/python3.9/site-packages/airflow/example_dags/example_trigger_controller_dag.py for tasks to queue
[2026-09-18T12:08:39.968+0700] {logging_mixin.py:190} INFO - [2026-09-18T12:08:39.968+0700] {dagbag.py:588} INFO - Filling up the DagBag from /Users/andreasanditya/Downloads/572392_Andreas_AirflowETL/code/.venv/lib/python3.9/site-packages/airflow/example_dags/example_trigger_controller_dag.py
[2026-09-18T12:08:39.974+0700] {processor.py:925} INFO - DAG(s) 'example_trigger_controller_dag' retrieved from /Users/andreasanditya/Downloads/572392_Andreas_AirflowETL/code/.venv/lib/python3.9/site-packages/airflow/example_dags/example_trigger_controller_dag.py
[2026-09-18T12:08:40.057+0700] {logging_mixin.py:190} INFO - [2026-09-18T12:08:40.056+0700] {dag.py:3239} INFO - Sync 1 DAGs
[2026-09-18T12:08:40.067+0700] {logging_mixin.py:190} INFO - [2026-09-18T12:08:40.067+0700] {dag.py:4180} INFO - Setting next_dagrun for example_trigger_controller_dag to 2021-01-01 00:00:00+00:00, run_after=2021-01-01 00:00:00+00:00
[2026-09-18T12:08:40.076+0700] {processor.py:208} INFO - Processing /Users/andreasanditya/Downloads/572392_Andreas_AirflowETL/code/.venv/lib/python3.9/site-packages/airflow/example_dags/example_trigger_controller_dag.py took 0.112 seconds
[2026-09-18T12:10:06.641+0700] {processor.py:186} INFO - Started process (PID=43260) to work on /Users/andreasanditya/Downloads/572392_Andreas_AirflowETL/code/.venv/lib/python3.9/site-packages/airflow/example_dags/example_trigger_controller_dag.py
[2026-09-18T12:10:06.642+0700] {processor.py:914} INFO - Processing file /Users/andreasanditya/Downloads/572392_Andreas_AirflowETL/code/.venv/lib/python3.9/site-packages/airflow/example_dags/example_trigger_controller_dag.py for tasks to queue
[2026-09-18T12:10:06.643+0700] {logging_mixin.py:190} INFO - [2026-09-18T12:10:06.643+0700] {dagbag.py:588} INFO - Filling up the DagBag from /Users/andreasanditya/Downloads/572392_Andreas_AirflowETL/code/.venv/lib/python3.9/site-packages/airflow/example_dags/example_trigger_controller_dag.py
[2026-09-18T12:10:06.650+0700] {processor.py:925} INFO - DAG(s) 'example_trigger_controller_dag' retrieved from /Users/andreasanditya/Downloads/572392_Andreas_AirflowETL/code/.venv/lib/python3.9/site-packages/airflow/example_dags/example_trigger_controller_dag.py
[2026-09-18T12:10:06.737+0700] {logging_mixin.py:190} INFO - [2026-09-18T12:10:06.737+0700] {dag.py:3239} INFO - Sync 1 DAGs
[2026-09-18T12:10:06.747+0700] {logging_mixin.py:190} INFO - [2026-09-18T12:10:06.747+0700] {dag.py:4180} INFO - Setting next_dagrun for example_trigger_controller_dag to 2021-01-01 00:00:00+00:00, run_after=2021-01-01 00:00:00+00:00
[2026-09-18T12:10:06.757+0700] {processor.py:208} INFO - Processing /Users/andreasanditya/Downloads/572392_Andreas_AirflowETL/code/.venv/lib/python3.9/site-packages/airflow/example_dags/example_trigger_controller_dag.py took 0.118 seconds
[2026-09-18T12:11:33.629+0700] {processor.py:186} INFO - Started process (PID=44096) to work on /Users/andreasanditya/Downloads/572392_Andreas_AirflowETL/code/.venv/lib/python3.9/site-packages/airflow/example_dags/example_trigger_controller_dag.py
[2026-09-18T12:11:33.631+0700] {processor.py:914} INFO - Processing file /Users/andreasanditya/Downloads/572392_Andreas_AirflowETL/code/.venv/lib/python3.9/site-packages/airflow/example_dags/example_trigger_controller_dag.py for tasks to queue
[2026-09-18T12:11:33.632+0700] {logging_mixin.py:190} INFO - [2026-09-18T12:11:33.632+0700] {dagbag.py:588} INFO - Filling up the DagBag from /Users/andreasanditya/Downloads/572392_Andreas_AirflowETL/code/.venv/lib/python3.9/site-packages/airflow/example_dags/example_trigger_controller_dag.py
[2026-09-18T12:11:33.638+0700] {processor.py:925} INFO - DAG(s) 'example_trigger_controller_dag' retrieved from /Users/andreasanditya/Downloads/572392_Andreas_AirflowETL/code/.venv/lib/python3.9/site-packages/airflow/example_dags/example_trigger_controller_dag.py
[2026-09-18T12:11:33.720+0700] {logging_mixin.py:190} INFO - [2026-09-18T12:11:33.719+0700] {dag.py:3239} INFO - Sync 1 DAGs
[2026-09-18T12:11:33.730+0700] {logging_mixin.py:190} INFO - [2026-09-18T12:11:33.729+0700] {dag.py:4180} INFO - Setting next_dagrun for example_trigger_controller_dag to 2021-01-01 00:00:00+00:00, run_after=2021-01-01 00:00:00+00:00
[2026-09-18T12:11:33.739+0700] {processor.py:208} INFO - Processing /Users/andreasanditya/Downloads/572392_Andreas_AirflowETL/code/.venv/lib/python3.9/site-packages/airflow/example_dags/example_trigger_controller_dag.py took 0.112 seconds
[2026-09-18T12:13:02.660+0700] {processor.py:186} INFO - Started process (PID=45729) to work on /Users/andreasanditya/Downloads/572392_Andreas_AirflowETL/code/.venv/lib/python3.9/site-packages/airflow/example_dags/example_trigger_controller_dag.py
[2026-09-18T12:13:02.661+0700] {processor.py:914} INFO - Processing file /Users/andreasanditya/Downloads/572392_Andreas_AirflowETL/code/.venv/lib/python3.9/site-packages/airflow/example_dags/example_trigger_controller_dag.py for tasks to queue
[2026-09-18T12:13:02.662+0700] {logging_mixin.py:190} INFO - [2026-09-18T12:13:02.662+0700] {dagbag.py:588} INFO - Filling up the DagBag from /Users/andreasanditya/Downloads/572392_Andreas_AirflowETL/code/.venv/lib/python3.9/site-packages/airflow/example_dags/example_trigger_controller_dag.py
[2026-09-18T12:13:02.668+0700] {processor.py:925} INFO - DAG(s) 'example_trigger_controller_dag' retrieved from /Users/andreasanditya/Downloads/572392_Andreas_AirflowETL/code/.venv/lib/python3.9/site-packages/airflow/example_dags/example_trigger_controller_dag.py
[2026-09-18T12:13:02.752+0700] {logging_mixin.py:190} INFO - [2026-09-18T12:13:02.752+0700] {dag.py:3239} INFO - Sync 1 DAGs
[2026-09-18T12:13:02.763+0700] {logging_mixin.py:190} INFO - [2026-09-18T12:13:02.762+0700] {dag.py:4180} INFO - Setting next_dagrun for example_trigger_controller_dag to 2021-01-01 00:00:00+00:00, run_after=2021-01-01 00:00:00+00:00
[2026-09-18T12:13:02.773+0700] {processor.py:208} INFO - Processing /Users/andreasanditya/Downloads/572392_Andreas_AirflowETL/code/.venv/lib/python3.9/site-packages/airflow/example_dags/example_trigger_controller_dag.py took 0.115 seconds
[2026-09-18T12:14:32.488+0700] {processor.py:186} INFO - Started process (PID=46761) to work on /Users/andreasanditya/Downloads/572392_Andreas_AirflowETL/code/.venv/lib/python3.9/site-packages/airflow/example_dags/example_trigger_controller_dag.py
[2026-09-18T12:14:32.489+0700] {processor.py:914} INFO - Processing file /Users/andreasanditya/Downloads/572392_Andreas_AirflowETL/code/.venv/lib/python3.9/site-packages/airflow/example_dags/example_trigger_controller_dag.py for tasks to queue
[2026-09-18T12:14:32.490+0700] {logging_mixin.py:190} INFO - [2026-09-18T12:14:32.490+0700] {dagbag.py:588} INFO - Filling up the DagBag from /Users/andreasanditya/Downloads/572392_Andreas_AirflowETL/code/.venv/lib/python3.9/site-packages/airflow/example_dags/example_trigger_controller_dag.py
[2026-09-18T12:14:32.499+0700] {processor.py:925} INFO - DAG(s) 'example_trigger_controller_dag' retrieved from /Users/andreasanditya/Downloads/572392_Andreas_AirflowETL/code/.venv/lib/python3.9/site-packages/airflow/example_dags/example_trigger_controller_dag.py
[2026-09-18T12:14:32.584+0700] {logging_mixin.py:190} INFO - [2026-09-18T12:14:32.584+0700] {dag.py:3239} INFO - Sync 1 DAGs
[2026-09-18T12:14:32.595+0700] {logging_mixin.py:190} INFO - [2026-09-18T12:14:32.594+0700] {dag.py:4180} INFO - Setting next_dagrun for example_trigger_controller_dag to 2021-01-01 00:00:00+00:00, run_after=2021-01-01 00:00:00+00:00
[2026-09-18T12:14:32.605+0700] {processor.py:208} INFO - Processing /Users/andreasanditya/Downloads/572392_Andreas_AirflowETL/code/.venv/lib/python3.9/site-packages/airflow/example_dags/example_trigger_controller_dag.py took 0.119 seconds
[2026-09-18T12:15:59.115+0700] {processor.py:186} INFO - Started process (PID=48318) to work on /Users/andreasanditya/Downloads/572392_Andreas_AirflowETL/code/.venv/lib/python3.9/site-packages/airflow/example_dags/example_trigger_controller_dag.py
[2026-09-18T12:15:59.116+0700] {processor.py:914} INFO - Processing file /Users/andreasanditya/Downloads/572392_Andreas_AirflowETL/code/.venv/lib/python3.9/site-packages/airflow/example_dags/example_trigger_controller_dag.py for tasks to queue
[2026-09-18T12:15:59.117+0700] {logging_mixin.py:190} INFO - [2026-09-18T12:15:59.117+0700] {dagbag.py:588} INFO - Filling up the DagBag from /Users/andreasanditya/Downloads/572392_Andreas_AirflowETL/code/.venv/lib/python3.9/site-packages/airflow/example_dags/example_trigger_controller_dag.py
[2026-09-18T12:15:59.122+0700] {processor.py:925} INFO - DAG(s) 'example_trigger_controller_dag' retrieved from /Users/andreasanditya/Downloads/572392_Andreas_AirflowETL/code/.venv/lib/python3.9/site-packages/airflow/example_dags/example_trigger_controller_dag.py
[2026-09-18T12:15:59.207+0700] {logging_mixin.py:190} INFO - [2026-09-18T12:15:59.207+0700] {dag.py:3239} INFO - Sync 1 DAGs
[2026-09-18T12:15:59.217+0700] {logging_mixin.py:190} INFO - [2026-09-18T12:15:59.217+0700] {dag.py:4180} INFO - Setting next_dagrun for example_trigger_controller_dag to 2021-01-01 00:00:00+00:00, run_after=2021-01-01 00:00:00+00:00
[2026-09-18T12:15:59.227+0700] {processor.py:208} INFO - Processing /Users/andreasanditya/Downloads/572392_Andreas_AirflowETL/code/.venv/lib/python3.9/site-packages/airflow/example_dags/example_trigger_controller_dag.py took 0.115 seconds
[2026-09-18T12:17:27.143+0700] {processor.py:186} INFO - Started process (PID=49511) to work on /Users/andreasanditya/Downloads/572392_Andreas_AirflowETL/code/.venv/lib/python3.9/site-packages/airflow/example_dags/example_trigger_controller_dag.py
[2026-09-18T12:17:27.144+0700] {processor.py:914} INFO - Processing file /Users/andreasanditya/Downloads/572392_Andreas_AirflowETL/code/.venv/lib/python3.9/site-packages/airflow/example_dags/example_trigger_controller_dag.py for tasks to queue
[2026-09-18T12:17:27.144+0700] {logging_mixin.py:190} INFO - [2026-09-18T12:17:27.144+0700] {dagbag.py:588} INFO - Filling up the DagBag from /Users/andreasanditya/Downloads/572392_Andreas_AirflowETL/code/.venv/lib/python3.9/site-packages/airflow/example_dags/example_trigger_controller_dag.py
[2026-09-18T12:17:27.150+0700] {processor.py:925} INFO - DAG(s) 'example_trigger_controller_dag' retrieved from /Users/andreasanditya/Downloads/572392_Andreas_AirflowETL/code/.venv/lib/python3.9/site-packages/airflow/example_dags/example_trigger_controller_dag.py
[2026-09-18T12:17:27.234+0700] {logging_mixin.py:190} INFO - [2026-09-18T12:17:27.234+0700] {dag.py:3239} INFO - Sync 1 DAGs
[2026-09-18T12:17:27.244+0700] {logging_mixin.py:190} INFO - [2026-09-18T12:17:27.244+0700] {dag.py:4180} INFO - Setting next_dagrun for example_trigger_controller_dag to 2021-01-01 00:00:00+00:00, run_after=2021-01-01 00:00:00+00:00
[2026-09-18T12:17:27.254+0700] {processor.py:208} INFO - Processing /Users/andreasanditya/Downloads/572392_Andreas_AirflowETL/code/.venv/lib/python3.9/site-packages/airflow/example_dags/example_trigger_controller_dag.py took 0.114 seconds
