[2026-09-18T11:18:19.126+0700] {processor.py:186} INFO - Started process (PID=11199) to work on /Users/andreasanditya/Downloads/572392_Andreas_AirflowETL/code/.venv/lib/python3.9/site-packages/airflow/example_dags/example_branch_operator.py
[2026-09-18T11:18:19.127+0700] {processor.py:914} INFO - Processing file /Users/andreasanditya/Downloads/572392_Andreas_AirflowETL/code/.venv/lib/python3.9/site-packages/airflow/example_dags/example_branch_operator.py for tasks to queue
[2026-09-18T11:18:19.127+0700] {logging_mixin.py:190} INFO - [2026-09-18T11:18:19.127+0700] {dagbag.py:588} INFO - Filling up the DagBag from /Users/andreasanditya/Downloads/572392_Andreas_AirflowETL/code/.venv/lib/python3.9/site-packages/airflow/example_dags/example_branch_operator.py
[2026-09-18T11:18:19.175+0700] {processor.py:925} INFO - DAG(s) 'example_branch_operator' retrieved from /Users/andreasanditya/Downloads/572392_Andreas_AirflowETL/code/.venv/lib/python3.9/site-packages/airflow/example_dags/example_branch_operator.py
[2026-09-18T11:18:19.287+0700] {logging_mixin.py:190} INFO - [2026-09-18T11:18:19.287+0700] {override.py:1912} INFO - Created Permission View: can read on DAG:example_branch_operator
[2026-09-18T11:18:19.292+0700] {logging_mixin.py:190} INFO - [2026-09-18T11:18:19.292+0700] {override.py:1912} INFO - Created Permission View: can edit on DAG:example_branch_operator
[2026-09-18T11:18:19.295+0700] {logging_mixin.py:190} INFO - [2026-09-18T11:18:19.295+0700] {override.py:1912} INFO - Created Permission View: can delete on DAG:example_branch_operator
[2026-09-18T11:18:19.299+0700] {logging_mixin.py:190} INFO - [2026-09-18T11:18:19.299+0700] {override.py:1912} INFO - Created Permission View: can read on DAG Run:example_branch_operator
[2026-09-18T11:18:19.302+0700] {logging_mixin.py:190} INFO - [2026-09-18T11:18:19.302+0700] {override.py:1912} INFO - Created Permission View: can create on DAG Run:example_branch_operator
[2026-09-18T11:18:19.305+0700] {logging_mixin.py:190} INFO - [2026-09-18T11:18:19.305+0700] {override.py:1912} INFO - Created Permission View: menu access on DAG Run:example_branch_operator
[2026-09-18T11:18:19.308+0700] {logging_mixin.py:190} INFO - [2026-09-18T11:18:19.308+0700] {override.py:1912} INFO - Created Permission View: can delete on DAG Run:example_branch_operator
[2026-09-18T11:18:19.309+0700] {logging_mixin.py:190} INFO - [2026-09-18T11:18:19.309+0700] {dag.py:3239} INFO - Sync 1 DAGs
[2026-09-18T11:18:19.315+0700] {logging_mixin.py:190} INFO - [2026-09-18T11:18:19.315+0700] {dag.py:3262} INFO - Creating ORM DAG for example_branch_operator
[2026-09-18T11:18:19.320+0700] {logging_mixin.py:190} INFO - [2026-09-18T11:18:19.320+0700] {dag.py:4180} INFO - Setting next_dagrun for example_branch_operator to 2026-09-17 00:00:00+00:00, run_after=2026-09-18 00:00:00+00:00
[2026-09-18T11:18:19.330+0700] {processor.py:208} INFO - Processing /Users/andreasanditya/Downloads/572392_Andreas_AirflowETL/code/.venv/lib/python3.9/site-packages/airflow/example_dags/example_branch_operator.py took 0.207 seconds
[2026-09-18T11:21:36.105+0700] {processor.py:186} INFO - Started process (PID=13371) to work on /Users/andreasanditya/Downloads/572392_Andreas_AirflowETL/code/.venv/lib/python3.9/site-packages/airflow/example_dags/example_branch_operator.py
[2026-09-18T11:21:36.105+0700] {processor.py:914} INFO - Processing file /Users/andreasanditya/Downloads/572392_Andreas_AirflowETL/code/.venv/lib/python3.9/site-packages/airflow/example_dags/example_branch_operator.py for tasks to queue
[2026-09-18T11:21:36.106+0700] {logging_mixin.py:190} INFO - [2026-09-18T11:21:36.106+0700] {dagbag.py:588} INFO - Filling up the DagBag from /Users/andreasanditya/Downloads/572392_Andreas_AirflowETL/code/.venv/lib/python3.9/site-packages/airflow/example_dags/example_branch_operator.py
[2026-09-18T11:21:36.155+0700] {processor.py:925} INFO - DAG(s) 'example_branch_operator' retrieved from /Users/andreasanditya/Downloads/572392_Andreas_AirflowETL/code/.venv/lib/python3.9/site-packages/airflow/example_dags/example_branch_operator.py
[2026-09-18T11:21:36.278+0700] {logging_mixin.py:190} INFO - [2026-09-18T11:21:36.277+0700] {dag.py:3239} INFO - Sync 1 DAGs
[2026-09-18T11:21:36.289+0700] {logging_mixin.py:190} INFO - [2026-09-18T11:21:36.289+0700] {dag.py:4180} INFO - Setting next_dagrun for example_branch_operator to 2026-09-17 00:00:00+00:00, run_after=2026-09-18 00:00:00+00:00
[2026-09-18T11:21:36.300+0700] {processor.py:208} INFO - Processing /Users/andreasanditya/Downloads/572392_Andreas_AirflowETL/code/.venv/lib/python3.9/site-packages/airflow/example_dags/example_branch_operator.py took 0.197 seconds
[2026-09-18T11:25:38.018+0700] {processor.py:186} INFO - Started process (PID=15977) to work on /Users/andreasanditya/Downloads/572392_Andreas_AirflowETL/code/.venv/lib/python3.9/site-packages/airflow/example_dags/example_branch_operator.py
[2026-09-18T11:25:38.019+0700] {processor.py:914} INFO - Processing file /Users/andreasanditya/Downloads/572392_Andreas_AirflowETL/code/.venv/lib/python3.9/site-packages/airflow/example_dags/example_branch_operator.py for tasks to queue
[2026-09-18T11:25:38.019+0700] {logging_mixin.py:190} INFO - [2026-09-18T11:25:38.019+0700] {dagbag.py:588} INFO - Filling up the DagBag from /Users/andreasanditya/Downloads/572392_Andreas_AirflowETL/code/.venv/lib/python3.9/site-packages/airflow/example_dags/example_branch_operator.py
[2026-09-18T11:25:38.068+0700] {processor.py:925} INFO - DAG(s) 'example_branch_operator' retrieved from /Users/andreasanditya/Downloads/572392_Andreas_AirflowETL/code/.venv/lib/python3.9/site-packages/airflow/example_dags/example_branch_operator.py
[2026-09-18T11:25:38.179+0700] {logging_mixin.py:190} INFO - [2026-09-18T11:25:38.179+0700] {dag.py:3239} INFO - Sync 1 DAGs
[2026-09-18T11:25:38.190+0700] {logging_mixin.py:190} INFO - [2026-09-18T11:25:38.190+0700] {dag.py:4180} INFO - Setting next_dagrun for example_branch_operator to 2026-09-17 00:00:00+00:00, run_after=2026-09-18 00:00:00+00:00
[2026-09-18T11:25:38.200+0700] {processor.py:208} INFO - Processing /Users/andreasanditya/Downloads/572392_Andreas_AirflowETL/code/.venv/lib/python3.9/site-packages/airflow/example_dags/example_branch_operator.py took 0.185 seconds
[2026-09-18T11:28:39.347+0700] {processor.py:186} INFO - Started process (PID=17823) to work on /Users/andreasanditya/Downloads/572392_Andreas_AirflowETL/code/.venv/lib/python3.9/site-packages/airflow/example_dags/example_branch_operator.py
[2026-09-18T11:28:39.348+0700] {processor.py:914} INFO - Processing file /Users/andreasanditya/Downloads/572392_Andreas_AirflowETL/code/.venv/lib/python3.9/site-packages/airflow/example_dags/example_branch_operator.py for tasks to queue
[2026-09-18T11:28:39.349+0700] {logging_mixin.py:190} INFO - [2026-09-18T11:28:39.349+0700] {dagbag.py:588} INFO - Filling up the DagBag from /Users/andreasanditya/Downloads/572392_Andreas_AirflowETL/code/.venv/lib/python3.9/site-packages/airflow/example_dags/example_branch_operator.py
[2026-09-18T11:28:39.398+0700] {processor.py:925} INFO - DAG(s) 'example_branch_operator' retrieved from /Users/andreasanditya/Downloads/572392_Andreas_AirflowETL/code/.venv/lib/python3.9/site-packages/airflow/example_dags/example_branch_operator.py
[2026-09-18T11:28:39.515+0700] {logging_mixin.py:190} INFO - [2026-09-18T11:28:39.514+0700] {dag.py:3239} INFO - Sync 1 DAGs
[2026-09-18T11:28:39.526+0700] {logging_mixin.py:190} INFO - [2026-09-18T11:28:39.526+0700] {dag.py:4180} INFO - Setting next_dagrun for example_branch_operator to 2026-09-17 00:00:00+00:00, run_after=2026-09-18 00:00:00+00:00
[2026-09-18T11:28:39.537+0700] {processor.py:208} INFO - Processing /Users/andreasanditya/Downloads/572392_Andreas_AirflowETL/code/.venv/lib/python3.9/site-packages/airflow/example_dags/example_branch_operator.py took 0.192 seconds
[2026-09-18T11:31:37.764+0700] {processor.py:186} INFO - Started process (PID=19688) to work on /Users/andreasanditya/Downloads/572392_Andreas_AirflowETL/code/.venv/lib/python3.9/site-packages/airflow/example_dags/example_branch_operator.py
[2026-09-18T11:31:37.765+0700] {processor.py:914} INFO - Processing file /Users/andreasanditya/Downloads/572392_Andreas_AirflowETL/code/.venv/lib/python3.9/site-packages/airflow/example_dags/example_branch_operator.py for tasks to queue
[2026-09-18T11:31:37.766+0700] {logging_mixin.py:190} INFO - [2026-09-18T11:31:37.766+0700] {dagbag.py:588} INFO - Filling up the DagBag from /Users/andreasanditya/Downloads/572392_Andreas_AirflowETL/code/.venv/lib/python3.9/site-packages/airflow/example_dags/example_branch_operator.py
[2026-09-18T11:31:37.813+0700] {processor.py:925} INFO - DAG(s) 'example_branch_operator' retrieved from /Users/andreasanditya/Downloads/572392_Andreas_AirflowETL/code/.venv/lib/python3.9/site-packages/airflow/example_dags/example_branch_operator.py
[2026-09-18T11:31:37.926+0700] {logging_mixin.py:190} INFO - [2026-09-18T11:31:37.926+0700] {dag.py:3239} INFO - Sync 1 DAGs
[2026-09-18T11:31:37.937+0700] {logging_mixin.py:190} INFO - [2026-09-18T11:31:37.937+0700] {dag.py:4180} INFO - Setting next_dagrun for example_branch_operator to 2026-09-17 00:00:00+00:00, run_after=2026-09-18 00:00:00+00:00
[2026-09-18T11:31:37.947+0700] {processor.py:208} INFO - Processing /Users/andreasanditya/Downloads/572392_Andreas_AirflowETL/code/.venv/lib/python3.9/site-packages/airflow/example_dags/example_branch_operator.py took 0.185 seconds
[2026-09-18T11:34:31.795+0700] {processor.py:186} INFO - Started process (PID=21555) to work on /Users/andreasanditya/Downloads/572392_Andreas_AirflowETL/code/.venv/lib/python3.9/site-packages/airflow/example_dags/example_branch_operator.py
[2026-09-18T11:34:31.796+0700] {processor.py:914} INFO - Processing file /Users/andreasanditya/Downloads/572392_Andreas_AirflowETL/code/.venv/lib/python3.9/site-packages/airflow/example_dags/example_branch_operator.py for tasks to queue
[2026-09-18T11:34:31.797+0700] {logging_mixin.py:190} INFO - [2026-09-18T11:34:31.796+0700] {dagbag.py:588} INFO - Filling up the DagBag from /Users/andreasanditya/Downloads/572392_Andreas_AirflowETL/code/.venv/lib/python3.9/site-packages/airflow/example_dags/example_branch_operator.py
[2026-09-18T11:34:31.844+0700] {processor.py:925} INFO - DAG(s) 'example_branch_operator' retrieved from /Users/andreasanditya/Downloads/572392_Andreas_AirflowETL/code/.venv/lib/python3.9/site-packages/airflow/example_dags/example_branch_operator.py
[2026-09-18T11:34:31.958+0700] {logging_mixin.py:190} INFO - [2026-09-18T11:34:31.958+0700] {dag.py:3239} INFO - Sync 1 DAGs
[2026-09-18T11:34:31.969+0700] {logging_mixin.py:190} INFO - [2026-09-18T11:34:31.969+0700] {dag.py:4180} INFO - Setting next_dagrun for example_branch_operator to 2026-09-17 00:00:00+00:00, run_after=2026-09-18 00:00:00+00:00
[2026-09-18T11:34:31.980+0700] {processor.py:208} INFO - Processing /Users/andreasanditya/Downloads/572392_Andreas_AirflowETL/code/.venv/lib/python3.9/site-packages/airflow/example_dags/example_branch_operator.py took 0.187 seconds
[2026-09-18T11:37:29.000+0700] {processor.py:186} INFO - Started process (PID=23425) to work on /Users/andreasanditya/Downloads/572392_Andreas_AirflowETL/code/.venv/lib/python3.9/site-packages/airflow/example_dags/example_branch_operator.py
[2026-09-18T11:37:29.001+0700] {processor.py:914} INFO - Processing file /Users/andreasanditya/Downloads/572392_Andreas_AirflowETL/code/.venv/lib/python3.9/site-packages/airflow/example_dags/example_branch_operator.py for tasks to queue
[2026-09-18T11:37:29.002+0700] {logging_mixin.py:190} INFO - [2026-09-18T11:37:29.002+0700] {dagbag.py:588} INFO - Filling up the DagBag from /Users/andreasanditya/Downloads/572392_Andreas_AirflowETL/code/.venv/lib/python3.9/site-packages/airflow/example_dags/example_branch_operator.py
[2026-09-18T11:37:29.054+0700] {processor.py:925} INFO - DAG(s) 'example_branch_operator' retrieved from /Users/andreasanditya/Downloads/572392_Andreas_AirflowETL/code/.venv/lib/python3.9/site-packages/airflow/example_dags/example_branch_operator.py
[2026-09-18T11:37:29.177+0700] {logging_mixin.py:190} INFO - [2026-09-18T11:37:29.177+0700] {dag.py:3239} INFO - Sync 1 DAGs
[2026-09-18T11:37:29.188+0700] {logging_mixin.py:190} INFO - [2026-09-18T11:37:29.188+0700] {dag.py:4180} INFO - Setting next_dagrun for example_branch_operator to 2026-09-17 00:00:00+00:00, run_after=2026-09-18 00:00:00+00:00
[2026-09-18T11:37:29.199+0700] {processor.py:208} INFO - Processing /Users/andreasanditya/Downloads/572392_Andreas_AirflowETL/code/.venv/lib/python3.9/site-packages/airflow/example_dags/example_branch_operator.py took 0.201 seconds
[2026-09-18T11:40:23.590+0700] {processor.py:186} INFO - Started process (PID=25251) to work on /Users/andreasanditya/Downloads/572392_Andreas_AirflowETL/code/.venv/lib/python3.9/site-packages/airflow/example_dags/example_branch_operator.py
[2026-09-18T11:40:23.590+0700] {processor.py:914} INFO - Processing file /Users/andreasanditya/Downloads/572392_Andreas_AirflowETL/code/.venv/lib/python3.9/site-packages/airflow/example_dags/example_branch_operator.py for tasks to queue
[2026-09-18T11:40:23.591+0700] {logging_mixin.py:190} INFO - [2026-09-18T11:40:23.591+0700] {dagbag.py:588} INFO - Filling up the DagBag from /Users/andreasanditya/Downloads/572392_Andreas_AirflowETL/code/.venv/lib/python3.9/site-packages/airflow/example_dags/example_branch_operator.py
[2026-09-18T11:40:23.643+0700] {processor.py:925} INFO - DAG(s) 'example_branch_operator' retrieved from /Users/andreasanditya/Downloads/572392_Andreas_AirflowETL/code/.venv/lib/python3.9/site-packages/airflow/example_dags/example_branch_operator.py
[2026-09-18T11:40:23.757+0700] {logging_mixin.py:190} INFO - [2026-09-18T11:40:23.757+0700] {dag.py:3239} INFO - Sync 1 DAGs
[2026-09-18T11:40:23.769+0700] {logging_mixin.py:190} INFO - [2026-09-18T11:40:23.769+0700] {dag.py:4180} INFO - Setting next_dagrun for example_branch_operator to 2026-09-17 00:00:00+00:00, run_after=2026-09-18 00:00:00+00:00
[2026-09-18T11:40:23.780+0700] {processor.py:208} INFO - Processing /Users/andreasanditya/Downloads/572392_Andreas_AirflowETL/code/.venv/lib/python3.9/site-packages/airflow/example_dags/example_branch_operator.py took 0.192 seconds
[2026-09-18T11:43:22.558+0700] {processor.py:186} INFO - Started process (PID=27040) to work on /Users/andreasanditya/Downloads/572392_Andreas_AirflowETL/code/.venv/lib/python3.9/site-packages/airflow/example_dags/example_branch_operator.py
[2026-09-18T11:43:22.560+0700] {processor.py:914} INFO - Processing file /Users/andreasanditya/Downloads/572392_Andreas_AirflowETL/code/.venv/lib/python3.9/site-packages/airflow/example_dags/example_branch_operator.py for tasks to queue
[2026-09-18T11:43:22.561+0700] {logging_mixin.py:190} INFO - [2026-09-18T11:43:22.561+0700] {dagbag.py:588} INFO - Filling up the DagBag from /Users/andreasanditya/Downloads/572392_Andreas_AirflowETL/code/.venv/lib/python3.9/site-packages/airflow/example_dags/example_branch_operator.py
[2026-09-18T11:43:22.606+0700] {processor.py:925} INFO - DAG(s) 'example_branch_operator' retrieved from /Users/andreasanditya/Downloads/572392_Andreas_AirflowETL/code/.venv/lib/python3.9/site-packages/airflow/example_dags/example_branch_operator.py
[2026-09-18T11:43:22.715+0700] {logging_mixin.py:190} INFO - [2026-09-18T11:43:22.715+0700] {dag.py:3239} INFO - Sync 1 DAGs
[2026-09-18T11:43:22.727+0700] {logging_mixin.py:190} INFO - [2026-09-18T11:43:22.727+0700] {dag.py:4180} INFO - Setting next_dagrun for example_branch_operator to 2026-09-17 00:00:00+00:00, run_after=2026-09-18 00:00:00+00:00
[2026-09-18T11:43:22.739+0700] {processor.py:208} INFO - Processing /Users/andreasanditya/Downloads/572392_Andreas_AirflowETL/code/.venv/lib/python3.9/site-packages/airflow/example_dags/example_branch_operator.py took 0.182 seconds
[2026-09-18T11:46:15.490+0700] {processor.py:186} INFO - Started process (PID=28765) to work on /Users/andreasanditya/Downloads/572392_Andreas_AirflowETL/code/.venv/lib/python3.9/site-packages/airflow/example_dags/example_branch_operator.py
[2026-09-18T11:46:15.491+0700] {processor.py:914} INFO - Processing file /Users/andreasanditya/Downloads/572392_Andreas_AirflowETL/code/.venv/lib/python3.9/site-packages/airflow/example_dags/example_branch_operator.py for tasks to queue
[2026-09-18T11:46:15.491+0700] {logging_mixin.py:190} INFO - [2026-09-18T11:46:15.491+0700] {dagbag.py:588} INFO - Filling up the DagBag from /Users/andreasanditya/Downloads/572392_Andreas_AirflowETL/code/.venv/lib/python3.9/site-packages/airflow/example_dags/example_branch_operator.py
[2026-09-18T11:46:15.539+0700] {processor.py:925} INFO - DAG(s) 'example_branch_operator' retrieved from /Users/andreasanditya/Downloads/572392_Andreas_AirflowETL/code/.venv/lib/python3.9/site-packages/airflow/example_dags/example_branch_operator.py
[2026-09-18T11:46:15.649+0700] {logging_mixin.py:190} INFO - [2026-09-18T11:46:15.649+0700] {dag.py:3239} INFO - Sync 1 DAGs
[2026-09-18T11:46:15.660+0700] {logging_mixin.py:190} INFO - [2026-09-18T11:46:15.660+0700] {dag.py:4180} INFO - Setting next_dagrun for example_branch_operator to 2026-09-17 00:00:00+00:00, run_after=2026-09-18 00:00:00+00:00
[2026-09-18T11:46:15.671+0700] {processor.py:208} INFO - Processing /Users/andreasanditya/Downloads/572392_Andreas_AirflowETL/code/.venv/lib/python3.9/site-packages/airflow/example_dags/example_branch_operator.py took 0.183 seconds
[2026-09-18T11:49:09.535+0700] {processor.py:186} INFO - Started process (PID=30602) to work on /Users/andreasanditya/Downloads/572392_Andreas_AirflowETL/code/.venv/lib/python3.9/site-packages/airflow/example_dags/example_branch_operator.py
[2026-09-18T11:49:09.536+0700] {processor.py:914} INFO - Processing file /Users/andreasanditya/Downloads/572392_Andreas_AirflowETL/code/.venv/lib/python3.9/site-packages/airflow/example_dags/example_branch_operator.py for tasks to queue
[2026-09-18T11:49:09.537+0700] {logging_mixin.py:190} INFO - [2026-09-18T11:49:09.537+0700] {dagbag.py:588} INFO - Filling up the DagBag from /Users/andreasanditya/Downloads/572392_Andreas_AirflowETL/code/.venv/lib/python3.9/site-packages/airflow/example_dags/example_branch_operator.py
[2026-09-18T11:49:09.584+0700] {processor.py:925} INFO - DAG(s) 'example_branch_operator' retrieved from /Users/andreasanditya/Downloads/572392_Andreas_AirflowETL/code/.venv/lib/python3.9/site-packages/airflow/example_dags/example_branch_operator.py
[2026-09-18T11:49:09.693+0700] {logging_mixin.py:190} INFO - [2026-09-18T11:49:09.693+0700] {dag.py:3239} INFO - Sync 1 DAGs
[2026-09-18T11:49:09.704+0700] {logging_mixin.py:190} INFO - [2026-09-18T11:49:09.704+0700] {dag.py:4180} INFO - Setting next_dagrun for example_branch_operator to 2026-09-17 00:00:00+00:00, run_after=2026-09-18 00:00:00+00:00
[2026-09-18T11:49:09.715+0700] {processor.py:208} INFO - Processing /Users/andreasanditya/Downloads/572392_Andreas_AirflowETL/code/.venv/lib/python3.9/site-packages/airflow/example_dags/example_branch_operator.py took 0.182 seconds
[2026-09-18T11:52:00.519+0700] {processor.py:186} INFO - Started process (PID=32319) to work on /Users/andreasanditya/Downloads/572392_Andreas_AirflowETL/code/.venv/lib/python3.9/site-packages/airflow/example_dags/example_branch_operator.py
[2026-09-18T11:52:00.520+0700] {processor.py:914} INFO - Processing file /Users/andreasanditya/Downloads/572392_Andreas_AirflowETL/code/.venv/lib/python3.9/site-packages/airflow/example_dags/example_branch_operator.py for tasks to queue
[2026-09-18T11:52:00.521+0700] {logging_mixin.py:190} INFO - [2026-09-18T11:52:00.521+0700] {dagbag.py:588} INFO - Filling up the DagBag from /Users/andreasanditya/Downloads/572392_Andreas_AirflowETL/code/.venv/lib/python3.9/site-packages/airflow/example_dags/example_branch_operator.py
[2026-09-18T11:52:00.566+0700] {processor.py:925} INFO - DAG(s) 'example_branch_operator' retrieved from /Users/andreasanditya/Downloads/572392_Andreas_AirflowETL/code/.venv/lib/python3.9/site-packages/airflow/example_dags/example_branch_operator.py
[2026-09-18T11:52:00.678+0700] {logging_mixin.py:190} INFO - [2026-09-18T11:52:00.678+0700] {dag.py:3239} INFO - Sync 1 DAGs
[2026-09-18T11:52:00.689+0700] {logging_mixin.py:190} INFO - [2026-09-18T11:52:00.689+0700] {dag.py:4180} INFO - Setting next_dagrun for example_branch_operator to 2026-09-17 00:00:00+00:00, run_after=2026-09-18 00:00:00+00:00
[2026-09-18T11:52:00.699+0700] {processor.py:208} INFO - Processing /Users/andreasanditya/Downloads/572392_Andreas_AirflowETL/code/.venv/lib/python3.9/site-packages/airflow/example_dags/example_branch_operator.py took 0.182 seconds
[2026-09-18T11:54:53.470+0700] {processor.py:186} INFO - Started process (PID=34049) to work on /Users/andreasanditya/Downloads/572392_Andreas_AirflowETL/code/.venv/lib/python3.9/site-packages/airflow/example_dags/example_branch_operator.py
[2026-09-18T11:54:53.473+0700] {processor.py:914} INFO - Processing file /Users/andreasanditya/Downloads/572392_Andreas_AirflowETL/code/.venv/lib/python3.9/site-packages/airflow/example_dags/example_branch_operator.py for tasks to queue
[2026-09-18T11:54:53.474+0700] {logging_mixin.py:190} INFO - [2026-09-18T11:54:53.474+0700] {dagbag.py:588} INFO - Filling up the DagBag from /Users/andreasanditya/Downloads/572392_Andreas_AirflowETL/code/.venv/lib/python3.9/site-packages/airflow/example_dags/example_branch_operator.py
[2026-09-18T11:54:53.519+0700] {processor.py:925} INFO - DAG(s) 'example_branch_operator' retrieved from /Users/andreasanditya/Downloads/572392_Andreas_AirflowETL/code/.venv/lib/python3.9/site-packages/airflow/example_dags/example_branch_operator.py
[2026-09-18T11:54:53.631+0700] {logging_mixin.py:190} INFO - [2026-09-18T11:54:53.630+0700] {dag.py:3239} INFO - Sync 1 DAGs
[2026-09-18T11:54:53.642+0700] {logging_mixin.py:190} INFO - [2026-09-18T11:54:53.641+0700] {dag.py:4180} INFO - Setting next_dagrun for example_branch_operator to 2026-09-17 00:00:00+00:00, run_after=2026-09-18 00:00:00+00:00
[2026-09-18T11:54:53.652+0700] {processor.py:208} INFO - Processing /Users/andreasanditya/Downloads/572392_Andreas_AirflowETL/code/.venv/lib/python3.9/site-packages/airflow/example_dags/example_branch_operator.py took 0.184 seconds
[2026-09-18T11:57:49.274+0700] {processor.py:186} INFO - Started process (PID=35802) to work on /Users/andreasanditya/Downloads/572392_Andreas_AirflowETL/code/.venv/lib/python3.9/site-packages/airflow/example_dags/example_branch_operator.py
[2026-09-18T11:57:49.275+0700] {processor.py:914} INFO - Processing file /Users/andreasanditya/Downloads/572392_Andreas_AirflowETL/code/.venv/lib/python3.9/site-packages/airflow/example_dags/example_branch_operator.py for tasks to queue
[2026-09-18T11:57:49.276+0700] {logging_mixin.py:190} INFO - [2026-09-18T11:57:49.276+0700] {dagbag.py:588} INFO - Filling up the DagBag from /Users/andreasanditya/Downloads/572392_Andreas_AirflowETL/code/.venv/lib/python3.9/site-packages/airflow/example_dags/example_branch_operator.py
[2026-09-18T11:57:49.321+0700] {processor.py:925} INFO - DAG(s) 'example_branch_operator' retrieved from /Users/andreasanditya/Downloads/572392_Andreas_AirflowETL/code/.venv/lib/python3.9/site-packages/airflow/example_dags/example_branch_operator.py
[2026-09-18T11:57:49.432+0700] {logging_mixin.py:190} INFO - [2026-09-18T11:57:49.432+0700] {dag.py:3239} INFO - Sync 1 DAGs
[2026-09-18T11:57:49.443+0700] {logging_mixin.py:190} INFO - [2026-09-18T11:57:49.443+0700] {dag.py:4180} INFO - Setting next_dagrun for example_branch_operator to 2026-09-17 00:00:00+00:00, run_after=2026-09-18 00:00:00+00:00
[2026-09-18T11:57:49.453+0700] {processor.py:208} INFO - Processing /Users/andreasanditya/Downloads/572392_Andreas_AirflowETL/code/.venv/lib/python3.9/site-packages/airflow/example_dags/example_branch_operator.py took 0.181 seconds
[2026-09-18T12:00:39.223+0700] {processor.py:186} INFO - Started process (PID=37531) to work on /Users/andreasanditya/Downloads/572392_Andreas_AirflowETL/code/.venv/lib/python3.9/site-packages/airflow/example_dags/example_branch_operator.py
[2026-09-18T12:00:39.224+0700] {processor.py:914} INFO - Processing file /Users/andreasanditya/Downloads/572392_Andreas_AirflowETL/code/.venv/lib/python3.9/site-packages/airflow/example_dags/example_branch_operator.py for tasks to queue
[2026-09-18T12:00:39.224+0700] {logging_mixin.py:190} INFO - [2026-09-18T12:00:39.224+0700] {dagbag.py:588} INFO - Filling up the DagBag from /Users/andreasanditya/Downloads/572392_Andreas_AirflowETL/code/.venv/lib/python3.9/site-packages/airflow/example_dags/example_branch_operator.py
[2026-09-18T12:00:39.270+0700] {processor.py:925} INFO - DAG(s) 'example_branch_operator' retrieved from /Users/andreasanditya/Downloads/572392_Andreas_AirflowETL/code/.venv/lib/python3.9/site-packages/airflow/example_dags/example_branch_operator.py
[2026-09-18T12:00:39.386+0700] {logging_mixin.py:190} INFO - [2026-09-18T12:00:39.385+0700] {dag.py:3239} INFO - Sync 1 DAGs
[2026-09-18T12:00:39.397+0700] {logging_mixin.py:190} INFO - [2026-09-18T12:00:39.397+0700] {dag.py:4180} INFO - Setting next_dagrun for example_branch_operator to 2026-09-17 00:00:00+00:00, run_after=2026-09-18 00:00:00+00:00
[2026-09-18T12:00:39.407+0700] {processor.py:208} INFO - Processing /Users/andreasanditya/Downloads/572392_Andreas_AirflowETL/code/.venv/lib/python3.9/site-packages/airflow/example_dags/example_branch_operator.py took 0.186 seconds
[2026-09-18T12:03:34.429+0700] {processor.py:186} INFO - Started process (PID=39288) to work on /Users/andreasanditya/Downloads/572392_Andreas_AirflowETL/code/.venv/lib/python3.9/site-packages/airflow/example_dags/example_branch_operator.py
[2026-09-18T12:03:34.430+0700] {processor.py:914} INFO - Processing file /Users/andreasanditya/Downloads/572392_Andreas_AirflowETL/code/.venv/lib/python3.9/site-packages/airflow/example_dags/example_branch_operator.py for tasks to queue
[2026-09-18T12:03:34.431+0700] {logging_mixin.py:190} INFO - [2026-09-18T12:03:34.430+0700] {dagbag.py:588} INFO - Filling up the DagBag from /Users/andreasanditya/Downloads/572392_Andreas_AirflowETL/code/.venv/lib/python3.9/site-packages/airflow/example_dags/example_branch_operator.py
[2026-09-18T12:03:34.475+0700] {processor.py:925} INFO - DAG(s) 'example_branch_operator' retrieved from /Users/andreasanditya/Downloads/572392_Andreas_AirflowETL/code/.venv/lib/python3.9/site-packages/airflow/example_dags/example_branch_operator.py
[2026-09-18T12:03:34.584+0700] {logging_mixin.py:190} INFO - [2026-09-18T12:03:34.584+0700] {dag.py:3239} INFO - Sync 1 DAGs
[2026-09-18T12:03:34.595+0700] {logging_mixin.py:190} INFO - [2026-09-18T12:03:34.595+0700] {dag.py:4180} INFO - Setting next_dagrun for example_branch_operator to 2026-09-17 00:00:00+00:00, run_after=2026-09-18 00:00:00+00:00
[2026-09-18T12:03:34.606+0700] {processor.py:208} INFO - Processing /Users/andreasanditya/Downloads/572392_Andreas_AirflowETL/code/.venv/lib/python3.9/site-packages/airflow/example_dags/example_branch_operator.py took 0.179 seconds
[2026-09-18T12:06:28.568+0700] {processor.py:186} INFO - Started process (PID=41031) to work on /Users/andreasanditya/Downloads/572392_Andreas_AirflowETL/code/.venv/lib/python3.9/site-packages/airflow/example_dags/example_branch_operator.py
[2026-09-18T12:06:28.569+0700] {processor.py:914} INFO - Processing file /Users/andreasanditya/Downloads/572392_Andreas_AirflowETL/code/.venv/lib/python3.9/site-packages/airflow/example_dags/example_branch_operator.py for tasks to queue
[2026-09-18T12:06:28.569+0700] {logging_mixin.py:190} INFO - [2026-09-18T12:06:28.569+0700] {dagbag.py:588} INFO - Filling up the DagBag from /Users/andreasanditya/Downloads/572392_Andreas_AirflowETL/code/.venv/lib/python3.9/site-packages/airflow/example_dags/example_branch_operator.py
[2026-09-18T12:06:28.619+0700] {processor.py:925} INFO - DAG(s) 'example_branch_operator' retrieved from /Users/andreasanditya/Downloads/572392_Andreas_AirflowETL/code/.venv/lib/python3.9/site-packages/airflow/example_dags/example_branch_operator.py
[2026-09-18T12:06:28.729+0700] {logging_mixin.py:190} INFO - [2026-09-18T12:06:28.729+0700] {dag.py:3239} INFO - Sync 1 DAGs
[2026-09-18T12:06:28.740+0700] {logging_mixin.py:190} INFO - [2026-09-18T12:06:28.740+0700] {dag.py:4180} INFO - Setting next_dagrun for example_branch_operator to 2026-09-17 00:00:00+00:00, run_after=2026-09-18 00:00:00+00:00
[2026-09-18T12:06:28.751+0700] {processor.py:208} INFO - Processing /Users/andreasanditya/Downloads/572392_Andreas_AirflowETL/code/.venv/lib/python3.9/site-packages/airflow/example_dags/example_branch_operator.py took 0.186 seconds
[2026-09-18T12:09:22.807+0700] {processor.py:186} INFO - Started process (PID=42767) to work on /Users/andreasanditya/Downloads/572392_Andreas_AirflowETL/code/.venv/lib/python3.9/site-packages/airflow/example_dags/example_branch_operator.py
[2026-09-18T12:09:22.808+0700] {processor.py:914} INFO - Processing file /Users/andreasanditya/Downloads/572392_Andreas_AirflowETL/code/.venv/lib/python3.9/site-packages/airflow/example_dags/example_branch_operator.py for tasks to queue
[2026-09-18T12:09:22.809+0700] {logging_mixin.py:190} INFO - [2026-09-18T12:09:22.809+0700] {dagbag.py:588} INFO - Filling up the DagBag from /Users/andreasanditya/Downloads/572392_Andreas_AirflowETL/code/.venv/lib/python3.9/site-packages/airflow/example_dags/example_branch_operator.py
[2026-09-18T12:09:22.859+0700] {processor.py:925} INFO - DAG(s) 'example_branch_operator' retrieved from /Users/andreasanditya/Downloads/572392_Andreas_AirflowETL/code/.venv/lib/python3.9/site-packages/airflow/example_dags/example_branch_operator.py
[2026-09-18T12:09:22.976+0700] {logging_mixin.py:190} INFO - [2026-09-18T12:09:22.976+0700] {dag.py:3239} INFO - Sync 1 DAGs
[2026-09-18T12:09:22.987+0700] {logging_mixin.py:190} INFO - [2026-09-18T12:09:22.986+0700] {dag.py:4180} INFO - Setting next_dagrun for example_branch_operator to 2026-09-17 00:00:00+00:00, run_after=2026-09-18 00:00:00+00:00
[2026-09-18T12:09:22.997+0700] {processor.py:208} INFO - Processing /Users/andreasanditya/Downloads/572392_Andreas_AirflowETL/code/.venv/lib/python3.9/site-packages/airflow/example_dags/example_branch_operator.py took 0.192 seconds
[2026-09-18T12:12:17.047+0700] {processor.py:186} INFO - Started process (PID=44586) to work on /Users/andreasanditya/Downloads/572392_Andreas_AirflowETL/code/.venv/lib/python3.9/site-packages/airflow/example_dags/example_branch_operator.py
[2026-09-18T12:12:17.049+0700] {processor.py:914} INFO - Processing file /Users/andreasanditya/Downloads/572392_Andreas_AirflowETL/code/.venv/lib/python3.9/site-packages/airflow/example_dags/example_branch_operator.py for tasks to queue
[2026-09-18T12:12:17.049+0700] {logging_mixin.py:190} INFO - [2026-09-18T12:12:17.049+0700] {dagbag.py:588} INFO - Filling up the DagBag from /Users/andreasanditya/Downloads/572392_Andreas_AirflowETL/code/.venv/lib/python3.9/site-packages/airflow/example_dags/example_branch_operator.py
[2026-09-18T12:12:17.097+0700] {processor.py:925} INFO - DAG(s) 'example_branch_operator' retrieved from /Users/andreasanditya/Downloads/572392_Andreas_AirflowETL/code/.venv/lib/python3.9/site-packages/airflow/example_dags/example_branch_operator.py
[2026-09-18T12:12:17.217+0700] {logging_mixin.py:190} INFO - [2026-09-18T12:12:17.217+0700] {dag.py:3239} INFO - Sync 1 DAGs
[2026-09-18T12:12:17.228+0700] {logging_mixin.py:190} INFO - [2026-09-18T12:12:17.228+0700] {dag.py:4180} INFO - Setting next_dagrun for example_branch_operator to 2026-09-17 00:00:00+00:00, run_after=2026-09-18 00:00:00+00:00
[2026-09-18T12:12:17.239+0700] {processor.py:208} INFO - Processing /Users/andreasanditya/Downloads/572392_Andreas_AirflowETL/code/.venv/lib/python3.9/site-packages/airflow/example_dags/example_branch_operator.py took 0.194 seconds
[2026-09-18T12:15:14.959+0700] {processor.py:186} INFO - Started process (PID=47365) to work on /Users/andreasanditya/Downloads/572392_Andreas_AirflowETL/code/.venv/lib/python3.9/site-packages/airflow/example_dags/example_branch_operator.py
[2026-09-18T12:15:14.960+0700] {processor.py:914} INFO - Processing file /Users/andreasanditya/Downloads/572392_Andreas_AirflowETL/code/.venv/lib/python3.9/site-packages/airflow/example_dags/example_branch_operator.py for tasks to queue
[2026-09-18T12:15:14.960+0700] {logging_mixin.py:190} INFO - [2026-09-18T12:15:14.960+0700] {dagbag.py:588} INFO - Filling up the DagBag from /Users/andreasanditya/Downloads/572392_Andreas_AirflowETL/code/.venv/lib/python3.9/site-packages/airflow/example_dags/example_branch_operator.py
[2026-09-18T12:15:15.012+0700] {processor.py:925} INFO - DAG(s) 'example_branch_operator' retrieved from /Users/andreasanditya/Downloads/572392_Andreas_AirflowETL/code/.venv/lib/python3.9/site-packages/airflow/example_dags/example_branch_operator.py
[2026-09-18T12:15:15.124+0700] {logging_mixin.py:190} INFO - [2026-09-18T12:15:15.124+0700] {dag.py:3239} INFO - Sync 1 DAGs
[2026-09-18T12:15:15.135+0700] {logging_mixin.py:190} INFO - [2026-09-18T12:15:15.135+0700] {dag.py:4180} INFO - Setting next_dagrun for example_branch_operator to 2026-09-17 00:00:00+00:00, run_after=2026-09-18 00:00:00+00:00
[2026-09-18T12:15:15.146+0700] {processor.py:208} INFO - Processing /Users/andreasanditya/Downloads/572392_Andreas_AirflowETL/code/.venv/lib/python3.9/site-packages/airflow/example_dags/example_branch_operator.py took 0.189 seconds
[2026-09-18T12:18:11.374+0700] {processor.py:186} INFO - Started process (PID=50253) to work on /Users/andreasanditya/Downloads/572392_Andreas_AirflowETL/code/.venv/lib/python3.9/site-packages/airflow/example_dags/example_branch_operator.py
[2026-09-18T12:18:11.375+0700] {processor.py:914} INFO - Processing file /Users/andreasanditya/Downloads/572392_Andreas_AirflowETL/code/.venv/lib/python3.9/site-packages/airflow/example_dags/example_branch_operator.py for tasks to queue
[2026-09-18T12:18:11.376+0700] {logging_mixin.py:190} INFO - [2026-09-18T12:18:11.375+0700] {dagbag.py:588} INFO - Filling up the DagBag from /Users/andreasanditya/Downloads/572392_Andreas_AirflowETL/code/.venv/lib/python3.9/site-packages/airflow/example_dags/example_branch_operator.py
[2026-09-18T12:18:11.435+0700] {processor.py:925} INFO - DAG(s) 'example_branch_operator' retrieved from /Users/andreasanditya/Downloads/572392_Andreas_AirflowETL/code/.venv/lib/python3.9/site-packages/airflow/example_dags/example_branch_operator.py
[2026-09-18T12:18:11.565+0700] {logging_mixin.py:190} INFO - [2026-09-18T12:18:11.565+0700] {dag.py:3239} INFO - Sync 1 DAGs
[2026-09-18T12:18:11.577+0700] {logging_mixin.py:190} INFO - [2026-09-18T12:18:11.577+0700] {dag.py:4180} INFO - Setting next_dagrun for example_branch_operator to 2026-09-17 00:00:00+00:00, run_after=2026-09-18 00:00:00+00:00
[2026-09-18T12:18:11.588+0700] {processor.py:208} INFO - Processing /Users/andreasanditya/Downloads/572392_Andreas_AirflowETL/code/.venv/lib/python3.9/site-packages/airflow/example_dags/example_branch_operator.py took 0.216 seconds
