[2026-09-18T11:18:27.519+0700] {processor.py:186} INFO - Started process (PID=11312) to work on /Users/andreasanditya/Downloads/572392_Andreas_AirflowETL/code/.venv/lib/python3.9/site-packages/airflow/example_dags/example_bash_operator.py
[2026-09-18T11:18:27.520+0700] {processor.py:914} INFO - Processing file /Users/andreasanditya/Downloads/572392_Andreas_AirflowETL/code/.venv/lib/python3.9/site-packages/airflow/example_dags/example_bash_operator.py for tasks to queue
[2026-09-18T11:18:27.521+0700] {logging_mixin.py:190} INFO - [2026-09-18T11:18:27.521+0700] {dagbag.py:588} INFO - Filling up the DagBag from /Users/andreasanditya/Downloads/572392_Andreas_AirflowETL/code/.venv/lib/python3.9/site-packages/airflow/example_dags/example_bash_operator.py
[2026-09-18T11:18:27.529+0700] {processor.py:925} INFO - DAG(s) 'example_bash_operator' retrieved from /Users/andreasanditya/Downloads/572392_Andreas_AirflowETL/code/.venv/lib/python3.9/site-packages/airflow/example_dags/example_bash_operator.py
[2026-09-18T11:18:27.676+0700] {logging_mixin.py:190} INFO - [2026-09-18T11:18:27.676+0700] {override.py:1912} INFO - Created Permission View: can edit on DAG:example_bash_operator
[2026-09-18T11:18:27.681+0700] {logging_mixin.py:190} INFO - [2026-09-18T11:18:27.681+0700] {override.py:1912} INFO - Created Permission View: can read on DAG:example_bash_operator
[2026-09-18T11:18:27.684+0700] {logging_mixin.py:190} INFO - [2026-09-18T11:18:27.684+0700] {override.py:1912} INFO - Created Permission View: can delete on DAG:example_bash_operator
[2026-09-18T11:18:27.689+0700] {logging_mixin.py:190} INFO - [2026-09-18T11:18:27.688+0700] {override.py:1912} INFO - Created Permission View: menu access on DAG Run:example_bash_operator
[2026-09-18T11:18:27.692+0700] {logging_mixin.py:190} INFO - [2026-09-18T11:18:27.691+0700] {override.py:1912} INFO - Created Permission View: can create on DAG Run:example_bash_operator
[2026-09-18T11:18:27.695+0700] {logging_mixin.py:190} INFO - [2026-09-18T11:18:27.695+0700] {override.py:1912} INFO - Created Permission View: can read on DAG Run:example_bash_operator
[2026-09-18T11:18:27.698+0700] {logging_mixin.py:190} INFO - [2026-09-18T11:18:27.698+0700] {override.py:1912} INFO - Created Permission View: can delete on DAG Run:example_bash_operator
[2026-09-18T11:18:27.698+0700] {logging_mixin.py:190} INFO - [2026-09-18T11:18:27.698+0700] {dag.py:3239} INFO - Sync 1 DAGs
[2026-09-18T11:18:27.705+0700] {logging_mixin.py:190} INFO - [2026-09-18T11:18:27.704+0700] {dag.py:3262} INFO - Creating ORM DAG for example_bash_operator
[2026-09-18T11:18:27.710+0700] {logging_mixin.py:190} INFO - [2026-09-18T11:18:27.710+0700] {dag.py:4180} INFO - Setting next_dagrun for example_bash_operator to 2026-09-17 00:00:00+00:00, run_after=2026-09-18 00:00:00+00:00
[2026-09-18T11:18:27.721+0700] {processor.py:208} INFO - Processing /Users/andreasanditya/Downloads/572392_Andreas_AirflowETL/code/.venv/lib/python3.9/site-packages/airflow/example_dags/example_bash_operator.py took 0.204 seconds
[2026-09-18T11:21:44.527+0700] {processor.py:186} INFO - Started process (PID=13397) to work on /Users/andreasanditya/Downloads/572392_Andreas_AirflowETL/code/.venv/lib/python3.9/site-packages/airflow/example_dags/example_bash_operator.py
[2026-09-18T11:21:44.528+0700] {processor.py:914} INFO - Processing file /Users/andreasanditya/Downloads/572392_Andreas_AirflowETL/code/.venv/lib/python3.9/site-packages/airflow/example_dags/example_bash_operator.py for tasks to queue
[2026-09-18T11:21:44.529+0700] {logging_mixin.py:190} INFO - [2026-09-18T11:21:44.529+0700] {dagbag.py:588} INFO - Filling up the DagBag from /Users/andreasanditya/Downloads/572392_Andreas_AirflowETL/code/.venv/lib/python3.9/site-packages/airflow/example_dags/example_bash_operator.py
[2026-09-18T11:21:44.537+0700] {processor.py:925} INFO - DAG(s) 'example_bash_operator' retrieved from /Users/andreasanditya/Downloads/572392_Andreas_AirflowETL/code/.venv/lib/python3.9/site-packages/airflow/example_dags/example_bash_operator.py
[2026-09-18T11:21:44.632+0700] {logging_mixin.py:190} INFO - [2026-09-18T11:21:44.632+0700] {dag.py:3239} INFO - Sync 1 DAGs
[2026-09-18T11:21:44.643+0700] {logging_mixin.py:190} INFO - [2026-09-18T11:21:44.643+0700] {dag.py:4180} INFO - Setting next_dagrun for example_bash_operator to 2026-09-17 00:00:00+00:00, run_after=2026-09-18 00:00:00+00:00
[2026-09-18T11:21:44.653+0700] {processor.py:208} INFO - Processing /Users/andreasanditya/Downloads/572392_Andreas_AirflowETL/code/.venv/lib/python3.9/site-packages/airflow/example_dags/example_bash_operator.py took 0.128 seconds
[2026-09-18T11:25:45.600+0700] {processor.py:186} INFO - Started process (PID=16079) to work on /Users/andreasanditya/Downloads/572392_Andreas_AirflowETL/code/.venv/lib/python3.9/site-packages/airflow/example_dags/example_bash_operator.py
[2026-09-18T11:25:45.601+0700] {processor.py:914} INFO - Processing file /Users/andreasanditya/Downloads/572392_Andreas_AirflowETL/code/.venv/lib/python3.9/site-packages/airflow/example_dags/example_bash_operator.py for tasks to queue
[2026-09-18T11:25:45.602+0700] {logging_mixin.py:190} INFO - [2026-09-18T11:25:45.602+0700] {dagbag.py:588} INFO - Filling up the DagBag from /Users/andreasanditya/Downloads/572392_Andreas_AirflowETL/code/.venv/lib/python3.9/site-packages/airflow/example_dags/example_bash_operator.py
[2026-09-18T11:25:45.610+0700] {processor.py:925} INFO - DAG(s) 'example_bash_operator' retrieved from /Users/andreasanditya/Downloads/572392_Andreas_AirflowETL/code/.venv/lib/python3.9/site-packages/airflow/example_dags/example_bash_operator.py
[2026-09-18T11:25:45.703+0700] {logging_mixin.py:190} INFO - [2026-09-18T11:25:45.703+0700] {dag.py:3239} INFO - Sync 1 DAGs
[2026-09-18T11:25:45.715+0700] {logging_mixin.py:190} INFO - [2026-09-18T11:25:45.714+0700] {dag.py:4180} INFO - Setting next_dagrun for example_bash_operator to 2026-09-17 00:00:00+00:00, run_after=2026-09-18 00:00:00+00:00
[2026-09-18T11:25:45.724+0700] {processor.py:208} INFO - Processing /Users/andreasanditya/Downloads/572392_Andreas_AirflowETL/code/.venv/lib/python3.9/site-packages/airflow/example_dags/example_bash_operator.py took 0.127 seconds
[2026-09-18T11:28:47.428+0700] {processor.py:186} INFO - Started process (PID=17914) to work on /Users/andreasanditya/Downloads/572392_Andreas_AirflowETL/code/.venv/lib/python3.9/site-packages/airflow/example_dags/example_bash_operator.py
[2026-09-18T11:28:47.429+0700] {processor.py:914} INFO - Processing file /Users/andreasanditya/Downloads/572392_Andreas_AirflowETL/code/.venv/lib/python3.9/site-packages/airflow/example_dags/example_bash_operator.py for tasks to queue
[2026-09-18T11:28:47.430+0700] {logging_mixin.py:190} INFO - [2026-09-18T11:28:47.430+0700] {dagbag.py:588} INFO - Filling up the DagBag from /Users/andreasanditya/Downloads/572392_Andreas_AirflowETL/code/.venv/lib/python3.9/site-packages/airflow/example_dags/example_bash_operator.py
[2026-09-18T11:28:47.438+0700] {processor.py:925} INFO - DAG(s) 'example_bash_operator' retrieved from /Users/andreasanditya/Downloads/572392_Andreas_AirflowETL/code/.venv/lib/python3.9/site-packages/airflow/example_dags/example_bash_operator.py
[2026-09-18T11:28:47.532+0700] {logging_mixin.py:190} INFO - [2026-09-18T11:28:47.531+0700] {dag.py:3239} INFO - Sync 1 DAGs
[2026-09-18T11:28:47.543+0700] {logging_mixin.py:190} INFO - [2026-09-18T11:28:47.543+0700] {dag.py:4180} INFO - Setting next_dagrun for example_bash_operator to 2026-09-17 00:00:00+00:00, run_after=2026-09-18 00:00:00+00:00
[2026-09-18T11:28:47.553+0700] {processor.py:208} INFO - Processing /Users/andreasanditya/Downloads/572392_Andreas_AirflowETL/code/.venv/lib/python3.9/site-packages/airflow/example_dags/example_bash_operator.py took 0.127 seconds
[2026-09-18T11:31:46.097+0700] {processor.py:186} INFO - Started process (PID=19793) to work on /Users/andreasanditya/Downloads/572392_Andreas_AirflowETL/code/.venv/lib/python3.9/site-packages/airflow/example_dags/example_bash_operator.py
[2026-09-18T11:31:46.098+0700] {processor.py:914} INFO - Processing file /Users/andreasanditya/Downloads/572392_Andreas_AirflowETL/code/.venv/lib/python3.9/site-packages/airflow/example_dags/example_bash_operator.py for tasks to queue
[2026-09-18T11:31:46.099+0700] {logging_mixin.py:190} INFO - [2026-09-18T11:31:46.098+0700] {dagbag.py:588} INFO - Filling up the DagBag from /Users/andreasanditya/Downloads/572392_Andreas_AirflowETL/code/.venv/lib/python3.9/site-packages/airflow/example_dags/example_bash_operator.py
[2026-09-18T11:31:46.106+0700] {processor.py:925} INFO - DAG(s) 'example_bash_operator' retrieved from /Users/andreasanditya/Downloads/572392_Andreas_AirflowETL/code/.venv/lib/python3.9/site-packages/airflow/example_dags/example_bash_operator.py
[2026-09-18T11:31:46.195+0700] {logging_mixin.py:190} INFO - [2026-09-18T11:31:46.195+0700] {dag.py:3239} INFO - Sync 1 DAGs
[2026-09-18T11:31:46.207+0700] {logging_mixin.py:190} INFO - [2026-09-18T11:31:46.207+0700] {dag.py:4180} INFO - Setting next_dagrun for example_bash_operator to 2026-09-17 00:00:00+00:00, run_after=2026-09-18 00:00:00+00:00
[2026-09-18T11:31:46.216+0700] {processor.py:208} INFO - Processing /Users/andreasanditya/Downloads/572392_Andreas_AirflowETL/code/.venv/lib/python3.9/site-packages/airflow/example_dags/example_bash_operator.py took 0.121 seconds
[2026-09-18T11:34:40.292+0700] {processor.py:186} INFO - Started process (PID=21665) to work on /Users/andreasanditya/Downloads/572392_Andreas_AirflowETL/code/.venv/lib/python3.9/site-packages/airflow/example_dags/example_bash_operator.py
[2026-09-18T11:34:40.296+0700] {processor.py:914} INFO - Processing file /Users/andreasanditya/Downloads/572392_Andreas_AirflowETL/code/.venv/lib/python3.9/site-packages/airflow/example_dags/example_bash_operator.py for tasks to queue
[2026-09-18T11:34:40.296+0700] {logging_mixin.py:190} INFO - [2026-09-18T11:34:40.296+0700] {dagbag.py:588} INFO - Filling up the DagBag from /Users/andreasanditya/Downloads/572392_Andreas_AirflowETL/code/.venv/lib/python3.9/site-packages/airflow/example_dags/example_bash_operator.py
[2026-09-18T11:34:40.305+0700] {processor.py:925} INFO - DAG(s) 'example_bash_operator' retrieved from /Users/andreasanditya/Downloads/572392_Andreas_AirflowETL/code/.venv/lib/python3.9/site-packages/airflow/example_dags/example_bash_operator.py
[2026-09-18T11:34:40.403+0700] {logging_mixin.py:190} INFO - [2026-09-18T11:34:40.403+0700] {dag.py:3239} INFO - Sync 1 DAGs
[2026-09-18T11:34:40.415+0700] {logging_mixin.py:190} INFO - [2026-09-18T11:34:40.414+0700] {dag.py:4180} INFO - Setting next_dagrun for example_bash_operator to 2026-09-17 00:00:00+00:00, run_after=2026-09-18 00:00:00+00:00
[2026-09-18T11:34:40.425+0700] {processor.py:208} INFO - Processing /Users/andreasanditya/Downloads/572392_Andreas_AirflowETL/code/.venv/lib/python3.9/site-packages/airflow/example_dags/example_bash_operator.py took 0.135 seconds
[2026-09-18T11:37:36.920+0700] {processor.py:186} INFO - Started process (PID=23521) to work on /Users/andreasanditya/Downloads/572392_Andreas_AirflowETL/code/.venv/lib/python3.9/site-packages/airflow/example_dags/example_bash_operator.py
[2026-09-18T11:37:36.921+0700] {processor.py:914} INFO - Processing file /Users/andreasanditya/Downloads/572392_Andreas_AirflowETL/code/.venv/lib/python3.9/site-packages/airflow/example_dags/example_bash_operator.py for tasks to queue
[2026-09-18T11:37:36.922+0700] {logging_mixin.py:190} INFO - [2026-09-18T11:37:36.921+0700] {dagbag.py:588} INFO - Filling up the DagBag from /Users/andreasanditya/Downloads/572392_Andreas_AirflowETL/code/.venv/lib/python3.9/site-packages/airflow/example_dags/example_bash_operator.py
[2026-09-18T11:37:36.929+0700] {processor.py:925} INFO - DAG(s) 'example_bash_operator' retrieved from /Users/andreasanditya/Downloads/572392_Andreas_AirflowETL/code/.venv/lib/python3.9/site-packages/airflow/example_dags/example_bash_operator.py
[2026-09-18T11:37:37.023+0700] {logging_mixin.py:190} INFO - [2026-09-18T11:37:37.023+0700] {dag.py:3239} INFO - Sync 1 DAGs
[2026-09-18T11:37:37.034+0700] {logging_mixin.py:190} INFO - [2026-09-18T11:37:37.034+0700] {dag.py:4180} INFO - Setting next_dagrun for example_bash_operator to 2026-09-17 00:00:00+00:00, run_after=2026-09-18 00:00:00+00:00
[2026-09-18T11:37:37.044+0700] {processor.py:208} INFO - Processing /Users/andreasanditya/Downloads/572392_Andreas_AirflowETL/code/.venv/lib/python3.9/site-packages/airflow/example_dags/example_bash_operator.py took 0.126 seconds
[2026-09-18T11:40:31.581+0700] {processor.py:186} INFO - Started process (PID=25355) to work on /Users/andreasanditya/Downloads/572392_Andreas_AirflowETL/code/.venv/lib/python3.9/site-packages/airflow/example_dags/example_bash_operator.py
[2026-09-18T11:40:31.581+0700] {processor.py:914} INFO - Processing file /Users/andreasanditya/Downloads/572392_Andreas_AirflowETL/code/.venv/lib/python3.9/site-packages/airflow/example_dags/example_bash_operator.py for tasks to queue
[2026-09-18T11:40:31.582+0700] {logging_mixin.py:190} INFO - [2026-09-18T11:40:31.582+0700] {dagbag.py:588} INFO - Filling up the DagBag from /Users/andreasanditya/Downloads/572392_Andreas_AirflowETL/code/.venv/lib/python3.9/site-packages/airflow/example_dags/example_bash_operator.py
[2026-09-18T11:40:31.590+0700] {processor.py:925} INFO - DAG(s) 'example_bash_operator' retrieved from /Users/andreasanditya/Downloads/572392_Andreas_AirflowETL/code/.venv/lib/python3.9/site-packages/airflow/example_dags/example_bash_operator.py
[2026-09-18T11:40:31.683+0700] {logging_mixin.py:190} INFO - [2026-09-18T11:40:31.683+0700] {dag.py:3239} INFO - Sync 1 DAGs
[2026-09-18T11:40:31.695+0700] {logging_mixin.py:190} INFO - [2026-09-18T11:40:31.695+0700] {dag.py:4180} INFO - Setting next_dagrun for example_bash_operator to 2026-09-17 00:00:00+00:00, run_after=2026-09-18 00:00:00+00:00
[2026-09-18T11:40:31.706+0700] {processor.py:208} INFO - Processing /Users/andreasanditya/Downloads/572392_Andreas_AirflowETL/code/.venv/lib/python3.9/site-packages/airflow/example_dags/example_bash_operator.py took 0.127 seconds
[2026-09-18T11:43:30.433+0700] {processor.py:186} INFO - Started process (PID=27142) to work on /Users/andreasanditya/Downloads/572392_Andreas_AirflowETL/code/.venv/lib/python3.9/site-packages/airflow/example_dags/example_bash_operator.py
[2026-09-18T11:43:30.435+0700] {processor.py:914} INFO - Processing file /Users/andreasanditya/Downloads/572392_Andreas_AirflowETL/code/.venv/lib/python3.9/site-packages/airflow/example_dags/example_bash_operator.py for tasks to queue
[2026-09-18T11:43:30.436+0700] {logging_mixin.py:190} INFO - [2026-09-18T11:43:30.436+0700] {dagbag.py:588} INFO - Filling up the DagBag from /Users/andreasanditya/Downloads/572392_Andreas_AirflowETL/code/.venv/lib/python3.9/site-packages/airflow/example_dags/example_bash_operator.py
[2026-09-18T11:43:30.444+0700] {processor.py:925} INFO - DAG(s) 'example_bash_operator' retrieved from /Users/andreasanditya/Downloads/572392_Andreas_AirflowETL/code/.venv/lib/python3.9/site-packages/airflow/example_dags/example_bash_operator.py
[2026-09-18T11:43:30.548+0700] {logging_mixin.py:190} INFO - [2026-09-18T11:43:30.548+0700] {dag.py:3239} INFO - Sync 1 DAGs
[2026-09-18T11:43:30.559+0700] {logging_mixin.py:190} INFO - [2026-09-18T11:43:30.559+0700] {dag.py:4180} INFO - Setting next_dagrun for example_bash_operator to 2026-09-17 00:00:00+00:00, run_after=2026-09-18 00:00:00+00:00
[2026-09-18T11:43:30.569+0700] {processor.py:208} INFO - Processing /Users/andreasanditya/Downloads/572392_Andreas_AirflowETL/code/.venv/lib/python3.9/site-packages/airflow/example_dags/example_bash_operator.py took 0.138 seconds
[2026-09-18T11:46:23.753+0700] {processor.py:186} INFO - Started process (PID=28854) to work on /Users/andreasanditya/Downloads/572392_Andreas_AirflowETL/code/.venv/lib/python3.9/site-packages/airflow/example_dags/example_bash_operator.py
[2026-09-18T11:46:23.754+0700] {processor.py:914} INFO - Processing file /Users/andreasanditya/Downloads/572392_Andreas_AirflowETL/code/.venv/lib/python3.9/site-packages/airflow/example_dags/example_bash_operator.py for tasks to queue
[2026-09-18T11:46:23.754+0700] {logging_mixin.py:190} INFO - [2026-09-18T11:46:23.754+0700] {dagbag.py:588} INFO - Filling up the DagBag from /Users/andreasanditya/Downloads/572392_Andreas_AirflowETL/code/.venv/lib/python3.9/site-packages/airflow/example_dags/example_bash_operator.py
[2026-09-18T11:46:23.762+0700] {processor.py:925} INFO - DAG(s) 'example_bash_operator' retrieved from /Users/andreasanditya/Downloads/572392_Andreas_AirflowETL/code/.venv/lib/python3.9/site-packages/airflow/example_dags/example_bash_operator.py
[2026-09-18T11:46:23.851+0700] {logging_mixin.py:190} INFO - [2026-09-18T11:46:23.850+0700] {dag.py:3239} INFO - Sync 1 DAGs
[2026-09-18T11:46:23.862+0700] {logging_mixin.py:190} INFO - [2026-09-18T11:46:23.862+0700] {dag.py:4180} INFO - Setting next_dagrun for example_bash_operator to 2026-09-17 00:00:00+00:00, run_after=2026-09-18 00:00:00+00:00
[2026-09-18T11:46:23.871+0700] {processor.py:208} INFO - Processing /Users/andreasanditya/Downloads/572392_Andreas_AirflowETL/code/.venv/lib/python3.9/site-packages/airflow/example_dags/example_bash_operator.py took 0.121 seconds
[2026-09-18T11:49:17.019+0700] {processor.py:186} INFO - Started process (PID=30612) to work on /Users/andreasanditya/Downloads/572392_Andreas_AirflowETL/code/.venv/lib/python3.9/site-packages/airflow/example_dags/example_bash_operator.py
[2026-09-18T11:49:17.020+0700] {processor.py:914} INFO - Processing file /Users/andreasanditya/Downloads/572392_Andreas_AirflowETL/code/.venv/lib/python3.9/site-packages/airflow/example_dags/example_bash_operator.py for tasks to queue
[2026-09-18T11:49:17.021+0700] {logging_mixin.py:190} INFO - [2026-09-18T11:49:17.021+0700] {dagbag.py:588} INFO - Filling up the DagBag from /Users/andreasanditya/Downloads/572392_Andreas_AirflowETL/code/.venv/lib/python3.9/site-packages/airflow/example_dags/example_bash_operator.py
[2026-09-18T11:49:17.028+0700] {processor.py:925} INFO - DAG(s) 'example_bash_operator' retrieved from /Users/andreasanditya/Downloads/572392_Andreas_AirflowETL/code/.venv/lib/python3.9/site-packages/airflow/example_dags/example_bash_operator.py
[2026-09-18T11:49:17.119+0700] {logging_mixin.py:190} INFO - [2026-09-18T11:49:17.119+0700] {dag.py:3239} INFO - Sync 1 DAGs
[2026-09-18T11:49:17.131+0700] {logging_mixin.py:190} INFO - [2026-09-18T11:49:17.131+0700] {dag.py:4180} INFO - Setting next_dagrun for example_bash_operator to 2026-09-17 00:00:00+00:00, run_after=2026-09-18 00:00:00+00:00
[2026-09-18T11:49:17.141+0700] {processor.py:208} INFO - Processing /Users/andreasanditya/Downloads/572392_Andreas_AirflowETL/code/.venv/lib/python3.9/site-packages/airflow/example_dags/example_bash_operator.py took 0.124 seconds
[2026-09-18T11:52:07.891+0700] {processor.py:186} INFO - Started process (PID=32330) to work on /Users/andreasanditya/Downloads/572392_Andreas_AirflowETL/code/.venv/lib/python3.9/site-packages/airflow/example_dags/example_bash_operator.py
[2026-09-18T11:52:07.892+0700] {processor.py:914} INFO - Processing file /Users/andreasanditya/Downloads/572392_Andreas_AirflowETL/code/.venv/lib/python3.9/site-packages/airflow/example_dags/example_bash_operator.py for tasks to queue
[2026-09-18T11:52:07.893+0700] {logging_mixin.py:190} INFO - [2026-09-18T11:52:07.893+0700] {dagbag.py:588} INFO - Filling up the DagBag from /Users/andreasanditya/Downloads/572392_Andreas_AirflowETL/code/.venv/lib/python3.9/site-packages/airflow/example_dags/example_bash_operator.py
[2026-09-18T11:52:07.901+0700] {processor.py:925} INFO - DAG(s) 'example_bash_operator' retrieved from /Users/andreasanditya/Downloads/572392_Andreas_AirflowETL/code/.venv/lib/python3.9/site-packages/airflow/example_dags/example_bash_operator.py
[2026-09-18T11:52:07.991+0700] {logging_mixin.py:190} INFO - [2026-09-18T11:52:07.991+0700] {dag.py:3239} INFO - Sync 1 DAGs
[2026-09-18T11:52:08.002+0700] {logging_mixin.py:190} INFO - [2026-09-18T11:52:08.002+0700] {dag.py:4180} INFO - Setting next_dagrun for example_bash_operator to 2026-09-17 00:00:00+00:00, run_after=2026-09-18 00:00:00+00:00
[2026-09-18T11:52:08.012+0700] {processor.py:208} INFO - Processing /Users/andreasanditya/Downloads/572392_Andreas_AirflowETL/code/.venv/lib/python3.9/site-packages/airflow/example_dags/example_bash_operator.py took 0.122 seconds
[2026-09-18T11:55:01.793+0700] {processor.py:186} INFO - Started process (PID=34070) to work on /Users/andreasanditya/Downloads/572392_Andreas_AirflowETL/code/.venv/lib/python3.9/site-packages/airflow/example_dags/example_bash_operator.py
[2026-09-18T11:55:01.794+0700] {processor.py:914} INFO - Processing file /Users/andreasanditya/Downloads/572392_Andreas_AirflowETL/code/.venv/lib/python3.9/site-packages/airflow/example_dags/example_bash_operator.py for tasks to queue
[2026-09-18T11:55:01.795+0700] {logging_mixin.py:190} INFO - [2026-09-18T11:55:01.795+0700] {dagbag.py:588} INFO - Filling up the DagBag from /Users/andreasanditya/Downloads/572392_Andreas_AirflowETL/code/.venv/lib/python3.9/site-packages/airflow/example_dags/example_bash_operator.py
[2026-09-18T11:55:01.802+0700] {processor.py:925} INFO - DAG(s) 'example_bash_operator' retrieved from /Users/andreasanditya/Downloads/572392_Andreas_AirflowETL/code/.venv/lib/python3.9/site-packages/airflow/example_dags/example_bash_operator.py
[2026-09-18T11:55:01.893+0700] {logging_mixin.py:190} INFO - [2026-09-18T11:55:01.893+0700] {dag.py:3239} INFO - Sync 1 DAGs
[2026-09-18T11:55:01.904+0700] {logging_mixin.py:190} INFO - [2026-09-18T11:55:01.904+0700] {dag.py:4180} INFO - Setting next_dagrun for example_bash_operator to 2026-09-17 00:00:00+00:00, run_after=2026-09-18 00:00:00+00:00
[2026-09-18T11:55:01.914+0700] {processor.py:208} INFO - Processing /Users/andreasanditya/Downloads/572392_Andreas_AirflowETL/code/.venv/lib/python3.9/site-packages/airflow/example_dags/example_bash_operator.py took 0.123 seconds
[2026-09-18T11:57:56.970+0700] {processor.py:186} INFO - Started process (PID=35904) to work on /Users/andreasanditya/Downloads/572392_Andreas_AirflowETL/code/.venv/lib/python3.9/site-packages/airflow/example_dags/example_bash_operator.py
[2026-09-18T11:57:56.972+0700] {processor.py:914} INFO - Processing file /Users/andreasanditya/Downloads/572392_Andreas_AirflowETL/code/.venv/lib/python3.9/site-packages/airflow/example_dags/example_bash_operator.py for tasks to queue
[2026-09-18T11:57:56.973+0700] {logging_mixin.py:190} INFO - [2026-09-18T11:57:56.973+0700] {dagbag.py:588} INFO - Filling up the DagBag from /Users/andreasanditya/Downloads/572392_Andreas_AirflowETL/code/.venv/lib/python3.9/site-packages/airflow/example_dags/example_bash_operator.py
[2026-09-18T11:57:56.980+0700] {processor.py:925} INFO - DAG(s) 'example_bash_operator' retrieved from /Users/andreasanditya/Downloads/572392_Andreas_AirflowETL/code/.venv/lib/python3.9/site-packages/airflow/example_dags/example_bash_operator.py
[2026-09-18T11:57:57.070+0700] {logging_mixin.py:190} INFO - [2026-09-18T11:57:57.070+0700] {dag.py:3239} INFO - Sync 1 DAGs
[2026-09-18T11:57:57.081+0700] {logging_mixin.py:190} INFO - [2026-09-18T11:57:57.081+0700] {dag.py:4180} INFO - Setting next_dagrun for example_bash_operator to 2026-09-17 00:00:00+00:00, run_after=2026-09-18 00:00:00+00:00
[2026-09-18T11:57:57.091+0700] {processor.py:208} INFO - Processing /Users/andreasanditya/Downloads/572392_Andreas_AirflowETL/code/.venv/lib/python3.9/site-packages/airflow/example_dags/example_bash_operator.py took 0.123 seconds
[2026-09-18T12:00:47.447+0700] {processor.py:186} INFO - Started process (PID=37635) to work on /Users/andreasanditya/Downloads/572392_Andreas_AirflowETL/code/.venv/lib/python3.9/site-packages/airflow/example_dags/example_bash_operator.py
[2026-09-18T12:00:47.447+0700] {processor.py:914} INFO - Processing file /Users/andreasanditya/Downloads/572392_Andreas_AirflowETL/code/.venv/lib/python3.9/site-packages/airflow/example_dags/example_bash_operator.py for tasks to queue
[2026-09-18T12:00:47.448+0700] {logging_mixin.py:190} INFO - [2026-09-18T12:00:47.448+0700] {dagbag.py:588} INFO - Filling up the DagBag from /Users/andreasanditya/Downloads/572392_Andreas_AirflowETL/code/.venv/lib/python3.9/site-packages/airflow/example_dags/example_bash_operator.py
[2026-09-18T12:00:47.456+0700] {processor.py:925} INFO - DAG(s) 'example_bash_operator' retrieved from /Users/andreasanditya/Downloads/572392_Andreas_AirflowETL/code/.venv/lib/python3.9/site-packages/airflow/example_dags/example_bash_operator.py
[2026-09-18T12:00:47.546+0700] {logging_mixin.py:190} INFO - [2026-09-18T12:00:47.546+0700] {dag.py:3239} INFO - Sync 1 DAGs
[2026-09-18T12:00:47.558+0700] {logging_mixin.py:190} INFO - [2026-09-18T12:00:47.557+0700] {dag.py:4180} INFO - Setting next_dagrun for example_bash_operator to 2026-09-17 00:00:00+00:00, run_after=2026-09-18 00:00:00+00:00
[2026-09-18T12:00:47.567+0700] {processor.py:208} INFO - Processing /Users/andreasanditya/Downloads/572392_Andreas_AirflowETL/code/.venv/lib/python3.9/site-packages/airflow/example_dags/example_bash_operator.py took 0.123 seconds
[2026-09-18T12:03:41.979+0700] {processor.py:186} INFO - Started process (PID=39394) to work on /Users/andreasanditya/Downloads/572392_Andreas_AirflowETL/code/.venv/lib/python3.9/site-packages/airflow/example_dags/example_bash_operator.py
[2026-09-18T12:03:41.980+0700] {processor.py:914} INFO - Processing file /Users/andreasanditya/Downloads/572392_Andreas_AirflowETL/code/.venv/lib/python3.9/site-packages/airflow/example_dags/example_bash_operator.py for tasks to queue
[2026-09-18T12:03:41.981+0700] {logging_mixin.py:190} INFO - [2026-09-18T12:03:41.980+0700] {dagbag.py:588} INFO - Filling up the DagBag from /Users/andreasanditya/Downloads/572392_Andreas_AirflowETL/code/.venv/lib/python3.9/site-packages/airflow/example_dags/example_bash_operator.py
[2026-09-18T12:03:41.988+0700] {processor.py:925} INFO - DAG(s) 'example_bash_operator' retrieved from /Users/andreasanditya/Downloads/572392_Andreas_AirflowETL/code/.venv/lib/python3.9/site-packages/airflow/example_dags/example_bash_operator.py
[2026-09-18T12:03:42.078+0700] {logging_mixin.py:190} INFO - [2026-09-18T12:03:42.078+0700] {dag.py:3239} INFO - Sync 1 DAGs
[2026-09-18T12:03:42.089+0700] {logging_mixin.py:190} INFO - [2026-09-18T12:03:42.089+0700] {dag.py:4180} INFO - Setting next_dagrun for example_bash_operator to 2026-09-17 00:00:00+00:00, run_after=2026-09-18 00:00:00+00:00
[2026-09-18T12:03:42.099+0700] {processor.py:208} INFO - Processing /Users/andreasanditya/Downloads/572392_Andreas_AirflowETL/code/.venv/lib/python3.9/site-packages/airflow/example_dags/example_bash_operator.py took 0.122 seconds
[2026-09-18T12:06:36.818+0700] {processor.py:186} INFO - Started process (PID=41123) to work on /Users/andreasanditya/Downloads/572392_Andreas_AirflowETL/code/.venv/lib/python3.9/site-packages/airflow/example_dags/example_bash_operator.py
[2026-09-18T12:06:36.819+0700] {processor.py:914} INFO - Processing file /Users/andreasanditya/Downloads/572392_Andreas_AirflowETL/code/.venv/lib/python3.9/site-packages/airflow/example_dags/example_bash_operator.py for tasks to queue
[2026-09-18T12:06:36.820+0700] {logging_mixin.py:190} INFO - [2026-09-18T12:06:36.820+0700] {dagbag.py:588} INFO - Filling up the DagBag from /Users/andreasanditya/Downloads/572392_Andreas_AirflowETL/code/.venv/lib/python3.9/site-packages/airflow/example_dags/example_bash_operator.py
[2026-09-18T12:06:36.828+0700] {processor.py:925} INFO - DAG(s) 'example_bash_operator' retrieved from /Users/andreasanditya/Downloads/572392_Andreas_AirflowETL/code/.venv/lib/python3.9/site-packages/airflow/example_dags/example_bash_operator.py
[2026-09-18T12:06:36.921+0700] {logging_mixin.py:190} INFO - [2026-09-18T12:06:36.921+0700] {dag.py:3239} INFO - Sync 1 DAGs
[2026-09-18T12:06:36.932+0700] {logging_mixin.py:190} INFO - [2026-09-18T12:06:36.932+0700] {dag.py:4180} INFO - Setting next_dagrun for example_bash_operator to 2026-09-17 00:00:00+00:00, run_after=2026-09-18 00:00:00+00:00
[2026-09-18T12:06:36.942+0700] {processor.py:208} INFO - Processing /Users/andreasanditya/Downloads/572392_Andreas_AirflowETL/code/.venv/lib/python3.9/site-packages/airflow/example_dags/example_bash_operator.py took 0.125 seconds
[2026-09-18T12:09:30.442+0700] {processor.py:186} INFO - Started process (PID=42869) to work on /Users/andreasanditya/Downloads/572392_Andreas_AirflowETL/code/.venv/lib/python3.9/site-packages/airflow/example_dags/example_bash_operator.py
[2026-09-18T12:09:30.443+0700] {processor.py:914} INFO - Processing file /Users/andreasanditya/Downloads/572392_Andreas_AirflowETL/code/.venv/lib/python3.9/site-packages/airflow/example_dags/example_bash_operator.py for tasks to queue
[2026-09-18T12:09:30.444+0700] {logging_mixin.py:190} INFO - [2026-09-18T12:09:30.444+0700] {dagbag.py:588} INFO - Filling up the DagBag from /Users/andreasanditya/Downloads/572392_Andreas_AirflowETL/code/.venv/lib/python3.9/site-packages/airflow/example_dags/example_bash_operator.py
[2026-09-18T12:09:30.452+0700] {processor.py:925} INFO - DAG(s) 'example_bash_operator' retrieved from /Users/andreasanditya/Downloads/572392_Andreas_AirflowETL/code/.venv/lib/python3.9/site-packages/airflow/example_dags/example_bash_operator.py
[2026-09-18T12:09:30.544+0700] {logging_mixin.py:190} INFO - [2026-09-18T12:09:30.544+0700] {dag.py:3239} INFO - Sync 1 DAGs
[2026-09-18T12:09:30.555+0700] {logging_mixin.py:190} INFO - [2026-09-18T12:09:30.555+0700] {dag.py:4180} INFO - Setting next_dagrun for example_bash_operator to 2026-09-17 00:00:00+00:00, run_after=2026-09-18 00:00:00+00:00
[2026-09-18T12:09:30.565+0700] {processor.py:208} INFO - Processing /Users/andreasanditya/Downloads/572392_Andreas_AirflowETL/code/.venv/lib/python3.9/site-packages/airflow/example_dags/example_bash_operator.py took 0.125 seconds
[2026-09-18T12:12:25.061+0700] {processor.py:186} INFO - Started process (PID=44608) to work on /Users/andreasanditya/Downloads/572392_Andreas_AirflowETL/code/.venv/lib/python3.9/site-packages/airflow/example_dags/example_bash_operator.py
[2026-09-18T12:12:25.062+0700] {processor.py:914} INFO - Processing file /Users/andreasanditya/Downloads/572392_Andreas_AirflowETL/code/.venv/lib/python3.9/site-packages/airflow/example_dags/example_bash_operator.py for tasks to queue
[2026-09-18T12:12:25.062+0700] {logging_mixin.py:190} INFO - [2026-09-18T12:12:25.062+0700] {dagbag.py:588} INFO - Filling up the DagBag from /Users/andreasanditya/Downloads/572392_Andreas_AirflowETL/code/.venv/lib/python3.9/site-packages/airflow/example_dags/example_bash_operator.py
[2026-09-18T12:12:25.070+0700] {processor.py:925} INFO - DAG(s) 'example_bash_operator' retrieved from /Users/andreasanditya/Downloads/572392_Andreas_AirflowETL/code/.venv/lib/python3.9/site-packages/airflow/example_dags/example_bash_operator.py
[2026-09-18T12:12:25.165+0700] {logging_mixin.py:190} INFO - [2026-09-18T12:12:25.165+0700] {dag.py:3239} INFO - Sync 1 DAGs
[2026-09-18T12:12:25.176+0700] {logging_mixin.py:190} INFO - [2026-09-18T12:12:25.176+0700] {dag.py:4180} INFO - Setting next_dagrun for example_bash_operator to 2026-09-17 00:00:00+00:00, run_after=2026-09-18 00:00:00+00:00
[2026-09-18T12:12:25.185+0700] {processor.py:208} INFO - Processing /Users/andreasanditya/Downloads/572392_Andreas_AirflowETL/code/.venv/lib/python3.9/site-packages/airflow/example_dags/example_bash_operator.py took 0.127 seconds
[2026-09-18T12:15:22.366+0700] {processor.py:186} INFO - Started process (PID=47538) to work on /Users/andreasanditya/Downloads/572392_Andreas_AirflowETL/code/.venv/lib/python3.9/site-packages/airflow/example_dags/example_bash_operator.py
[2026-09-18T12:15:22.367+0700] {processor.py:914} INFO - Processing file /Users/andreasanditya/Downloads/572392_Andreas_AirflowETL/code/.venv/lib/python3.9/site-packages/airflow/example_dags/example_bash_operator.py for tasks to queue
[2026-09-18T12:15:22.368+0700] {logging_mixin.py:190} INFO - [2026-09-18T12:15:22.368+0700] {dagbag.py:588} INFO - Filling up the DagBag from /Users/andreasanditya/Downloads/572392_Andreas_AirflowETL/code/.venv/lib/python3.9/site-packages/airflow/example_dags/example_bash_operator.py
[2026-09-18T12:15:22.375+0700] {processor.py:925} INFO - DAG(s) 'example_bash_operator' retrieved from /Users/andreasanditya/Downloads/572392_Andreas_AirflowETL/code/.venv/lib/python3.9/site-packages/airflow/example_dags/example_bash_operator.py
[2026-09-18T12:15:22.468+0700] {logging_mixin.py:190} INFO - [2026-09-18T12:15:22.468+0700] {dag.py:3239} INFO - Sync 1 DAGs
[2026-09-18T12:15:22.480+0700] {logging_mixin.py:190} INFO - [2026-09-18T12:15:22.480+0700] {dag.py:4180} INFO - Setting next_dagrun for example_bash_operator to 2026-09-17 00:00:00+00:00, run_after=2026-09-18 00:00:00+00:00
[2026-09-18T12:15:22.490+0700] {processor.py:208} INFO - Processing /Users/andreasanditya/Downloads/572392_Andreas_AirflowETL/code/.venv/lib/python3.9/site-packages/airflow/example_dags/example_bash_operator.py took 0.126 seconds
