[2026-09-18T11:17:47.631+0700] {processor.py:186} INFO - Started process (PID=10895) to work on /Users/andreasanditya/Downloads/572392_Andreas_AirflowETL/code/.venv/lib/python3.9/site-packages/airflow/example_dags/example_latest_only_with_trigger.py
[2026-09-18T11:17:47.632+0700] {processor.py:914} INFO - Processing file /Users/andreasanditya/Downloads/572392_Andreas_AirflowETL/code/.venv/lib/python3.9/site-packages/airflow/example_dags/example_latest_only_with_trigger.py for tasks to queue
[2026-09-18T11:17:47.633+0700] {logging_mixin.py:190} INFO - [2026-09-18T11:17:47.633+0700] {dagbag.py:588} INFO - Filling up the DagBag from /Users/andreasanditya/Downloads/572392_Andreas_AirflowETL/code/.venv/lib/python3.9/site-packages/airflow/example_dags/example_latest_only_with_trigger.py
[2026-09-18T11:17:47.637+0700] {processor.py:925} INFO - DAG(s) 'latest_only_with_trigger' retrieved from /Users/andreasanditya/Downloads/572392_Andreas_AirflowETL/code/.venv/lib/python3.9/site-packages/airflow/example_dags/example_latest_only_with_trigger.py
[2026-09-18T11:17:47.774+0700] {logging_mixin.py:190} INFO - [2026-09-18T11:17:47.774+0700] {override.py:1912} INFO - Created Permission View: can read on DAG:latest_only_with_trigger
[2026-09-18T11:17:47.778+0700] {logging_mixin.py:190} INFO - [2026-09-18T11:17:47.778+0700] {override.py:1912} INFO - Created Permission View: can delete on DAG:latest_only_with_trigger
[2026-09-18T11:17:47.782+0700] {logging_mixin.py:190} INFO - [2026-09-18T11:17:47.782+0700] {override.py:1912} INFO - Created Permission View: can edit on DAG:latest_only_with_trigger
[2026-09-18T11:17:47.786+0700] {logging_mixin.py:190} INFO - [2026-09-18T11:17:47.786+0700] {override.py:1912} INFO - Created Permission View: can read on DAG Run:latest_only_with_trigger
[2026-09-18T11:17:47.789+0700] {logging_mixin.py:190} INFO - [2026-09-18T11:17:47.789+0700] {override.py:1912} INFO - Created Permission View: can create on DAG Run:latest_only_with_trigger
[2026-09-18T11:17:47.792+0700] {logging_mixin.py:190} INFO - [2026-09-18T11:17:47.791+0700] {override.py:1912} INFO - Created Permission View: menu access on DAG Run:latest_only_with_trigger
[2026-09-18T11:17:47.794+0700] {logging_mixin.py:190} INFO - [2026-09-18T11:17:47.794+0700] {override.py:1912} INFO - Created Permission View: can delete on DAG Run:latest_only_with_trigger
[2026-09-18T11:17:47.795+0700] {logging_mixin.py:190} INFO - [2026-09-18T11:17:47.794+0700] {dag.py:3239} INFO - Sync 1 DAGs
[2026-09-18T11:17:47.801+0700] {logging_mixin.py:190} INFO - [2026-09-18T11:17:47.801+0700] {dag.py:3262} INFO - Creating ORM DAG for latest_only_with_trigger
[2026-09-18T11:17:47.806+0700] {logging_mixin.py:190} INFO - [2026-09-18T11:17:47.806+0700] {dag.py:4180} INFO - Setting next_dagrun for latest_only_with_trigger to 2026-09-18 00:00:00+00:00, run_after=2026-09-18 04:00:00+00:00
[2026-09-18T11:17:47.815+0700] {processor.py:208} INFO - Processing /Users/andreasanditya/Downloads/572392_Andreas_AirflowETL/code/.venv/lib/python3.9/site-packages/airflow/example_dags/example_latest_only_with_trigger.py took 0.186 seconds
[2026-09-18T11:20:02.957+0700] {processor.py:186} INFO - Started process (PID=12303) to work on /Users/andreasanditya/Downloads/572392_Andreas_AirflowETL/code/.venv/lib/python3.9/site-packages/airflow/example_dags/example_latest_only_with_trigger.py
[2026-09-18T11:20:02.959+0700] {processor.py:914} INFO - Processing file /Users/andreasanditya/Downloads/572392_Andreas_AirflowETL/code/.venv/lib/python3.9/site-packages/airflow/example_dags/example_latest_only_with_trigger.py for tasks to queue
[2026-09-18T11:20:02.959+0700] {logging_mixin.py:190} INFO - [2026-09-18T11:20:02.959+0700] {dagbag.py:588} INFO - Filling up the DagBag from /Users/andreasanditya/Downloads/572392_Andreas_AirflowETL/code/.venv/lib/python3.9/site-packages/airflow/example_dags/example_latest_only_with_trigger.py
[2026-09-18T11:20:02.967+0700] {processor.py:925} INFO - DAG(s) 'latest_only_with_trigger' retrieved from /Users/andreasanditya/Downloads/572392_Andreas_AirflowETL/code/.venv/lib/python3.9/site-packages/airflow/example_dags/example_latest_only_with_trigger.py
[2026-09-18T11:20:03.063+0700] {logging_mixin.py:190} INFO - [2026-09-18T11:20:03.063+0700] {dag.py:3239} INFO - Sync 1 DAGs
[2026-09-18T11:20:03.075+0700] {logging_mixin.py:190} INFO - [2026-09-18T11:20:03.075+0700] {dag.py:4180} INFO - Setting next_dagrun for latest_only_with_trigger to 2026-09-18 00:00:00+00:00, run_after=2026-09-18 04:00:00+00:00
[2026-09-18T11:20:03.085+0700] {processor.py:208} INFO - Processing /Users/andreasanditya/Downloads/572392_Andreas_AirflowETL/code/.venv/lib/python3.9/site-packages/airflow/example_dags/example_latest_only_with_trigger.py took 0.130 seconds
[2026-09-18T11:25:01.234+0700] {processor.py:186} INFO - Started process (PID=15653) to work on /Users/andreasanditya/Downloads/572392_Andreas_AirflowETL/code/.venv/lib/python3.9/site-packages/airflow/example_dags/example_latest_only_with_trigger.py
[2026-09-18T11:25:01.235+0700] {processor.py:914} INFO - Processing file /Users/andreasanditya/Downloads/572392_Andreas_AirflowETL/code/.venv/lib/python3.9/site-packages/airflow/example_dags/example_latest_only_with_trigger.py for tasks to queue
[2026-09-18T11:25:01.236+0700] {logging_mixin.py:190} INFO - [2026-09-18T11:25:01.236+0700] {dagbag.py:588} INFO - Filling up the DagBag from /Users/andreasanditya/Downloads/572392_Andreas_AirflowETL/code/.venv/lib/python3.9/site-packages/airflow/example_dags/example_latest_only_with_trigger.py
[2026-09-18T11:25:01.241+0700] {processor.py:925} INFO - DAG(s) 'latest_only_with_trigger' retrieved from /Users/andreasanditya/Downloads/572392_Andreas_AirflowETL/code/.venv/lib/python3.9/site-packages/airflow/example_dags/example_latest_only_with_trigger.py
[2026-09-18T11:25:01.332+0700] {logging_mixin.py:190} INFO - [2026-09-18T11:25:01.332+0700] {dag.py:3239} INFO - Sync 1 DAGs
[2026-09-18T11:25:01.343+0700] {logging_mixin.py:190} INFO - [2026-09-18T11:25:01.343+0700] {dag.py:4180} INFO - Setting next_dagrun for latest_only_with_trigger to 2026-09-18 00:00:00+00:00, run_after=2026-09-18 04:00:00+00:00
[2026-09-18T11:25:01.353+0700] {processor.py:208} INFO - Processing /Users/andreasanditya/Downloads/572392_Andreas_AirflowETL/code/.venv/lib/python3.9/site-packages/airflow/example_dags/example_latest_only_with_trigger.py took 0.122 seconds
[2026-09-18T11:27:03.769+0700] {processor.py:186} INFO - Started process (PID=16877) to work on /Users/andreasanditya/Downloads/572392_Andreas_AirflowETL/code/.venv/lib/python3.9/site-packages/airflow/example_dags/example_latest_only_with_trigger.py
[2026-09-18T11:27:03.770+0700] {processor.py:914} INFO - Processing file /Users/andreasanditya/Downloads/572392_Andreas_AirflowETL/code/.venv/lib/python3.9/site-packages/airflow/example_dags/example_latest_only_with_trigger.py for tasks to queue
[2026-09-18T11:27:03.771+0700] {logging_mixin.py:190} INFO - [2026-09-18T11:27:03.770+0700] {dagbag.py:588} INFO - Filling up the DagBag from /Users/andreasanditya/Downloads/572392_Andreas_AirflowETL/code/.venv/lib/python3.9/site-packages/airflow/example_dags/example_latest_only_with_trigger.py
[2026-09-18T11:27:03.775+0700] {processor.py:925} INFO - DAG(s) 'latest_only_with_trigger' retrieved from /Users/andreasanditya/Downloads/572392_Andreas_AirflowETL/code/.venv/lib/python3.9/site-packages/airflow/example_dags/example_latest_only_with_trigger.py
[2026-09-18T11:27:03.863+0700] {logging_mixin.py:190} INFO - [2026-09-18T11:27:03.862+0700] {dag.py:3239} INFO - Sync 1 DAGs
[2026-09-18T11:27:03.874+0700] {logging_mixin.py:190} INFO - [2026-09-18T11:27:03.873+0700] {dag.py:4180} INFO - Setting next_dagrun for latest_only_with_trigger to 2026-09-18 00:00:00+00:00, run_after=2026-09-18 04:00:00+00:00
[2026-09-18T11:27:03.883+0700] {processor.py:208} INFO - Processing /Users/andreasanditya/Downloads/572392_Andreas_AirflowETL/code/.venv/lib/python3.9/site-packages/airflow/example_dags/example_latest_only_with_trigger.py took 0.116 seconds
[2026-09-18T11:30:01.309+0700] {processor.py:186} INFO - Started process (PID=18655) to work on /Users/andreasanditya/Downloads/572392_Andreas_AirflowETL/code/.venv/lib/python3.9/site-packages/airflow/example_dags/example_latest_only_with_trigger.py
[2026-09-18T11:30:01.310+0700] {processor.py:914} INFO - Processing file /Users/andreasanditya/Downloads/572392_Andreas_AirflowETL/code/.venv/lib/python3.9/site-packages/airflow/example_dags/example_latest_only_with_trigger.py for tasks to queue
[2026-09-18T11:30:01.311+0700] {logging_mixin.py:190} INFO - [2026-09-18T11:30:01.311+0700] {dagbag.py:588} INFO - Filling up the DagBag from /Users/andreasanditya/Downloads/572392_Andreas_AirflowETL/code/.venv/lib/python3.9/site-packages/airflow/example_dags/example_latest_only_with_trigger.py
[2026-09-18T11:30:01.317+0700] {processor.py:925} INFO - DAG(s) 'latest_only_with_trigger' retrieved from /Users/andreasanditya/Downloads/572392_Andreas_AirflowETL/code/.venv/lib/python3.9/site-packages/airflow/example_dags/example_latest_only_with_trigger.py
[2026-09-18T11:30:01.441+0700] {logging_mixin.py:190} INFO - [2026-09-18T11:30:01.441+0700] {dag.py:3239} INFO - Sync 1 DAGs
[2026-09-18T11:30:01.454+0700] {logging_mixin.py:190} INFO - [2026-09-18T11:30:01.454+0700] {dag.py:4180} INFO - Setting next_dagrun for latest_only_with_trigger to 2026-09-18 00:00:00+00:00, run_after=2026-09-18 04:00:00+00:00
[2026-09-18T11:30:01.466+0700] {processor.py:208} INFO - Processing /Users/andreasanditya/Downloads/572392_Andreas_AirflowETL/code/.venv/lib/python3.9/site-packages/airflow/example_dags/example_latest_only_with_trigger.py took 0.160 seconds
[2026-09-18T11:33:00.436+0700] {processor.py:186} INFO - Started process (PID=20583) to work on /Users/andreasanditya/Downloads/572392_Andreas_AirflowETL/code/.venv/lib/python3.9/site-packages/airflow/example_dags/example_latest_only_with_trigger.py
[2026-09-18T11:33:00.437+0700] {processor.py:914} INFO - Processing file /Users/andreasanditya/Downloads/572392_Andreas_AirflowETL/code/.venv/lib/python3.9/site-packages/airflow/example_dags/example_latest_only_with_trigger.py for tasks to queue
[2026-09-18T11:33:00.438+0700] {logging_mixin.py:190} INFO - [2026-09-18T11:33:00.438+0700] {dagbag.py:588} INFO - Filling up the DagBag from /Users/andreasanditya/Downloads/572392_Andreas_AirflowETL/code/.venv/lib/python3.9/site-packages/airflow/example_dags/example_latest_only_with_trigger.py
[2026-09-18T11:33:00.442+0700] {processor.py:925} INFO - DAG(s) 'latest_only_with_trigger' retrieved from /Users/andreasanditya/Downloads/572392_Andreas_AirflowETL/code/.venv/lib/python3.9/site-packages/airflow/example_dags/example_latest_only_with_trigger.py
[2026-09-18T11:33:00.529+0700] {logging_mixin.py:190} INFO - [2026-09-18T11:33:00.529+0700] {dag.py:3239} INFO - Sync 1 DAGs
[2026-09-18T11:33:00.539+0700] {logging_mixin.py:190} INFO - [2026-09-18T11:33:00.539+0700] {dag.py:4180} INFO - Setting next_dagrun for latest_only_with_trigger to 2026-09-18 00:00:00+00:00, run_after=2026-09-18 04:00:00+00:00
[2026-09-18T11:33:00.549+0700] {processor.py:208} INFO - Processing /Users/andreasanditya/Downloads/572392_Andreas_AirflowETL/code/.venv/lib/python3.9/site-packages/airflow/example_dags/example_latest_only_with_trigger.py took 0.115 seconds
[2026-09-18T11:35:54.313+0700] {processor.py:186} INFO - Started process (PID=22405) to work on /Users/andreasanditya/Downloads/572392_Andreas_AirflowETL/code/.venv/lib/python3.9/site-packages/airflow/example_dags/example_latest_only_with_trigger.py
[2026-09-18T11:35:54.314+0700] {processor.py:914} INFO - Processing file /Users/andreasanditya/Downloads/572392_Andreas_AirflowETL/code/.venv/lib/python3.9/site-packages/airflow/example_dags/example_latest_only_with_trigger.py for tasks to queue
[2026-09-18T11:35:54.315+0700] {logging_mixin.py:190} INFO - [2026-09-18T11:35:54.315+0700] {dagbag.py:588} INFO - Filling up the DagBag from /Users/andreasanditya/Downloads/572392_Andreas_AirflowETL/code/.venv/lib/python3.9/site-packages/airflow/example_dags/example_latest_only_with_trigger.py
[2026-09-18T11:35:54.320+0700] {processor.py:925} INFO - DAG(s) 'latest_only_with_trigger' retrieved from /Users/andreasanditya/Downloads/572392_Andreas_AirflowETL/code/.venv/lib/python3.9/site-packages/airflow/example_dags/example_latest_only_with_trigger.py
[2026-09-18T11:35:54.407+0700] {logging_mixin.py:190} INFO - [2026-09-18T11:35:54.407+0700] {dag.py:3239} INFO - Sync 1 DAGs
[2026-09-18T11:35:54.418+0700] {logging_mixin.py:190} INFO - [2026-09-18T11:35:54.418+0700] {dag.py:4180} INFO - Setting next_dagrun for latest_only_with_trigger to 2026-09-18 00:00:00+00:00, run_after=2026-09-18 04:00:00+00:00
[2026-09-18T11:35:54.428+0700] {processor.py:208} INFO - Processing /Users/andreasanditya/Downloads/572392_Andreas_AirflowETL/code/.venv/lib/python3.9/site-packages/airflow/example_dags/example_latest_only_with_trigger.py took 0.117 seconds
[2026-09-18T11:38:48.827+0700] {processor.py:186} INFO - Started process (PID=24238) to work on /Users/andreasanditya/Downloads/572392_Andreas_AirflowETL/code/.venv/lib/python3.9/site-packages/airflow/example_dags/example_latest_only_with_trigger.py
[2026-09-18T11:38:48.828+0700] {processor.py:914} INFO - Processing file /Users/andreasanditya/Downloads/572392_Andreas_AirflowETL/code/.venv/lib/python3.9/site-packages/airflow/example_dags/example_latest_only_with_trigger.py for tasks to queue
[2026-09-18T11:38:48.829+0700] {logging_mixin.py:190} INFO - [2026-09-18T11:38:48.829+0700] {dagbag.py:588} INFO - Filling up the DagBag from /Users/andreasanditya/Downloads/572392_Andreas_AirflowETL/code/.venv/lib/python3.9/site-packages/airflow/example_dags/example_latest_only_with_trigger.py
[2026-09-18T11:38:48.836+0700] {processor.py:925} INFO - DAG(s) 'latest_only_with_trigger' retrieved from /Users/andreasanditya/Downloads/572392_Andreas_AirflowETL/code/.venv/lib/python3.9/site-packages/airflow/example_dags/example_latest_only_with_trigger.py
[2026-09-18T11:38:48.932+0700] {logging_mixin.py:190} INFO - [2026-09-18T11:38:48.932+0700] {dag.py:3239} INFO - Sync 1 DAGs
[2026-09-18T11:38:48.942+0700] {logging_mixin.py:190} INFO - [2026-09-18T11:38:48.942+0700] {dag.py:4180} INFO - Setting next_dagrun for latest_only_with_trigger to 2026-09-18 00:00:00+00:00, run_after=2026-09-18 04:00:00+00:00
[2026-09-18T11:38:48.952+0700] {processor.py:208} INFO - Processing /Users/andreasanditya/Downloads/572392_Andreas_AirflowETL/code/.venv/lib/python3.9/site-packages/airflow/example_dags/example_latest_only_with_trigger.py took 0.128 seconds
[2026-09-18T11:41:47.825+0700] {processor.py:186} INFO - Started process (PID=26118) to work on /Users/andreasanditya/Downloads/572392_Andreas_AirflowETL/code/.venv/lib/python3.9/site-packages/airflow/example_dags/example_latest_only_with_trigger.py
[2026-09-18T11:41:47.826+0700] {processor.py:914} INFO - Processing file /Users/andreasanditya/Downloads/572392_Andreas_AirflowETL/code/.venv/lib/python3.9/site-packages/airflow/example_dags/example_latest_only_with_trigger.py for tasks to queue
[2026-09-18T11:41:47.826+0700] {logging_mixin.py:190} INFO - [2026-09-18T11:41:47.826+0700] {dagbag.py:588} INFO - Filling up the DagBag from /Users/andreasanditya/Downloads/572392_Andreas_AirflowETL/code/.venv/lib/python3.9/site-packages/airflow/example_dags/example_latest_only_with_trigger.py
[2026-09-18T11:41:47.832+0700] {processor.py:925} INFO - DAG(s) 'latest_only_with_trigger' retrieved from /Users/andreasanditya/Downloads/572392_Andreas_AirflowETL/code/.venv/lib/python3.9/site-packages/airflow/example_dags/example_latest_only_with_trigger.py
[2026-09-18T11:41:47.925+0700] {logging_mixin.py:190} INFO - [2026-09-18T11:41:47.925+0700] {dag.py:3239} INFO - Sync 1 DAGs
[2026-09-18T11:41:47.937+0700] {logging_mixin.py:190} INFO - [2026-09-18T11:41:47.937+0700] {dag.py:4180} INFO - Setting next_dagrun for latest_only_with_trigger to 2026-09-18 00:00:00+00:00, run_after=2026-09-18 04:00:00+00:00
[2026-09-18T11:41:47.947+0700] {processor.py:208} INFO - Processing /Users/andreasanditya/Downloads/572392_Andreas_AirflowETL/code/.venv/lib/python3.9/site-packages/airflow/example_dags/example_latest_only_with_trigger.py took 0.124 seconds
[2026-09-18T11:44:43.369+0700] {processor.py:186} INFO - Started process (PID=27859) to work on /Users/andreasanditya/Downloads/572392_Andreas_AirflowETL/code/.venv/lib/python3.9/site-packages/airflow/example_dags/example_latest_only_with_trigger.py
[2026-09-18T11:44:43.370+0700] {processor.py:914} INFO - Processing file /Users/andreasanditya/Downloads/572392_Andreas_AirflowETL/code/.venv/lib/python3.9/site-packages/airflow/example_dags/example_latest_only_with_trigger.py for tasks to queue
[2026-09-18T11:44:43.371+0700] {logging_mixin.py:190} INFO - [2026-09-18T11:44:43.371+0700] {dagbag.py:588} INFO - Filling up the DagBag from /Users/andreasanditya/Downloads/572392_Andreas_AirflowETL/code/.venv/lib/python3.9/site-packages/airflow/example_dags/example_latest_only_with_trigger.py
[2026-09-18T11:44:43.376+0700] {processor.py:925} INFO - DAG(s) 'latest_only_with_trigger' retrieved from /Users/andreasanditya/Downloads/572392_Andreas_AirflowETL/code/.venv/lib/python3.9/site-packages/airflow/example_dags/example_latest_only_with_trigger.py
[2026-09-18T11:44:43.463+0700] {logging_mixin.py:190} INFO - [2026-09-18T11:44:43.463+0700] {dag.py:3239} INFO - Sync 1 DAGs
[2026-09-18T11:44:43.474+0700] {logging_mixin.py:190} INFO - [2026-09-18T11:44:43.474+0700] {dag.py:4180} INFO - Setting next_dagrun for latest_only_with_trigger to 2026-09-18 00:00:00+00:00, run_after=2026-09-18 04:00:00+00:00
[2026-09-18T11:44:43.484+0700] {processor.py:208} INFO - Processing /Users/andreasanditya/Downloads/572392_Andreas_AirflowETL/code/.venv/lib/python3.9/site-packages/airflow/example_dags/example_latest_only_with_trigger.py took 0.117 seconds
[2026-09-18T11:47:36.628+0700] {processor.py:186} INFO - Started process (PID=29566) to work on /Users/andreasanditya/Downloads/572392_Andreas_AirflowETL/code/.venv/lib/python3.9/site-packages/airflow/example_dags/example_latest_only_with_trigger.py
[2026-09-18T11:47:36.629+0700] {processor.py:914} INFO - Processing file /Users/andreasanditya/Downloads/572392_Andreas_AirflowETL/code/.venv/lib/python3.9/site-packages/airflow/example_dags/example_latest_only_with_trigger.py for tasks to queue
[2026-09-18T11:47:36.629+0700] {logging_mixin.py:190} INFO - [2026-09-18T11:47:36.629+0700] {dagbag.py:588} INFO - Filling up the DagBag from /Users/andreasanditya/Downloads/572392_Andreas_AirflowETL/code/.venv/lib/python3.9/site-packages/airflow/example_dags/example_latest_only_with_trigger.py
[2026-09-18T11:47:36.634+0700] {processor.py:925} INFO - DAG(s) 'latest_only_with_trigger' retrieved from /Users/andreasanditya/Downloads/572392_Andreas_AirflowETL/code/.venv/lib/python3.9/site-packages/airflow/example_dags/example_latest_only_with_trigger.py
[2026-09-18T11:47:36.724+0700] {logging_mixin.py:190} INFO - [2026-09-18T11:47:36.724+0700] {dag.py:3239} INFO - Sync 1 DAGs
[2026-09-18T11:47:36.735+0700] {logging_mixin.py:190} INFO - [2026-09-18T11:47:36.735+0700] {dag.py:4180} INFO - Setting next_dagrun for latest_only_with_trigger to 2026-09-18 00:00:00+00:00, run_after=2026-09-18 04:00:00+00:00
[2026-09-18T11:47:36.745+0700] {processor.py:208} INFO - Processing /Users/andreasanditya/Downloads/572392_Andreas_AirflowETL/code/.venv/lib/python3.9/site-packages/airflow/example_dags/example_latest_only_with_trigger.py took 0.119 seconds
[2026-09-18T11:50:29.080+0700] {processor.py:186} INFO - Started process (PID=31410) to work on /Users/andreasanditya/Downloads/572392_Andreas_AirflowETL/code/.venv/lib/python3.9/site-packages/airflow/example_dags/example_latest_only_with_trigger.py
[2026-09-18T11:50:29.081+0700] {processor.py:914} INFO - Processing file /Users/andreasanditya/Downloads/572392_Andreas_AirflowETL/code/.venv/lib/python3.9/site-packages/airflow/example_dags/example_latest_only_with_trigger.py for tasks to queue
[2026-09-18T11:50:29.082+0700] {logging_mixin.py:190} INFO - [2026-09-18T11:50:29.082+0700] {dagbag.py:588} INFO - Filling up the DagBag from /Users/andreasanditya/Downloads/572392_Andreas_AirflowETL/code/.venv/lib/python3.9/site-packages/airflow/example_dags/example_latest_only_with_trigger.py
[2026-09-18T11:50:29.086+0700] {processor.py:925} INFO - DAG(s) 'latest_only_with_trigger' retrieved from /Users/andreasanditya/Downloads/572392_Andreas_AirflowETL/code/.venv/lib/python3.9/site-packages/airflow/example_dags/example_latest_only_with_trigger.py
[2026-09-18T11:50:29.172+0700] {logging_mixin.py:190} INFO - [2026-09-18T11:50:29.172+0700] {dag.py:3239} INFO - Sync 1 DAGs
[2026-09-18T11:50:29.183+0700] {logging_mixin.py:190} INFO - [2026-09-18T11:50:29.182+0700] {dag.py:4180} INFO - Setting next_dagrun for latest_only_with_trigger to 2026-09-18 00:00:00+00:00, run_after=2026-09-18 04:00:00+00:00
[2026-09-18T11:50:29.192+0700] {processor.py:208} INFO - Processing /Users/andreasanditya/Downloads/572392_Andreas_AirflowETL/code/.venv/lib/python3.9/site-packages/airflow/example_dags/example_latest_only_with_trigger.py took 0.114 seconds
[2026-09-18T11:53:20.871+0700] {processor.py:186} INFO - Started process (PID=33042) to work on /Users/andreasanditya/Downloads/572392_Andreas_AirflowETL/code/.venv/lib/python3.9/site-packages/airflow/example_dags/example_latest_only_with_trigger.py
[2026-09-18T11:53:20.872+0700] {processor.py:914} INFO - Processing file /Users/andreasanditya/Downloads/572392_Andreas_AirflowETL/code/.venv/lib/python3.9/site-packages/airflow/example_dags/example_latest_only_with_trigger.py for tasks to queue
[2026-09-18T11:53:20.873+0700] {logging_mixin.py:190} INFO - [2026-09-18T11:53:20.873+0700] {dagbag.py:588} INFO - Filling up the DagBag from /Users/andreasanditya/Downloads/572392_Andreas_AirflowETL/code/.venv/lib/python3.9/site-packages/airflow/example_dags/example_latest_only_with_trigger.py
[2026-09-18T11:53:20.878+0700] {processor.py:925} INFO - DAG(s) 'latest_only_with_trigger' retrieved from /Users/andreasanditya/Downloads/572392_Andreas_AirflowETL/code/.venv/lib/python3.9/site-packages/airflow/example_dags/example_latest_only_with_trigger.py
[2026-09-18T11:53:20.963+0700] {logging_mixin.py:190} INFO - [2026-09-18T11:53:20.963+0700] {dag.py:3239} INFO - Sync 1 DAGs
[2026-09-18T11:53:20.974+0700] {logging_mixin.py:190} INFO - [2026-09-18T11:53:20.974+0700] {dag.py:4180} INFO - Setting next_dagrun for latest_only_with_trigger to 2026-09-18 00:00:00+00:00, run_after=2026-09-18 04:00:00+00:00
[2026-09-18T11:53:20.984+0700] {processor.py:208} INFO - Processing /Users/andreasanditya/Downloads/572392_Andreas_AirflowETL/code/.venv/lib/python3.9/site-packages/airflow/example_dags/example_latest_only_with_trigger.py took 0.114 seconds
[2026-09-18T11:56:15.402+0700] {processor.py:186} INFO - Started process (PID=34882) to work on /Users/andreasanditya/Downloads/572392_Andreas_AirflowETL/code/.venv/lib/python3.9/site-packages/airflow/example_dags/example_latest_only_with_trigger.py
[2026-09-18T11:56:15.403+0700] {processor.py:914} INFO - Processing file /Users/andreasanditya/Downloads/572392_Andreas_AirflowETL/code/.venv/lib/python3.9/site-packages/airflow/example_dags/example_latest_only_with_trigger.py for tasks to queue
[2026-09-18T11:56:15.404+0700] {logging_mixin.py:190} INFO - [2026-09-18T11:56:15.404+0700] {dagbag.py:588} INFO - Filling up the DagBag from /Users/andreasanditya/Downloads/572392_Andreas_AirflowETL/code/.venv/lib/python3.9/site-packages/airflow/example_dags/example_latest_only_with_trigger.py
[2026-09-18T11:56:15.408+0700] {processor.py:925} INFO - DAG(s) 'latest_only_with_trigger' retrieved from /Users/andreasanditya/Downloads/572392_Andreas_AirflowETL/code/.venv/lib/python3.9/site-packages/airflow/example_dags/example_latest_only_with_trigger.py
[2026-09-18T11:56:15.494+0700] {logging_mixin.py:190} INFO - [2026-09-18T11:56:15.493+0700] {dag.py:3239} INFO - Sync 1 DAGs
[2026-09-18T11:56:15.505+0700] {logging_mixin.py:190} INFO - [2026-09-18T11:56:15.504+0700] {dag.py:4180} INFO - Setting next_dagrun for latest_only_with_trigger to 2026-09-18 00:00:00+00:00, run_after=2026-09-18 04:00:00+00:00
[2026-09-18T11:56:15.514+0700] {processor.py:208} INFO - Processing /Users/andreasanditya/Downloads/572392_Andreas_AirflowETL/code/.venv/lib/python3.9/site-packages/airflow/example_dags/example_latest_only_with_trigger.py took 0.114 seconds
[2026-09-18T11:59:07.664+0700] {processor.py:186} INFO - Started process (PID=36602) to work on /Users/andreasanditya/Downloads/572392_Andreas_AirflowETL/code/.venv/lib/python3.9/site-packages/airflow/example_dags/example_latest_only_with_trigger.py
[2026-09-18T11:59:07.665+0700] {processor.py:914} INFO - Processing file /Users/andreasanditya/Downloads/572392_Andreas_AirflowETL/code/.venv/lib/python3.9/site-packages/airflow/example_dags/example_latest_only_with_trigger.py for tasks to queue
[2026-09-18T11:59:07.666+0700] {logging_mixin.py:190} INFO - [2026-09-18T11:59:07.666+0700] {dagbag.py:588} INFO - Filling up the DagBag from /Users/andreasanditya/Downloads/572392_Andreas_AirflowETL/code/.venv/lib/python3.9/site-packages/airflow/example_dags/example_latest_only_with_trigger.py
[2026-09-18T11:59:07.670+0700] {processor.py:925} INFO - DAG(s) 'latest_only_with_trigger' retrieved from /Users/andreasanditya/Downloads/572392_Andreas_AirflowETL/code/.venv/lib/python3.9/site-packages/airflow/example_dags/example_latest_only_with_trigger.py
[2026-09-18T11:59:07.757+0700] {logging_mixin.py:190} INFO - [2026-09-18T11:59:07.757+0700] {dag.py:3239} INFO - Sync 1 DAGs
[2026-09-18T11:59:07.768+0700] {logging_mixin.py:190} INFO - [2026-09-18T11:59:07.767+0700] {dag.py:4180} INFO - Setting next_dagrun for latest_only_with_trigger to 2026-09-18 00:00:00+00:00, run_after=2026-09-18 04:00:00+00:00
[2026-09-18T11:59:07.777+0700] {processor.py:208} INFO - Processing /Users/andreasanditya/Downloads/572392_Andreas_AirflowETL/code/.venv/lib/python3.9/site-packages/airflow/example_dags/example_latest_only_with_trigger.py took 0.115 seconds
[2026-09-18T12:02:01.165+0700] {processor.py:186} INFO - Started process (PID=38349) to work on /Users/andreasanditya/Downloads/572392_Andreas_AirflowETL/code/.venv/lib/python3.9/site-packages/airflow/example_dags/example_latest_only_with_trigger.py
[2026-09-18T12:02:01.166+0700] {processor.py:914} INFO - Processing file /Users/andreasanditya/Downloads/572392_Andreas_AirflowETL/code/.venv/lib/python3.9/site-packages/airflow/example_dags/example_latest_only_with_trigger.py for tasks to queue
[2026-09-18T12:02:01.167+0700] {logging_mixin.py:190} INFO - [2026-09-18T12:02:01.167+0700] {dagbag.py:588} INFO - Filling up the DagBag from /Users/andreasanditya/Downloads/572392_Andreas_AirflowETL/code/.venv/lib/python3.9/site-packages/airflow/example_dags/example_latest_only_with_trigger.py
[2026-09-18T12:02:01.171+0700] {processor.py:925} INFO - DAG(s) 'latest_only_with_trigger' retrieved from /Users/andreasanditya/Downloads/572392_Andreas_AirflowETL/code/.venv/lib/python3.9/site-packages/airflow/example_dags/example_latest_only_with_trigger.py
[2026-09-18T12:02:01.257+0700] {logging_mixin.py:190} INFO - [2026-09-18T12:02:01.257+0700] {dag.py:3239} INFO - Sync 1 DAGs
[2026-09-18T12:02:01.268+0700] {logging_mixin.py:190} INFO - [2026-09-18T12:02:01.268+0700] {dag.py:4180} INFO - Setting next_dagrun for latest_only_with_trigger to 2026-09-18 00:00:00+00:00, run_after=2026-09-18 04:00:00+00:00
[2026-09-18T12:02:01.277+0700] {processor.py:208} INFO - Processing /Users/andreasanditya/Downloads/572392_Andreas_AirflowETL/code/.venv/lib/python3.9/site-packages/airflow/example_dags/example_latest_only_with_trigger.py took 0.114 seconds
[2026-09-18T12:04:54.272+0700] {processor.py:186} INFO - Started process (PID=40095) to work on /Users/andreasanditya/Downloads/572392_Andreas_AirflowETL/code/.venv/lib/python3.9/site-packages/airflow/example_dags/example_latest_only_with_trigger.py
[2026-09-18T12:04:54.274+0700] {processor.py:914} INFO - Processing file /Users/andreasanditya/Downloads/572392_Andreas_AirflowETL/code/.venv/lib/python3.9/site-packages/airflow/example_dags/example_latest_only_with_trigger.py for tasks to queue
[2026-09-18T12:04:54.275+0700] {logging_mixin.py:190} INFO - [2026-09-18T12:04:54.275+0700] {dagbag.py:588} INFO - Filling up the DagBag from /Users/andreasanditya/Downloads/572392_Andreas_AirflowETL/code/.venv/lib/python3.9/site-packages/airflow/example_dags/example_latest_only_with_trigger.py
[2026-09-18T12:04:54.279+0700] {processor.py:925} INFO - DAG(s) 'latest_only_with_trigger' retrieved from /Users/andreasanditya/Downloads/572392_Andreas_AirflowETL/code/.venv/lib/python3.9/site-packages/airflow/example_dags/example_latest_only_with_trigger.py
[2026-09-18T12:04:54.365+0700] {logging_mixin.py:190} INFO - [2026-09-18T12:04:54.365+0700] {dag.py:3239} INFO - Sync 1 DAGs
[2026-09-18T12:04:54.377+0700] {logging_mixin.py:190} INFO - [2026-09-18T12:04:54.376+0700] {dag.py:4180} INFO - Setting next_dagrun for latest_only_with_trigger to 2026-09-18 00:00:00+00:00, run_after=2026-09-18 04:00:00+00:00
[2026-09-18T12:04:54.386+0700] {processor.py:208} INFO - Processing /Users/andreasanditya/Downloads/572392_Andreas_AirflowETL/code/.venv/lib/python3.9/site-packages/airflow/example_dags/example_latest_only_with_trigger.py took 0.116 seconds
[2026-09-18T12:07:49.814+0700] {processor.py:186} INFO - Started process (PID=41845) to work on /Users/andreasanditya/Downloads/572392_Andreas_AirflowETL/code/.venv/lib/python3.9/site-packages/airflow/example_dags/example_latest_only_with_trigger.py
[2026-09-18T12:07:49.815+0700] {processor.py:914} INFO - Processing file /Users/andreasanditya/Downloads/572392_Andreas_AirflowETL/code/.venv/lib/python3.9/site-packages/airflow/example_dags/example_latest_only_with_trigger.py for tasks to queue
[2026-09-18T12:07:49.816+0700] {logging_mixin.py:190} INFO - [2026-09-18T12:07:49.816+0700] {dagbag.py:588} INFO - Filling up the DagBag from /Users/andreasanditya/Downloads/572392_Andreas_AirflowETL/code/.venv/lib/python3.9/site-packages/airflow/example_dags/example_latest_only_with_trigger.py
[2026-09-18T12:07:49.821+0700] {processor.py:925} INFO - DAG(s) 'latest_only_with_trigger' retrieved from /Users/andreasanditya/Downloads/572392_Andreas_AirflowETL/code/.venv/lib/python3.9/site-packages/airflow/example_dags/example_latest_only_with_trigger.py
[2026-09-18T12:07:49.907+0700] {logging_mixin.py:190} INFO - [2026-09-18T12:07:49.907+0700] {dag.py:3239} INFO - Sync 1 DAGs
[2026-09-18T12:07:49.918+0700] {logging_mixin.py:190} INFO - [2026-09-18T12:07:49.918+0700] {dag.py:4180} INFO - Setting next_dagrun for latest_only_with_trigger to 2026-09-18 00:00:00+00:00, run_after=2026-09-18 04:00:00+00:00
[2026-09-18T12:07:49.928+0700] {processor.py:208} INFO - Processing /Users/andreasanditya/Downloads/572392_Andreas_AirflowETL/code/.venv/lib/python3.9/site-packages/airflow/example_dags/example_latest_only_with_trigger.py took 0.116 seconds
[2026-09-18T12:10:41.603+0700] {processor.py:186} INFO - Started process (PID=43584) to work on /Users/andreasanditya/Downloads/572392_Andreas_AirflowETL/code/.venv/lib/python3.9/site-packages/airflow/example_dags/example_latest_only_with_trigger.py
[2026-09-18T12:10:41.605+0700] {processor.py:914} INFO - Processing file /Users/andreasanditya/Downloads/572392_Andreas_AirflowETL/code/.venv/lib/python3.9/site-packages/airflow/example_dags/example_latest_only_with_trigger.py for tasks to queue
[2026-09-18T12:10:41.605+0700] {logging_mixin.py:190} INFO - [2026-09-18T12:10:41.605+0700] {dagbag.py:588} INFO - Filling up the DagBag from /Users/andreasanditya/Downloads/572392_Andreas_AirflowETL/code/.venv/lib/python3.9/site-packages/airflow/example_dags/example_latest_only_with_trigger.py
[2026-09-18T12:10:41.610+0700] {processor.py:925} INFO - DAG(s) 'latest_only_with_trigger' retrieved from /Users/andreasanditya/Downloads/572392_Andreas_AirflowETL/code/.venv/lib/python3.9/site-packages/airflow/example_dags/example_latest_only_with_trigger.py
[2026-09-18T12:10:41.696+0700] {logging_mixin.py:190} INFO - [2026-09-18T12:10:41.696+0700] {dag.py:3239} INFO - Sync 1 DAGs
[2026-09-18T12:10:41.707+0700] {logging_mixin.py:190} INFO - [2026-09-18T12:10:41.707+0700] {dag.py:4180} INFO - Setting next_dagrun for latest_only_with_trigger to 2026-09-18 00:00:00+00:00, run_after=2026-09-18 04:00:00+00:00
[2026-09-18T12:10:41.717+0700] {processor.py:208} INFO - Processing /Users/andreasanditya/Downloads/572392_Andreas_AirflowETL/code/.venv/lib/python3.9/site-packages/airflow/example_dags/example_latest_only_with_trigger.py took 0.116 seconds
[2026-09-18T12:13:40.769+0700] {processor.py:186} INFO - Started process (PID=46239) to work on /Users/andreasanditya/Downloads/572392_Andreas_AirflowETL/code/.venv/lib/python3.9/site-packages/airflow/example_dags/example_latest_only_with_trigger.py
[2026-09-18T12:13:40.771+0700] {processor.py:914} INFO - Processing file /Users/andreasanditya/Downloads/572392_Andreas_AirflowETL/code/.venv/lib/python3.9/site-packages/airflow/example_dags/example_latest_only_with_trigger.py for tasks to queue
[2026-09-18T12:13:40.771+0700] {logging_mixin.py:190} INFO - [2026-09-18T12:13:40.771+0700] {dagbag.py:588} INFO - Filling up the DagBag from /Users/andreasanditya/Downloads/572392_Andreas_AirflowETL/code/.venv/lib/python3.9/site-packages/airflow/example_dags/example_latest_only_with_trigger.py
[2026-09-18T12:13:40.776+0700] {processor.py:925} INFO - DAG(s) 'latest_only_with_trigger' retrieved from /Users/andreasanditya/Downloads/572392_Andreas_AirflowETL/code/.venv/lib/python3.9/site-packages/airflow/example_dags/example_latest_only_with_trigger.py
[2026-09-18T12:13:40.863+0700] {logging_mixin.py:190} INFO - [2026-09-18T12:13:40.862+0700] {dag.py:3239} INFO - Sync 1 DAGs
[2026-09-18T12:13:40.874+0700] {logging_mixin.py:190} INFO - [2026-09-18T12:13:40.874+0700] {dag.py:4180} INFO - Setting next_dagrun for latest_only_with_trigger to 2026-09-18 00:00:00+00:00, run_after=2026-09-18 04:00:00+00:00
[2026-09-18T12:13:40.883+0700] {processor.py:208} INFO - Processing /Users/andreasanditya/Downloads/572392_Andreas_AirflowETL/code/.venv/lib/python3.9/site-packages/airflow/example_dags/example_latest_only_with_trigger.py took 0.116 seconds
[2026-09-18T12:16:35.701+0700] {processor.py:186} INFO - Started process (PID=48983) to work on /Users/andreasanditya/Downloads/572392_Andreas_AirflowETL/code/.venv/lib/python3.9/site-packages/airflow/example_dags/example_latest_only_with_trigger.py
[2026-09-18T12:16:35.702+0700] {processor.py:914} INFO - Processing file /Users/andreasanditya/Downloads/572392_Andreas_AirflowETL/code/.venv/lib/python3.9/site-packages/airflow/example_dags/example_latest_only_with_trigger.py for tasks to queue
[2026-09-18T12:16:35.702+0700] {logging_mixin.py:190} INFO - [2026-09-18T12:16:35.702+0700] {dagbag.py:588} INFO - Filling up the DagBag from /Users/andreasanditya/Downloads/572392_Andreas_AirflowETL/code/.venv/lib/python3.9/site-packages/airflow/example_dags/example_latest_only_with_trigger.py
[2026-09-18T12:16:35.707+0700] {processor.py:925} INFO - DAG(s) 'latest_only_with_trigger' retrieved from /Users/andreasanditya/Downloads/572392_Andreas_AirflowETL/code/.venv/lib/python3.9/site-packages/airflow/example_dags/example_latest_only_with_trigger.py
[2026-09-18T12:16:35.794+0700] {logging_mixin.py:190} INFO - [2026-09-18T12:16:35.794+0700] {dag.py:3239} INFO - Sync 1 DAGs
[2026-09-18T12:16:35.804+0700] {logging_mixin.py:190} INFO - [2026-09-18T12:16:35.804+0700] {dag.py:4180} INFO - Setting next_dagrun for latest_only_with_trigger to 2026-09-18 00:00:00+00:00, run_after=2026-09-18 04:00:00+00:00
[2026-09-18T12:16:35.814+0700] {processor.py:208} INFO - Processing /Users/andreasanditya/Downloads/572392_Andreas_AirflowETL/code/.venv/lib/python3.9/site-packages/airflow/example_dags/example_latest_only_with_trigger.py took 0.116 seconds
[2026-09-18T12:19:34.107+0700] {processor.py:186} INFO - Started process (PID=51950) to work on /Users/andreasanditya/Downloads/572392_Andreas_AirflowETL/code/.venv/lib/python3.9/site-packages/airflow/example_dags/example_latest_only_with_trigger.py
[2026-09-18T12:19:34.109+0700] {processor.py:914} INFO - Processing file /Users/andreasanditya/Downloads/572392_Andreas_AirflowETL/code/.venv/lib/python3.9/site-packages/airflow/example_dags/example_latest_only_with_trigger.py for tasks to queue
[2026-09-18T12:19:34.110+0700] {logging_mixin.py:190} INFO - [2026-09-18T12:19:34.110+0700] {dagbag.py:588} INFO - Filling up the DagBag from /Users/andreasanditya/Downloads/572392_Andreas_AirflowETL/code/.venv/lib/python3.9/site-packages/airflow/example_dags/example_latest_only_with_trigger.py
[2026-09-18T12:19:34.114+0700] {processor.py:925} INFO - DAG(s) 'latest_only_with_trigger' retrieved from /Users/andreasanditya/Downloads/572392_Andreas_AirflowETL/code/.venv/lib/python3.9/site-packages/airflow/example_dags/example_latest_only_with_trigger.py
[2026-09-18T12:19:34.201+0700] {logging_mixin.py:190} INFO - [2026-09-18T12:19:34.201+0700] {dag.py:3239} INFO - Sync 1 DAGs
[2026-09-18T12:19:34.212+0700] {logging_mixin.py:190} INFO - [2026-09-18T12:19:34.211+0700] {dag.py:4180} INFO - Setting next_dagrun for latest_only_with_trigger to 2026-09-18 00:00:00+00:00, run_after=2026-09-18 04:00:00+00:00
[2026-09-18T12:19:34.223+0700] {processor.py:208} INFO - Processing /Users/andreasanditya/Downloads/572392_Andreas_AirflowETL/code/.venv/lib/python3.9/site-packages/airflow/example_dags/example_latest_only_with_trigger.py took 0.118 seconds
[2026-09-18T12:22:28.953+0700] {processor.py:186} INFO - Started process (PID=54263) to work on /Users/andreasanditya/Downloads/572392_Andreas_AirflowETL/code/.venv/lib/python3.9/site-packages/airflow/example_dags/example_latest_only_with_trigger.py
[2026-09-18T12:22:28.954+0700] {processor.py:914} INFO - Processing file /Users/andreasanditya/Downloads/572392_Andreas_AirflowETL/code/.venv/lib/python3.9/site-packages/airflow/example_dags/example_latest_only_with_trigger.py for tasks to queue
[2026-09-18T12:22:28.954+0700] {logging_mixin.py:190} INFO - [2026-09-18T12:22:28.954+0700] {dagbag.py:588} INFO - Filling up the DagBag from /Users/andreasanditya/Downloads/572392_Andreas_AirflowETL/code/.venv/lib/python3.9/site-packages/airflow/example_dags/example_latest_only_with_trigger.py
[2026-09-18T12:22:28.959+0700] {processor.py:925} INFO - DAG(s) 'latest_only_with_trigger' retrieved from /Users/andreasanditya/Downloads/572392_Andreas_AirflowETL/code/.venv/lib/python3.9/site-packages/airflow/example_dags/example_latest_only_with_trigger.py
[2026-09-18T12:22:29.046+0700] {logging_mixin.py:190} INFO - [2026-09-18T12:22:29.046+0700] {dag.py:3239} INFO - Sync 1 DAGs
[2026-09-18T12:22:29.057+0700] {logging_mixin.py:190} INFO - [2026-09-18T12:22:29.057+0700] {dag.py:4180} INFO - Setting next_dagrun for latest_only_with_trigger to 2026-09-18 00:00:00+00:00, run_after=2026-09-18 04:00:00+00:00
[2026-09-18T12:22:29.068+0700] {processor.py:208} INFO - Processing /Users/andreasanditya/Downloads/572392_Andreas_AirflowETL/code/.venv/lib/python3.9/site-packages/airflow/example_dags/example_latest_only_with_trigger.py took 0.117 seconds
[2026-09-18T12:25:22.093+0700] {processor.py:186} INFO - Started process (PID=56053) to work on /Users/andreasanditya/Downloads/572392_Andreas_AirflowETL/code/.venv/lib/python3.9/site-packages/airflow/example_dags/example_latest_only_with_trigger.py
[2026-09-18T12:25:22.094+0700] {processor.py:914} INFO - Processing file /Users/andreasanditya/Downloads/572392_Andreas_AirflowETL/code/.venv/lib/python3.9/site-packages/airflow/example_dags/example_latest_only_with_trigger.py for tasks to queue
[2026-09-18T12:25:22.095+0700] {logging_mixin.py:190} INFO - [2026-09-18T12:25:22.095+0700] {dagbag.py:588} INFO - Filling up the DagBag from /Users/andreasanditya/Downloads/572392_Andreas_AirflowETL/code/.venv/lib/python3.9/site-packages/airflow/example_dags/example_latest_only_with_trigger.py
[2026-09-18T12:25:22.101+0700] {processor.py:925} INFO - DAG(s) 'latest_only_with_trigger' retrieved from /Users/andreasanditya/Downloads/572392_Andreas_AirflowETL/code/.venv/lib/python3.9/site-packages/airflow/example_dags/example_latest_only_with_trigger.py
[2026-09-18T12:25:22.191+0700] {logging_mixin.py:190} INFO - [2026-09-18T12:25:22.191+0700] {dag.py:3239} INFO - Sync 1 DAGs
[2026-09-18T12:25:22.202+0700] {logging_mixin.py:190} INFO - [2026-09-18T12:25:22.202+0700] {dag.py:4180} INFO - Setting next_dagrun for latest_only_with_trigger to 2026-09-18 00:00:00+00:00, run_after=2026-09-18 04:00:00+00:00
[2026-09-18T12:25:22.213+0700] {processor.py:208} INFO - Processing /Users/andreasanditya/Downloads/572392_Andreas_AirflowETL/code/.venv/lib/python3.9/site-packages/airflow/example_dags/example_latest_only_with_trigger.py took 0.122 seconds
[2026-09-18T12:28:15.724+0700] {processor.py:186} INFO - Started process (PID=57865) to work on /Users/andreasanditya/Downloads/572392_Andreas_AirflowETL/code/.venv/lib/python3.9/site-packages/airflow/example_dags/example_latest_only_with_trigger.py
[2026-09-18T12:28:15.726+0700] {processor.py:914} INFO - Processing file /Users/andreasanditya/Downloads/572392_Andreas_AirflowETL/code/.venv/lib/python3.9/site-packages/airflow/example_dags/example_latest_only_with_trigger.py for tasks to queue
[2026-09-18T12:28:15.726+0700] {logging_mixin.py:190} INFO - [2026-09-18T12:28:15.726+0700] {dagbag.py:588} INFO - Filling up the DagBag from /Users/andreasanditya/Downloads/572392_Andreas_AirflowETL/code/.venv/lib/python3.9/site-packages/airflow/example_dags/example_latest_only_with_trigger.py
[2026-09-18T12:28:15.731+0700] {processor.py:925} INFO - DAG(s) 'latest_only_with_trigger' retrieved from /Users/andreasanditya/Downloads/572392_Andreas_AirflowETL/code/.venv/lib/python3.9/site-packages/airflow/example_dags/example_latest_only_with_trigger.py
[2026-09-18T12:28:15.815+0700] {logging_mixin.py:190} INFO - [2026-09-18T12:28:15.815+0700] {dag.py:3239} INFO - Sync 1 DAGs
[2026-09-18T12:28:15.826+0700] {logging_mixin.py:190} INFO - [2026-09-18T12:28:15.826+0700] {dag.py:4180} INFO - Setting next_dagrun for latest_only_with_trigger to 2026-09-18 00:00:00+00:00, run_after=2026-09-18 04:00:00+00:00
[2026-09-18T12:28:15.836+0700] {processor.py:208} INFO - Processing /Users/andreasanditya/Downloads/572392_Andreas_AirflowETL/code/.venv/lib/python3.9/site-packages/airflow/example_dags/example_latest_only_with_trigger.py took 0.114 seconds
[2026-09-18T12:31:02.321+0700] {processor.py:186} INFO - Started process (PID=59615) to work on /Users/andreasanditya/Downloads/572392_Andreas_AirflowETL/code/.venv/lib/python3.9/site-packages/airflow/example_dags/example_latest_only_with_trigger.py
[2026-09-18T12:31:02.322+0700] {processor.py:914} INFO - Processing file /Users/andreasanditya/Downloads/572392_Andreas_AirflowETL/code/.venv/lib/python3.9/site-packages/airflow/example_dags/example_latest_only_with_trigger.py for tasks to queue
[2026-09-18T12:31:02.323+0700] {logging_mixin.py:190} INFO - [2026-09-18T12:31:02.323+0700] {dagbag.py:588} INFO - Filling up the DagBag from /Users/andreasanditya/Downloads/572392_Andreas_AirflowETL/code/.venv/lib/python3.9/site-packages/airflow/example_dags/example_latest_only_with_trigger.py
[2026-09-18T12:31:02.328+0700] {processor.py:925} INFO - DAG(s) 'latest_only_with_trigger' retrieved from /Users/andreasanditya/Downloads/572392_Andreas_AirflowETL/code/.venv/lib/python3.9/site-packages/airflow/example_dags/example_latest_only_with_trigger.py
[2026-09-18T12:31:02.413+0700] {logging_mixin.py:190} INFO - [2026-09-18T12:31:02.413+0700] {dag.py:3239} INFO - Sync 1 DAGs
[2026-09-18T12:31:02.425+0700] {logging_mixin.py:190} INFO - [2026-09-18T12:31:02.425+0700] {dag.py:4180} INFO - Setting next_dagrun for latest_only_with_trigger to 2026-09-18 00:00:00+00:00, run_after=2026-09-18 04:00:00+00:00
[2026-09-18T12:31:02.435+0700] {processor.py:208} INFO - Processing /Users/andreasanditya/Downloads/572392_Andreas_AirflowETL/code/.venv/lib/python3.9/site-packages/airflow/example_dags/example_latest_only_with_trigger.py took 0.116 seconds
[2026-09-18T12:33:52.473+0700] {processor.py:186} INFO - Started process (PID=61294) to work on /Users/andreasanditya/Downloads/572392_Andreas_AirflowETL/code/.venv/lib/python3.9/site-packages/airflow/example_dags/example_latest_only_with_trigger.py
[2026-09-18T12:33:52.474+0700] {processor.py:914} INFO - Processing file /Users/andreasanditya/Downloads/572392_Andreas_AirflowETL/code/.venv/lib/python3.9/site-packages/airflow/example_dags/example_latest_only_with_trigger.py for tasks to queue
[2026-09-18T12:33:52.474+0700] {logging_mixin.py:190} INFO - [2026-09-18T12:33:52.474+0700] {dagbag.py:588} INFO - Filling up the DagBag from /Users/andreasanditya/Downloads/572392_Andreas_AirflowETL/code/.venv/lib/python3.9/site-packages/airflow/example_dags/example_latest_only_with_trigger.py
[2026-09-18T12:33:52.479+0700] {processor.py:925} INFO - DAG(s) 'latest_only_with_trigger' retrieved from /Users/andreasanditya/Downloads/572392_Andreas_AirflowETL/code/.venv/lib/python3.9/site-packages/airflow/example_dags/example_latest_only_with_trigger.py
[2026-09-18T12:33:52.564+0700] {logging_mixin.py:190} INFO - [2026-09-18T12:33:52.563+0700] {dag.py:3239} INFO - Sync 1 DAGs
[2026-09-18T12:33:52.574+0700] {logging_mixin.py:190} INFO - [2026-09-18T12:33:52.574+0700] {dag.py:4180} INFO - Setting next_dagrun for latest_only_with_trigger to 2026-09-18 00:00:00+00:00, run_after=2026-09-18 04:00:00+00:00
[2026-09-18T12:33:52.584+0700] {processor.py:208} INFO - Processing /Users/andreasanditya/Downloads/572392_Andreas_AirflowETL/code/.venv/lib/python3.9/site-packages/airflow/example_dags/example_latest_only_with_trigger.py took 0.113 seconds
[2026-09-18T12:36:42.778+0700] {processor.py:186} INFO - Started process (PID=63057) to work on /Users/andreasanditya/Downloads/572392_Andreas_AirflowETL/code/.venv/lib/python3.9/site-packages/airflow/example_dags/example_latest_only_with_trigger.py
[2026-09-18T12:36:42.779+0700] {processor.py:914} INFO - Processing file /Users/andreasanditya/Downloads/572392_Andreas_AirflowETL/code/.venv/lib/python3.9/site-packages/airflow/example_dags/example_latest_only_with_trigger.py for tasks to queue
[2026-09-18T12:36:42.780+0700] {logging_mixin.py:190} INFO - [2026-09-18T12:36:42.780+0700] {dagbag.py:588} INFO - Filling up the DagBag from /Users/andreasanditya/Downloads/572392_Andreas_AirflowETL/code/.venv/lib/python3.9/site-packages/airflow/example_dags/example_latest_only_with_trigger.py
[2026-09-18T12:36:42.784+0700] {processor.py:925} INFO - DAG(s) 'latest_only_with_trigger' retrieved from /Users/andreasanditya/Downloads/572392_Andreas_AirflowETL/code/.venv/lib/python3.9/site-packages/airflow/example_dags/example_latest_only_with_trigger.py
[2026-09-18T12:36:42.869+0700] {logging_mixin.py:190} INFO - [2026-09-18T12:36:42.869+0700] {dag.py:3239} INFO - Sync 1 DAGs
[2026-09-18T12:36:42.880+0700] {logging_mixin.py:190} INFO - [2026-09-18T12:36:42.880+0700] {dag.py:4180} INFO - Setting next_dagrun for latest_only_with_trigger to 2026-09-18 00:00:00+00:00, run_after=2026-09-18 04:00:00+00:00
[2026-09-18T12:36:42.889+0700] {processor.py:208} INFO - Processing /Users/andreasanditya/Downloads/572392_Andreas_AirflowETL/code/.venv/lib/python3.9/site-packages/airflow/example_dags/example_latest_only_with_trigger.py took 0.113 seconds
[2026-09-18T12:39:36.372+0700] {processor.py:186} INFO - Started process (PID=64815) to work on /Users/andreasanditya/Downloads/572392_Andreas_AirflowETL/code/.venv/lib/python3.9/site-packages/airflow/example_dags/example_latest_only_with_trigger.py
[2026-09-18T12:39:36.373+0700] {processor.py:914} INFO - Processing file /Users/andreasanditya/Downloads/572392_Andreas_AirflowETL/code/.venv/lib/python3.9/site-packages/airflow/example_dags/example_latest_only_with_trigger.py for tasks to queue
[2026-09-18T12:39:36.374+0700] {logging_mixin.py:190} INFO - [2026-09-18T12:39:36.373+0700] {dagbag.py:588} INFO - Filling up the DagBag from /Users/andreasanditya/Downloads/572392_Andreas_AirflowETL/code/.venv/lib/python3.9/site-packages/airflow/example_dags/example_latest_only_with_trigger.py
[2026-09-18T12:39:36.378+0700] {processor.py:925} INFO - DAG(s) 'latest_only_with_trigger' retrieved from /Users/andreasanditya/Downloads/572392_Andreas_AirflowETL/code/.venv/lib/python3.9/site-packages/airflow/example_dags/example_latest_only_with_trigger.py
[2026-09-18T12:39:36.466+0700] {logging_mixin.py:190} INFO - [2026-09-18T12:39:36.466+0700] {dag.py:3239} INFO - Sync 1 DAGs
[2026-09-18T12:39:36.477+0700] {logging_mixin.py:190} INFO - [2026-09-18T12:39:36.477+0700] {dag.py:4180} INFO - Setting next_dagrun for latest_only_with_trigger to 2026-09-18 00:00:00+00:00, run_after=2026-09-18 04:00:00+00:00
[2026-09-18T12:39:36.487+0700] {processor.py:208} INFO - Processing /Users/andreasanditya/Downloads/572392_Andreas_AirflowETL/code/.venv/lib/python3.9/site-packages/airflow/example_dags/example_latest_only_with_trigger.py took 0.117 seconds
[2026-09-18T12:42:28.400+0700] {processor.py:186} INFO - Started process (PID=66566) to work on /Users/andreasanditya/Downloads/572392_Andreas_AirflowETL/code/.venv/lib/python3.9/site-packages/airflow/example_dags/example_latest_only_with_trigger.py
[2026-09-18T12:42:28.401+0700] {processor.py:914} INFO - Processing file /Users/andreasanditya/Downloads/572392_Andreas_AirflowETL/code/.venv/lib/python3.9/site-packages/airflow/example_dags/example_latest_only_with_trigger.py for tasks to queue
[2026-09-18T12:42:28.402+0700] {logging_mixin.py:190} INFO - [2026-09-18T12:42:28.402+0700] {dagbag.py:588} INFO - Filling up the DagBag from /Users/andreasanditya/Downloads/572392_Andreas_AirflowETL/code/.venv/lib/python3.9/site-packages/airflow/example_dags/example_latest_only_with_trigger.py
[2026-09-18T12:42:28.407+0700] {processor.py:925} INFO - DAG(s) 'latest_only_with_trigger' retrieved from /Users/andreasanditya/Downloads/572392_Andreas_AirflowETL/code/.venv/lib/python3.9/site-packages/airflow/example_dags/example_latest_only_with_trigger.py
[2026-09-18T12:42:28.502+0700] {logging_mixin.py:190} INFO - [2026-09-18T12:42:28.502+0700] {dag.py:3239} INFO - Sync 1 DAGs
[2026-09-18T12:42:28.512+0700] {logging_mixin.py:190} INFO - [2026-09-18T12:42:28.512+0700] {dag.py:4180} INFO - Setting next_dagrun for latest_only_with_trigger to 2026-09-18 00:00:00+00:00, run_after=2026-09-18 04:00:00+00:00
[2026-09-18T12:42:28.522+0700] {processor.py:208} INFO - Processing /Users/andreasanditya/Downloads/572392_Andreas_AirflowETL/code/.venv/lib/python3.9/site-packages/airflow/example_dags/example_latest_only_with_trigger.py took 0.123 seconds
[2026-09-18T12:45:22.763+0700] {processor.py:186} INFO - Started process (PID=68397) to work on /Users/andreasanditya/Downloads/572392_Andreas_AirflowETL/code/.venv/lib/python3.9/site-packages/airflow/example_dags/example_latest_only_with_trigger.py
[2026-09-18T12:45:22.764+0700] {processor.py:914} INFO - Processing file /Users/andreasanditya/Downloads/572392_Andreas_AirflowETL/code/.venv/lib/python3.9/site-packages/airflow/example_dags/example_latest_only_with_trigger.py for tasks to queue
[2026-09-18T12:45:22.765+0700] {logging_mixin.py:190} INFO - [2026-09-18T12:45:22.765+0700] {dagbag.py:588} INFO - Filling up the DagBag from /Users/andreasanditya/Downloads/572392_Andreas_AirflowETL/code/.venv/lib/python3.9/site-packages/airflow/example_dags/example_latest_only_with_trigger.py
[2026-09-18T12:45:22.769+0700] {processor.py:925} INFO - DAG(s) 'latest_only_with_trigger' retrieved from /Users/andreasanditya/Downloads/572392_Andreas_AirflowETL/code/.venv/lib/python3.9/site-packages/airflow/example_dags/example_latest_only_with_trigger.py
[2026-09-18T12:45:22.856+0700] {logging_mixin.py:190} INFO - [2026-09-18T12:45:22.856+0700] {dag.py:3239} INFO - Sync 1 DAGs
[2026-09-18T12:45:22.867+0700] {logging_mixin.py:190} INFO - [2026-09-18T12:45:22.866+0700] {dag.py:4180} INFO - Setting next_dagrun for latest_only_with_trigger to 2026-09-18 00:00:00+00:00, run_after=2026-09-18 04:00:00+00:00
[2026-09-18T12:45:22.877+0700] {processor.py:208} INFO - Processing /Users/andreasanditya/Downloads/572392_Andreas_AirflowETL/code/.venv/lib/python3.9/site-packages/airflow/example_dags/example_latest_only_with_trigger.py took 0.115 seconds
[2026-09-18T12:48:14.477+0700] {processor.py:186} INFO - Started process (PID=70149) to work on /Users/andreasanditya/Downloads/572392_Andreas_AirflowETL/code/.venv/lib/python3.9/site-packages/airflow/example_dags/example_latest_only_with_trigger.py
[2026-09-18T12:48:14.480+0700] {processor.py:914} INFO - Processing file /Users/andreasanditya/Downloads/572392_Andreas_AirflowETL/code/.venv/lib/python3.9/site-packages/airflow/example_dags/example_latest_only_with_trigger.py for tasks to queue
[2026-09-18T12:48:14.481+0700] {logging_mixin.py:190} INFO - [2026-09-18T12:48:14.481+0700] {dagbag.py:588} INFO - Filling up the DagBag from /Users/andreasanditya/Downloads/572392_Andreas_AirflowETL/code/.venv/lib/python3.9/site-packages/airflow/example_dags/example_latest_only_with_trigger.py
[2026-09-18T12:48:14.485+0700] {processor.py:925} INFO - DAG(s) 'latest_only_with_trigger' retrieved from /Users/andreasanditya/Downloads/572392_Andreas_AirflowETL/code/.venv/lib/python3.9/site-packages/airflow/example_dags/example_latest_only_with_trigger.py
[2026-09-18T12:48:14.570+0700] {logging_mixin.py:190} INFO - [2026-09-18T12:48:14.569+0700] {dag.py:3239} INFO - Sync 1 DAGs
[2026-09-18T12:48:14.581+0700] {logging_mixin.py:190} INFO - [2026-09-18T12:48:14.580+0700] {dag.py:4180} INFO - Setting next_dagrun for latest_only_with_trigger to 2026-09-18 00:00:00+00:00, run_after=2026-09-18 04:00:00+00:00
[2026-09-18T12:48:14.590+0700] {processor.py:208} INFO - Processing /Users/andreasanditya/Downloads/572392_Andreas_AirflowETL/code/.venv/lib/python3.9/site-packages/airflow/example_dags/example_latest_only_with_trigger.py took 0.115 seconds
[2026-09-18T12:51:03.490+0700] {processor.py:186} INFO - Started process (PID=71803) to work on /Users/andreasanditya/Downloads/572392_Andreas_AirflowETL/code/.venv/lib/python3.9/site-packages/airflow/example_dags/example_latest_only_with_trigger.py
[2026-09-18T12:51:03.491+0700] {processor.py:914} INFO - Processing file /Users/andreasanditya/Downloads/572392_Andreas_AirflowETL/code/.venv/lib/python3.9/site-packages/airflow/example_dags/example_latest_only_with_trigger.py for tasks to queue
[2026-09-18T12:51:03.491+0700] {logging_mixin.py:190} INFO - [2026-09-18T12:51:03.491+0700] {dagbag.py:588} INFO - Filling up the DagBag from /Users/andreasanditya/Downloads/572392_Andreas_AirflowETL/code/.venv/lib/python3.9/site-packages/airflow/example_dags/example_latest_only_with_trigger.py
[2026-09-18T12:51:03.496+0700] {processor.py:925} INFO - DAG(s) 'latest_only_with_trigger' retrieved from /Users/andreasanditya/Downloads/572392_Andreas_AirflowETL/code/.venv/lib/python3.9/site-packages/airflow/example_dags/example_latest_only_with_trigger.py
[2026-09-18T12:51:03.581+0700] {logging_mixin.py:190} INFO - [2026-09-18T12:51:03.580+0700] {dag.py:3239} INFO - Sync 1 DAGs
[2026-09-18T12:51:03.591+0700] {logging_mixin.py:190} INFO - [2026-09-18T12:51:03.590+0700] {dag.py:4180} INFO - Setting next_dagrun for latest_only_with_trigger to 2026-09-18 00:00:00+00:00, run_after=2026-09-18 04:00:00+00:00
[2026-09-18T12:51:03.600+0700] {processor.py:208} INFO - Processing /Users/andreasanditya/Downloads/572392_Andreas_AirflowETL/code/.venv/lib/python3.9/site-packages/airflow/example_dags/example_latest_only_with_trigger.py took 0.112 seconds
[2026-09-18T12:53:55.005+0700] {processor.py:186} INFO - Started process (PID=73549) to work on /Users/andreasanditya/Downloads/572392_Andreas_AirflowETL/code/.venv/lib/python3.9/site-packages/airflow/example_dags/example_latest_only_with_trigger.py
[2026-09-18T12:53:55.006+0700] {processor.py:914} INFO - Processing file /Users/andreasanditya/Downloads/572392_Andreas_AirflowETL/code/.venv/lib/python3.9/site-packages/airflow/example_dags/example_latest_only_with_trigger.py for tasks to queue
[2026-09-18T12:53:55.007+0700] {logging_mixin.py:190} INFO - [2026-09-18T12:53:55.007+0700] {dagbag.py:588} INFO - Filling up the DagBag from /Users/andreasanditya/Downloads/572392_Andreas_AirflowETL/code/.venv/lib/python3.9/site-packages/airflow/example_dags/example_latest_only_with_trigger.py
[2026-09-18T12:53:55.011+0700] {processor.py:925} INFO - DAG(s) 'latest_only_with_trigger' retrieved from /Users/andreasanditya/Downloads/572392_Andreas_AirflowETL/code/.venv/lib/python3.9/site-packages/airflow/example_dags/example_latest_only_with_trigger.py
[2026-09-18T12:53:55.095+0700] {logging_mixin.py:190} INFO - [2026-09-18T12:53:55.095+0700] {dag.py:3239} INFO - Sync 1 DAGs
[2026-09-18T12:53:55.106+0700] {logging_mixin.py:190} INFO - [2026-09-18T12:53:55.106+0700] {dag.py:4180} INFO - Setting next_dagrun for latest_only_with_trigger to 2026-09-18 00:00:00+00:00, run_after=2026-09-18 04:00:00+00:00
[2026-09-18T12:53:55.115+0700] {processor.py:208} INFO - Processing /Users/andreasanditya/Downloads/572392_Andreas_AirflowETL/code/.venv/lib/python3.9/site-packages/airflow/example_dags/example_latest_only_with_trigger.py took 0.112 seconds
[2026-09-18T12:56:43.497+0700] {processor.py:186} INFO - Started process (PID=75320) to work on /Users/andreasanditya/Downloads/572392_Andreas_AirflowETL/code/.venv/lib/python3.9/site-packages/airflow/example_dags/example_latest_only_with_trigger.py
[2026-09-18T12:56:43.498+0700] {processor.py:914} INFO - Processing file /Users/andreasanditya/Downloads/572392_Andreas_AirflowETL/code/.venv/lib/python3.9/site-packages/airflow/example_dags/example_latest_only_with_trigger.py for tasks to queue
[2026-09-18T12:56:43.499+0700] {logging_mixin.py:190} INFO - [2026-09-18T12:56:43.498+0700] {dagbag.py:588} INFO - Filling up the DagBag from /Users/andreasanditya/Downloads/572392_Andreas_AirflowETL/code/.venv/lib/python3.9/site-packages/airflow/example_dags/example_latest_only_with_trigger.py
[2026-09-18T12:56:43.503+0700] {processor.py:925} INFO - DAG(s) 'latest_only_with_trigger' retrieved from /Users/andreasanditya/Downloads/572392_Andreas_AirflowETL/code/.venv/lib/python3.9/site-packages/airflow/example_dags/example_latest_only_with_trigger.py
[2026-09-18T12:56:43.588+0700] {logging_mixin.py:190} INFO - [2026-09-18T12:56:43.588+0700] {dag.py:3239} INFO - Sync 1 DAGs
[2026-09-18T12:56:43.599+0700] {logging_mixin.py:190} INFO - [2026-09-18T12:56:43.599+0700] {dag.py:4180} INFO - Setting next_dagrun for latest_only_with_trigger to 2026-09-18 00:00:00+00:00, run_after=2026-09-18 04:00:00+00:00
[2026-09-18T12:56:43.609+0700] {processor.py:208} INFO - Processing /Users/andreasanditya/Downloads/572392_Andreas_AirflowETL/code/.venv/lib/python3.9/site-packages/airflow/example_dags/example_latest_only_with_trigger.py took 0.114 seconds
[2026-09-18T12:59:34.597+0700] {processor.py:186} INFO - Started process (PID=77090) to work on /Users/andreasanditya/Downloads/572392_Andreas_AirflowETL/code/.venv/lib/python3.9/site-packages/airflow/example_dags/example_latest_only_with_trigger.py
[2026-09-18T12:59:34.599+0700] {processor.py:914} INFO - Processing file /Users/andreasanditya/Downloads/572392_Andreas_AirflowETL/code/.venv/lib/python3.9/site-packages/airflow/example_dags/example_latest_only_with_trigger.py for tasks to queue
[2026-09-18T12:59:34.600+0700] {logging_mixin.py:190} INFO - [2026-09-18T12:59:34.600+0700] {dagbag.py:588} INFO - Filling up the DagBag from /Users/andreasanditya/Downloads/572392_Andreas_AirflowETL/code/.venv/lib/python3.9/site-packages/airflow/example_dags/example_latest_only_with_trigger.py
[2026-09-18T12:59:34.604+0700] {processor.py:925} INFO - DAG(s) 'latest_only_with_trigger' retrieved from /Users/andreasanditya/Downloads/572392_Andreas_AirflowETL/code/.venv/lib/python3.9/site-packages/airflow/example_dags/example_latest_only_with_trigger.py
[2026-09-18T12:59:34.690+0700] {logging_mixin.py:190} INFO - [2026-09-18T12:59:34.690+0700] {dag.py:3239} INFO - Sync 1 DAGs
[2026-09-18T12:59:34.701+0700] {logging_mixin.py:190} INFO - [2026-09-18T12:59:34.701+0700] {dag.py:4180} INFO - Setting next_dagrun for latest_only_with_trigger to 2026-09-18 00:00:00+00:00, run_after=2026-09-18 04:00:00+00:00
[2026-09-18T12:59:34.710+0700] {processor.py:208} INFO - Processing /Users/andreasanditya/Downloads/572392_Andreas_AirflowETL/code/.venv/lib/python3.9/site-packages/airflow/example_dags/example_latest_only_with_trigger.py took 0.115 seconds
[2026-09-18T13:02:27.531+0700] {processor.py:186} INFO - Started process (PID=78838) to work on /Users/andreasanditya/Downloads/572392_Andreas_AirflowETL/code/.venv/lib/python3.9/site-packages/airflow/example_dags/example_latest_only_with_trigger.py
[2026-09-18T13:02:27.532+0700] {processor.py:914} INFO - Processing file /Users/andreasanditya/Downloads/572392_Andreas_AirflowETL/code/.venv/lib/python3.9/site-packages/airflow/example_dags/example_latest_only_with_trigger.py for tasks to queue
[2026-09-18T13:02:27.532+0700] {logging_mixin.py:190} INFO - [2026-09-18T13:02:27.532+0700] {dagbag.py:588} INFO - Filling up the DagBag from /Users/andreasanditya/Downloads/572392_Andreas_AirflowETL/code/.venv/lib/python3.9/site-packages/airflow/example_dags/example_latest_only_with_trigger.py
[2026-09-18T13:02:27.537+0700] {processor.py:925} INFO - DAG(s) 'latest_only_with_trigger' retrieved from /Users/andreasanditya/Downloads/572392_Andreas_AirflowETL/code/.venv/lib/python3.9/site-packages/airflow/example_dags/example_latest_only_with_trigger.py
[2026-09-18T13:02:27.623+0700] {logging_mixin.py:190} INFO - [2026-09-18T13:02:27.623+0700] {dag.py:3239} INFO - Sync 1 DAGs
[2026-09-18T13:02:27.633+0700] {logging_mixin.py:190} INFO - [2026-09-18T13:02:27.633+0700] {dag.py:4180} INFO - Setting next_dagrun for latest_only_with_trigger to 2026-09-18 00:00:00+00:00, run_after=2026-09-18 04:00:00+00:00
[2026-09-18T13:02:27.643+0700] {processor.py:208} INFO - Processing /Users/andreasanditya/Downloads/572392_Andreas_AirflowETL/code/.venv/lib/python3.9/site-packages/airflow/example_dags/example_latest_only_with_trigger.py took 0.114 seconds
[2026-09-18T13:05:18.510+0700] {processor.py:186} INFO - Started process (PID=80616) to work on /Users/andreasanditya/Downloads/572392_Andreas_AirflowETL/code/.venv/lib/python3.9/site-packages/airflow/example_dags/example_latest_only_with_trigger.py
[2026-09-18T13:05:18.511+0700] {processor.py:914} INFO - Processing file /Users/andreasanditya/Downloads/572392_Andreas_AirflowETL/code/.venv/lib/python3.9/site-packages/airflow/example_dags/example_latest_only_with_trigger.py for tasks to queue
[2026-09-18T13:05:18.512+0700] {logging_mixin.py:190} INFO - [2026-09-18T13:05:18.511+0700] {dagbag.py:588} INFO - Filling up the DagBag from /Users/andreasanditya/Downloads/572392_Andreas_AirflowETL/code/.venv/lib/python3.9/site-packages/airflow/example_dags/example_latest_only_with_trigger.py
[2026-09-18T13:05:18.516+0700] {processor.py:925} INFO - DAG(s) 'latest_only_with_trigger' retrieved from /Users/andreasanditya/Downloads/572392_Andreas_AirflowETL/code/.venv/lib/python3.9/site-packages/airflow/example_dags/example_latest_only_with_trigger.py
[2026-09-18T13:05:18.602+0700] {logging_mixin.py:190} INFO - [2026-09-18T13:05:18.601+0700] {dag.py:3239} INFO - Sync 1 DAGs
[2026-09-18T13:05:18.612+0700] {logging_mixin.py:190} INFO - [2026-09-18T13:05:18.612+0700] {dag.py:4180} INFO - Setting next_dagrun for latest_only_with_trigger to 2026-09-18 00:00:00+00:00, run_after=2026-09-18 04:00:00+00:00
[2026-09-18T13:05:18.622+0700] {processor.py:208} INFO - Processing /Users/andreasanditya/Downloads/572392_Andreas_AirflowETL/code/.venv/lib/python3.9/site-packages/airflow/example_dags/example_latest_only_with_trigger.py took 0.114 seconds
[2026-09-18T13:08:06.375+0700] {processor.py:186} INFO - Started process (PID=82288) to work on /Users/andreasanditya/Downloads/572392_Andreas_AirflowETL/code/.venv/lib/python3.9/site-packages/airflow/example_dags/example_latest_only_with_trigger.py
[2026-09-18T13:08:06.377+0700] {processor.py:914} INFO - Processing file /Users/andreasanditya/Downloads/572392_Andreas_AirflowETL/code/.venv/lib/python3.9/site-packages/airflow/example_dags/example_latest_only_with_trigger.py for tasks to queue
[2026-09-18T13:08:06.377+0700] {logging_mixin.py:190} INFO - [2026-09-18T13:08:06.377+0700] {dagbag.py:588} INFO - Filling up the DagBag from /Users/andreasanditya/Downloads/572392_Andreas_AirflowETL/code/.venv/lib/python3.9/site-packages/airflow/example_dags/example_latest_only_with_trigger.py
[2026-09-18T13:08:06.382+0700] {processor.py:925} INFO - DAG(s) 'latest_only_with_trigger' retrieved from /Users/andreasanditya/Downloads/572392_Andreas_AirflowETL/code/.venv/lib/python3.9/site-packages/airflow/example_dags/example_latest_only_with_trigger.py
[2026-09-18T13:08:06.468+0700] {logging_mixin.py:190} INFO - [2026-09-18T13:08:06.468+0700] {dag.py:3239} INFO - Sync 1 DAGs
[2026-09-18T13:08:06.479+0700] {logging_mixin.py:190} INFO - [2026-09-18T13:08:06.479+0700] {dag.py:4180} INFO - Setting next_dagrun for latest_only_with_trigger to 2026-09-18 00:00:00+00:00, run_after=2026-09-18 04:00:00+00:00
[2026-09-18T13:08:06.489+0700] {processor.py:208} INFO - Processing /Users/andreasanditya/Downloads/572392_Andreas_AirflowETL/code/.venv/lib/python3.9/site-packages/airflow/example_dags/example_latest_only_with_trigger.py took 0.116 seconds
[2026-09-18T13:10:59.849+0700] {processor.py:186} INFO - Started process (PID=84044) to work on /Users/andreasanditya/Downloads/572392_Andreas_AirflowETL/code/.venv/lib/python3.9/site-packages/airflow/example_dags/example_latest_only_with_trigger.py
[2026-09-18T13:10:59.850+0700] {processor.py:914} INFO - Processing file /Users/andreasanditya/Downloads/572392_Andreas_AirflowETL/code/.venv/lib/python3.9/site-packages/airflow/example_dags/example_latest_only_with_trigger.py for tasks to queue
[2026-09-18T13:10:59.851+0700] {logging_mixin.py:190} INFO - [2026-09-18T13:10:59.851+0700] {dagbag.py:588} INFO - Filling up the DagBag from /Users/andreasanditya/Downloads/572392_Andreas_AirflowETL/code/.venv/lib/python3.9/site-packages/airflow/example_dags/example_latest_only_with_trigger.py
[2026-09-18T13:10:59.856+0700] {processor.py:925} INFO - DAG(s) 'latest_only_with_trigger' retrieved from /Users/andreasanditya/Downloads/572392_Andreas_AirflowETL/code/.venv/lib/python3.9/site-packages/airflow/example_dags/example_latest_only_with_trigger.py
[2026-09-18T13:10:59.951+0700] {logging_mixin.py:190} INFO - [2026-09-18T13:10:59.950+0700] {dag.py:3239} INFO - Sync 1 DAGs
[2026-09-18T13:10:59.961+0700] {logging_mixin.py:190} INFO - [2026-09-18T13:10:59.961+0700] {dag.py:4180} INFO - Setting next_dagrun for latest_only_with_trigger to 2026-09-18 00:00:00+00:00, run_after=2026-09-18 04:00:00+00:00
[2026-09-18T13:10:59.971+0700] {processor.py:208} INFO - Processing /Users/andreasanditya/Downloads/572392_Andreas_AirflowETL/code/.venv/lib/python3.9/site-packages/airflow/example_dags/example_latest_only_with_trigger.py took 0.123 seconds
[2026-09-18T13:13:51.769+0700] {processor.py:186} INFO - Started process (PID=85789) to work on /Users/andreasanditya/Downloads/572392_Andreas_AirflowETL/code/.venv/lib/python3.9/site-packages/airflow/example_dags/example_latest_only_with_trigger.py
[2026-09-18T13:13:51.770+0700] {processor.py:914} INFO - Processing file /Users/andreasanditya/Downloads/572392_Andreas_AirflowETL/code/.venv/lib/python3.9/site-packages/airflow/example_dags/example_latest_only_with_trigger.py for tasks to queue
[2026-09-18T13:13:51.771+0700] {logging_mixin.py:190} INFO - [2026-09-18T13:13:51.771+0700] {dagbag.py:588} INFO - Filling up the DagBag from /Users/andreasanditya/Downloads/572392_Andreas_AirflowETL/code/.venv/lib/python3.9/site-packages/airflow/example_dags/example_latest_only_with_trigger.py
[2026-09-18T13:13:51.775+0700] {processor.py:925} INFO - DAG(s) 'latest_only_with_trigger' retrieved from /Users/andreasanditya/Downloads/572392_Andreas_AirflowETL/code/.venv/lib/python3.9/site-packages/airflow/example_dags/example_latest_only_with_trigger.py
[2026-09-18T13:13:51.860+0700] {logging_mixin.py:190} INFO - [2026-09-18T13:13:51.860+0700] {dag.py:3239} INFO - Sync 1 DAGs
[2026-09-18T13:13:51.871+0700] {logging_mixin.py:190} INFO - [2026-09-18T13:13:51.871+0700] {dag.py:4180} INFO - Setting next_dagrun for latest_only_with_trigger to 2026-09-18 00:00:00+00:00, run_after=2026-09-18 04:00:00+00:00
[2026-09-18T13:13:51.880+0700] {processor.py:208} INFO - Processing /Users/andreasanditya/Downloads/572392_Andreas_AirflowETL/code/.venv/lib/python3.9/site-packages/airflow/example_dags/example_latest_only_with_trigger.py took 0.113 seconds
[2026-09-18T13:16:44.933+0700] {processor.py:186} INFO - Started process (PID=87538) to work on /Users/andreasanditya/Downloads/572392_Andreas_AirflowETL/code/.venv/lib/python3.9/site-packages/airflow/example_dags/example_latest_only_with_trigger.py
[2026-09-18T13:16:44.934+0700] {processor.py:914} INFO - Processing file /Users/andreasanditya/Downloads/572392_Andreas_AirflowETL/code/.venv/lib/python3.9/site-packages/airflow/example_dags/example_latest_only_with_trigger.py for tasks to queue
[2026-09-18T13:16:44.935+0700] {logging_mixin.py:190} INFO - [2026-09-18T13:16:44.935+0700] {dagbag.py:588} INFO - Filling up the DagBag from /Users/andreasanditya/Downloads/572392_Andreas_AirflowETL/code/.venv/lib/python3.9/site-packages/airflow/example_dags/example_latest_only_with_trigger.py
[2026-09-18T13:16:44.939+0700] {processor.py:925} INFO - DAG(s) 'latest_only_with_trigger' retrieved from /Users/andreasanditya/Downloads/572392_Andreas_AirflowETL/code/.venv/lib/python3.9/site-packages/airflow/example_dags/example_latest_only_with_trigger.py
[2026-09-18T13:16:45.024+0700] {logging_mixin.py:190} INFO - [2026-09-18T13:16:45.023+0700] {dag.py:3239} INFO - Sync 1 DAGs
[2026-09-18T13:16:45.034+0700] {logging_mixin.py:190} INFO - [2026-09-18T13:16:45.034+0700] {dag.py:4180} INFO - Setting next_dagrun for latest_only_with_trigger to 2026-09-18 00:00:00+00:00, run_after=2026-09-18 04:00:00+00:00
[2026-09-18T13:16:45.044+0700] {processor.py:208} INFO - Processing /Users/andreasanditya/Downloads/572392_Andreas_AirflowETL/code/.venv/lib/python3.9/site-packages/airflow/example_dags/example_latest_only_with_trigger.py took 0.112 seconds
[2026-09-18T13:19:34.449+0700] {processor.py:186} INFO - Started process (PID=89272) to work on /Users/andreasanditya/Downloads/572392_Andreas_AirflowETL/code/.venv/lib/python3.9/site-packages/airflow/example_dags/example_latest_only_with_trigger.py
[2026-09-18T13:19:34.450+0700] {processor.py:914} INFO - Processing file /Users/andreasanditya/Downloads/572392_Andreas_AirflowETL/code/.venv/lib/python3.9/site-packages/airflow/example_dags/example_latest_only_with_trigger.py for tasks to queue
[2026-09-18T13:19:34.451+0700] {logging_mixin.py:190} INFO - [2026-09-18T13:19:34.451+0700] {dagbag.py:588} INFO - Filling up the DagBag from /Users/andreasanditya/Downloads/572392_Andreas_AirflowETL/code/.venv/lib/python3.9/site-packages/airflow/example_dags/example_latest_only_with_trigger.py
[2026-09-18T13:19:34.456+0700] {processor.py:925} INFO - DAG(s) 'latest_only_with_trigger' retrieved from /Users/andreasanditya/Downloads/572392_Andreas_AirflowETL/code/.venv/lib/python3.9/site-packages/airflow/example_dags/example_latest_only_with_trigger.py
[2026-09-18T13:19:34.540+0700] {logging_mixin.py:190} INFO - [2026-09-18T13:19:34.540+0700] {dag.py:3239} INFO - Sync 1 DAGs
[2026-09-18T13:19:34.551+0700] {logging_mixin.py:190} INFO - [2026-09-18T13:19:34.551+0700] {dag.py:4180} INFO - Setting next_dagrun for latest_only_with_trigger to 2026-09-18 00:00:00+00:00, run_after=2026-09-18 04:00:00+00:00
[2026-09-18T13:19:34.561+0700] {processor.py:208} INFO - Processing /Users/andreasanditya/Downloads/572392_Andreas_AirflowETL/code/.venv/lib/python3.9/site-packages/airflow/example_dags/example_latest_only_with_trigger.py took 0.114 seconds
[2026-09-18T13:22:23.102+0700] {processor.py:186} INFO - Started process (PID=91006) to work on /Users/andreasanditya/Downloads/572392_Andreas_AirflowETL/code/.venv/lib/python3.9/site-packages/airflow/example_dags/example_latest_only_with_trigger.py
[2026-09-18T13:22:23.103+0700] {processor.py:914} INFO - Processing file /Users/andreasanditya/Downloads/572392_Andreas_AirflowETL/code/.venv/lib/python3.9/site-packages/airflow/example_dags/example_latest_only_with_trigger.py for tasks to queue
[2026-09-18T13:22:23.104+0700] {logging_mixin.py:190} INFO - [2026-09-18T13:22:23.104+0700] {dagbag.py:588} INFO - Filling up the DagBag from /Users/andreasanditya/Downloads/572392_Andreas_AirflowETL/code/.venv/lib/python3.9/site-packages/airflow/example_dags/example_latest_only_with_trigger.py
[2026-09-18T13:22:23.109+0700] {processor.py:925} INFO - DAG(s) 'latest_only_with_trigger' retrieved from /Users/andreasanditya/Downloads/572392_Andreas_AirflowETL/code/.venv/lib/python3.9/site-packages/airflow/example_dags/example_latest_only_with_trigger.py
[2026-09-18T13:22:23.194+0700] {logging_mixin.py:190} INFO - [2026-09-18T13:22:23.193+0700] {dag.py:3239} INFO - Sync 1 DAGs
[2026-09-18T13:22:23.204+0700] {logging_mixin.py:190} INFO - [2026-09-18T13:22:23.204+0700] {dag.py:4180} INFO - Setting next_dagrun for latest_only_with_trigger to 2026-09-18 00:00:00+00:00, run_after=2026-09-18 04:00:00+00:00
[2026-09-18T13:22:23.214+0700] {processor.py:208} INFO - Processing /Users/andreasanditya/Downloads/572392_Andreas_AirflowETL/code/.venv/lib/python3.9/site-packages/airflow/example_dags/example_latest_only_with_trigger.py took 0.114 seconds
[2026-09-18T13:25:12.199+0700] {processor.py:186} INFO - Started process (PID=92814) to work on /Users/andreasanditya/Downloads/572392_Andreas_AirflowETL/code/.venv/lib/python3.9/site-packages/airflow/example_dags/example_latest_only_with_trigger.py
[2026-09-18T13:25:12.201+0700] {processor.py:914} INFO - Processing file /Users/andreasanditya/Downloads/572392_Andreas_AirflowETL/code/.venv/lib/python3.9/site-packages/airflow/example_dags/example_latest_only_with_trigger.py for tasks to queue
[2026-09-18T13:25:12.201+0700] {logging_mixin.py:190} INFO - [2026-09-18T13:25:12.201+0700] {dagbag.py:588} INFO - Filling up the DagBag from /Users/andreasanditya/Downloads/572392_Andreas_AirflowETL/code/.venv/lib/python3.9/site-packages/airflow/example_dags/example_latest_only_with_trigger.py
[2026-09-18T13:25:12.206+0700] {processor.py:925} INFO - DAG(s) 'latest_only_with_trigger' retrieved from /Users/andreasanditya/Downloads/572392_Andreas_AirflowETL/code/.venv/lib/python3.9/site-packages/airflow/example_dags/example_latest_only_with_trigger.py
[2026-09-18T13:25:12.292+0700] {logging_mixin.py:190} INFO - [2026-09-18T13:25:12.292+0700] {dag.py:3239} INFO - Sync 1 DAGs
[2026-09-18T13:25:12.302+0700] {logging_mixin.py:190} INFO - [2026-09-18T13:25:12.302+0700] {dag.py:4180} INFO - Setting next_dagrun for latest_only_with_trigger to 2026-09-18 00:00:00+00:00, run_after=2026-09-18 04:00:00+00:00
[2026-09-18T13:25:12.312+0700] {processor.py:208} INFO - Processing /Users/andreasanditya/Downloads/572392_Andreas_AirflowETL/code/.venv/lib/python3.9/site-packages/airflow/example_dags/example_latest_only_with_trigger.py took 0.115 seconds
[2026-09-18T13:28:11.102+0700] {processor.py:186} INFO - Started process (PID=94777) to work on /Users/andreasanditya/Downloads/572392_Andreas_AirflowETL/code/.venv/lib/python3.9/site-packages/airflow/example_dags/example_latest_only_with_trigger.py
[2026-09-18T13:28:11.103+0700] {processor.py:914} INFO - Processing file /Users/andreasanditya/Downloads/572392_Andreas_AirflowETL/code/.venv/lib/python3.9/site-packages/airflow/example_dags/example_latest_only_with_trigger.py for tasks to queue
[2026-09-18T13:28:11.105+0700] {logging_mixin.py:190} INFO - [2026-09-18T13:28:11.104+0700] {dagbag.py:588} INFO - Filling up the DagBag from /Users/andreasanditya/Downloads/572392_Andreas_AirflowETL/code/.venv/lib/python3.9/site-packages/airflow/example_dags/example_latest_only_with_trigger.py
[2026-09-18T13:28:11.111+0700] {processor.py:925} INFO - DAG(s) 'latest_only_with_trigger' retrieved from /Users/andreasanditya/Downloads/572392_Andreas_AirflowETL/code/.venv/lib/python3.9/site-packages/airflow/example_dags/example_latest_only_with_trigger.py
[2026-09-18T13:28:11.202+0700] {logging_mixin.py:190} INFO - [2026-09-18T13:28:11.202+0700] {dag.py:3239} INFO - Sync 1 DAGs
[2026-09-18T13:28:11.214+0700] {logging_mixin.py:190} INFO - [2026-09-18T13:28:11.214+0700] {dag.py:4180} INFO - Setting next_dagrun for latest_only_with_trigger to 2026-09-18 00:00:00+00:00, run_after=2026-09-18 04:00:00+00:00
[2026-09-18T13:28:11.225+0700] {processor.py:208} INFO - Processing /Users/andreasanditya/Downloads/572392_Andreas_AirflowETL/code/.venv/lib/python3.9/site-packages/airflow/example_dags/example_latest_only_with_trigger.py took 0.126 seconds
[2026-09-18T13:31:11.307+0700] {processor.py:186} INFO - Started process (PID=96829) to work on /Users/andreasanditya/Downloads/572392_Andreas_AirflowETL/code/.venv/lib/python3.9/site-packages/airflow/example_dags/example_latest_only_with_trigger.py
[2026-09-18T13:31:11.308+0700] {processor.py:914} INFO - Processing file /Users/andreasanditya/Downloads/572392_Andreas_AirflowETL/code/.venv/lib/python3.9/site-packages/airflow/example_dags/example_latest_only_with_trigger.py for tasks to queue
[2026-09-18T13:31:11.309+0700] {logging_mixin.py:190} INFO - [2026-09-18T13:31:11.309+0700] {dagbag.py:588} INFO - Filling up the DagBag from /Users/andreasanditya/Downloads/572392_Andreas_AirflowETL/code/.venv/lib/python3.9/site-packages/airflow/example_dags/example_latest_only_with_trigger.py
[2026-09-18T13:31:11.314+0700] {processor.py:925} INFO - DAG(s) 'latest_only_with_trigger' retrieved from /Users/andreasanditya/Downloads/572392_Andreas_AirflowETL/code/.venv/lib/python3.9/site-packages/airflow/example_dags/example_latest_only_with_trigger.py
[2026-09-18T13:31:11.407+0700] {logging_mixin.py:190} INFO - [2026-09-18T13:31:11.407+0700] {dag.py:3239} INFO - Sync 1 DAGs
[2026-09-18T13:31:11.418+0700] {logging_mixin.py:190} INFO - [2026-09-18T13:31:11.418+0700] {dag.py:4180} INFO - Setting next_dagrun for latest_only_with_trigger to 2026-09-18 00:00:00+00:00, run_after=2026-09-18 04:00:00+00:00
[2026-09-18T13:31:11.429+0700] {processor.py:208} INFO - Processing /Users/andreasanditya/Downloads/572392_Andreas_AirflowETL/code/.venv/lib/python3.9/site-packages/airflow/example_dags/example_latest_only_with_trigger.py took 0.124 seconds
[2026-09-18T13:34:04.456+0700] {processor.py:186} INFO - Started process (PID=98637) to work on /Users/andreasanditya/Downloads/572392_Andreas_AirflowETL/code/.venv/lib/python3.9/site-packages/airflow/example_dags/example_latest_only_with_trigger.py
[2026-09-18T13:34:04.457+0700] {processor.py:914} INFO - Processing file /Users/andreasanditya/Downloads/572392_Andreas_AirflowETL/code/.venv/lib/python3.9/site-packages/airflow/example_dags/example_latest_only_with_trigger.py for tasks to queue
[2026-09-18T13:34:04.457+0700] {logging_mixin.py:190} INFO - [2026-09-18T13:34:04.457+0700] {dagbag.py:588} INFO - Filling up the DagBag from /Users/andreasanditya/Downloads/572392_Andreas_AirflowETL/code/.venv/lib/python3.9/site-packages/airflow/example_dags/example_latest_only_with_trigger.py
[2026-09-18T13:34:04.462+0700] {processor.py:925} INFO - DAG(s) 'latest_only_with_trigger' retrieved from /Users/andreasanditya/Downloads/572392_Andreas_AirflowETL/code/.venv/lib/python3.9/site-packages/airflow/example_dags/example_latest_only_with_trigger.py
[2026-09-18T13:34:04.560+0700] {logging_mixin.py:190} INFO - [2026-09-18T13:34:04.560+0700] {dag.py:3239} INFO - Sync 1 DAGs
[2026-09-18T13:34:04.572+0700] {logging_mixin.py:190} INFO - [2026-09-18T13:34:04.571+0700] {dag.py:4180} INFO - Setting next_dagrun for latest_only_with_trigger to 2026-09-18 00:00:00+00:00, run_after=2026-09-18 04:00:00+00:00
[2026-09-18T13:34:04.582+0700] {processor.py:208} INFO - Processing /Users/andreasanditya/Downloads/572392_Andreas_AirflowETL/code/.venv/lib/python3.9/site-packages/airflow/example_dags/example_latest_only_with_trigger.py took 0.129 seconds
[2026-09-18T13:37:00.388+0700] {processor.py:186} INFO - Started process (PID=603) to work on /Users/andreasanditya/Downloads/572392_Andreas_AirflowETL/code/.venv/lib/python3.9/site-packages/airflow/example_dags/example_latest_only_with_trigger.py
[2026-09-18T13:37:00.389+0700] {processor.py:914} INFO - Processing file /Users/andreasanditya/Downloads/572392_Andreas_AirflowETL/code/.venv/lib/python3.9/site-packages/airflow/example_dags/example_latest_only_with_trigger.py for tasks to queue
[2026-09-18T13:37:00.390+0700] {logging_mixin.py:190} INFO - [2026-09-18T13:37:00.390+0700] {dagbag.py:588} INFO - Filling up the DagBag from /Users/andreasanditya/Downloads/572392_Andreas_AirflowETL/code/.venv/lib/python3.9/site-packages/airflow/example_dags/example_latest_only_with_trigger.py
[2026-09-18T13:37:00.395+0700] {processor.py:925} INFO - DAG(s) 'latest_only_with_trigger' retrieved from /Users/andreasanditya/Downloads/572392_Andreas_AirflowETL/code/.venv/lib/python3.9/site-packages/airflow/example_dags/example_latest_only_with_trigger.py
[2026-09-18T13:37:00.484+0700] {logging_mixin.py:190} INFO - [2026-09-18T13:37:00.484+0700] {dag.py:3239} INFO - Sync 1 DAGs
[2026-09-18T13:37:00.495+0700] {logging_mixin.py:190} INFO - [2026-09-18T13:37:00.495+0700] {dag.py:4180} INFO - Setting next_dagrun for latest_only_with_trigger to 2026-09-18 00:00:00+00:00, run_after=2026-09-18 04:00:00+00:00
[2026-09-18T13:37:00.505+0700] {processor.py:208} INFO - Processing /Users/andreasanditya/Downloads/572392_Andreas_AirflowETL/code/.venv/lib/python3.9/site-packages/airflow/example_dags/example_latest_only_with_trigger.py took 0.119 seconds
[2026-09-18T13:39:54.724+0700] {processor.py:186} INFO - Started process (PID=3263) to work on /Users/andreasanditya/Downloads/572392_Andreas_AirflowETL/code/.venv/lib/python3.9/site-packages/airflow/example_dags/example_latest_only_with_trigger.py
[2026-09-18T13:39:54.725+0700] {processor.py:914} INFO - Processing file /Users/andreasanditya/Downloads/572392_Andreas_AirflowETL/code/.venv/lib/python3.9/site-packages/airflow/example_dags/example_latest_only_with_trigger.py for tasks to queue
[2026-09-18T13:39:54.726+0700] {logging_mixin.py:190} INFO - [2026-09-18T13:39:54.725+0700] {dagbag.py:588} INFO - Filling up the DagBag from /Users/andreasanditya/Downloads/572392_Andreas_AirflowETL/code/.venv/lib/python3.9/site-packages/airflow/example_dags/example_latest_only_with_trigger.py
[2026-09-18T13:39:54.730+0700] {processor.py:925} INFO - DAG(s) 'latest_only_with_trigger' retrieved from /Users/andreasanditya/Downloads/572392_Andreas_AirflowETL/code/.venv/lib/python3.9/site-packages/airflow/example_dags/example_latest_only_with_trigger.py
[2026-09-18T13:39:54.816+0700] {logging_mixin.py:190} INFO - [2026-09-18T13:39:54.815+0700] {dag.py:3239} INFO - Sync 1 DAGs
[2026-09-18T13:39:54.827+0700] {logging_mixin.py:190} INFO - [2026-09-18T13:39:54.826+0700] {dag.py:4180} INFO - Setting next_dagrun for latest_only_with_trigger to 2026-09-18 00:00:00+00:00, run_after=2026-09-18 04:00:00+00:00
[2026-09-18T13:39:54.837+0700] {processor.py:208} INFO - Processing /Users/andreasanditya/Downloads/572392_Andreas_AirflowETL/code/.venv/lib/python3.9/site-packages/airflow/example_dags/example_latest_only_with_trigger.py took 0.115 seconds
[2026-09-18T13:42:48.688+0700] {processor.py:186} INFO - Started process (PID=5233) to work on /Users/andreasanditya/Downloads/572392_Andreas_AirflowETL/code/.venv/lib/python3.9/site-packages/airflow/example_dags/example_latest_only_with_trigger.py
[2026-09-18T13:42:48.689+0700] {processor.py:914} INFO - Processing file /Users/andreasanditya/Downloads/572392_Andreas_AirflowETL/code/.venv/lib/python3.9/site-packages/airflow/example_dags/example_latest_only_with_trigger.py for tasks to queue
[2026-09-18T13:42:48.690+0700] {logging_mixin.py:190} INFO - [2026-09-18T13:42:48.690+0700] {dagbag.py:588} INFO - Filling up the DagBag from /Users/andreasanditya/Downloads/572392_Andreas_AirflowETL/code/.venv/lib/python3.9/site-packages/airflow/example_dags/example_latest_only_with_trigger.py
[2026-09-18T13:42:48.694+0700] {processor.py:925} INFO - DAG(s) 'latest_only_with_trigger' retrieved from /Users/andreasanditya/Downloads/572392_Andreas_AirflowETL/code/.venv/lib/python3.9/site-packages/airflow/example_dags/example_latest_only_with_trigger.py
[2026-09-18T13:42:48.781+0700] {logging_mixin.py:190} INFO - [2026-09-18T13:42:48.781+0700] {dag.py:3239} INFO - Sync 1 DAGs
[2026-09-18T13:42:48.791+0700] {logging_mixin.py:190} INFO - [2026-09-18T13:42:48.791+0700] {dag.py:4180} INFO - Setting next_dagrun for latest_only_with_trigger to 2026-09-18 00:00:00+00:00, run_after=2026-09-18 04:00:00+00:00
[2026-09-18T13:42:48.802+0700] {processor.py:208} INFO - Processing /Users/andreasanditya/Downloads/572392_Andreas_AirflowETL/code/.venv/lib/python3.9/site-packages/airflow/example_dags/example_latest_only_with_trigger.py took 0.116 seconds
[2026-09-18T13:45:49.452+0700] {processor.py:186} INFO - Started process (PID=7017) to work on /Users/andreasanditya/Downloads/572392_Andreas_AirflowETL/code/.venv/lib/python3.9/site-packages/airflow/example_dags/example_latest_only_with_trigger.py
[2026-09-18T13:45:49.453+0700] {processor.py:914} INFO - Processing file /Users/andreasanditya/Downloads/572392_Andreas_AirflowETL/code/.venv/lib/python3.9/site-packages/airflow/example_dags/example_latest_only_with_trigger.py for tasks to queue
[2026-09-18T13:45:49.454+0700] {logging_mixin.py:190} INFO - [2026-09-18T13:45:49.454+0700] {dagbag.py:588} INFO - Filling up the DagBag from /Users/andreasanditya/Downloads/572392_Andreas_AirflowETL/code/.venv/lib/python3.9/site-packages/airflow/example_dags/example_latest_only_with_trigger.py
[2026-09-18T13:45:49.460+0700] {processor.py:925} INFO - DAG(s) 'latest_only_with_trigger' retrieved from /Users/andreasanditya/Downloads/572392_Andreas_AirflowETL/code/.venv/lib/python3.9/site-packages/airflow/example_dags/example_latest_only_with_trigger.py
[2026-09-18T13:45:49.549+0700] {logging_mixin.py:190} INFO - [2026-09-18T13:45:49.549+0700] {dag.py:3239} INFO - Sync 1 DAGs
[2026-09-18T13:45:49.561+0700] {logging_mixin.py:190} INFO - [2026-09-18T13:45:49.560+0700] {dag.py:4180} INFO - Setting next_dagrun for latest_only_with_trigger to 2026-09-18 00:00:00+00:00, run_after=2026-09-18 04:00:00+00:00
[2026-09-18T13:45:49.571+0700] {processor.py:208} INFO - Processing /Users/andreasanditya/Downloads/572392_Andreas_AirflowETL/code/.venv/lib/python3.9/site-packages/airflow/example_dags/example_latest_only_with_trigger.py took 0.120 seconds
[2026-09-18T13:48:44.665+0700] {processor.py:186} INFO - Started process (PID=8927) to work on /Users/andreasanditya/Downloads/572392_Andreas_AirflowETL/code/.venv/lib/python3.9/site-packages/airflow/example_dags/example_latest_only_with_trigger.py
[2026-09-18T13:48:44.667+0700] {processor.py:914} INFO - Processing file /Users/andreasanditya/Downloads/572392_Andreas_AirflowETL/code/.venv/lib/python3.9/site-packages/airflow/example_dags/example_latest_only_with_trigger.py for tasks to queue
[2026-09-18T13:48:44.667+0700] {logging_mixin.py:190} INFO - [2026-09-18T13:48:44.667+0700] {dagbag.py:588} INFO - Filling up the DagBag from /Users/andreasanditya/Downloads/572392_Andreas_AirflowETL/code/.venv/lib/python3.9/site-packages/airflow/example_dags/example_latest_only_with_trigger.py
[2026-09-18T13:48:44.672+0700] {processor.py:925} INFO - DAG(s) 'latest_only_with_trigger' retrieved from /Users/andreasanditya/Downloads/572392_Andreas_AirflowETL/code/.venv/lib/python3.9/site-packages/airflow/example_dags/example_latest_only_with_trigger.py
[2026-09-18T13:48:44.762+0700] {logging_mixin.py:190} INFO - [2026-09-18T13:48:44.762+0700] {dag.py:3239} INFO - Sync 1 DAGs
[2026-09-18T13:48:44.773+0700] {logging_mixin.py:190} INFO - [2026-09-18T13:48:44.773+0700] {dag.py:4180} INFO - Setting next_dagrun for latest_only_with_trigger to 2026-09-18 00:00:00+00:00, run_after=2026-09-18 04:00:00+00:00
[2026-09-18T13:48:44.783+0700] {processor.py:208} INFO - Processing /Users/andreasanditya/Downloads/572392_Andreas_AirflowETL/code/.venv/lib/python3.9/site-packages/airflow/example_dags/example_latest_only_with_trigger.py took 0.120 seconds
[2026-09-18T13:51:42.092+0700] {processor.py:186} INFO - Started process (PID=11076) to work on /Users/andreasanditya/Downloads/572392_Andreas_AirflowETL/code/.venv/lib/python3.9/site-packages/airflow/example_dags/example_latest_only_with_trigger.py
[2026-09-18T13:51:42.093+0700] {processor.py:914} INFO - Processing file /Users/andreasanditya/Downloads/572392_Andreas_AirflowETL/code/.venv/lib/python3.9/site-packages/airflow/example_dags/example_latest_only_with_trigger.py for tasks to queue
[2026-09-18T13:51:42.094+0700] {logging_mixin.py:190} INFO - [2026-09-18T13:51:42.094+0700] {dagbag.py:588} INFO - Filling up the DagBag from /Users/andreasanditya/Downloads/572392_Andreas_AirflowETL/code/.venv/lib/python3.9/site-packages/airflow/example_dags/example_latest_only_with_trigger.py
[2026-09-18T13:51:42.098+0700] {processor.py:925} INFO - DAG(s) 'latest_only_with_trigger' retrieved from /Users/andreasanditya/Downloads/572392_Andreas_AirflowETL/code/.venv/lib/python3.9/site-packages/airflow/example_dags/example_latest_only_with_trigger.py
[2026-09-18T13:51:42.185+0700] {logging_mixin.py:190} INFO - [2026-09-18T13:51:42.185+0700] {dag.py:3239} INFO - Sync 1 DAGs
[2026-09-18T13:51:42.197+0700] {logging_mixin.py:190} INFO - [2026-09-18T13:51:42.197+0700] {dag.py:4180} INFO - Setting next_dagrun for latest_only_with_trigger to 2026-09-18 00:00:00+00:00, run_after=2026-09-18 04:00:00+00:00
[2026-09-18T13:51:42.206+0700] {processor.py:208} INFO - Processing /Users/andreasanditya/Downloads/572392_Andreas_AirflowETL/code/.venv/lib/python3.9/site-packages/airflow/example_dags/example_latest_only_with_trigger.py took 0.116 seconds
[2026-09-18T13:54:34.693+0700] {processor.py:186} INFO - Started process (PID=12984) to work on /Users/andreasanditya/Downloads/572392_Andreas_AirflowETL/code/.venv/lib/python3.9/site-packages/airflow/example_dags/example_latest_only_with_trigger.py
[2026-09-18T13:54:34.694+0700] {processor.py:914} INFO - Processing file /Users/andreasanditya/Downloads/572392_Andreas_AirflowETL/code/.venv/lib/python3.9/site-packages/airflow/example_dags/example_latest_only_with_trigger.py for tasks to queue
[2026-09-18T13:54:34.695+0700] {logging_mixin.py:190} INFO - [2026-09-18T13:54:34.695+0700] {dagbag.py:588} INFO - Filling up the DagBag from /Users/andreasanditya/Downloads/572392_Andreas_AirflowETL/code/.venv/lib/python3.9/site-packages/airflow/example_dags/example_latest_only_with_trigger.py
[2026-09-18T13:54:34.700+0700] {processor.py:925} INFO - DAG(s) 'latest_only_with_trigger' retrieved from /Users/andreasanditya/Downloads/572392_Andreas_AirflowETL/code/.venv/lib/python3.9/site-packages/airflow/example_dags/example_latest_only_with_trigger.py
[2026-09-18T13:54:34.786+0700] {logging_mixin.py:190} INFO - [2026-09-18T13:54:34.786+0700] {dag.py:3239} INFO - Sync 1 DAGs
[2026-09-18T13:54:34.798+0700] {logging_mixin.py:190} INFO - [2026-09-18T13:54:34.798+0700] {dag.py:4180} INFO - Setting next_dagrun for latest_only_with_trigger to 2026-09-18 00:00:00+00:00, run_after=2026-09-18 04:00:00+00:00
[2026-09-18T13:54:34.807+0700] {processor.py:208} INFO - Processing /Users/andreasanditya/Downloads/572392_Andreas_AirflowETL/code/.venv/lib/python3.9/site-packages/airflow/example_dags/example_latest_only_with_trigger.py took 0.117 seconds
