[2026-09-18T11:17:43.688+0700] {processor.py:186} INFO - Started process (PID=10882) to work on /Users/andreasanditya/Downloads/572392_Andreas_AirflowETL/code/.venv/lib/python3.9/site-packages/airflow/example_dags/example_nested_branch_dag.py
[2026-09-18T11:17:43.689+0700] {processor.py:914} INFO - Processing file /Users/andreasanditya/Downloads/572392_Andreas_AirflowETL/code/.venv/lib/python3.9/site-packages/airflow/example_dags/example_nested_branch_dag.py for tasks to queue
[2026-09-18T11:17:43.690+0700] {logging_mixin.py:190} INFO - [2026-09-18T11:17:43.690+0700] {dagbag.py:588} INFO - Filling up the DagBag from /Users/andreasanditya/Downloads/572392_Andreas_AirflowETL/code/.venv/lib/python3.9/site-packages/airflow/example_dags/example_nested_branch_dag.py
[2026-09-18T11:17:43.743+0700] {processor.py:925} INFO - DAG(s) 'example_nested_branch_dag' retrieved from /Users/andreasanditya/Downloads/572392_Andreas_AirflowETL/code/.venv/lib/python3.9/site-packages/airflow/example_dags/example_nested_branch_dag.py
[2026-09-18T11:17:43.860+0700] {logging_mixin.py:190} INFO - [2026-09-18T11:17:43.860+0700] {override.py:1912} INFO - Created Permission View: can edit on DAG:example_nested_branch_dag
[2026-09-18T11:17:43.866+0700] {logging_mixin.py:190} INFO - [2026-09-18T11:17:43.865+0700] {override.py:1912} INFO - Created Permission View: can read on DAG:example_nested_branch_dag
[2026-09-18T11:17:43.869+0700] {logging_mixin.py:190} INFO - [2026-09-18T11:17:43.868+0700] {override.py:1912} INFO - Created Permission View: can delete on DAG:example_nested_branch_dag
[2026-09-18T11:17:43.872+0700] {logging_mixin.py:190} INFO - [2026-09-18T11:17:43.872+0700] {override.py:1912} INFO - Created Permission View: can delete on DAG Run:example_nested_branch_dag
[2026-09-18T11:17:43.875+0700] {logging_mixin.py:190} INFO - [2026-09-18T11:17:43.875+0700] {override.py:1912} INFO - Created Permission View: can read on DAG Run:example_nested_branch_dag
[2026-09-18T11:17:43.878+0700] {logging_mixin.py:190} INFO - [2026-09-18T11:17:43.878+0700] {override.py:1912} INFO - Created Permission View: can create on DAG Run:example_nested_branch_dag
[2026-09-18T11:17:43.881+0700] {logging_mixin.py:190} INFO - [2026-09-18T11:17:43.881+0700] {override.py:1912} INFO - Created Permission View: menu access on DAG Run:example_nested_branch_dag
[2026-09-18T11:17:43.881+0700] {logging_mixin.py:190} INFO - [2026-09-18T11:17:43.881+0700] {dag.py:3239} INFO - Sync 1 DAGs
[2026-09-18T11:17:43.888+0700] {logging_mixin.py:190} INFO - [2026-09-18T11:17:43.888+0700] {dag.py:3262} INFO - Creating ORM DAG for example_nested_branch_dag
[2026-09-18T11:17:43.894+0700] {logging_mixin.py:190} INFO - [2026-09-18T11:17:43.893+0700] {dag.py:4180} INFO - Setting next_dagrun for example_nested_branch_dag to 2026-09-17 00:00:00+00:00, run_after=2026-09-18 00:00:00+00:00
[2026-09-18T11:17:43.903+0700] {processor.py:208} INFO - Processing /Users/andreasanditya/Downloads/572392_Andreas_AirflowETL/code/.venv/lib/python3.9/site-packages/airflow/example_dags/example_nested_branch_dag.py took 0.217 seconds
[2026-09-18T11:19:59.240+0700] {processor.py:186} INFO - Started process (PID=12290) to work on /Users/andreasanditya/Downloads/572392_Andreas_AirflowETL/code/.venv/lib/python3.9/site-packages/airflow/example_dags/example_nested_branch_dag.py
[2026-09-18T11:19:59.241+0700] {processor.py:914} INFO - Processing file /Users/andreasanditya/Downloads/572392_Andreas_AirflowETL/code/.venv/lib/python3.9/site-packages/airflow/example_dags/example_nested_branch_dag.py for tasks to queue
[2026-09-18T11:19:59.242+0700] {logging_mixin.py:190} INFO - [2026-09-18T11:19:59.242+0700] {dagbag.py:588} INFO - Filling up the DagBag from /Users/andreasanditya/Downloads/572392_Andreas_AirflowETL/code/.venv/lib/python3.9/site-packages/airflow/example_dags/example_nested_branch_dag.py
[2026-09-18T11:19:59.297+0700] {processor.py:925} INFO - DAG(s) 'example_nested_branch_dag' retrieved from /Users/andreasanditya/Downloads/572392_Andreas_AirflowETL/code/.venv/lib/python3.9/site-packages/airflow/example_dags/example_nested_branch_dag.py
[2026-09-18T11:19:59.364+0700] {logging_mixin.py:190} INFO - [2026-09-18T11:19:59.364+0700] {dag.py:3239} INFO - Sync 1 DAGs
[2026-09-18T11:19:59.376+0700] {logging_mixin.py:190} INFO - [2026-09-18T11:19:59.376+0700] {dag.py:4180} INFO - Setting next_dagrun for example_nested_branch_dag to 2026-09-17 00:00:00+00:00, run_after=2026-09-18 00:00:00+00:00
[2026-09-18T11:19:59.387+0700] {processor.py:208} INFO - Processing /Users/andreasanditya/Downloads/572392_Andreas_AirflowETL/code/.venv/lib/python3.9/site-packages/airflow/example_dags/example_nested_branch_dag.py took 0.149 seconds
[2026-09-18T11:23:34.116+0700] {processor.py:186} INFO - Started process (PID=14676) to work on /Users/andreasanditya/Downloads/572392_Andreas_AirflowETL/code/.venv/lib/python3.9/site-packages/airflow/example_dags/example_nested_branch_dag.py
[2026-09-18T11:23:34.117+0700] {processor.py:914} INFO - Processing file /Users/andreasanditya/Downloads/572392_Andreas_AirflowETL/code/.venv/lib/python3.9/site-packages/airflow/example_dags/example_nested_branch_dag.py for tasks to queue
[2026-09-18T11:23:34.117+0700] {logging_mixin.py:190} INFO - [2026-09-18T11:23:34.117+0700] {dagbag.py:588} INFO - Filling up the DagBag from /Users/andreasanditya/Downloads/572392_Andreas_AirflowETL/code/.venv/lib/python3.9/site-packages/airflow/example_dags/example_nested_branch_dag.py
[2026-09-18T11:23:34.167+0700] {processor.py:925} INFO - DAG(s) 'example_nested_branch_dag' retrieved from /Users/andreasanditya/Downloads/572392_Andreas_AirflowETL/code/.venv/lib/python3.9/site-packages/airflow/example_dags/example_nested_branch_dag.py
[2026-09-18T11:23:34.229+0700] {logging_mixin.py:190} INFO - [2026-09-18T11:23:34.229+0700] {dag.py:3239} INFO - Sync 1 DAGs
[2026-09-18T11:23:34.240+0700] {logging_mixin.py:190} INFO - [2026-09-18T11:23:34.239+0700] {dag.py:4180} INFO - Setting next_dagrun for example_nested_branch_dag to 2026-09-17 00:00:00+00:00, run_after=2026-09-18 00:00:00+00:00
[2026-09-18T11:23:34.250+0700] {processor.py:208} INFO - Processing /Users/andreasanditya/Downloads/572392_Andreas_AirflowETL/code/.venv/lib/python3.9/site-packages/airflow/example_dags/example_nested_branch_dag.py took 0.136 seconds
[2026-09-18T11:24:56.822+0700] {processor.py:186} INFO - Started process (PID=15568) to work on /Users/andreasanditya/Downloads/572392_Andreas_AirflowETL/code/.venv/lib/python3.9/site-packages/airflow/example_dags/example_nested_branch_dag.py
[2026-09-18T11:24:56.823+0700] {processor.py:914} INFO - Processing file /Users/andreasanditya/Downloads/572392_Andreas_AirflowETL/code/.venv/lib/python3.9/site-packages/airflow/example_dags/example_nested_branch_dag.py for tasks to queue
[2026-09-18T11:24:56.824+0700] {logging_mixin.py:190} INFO - [2026-09-18T11:24:56.824+0700] {dagbag.py:588} INFO - Filling up the DagBag from /Users/andreasanditya/Downloads/572392_Andreas_AirflowETL/code/.venv/lib/python3.9/site-packages/airflow/example_dags/example_nested_branch_dag.py
[2026-09-18T11:24:56.874+0700] {processor.py:925} INFO - DAG(s) 'example_nested_branch_dag' retrieved from /Users/andreasanditya/Downloads/572392_Andreas_AirflowETL/code/.venv/lib/python3.9/site-packages/airflow/example_dags/example_nested_branch_dag.py
[2026-09-18T11:24:56.935+0700] {logging_mixin.py:190} INFO - [2026-09-18T11:24:56.935+0700] {dag.py:3239} INFO - Sync 1 DAGs
[2026-09-18T11:24:56.945+0700] {logging_mixin.py:190} INFO - [2026-09-18T11:24:56.945+0700] {dag.py:4180} INFO - Setting next_dagrun for example_nested_branch_dag to 2026-09-17 00:00:00+00:00, run_after=2026-09-18 00:00:00+00:00
[2026-09-18T11:24:56.956+0700] {processor.py:208} INFO - Processing /Users/andreasanditya/Downloads/572392_Andreas_AirflowETL/code/.venv/lib/python3.9/site-packages/airflow/example_dags/example_nested_branch_dag.py took 0.136 seconds
[2026-09-18T11:26:59.537+0700] {processor.py:186} INFO - Started process (PID=16792) to work on /Users/andreasanditya/Downloads/572392_Andreas_AirflowETL/code/.venv/lib/python3.9/site-packages/airflow/example_dags/example_nested_branch_dag.py
[2026-09-18T11:26:59.538+0700] {processor.py:914} INFO - Processing file /Users/andreasanditya/Downloads/572392_Andreas_AirflowETL/code/.venv/lib/python3.9/site-packages/airflow/example_dags/example_nested_branch_dag.py for tasks to queue
[2026-09-18T11:26:59.539+0700] {logging_mixin.py:190} INFO - [2026-09-18T11:26:59.539+0700] {dagbag.py:588} INFO - Filling up the DagBag from /Users/andreasanditya/Downloads/572392_Andreas_AirflowETL/code/.venv/lib/python3.9/site-packages/airflow/example_dags/example_nested_branch_dag.py
[2026-09-18T11:26:59.586+0700] {processor.py:925} INFO - DAG(s) 'example_nested_branch_dag' retrieved from /Users/andreasanditya/Downloads/572392_Andreas_AirflowETL/code/.venv/lib/python3.9/site-packages/airflow/example_dags/example_nested_branch_dag.py
[2026-09-18T11:26:59.645+0700] {logging_mixin.py:190} INFO - [2026-09-18T11:26:59.645+0700] {dag.py:3239} INFO - Sync 1 DAGs
[2026-09-18T11:26:59.655+0700] {logging_mixin.py:190} INFO - [2026-09-18T11:26:59.655+0700] {dag.py:4180} INFO - Setting next_dagrun for example_nested_branch_dag to 2026-09-17 00:00:00+00:00, run_after=2026-09-18 00:00:00+00:00
[2026-09-18T11:26:59.665+0700] {processor.py:208} INFO - Processing /Users/andreasanditya/Downloads/572392_Andreas_AirflowETL/code/.venv/lib/python3.9/site-packages/airflow/example_dags/example_nested_branch_dag.py took 0.130 seconds
[2026-09-18T11:29:57.661+0700] {processor.py:186} INFO - Started process (PID=18651) to work on /Users/andreasanditya/Downloads/572392_Andreas_AirflowETL/code/.venv/lib/python3.9/site-packages/airflow/example_dags/example_nested_branch_dag.py
[2026-09-18T11:29:57.663+0700] {processor.py:914} INFO - Processing file /Users/andreasanditya/Downloads/572392_Andreas_AirflowETL/code/.venv/lib/python3.9/site-packages/airflow/example_dags/example_nested_branch_dag.py for tasks to queue
[2026-09-18T11:29:57.664+0700] {logging_mixin.py:190} INFO - [2026-09-18T11:29:57.664+0700] {dagbag.py:588} INFO - Filling up the DagBag from /Users/andreasanditya/Downloads/572392_Andreas_AirflowETL/code/.venv/lib/python3.9/site-packages/airflow/example_dags/example_nested_branch_dag.py
[2026-09-18T11:29:57.713+0700] {processor.py:925} INFO - DAG(s) 'example_nested_branch_dag' retrieved from /Users/andreasanditya/Downloads/572392_Andreas_AirflowETL/code/.venv/lib/python3.9/site-packages/airflow/example_dags/example_nested_branch_dag.py
[2026-09-18T11:29:57.772+0700] {logging_mixin.py:190} INFO - [2026-09-18T11:29:57.771+0700] {dag.py:3239} INFO - Sync 1 DAGs
[2026-09-18T11:29:57.782+0700] {logging_mixin.py:190} INFO - [2026-09-18T11:29:57.782+0700] {dag.py:4180} INFO - Setting next_dagrun for example_nested_branch_dag to 2026-09-17 00:00:00+00:00, run_after=2026-09-18 00:00:00+00:00
[2026-09-18T11:29:57.793+0700] {processor.py:208} INFO - Processing /Users/andreasanditya/Downloads/572392_Andreas_AirflowETL/code/.venv/lib/python3.9/site-packages/airflow/example_dags/example_nested_branch_dag.py took 0.134 seconds
[2026-09-18T11:32:56.500+0700] {processor.py:186} INFO - Started process (PID=20577) to work on /Users/andreasanditya/Downloads/572392_Andreas_AirflowETL/code/.venv/lib/python3.9/site-packages/airflow/example_dags/example_nested_branch_dag.py
[2026-09-18T11:32:56.502+0700] {processor.py:914} INFO - Processing file /Users/andreasanditya/Downloads/572392_Andreas_AirflowETL/code/.venv/lib/python3.9/site-packages/airflow/example_dags/example_nested_branch_dag.py for tasks to queue
[2026-09-18T11:32:56.502+0700] {logging_mixin.py:190} INFO - [2026-09-18T11:32:56.502+0700] {dagbag.py:588} INFO - Filling up the DagBag from /Users/andreasanditya/Downloads/572392_Andreas_AirflowETL/code/.venv/lib/python3.9/site-packages/airflow/example_dags/example_nested_branch_dag.py
[2026-09-18T11:32:56.554+0700] {processor.py:925} INFO - DAG(s) 'example_nested_branch_dag' retrieved from /Users/andreasanditya/Downloads/572392_Andreas_AirflowETL/code/.venv/lib/python3.9/site-packages/airflow/example_dags/example_nested_branch_dag.py
[2026-09-18T11:32:56.616+0700] {logging_mixin.py:190} INFO - [2026-09-18T11:32:56.615+0700] {dag.py:3239} INFO - Sync 1 DAGs
[2026-09-18T11:32:56.627+0700] {logging_mixin.py:190} INFO - [2026-09-18T11:32:56.627+0700] {dag.py:4180} INFO - Setting next_dagrun for example_nested_branch_dag to 2026-09-17 00:00:00+00:00, run_after=2026-09-18 00:00:00+00:00
[2026-09-18T11:32:56.639+0700] {processor.py:208} INFO - Processing /Users/andreasanditya/Downloads/572392_Andreas_AirflowETL/code/.venv/lib/python3.9/site-packages/airflow/example_dags/example_nested_branch_dag.py took 0.141 seconds
[2026-09-18T11:35:50.392+0700] {processor.py:186} INFO - Started process (PID=22388) to work on /Users/andreasanditya/Downloads/572392_Andreas_AirflowETL/code/.venv/lib/python3.9/site-packages/airflow/example_dags/example_nested_branch_dag.py
[2026-09-18T11:35:50.393+0700] {processor.py:914} INFO - Processing file /Users/andreasanditya/Downloads/572392_Andreas_AirflowETL/code/.venv/lib/python3.9/site-packages/airflow/example_dags/example_nested_branch_dag.py for tasks to queue
[2026-09-18T11:35:50.394+0700] {logging_mixin.py:190} INFO - [2026-09-18T11:35:50.393+0700] {dagbag.py:588} INFO - Filling up the DagBag from /Users/andreasanditya/Downloads/572392_Andreas_AirflowETL/code/.venv/lib/python3.9/site-packages/airflow/example_dags/example_nested_branch_dag.py
[2026-09-18T11:35:50.443+0700] {processor.py:925} INFO - DAG(s) 'example_nested_branch_dag' retrieved from /Users/andreasanditya/Downloads/572392_Andreas_AirflowETL/code/.venv/lib/python3.9/site-packages/airflow/example_dags/example_nested_branch_dag.py
[2026-09-18T11:35:50.503+0700] {logging_mixin.py:190} INFO - [2026-09-18T11:35:50.502+0700] {dag.py:3239} INFO - Sync 1 DAGs
[2026-09-18T11:35:50.514+0700] {logging_mixin.py:190} INFO - [2026-09-18T11:35:50.514+0700] {dag.py:4180} INFO - Setting next_dagrun for example_nested_branch_dag to 2026-09-17 00:00:00+00:00, run_after=2026-09-18 00:00:00+00:00
[2026-09-18T11:35:50.524+0700] {processor.py:208} INFO - Processing /Users/andreasanditya/Downloads/572392_Andreas_AirflowETL/code/.venv/lib/python3.9/site-packages/airflow/example_dags/example_nested_branch_dag.py took 0.135 seconds
[2026-09-18T11:38:45.378+0700] {processor.py:186} INFO - Started process (PID=24233) to work on /Users/andreasanditya/Downloads/572392_Andreas_AirflowETL/code/.venv/lib/python3.9/site-packages/airflow/example_dags/example_nested_branch_dag.py
[2026-09-18T11:38:45.379+0700] {processor.py:914} INFO - Processing file /Users/andreasanditya/Downloads/572392_Andreas_AirflowETL/code/.venv/lib/python3.9/site-packages/airflow/example_dags/example_nested_branch_dag.py for tasks to queue
[2026-09-18T11:38:45.380+0700] {logging_mixin.py:190} INFO - [2026-09-18T11:38:45.379+0700] {dagbag.py:588} INFO - Filling up the DagBag from /Users/andreasanditya/Downloads/572392_Andreas_AirflowETL/code/.venv/lib/python3.9/site-packages/airflow/example_dags/example_nested_branch_dag.py
[2026-09-18T11:38:45.427+0700] {processor.py:925} INFO - DAG(s) 'example_nested_branch_dag' retrieved from /Users/andreasanditya/Downloads/572392_Andreas_AirflowETL/code/.venv/lib/python3.9/site-packages/airflow/example_dags/example_nested_branch_dag.py
[2026-09-18T11:38:45.487+0700] {logging_mixin.py:190} INFO - [2026-09-18T11:38:45.487+0700] {dag.py:3239} INFO - Sync 1 DAGs
[2026-09-18T11:38:45.499+0700] {logging_mixin.py:190} INFO - [2026-09-18T11:38:45.499+0700] {dag.py:4180} INFO - Setting next_dagrun for example_nested_branch_dag to 2026-09-17 00:00:00+00:00, run_after=2026-09-18 00:00:00+00:00
[2026-09-18T11:38:45.509+0700] {processor.py:208} INFO - Processing /Users/andreasanditya/Downloads/572392_Andreas_AirflowETL/code/.venv/lib/python3.9/site-packages/airflow/example_dags/example_nested_branch_dag.py took 0.133 seconds
[2026-09-18T11:41:43.821+0700] {processor.py:186} INFO - Started process (PID=26113) to work on /Users/andreasanditya/Downloads/572392_Andreas_AirflowETL/code/.venv/lib/python3.9/site-packages/airflow/example_dags/example_nested_branch_dag.py
[2026-09-18T11:41:43.822+0700] {processor.py:914} INFO - Processing file /Users/andreasanditya/Downloads/572392_Andreas_AirflowETL/code/.venv/lib/python3.9/site-packages/airflow/example_dags/example_nested_branch_dag.py for tasks to queue
[2026-09-18T11:41:43.823+0700] {logging_mixin.py:190} INFO - [2026-09-18T11:41:43.823+0700] {dagbag.py:588} INFO - Filling up the DagBag from /Users/andreasanditya/Downloads/572392_Andreas_AirflowETL/code/.venv/lib/python3.9/site-packages/airflow/example_dags/example_nested_branch_dag.py
[2026-09-18T11:41:43.870+0700] {processor.py:925} INFO - DAG(s) 'example_nested_branch_dag' retrieved from /Users/andreasanditya/Downloads/572392_Andreas_AirflowETL/code/.venv/lib/python3.9/site-packages/airflow/example_dags/example_nested_branch_dag.py
[2026-09-18T11:41:43.930+0700] {logging_mixin.py:190} INFO - [2026-09-18T11:41:43.930+0700] {dag.py:3239} INFO - Sync 1 DAGs
[2026-09-18T11:41:43.940+0700] {logging_mixin.py:190} INFO - [2026-09-18T11:41:43.940+0700] {dag.py:4180} INFO - Setting next_dagrun for example_nested_branch_dag to 2026-09-17 00:00:00+00:00, run_after=2026-09-18 00:00:00+00:00
[2026-09-18T11:41:43.950+0700] {processor.py:208} INFO - Processing /Users/andreasanditya/Downloads/572392_Andreas_AirflowETL/code/.venv/lib/python3.9/site-packages/airflow/example_dags/example_nested_branch_dag.py took 0.132 seconds
[2026-09-18T11:44:39.138+0700] {processor.py:186} INFO - Started process (PID=27842) to work on /Users/andreasanditya/Downloads/572392_Andreas_AirflowETL/code/.venv/lib/python3.9/site-packages/airflow/example_dags/example_nested_branch_dag.py
[2026-09-18T11:44:39.139+0700] {processor.py:914} INFO - Processing file /Users/andreasanditya/Downloads/572392_Andreas_AirflowETL/code/.venv/lib/python3.9/site-packages/airflow/example_dags/example_nested_branch_dag.py for tasks to queue
[2026-09-18T11:44:39.140+0700] {logging_mixin.py:190} INFO - [2026-09-18T11:44:39.140+0700] {dagbag.py:588} INFO - Filling up the DagBag from /Users/andreasanditya/Downloads/572392_Andreas_AirflowETL/code/.venv/lib/python3.9/site-packages/airflow/example_dags/example_nested_branch_dag.py
[2026-09-18T11:44:39.186+0700] {processor.py:925} INFO - DAG(s) 'example_nested_branch_dag' retrieved from /Users/andreasanditya/Downloads/572392_Andreas_AirflowETL/code/.venv/lib/python3.9/site-packages/airflow/example_dags/example_nested_branch_dag.py
[2026-09-18T11:44:39.248+0700] {logging_mixin.py:190} INFO - [2026-09-18T11:44:39.248+0700] {dag.py:3239} INFO - Sync 1 DAGs
[2026-09-18T11:44:39.259+0700] {logging_mixin.py:190} INFO - [2026-09-18T11:44:39.258+0700] {dag.py:4180} INFO - Setting next_dagrun for example_nested_branch_dag to 2026-09-17 00:00:00+00:00, run_after=2026-09-18 00:00:00+00:00
[2026-09-18T11:44:39.269+0700] {processor.py:208} INFO - Processing /Users/andreasanditya/Downloads/572392_Andreas_AirflowETL/code/.venv/lib/python3.9/site-packages/airflow/example_dags/example_nested_branch_dag.py took 0.132 seconds
[2026-09-18T11:47:32.653+0700] {processor.py:186} INFO - Started process (PID=29561) to work on /Users/andreasanditya/Downloads/572392_Andreas_AirflowETL/code/.venv/lib/python3.9/site-packages/airflow/example_dags/example_nested_branch_dag.py
[2026-09-18T11:47:32.653+0700] {processor.py:914} INFO - Processing file /Users/andreasanditya/Downloads/572392_Andreas_AirflowETL/code/.venv/lib/python3.9/site-packages/airflow/example_dags/example_nested_branch_dag.py for tasks to queue
[2026-09-18T11:47:32.654+0700] {logging_mixin.py:190} INFO - [2026-09-18T11:47:32.654+0700] {dagbag.py:588} INFO - Filling up the DagBag from /Users/andreasanditya/Downloads/572392_Andreas_AirflowETL/code/.venv/lib/python3.9/site-packages/airflow/example_dags/example_nested_branch_dag.py
[2026-09-18T11:47:32.702+0700] {processor.py:925} INFO - DAG(s) 'example_nested_branch_dag' retrieved from /Users/andreasanditya/Downloads/572392_Andreas_AirflowETL/code/.venv/lib/python3.9/site-packages/airflow/example_dags/example_nested_branch_dag.py
[2026-09-18T11:47:32.762+0700] {logging_mixin.py:190} INFO - [2026-09-18T11:47:32.762+0700] {dag.py:3239} INFO - Sync 1 DAGs
[2026-09-18T11:47:32.772+0700] {logging_mixin.py:190} INFO - [2026-09-18T11:47:32.772+0700] {dag.py:4180} INFO - Setting next_dagrun for example_nested_branch_dag to 2026-09-17 00:00:00+00:00, run_after=2026-09-18 00:00:00+00:00
[2026-09-18T11:47:32.783+0700] {processor.py:208} INFO - Processing /Users/andreasanditya/Downloads/572392_Andreas_AirflowETL/code/.venv/lib/python3.9/site-packages/airflow/example_dags/example_nested_branch_dag.py took 0.132 seconds
[2026-09-18T11:50:25.684+0700] {processor.py:186} INFO - Started process (PID=31325) to work on /Users/andreasanditya/Downloads/572392_Andreas_AirflowETL/code/.venv/lib/python3.9/site-packages/airflow/example_dags/example_nested_branch_dag.py
[2026-09-18T11:50:25.685+0700] {processor.py:914} INFO - Processing file /Users/andreasanditya/Downloads/572392_Andreas_AirflowETL/code/.venv/lib/python3.9/site-packages/airflow/example_dags/example_nested_branch_dag.py for tasks to queue
[2026-09-18T11:50:25.685+0700] {logging_mixin.py:190} INFO - [2026-09-18T11:50:25.685+0700] {dagbag.py:588} INFO - Filling up the DagBag from /Users/andreasanditya/Downloads/572392_Andreas_AirflowETL/code/.venv/lib/python3.9/site-packages/airflow/example_dags/example_nested_branch_dag.py
[2026-09-18T11:50:25.734+0700] {processor.py:925} INFO - DAG(s) 'example_nested_branch_dag' retrieved from /Users/andreasanditya/Downloads/572392_Andreas_AirflowETL/code/.venv/lib/python3.9/site-packages/airflow/example_dags/example_nested_branch_dag.py
[2026-09-18T11:50:25.794+0700] {logging_mixin.py:190} INFO - [2026-09-18T11:50:25.794+0700] {dag.py:3239} INFO - Sync 1 DAGs
[2026-09-18T11:50:25.804+0700] {logging_mixin.py:190} INFO - [2026-09-18T11:50:25.804+0700] {dag.py:4180} INFO - Setting next_dagrun for example_nested_branch_dag to 2026-09-17 00:00:00+00:00, run_after=2026-09-18 00:00:00+00:00
[2026-09-18T11:50:25.814+0700] {processor.py:208} INFO - Processing /Users/andreasanditya/Downloads/572392_Andreas_AirflowETL/code/.venv/lib/python3.9/site-packages/airflow/example_dags/example_nested_branch_dag.py took 0.133 seconds
[2026-09-18T11:53:16.649+0700] {processor.py:186} INFO - Started process (PID=33038) to work on /Users/andreasanditya/Downloads/572392_Andreas_AirflowETL/code/.venv/lib/python3.9/site-packages/airflow/example_dags/example_nested_branch_dag.py
[2026-09-18T11:53:16.650+0700] {processor.py:914} INFO - Processing file /Users/andreasanditya/Downloads/572392_Andreas_AirflowETL/code/.venv/lib/python3.9/site-packages/airflow/example_dags/example_nested_branch_dag.py for tasks to queue
[2026-09-18T11:53:16.651+0700] {logging_mixin.py:190} INFO - [2026-09-18T11:53:16.651+0700] {dagbag.py:588} INFO - Filling up the DagBag from /Users/andreasanditya/Downloads/572392_Andreas_AirflowETL/code/.venv/lib/python3.9/site-packages/airflow/example_dags/example_nested_branch_dag.py
[2026-09-18T11:53:16.700+0700] {processor.py:925} INFO - DAG(s) 'example_nested_branch_dag' retrieved from /Users/andreasanditya/Downloads/572392_Andreas_AirflowETL/code/.venv/lib/python3.9/site-packages/airflow/example_dags/example_nested_branch_dag.py
[2026-09-18T11:53:16.760+0700] {logging_mixin.py:190} INFO - [2026-09-18T11:53:16.760+0700] {dag.py:3239} INFO - Sync 1 DAGs
[2026-09-18T11:53:16.771+0700] {logging_mixin.py:190} INFO - [2026-09-18T11:53:16.771+0700] {dag.py:4180} INFO - Setting next_dagrun for example_nested_branch_dag to 2026-09-17 00:00:00+00:00, run_after=2026-09-18 00:00:00+00:00
[2026-09-18T11:53:16.781+0700] {processor.py:208} INFO - Processing /Users/andreasanditya/Downloads/572392_Andreas_AirflowETL/code/.venv/lib/python3.9/site-packages/airflow/example_dags/example_nested_branch_dag.py took 0.134 seconds
[2026-09-18T11:56:11.595+0700] {processor.py:186} INFO - Started process (PID=34797) to work on /Users/andreasanditya/Downloads/572392_Andreas_AirflowETL/code/.venv/lib/python3.9/site-packages/airflow/example_dags/example_nested_branch_dag.py
[2026-09-18T11:56:11.596+0700] {processor.py:914} INFO - Processing file /Users/andreasanditya/Downloads/572392_Andreas_AirflowETL/code/.venv/lib/python3.9/site-packages/airflow/example_dags/example_nested_branch_dag.py for tasks to queue
[2026-09-18T11:56:11.596+0700] {logging_mixin.py:190} INFO - [2026-09-18T11:56:11.596+0700] {dagbag.py:588} INFO - Filling up the DagBag from /Users/andreasanditya/Downloads/572392_Andreas_AirflowETL/code/.venv/lib/python3.9/site-packages/airflow/example_dags/example_nested_branch_dag.py
[2026-09-18T11:56:11.643+0700] {processor.py:925} INFO - DAG(s) 'example_nested_branch_dag' retrieved from /Users/andreasanditya/Downloads/572392_Andreas_AirflowETL/code/.venv/lib/python3.9/site-packages/airflow/example_dags/example_nested_branch_dag.py
[2026-09-18T11:56:11.702+0700] {logging_mixin.py:190} INFO - [2026-09-18T11:56:11.702+0700] {dag.py:3239} INFO - Sync 1 DAGs
[2026-09-18T11:56:11.713+0700] {logging_mixin.py:190} INFO - [2026-09-18T11:56:11.713+0700] {dag.py:4180} INFO - Setting next_dagrun for example_nested_branch_dag to 2026-09-17 00:00:00+00:00, run_after=2026-09-18 00:00:00+00:00
[2026-09-18T11:56:11.723+0700] {processor.py:208} INFO - Processing /Users/andreasanditya/Downloads/572392_Andreas_AirflowETL/code/.venv/lib/python3.9/site-packages/airflow/example_dags/example_nested_branch_dag.py took 0.131 seconds
[2026-09-18T11:59:03.412+0700] {processor.py:186} INFO - Started process (PID=36516) to work on /Users/andreasanditya/Downloads/572392_Andreas_AirflowETL/code/.venv/lib/python3.9/site-packages/airflow/example_dags/example_nested_branch_dag.py
[2026-09-18T11:59:03.413+0700] {processor.py:914} INFO - Processing file /Users/andreasanditya/Downloads/572392_Andreas_AirflowETL/code/.venv/lib/python3.9/site-packages/airflow/example_dags/example_nested_branch_dag.py for tasks to queue
[2026-09-18T11:59:03.413+0700] {logging_mixin.py:190} INFO - [2026-09-18T11:59:03.413+0700] {dagbag.py:588} INFO - Filling up the DagBag from /Users/andreasanditya/Downloads/572392_Andreas_AirflowETL/code/.venv/lib/python3.9/site-packages/airflow/example_dags/example_nested_branch_dag.py
[2026-09-18T11:59:03.461+0700] {processor.py:925} INFO - DAG(s) 'example_nested_branch_dag' retrieved from /Users/andreasanditya/Downloads/572392_Andreas_AirflowETL/code/.venv/lib/python3.9/site-packages/airflow/example_dags/example_nested_branch_dag.py
[2026-09-18T11:59:03.520+0700] {logging_mixin.py:190} INFO - [2026-09-18T11:59:03.520+0700] {dag.py:3239} INFO - Sync 1 DAGs
[2026-09-18T11:59:03.532+0700] {logging_mixin.py:190} INFO - [2026-09-18T11:59:03.531+0700] {dag.py:4180} INFO - Setting next_dagrun for example_nested_branch_dag to 2026-09-17 00:00:00+00:00, run_after=2026-09-18 00:00:00+00:00
[2026-09-18T11:59:03.542+0700] {processor.py:208} INFO - Processing /Users/andreasanditya/Downloads/572392_Andreas_AirflowETL/code/.venv/lib/python3.9/site-packages/airflow/example_dags/example_nested_branch_dag.py took 0.132 seconds
[2026-09-18T12:01:57.213+0700] {processor.py:186} INFO - Started process (PID=38264) to work on /Users/andreasanditya/Downloads/572392_Andreas_AirflowETL/code/.venv/lib/python3.9/site-packages/airflow/example_dags/example_nested_branch_dag.py
[2026-09-18T12:01:57.214+0700] {processor.py:914} INFO - Processing file /Users/andreasanditya/Downloads/572392_Andreas_AirflowETL/code/.venv/lib/python3.9/site-packages/airflow/example_dags/example_nested_branch_dag.py for tasks to queue
[2026-09-18T12:01:57.215+0700] {logging_mixin.py:190} INFO - [2026-09-18T12:01:57.215+0700] {dagbag.py:588} INFO - Filling up the DagBag from /Users/andreasanditya/Downloads/572392_Andreas_AirflowETL/code/.venv/lib/python3.9/site-packages/airflow/example_dags/example_nested_branch_dag.py
[2026-09-18T12:01:57.262+0700] {processor.py:925} INFO - DAG(s) 'example_nested_branch_dag' retrieved from /Users/andreasanditya/Downloads/572392_Andreas_AirflowETL/code/.venv/lib/python3.9/site-packages/airflow/example_dags/example_nested_branch_dag.py
[2026-09-18T12:01:57.321+0700] {logging_mixin.py:190} INFO - [2026-09-18T12:01:57.321+0700] {dag.py:3239} INFO - Sync 1 DAGs
[2026-09-18T12:01:57.331+0700] {logging_mixin.py:190} INFO - [2026-09-18T12:01:57.331+0700] {dag.py:4180} INFO - Setting next_dagrun for example_nested_branch_dag to 2026-09-17 00:00:00+00:00, run_after=2026-09-18 00:00:00+00:00
[2026-09-18T12:01:57.342+0700] {processor.py:208} INFO - Processing /Users/andreasanditya/Downloads/572392_Andreas_AirflowETL/code/.venv/lib/python3.9/site-packages/airflow/example_dags/example_nested_branch_dag.py took 0.130 seconds
[2026-09-18T12:04:50.279+0700] {processor.py:186} INFO - Started process (PID=40091) to work on /Users/andreasanditya/Downloads/572392_Andreas_AirflowETL/code/.venv/lib/python3.9/site-packages/airflow/example_dags/example_nested_branch_dag.py
[2026-09-18T12:04:50.280+0700] {processor.py:914} INFO - Processing file /Users/andreasanditya/Downloads/572392_Andreas_AirflowETL/code/.venv/lib/python3.9/site-packages/airflow/example_dags/example_nested_branch_dag.py for tasks to queue
[2026-09-18T12:04:50.281+0700] {logging_mixin.py:190} INFO - [2026-09-18T12:04:50.281+0700] {dagbag.py:588} INFO - Filling up the DagBag from /Users/andreasanditya/Downloads/572392_Andreas_AirflowETL/code/.venv/lib/python3.9/site-packages/airflow/example_dags/example_nested_branch_dag.py
[2026-09-18T12:04:50.329+0700] {processor.py:925} INFO - DAG(s) 'example_nested_branch_dag' retrieved from /Users/andreasanditya/Downloads/572392_Andreas_AirflowETL/code/.venv/lib/python3.9/site-packages/airflow/example_dags/example_nested_branch_dag.py
[2026-09-18T12:04:50.389+0700] {logging_mixin.py:190} INFO - [2026-09-18T12:04:50.389+0700] {dag.py:3239} INFO - Sync 1 DAGs
[2026-09-18T12:04:50.400+0700] {logging_mixin.py:190} INFO - [2026-09-18T12:04:50.400+0700] {dag.py:4180} INFO - Setting next_dagrun for example_nested_branch_dag to 2026-09-17 00:00:00+00:00, run_after=2026-09-18 00:00:00+00:00
[2026-09-18T12:04:50.410+0700] {processor.py:208} INFO - Processing /Users/andreasanditya/Downloads/572392_Andreas_AirflowETL/code/.venv/lib/python3.9/site-packages/airflow/example_dags/example_nested_branch_dag.py took 0.133 seconds
[2026-09-18T12:07:46.025+0700] {processor.py:186} INFO - Started process (PID=41841) to work on /Users/andreasanditya/Downloads/572392_Andreas_AirflowETL/code/.venv/lib/python3.9/site-packages/airflow/example_dags/example_nested_branch_dag.py
[2026-09-18T12:07:46.025+0700] {processor.py:914} INFO - Processing file /Users/andreasanditya/Downloads/572392_Andreas_AirflowETL/code/.venv/lib/python3.9/site-packages/airflow/example_dags/example_nested_branch_dag.py for tasks to queue
[2026-09-18T12:07:46.026+0700] {logging_mixin.py:190} INFO - [2026-09-18T12:07:46.026+0700] {dagbag.py:588} INFO - Filling up the DagBag from /Users/andreasanditya/Downloads/572392_Andreas_AirflowETL/code/.venv/lib/python3.9/site-packages/airflow/example_dags/example_nested_branch_dag.py
[2026-09-18T12:07:46.075+0700] {processor.py:925} INFO - DAG(s) 'example_nested_branch_dag' retrieved from /Users/andreasanditya/Downloads/572392_Andreas_AirflowETL/code/.venv/lib/python3.9/site-packages/airflow/example_dags/example_nested_branch_dag.py
[2026-09-18T12:07:46.136+0700] {logging_mixin.py:190} INFO - [2026-09-18T12:07:46.136+0700] {dag.py:3239} INFO - Sync 1 DAGs
[2026-09-18T12:07:46.146+0700] {logging_mixin.py:190} INFO - [2026-09-18T12:07:46.146+0700] {dag.py:4180} INFO - Setting next_dagrun for example_nested_branch_dag to 2026-09-17 00:00:00+00:00, run_after=2026-09-18 00:00:00+00:00
[2026-09-18T12:07:46.157+0700] {processor.py:208} INFO - Processing /Users/andreasanditya/Downloads/572392_Andreas_AirflowETL/code/.venv/lib/python3.9/site-packages/airflow/example_dags/example_nested_branch_dag.py took 0.134 seconds
[2026-09-18T12:10:37.988+0700] {processor.py:186} INFO - Started process (PID=43567) to work on /Users/andreasanditya/Downloads/572392_Andreas_AirflowETL/code/.venv/lib/python3.9/site-packages/airflow/example_dags/example_nested_branch_dag.py
[2026-09-18T12:10:37.989+0700] {processor.py:914} INFO - Processing file /Users/andreasanditya/Downloads/572392_Andreas_AirflowETL/code/.venv/lib/python3.9/site-packages/airflow/example_dags/example_nested_branch_dag.py for tasks to queue
[2026-09-18T12:10:37.990+0700] {logging_mixin.py:190} INFO - [2026-09-18T12:10:37.990+0700] {dagbag.py:588} INFO - Filling up the DagBag from /Users/andreasanditya/Downloads/572392_Andreas_AirflowETL/code/.venv/lib/python3.9/site-packages/airflow/example_dags/example_nested_branch_dag.py
[2026-09-18T12:10:38.038+0700] {processor.py:925} INFO - DAG(s) 'example_nested_branch_dag' retrieved from /Users/andreasanditya/Downloads/572392_Andreas_AirflowETL/code/.venv/lib/python3.9/site-packages/airflow/example_dags/example_nested_branch_dag.py
[2026-09-18T12:10:38.098+0700] {logging_mixin.py:190} INFO - [2026-09-18T12:10:38.098+0700] {dag.py:3239} INFO - Sync 1 DAGs
[2026-09-18T12:10:38.109+0700] {logging_mixin.py:190} INFO - [2026-09-18T12:10:38.109+0700] {dag.py:4180} INFO - Setting next_dagrun for example_nested_branch_dag to 2026-09-17 00:00:00+00:00, run_after=2026-09-18 00:00:00+00:00
[2026-09-18T12:10:38.119+0700] {processor.py:208} INFO - Processing /Users/andreasanditya/Downloads/572392_Andreas_AirflowETL/code/.venv/lib/python3.9/site-packages/airflow/example_dags/example_nested_branch_dag.py took 0.133 seconds
[2026-09-18T12:13:36.507+0700] {processor.py:186} INFO - Started process (PID=46134) to work on /Users/andreasanditya/Downloads/572392_Andreas_AirflowETL/code/.venv/lib/python3.9/site-packages/airflow/example_dags/example_nested_branch_dag.py
[2026-09-18T12:13:36.507+0700] {processor.py:914} INFO - Processing file /Users/andreasanditya/Downloads/572392_Andreas_AirflowETL/code/.venv/lib/python3.9/site-packages/airflow/example_dags/example_nested_branch_dag.py for tasks to queue
[2026-09-18T12:13:36.508+0700] {logging_mixin.py:190} INFO - [2026-09-18T12:13:36.508+0700] {dagbag.py:588} INFO - Filling up the DagBag from /Users/andreasanditya/Downloads/572392_Andreas_AirflowETL/code/.venv/lib/python3.9/site-packages/airflow/example_dags/example_nested_branch_dag.py
[2026-09-18T12:13:36.563+0700] {processor.py:925} INFO - DAG(s) 'example_nested_branch_dag' retrieved from /Users/andreasanditya/Downloads/572392_Andreas_AirflowETL/code/.venv/lib/python3.9/site-packages/airflow/example_dags/example_nested_branch_dag.py
[2026-09-18T12:13:36.624+0700] {logging_mixin.py:190} INFO - [2026-09-18T12:13:36.623+0700] {dag.py:3239} INFO - Sync 1 DAGs
[2026-09-18T12:13:36.634+0700] {logging_mixin.py:190} INFO - [2026-09-18T12:13:36.634+0700] {dag.py:4180} INFO - Setting next_dagrun for example_nested_branch_dag to 2026-09-17 00:00:00+00:00, run_after=2026-09-18 00:00:00+00:00
[2026-09-18T12:13:36.645+0700] {processor.py:208} INFO - Processing /Users/andreasanditya/Downloads/572392_Andreas_AirflowETL/code/.venv/lib/python3.9/site-packages/airflow/example_dags/example_nested_branch_dag.py took 0.140 seconds
[2026-09-18T12:16:31.464+0700] {processor.py:186} INFO - Started process (PID=48978) to work on /Users/andreasanditya/Downloads/572392_Andreas_AirflowETL/code/.venv/lib/python3.9/site-packages/airflow/example_dags/example_nested_branch_dag.py
[2026-09-18T12:16:31.465+0700] {processor.py:914} INFO - Processing file /Users/andreasanditya/Downloads/572392_Andreas_AirflowETL/code/.venv/lib/python3.9/site-packages/airflow/example_dags/example_nested_branch_dag.py for tasks to queue
[2026-09-18T12:16:31.466+0700] {logging_mixin.py:190} INFO - [2026-09-18T12:16:31.465+0700] {dagbag.py:588} INFO - Filling up the DagBag from /Users/andreasanditya/Downloads/572392_Andreas_AirflowETL/code/.venv/lib/python3.9/site-packages/airflow/example_dags/example_nested_branch_dag.py
[2026-09-18T12:16:31.512+0700] {processor.py:925} INFO - DAG(s) 'example_nested_branch_dag' retrieved from /Users/andreasanditya/Downloads/572392_Andreas_AirflowETL/code/.venv/lib/python3.9/site-packages/airflow/example_dags/example_nested_branch_dag.py
[2026-09-18T12:16:31.571+0700] {logging_mixin.py:190} INFO - [2026-09-18T12:16:31.571+0700] {dag.py:3239} INFO - Sync 1 DAGs
[2026-09-18T12:16:31.582+0700] {logging_mixin.py:190} INFO - [2026-09-18T12:16:31.582+0700] {dag.py:4180} INFO - Setting next_dagrun for example_nested_branch_dag to 2026-09-17 00:00:00+00:00, run_after=2026-09-18 00:00:00+00:00
[2026-09-18T12:16:31.592+0700] {processor.py:208} INFO - Processing /Users/andreasanditya/Downloads/572392_Andreas_AirflowETL/code/.venv/lib/python3.9/site-packages/airflow/example_dags/example_nested_branch_dag.py took 0.130 seconds
[2026-09-18T12:19:30.674+0700] {processor.py:186} INFO - Started process (PID=51864) to work on /Users/andreasanditya/Downloads/572392_Andreas_AirflowETL/code/.venv/lib/python3.9/site-packages/airflow/example_dags/example_nested_branch_dag.py
[2026-09-18T12:19:30.675+0700] {processor.py:914} INFO - Processing file /Users/andreasanditya/Downloads/572392_Andreas_AirflowETL/code/.venv/lib/python3.9/site-packages/airflow/example_dags/example_nested_branch_dag.py for tasks to queue
[2026-09-18T12:19:30.676+0700] {logging_mixin.py:190} INFO - [2026-09-18T12:19:30.676+0700] {dagbag.py:588} INFO - Filling up the DagBag from /Users/andreasanditya/Downloads/572392_Andreas_AirflowETL/code/.venv/lib/python3.9/site-packages/airflow/example_dags/example_nested_branch_dag.py
[2026-09-18T12:19:30.723+0700] {processor.py:925} INFO - DAG(s) 'example_nested_branch_dag' retrieved from /Users/andreasanditya/Downloads/572392_Andreas_AirflowETL/code/.venv/lib/python3.9/site-packages/airflow/example_dags/example_nested_branch_dag.py
[2026-09-18T12:19:30.782+0700] {logging_mixin.py:190} INFO - [2026-09-18T12:19:30.782+0700] {dag.py:3239} INFO - Sync 1 DAGs
[2026-09-18T12:19:30.793+0700] {logging_mixin.py:190} INFO - [2026-09-18T12:19:30.792+0700] {dag.py:4180} INFO - Setting next_dagrun for example_nested_branch_dag to 2026-09-17 00:00:00+00:00, run_after=2026-09-18 00:00:00+00:00
[2026-09-18T12:19:30.803+0700] {processor.py:208} INFO - Processing /Users/andreasanditya/Downloads/572392_Andreas_AirflowETL/code/.venv/lib/python3.9/site-packages/airflow/example_dags/example_nested_branch_dag.py took 0.130 seconds
[2026-09-18T12:22:24.675+0700] {processor.py:186} INFO - Started process (PID=54246) to work on /Users/andreasanditya/Downloads/572392_Andreas_AirflowETL/code/.venv/lib/python3.9/site-packages/airflow/example_dags/example_nested_branch_dag.py
[2026-09-18T12:22:24.676+0700] {processor.py:914} INFO - Processing file /Users/andreasanditya/Downloads/572392_Andreas_AirflowETL/code/.venv/lib/python3.9/site-packages/airflow/example_dags/example_nested_branch_dag.py for tasks to queue
[2026-09-18T12:22:24.676+0700] {logging_mixin.py:190} INFO - [2026-09-18T12:22:24.676+0700] {dagbag.py:588} INFO - Filling up the DagBag from /Users/andreasanditya/Downloads/572392_Andreas_AirflowETL/code/.venv/lib/python3.9/site-packages/airflow/example_dags/example_nested_branch_dag.py
[2026-09-18T12:22:24.725+0700] {processor.py:925} INFO - DAG(s) 'example_nested_branch_dag' retrieved from /Users/andreasanditya/Downloads/572392_Andreas_AirflowETL/code/.venv/lib/python3.9/site-packages/airflow/example_dags/example_nested_branch_dag.py
[2026-09-18T12:22:24.785+0700] {logging_mixin.py:190} INFO - [2026-09-18T12:22:24.784+0700] {dag.py:3239} INFO - Sync 1 DAGs
[2026-09-18T12:22:24.795+0700] {logging_mixin.py:190} INFO - [2026-09-18T12:22:24.795+0700] {dag.py:4180} INFO - Setting next_dagrun for example_nested_branch_dag to 2026-09-17 00:00:00+00:00, run_after=2026-09-18 00:00:00+00:00
[2026-09-18T12:22:24.805+0700] {processor.py:208} INFO - Processing /Users/andreasanditya/Downloads/572392_Andreas_AirflowETL/code/.venv/lib/python3.9/site-packages/airflow/example_dags/example_nested_branch_dag.py took 0.133 seconds
[2026-09-18T12:25:18.021+0700] {processor.py:186} INFO - Started process (PID=56015) to work on /Users/andreasanditya/Downloads/572392_Andreas_AirflowETL/code/.venv/lib/python3.9/site-packages/airflow/example_dags/example_nested_branch_dag.py
[2026-09-18T12:25:18.024+0700] {processor.py:914} INFO - Processing file /Users/andreasanditya/Downloads/572392_Andreas_AirflowETL/code/.venv/lib/python3.9/site-packages/airflow/example_dags/example_nested_branch_dag.py for tasks to queue
[2026-09-18T12:25:18.025+0700] {logging_mixin.py:190} INFO - [2026-09-18T12:25:18.025+0700] {dagbag.py:588} INFO - Filling up the DagBag from /Users/andreasanditya/Downloads/572392_Andreas_AirflowETL/code/.venv/lib/python3.9/site-packages/airflow/example_dags/example_nested_branch_dag.py
[2026-09-18T12:25:18.071+0700] {processor.py:925} INFO - DAG(s) 'example_nested_branch_dag' retrieved from /Users/andreasanditya/Downloads/572392_Andreas_AirflowETL/code/.venv/lib/python3.9/site-packages/airflow/example_dags/example_nested_branch_dag.py
[2026-09-18T12:25:18.129+0700] {logging_mixin.py:190} INFO - [2026-09-18T12:25:18.129+0700] {dag.py:3239} INFO - Sync 1 DAGs
[2026-09-18T12:25:18.140+0700] {logging_mixin.py:190} INFO - [2026-09-18T12:25:18.140+0700] {dag.py:4180} INFO - Setting next_dagrun for example_nested_branch_dag to 2026-09-17 00:00:00+00:00, run_after=2026-09-18 00:00:00+00:00
[2026-09-18T12:25:18.150+0700] {processor.py:208} INFO - Processing /Users/andreasanditya/Downloads/572392_Andreas_AirflowETL/code/.venv/lib/python3.9/site-packages/airflow/example_dags/example_nested_branch_dag.py took 0.132 seconds
[2026-09-18T12:28:11.522+0700] {processor.py:186} INFO - Started process (PID=57861) to work on /Users/andreasanditya/Downloads/572392_Andreas_AirflowETL/code/.venv/lib/python3.9/site-packages/airflow/example_dags/example_nested_branch_dag.py
[2026-09-18T12:28:11.523+0700] {processor.py:914} INFO - Processing file /Users/andreasanditya/Downloads/572392_Andreas_AirflowETL/code/.venv/lib/python3.9/site-packages/airflow/example_dags/example_nested_branch_dag.py for tasks to queue
[2026-09-18T12:28:11.524+0700] {logging_mixin.py:190} INFO - [2026-09-18T12:28:11.524+0700] {dagbag.py:588} INFO - Filling up the DagBag from /Users/andreasanditya/Downloads/572392_Andreas_AirflowETL/code/.venv/lib/python3.9/site-packages/airflow/example_dags/example_nested_branch_dag.py
[2026-09-18T12:28:11.570+0700] {processor.py:925} INFO - DAG(s) 'example_nested_branch_dag' retrieved from /Users/andreasanditya/Downloads/572392_Andreas_AirflowETL/code/.venv/lib/python3.9/site-packages/airflow/example_dags/example_nested_branch_dag.py
[2026-09-18T12:28:11.629+0700] {logging_mixin.py:190} INFO - [2026-09-18T12:28:11.629+0700] {dag.py:3239} INFO - Sync 1 DAGs
[2026-09-18T12:28:11.639+0700] {logging_mixin.py:190} INFO - [2026-09-18T12:28:11.639+0700] {dag.py:4180} INFO - Setting next_dagrun for example_nested_branch_dag to 2026-09-17 00:00:00+00:00, run_after=2026-09-18 00:00:00+00:00
[2026-09-18T12:28:11.649+0700] {processor.py:208} INFO - Processing /Users/andreasanditya/Downloads/572392_Andreas_AirflowETL/code/.venv/lib/python3.9/site-packages/airflow/example_dags/example_nested_branch_dag.py took 0.130 seconds
[2026-09-18T12:30:58.315+0700] {processor.py:186} INFO - Started process (PID=59521) to work on /Users/andreasanditya/Downloads/572392_Andreas_AirflowETL/code/.venv/lib/python3.9/site-packages/airflow/example_dags/example_nested_branch_dag.py
[2026-09-18T12:30:58.316+0700] {processor.py:914} INFO - Processing file /Users/andreasanditya/Downloads/572392_Andreas_AirflowETL/code/.venv/lib/python3.9/site-packages/airflow/example_dags/example_nested_branch_dag.py for tasks to queue
[2026-09-18T12:30:58.317+0700] {logging_mixin.py:190} INFO - [2026-09-18T12:30:58.317+0700] {dagbag.py:588} INFO - Filling up the DagBag from /Users/andreasanditya/Downloads/572392_Andreas_AirflowETL/code/.venv/lib/python3.9/site-packages/airflow/example_dags/example_nested_branch_dag.py
[2026-09-18T12:30:58.363+0700] {processor.py:925} INFO - DAG(s) 'example_nested_branch_dag' retrieved from /Users/andreasanditya/Downloads/572392_Andreas_AirflowETL/code/.venv/lib/python3.9/site-packages/airflow/example_dags/example_nested_branch_dag.py
[2026-09-18T12:30:58.423+0700] {logging_mixin.py:190} INFO - [2026-09-18T12:30:58.423+0700] {dag.py:3239} INFO - Sync 1 DAGs
[2026-09-18T12:30:58.434+0700] {logging_mixin.py:190} INFO - [2026-09-18T12:30:58.434+0700] {dag.py:4180} INFO - Setting next_dagrun for example_nested_branch_dag to 2026-09-17 00:00:00+00:00, run_after=2026-09-18 00:00:00+00:00
[2026-09-18T12:30:58.447+0700] {processor.py:208} INFO - Processing /Users/andreasanditya/Downloads/572392_Andreas_AirflowETL/code/.venv/lib/python3.9/site-packages/airflow/example_dags/example_nested_branch_dag.py took 0.133 seconds
[2026-09-18T12:33:48.860+0700] {processor.py:186} INFO - Started process (PID=61290) to work on /Users/andreasanditya/Downloads/572392_Andreas_AirflowETL/code/.venv/lib/python3.9/site-packages/airflow/example_dags/example_nested_branch_dag.py
[2026-09-18T12:33:48.862+0700] {processor.py:914} INFO - Processing file /Users/andreasanditya/Downloads/572392_Andreas_AirflowETL/code/.venv/lib/python3.9/site-packages/airflow/example_dags/example_nested_branch_dag.py for tasks to queue
[2026-09-18T12:33:48.863+0700] {logging_mixin.py:190} INFO - [2026-09-18T12:33:48.863+0700] {dagbag.py:588} INFO - Filling up the DagBag from /Users/andreasanditya/Downloads/572392_Andreas_AirflowETL/code/.venv/lib/python3.9/site-packages/airflow/example_dags/example_nested_branch_dag.py
[2026-09-18T12:33:48.910+0700] {processor.py:925} INFO - DAG(s) 'example_nested_branch_dag' retrieved from /Users/andreasanditya/Downloads/572392_Andreas_AirflowETL/code/.venv/lib/python3.9/site-packages/airflow/example_dags/example_nested_branch_dag.py
[2026-09-18T12:33:48.969+0700] {logging_mixin.py:190} INFO - [2026-09-18T12:33:48.969+0700] {dag.py:3239} INFO - Sync 1 DAGs
[2026-09-18T12:33:48.980+0700] {logging_mixin.py:190} INFO - [2026-09-18T12:33:48.980+0700] {dag.py:4180} INFO - Setting next_dagrun for example_nested_branch_dag to 2026-09-17 00:00:00+00:00, run_after=2026-09-18 00:00:00+00:00
[2026-09-18T12:33:48.990+0700] {processor.py:208} INFO - Processing /Users/andreasanditya/Downloads/572392_Andreas_AirflowETL/code/.venv/lib/python3.9/site-packages/airflow/example_dags/example_nested_branch_dag.py took 0.132 seconds
[2026-09-18T12:36:38.805+0700] {processor.py:186} INFO - Started process (PID=63038) to work on /Users/andreasanditya/Downloads/572392_Andreas_AirflowETL/code/.venv/lib/python3.9/site-packages/airflow/example_dags/example_nested_branch_dag.py
[2026-09-18T12:36:38.806+0700] {processor.py:914} INFO - Processing file /Users/andreasanditya/Downloads/572392_Andreas_AirflowETL/code/.venv/lib/python3.9/site-packages/airflow/example_dags/example_nested_branch_dag.py for tasks to queue
[2026-09-18T12:36:38.807+0700] {logging_mixin.py:190} INFO - [2026-09-18T12:36:38.807+0700] {dagbag.py:588} INFO - Filling up the DagBag from /Users/andreasanditya/Downloads/572392_Andreas_AirflowETL/code/.venv/lib/python3.9/site-packages/airflow/example_dags/example_nested_branch_dag.py
[2026-09-18T12:36:38.853+0700] {processor.py:925} INFO - DAG(s) 'example_nested_branch_dag' retrieved from /Users/andreasanditya/Downloads/572392_Andreas_AirflowETL/code/.venv/lib/python3.9/site-packages/airflow/example_dags/example_nested_branch_dag.py
[2026-09-18T12:36:38.912+0700] {logging_mixin.py:190} INFO - [2026-09-18T12:36:38.912+0700] {dag.py:3239} INFO - Sync 1 DAGs
[2026-09-18T12:36:38.923+0700] {logging_mixin.py:190} INFO - [2026-09-18T12:36:38.923+0700] {dag.py:4180} INFO - Setting next_dagrun for example_nested_branch_dag to 2026-09-17 00:00:00+00:00, run_after=2026-09-18 00:00:00+00:00
[2026-09-18T12:36:38.933+0700] {processor.py:208} INFO - Processing /Users/andreasanditya/Downloads/572392_Andreas_AirflowETL/code/.venv/lib/python3.9/site-packages/airflow/example_dags/example_nested_branch_dag.py took 0.130 seconds
[2026-09-18T12:39:32.381+0700] {processor.py:186} INFO - Started process (PID=64811) to work on /Users/andreasanditya/Downloads/572392_Andreas_AirflowETL/code/.venv/lib/python3.9/site-packages/airflow/example_dags/example_nested_branch_dag.py
[2026-09-18T12:39:32.382+0700] {processor.py:914} INFO - Processing file /Users/andreasanditya/Downloads/572392_Andreas_AirflowETL/code/.venv/lib/python3.9/site-packages/airflow/example_dags/example_nested_branch_dag.py for tasks to queue
[2026-09-18T12:39:32.383+0700] {logging_mixin.py:190} INFO - [2026-09-18T12:39:32.383+0700] {dagbag.py:588} INFO - Filling up the DagBag from /Users/andreasanditya/Downloads/572392_Andreas_AirflowETL/code/.venv/lib/python3.9/site-packages/airflow/example_dags/example_nested_branch_dag.py
[2026-09-18T12:39:32.430+0700] {processor.py:925} INFO - DAG(s) 'example_nested_branch_dag' retrieved from /Users/andreasanditya/Downloads/572392_Andreas_AirflowETL/code/.venv/lib/python3.9/site-packages/airflow/example_dags/example_nested_branch_dag.py
[2026-09-18T12:39:32.489+0700] {logging_mixin.py:190} INFO - [2026-09-18T12:39:32.489+0700] {dag.py:3239} INFO - Sync 1 DAGs
[2026-09-18T12:39:32.500+0700] {logging_mixin.py:190} INFO - [2026-09-18T12:39:32.500+0700] {dag.py:4180} INFO - Setting next_dagrun for example_nested_branch_dag to 2026-09-17 00:00:00+00:00, run_after=2026-09-18 00:00:00+00:00
[2026-09-18T12:39:32.515+0700] {processor.py:208} INFO - Processing /Users/andreasanditya/Downloads/572392_Andreas_AirflowETL/code/.venv/lib/python3.9/site-packages/airflow/example_dags/example_nested_branch_dag.py took 0.136 seconds
[2026-09-18T12:42:24.746+0700] {processor.py:186} INFO - Started process (PID=66546) to work on /Users/andreasanditya/Downloads/572392_Andreas_AirflowETL/code/.venv/lib/python3.9/site-packages/airflow/example_dags/example_nested_branch_dag.py
[2026-09-18T12:42:24.747+0700] {processor.py:914} INFO - Processing file /Users/andreasanditya/Downloads/572392_Andreas_AirflowETL/code/.venv/lib/python3.9/site-packages/airflow/example_dags/example_nested_branch_dag.py for tasks to queue
[2026-09-18T12:42:24.747+0700] {logging_mixin.py:190} INFO - [2026-09-18T12:42:24.747+0700] {dagbag.py:588} INFO - Filling up the DagBag from /Users/andreasanditya/Downloads/572392_Andreas_AirflowETL/code/.venv/lib/python3.9/site-packages/airflow/example_dags/example_nested_branch_dag.py
[2026-09-18T12:42:24.794+0700] {processor.py:925} INFO - DAG(s) 'example_nested_branch_dag' retrieved from /Users/andreasanditya/Downloads/572392_Andreas_AirflowETL/code/.venv/lib/python3.9/site-packages/airflow/example_dags/example_nested_branch_dag.py
[2026-09-18T12:42:24.853+0700] {logging_mixin.py:190} INFO - [2026-09-18T12:42:24.852+0700] {dag.py:3239} INFO - Sync 1 DAGs
[2026-09-18T12:42:24.863+0700] {logging_mixin.py:190} INFO - [2026-09-18T12:42:24.863+0700] {dag.py:4180} INFO - Setting next_dagrun for example_nested_branch_dag to 2026-09-17 00:00:00+00:00, run_after=2026-09-18 00:00:00+00:00
[2026-09-18T12:42:24.873+0700] {processor.py:208} INFO - Processing /Users/andreasanditya/Downloads/572392_Andreas_AirflowETL/code/.venv/lib/python3.9/site-packages/airflow/example_dags/example_nested_branch_dag.py took 0.130 seconds
[2026-09-18T12:45:18.847+0700] {processor.py:186} INFO - Started process (PID=68312) to work on /Users/andreasanditya/Downloads/572392_Andreas_AirflowETL/code/.venv/lib/python3.9/site-packages/airflow/example_dags/example_nested_branch_dag.py
[2026-09-18T12:45:18.848+0700] {processor.py:914} INFO - Processing file /Users/andreasanditya/Downloads/572392_Andreas_AirflowETL/code/.venv/lib/python3.9/site-packages/airflow/example_dags/example_nested_branch_dag.py for tasks to queue
[2026-09-18T12:45:18.848+0700] {logging_mixin.py:190} INFO - [2026-09-18T12:45:18.848+0700] {dagbag.py:588} INFO - Filling up the DagBag from /Users/andreasanditya/Downloads/572392_Andreas_AirflowETL/code/.venv/lib/python3.9/site-packages/airflow/example_dags/example_nested_branch_dag.py
[2026-09-18T12:45:18.895+0700] {processor.py:925} INFO - DAG(s) 'example_nested_branch_dag' retrieved from /Users/andreasanditya/Downloads/572392_Andreas_AirflowETL/code/.venv/lib/python3.9/site-packages/airflow/example_dags/example_nested_branch_dag.py
[2026-09-18T12:45:18.953+0700] {logging_mixin.py:190} INFO - [2026-09-18T12:45:18.953+0700] {dag.py:3239} INFO - Sync 1 DAGs
[2026-09-18T12:45:18.965+0700] {logging_mixin.py:190} INFO - [2026-09-18T12:45:18.964+0700] {dag.py:4180} INFO - Setting next_dagrun for example_nested_branch_dag to 2026-09-17 00:00:00+00:00, run_after=2026-09-18 00:00:00+00:00
[2026-09-18T12:45:18.974+0700] {processor.py:208} INFO - Processing /Users/andreasanditya/Downloads/572392_Andreas_AirflowETL/code/.venv/lib/python3.9/site-packages/airflow/example_dags/example_nested_branch_dag.py took 0.130 seconds
[2026-09-18T12:48:10.266+0700] {processor.py:186} INFO - Started process (PID=70051) to work on /Users/andreasanditya/Downloads/572392_Andreas_AirflowETL/code/.venv/lib/python3.9/site-packages/airflow/example_dags/example_nested_branch_dag.py
[2026-09-18T12:48:10.267+0700] {processor.py:914} INFO - Processing file /Users/andreasanditya/Downloads/572392_Andreas_AirflowETL/code/.venv/lib/python3.9/site-packages/airflow/example_dags/example_nested_branch_dag.py for tasks to queue
[2026-09-18T12:48:10.268+0700] {logging_mixin.py:190} INFO - [2026-09-18T12:48:10.267+0700] {dagbag.py:588} INFO - Filling up the DagBag from /Users/andreasanditya/Downloads/572392_Andreas_AirflowETL/code/.venv/lib/python3.9/site-packages/airflow/example_dags/example_nested_branch_dag.py
[2026-09-18T12:48:10.313+0700] {processor.py:925} INFO - DAG(s) 'example_nested_branch_dag' retrieved from /Users/andreasanditya/Downloads/572392_Andreas_AirflowETL/code/.venv/lib/python3.9/site-packages/airflow/example_dags/example_nested_branch_dag.py
[2026-09-18T12:48:10.374+0700] {logging_mixin.py:190} INFO - [2026-09-18T12:48:10.373+0700] {dag.py:3239} INFO - Sync 1 DAGs
[2026-09-18T12:48:10.384+0700] {logging_mixin.py:190} INFO - [2026-09-18T12:48:10.384+0700] {dag.py:4180} INFO - Setting next_dagrun for example_nested_branch_dag to 2026-09-17 00:00:00+00:00, run_after=2026-09-18 00:00:00+00:00
[2026-09-18T12:48:10.394+0700] {processor.py:208} INFO - Processing /Users/andreasanditya/Downloads/572392_Andreas_AirflowETL/code/.venv/lib/python3.9/site-packages/airflow/example_dags/example_nested_branch_dag.py took 0.130 seconds
[2026-09-18T12:50:59.494+0700] {processor.py:186} INFO - Started process (PID=71791) to work on /Users/andreasanditya/Downloads/572392_Andreas_AirflowETL/code/.venv/lib/python3.9/site-packages/airflow/example_dags/example_nested_branch_dag.py
[2026-09-18T12:50:59.496+0700] {processor.py:914} INFO - Processing file /Users/andreasanditya/Downloads/572392_Andreas_AirflowETL/code/.venv/lib/python3.9/site-packages/airflow/example_dags/example_nested_branch_dag.py for tasks to queue
[2026-09-18T12:50:59.496+0700] {logging_mixin.py:190} INFO - [2026-09-18T12:50:59.496+0700] {dagbag.py:588} INFO - Filling up the DagBag from /Users/andreasanditya/Downloads/572392_Andreas_AirflowETL/code/.venv/lib/python3.9/site-packages/airflow/example_dags/example_nested_branch_dag.py
[2026-09-18T12:50:59.543+0700] {processor.py:925} INFO - DAG(s) 'example_nested_branch_dag' retrieved from /Users/andreasanditya/Downloads/572392_Andreas_AirflowETL/code/.venv/lib/python3.9/site-packages/airflow/example_dags/example_nested_branch_dag.py
[2026-09-18T12:50:59.601+0700] {logging_mixin.py:190} INFO - [2026-09-18T12:50:59.601+0700] {dag.py:3239} INFO - Sync 1 DAGs
[2026-09-18T12:50:59.611+0700] {logging_mixin.py:190} INFO - [2026-09-18T12:50:59.611+0700] {dag.py:4180} INFO - Setting next_dagrun for example_nested_branch_dag to 2026-09-17 00:00:00+00:00, run_after=2026-09-18 00:00:00+00:00
[2026-09-18T12:50:59.621+0700] {processor.py:208} INFO - Processing /Users/andreasanditya/Downloads/572392_Andreas_AirflowETL/code/.venv/lib/python3.9/site-packages/airflow/example_dags/example_nested_branch_dag.py took 0.129 seconds
[2026-09-18T12:53:51.131+0700] {processor.py:186} INFO - Started process (PID=73545) to work on /Users/andreasanditya/Downloads/572392_Andreas_AirflowETL/code/.venv/lib/python3.9/site-packages/airflow/example_dags/example_nested_branch_dag.py
[2026-09-18T12:53:51.132+0700] {processor.py:914} INFO - Processing file /Users/andreasanditya/Downloads/572392_Andreas_AirflowETL/code/.venv/lib/python3.9/site-packages/airflow/example_dags/example_nested_branch_dag.py for tasks to queue
[2026-09-18T12:53:51.133+0700] {logging_mixin.py:190} INFO - [2026-09-18T12:53:51.132+0700] {dagbag.py:588} INFO - Filling up the DagBag from /Users/andreasanditya/Downloads/572392_Andreas_AirflowETL/code/.venv/lib/python3.9/site-packages/airflow/example_dags/example_nested_branch_dag.py
[2026-09-18T12:53:51.179+0700] {processor.py:925} INFO - DAG(s) 'example_nested_branch_dag' retrieved from /Users/andreasanditya/Downloads/572392_Andreas_AirflowETL/code/.venv/lib/python3.9/site-packages/airflow/example_dags/example_nested_branch_dag.py
[2026-09-18T12:53:51.238+0700] {logging_mixin.py:190} INFO - [2026-09-18T12:53:51.237+0700] {dag.py:3239} INFO - Sync 1 DAGs
[2026-09-18T12:53:51.248+0700] {logging_mixin.py:190} INFO - [2026-09-18T12:53:51.248+0700] {dag.py:4180} INFO - Setting next_dagrun for example_nested_branch_dag to 2026-09-17 00:00:00+00:00, run_after=2026-09-18 00:00:00+00:00
[2026-09-18T12:53:51.258+0700] {processor.py:208} INFO - Processing /Users/andreasanditya/Downloads/572392_Andreas_AirflowETL/code/.venv/lib/python3.9/site-packages/airflow/example_dags/example_nested_branch_dag.py took 0.130 seconds
[2026-09-18T12:56:39.530+0700] {processor.py:186} INFO - Started process (PID=75222) to work on /Users/andreasanditya/Downloads/572392_Andreas_AirflowETL/code/.venv/lib/python3.9/site-packages/airflow/example_dags/example_nested_branch_dag.py
[2026-09-18T12:56:39.531+0700] {processor.py:914} INFO - Processing file /Users/andreasanditya/Downloads/572392_Andreas_AirflowETL/code/.venv/lib/python3.9/site-packages/airflow/example_dags/example_nested_branch_dag.py for tasks to queue
[2026-09-18T12:56:39.532+0700] {logging_mixin.py:190} INFO - [2026-09-18T12:56:39.532+0700] {dagbag.py:588} INFO - Filling up the DagBag from /Users/andreasanditya/Downloads/572392_Andreas_AirflowETL/code/.venv/lib/python3.9/site-packages/airflow/example_dags/example_nested_branch_dag.py
[2026-09-18T12:56:39.578+0700] {processor.py:925} INFO - DAG(s) 'example_nested_branch_dag' retrieved from /Users/andreasanditya/Downloads/572392_Andreas_AirflowETL/code/.venv/lib/python3.9/site-packages/airflow/example_dags/example_nested_branch_dag.py
[2026-09-18T12:56:39.636+0700] {logging_mixin.py:190} INFO - [2026-09-18T12:56:39.636+0700] {dag.py:3239} INFO - Sync 1 DAGs
[2026-09-18T12:56:39.647+0700] {logging_mixin.py:190} INFO - [2026-09-18T12:56:39.647+0700] {dag.py:4180} INFO - Setting next_dagrun for example_nested_branch_dag to 2026-09-17 00:00:00+00:00, run_after=2026-09-18 00:00:00+00:00
[2026-09-18T12:56:39.657+0700] {processor.py:208} INFO - Processing /Users/andreasanditya/Downloads/572392_Andreas_AirflowETL/code/.venv/lib/python3.9/site-packages/airflow/example_dags/example_nested_branch_dag.py took 0.130 seconds
[2026-09-18T12:59:30.339+0700] {processor.py:186} INFO - Started process (PID=77002) to work on /Users/andreasanditya/Downloads/572392_Andreas_AirflowETL/code/.venv/lib/python3.9/site-packages/airflow/example_dags/example_nested_branch_dag.py
[2026-09-18T12:59:30.340+0700] {processor.py:914} INFO - Processing file /Users/andreasanditya/Downloads/572392_Andreas_AirflowETL/code/.venv/lib/python3.9/site-packages/airflow/example_dags/example_nested_branch_dag.py for tasks to queue
[2026-09-18T12:59:30.340+0700] {logging_mixin.py:190} INFO - [2026-09-18T12:59:30.340+0700] {dagbag.py:588} INFO - Filling up the DagBag from /Users/andreasanditya/Downloads/572392_Andreas_AirflowETL/code/.venv/lib/python3.9/site-packages/airflow/example_dags/example_nested_branch_dag.py
[2026-09-18T12:59:30.388+0700] {processor.py:925} INFO - DAG(s) 'example_nested_branch_dag' retrieved from /Users/andreasanditya/Downloads/572392_Andreas_AirflowETL/code/.venv/lib/python3.9/site-packages/airflow/example_dags/example_nested_branch_dag.py
[2026-09-18T12:59:30.448+0700] {logging_mixin.py:190} INFO - [2026-09-18T12:59:30.448+0700] {dag.py:3239} INFO - Sync 1 DAGs
[2026-09-18T12:59:30.459+0700] {logging_mixin.py:190} INFO - [2026-09-18T12:59:30.459+0700] {dag.py:4180} INFO - Setting next_dagrun for example_nested_branch_dag to 2026-09-17 00:00:00+00:00, run_after=2026-09-18 00:00:00+00:00
[2026-09-18T12:59:30.469+0700] {processor.py:208} INFO - Processing /Users/andreasanditya/Downloads/572392_Andreas_AirflowETL/code/.venv/lib/python3.9/site-packages/airflow/example_dags/example_nested_branch_dag.py took 0.132 seconds
[2026-09-18T13:02:23.287+0700] {processor.py:186} INFO - Started process (PID=78740) to work on /Users/andreasanditya/Downloads/572392_Andreas_AirflowETL/code/.venv/lib/python3.9/site-packages/airflow/example_dags/example_nested_branch_dag.py
[2026-09-18T13:02:23.288+0700] {processor.py:914} INFO - Processing file /Users/andreasanditya/Downloads/572392_Andreas_AirflowETL/code/.venv/lib/python3.9/site-packages/airflow/example_dags/example_nested_branch_dag.py for tasks to queue
[2026-09-18T13:02:23.289+0700] {logging_mixin.py:190} INFO - [2026-09-18T13:02:23.289+0700] {dagbag.py:588} INFO - Filling up the DagBag from /Users/andreasanditya/Downloads/572392_Andreas_AirflowETL/code/.venv/lib/python3.9/site-packages/airflow/example_dags/example_nested_branch_dag.py
[2026-09-18T13:02:23.341+0700] {processor.py:925} INFO - DAG(s) 'example_nested_branch_dag' retrieved from /Users/andreasanditya/Downloads/572392_Andreas_AirflowETL/code/.venv/lib/python3.9/site-packages/airflow/example_dags/example_nested_branch_dag.py
[2026-09-18T13:02:23.400+0700] {logging_mixin.py:190} INFO - [2026-09-18T13:02:23.400+0700] {dag.py:3239} INFO - Sync 1 DAGs
[2026-09-18T13:02:23.411+0700] {logging_mixin.py:190} INFO - [2026-09-18T13:02:23.411+0700] {dag.py:4180} INFO - Setting next_dagrun for example_nested_branch_dag to 2026-09-17 00:00:00+00:00, run_after=2026-09-18 00:00:00+00:00
[2026-09-18T13:02:23.422+0700] {processor.py:208} INFO - Processing /Users/andreasanditya/Downloads/572392_Andreas_AirflowETL/code/.venv/lib/python3.9/site-packages/airflow/example_dags/example_nested_branch_dag.py took 0.137 seconds
[2026-09-18T13:05:15.679+0700] {processor.py:186} INFO - Started process (PID=80531) to work on /Users/andreasanditya/Downloads/572392_Andreas_AirflowETL/code/.venv/lib/python3.9/site-packages/airflow/example_dags/example_nested_branch_dag.py
[2026-09-18T13:05:15.680+0700] {processor.py:914} INFO - Processing file /Users/andreasanditya/Downloads/572392_Andreas_AirflowETL/code/.venv/lib/python3.9/site-packages/airflow/example_dags/example_nested_branch_dag.py for tasks to queue
[2026-09-18T13:05:15.681+0700] {logging_mixin.py:190} INFO - [2026-09-18T13:05:15.681+0700] {dagbag.py:588} INFO - Filling up the DagBag from /Users/andreasanditya/Downloads/572392_Andreas_AirflowETL/code/.venv/lib/python3.9/site-packages/airflow/example_dags/example_nested_branch_dag.py
[2026-09-18T13:05:15.726+0700] {processor.py:925} INFO - DAG(s) 'example_nested_branch_dag' retrieved from /Users/andreasanditya/Downloads/572392_Andreas_AirflowETL/code/.venv/lib/python3.9/site-packages/airflow/example_dags/example_nested_branch_dag.py
[2026-09-18T13:05:15.785+0700] {logging_mixin.py:190} INFO - [2026-09-18T13:05:15.785+0700] {dag.py:3239} INFO - Sync 1 DAGs
[2026-09-18T13:05:15.796+0700] {logging_mixin.py:190} INFO - [2026-09-18T13:05:15.796+0700] {dag.py:4180} INFO - Setting next_dagrun for example_nested_branch_dag to 2026-09-17 00:00:00+00:00, run_after=2026-09-18 00:00:00+00:00
[2026-09-18T13:05:15.806+0700] {processor.py:208} INFO - Processing /Users/andreasanditya/Downloads/572392_Andreas_AirflowETL/code/.venv/lib/python3.9/site-packages/airflow/example_dags/example_nested_branch_dag.py took 0.129 seconds
[2026-09-18T13:08:02.130+0700] {processor.py:186} INFO - Started process (PID=82284) to work on /Users/andreasanditya/Downloads/572392_Andreas_AirflowETL/code/.venv/lib/python3.9/site-packages/airflow/example_dags/example_nested_branch_dag.py
[2026-09-18T13:08:02.131+0700] {processor.py:914} INFO - Processing file /Users/andreasanditya/Downloads/572392_Andreas_AirflowETL/code/.venv/lib/python3.9/site-packages/airflow/example_dags/example_nested_branch_dag.py for tasks to queue
[2026-09-18T13:08:02.132+0700] {logging_mixin.py:190} INFO - [2026-09-18T13:08:02.132+0700] {dagbag.py:588} INFO - Filling up the DagBag from /Users/andreasanditya/Downloads/572392_Andreas_AirflowETL/code/.venv/lib/python3.9/site-packages/airflow/example_dags/example_nested_branch_dag.py
[2026-09-18T13:08:02.178+0700] {processor.py:925} INFO - DAG(s) 'example_nested_branch_dag' retrieved from /Users/andreasanditya/Downloads/572392_Andreas_AirflowETL/code/.venv/lib/python3.9/site-packages/airflow/example_dags/example_nested_branch_dag.py
[2026-09-18T13:08:02.237+0700] {logging_mixin.py:190} INFO - [2026-09-18T13:08:02.237+0700] {dag.py:3239} INFO - Sync 1 DAGs
[2026-09-18T13:08:02.248+0700] {logging_mixin.py:190} INFO - [2026-09-18T13:08:02.248+0700] {dag.py:4180} INFO - Setting next_dagrun for example_nested_branch_dag to 2026-09-17 00:00:00+00:00, run_after=2026-09-18 00:00:00+00:00
[2026-09-18T13:08:02.258+0700] {processor.py:208} INFO - Processing /Users/andreasanditya/Downloads/572392_Andreas_AirflowETL/code/.venv/lib/python3.9/site-packages/airflow/example_dags/example_nested_branch_dag.py took 0.130 seconds
[2026-09-18T13:10:55.907+0700] {processor.py:186} INFO - Started process (PID=84025) to work on /Users/andreasanditya/Downloads/572392_Andreas_AirflowETL/code/.venv/lib/python3.9/site-packages/airflow/example_dags/example_nested_branch_dag.py
[2026-09-18T13:10:55.908+0700] {processor.py:914} INFO - Processing file /Users/andreasanditya/Downloads/572392_Andreas_AirflowETL/code/.venv/lib/python3.9/site-packages/airflow/example_dags/example_nested_branch_dag.py for tasks to queue
[2026-09-18T13:10:55.909+0700] {logging_mixin.py:190} INFO - [2026-09-18T13:10:55.909+0700] {dagbag.py:588} INFO - Filling up the DagBag from /Users/andreasanditya/Downloads/572392_Andreas_AirflowETL/code/.venv/lib/python3.9/site-packages/airflow/example_dags/example_nested_branch_dag.py
[2026-09-18T13:10:55.955+0700] {processor.py:925} INFO - DAG(s) 'example_nested_branch_dag' retrieved from /Users/andreasanditya/Downloads/572392_Andreas_AirflowETL/code/.venv/lib/python3.9/site-packages/airflow/example_dags/example_nested_branch_dag.py
[2026-09-18T13:10:56.013+0700] {logging_mixin.py:190} INFO - [2026-09-18T13:10:56.013+0700] {dag.py:3239} INFO - Sync 1 DAGs
[2026-09-18T13:10:56.024+0700] {logging_mixin.py:190} INFO - [2026-09-18T13:10:56.024+0700] {dag.py:4180} INFO - Setting next_dagrun for example_nested_branch_dag to 2026-09-17 00:00:00+00:00, run_after=2026-09-18 00:00:00+00:00
[2026-09-18T13:10:56.034+0700] {processor.py:208} INFO - Processing /Users/andreasanditya/Downloads/572392_Andreas_AirflowETL/code/.venv/lib/python3.9/site-packages/airflow/example_dags/example_nested_branch_dag.py took 0.129 seconds
[2026-09-18T13:13:48.272+0700] {processor.py:186} INFO - Started process (PID=85785) to work on /Users/andreasanditya/Downloads/572392_Andreas_AirflowETL/code/.venv/lib/python3.9/site-packages/airflow/example_dags/example_nested_branch_dag.py
[2026-09-18T13:13:48.273+0700] {processor.py:914} INFO - Processing file /Users/andreasanditya/Downloads/572392_Andreas_AirflowETL/code/.venv/lib/python3.9/site-packages/airflow/example_dags/example_nested_branch_dag.py for tasks to queue
[2026-09-18T13:13:48.274+0700] {logging_mixin.py:190} INFO - [2026-09-18T13:13:48.274+0700] {dagbag.py:588} INFO - Filling up the DagBag from /Users/andreasanditya/Downloads/572392_Andreas_AirflowETL/code/.venv/lib/python3.9/site-packages/airflow/example_dags/example_nested_branch_dag.py
[2026-09-18T13:13:48.320+0700] {processor.py:925} INFO - DAG(s) 'example_nested_branch_dag' retrieved from /Users/andreasanditya/Downloads/572392_Andreas_AirflowETL/code/.venv/lib/python3.9/site-packages/airflow/example_dags/example_nested_branch_dag.py
[2026-09-18T13:13:48.379+0700] {logging_mixin.py:190} INFO - [2026-09-18T13:13:48.379+0700] {dag.py:3239} INFO - Sync 1 DAGs
[2026-09-18T13:13:48.390+0700] {logging_mixin.py:190} INFO - [2026-09-18T13:13:48.390+0700] {dag.py:4180} INFO - Setting next_dagrun for example_nested_branch_dag to 2026-09-17 00:00:00+00:00, run_after=2026-09-18 00:00:00+00:00
[2026-09-18T13:13:48.400+0700] {processor.py:208} INFO - Processing /Users/andreasanditya/Downloads/572392_Andreas_AirflowETL/code/.venv/lib/python3.9/site-packages/airflow/example_dags/example_nested_branch_dag.py took 0.130 seconds
[2026-09-18T13:16:41.047+0700] {processor.py:186} INFO - Started process (PID=87521) to work on /Users/andreasanditya/Downloads/572392_Andreas_AirflowETL/code/.venv/lib/python3.9/site-packages/airflow/example_dags/example_nested_branch_dag.py
[2026-09-18T13:16:41.048+0700] {processor.py:914} INFO - Processing file /Users/andreasanditya/Downloads/572392_Andreas_AirflowETL/code/.venv/lib/python3.9/site-packages/airflow/example_dags/example_nested_branch_dag.py for tasks to queue
[2026-09-18T13:16:41.049+0700] {logging_mixin.py:190} INFO - [2026-09-18T13:16:41.049+0700] {dagbag.py:588} INFO - Filling up the DagBag from /Users/andreasanditya/Downloads/572392_Andreas_AirflowETL/code/.venv/lib/python3.9/site-packages/airflow/example_dags/example_nested_branch_dag.py
[2026-09-18T13:16:41.094+0700] {processor.py:925} INFO - DAG(s) 'example_nested_branch_dag' retrieved from /Users/andreasanditya/Downloads/572392_Andreas_AirflowETL/code/.venv/lib/python3.9/site-packages/airflow/example_dags/example_nested_branch_dag.py
[2026-09-18T13:16:41.153+0700] {logging_mixin.py:190} INFO - [2026-09-18T13:16:41.153+0700] {dag.py:3239} INFO - Sync 1 DAGs
[2026-09-18T13:16:41.163+0700] {logging_mixin.py:190} INFO - [2026-09-18T13:16:41.163+0700] {dag.py:4180} INFO - Setting next_dagrun for example_nested_branch_dag to 2026-09-17 00:00:00+00:00, run_after=2026-09-18 00:00:00+00:00
[2026-09-18T13:16:41.173+0700] {processor.py:208} INFO - Processing /Users/andreasanditya/Downloads/572392_Andreas_AirflowETL/code/.venv/lib/python3.9/site-packages/airflow/example_dags/example_nested_branch_dag.py took 0.128 seconds
[2026-09-18T13:19:30.444+0700] {processor.py:186} INFO - Started process (PID=89268) to work on /Users/andreasanditya/Downloads/572392_Andreas_AirflowETL/code/.venv/lib/python3.9/site-packages/airflow/example_dags/example_nested_branch_dag.py
[2026-09-18T13:19:30.445+0700] {processor.py:914} INFO - Processing file /Users/andreasanditya/Downloads/572392_Andreas_AirflowETL/code/.venv/lib/python3.9/site-packages/airflow/example_dags/example_nested_branch_dag.py for tasks to queue
[2026-09-18T13:19:30.446+0700] {logging_mixin.py:190} INFO - [2026-09-18T13:19:30.446+0700] {dagbag.py:588} INFO - Filling up the DagBag from /Users/andreasanditya/Downloads/572392_Andreas_AirflowETL/code/.venv/lib/python3.9/site-packages/airflow/example_dags/example_nested_branch_dag.py
[2026-09-18T13:19:30.493+0700] {processor.py:925} INFO - DAG(s) 'example_nested_branch_dag' retrieved from /Users/andreasanditya/Downloads/572392_Andreas_AirflowETL/code/.venv/lib/python3.9/site-packages/airflow/example_dags/example_nested_branch_dag.py
[2026-09-18T13:19:30.551+0700] {logging_mixin.py:190} INFO - [2026-09-18T13:19:30.551+0700] {dag.py:3239} INFO - Sync 1 DAGs
[2026-09-18T13:19:30.562+0700] {logging_mixin.py:190} INFO - [2026-09-18T13:19:30.562+0700] {dag.py:4180} INFO - Setting next_dagrun for example_nested_branch_dag to 2026-09-17 00:00:00+00:00, run_after=2026-09-18 00:00:00+00:00
[2026-09-18T13:19:30.572+0700] {processor.py:208} INFO - Processing /Users/andreasanditya/Downloads/572392_Andreas_AirflowETL/code/.venv/lib/python3.9/site-packages/airflow/example_dags/example_nested_branch_dag.py took 0.130 seconds
[2026-09-18T13:22:19.084+0700] {processor.py:186} INFO - Started process (PID=91002) to work on /Users/andreasanditya/Downloads/572392_Andreas_AirflowETL/code/.venv/lib/python3.9/site-packages/airflow/example_dags/example_nested_branch_dag.py
[2026-09-18T13:22:19.086+0700] {processor.py:914} INFO - Processing file /Users/andreasanditya/Downloads/572392_Andreas_AirflowETL/code/.venv/lib/python3.9/site-packages/airflow/example_dags/example_nested_branch_dag.py for tasks to queue
[2026-09-18T13:22:19.086+0700] {logging_mixin.py:190} INFO - [2026-09-18T13:22:19.086+0700] {dagbag.py:588} INFO - Filling up the DagBag from /Users/andreasanditya/Downloads/572392_Andreas_AirflowETL/code/.venv/lib/python3.9/site-packages/airflow/example_dags/example_nested_branch_dag.py
[2026-09-18T13:22:19.133+0700] {processor.py:925} INFO - DAG(s) 'example_nested_branch_dag' retrieved from /Users/andreasanditya/Downloads/572392_Andreas_AirflowETL/code/.venv/lib/python3.9/site-packages/airflow/example_dags/example_nested_branch_dag.py
[2026-09-18T13:22:19.191+0700] {logging_mixin.py:190} INFO - [2026-09-18T13:22:19.191+0700] {dag.py:3239} INFO - Sync 1 DAGs
[2026-09-18T13:22:19.201+0700] {logging_mixin.py:190} INFO - [2026-09-18T13:22:19.201+0700] {dag.py:4180} INFO - Setting next_dagrun for example_nested_branch_dag to 2026-09-17 00:00:00+00:00, run_after=2026-09-18 00:00:00+00:00
[2026-09-18T13:22:19.211+0700] {processor.py:208} INFO - Processing /Users/andreasanditya/Downloads/572392_Andreas_AirflowETL/code/.venv/lib/python3.9/site-packages/airflow/example_dags/example_nested_branch_dag.py took 0.129 seconds
[2026-09-18T13:25:08.193+0700] {processor.py:186} INFO - Started process (PID=92728) to work on /Users/andreasanditya/Downloads/572392_Andreas_AirflowETL/code/.venv/lib/python3.9/site-packages/airflow/example_dags/example_nested_branch_dag.py
[2026-09-18T13:25:08.193+0700] {processor.py:914} INFO - Processing file /Users/andreasanditya/Downloads/572392_Andreas_AirflowETL/code/.venv/lib/python3.9/site-packages/airflow/example_dags/example_nested_branch_dag.py for tasks to queue
[2026-09-18T13:25:08.194+0700] {logging_mixin.py:190} INFO - [2026-09-18T13:25:08.194+0700] {dagbag.py:588} INFO - Filling up the DagBag from /Users/andreasanditya/Downloads/572392_Andreas_AirflowETL/code/.venv/lib/python3.9/site-packages/airflow/example_dags/example_nested_branch_dag.py
[2026-09-18T13:25:08.241+0700] {processor.py:925} INFO - DAG(s) 'example_nested_branch_dag' retrieved from /Users/andreasanditya/Downloads/572392_Andreas_AirflowETL/code/.venv/lib/python3.9/site-packages/airflow/example_dags/example_nested_branch_dag.py
[2026-09-18T13:25:08.299+0700] {logging_mixin.py:190} INFO - [2026-09-18T13:25:08.299+0700] {dag.py:3239} INFO - Sync 1 DAGs
[2026-09-18T13:25:08.310+0700] {logging_mixin.py:190} INFO - [2026-09-18T13:25:08.310+0700] {dag.py:4180} INFO - Setting next_dagrun for example_nested_branch_dag to 2026-09-17 00:00:00+00:00, run_after=2026-09-18 00:00:00+00:00
[2026-09-18T13:25:08.320+0700] {processor.py:208} INFO - Processing /Users/andreasanditya/Downloads/572392_Andreas_AirflowETL/code/.venv/lib/python3.9/site-packages/airflow/example_dags/example_nested_branch_dag.py took 0.129 seconds
[2026-09-18T13:28:07.344+0700] {processor.py:186} INFO - Started process (PID=94771) to work on /Users/andreasanditya/Downloads/572392_Andreas_AirflowETL/code/.venv/lib/python3.9/site-packages/airflow/example_dags/example_nested_branch_dag.py
[2026-09-18T13:28:07.346+0700] {processor.py:914} INFO - Processing file /Users/andreasanditya/Downloads/572392_Andreas_AirflowETL/code/.venv/lib/python3.9/site-packages/airflow/example_dags/example_nested_branch_dag.py for tasks to queue
[2026-09-18T13:28:07.347+0700] {logging_mixin.py:190} INFO - [2026-09-18T13:28:07.347+0700] {dagbag.py:588} INFO - Filling up the DagBag from /Users/andreasanditya/Downloads/572392_Andreas_AirflowETL/code/.venv/lib/python3.9/site-packages/airflow/example_dags/example_nested_branch_dag.py
[2026-09-18T13:28:07.394+0700] {processor.py:925} INFO - DAG(s) 'example_nested_branch_dag' retrieved from /Users/andreasanditya/Downloads/572392_Andreas_AirflowETL/code/.venv/lib/python3.9/site-packages/airflow/example_dags/example_nested_branch_dag.py
[2026-09-18T13:28:07.452+0700] {logging_mixin.py:190} INFO - [2026-09-18T13:28:07.452+0700] {dag.py:3239} INFO - Sync 1 DAGs
[2026-09-18T13:28:07.464+0700] {logging_mixin.py:190} INFO - [2026-09-18T13:28:07.463+0700] {dag.py:4180} INFO - Setting next_dagrun for example_nested_branch_dag to 2026-09-17 00:00:00+00:00, run_after=2026-09-18 00:00:00+00:00
[2026-09-18T13:28:07.475+0700] {processor.py:208} INFO - Processing /Users/andreasanditya/Downloads/572392_Andreas_AirflowETL/code/.venv/lib/python3.9/site-packages/airflow/example_dags/example_nested_branch_dag.py took 0.132 seconds
[2026-09-18T13:31:06.969+0700] {processor.py:186} INFO - Started process (PID=96806) to work on /Users/andreasanditya/Downloads/572392_Andreas_AirflowETL/code/.venv/lib/python3.9/site-packages/airflow/example_dags/example_nested_branch_dag.py
[2026-09-18T13:31:06.970+0700] {processor.py:914} INFO - Processing file /Users/andreasanditya/Downloads/572392_Andreas_AirflowETL/code/.venv/lib/python3.9/site-packages/airflow/example_dags/example_nested_branch_dag.py for tasks to queue
[2026-09-18T13:31:06.970+0700] {logging_mixin.py:190} INFO - [2026-09-18T13:31:06.970+0700] {dagbag.py:588} INFO - Filling up the DagBag from /Users/andreasanditya/Downloads/572392_Andreas_AirflowETL/code/.venv/lib/python3.9/site-packages/airflow/example_dags/example_nested_branch_dag.py
[2026-09-18T13:31:07.027+0700] {processor.py:925} INFO - DAG(s) 'example_nested_branch_dag' retrieved from /Users/andreasanditya/Downloads/572392_Andreas_AirflowETL/code/.venv/lib/python3.9/site-packages/airflow/example_dags/example_nested_branch_dag.py
[2026-09-18T13:31:07.090+0700] {logging_mixin.py:190} INFO - [2026-09-18T13:31:07.090+0700] {dag.py:3239} INFO - Sync 1 DAGs
[2026-09-18T13:31:07.101+0700] {logging_mixin.py:190} INFO - [2026-09-18T13:31:07.101+0700] {dag.py:4180} INFO - Setting next_dagrun for example_nested_branch_dag to 2026-09-17 00:00:00+00:00, run_after=2026-09-18 00:00:00+00:00
[2026-09-18T13:31:07.112+0700] {processor.py:208} INFO - Processing /Users/andreasanditya/Downloads/572392_Andreas_AirflowETL/code/.venv/lib/python3.9/site-packages/airflow/example_dags/example_nested_branch_dag.py took 0.145 seconds
[2026-09-18T13:34:00.949+0700] {processor.py:186} INFO - Started process (PID=98633) to work on /Users/andreasanditya/Downloads/572392_Andreas_AirflowETL/code/.venv/lib/python3.9/site-packages/airflow/example_dags/example_nested_branch_dag.py
[2026-09-18T13:34:00.950+0700] {processor.py:914} INFO - Processing file /Users/andreasanditya/Downloads/572392_Andreas_AirflowETL/code/.venv/lib/python3.9/site-packages/airflow/example_dags/example_nested_branch_dag.py for tasks to queue
[2026-09-18T13:34:00.951+0700] {logging_mixin.py:190} INFO - [2026-09-18T13:34:00.951+0700] {dagbag.py:588} INFO - Filling up the DagBag from /Users/andreasanditya/Downloads/572392_Andreas_AirflowETL/code/.venv/lib/python3.9/site-packages/airflow/example_dags/example_nested_branch_dag.py
[2026-09-18T13:34:01.017+0700] {processor.py:925} INFO - DAG(s) 'example_nested_branch_dag' retrieved from /Users/andreasanditya/Downloads/572392_Andreas_AirflowETL/code/.venv/lib/python3.9/site-packages/airflow/example_dags/example_nested_branch_dag.py
[2026-09-18T13:34:01.080+0700] {logging_mixin.py:190} INFO - [2026-09-18T13:34:01.080+0700] {dag.py:3239} INFO - Sync 1 DAGs
[2026-09-18T13:34:01.091+0700] {logging_mixin.py:190} INFO - [2026-09-18T13:34:01.091+0700] {dag.py:4180} INFO - Setting next_dagrun for example_nested_branch_dag to 2026-09-17 00:00:00+00:00, run_after=2026-09-18 00:00:00+00:00
[2026-09-18T13:34:01.102+0700] {processor.py:208} INFO - Processing /Users/andreasanditya/Downloads/572392_Andreas_AirflowETL/code/.venv/lib/python3.9/site-packages/airflow/example_dags/example_nested_branch_dag.py took 0.155 seconds
[2026-09-18T13:36:56.393+0700] {processor.py:186} INFO - Started process (PID=576) to work on /Users/andreasanditya/Downloads/572392_Andreas_AirflowETL/code/.venv/lib/python3.9/site-packages/airflow/example_dags/example_nested_branch_dag.py
[2026-09-18T13:36:56.394+0700] {processor.py:914} INFO - Processing file /Users/andreasanditya/Downloads/572392_Andreas_AirflowETL/code/.venv/lib/python3.9/site-packages/airflow/example_dags/example_nested_branch_dag.py for tasks to queue
[2026-09-18T13:36:56.395+0700] {logging_mixin.py:190} INFO - [2026-09-18T13:36:56.394+0700] {dagbag.py:588} INFO - Filling up the DagBag from /Users/andreasanditya/Downloads/572392_Andreas_AirflowETL/code/.venv/lib/python3.9/site-packages/airflow/example_dags/example_nested_branch_dag.py
[2026-09-18T13:36:56.442+0700] {processor.py:925} INFO - DAG(s) 'example_nested_branch_dag' retrieved from /Users/andreasanditya/Downloads/572392_Andreas_AirflowETL/code/.venv/lib/python3.9/site-packages/airflow/example_dags/example_nested_branch_dag.py
[2026-09-18T13:36:56.502+0700] {logging_mixin.py:190} INFO - [2026-09-18T13:36:56.501+0700] {dag.py:3239} INFO - Sync 1 DAGs
[2026-09-18T13:36:56.513+0700] {logging_mixin.py:190} INFO - [2026-09-18T13:36:56.513+0700] {dag.py:4180} INFO - Setting next_dagrun for example_nested_branch_dag to 2026-09-17 00:00:00+00:00, run_after=2026-09-18 00:00:00+00:00
[2026-09-18T13:36:56.524+0700] {processor.py:208} INFO - Processing /Users/andreasanditya/Downloads/572392_Andreas_AirflowETL/code/.venv/lib/python3.9/site-packages/airflow/example_dags/example_nested_branch_dag.py took 0.133 seconds
[2026-09-18T13:39:50.781+0700] {processor.py:186} INFO - Started process (PID=3143) to work on /Users/andreasanditya/Downloads/572392_Andreas_AirflowETL/code/.venv/lib/python3.9/site-packages/airflow/example_dags/example_nested_branch_dag.py
[2026-09-18T13:39:50.782+0700] {processor.py:914} INFO - Processing file /Users/andreasanditya/Downloads/572392_Andreas_AirflowETL/code/.venv/lib/python3.9/site-packages/airflow/example_dags/example_nested_branch_dag.py for tasks to queue
[2026-09-18T13:39:50.783+0700] {logging_mixin.py:190} INFO - [2026-09-18T13:39:50.783+0700] {dagbag.py:588} INFO - Filling up the DagBag from /Users/andreasanditya/Downloads/572392_Andreas_AirflowETL/code/.venv/lib/python3.9/site-packages/airflow/example_dags/example_nested_branch_dag.py
[2026-09-18T13:39:50.829+0700] {processor.py:925} INFO - DAG(s) 'example_nested_branch_dag' retrieved from /Users/andreasanditya/Downloads/572392_Andreas_AirflowETL/code/.venv/lib/python3.9/site-packages/airflow/example_dags/example_nested_branch_dag.py
[2026-09-18T13:39:50.889+0700] {logging_mixin.py:190} INFO - [2026-09-18T13:39:50.889+0700] {dag.py:3239} INFO - Sync 1 DAGs
[2026-09-18T13:39:50.899+0700] {logging_mixin.py:190} INFO - [2026-09-18T13:39:50.899+0700] {dag.py:4180} INFO - Setting next_dagrun for example_nested_branch_dag to 2026-09-17 00:00:00+00:00, run_after=2026-09-18 00:00:00+00:00
[2026-09-18T13:39:50.912+0700] {processor.py:208} INFO - Processing /Users/andreasanditya/Downloads/572392_Andreas_AirflowETL/code/.venv/lib/python3.9/site-packages/airflow/example_dags/example_nested_branch_dag.py took 0.133 seconds
[2026-09-18T13:42:44.684+0700] {processor.py:186} INFO - Started process (PID=5148) to work on /Users/andreasanditya/Downloads/572392_Andreas_AirflowETL/code/.venv/lib/python3.9/site-packages/airflow/example_dags/example_nested_branch_dag.py
[2026-09-18T13:42:44.685+0700] {processor.py:914} INFO - Processing file /Users/andreasanditya/Downloads/572392_Andreas_AirflowETL/code/.venv/lib/python3.9/site-packages/airflow/example_dags/example_nested_branch_dag.py for tasks to queue
[2026-09-18T13:42:44.686+0700] {logging_mixin.py:190} INFO - [2026-09-18T13:42:44.686+0700] {dagbag.py:588} INFO - Filling up the DagBag from /Users/andreasanditya/Downloads/572392_Andreas_AirflowETL/code/.venv/lib/python3.9/site-packages/airflow/example_dags/example_nested_branch_dag.py
[2026-09-18T13:42:44.734+0700] {processor.py:925} INFO - DAG(s) 'example_nested_branch_dag' retrieved from /Users/andreasanditya/Downloads/572392_Andreas_AirflowETL/code/.venv/lib/python3.9/site-packages/airflow/example_dags/example_nested_branch_dag.py
[2026-09-18T13:42:44.793+0700] {logging_mixin.py:190} INFO - [2026-09-18T13:42:44.793+0700] {dag.py:3239} INFO - Sync 1 DAGs
[2026-09-18T13:42:44.805+0700] {logging_mixin.py:190} INFO - [2026-09-18T13:42:44.804+0700] {dag.py:4180} INFO - Setting next_dagrun for example_nested_branch_dag to 2026-09-17 00:00:00+00:00, run_after=2026-09-18 00:00:00+00:00
[2026-09-18T13:42:44.815+0700] {processor.py:208} INFO - Processing /Users/andreasanditya/Downloads/572392_Andreas_AirflowETL/code/.venv/lib/python3.9/site-packages/airflow/example_dags/example_nested_branch_dag.py took 0.133 seconds
[2026-09-18T13:45:45.991+0700] {processor.py:186} INFO - Started process (PID=7012) to work on /Users/andreasanditya/Downloads/572392_Andreas_AirflowETL/code/.venv/lib/python3.9/site-packages/airflow/example_dags/example_nested_branch_dag.py
[2026-09-18T13:45:45.992+0700] {processor.py:914} INFO - Processing file /Users/andreasanditya/Downloads/572392_Andreas_AirflowETL/code/.venv/lib/python3.9/site-packages/airflow/example_dags/example_nested_branch_dag.py for tasks to queue
[2026-09-18T13:45:45.992+0700] {logging_mixin.py:190} INFO - [2026-09-18T13:45:45.992+0700] {dagbag.py:588} INFO - Filling up the DagBag from /Users/andreasanditya/Downloads/572392_Andreas_AirflowETL/code/.venv/lib/python3.9/site-packages/airflow/example_dags/example_nested_branch_dag.py
[2026-09-18T13:45:46.043+0700] {processor.py:925} INFO - DAG(s) 'example_nested_branch_dag' retrieved from /Users/andreasanditya/Downloads/572392_Andreas_AirflowETL/code/.venv/lib/python3.9/site-packages/airflow/example_dags/example_nested_branch_dag.py
[2026-09-18T13:45:46.106+0700] {logging_mixin.py:190} INFO - [2026-09-18T13:45:46.106+0700] {dag.py:3239} INFO - Sync 1 DAGs
[2026-09-18T13:45:46.118+0700] {logging_mixin.py:190} INFO - [2026-09-18T13:45:46.118+0700] {dag.py:4180} INFO - Setting next_dagrun for example_nested_branch_dag to 2026-09-17 00:00:00+00:00, run_after=2026-09-18 00:00:00+00:00
[2026-09-18T13:45:46.129+0700] {processor.py:208} INFO - Processing /Users/andreasanditya/Downloads/572392_Andreas_AirflowETL/code/.venv/lib/python3.9/site-packages/airflow/example_dags/example_nested_branch_dag.py took 0.141 seconds
[2026-09-18T13:48:40.273+0700] {processor.py:186} INFO - Started process (PID=8807) to work on /Users/andreasanditya/Downloads/572392_Andreas_AirflowETL/code/.venv/lib/python3.9/site-packages/airflow/example_dags/example_nested_branch_dag.py
[2026-09-18T13:48:40.274+0700] {processor.py:914} INFO - Processing file /Users/andreasanditya/Downloads/572392_Andreas_AirflowETL/code/.venv/lib/python3.9/site-packages/airflow/example_dags/example_nested_branch_dag.py for tasks to queue
[2026-09-18T13:48:40.274+0700] {logging_mixin.py:190} INFO - [2026-09-18T13:48:40.274+0700] {dagbag.py:588} INFO - Filling up the DagBag from /Users/andreasanditya/Downloads/572392_Andreas_AirflowETL/code/.venv/lib/python3.9/site-packages/airflow/example_dags/example_nested_branch_dag.py
[2026-09-18T13:48:40.324+0700] {processor.py:925} INFO - DAG(s) 'example_nested_branch_dag' retrieved from /Users/andreasanditya/Downloads/572392_Andreas_AirflowETL/code/.venv/lib/python3.9/site-packages/airflow/example_dags/example_nested_branch_dag.py
[2026-09-18T13:48:40.384+0700] {logging_mixin.py:190} INFO - [2026-09-18T13:48:40.384+0700] {dag.py:3239} INFO - Sync 1 DAGs
[2026-09-18T13:48:40.395+0700] {logging_mixin.py:190} INFO - [2026-09-18T13:48:40.395+0700] {dag.py:4180} INFO - Setting next_dagrun for example_nested_branch_dag to 2026-09-17 00:00:00+00:00, run_after=2026-09-18 00:00:00+00:00
[2026-09-18T13:48:40.405+0700] {processor.py:208} INFO - Processing /Users/andreasanditya/Downloads/572392_Andreas_AirflowETL/code/.venv/lib/python3.9/site-packages/airflow/example_dags/example_nested_branch_dag.py took 0.135 seconds
[2026-09-18T13:51:38.140+0700] {processor.py:186} INFO - Started process (PID=11062) to work on /Users/andreasanditya/Downloads/572392_Andreas_AirflowETL/code/.venv/lib/python3.9/site-packages/airflow/example_dags/example_nested_branch_dag.py
[2026-09-18T13:51:38.142+0700] {processor.py:914} INFO - Processing file /Users/andreasanditya/Downloads/572392_Andreas_AirflowETL/code/.venv/lib/python3.9/site-packages/airflow/example_dags/example_nested_branch_dag.py for tasks to queue
[2026-09-18T13:51:38.142+0700] {logging_mixin.py:190} INFO - [2026-09-18T13:51:38.142+0700] {dagbag.py:588} INFO - Filling up the DagBag from /Users/andreasanditya/Downloads/572392_Andreas_AirflowETL/code/.venv/lib/python3.9/site-packages/airflow/example_dags/example_nested_branch_dag.py
[2026-09-18T13:51:38.193+0700] {processor.py:925} INFO - DAG(s) 'example_nested_branch_dag' retrieved from /Users/andreasanditya/Downloads/572392_Andreas_AirflowETL/code/.venv/lib/python3.9/site-packages/airflow/example_dags/example_nested_branch_dag.py
[2026-09-18T13:51:38.252+0700] {logging_mixin.py:190} INFO - [2026-09-18T13:51:38.252+0700] {dag.py:3239} INFO - Sync 1 DAGs
[2026-09-18T13:51:38.263+0700] {logging_mixin.py:190} INFO - [2026-09-18T13:51:38.263+0700] {dag.py:4180} INFO - Setting next_dagrun for example_nested_branch_dag to 2026-09-17 00:00:00+00:00, run_after=2026-09-18 00:00:00+00:00
[2026-09-18T13:51:38.274+0700] {processor.py:208} INFO - Processing /Users/andreasanditya/Downloads/572392_Andreas_AirflowETL/code/.venv/lib/python3.9/site-packages/airflow/example_dags/example_nested_branch_dag.py took 0.136 seconds
[2026-09-18T13:54:30.685+0700] {processor.py:186} INFO - Started process (PID=12980) to work on /Users/andreasanditya/Downloads/572392_Andreas_AirflowETL/code/.venv/lib/python3.9/site-packages/airflow/example_dags/example_nested_branch_dag.py
[2026-09-18T13:54:30.687+0700] {processor.py:914} INFO - Processing file /Users/andreasanditya/Downloads/572392_Andreas_AirflowETL/code/.venv/lib/python3.9/site-packages/airflow/example_dags/example_nested_branch_dag.py for tasks to queue
[2026-09-18T13:54:30.688+0700] {logging_mixin.py:190} INFO - [2026-09-18T13:54:30.688+0700] {dagbag.py:588} INFO - Filling up the DagBag from /Users/andreasanditya/Downloads/572392_Andreas_AirflowETL/code/.venv/lib/python3.9/site-packages/airflow/example_dags/example_nested_branch_dag.py
[2026-09-18T13:54:30.735+0700] {processor.py:925} INFO - DAG(s) 'example_nested_branch_dag' retrieved from /Users/andreasanditya/Downloads/572392_Andreas_AirflowETL/code/.venv/lib/python3.9/site-packages/airflow/example_dags/example_nested_branch_dag.py
[2026-09-18T13:54:30.796+0700] {logging_mixin.py:190} INFO - [2026-09-18T13:54:30.795+0700] {dag.py:3239} INFO - Sync 1 DAGs
[2026-09-18T13:54:30.807+0700] {logging_mixin.py:190} INFO - [2026-09-18T13:54:30.807+0700] {dag.py:4180} INFO - Setting next_dagrun for example_nested_branch_dag to 2026-09-17 00:00:00+00:00, run_after=2026-09-18 00:00:00+00:00
[2026-09-18T13:54:30.817+0700] {processor.py:208} INFO - Processing /Users/andreasanditya/Downloads/572392_Andreas_AirflowETL/code/.venv/lib/python3.9/site-packages/airflow/example_dags/example_nested_branch_dag.py took 0.134 seconds
