[2026-09-18T11:17:28.249+0700] {processor.py:186} INFO - Started process (PID=10681) to work on /Users/andreasanditya/Downloads/572392_Andreas_AirflowETL/code/.venv/lib/python3.9/site-packages/airflow/example_dags/example_sensor_decorator.py
[2026-09-18T11:17:28.249+0700] {processor.py:914} INFO - Processing file /Users/andreasanditya/Downloads/572392_Andreas_AirflowETL/code/.venv/lib/python3.9/site-packages/airflow/example_dags/example_sensor_decorator.py for tasks to queue
[2026-09-18T11:17:28.250+0700] {logging_mixin.py:190} INFO - [2026-09-18T11:17:28.250+0700] {dagbag.py:588} INFO - Filling up the DagBag from /Users/andreasanditya/Downloads/572392_Andreas_AirflowETL/code/.venv/lib/python3.9/site-packages/airflow/example_dags/example_sensor_decorator.py
[2026-09-18T11:17:28.297+0700] {processor.py:925} INFO - DAG(s) 'example_sensor_decorator' retrieved from /Users/andreasanditya/Downloads/572392_Andreas_AirflowETL/code/.venv/lib/python3.9/site-packages/airflow/example_dags/example_sensor_decorator.py
[2026-09-18T11:17:28.643+0700] {logging_mixin.py:190} INFO - [2026-09-18T11:17:28.643+0700] {override.py:1912} INFO - Created Permission View: can edit on DAG:example_sensor_decorator
[2026-09-18T11:17:28.648+0700] {logging_mixin.py:190} INFO - [2026-09-18T11:17:28.648+0700] {override.py:1912} INFO - Created Permission View: can delete on DAG:example_sensor_decorator
[2026-09-18T11:17:28.651+0700] {logging_mixin.py:190} INFO - [2026-09-18T11:17:28.651+0700] {override.py:1912} INFO - Created Permission View: can read on DAG:example_sensor_decorator
[2026-09-18T11:17:28.655+0700] {logging_mixin.py:190} INFO - [2026-09-18T11:17:28.655+0700] {override.py:1912} INFO - Created Permission View: can create on DAG Run:example_sensor_decorator
[2026-09-18T11:17:28.658+0700] {logging_mixin.py:190} INFO - [2026-09-18T11:17:28.657+0700] {override.py:1912} INFO - Created Permission View: menu access on DAG Run:example_sensor_decorator
[2026-09-18T11:17:28.660+0700] {logging_mixin.py:190} INFO - [2026-09-18T11:17:28.660+0700] {override.py:1912} INFO - Created Permission View: can delete on DAG Run:example_sensor_decorator
[2026-09-18T11:17:28.664+0700] {logging_mixin.py:190} INFO - [2026-09-18T11:17:28.663+0700] {override.py:1912} INFO - Created Permission View: can read on DAG Run:example_sensor_decorator
[2026-09-18T11:17:28.664+0700] {logging_mixin.py:190} INFO - [2026-09-18T11:17:28.664+0700] {dag.py:3239} INFO - Sync 1 DAGs
[2026-09-18T11:17:28.672+0700] {logging_mixin.py:190} INFO - [2026-09-18T11:17:28.671+0700] {dag.py:3262} INFO - Creating ORM DAG for example_sensor_decorator
[2026-09-18T11:17:28.672+0700] {logging_mixin.py:190} INFO - [2026-09-18T11:17:28.672+0700] {dag.py:4180} INFO - Setting next_dagrun for example_sensor_decorator to None, run_after=None
[2026-09-18T11:17:28.681+0700] {processor.py:208} INFO - Processing /Users/andreasanditya/Downloads/572392_Andreas_AirflowETL/code/.venv/lib/python3.9/site-packages/airflow/example_dags/example_sensor_decorator.py took 0.435 seconds
[2026-09-18T11:19:45.432+0700] {processor.py:186} INFO - Started process (PID=12165) to work on /Users/andreasanditya/Downloads/572392_Andreas_AirflowETL/code/.venv/lib/python3.9/site-packages/airflow/example_dags/example_sensor_decorator.py
[2026-09-18T11:19:45.433+0700] {processor.py:914} INFO - Processing file /Users/andreasanditya/Downloads/572392_Andreas_AirflowETL/code/.venv/lib/python3.9/site-packages/airflow/example_dags/example_sensor_decorator.py for tasks to queue
[2026-09-18T11:19:45.434+0700] {logging_mixin.py:190} INFO - [2026-09-18T11:19:45.434+0700] {dagbag.py:588} INFO - Filling up the DagBag from /Users/andreasanditya/Downloads/572392_Andreas_AirflowETL/code/.venv/lib/python3.9/site-packages/airflow/example_dags/example_sensor_decorator.py
[2026-09-18T11:19:45.486+0700] {processor.py:925} INFO - DAG(s) 'example_sensor_decorator' retrieved from /Users/andreasanditya/Downloads/572392_Andreas_AirflowETL/code/.venv/lib/python3.9/site-packages/airflow/example_dags/example_sensor_decorator.py
[2026-09-18T11:19:45.809+0700] {logging_mixin.py:190} INFO - [2026-09-18T11:19:45.808+0700] {dag.py:3239} INFO - Sync 1 DAGs
[2026-09-18T11:19:45.815+0700] {logging_mixin.py:190} INFO - [2026-09-18T11:19:45.815+0700] {dag.py:4180} INFO - Setting next_dagrun for example_sensor_decorator to None, run_after=None
[2026-09-18T11:19:45.826+0700] {processor.py:208} INFO - Processing /Users/andreasanditya/Downloads/572392_Andreas_AirflowETL/code/.venv/lib/python3.9/site-packages/airflow/example_dags/example_sensor_decorator.py took 0.396 seconds
[2026-09-18T11:21:17.361+0700] {processor.py:186} INFO - Started process (PID=13156) to work on /Users/andreasanditya/Downloads/572392_Andreas_AirflowETL/code/.venv/lib/python3.9/site-packages/airflow/example_dags/example_sensor_decorator.py
[2026-09-18T11:21:17.361+0700] {processor.py:914} INFO - Processing file /Users/andreasanditya/Downloads/572392_Andreas_AirflowETL/code/.venv/lib/python3.9/site-packages/airflow/example_dags/example_sensor_decorator.py for tasks to queue
[2026-09-18T11:21:17.362+0700] {logging_mixin.py:190} INFO - [2026-09-18T11:21:17.362+0700] {dagbag.py:588} INFO - Filling up the DagBag from /Users/andreasanditya/Downloads/572392_Andreas_AirflowETL/code/.venv/lib/python3.9/site-packages/airflow/example_dags/example_sensor_decorator.py
[2026-09-18T11:21:17.411+0700] {processor.py:925} INFO - DAG(s) 'example_sensor_decorator' retrieved from /Users/andreasanditya/Downloads/572392_Andreas_AirflowETL/code/.venv/lib/python3.9/site-packages/airflow/example_dags/example_sensor_decorator.py
[2026-09-18T11:21:17.733+0700] {logging_mixin.py:190} INFO - [2026-09-18T11:21:17.733+0700] {dag.py:3239} INFO - Sync 1 DAGs
[2026-09-18T11:21:17.740+0700] {logging_mixin.py:190} INFO - [2026-09-18T11:21:17.740+0700] {dag.py:4180} INFO - Setting next_dagrun for example_sensor_decorator to None, run_after=None
[2026-09-18T11:21:17.751+0700] {processor.py:208} INFO - Processing /Users/andreasanditya/Downloads/572392_Andreas_AirflowETL/code/.venv/lib/python3.9/site-packages/airflow/example_dags/example_sensor_decorator.py took 0.392 seconds
[2026-09-18T11:23:19.698+0700] {processor.py:186} INFO - Started process (PID=14552) to work on /Users/andreasanditya/Downloads/572392_Andreas_AirflowETL/code/.venv/lib/python3.9/site-packages/airflow/example_dags/example_sensor_decorator.py
[2026-09-18T11:23:19.699+0700] {processor.py:914} INFO - Processing file /Users/andreasanditya/Downloads/572392_Andreas_AirflowETL/code/.venv/lib/python3.9/site-packages/airflow/example_dags/example_sensor_decorator.py for tasks to queue
[2026-09-18T11:23:19.699+0700] {logging_mixin.py:190} INFO - [2026-09-18T11:23:19.699+0700] {dagbag.py:588} INFO - Filling up the DagBag from /Users/andreasanditya/Downloads/572392_Andreas_AirflowETL/code/.venv/lib/python3.9/site-packages/airflow/example_dags/example_sensor_decorator.py
[2026-09-18T11:23:19.769+0700] {processor.py:925} INFO - DAG(s) 'example_sensor_decorator' retrieved from /Users/andreasanditya/Downloads/572392_Andreas_AirflowETL/code/.venv/lib/python3.9/site-packages/airflow/example_dags/example_sensor_decorator.py
[2026-09-18T11:23:20.105+0700] {logging_mixin.py:190} INFO - [2026-09-18T11:23:20.105+0700] {dag.py:3239} INFO - Sync 1 DAGs
[2026-09-18T11:23:20.112+0700] {logging_mixin.py:190} INFO - [2026-09-18T11:23:20.112+0700] {dag.py:4180} INFO - Setting next_dagrun for example_sensor_decorator to None, run_after=None
[2026-09-18T11:23:20.124+0700] {processor.py:208} INFO - Processing /Users/andreasanditya/Downloads/572392_Andreas_AirflowETL/code/.venv/lib/python3.9/site-packages/airflow/example_dags/example_sensor_decorator.py took 0.429 seconds
[2026-09-18T11:24:43.058+0700] {processor.py:186} INFO - Started process (PID=15459) to work on /Users/andreasanditya/Downloads/572392_Andreas_AirflowETL/code/.venv/lib/python3.9/site-packages/airflow/example_dags/example_sensor_decorator.py
[2026-09-18T11:24:43.058+0700] {processor.py:914} INFO - Processing file /Users/andreasanditya/Downloads/572392_Andreas_AirflowETL/code/.venv/lib/python3.9/site-packages/airflow/example_dags/example_sensor_decorator.py for tasks to queue
[2026-09-18T11:24:43.059+0700] {logging_mixin.py:190} INFO - [2026-09-18T11:24:43.059+0700] {dagbag.py:588} INFO - Filling up the DagBag from /Users/andreasanditya/Downloads/572392_Andreas_AirflowETL/code/.venv/lib/python3.9/site-packages/airflow/example_dags/example_sensor_decorator.py
[2026-09-18T11:24:43.104+0700] {processor.py:925} INFO - DAG(s) 'example_sensor_decorator' retrieved from /Users/andreasanditya/Downloads/572392_Andreas_AirflowETL/code/.venv/lib/python3.9/site-packages/airflow/example_dags/example_sensor_decorator.py
[2026-09-18T11:24:43.396+0700] {logging_mixin.py:190} INFO - [2026-09-18T11:24:43.396+0700] {dag.py:3239} INFO - Sync 1 DAGs
[2026-09-18T11:24:43.403+0700] {logging_mixin.py:190} INFO - [2026-09-18T11:24:43.403+0700] {dag.py:4180} INFO - Setting next_dagrun for example_sensor_decorator to None, run_after=None
[2026-09-18T11:24:43.413+0700] {processor.py:208} INFO - Processing /Users/andreasanditya/Downloads/572392_Andreas_AirflowETL/code/.venv/lib/python3.9/site-packages/airflow/example_dags/example_sensor_decorator.py took 0.358 seconds
[2026-09-18T11:26:45.867+0700] {processor.py:186} INFO - Started process (PID=16683) to work on /Users/andreasanditya/Downloads/572392_Andreas_AirflowETL/code/.venv/lib/python3.9/site-packages/airflow/example_dags/example_sensor_decorator.py
[2026-09-18T11:26:45.868+0700] {processor.py:914} INFO - Processing file /Users/andreasanditya/Downloads/572392_Andreas_AirflowETL/code/.venv/lib/python3.9/site-packages/airflow/example_dags/example_sensor_decorator.py for tasks to queue
[2026-09-18T11:26:45.868+0700] {logging_mixin.py:190} INFO - [2026-09-18T11:26:45.868+0700] {dagbag.py:588} INFO - Filling up the DagBag from /Users/andreasanditya/Downloads/572392_Andreas_AirflowETL/code/.venv/lib/python3.9/site-packages/airflow/example_dags/example_sensor_decorator.py
[2026-09-18T11:26:45.916+0700] {processor.py:925} INFO - DAG(s) 'example_sensor_decorator' retrieved from /Users/andreasanditya/Downloads/572392_Andreas_AirflowETL/code/.venv/lib/python3.9/site-packages/airflow/example_dags/example_sensor_decorator.py
[2026-09-18T11:26:46.206+0700] {logging_mixin.py:190} INFO - [2026-09-18T11:26:46.206+0700] {dag.py:3239} INFO - Sync 1 DAGs
[2026-09-18T11:26:46.212+0700] {logging_mixin.py:190} INFO - [2026-09-18T11:26:46.212+0700] {dag.py:4180} INFO - Setting next_dagrun for example_sensor_decorator to None, run_after=None
[2026-09-18T11:26:46.222+0700] {processor.py:208} INFO - Processing /Users/andreasanditya/Downloads/572392_Andreas_AirflowETL/code/.venv/lib/python3.9/site-packages/airflow/example_dags/example_sensor_decorator.py took 0.357 seconds
[2026-09-18T11:28:20.507+0700] {processor.py:186} INFO - Started process (PID=17607) to work on /Users/andreasanditya/Downloads/572392_Andreas_AirflowETL/code/.venv/lib/python3.9/site-packages/airflow/example_dags/example_sensor_decorator.py
[2026-09-18T11:28:20.508+0700] {processor.py:914} INFO - Processing file /Users/andreasanditya/Downloads/572392_Andreas_AirflowETL/code/.venv/lib/python3.9/site-packages/airflow/example_dags/example_sensor_decorator.py for tasks to queue
[2026-09-18T11:28:20.509+0700] {logging_mixin.py:190} INFO - [2026-09-18T11:28:20.509+0700] {dagbag.py:588} INFO - Filling up the DagBag from /Users/andreasanditya/Downloads/572392_Andreas_AirflowETL/code/.venv/lib/python3.9/site-packages/airflow/example_dags/example_sensor_decorator.py
[2026-09-18T11:28:20.557+0700] {processor.py:925} INFO - DAG(s) 'example_sensor_decorator' retrieved from /Users/andreasanditya/Downloads/572392_Andreas_AirflowETL/code/.venv/lib/python3.9/site-packages/airflow/example_dags/example_sensor_decorator.py
[2026-09-18T11:28:20.868+0700] {logging_mixin.py:190} INFO - [2026-09-18T11:28:20.868+0700] {dag.py:3239} INFO - Sync 1 DAGs
[2026-09-18T11:28:20.874+0700] {logging_mixin.py:190} INFO - [2026-09-18T11:28:20.874+0700] {dag.py:4180} INFO - Setting next_dagrun for example_sensor_decorator to None, run_after=None
[2026-09-18T11:28:20.885+0700] {processor.py:208} INFO - Processing /Users/andreasanditya/Downloads/572392_Andreas_AirflowETL/code/.venv/lib/python3.9/site-packages/airflow/example_dags/example_sensor_decorator.py took 0.379 seconds
[2026-09-18T11:31:18.243+0700] {processor.py:186} INFO - Started process (PID=19486) to work on /Users/andreasanditya/Downloads/572392_Andreas_AirflowETL/code/.venv/lib/python3.9/site-packages/airflow/example_dags/example_sensor_decorator.py
[2026-09-18T11:31:18.244+0700] {processor.py:914} INFO - Processing file /Users/andreasanditya/Downloads/572392_Andreas_AirflowETL/code/.venv/lib/python3.9/site-packages/airflow/example_dags/example_sensor_decorator.py for tasks to queue
[2026-09-18T11:31:18.245+0700] {logging_mixin.py:190} INFO - [2026-09-18T11:31:18.245+0700] {dagbag.py:588} INFO - Filling up the DagBag from /Users/andreasanditya/Downloads/572392_Andreas_AirflowETL/code/.venv/lib/python3.9/site-packages/airflow/example_dags/example_sensor_decorator.py
[2026-09-18T11:31:18.293+0700] {processor.py:925} INFO - DAG(s) 'example_sensor_decorator' retrieved from /Users/andreasanditya/Downloads/572392_Andreas_AirflowETL/code/.venv/lib/python3.9/site-packages/airflow/example_dags/example_sensor_decorator.py
[2026-09-18T11:31:18.588+0700] {logging_mixin.py:190} INFO - [2026-09-18T11:31:18.587+0700] {dag.py:3239} INFO - Sync 1 DAGs
[2026-09-18T11:31:18.594+0700] {logging_mixin.py:190} INFO - [2026-09-18T11:31:18.594+0700] {dag.py:4180} INFO - Setting next_dagrun for example_sensor_decorator to None, run_after=None
[2026-09-18T11:31:18.604+0700] {processor.py:208} INFO - Processing /Users/andreasanditya/Downloads/572392_Andreas_AirflowETL/code/.venv/lib/python3.9/site-packages/airflow/example_dags/example_sensor_decorator.py took 0.363 seconds
[2026-09-18T11:32:48.012+0700] {processor.py:186} INFO - Started process (PID=20474) to work on /Users/andreasanditya/Downloads/572392_Andreas_AirflowETL/code/.venv/lib/python3.9/site-packages/airflow/example_dags/example_sensor_decorator.py
[2026-09-18T11:32:48.013+0700] {processor.py:914} INFO - Processing file /Users/andreasanditya/Downloads/572392_Andreas_AirflowETL/code/.venv/lib/python3.9/site-packages/airflow/example_dags/example_sensor_decorator.py for tasks to queue
[2026-09-18T11:32:48.013+0700] {logging_mixin.py:190} INFO - [2026-09-18T11:32:48.013+0700] {dagbag.py:588} INFO - Filling up the DagBag from /Users/andreasanditya/Downloads/572392_Andreas_AirflowETL/code/.venv/lib/python3.9/site-packages/airflow/example_dags/example_sensor_decorator.py
[2026-09-18T11:32:48.061+0700] {processor.py:925} INFO - DAG(s) 'example_sensor_decorator' retrieved from /Users/andreasanditya/Downloads/572392_Andreas_AirflowETL/code/.venv/lib/python3.9/site-packages/airflow/example_dags/example_sensor_decorator.py
[2026-09-18T11:32:48.359+0700] {logging_mixin.py:190} INFO - [2026-09-18T11:32:48.359+0700] {dag.py:3239} INFO - Sync 1 DAGs
[2026-09-18T11:32:48.366+0700] {logging_mixin.py:190} INFO - [2026-09-18T11:32:48.365+0700] {dag.py:4180} INFO - Setting next_dagrun for example_sensor_decorator to None, run_after=None
[2026-09-18T11:32:48.377+0700] {processor.py:208} INFO - Processing /Users/andreasanditya/Downloads/572392_Andreas_AirflowETL/code/.venv/lib/python3.9/site-packages/airflow/example_dags/example_sensor_decorator.py took 0.368 seconds
[2026-09-18T11:35:42.034+0700] {processor.py:186} INFO - Started process (PID=22297) to work on /Users/andreasanditya/Downloads/572392_Andreas_AirflowETL/code/.venv/lib/python3.9/site-packages/airflow/example_dags/example_sensor_decorator.py
[2026-09-18T11:35:42.035+0700] {processor.py:914} INFO - Processing file /Users/andreasanditya/Downloads/572392_Andreas_AirflowETL/code/.venv/lib/python3.9/site-packages/airflow/example_dags/example_sensor_decorator.py for tasks to queue
[2026-09-18T11:35:42.035+0700] {logging_mixin.py:190} INFO - [2026-09-18T11:35:42.035+0700] {dagbag.py:588} INFO - Filling up the DagBag from /Users/andreasanditya/Downloads/572392_Andreas_AirflowETL/code/.venv/lib/python3.9/site-packages/airflow/example_dags/example_sensor_decorator.py
[2026-09-18T11:35:42.082+0700] {processor.py:925} INFO - DAG(s) 'example_sensor_decorator' retrieved from /Users/andreasanditya/Downloads/572392_Andreas_AirflowETL/code/.venv/lib/python3.9/site-packages/airflow/example_dags/example_sensor_decorator.py
[2026-09-18T11:35:42.374+0700] {logging_mixin.py:190} INFO - [2026-09-18T11:35:42.374+0700] {dag.py:3239} INFO - Sync 1 DAGs
[2026-09-18T11:35:42.380+0700] {logging_mixin.py:190} INFO - [2026-09-18T11:35:42.380+0700] {dag.py:4180} INFO - Setting next_dagrun for example_sensor_decorator to None, run_after=None
[2026-09-18T11:35:42.390+0700] {processor.py:208} INFO - Processing /Users/andreasanditya/Downloads/572392_Andreas_AirflowETL/code/.venv/lib/python3.9/site-packages/airflow/example_dags/example_sensor_decorator.py took 0.359 seconds
[2026-09-18T11:38:37.160+0700] {processor.py:186} INFO - Started process (PID=24131) to work on /Users/andreasanditya/Downloads/572392_Andreas_AirflowETL/code/.venv/lib/python3.9/site-packages/airflow/example_dags/example_sensor_decorator.py
[2026-09-18T11:38:37.161+0700] {processor.py:914} INFO - Processing file /Users/andreasanditya/Downloads/572392_Andreas_AirflowETL/code/.venv/lib/python3.9/site-packages/airflow/example_dags/example_sensor_decorator.py for tasks to queue
[2026-09-18T11:38:37.162+0700] {logging_mixin.py:190} INFO - [2026-09-18T11:38:37.162+0700] {dagbag.py:588} INFO - Filling up the DagBag from /Users/andreasanditya/Downloads/572392_Andreas_AirflowETL/code/.venv/lib/python3.9/site-packages/airflow/example_dags/example_sensor_decorator.py
[2026-09-18T11:38:37.208+0700] {processor.py:925} INFO - DAG(s) 'example_sensor_decorator' retrieved from /Users/andreasanditya/Downloads/572392_Andreas_AirflowETL/code/.venv/lib/python3.9/site-packages/airflow/example_dags/example_sensor_decorator.py
[2026-09-18T11:38:37.495+0700] {logging_mixin.py:190} INFO - [2026-09-18T11:38:37.495+0700] {dag.py:3239} INFO - Sync 1 DAGs
[2026-09-18T11:38:37.501+0700] {logging_mixin.py:190} INFO - [2026-09-18T11:38:37.501+0700] {dag.py:4180} INFO - Setting next_dagrun for example_sensor_decorator to None, run_after=None
[2026-09-18T11:38:37.511+0700] {processor.py:208} INFO - Processing /Users/andreasanditya/Downloads/572392_Andreas_AirflowETL/code/.venv/lib/python3.9/site-packages/airflow/example_dags/example_sensor_decorator.py took 0.352 seconds
[2026-09-18T11:41:33.005+0700] {processor.py:186} INFO - Started process (PID=26001) to work on /Users/andreasanditya/Downloads/572392_Andreas_AirflowETL/code/.venv/lib/python3.9/site-packages/airflow/example_dags/example_sensor_decorator.py
[2026-09-18T11:41:33.006+0700] {processor.py:914} INFO - Processing file /Users/andreasanditya/Downloads/572392_Andreas_AirflowETL/code/.venv/lib/python3.9/site-packages/airflow/example_dags/example_sensor_decorator.py for tasks to queue
[2026-09-18T11:41:33.007+0700] {logging_mixin.py:190} INFO - [2026-09-18T11:41:33.007+0700] {dagbag.py:588} INFO - Filling up the DagBag from /Users/andreasanditya/Downloads/572392_Andreas_AirflowETL/code/.venv/lib/python3.9/site-packages/airflow/example_dags/example_sensor_decorator.py
[2026-09-18T11:41:33.053+0700] {processor.py:925} INFO - DAG(s) 'example_sensor_decorator' retrieved from /Users/andreasanditya/Downloads/572392_Andreas_AirflowETL/code/.venv/lib/python3.9/site-packages/airflow/example_dags/example_sensor_decorator.py
[2026-09-18T11:41:33.340+0700] {logging_mixin.py:190} INFO - [2026-09-18T11:41:33.340+0700] {dag.py:3239} INFO - Sync 1 DAGs
[2026-09-18T11:41:33.346+0700] {logging_mixin.py:190} INFO - [2026-09-18T11:41:33.346+0700] {dag.py:4180} INFO - Setting next_dagrun for example_sensor_decorator to None, run_after=None
[2026-09-18T11:41:33.356+0700] {processor.py:208} INFO - Processing /Users/andreasanditya/Downloads/572392_Andreas_AirflowETL/code/.venv/lib/python3.9/site-packages/airflow/example_dags/example_sensor_decorator.py took 0.353 seconds
[2026-09-18T11:43:03.952+0700] {processor.py:186} INFO - Started process (PID=26927) to work on /Users/andreasanditya/Downloads/572392_Andreas_AirflowETL/code/.venv/lib/python3.9/site-packages/airflow/example_dags/example_sensor_decorator.py
[2026-09-18T11:43:03.953+0700] {processor.py:914} INFO - Processing file /Users/andreasanditya/Downloads/572392_Andreas_AirflowETL/code/.venv/lib/python3.9/site-packages/airflow/example_dags/example_sensor_decorator.py for tasks to queue
[2026-09-18T11:43:03.953+0700] {logging_mixin.py:190} INFO - [2026-09-18T11:43:03.953+0700] {dagbag.py:588} INFO - Filling up the DagBag from /Users/andreasanditya/Downloads/572392_Andreas_AirflowETL/code/.venv/lib/python3.9/site-packages/airflow/example_dags/example_sensor_decorator.py
[2026-09-18T11:43:03.998+0700] {processor.py:925} INFO - DAG(s) 'example_sensor_decorator' retrieved from /Users/andreasanditya/Downloads/572392_Andreas_AirflowETL/code/.venv/lib/python3.9/site-packages/airflow/example_dags/example_sensor_decorator.py
[2026-09-18T11:43:04.287+0700] {logging_mixin.py:190} INFO - [2026-09-18T11:43:04.287+0700] {dag.py:3239} INFO - Sync 1 DAGs
[2026-09-18T11:43:04.293+0700] {logging_mixin.py:190} INFO - [2026-09-18T11:43:04.293+0700] {dag.py:4180} INFO - Setting next_dagrun for example_sensor_decorator to None, run_after=None
[2026-09-18T11:43:04.303+0700] {processor.py:208} INFO - Processing /Users/andreasanditya/Downloads/572392_Andreas_AirflowETL/code/.venv/lib/python3.9/site-packages/airflow/example_dags/example_sensor_decorator.py took 0.353 seconds
[2026-09-18T11:45:57.601+0700] {processor.py:186} INFO - Started process (PID=28652) to work on /Users/andreasanditya/Downloads/572392_Andreas_AirflowETL/code/.venv/lib/python3.9/site-packages/airflow/example_dags/example_sensor_decorator.py
[2026-09-18T11:45:57.603+0700] {processor.py:914} INFO - Processing file /Users/andreasanditya/Downloads/572392_Andreas_AirflowETL/code/.venv/lib/python3.9/site-packages/airflow/example_dags/example_sensor_decorator.py for tasks to queue
[2026-09-18T11:45:57.604+0700] {logging_mixin.py:190} INFO - [2026-09-18T11:45:57.603+0700] {dagbag.py:588} INFO - Filling up the DagBag from /Users/andreasanditya/Downloads/572392_Andreas_AirflowETL/code/.venv/lib/python3.9/site-packages/airflow/example_dags/example_sensor_decorator.py
[2026-09-18T11:45:57.648+0700] {processor.py:925} INFO - DAG(s) 'example_sensor_decorator' retrieved from /Users/andreasanditya/Downloads/572392_Andreas_AirflowETL/code/.venv/lib/python3.9/site-packages/airflow/example_dags/example_sensor_decorator.py
[2026-09-18T11:45:57.936+0700] {logging_mixin.py:190} INFO - [2026-09-18T11:45:57.936+0700] {dag.py:3239} INFO - Sync 1 DAGs
[2026-09-18T11:45:57.942+0700] {logging_mixin.py:190} INFO - [2026-09-18T11:45:57.942+0700] {dag.py:4180} INFO - Setting next_dagrun for example_sensor_decorator to None, run_after=None
[2026-09-18T11:45:57.952+0700] {processor.py:208} INFO - Processing /Users/andreasanditya/Downloads/572392_Andreas_AirflowETL/code/.venv/lib/python3.9/site-packages/airflow/example_dags/example_sensor_decorator.py took 0.352 seconds
[2026-09-18T11:48:51.727+0700] {processor.py:186} INFO - Started process (PID=30392) to work on /Users/andreasanditya/Downloads/572392_Andreas_AirflowETL/code/.venv/lib/python3.9/site-packages/airflow/example_dags/example_sensor_decorator.py
[2026-09-18T11:48:51.728+0700] {processor.py:914} INFO - Processing file /Users/andreasanditya/Downloads/572392_Andreas_AirflowETL/code/.venv/lib/python3.9/site-packages/airflow/example_dags/example_sensor_decorator.py for tasks to queue
[2026-09-18T11:48:51.729+0700] {logging_mixin.py:190} INFO - [2026-09-18T11:48:51.728+0700] {dagbag.py:588} INFO - Filling up the DagBag from /Users/andreasanditya/Downloads/572392_Andreas_AirflowETL/code/.venv/lib/python3.9/site-packages/airflow/example_dags/example_sensor_decorator.py
[2026-09-18T11:48:51.774+0700] {processor.py:925} INFO - DAG(s) 'example_sensor_decorator' retrieved from /Users/andreasanditya/Downloads/572392_Andreas_AirflowETL/code/.venv/lib/python3.9/site-packages/airflow/example_dags/example_sensor_decorator.py
[2026-09-18T11:48:52.059+0700] {logging_mixin.py:190} INFO - [2026-09-18T11:48:52.059+0700] {dag.py:3239} INFO - Sync 1 DAGs
[2026-09-18T11:48:52.066+0700] {logging_mixin.py:190} INFO - [2026-09-18T11:48:52.066+0700] {dag.py:4180} INFO - Setting next_dagrun for example_sensor_decorator to None, run_after=None
[2026-09-18T11:48:52.076+0700] {processor.py:208} INFO - Processing /Users/andreasanditya/Downloads/572392_Andreas_AirflowETL/code/.venv/lib/python3.9/site-packages/airflow/example_dags/example_sensor_decorator.py took 0.351 seconds
[2026-09-18T11:51:42.686+0700] {processor.py:186} INFO - Started process (PID=32126) to work on /Users/andreasanditya/Downloads/572392_Andreas_AirflowETL/code/.venv/lib/python3.9/site-packages/airflow/example_dags/example_sensor_decorator.py
[2026-09-18T11:51:42.687+0700] {processor.py:914} INFO - Processing file /Users/andreasanditya/Downloads/572392_Andreas_AirflowETL/code/.venv/lib/python3.9/site-packages/airflow/example_dags/example_sensor_decorator.py for tasks to queue
[2026-09-18T11:51:42.687+0700] {logging_mixin.py:190} INFO - [2026-09-18T11:51:42.687+0700] {dagbag.py:588} INFO - Filling up the DagBag from /Users/andreasanditya/Downloads/572392_Andreas_AirflowETL/code/.venv/lib/python3.9/site-packages/airflow/example_dags/example_sensor_decorator.py
[2026-09-18T11:51:42.732+0700] {processor.py:925} INFO - DAG(s) 'example_sensor_decorator' retrieved from /Users/andreasanditya/Downloads/572392_Andreas_AirflowETL/code/.venv/lib/python3.9/site-packages/airflow/example_dags/example_sensor_decorator.py
[2026-09-18T11:51:43.026+0700] {logging_mixin.py:190} INFO - [2026-09-18T11:51:43.026+0700] {dag.py:3239} INFO - Sync 1 DAGs
[2026-09-18T11:51:43.032+0700] {logging_mixin.py:190} INFO - [2026-09-18T11:51:43.032+0700] {dag.py:4180} INFO - Setting next_dagrun for example_sensor_decorator to None, run_after=None
[2026-09-18T11:51:43.042+0700] {processor.py:208} INFO - Processing /Users/andreasanditya/Downloads/572392_Andreas_AirflowETL/code/.venv/lib/python3.9/site-packages/airflow/example_dags/example_sensor_decorator.py took 0.358 seconds
[2026-09-18T11:54:35.515+0700] {processor.py:186} INFO - Started process (PID=33850) to work on /Users/andreasanditya/Downloads/572392_Andreas_AirflowETL/code/.venv/lib/python3.9/site-packages/airflow/example_dags/example_sensor_decorator.py
[2026-09-18T11:54:35.516+0700] {processor.py:914} INFO - Processing file /Users/andreasanditya/Downloads/572392_Andreas_AirflowETL/code/.venv/lib/python3.9/site-packages/airflow/example_dags/example_sensor_decorator.py for tasks to queue
[2026-09-18T11:54:35.517+0700] {logging_mixin.py:190} INFO - [2026-09-18T11:54:35.517+0700] {dagbag.py:588} INFO - Filling up the DagBag from /Users/andreasanditya/Downloads/572392_Andreas_AirflowETL/code/.venv/lib/python3.9/site-packages/airflow/example_dags/example_sensor_decorator.py
[2026-09-18T11:54:35.563+0700] {processor.py:925} INFO - DAG(s) 'example_sensor_decorator' retrieved from /Users/andreasanditya/Downloads/572392_Andreas_AirflowETL/code/.venv/lib/python3.9/site-packages/airflow/example_dags/example_sensor_decorator.py
[2026-09-18T11:54:35.859+0700] {logging_mixin.py:190} INFO - [2026-09-18T11:54:35.859+0700] {dag.py:3239} INFO - Sync 1 DAGs
[2026-09-18T11:54:35.865+0700] {logging_mixin.py:190} INFO - [2026-09-18T11:54:35.865+0700] {dag.py:4180} INFO - Setting next_dagrun for example_sensor_decorator to None, run_after=None
[2026-09-18T11:54:35.875+0700] {processor.py:208} INFO - Processing /Users/andreasanditya/Downloads/572392_Andreas_AirflowETL/code/.venv/lib/python3.9/site-packages/airflow/example_dags/example_sensor_decorator.py took 0.362 seconds
[2026-09-18T11:57:31.626+0700] {processor.py:186} INFO - Started process (PID=35605) to work on /Users/andreasanditya/Downloads/572392_Andreas_AirflowETL/code/.venv/lib/python3.9/site-packages/airflow/example_dags/example_sensor_decorator.py
[2026-09-18T11:57:31.627+0700] {processor.py:914} INFO - Processing file /Users/andreasanditya/Downloads/572392_Andreas_AirflowETL/code/.venv/lib/python3.9/site-packages/airflow/example_dags/example_sensor_decorator.py for tasks to queue
[2026-09-18T11:57:31.628+0700] {logging_mixin.py:190} INFO - [2026-09-18T11:57:31.628+0700] {dagbag.py:588} INFO - Filling up the DagBag from /Users/andreasanditya/Downloads/572392_Andreas_AirflowETL/code/.venv/lib/python3.9/site-packages/airflow/example_dags/example_sensor_decorator.py
[2026-09-18T11:57:31.672+0700] {processor.py:925} INFO - DAG(s) 'example_sensor_decorator' retrieved from /Users/andreasanditya/Downloads/572392_Andreas_AirflowETL/code/.venv/lib/python3.9/site-packages/airflow/example_dags/example_sensor_decorator.py
[2026-09-18T11:57:31.956+0700] {logging_mixin.py:190} INFO - [2026-09-18T11:57:31.956+0700] {dag.py:3239} INFO - Sync 1 DAGs
[2026-09-18T11:57:31.962+0700] {logging_mixin.py:190} INFO - [2026-09-18T11:57:31.962+0700] {dag.py:4180} INFO - Setting next_dagrun for example_sensor_decorator to None, run_after=None
[2026-09-18T11:57:31.972+0700] {processor.py:208} INFO - Processing /Users/andreasanditya/Downloads/572392_Andreas_AirflowETL/code/.venv/lib/python3.9/site-packages/airflow/example_dags/example_sensor_decorator.py took 0.348 seconds
[2026-09-18T12:00:21.301+0700] {processor.py:186} INFO - Started process (PID=37327) to work on /Users/andreasanditya/Downloads/572392_Andreas_AirflowETL/code/.venv/lib/python3.9/site-packages/airflow/example_dags/example_sensor_decorator.py
[2026-09-18T12:00:21.305+0700] {processor.py:914} INFO - Processing file /Users/andreasanditya/Downloads/572392_Andreas_AirflowETL/code/.venv/lib/python3.9/site-packages/airflow/example_dags/example_sensor_decorator.py for tasks to queue
[2026-09-18T12:00:21.305+0700] {logging_mixin.py:190} INFO - [2026-09-18T12:00:21.305+0700] {dagbag.py:588} INFO - Filling up the DagBag from /Users/andreasanditya/Downloads/572392_Andreas_AirflowETL/code/.venv/lib/python3.9/site-packages/airflow/example_dags/example_sensor_decorator.py
[2026-09-18T12:00:21.350+0700] {processor.py:925} INFO - DAG(s) 'example_sensor_decorator' retrieved from /Users/andreasanditya/Downloads/572392_Andreas_AirflowETL/code/.venv/lib/python3.9/site-packages/airflow/example_dags/example_sensor_decorator.py
[2026-09-18T12:00:21.643+0700] {logging_mixin.py:190} INFO - [2026-09-18T12:00:21.643+0700] {dag.py:3239} INFO - Sync 1 DAGs
[2026-09-18T12:00:21.649+0700] {logging_mixin.py:190} INFO - [2026-09-18T12:00:21.649+0700] {dag.py:4180} INFO - Setting next_dagrun for example_sensor_decorator to None, run_after=None
[2026-09-18T12:00:21.659+0700] {processor.py:208} INFO - Processing /Users/andreasanditya/Downloads/572392_Andreas_AirflowETL/code/.venv/lib/python3.9/site-packages/airflow/example_dags/example_sensor_decorator.py took 0.360 seconds
[2026-09-18T12:03:15.623+0700] {processor.py:186} INFO - Started process (PID=39089) to work on /Users/andreasanditya/Downloads/572392_Andreas_AirflowETL/code/.venv/lib/python3.9/site-packages/airflow/example_dags/example_sensor_decorator.py
[2026-09-18T12:03:15.624+0700] {processor.py:914} INFO - Processing file /Users/andreasanditya/Downloads/572392_Andreas_AirflowETL/code/.venv/lib/python3.9/site-packages/airflow/example_dags/example_sensor_decorator.py for tasks to queue
[2026-09-18T12:03:15.625+0700] {logging_mixin.py:190} INFO - [2026-09-18T12:03:15.625+0700] {dagbag.py:588} INFO - Filling up the DagBag from /Users/andreasanditya/Downloads/572392_Andreas_AirflowETL/code/.venv/lib/python3.9/site-packages/airflow/example_dags/example_sensor_decorator.py
[2026-09-18T12:03:15.670+0700] {processor.py:925} INFO - DAG(s) 'example_sensor_decorator' retrieved from /Users/andreasanditya/Downloads/572392_Andreas_AirflowETL/code/.venv/lib/python3.9/site-packages/airflow/example_dags/example_sensor_decorator.py
[2026-09-18T12:03:15.962+0700] {logging_mixin.py:190} INFO - [2026-09-18T12:03:15.962+0700] {dag.py:3239} INFO - Sync 1 DAGs
[2026-09-18T12:03:15.968+0700] {logging_mixin.py:190} INFO - [2026-09-18T12:03:15.968+0700] {dag.py:4180} INFO - Setting next_dagrun for example_sensor_decorator to None, run_after=None
[2026-09-18T12:03:15.978+0700] {processor.py:208} INFO - Processing /Users/andreasanditya/Downloads/572392_Andreas_AirflowETL/code/.venv/lib/python3.9/site-packages/airflow/example_dags/example_sensor_decorator.py took 0.357 seconds
[2026-09-18T12:06:09.973+0700] {processor.py:186} INFO - Started process (PID=40838) to work on /Users/andreasanditya/Downloads/572392_Andreas_AirflowETL/code/.venv/lib/python3.9/site-packages/airflow/example_dags/example_sensor_decorator.py
[2026-09-18T12:06:09.974+0700] {processor.py:914} INFO - Processing file /Users/andreasanditya/Downloads/572392_Andreas_AirflowETL/code/.venv/lib/python3.9/site-packages/airflow/example_dags/example_sensor_decorator.py for tasks to queue
[2026-09-18T12:06:09.975+0700] {logging_mixin.py:190} INFO - [2026-09-18T12:06:09.975+0700] {dagbag.py:588} INFO - Filling up the DagBag from /Users/andreasanditya/Downloads/572392_Andreas_AirflowETL/code/.venv/lib/python3.9/site-packages/airflow/example_dags/example_sensor_decorator.py
[2026-09-18T12:06:10.042+0700] {processor.py:925} INFO - DAG(s) 'example_sensor_decorator' retrieved from /Users/andreasanditya/Downloads/572392_Andreas_AirflowETL/code/.venv/lib/python3.9/site-packages/airflow/example_dags/example_sensor_decorator.py
[2026-09-18T12:06:10.381+0700] {logging_mixin.py:190} INFO - [2026-09-18T12:06:10.381+0700] {dag.py:3239} INFO - Sync 1 DAGs
[2026-09-18T12:06:10.389+0700] {logging_mixin.py:190} INFO - [2026-09-18T12:06:10.389+0700] {dag.py:4180} INFO - Setting next_dagrun for example_sensor_decorator to None, run_after=None
[2026-09-18T12:06:10.399+0700] {processor.py:208} INFO - Processing /Users/andreasanditya/Downloads/572392_Andreas_AirflowETL/code/.venv/lib/python3.9/site-packages/airflow/example_dags/example_sensor_decorator.py took 0.429 seconds
[2026-09-18T12:09:04.040+0700] {processor.py:186} INFO - Started process (PID=42637) to work on /Users/andreasanditya/Downloads/572392_Andreas_AirflowETL/code/.venv/lib/python3.9/site-packages/airflow/example_dags/example_sensor_decorator.py
[2026-09-18T12:09:04.042+0700] {processor.py:914} INFO - Processing file /Users/andreasanditya/Downloads/572392_Andreas_AirflowETL/code/.venv/lib/python3.9/site-packages/airflow/example_dags/example_sensor_decorator.py for tasks to queue
[2026-09-18T12:09:04.042+0700] {logging_mixin.py:190} INFO - [2026-09-18T12:09:04.042+0700] {dagbag.py:588} INFO - Filling up the DagBag from /Users/andreasanditya/Downloads/572392_Andreas_AirflowETL/code/.venv/lib/python3.9/site-packages/airflow/example_dags/example_sensor_decorator.py
[2026-09-18T12:09:04.089+0700] {processor.py:925} INFO - DAG(s) 'example_sensor_decorator' retrieved from /Users/andreasanditya/Downloads/572392_Andreas_AirflowETL/code/.venv/lib/python3.9/site-packages/airflow/example_dags/example_sensor_decorator.py
[2026-09-18T12:09:04.385+0700] {logging_mixin.py:190} INFO - [2026-09-18T12:09:04.385+0700] {dag.py:3239} INFO - Sync 1 DAGs
[2026-09-18T12:09:04.392+0700] {logging_mixin.py:190} INFO - [2026-09-18T12:09:04.391+0700] {dag.py:4180} INFO - Setting next_dagrun for example_sensor_decorator to None, run_after=None
[2026-09-18T12:09:04.402+0700] {processor.py:208} INFO - Processing /Users/andreasanditya/Downloads/572392_Andreas_AirflowETL/code/.venv/lib/python3.9/site-packages/airflow/example_dags/example_sensor_decorator.py took 0.364 seconds
[2026-09-18T12:11:58.414+0700] {processor.py:186} INFO - Started process (PID=44392) to work on /Users/andreasanditya/Downloads/572392_Andreas_AirflowETL/code/.venv/lib/python3.9/site-packages/airflow/example_dags/example_sensor_decorator.py
[2026-09-18T12:11:58.415+0700] {processor.py:914} INFO - Processing file /Users/andreasanditya/Downloads/572392_Andreas_AirflowETL/code/.venv/lib/python3.9/site-packages/airflow/example_dags/example_sensor_decorator.py for tasks to queue
[2026-09-18T12:11:58.416+0700] {logging_mixin.py:190} INFO - [2026-09-18T12:11:58.416+0700] {dagbag.py:588} INFO - Filling up the DagBag from /Users/andreasanditya/Downloads/572392_Andreas_AirflowETL/code/.venv/lib/python3.9/site-packages/airflow/example_dags/example_sensor_decorator.py
[2026-09-18T12:11:58.461+0700] {processor.py:925} INFO - DAG(s) 'example_sensor_decorator' retrieved from /Users/andreasanditya/Downloads/572392_Andreas_AirflowETL/code/.venv/lib/python3.9/site-packages/airflow/example_dags/example_sensor_decorator.py
[2026-09-18T12:11:58.750+0700] {logging_mixin.py:190} INFO - [2026-09-18T12:11:58.750+0700] {dag.py:3239} INFO - Sync 1 DAGs
[2026-09-18T12:11:58.756+0700] {logging_mixin.py:190} INFO - [2026-09-18T12:11:58.756+0700] {dag.py:4180} INFO - Setting next_dagrun for example_sensor_decorator to None, run_after=None
[2026-09-18T12:11:58.767+0700] {processor.py:208} INFO - Processing /Users/andreasanditya/Downloads/572392_Andreas_AirflowETL/code/.venv/lib/python3.9/site-packages/airflow/example_dags/example_sensor_decorator.py took 0.355 seconds
[2026-09-18T12:14:55.776+0700] {processor.py:186} INFO - Started process (PID=47065) to work on /Users/andreasanditya/Downloads/572392_Andreas_AirflowETL/code/.venv/lib/python3.9/site-packages/airflow/example_dags/example_sensor_decorator.py
[2026-09-18T12:14:55.780+0700] {processor.py:914} INFO - Processing file /Users/andreasanditya/Downloads/572392_Andreas_AirflowETL/code/.venv/lib/python3.9/site-packages/airflow/example_dags/example_sensor_decorator.py for tasks to queue
[2026-09-18T12:14:55.781+0700] {logging_mixin.py:190} INFO - [2026-09-18T12:14:55.781+0700] {dagbag.py:588} INFO - Filling up the DagBag from /Users/andreasanditya/Downloads/572392_Andreas_AirflowETL/code/.venv/lib/python3.9/site-packages/airflow/example_dags/example_sensor_decorator.py
[2026-09-18T12:14:55.827+0700] {processor.py:925} INFO - DAG(s) 'example_sensor_decorator' retrieved from /Users/andreasanditya/Downloads/572392_Andreas_AirflowETL/code/.venv/lib/python3.9/site-packages/airflow/example_dags/example_sensor_decorator.py
[2026-09-18T12:14:56.119+0700] {logging_mixin.py:190} INFO - [2026-09-18T12:14:56.119+0700] {dag.py:3239} INFO - Sync 1 DAGs
[2026-09-18T12:14:56.125+0700] {logging_mixin.py:190} INFO - [2026-09-18T12:14:56.125+0700] {dag.py:4180} INFO - Setting next_dagrun for example_sensor_decorator to None, run_after=None
[2026-09-18T12:14:56.135+0700] {processor.py:208} INFO - Processing /Users/andreasanditya/Downloads/572392_Andreas_AirflowETL/code/.venv/lib/python3.9/site-packages/airflow/example_dags/example_sensor_decorator.py took 0.360 seconds
