[2026-09-18T11:18:11.436+0700] {processor.py:186} INFO - Started process (PID=11108) to work on /Users/andreasanditya/Downloads/572392_Andreas_AirflowETL/code/.venv/lib/python3.9/site-packages/airflow/example_dags/example_dag_decorator.py
[2026-09-18T11:18:11.437+0700] {processor.py:914} INFO - Processing file /Users/andreasanditya/Downloads/572392_Andreas_AirflowETL/code/.venv/lib/python3.9/site-packages/airflow/example_dags/example_dag_decorator.py for tasks to queue
[2026-09-18T11:18:11.437+0700] {logging_mixin.py:190} INFO - [2026-09-18T11:18:11.437+0700] {dagbag.py:588} INFO - Filling up the DagBag from /Users/andreasanditya/Downloads/572392_Andreas_AirflowETL/code/.venv/lib/python3.9/site-packages/airflow/example_dags/example_dag_decorator.py
[2026-09-18T11:18:11.568+0700] {processor.py:925} INFO - DAG(s) 'example_dag_decorator' retrieved from /Users/andreasanditya/Downloads/572392_Andreas_AirflowETL/code/.venv/lib/python3.9/site-packages/airflow/example_dags/example_dag_decorator.py
[2026-09-18T11:18:11.681+0700] {logging_mixin.py:190} INFO - [2026-09-18T11:18:11.681+0700] {override.py:1912} INFO - Created Permission View: can read on DAG:example_dag_decorator
[2026-09-18T11:18:11.686+0700] {logging_mixin.py:190} INFO - [2026-09-18T11:18:11.686+0700] {override.py:1912} INFO - Created Permission View: can delete on DAG:example_dag_decorator
[2026-09-18T11:18:11.689+0700] {logging_mixin.py:190} INFO - [2026-09-18T11:18:11.689+0700] {override.py:1912} INFO - Created Permission View: can edit on DAG:example_dag_decorator
[2026-09-18T11:18:11.693+0700] {logging_mixin.py:190} INFO - [2026-09-18T11:18:11.693+0700] {override.py:1912} INFO - Created Permission View: can create on DAG Run:example_dag_decorator
[2026-09-18T11:18:11.696+0700] {logging_mixin.py:190} INFO - [2026-09-18T11:18:11.696+0700] {override.py:1912} INFO - Created Permission View: can read on DAG Run:example_dag_decorator
[2026-09-18T11:18:11.699+0700] {logging_mixin.py:190} INFO - [2026-09-18T11:18:11.699+0700] {override.py:1912} INFO - Created Permission View: menu access on DAG Run:example_dag_decorator
[2026-09-18T11:18:11.702+0700] {logging_mixin.py:190} INFO - [2026-09-18T11:18:11.702+0700] {override.py:1912} INFO - Created Permission View: can delete on DAG Run:example_dag_decorator
[2026-09-18T11:18:11.702+0700] {logging_mixin.py:190} INFO - [2026-09-18T11:18:11.702+0700] {dag.py:3239} INFO - Sync 1 DAGs
[2026-09-18T11:18:11.708+0700] {logging_mixin.py:190} INFO - [2026-09-18T11:18:11.708+0700] {dag.py:3262} INFO - Creating ORM DAG for example_dag_decorator
[2026-09-18T11:18:11.709+0700] {logging_mixin.py:190} INFO - [2026-09-18T11:18:11.709+0700] {dag.py:4180} INFO - Setting next_dagrun for example_dag_decorator to None, run_after=None
[2026-09-18T11:18:11.718+0700] {processor.py:208} INFO - Processing /Users/andreasanditya/Downloads/572392_Andreas_AirflowETL/code/.venv/lib/python3.9/site-packages/airflow/example_dags/example_dag_decorator.py took 0.284 seconds
[2026-09-18T11:21:27.578+0700] {processor.py:186} INFO - Started process (PID=13273) to work on /Users/andreasanditya/Downloads/572392_Andreas_AirflowETL/code/.venv/lib/python3.9/site-packages/airflow/example_dags/example_dag_decorator.py
[2026-09-18T11:21:27.580+0700] {processor.py:914} INFO - Processing file /Users/andreasanditya/Downloads/572392_Andreas_AirflowETL/code/.venv/lib/python3.9/site-packages/airflow/example_dags/example_dag_decorator.py for tasks to queue
[2026-09-18T11:21:27.581+0700] {logging_mixin.py:190} INFO - [2026-09-18T11:21:27.581+0700] {dagbag.py:588} INFO - Filling up the DagBag from /Users/andreasanditya/Downloads/572392_Andreas_AirflowETL/code/.venv/lib/python3.9/site-packages/airflow/example_dags/example_dag_decorator.py
[2026-09-18T11:21:27.716+0700] {processor.py:925} INFO - DAG(s) 'example_dag_decorator' retrieved from /Users/andreasanditya/Downloads/572392_Andreas_AirflowETL/code/.venv/lib/python3.9/site-packages/airflow/example_dags/example_dag_decorator.py
[2026-09-18T11:21:27.826+0700] {logging_mixin.py:190} INFO - [2026-09-18T11:21:27.825+0700] {dag.py:3239} INFO - Sync 1 DAGs
[2026-09-18T11:21:27.831+0700] {logging_mixin.py:190} INFO - [2026-09-18T11:21:27.831+0700] {dag.py:4180} INFO - Setting next_dagrun for example_dag_decorator to None, run_after=None
[2026-09-18T11:21:27.842+0700] {processor.py:208} INFO - Processing /Users/andreasanditya/Downloads/572392_Andreas_AirflowETL/code/.venv/lib/python3.9/site-packages/airflow/example_dags/example_dag_decorator.py took 0.266 seconds
[2026-09-18T11:25:25.011+0700] {processor.py:186} INFO - Started process (PID=15866) to work on /Users/andreasanditya/Downloads/572392_Andreas_AirflowETL/code/.venv/lib/python3.9/site-packages/airflow/example_dags/example_dag_decorator.py
[2026-09-18T11:25:25.012+0700] {processor.py:914} INFO - Processing file /Users/andreasanditya/Downloads/572392_Andreas_AirflowETL/code/.venv/lib/python3.9/site-packages/airflow/example_dags/example_dag_decorator.py for tasks to queue
[2026-09-18T11:25:25.013+0700] {logging_mixin.py:190} INFO - [2026-09-18T11:25:25.013+0700] {dagbag.py:588} INFO - Filling up the DagBag from /Users/andreasanditya/Downloads/572392_Andreas_AirflowETL/code/.venv/lib/python3.9/site-packages/airflow/example_dags/example_dag_decorator.py
[2026-09-18T11:25:25.114+0700] {processor.py:925} INFO - DAG(s) 'example_dag_decorator' retrieved from /Users/andreasanditya/Downloads/572392_Andreas_AirflowETL/code/.venv/lib/python3.9/site-packages/airflow/example_dags/example_dag_decorator.py
[2026-09-18T11:25:25.235+0700] {logging_mixin.py:190} INFO - [2026-09-18T11:25:25.234+0700] {dag.py:3239} INFO - Sync 1 DAGs
[2026-09-18T11:25:25.241+0700] {logging_mixin.py:190} INFO - [2026-09-18T11:25:25.241+0700] {dag.py:4180} INFO - Setting next_dagrun for example_dag_decorator to None, run_after=None
[2026-09-18T11:25:25.252+0700] {processor.py:208} INFO - Processing /Users/andreasanditya/Downloads/572392_Andreas_AirflowETL/code/.venv/lib/python3.9/site-packages/airflow/example_dags/example_dag_decorator.py took 0.243 seconds
[2026-09-18T11:28:30.717+0700] {processor.py:186} INFO - Started process (PID=17731) to work on /Users/andreasanditya/Downloads/572392_Andreas_AirflowETL/code/.venv/lib/python3.9/site-packages/airflow/example_dags/example_dag_decorator.py
[2026-09-18T11:28:30.718+0700] {processor.py:914} INFO - Processing file /Users/andreasanditya/Downloads/572392_Andreas_AirflowETL/code/.venv/lib/python3.9/site-packages/airflow/example_dags/example_dag_decorator.py for tasks to queue
[2026-09-18T11:28:30.719+0700] {logging_mixin.py:190} INFO - [2026-09-18T11:28:30.719+0700] {dagbag.py:588} INFO - Filling up the DagBag from /Users/andreasanditya/Downloads/572392_Andreas_AirflowETL/code/.venv/lib/python3.9/site-packages/airflow/example_dags/example_dag_decorator.py
[2026-09-18T11:28:30.864+0700] {processor.py:925} INFO - DAG(s) 'example_dag_decorator' retrieved from /Users/andreasanditya/Downloads/572392_Andreas_AirflowETL/code/.venv/lib/python3.9/site-packages/airflow/example_dags/example_dag_decorator.py
[2026-09-18T11:28:30.974+0700] {logging_mixin.py:190} INFO - [2026-09-18T11:28:30.974+0700] {dag.py:3239} INFO - Sync 1 DAGs
[2026-09-18T11:28:30.980+0700] {logging_mixin.py:190} INFO - [2026-09-18T11:28:30.980+0700] {dag.py:4180} INFO - Setting next_dagrun for example_dag_decorator to None, run_after=None
[2026-09-18T11:28:30.991+0700] {processor.py:208} INFO - Processing /Users/andreasanditya/Downloads/572392_Andreas_AirflowETL/code/.venv/lib/python3.9/site-packages/airflow/example_dags/example_dag_decorator.py took 0.276 seconds
[2026-09-18T11:31:30.281+0700] {processor.py:186} INFO - Started process (PID=19594) to work on /Users/andreasanditya/Downloads/572392_Andreas_AirflowETL/code/.venv/lib/python3.9/site-packages/airflow/example_dags/example_dag_decorator.py
[2026-09-18T11:31:30.282+0700] {processor.py:914} INFO - Processing file /Users/andreasanditya/Downloads/572392_Andreas_AirflowETL/code/.venv/lib/python3.9/site-packages/airflow/example_dags/example_dag_decorator.py for tasks to queue
[2026-09-18T11:31:30.283+0700] {logging_mixin.py:190} INFO - [2026-09-18T11:31:30.283+0700] {dagbag.py:588} INFO - Filling up the DagBag from /Users/andreasanditya/Downloads/572392_Andreas_AirflowETL/code/.venv/lib/python3.9/site-packages/airflow/example_dags/example_dag_decorator.py
[2026-09-18T11:31:30.424+0700] {processor.py:925} INFO - DAG(s) 'example_dag_decorator' retrieved from /Users/andreasanditya/Downloads/572392_Andreas_AirflowETL/code/.venv/lib/python3.9/site-packages/airflow/example_dags/example_dag_decorator.py
[2026-09-18T11:31:30.529+0700] {logging_mixin.py:190} INFO - [2026-09-18T11:31:30.529+0700] {dag.py:3239} INFO - Sync 1 DAGs
[2026-09-18T11:31:30.534+0700] {logging_mixin.py:190} INFO - [2026-09-18T11:31:30.534+0700] {dag.py:4180} INFO - Setting next_dagrun for example_dag_decorator to None, run_after=None
[2026-09-18T11:31:30.544+0700] {processor.py:208} INFO - Processing /Users/andreasanditya/Downloads/572392_Andreas_AirflowETL/code/.venv/lib/python3.9/site-packages/airflow/example_dags/example_dag_decorator.py took 0.265 seconds
[2026-09-18T11:34:23.297+0700] {processor.py:186} INFO - Started process (PID=21453) to work on /Users/andreasanditya/Downloads/572392_Andreas_AirflowETL/code/.venv/lib/python3.9/site-packages/airflow/example_dags/example_dag_decorator.py
[2026-09-18T11:34:23.299+0700] {processor.py:914} INFO - Processing file /Users/andreasanditya/Downloads/572392_Andreas_AirflowETL/code/.venv/lib/python3.9/site-packages/airflow/example_dags/example_dag_decorator.py for tasks to queue
[2026-09-18T11:34:23.300+0700] {logging_mixin.py:190} INFO - [2026-09-18T11:34:23.300+0700] {dagbag.py:588} INFO - Filling up the DagBag from /Users/andreasanditya/Downloads/572392_Andreas_AirflowETL/code/.venv/lib/python3.9/site-packages/airflow/example_dags/example_dag_decorator.py
[2026-09-18T11:34:23.441+0700] {processor.py:925} INFO - DAG(s) 'example_dag_decorator' retrieved from /Users/andreasanditya/Downloads/572392_Andreas_AirflowETL/code/.venv/lib/python3.9/site-packages/airflow/example_dags/example_dag_decorator.py
[2026-09-18T11:34:23.555+0700] {logging_mixin.py:190} INFO - [2026-09-18T11:34:23.555+0700] {dag.py:3239} INFO - Sync 1 DAGs
[2026-09-18T11:34:23.561+0700] {logging_mixin.py:190} INFO - [2026-09-18T11:34:23.561+0700] {dag.py:4180} INFO - Setting next_dagrun for example_dag_decorator to None, run_after=None
[2026-09-18T11:34:23.572+0700] {processor.py:208} INFO - Processing /Users/andreasanditya/Downloads/572392_Andreas_AirflowETL/code/.venv/lib/python3.9/site-packages/airflow/example_dags/example_dag_decorator.py took 0.277 seconds
[2026-09-18T11:37:20.194+0700] {processor.py:186} INFO - Started process (PID=23403) to work on /Users/andreasanditya/Downloads/572392_Andreas_AirflowETL/code/.venv/lib/python3.9/site-packages/airflow/example_dags/example_dag_decorator.py
[2026-09-18T11:37:20.195+0700] {processor.py:914} INFO - Processing file /Users/andreasanditya/Downloads/572392_Andreas_AirflowETL/code/.venv/lib/python3.9/site-packages/airflow/example_dags/example_dag_decorator.py for tasks to queue
[2026-09-18T11:37:20.195+0700] {logging_mixin.py:190} INFO - [2026-09-18T11:37:20.195+0700] {dagbag.py:588} INFO - Filling up the DagBag from /Users/andreasanditya/Downloads/572392_Andreas_AirflowETL/code/.venv/lib/python3.9/site-packages/airflow/example_dags/example_dag_decorator.py
[2026-09-18T11:37:20.329+0700] {processor.py:925} INFO - DAG(s) 'example_dag_decorator' retrieved from /Users/andreasanditya/Downloads/572392_Andreas_AirflowETL/code/.venv/lib/python3.9/site-packages/airflow/example_dags/example_dag_decorator.py
[2026-09-18T11:37:20.431+0700] {logging_mixin.py:190} INFO - [2026-09-18T11:37:20.431+0700] {dag.py:3239} INFO - Sync 1 DAGs
[2026-09-18T11:37:20.437+0700] {logging_mixin.py:190} INFO - [2026-09-18T11:37:20.436+0700] {dag.py:4180} INFO - Setting next_dagrun for example_dag_decorator to None, run_after=None
[2026-09-18T11:37:20.447+0700] {processor.py:208} INFO - Processing /Users/andreasanditya/Downloads/572392_Andreas_AirflowETL/code/.venv/lib/python3.9/site-packages/airflow/example_dags/example_dag_decorator.py took 0.255 seconds
[2026-09-18T11:40:15.033+0700] {processor.py:186} INFO - Started process (PID=25162) to work on /Users/andreasanditya/Downloads/572392_Andreas_AirflowETL/code/.venv/lib/python3.9/site-packages/airflow/example_dags/example_dag_decorator.py
[2026-09-18T11:40:15.034+0700] {processor.py:914} INFO - Processing file /Users/andreasanditya/Downloads/572392_Andreas_AirflowETL/code/.venv/lib/python3.9/site-packages/airflow/example_dags/example_dag_decorator.py for tasks to queue
[2026-09-18T11:40:15.035+0700] {logging_mixin.py:190} INFO - [2026-09-18T11:40:15.035+0700] {dagbag.py:588} INFO - Filling up the DagBag from /Users/andreasanditya/Downloads/572392_Andreas_AirflowETL/code/.venv/lib/python3.9/site-packages/airflow/example_dags/example_dag_decorator.py
[2026-09-18T11:40:15.171+0700] {processor.py:925} INFO - DAG(s) 'example_dag_decorator' retrieved from /Users/andreasanditya/Downloads/572392_Andreas_AirflowETL/code/.venv/lib/python3.9/site-packages/airflow/example_dags/example_dag_decorator.py
[2026-09-18T11:40:15.276+0700] {logging_mixin.py:190} INFO - [2026-09-18T11:40:15.276+0700] {dag.py:3239} INFO - Sync 1 DAGs
[2026-09-18T11:40:15.282+0700] {logging_mixin.py:190} INFO - [2026-09-18T11:40:15.282+0700] {dag.py:4180} INFO - Setting next_dagrun for example_dag_decorator to None, run_after=None
[2026-09-18T11:40:15.293+0700] {processor.py:208} INFO - Processing /Users/andreasanditya/Downloads/572392_Andreas_AirflowETL/code/.venv/lib/python3.9/site-packages/airflow/example_dags/example_dag_decorator.py took 0.261 seconds
[2026-09-18T11:43:14.096+0700] {processor.py:186} INFO - Started process (PID=27032) to work on /Users/andreasanditya/Downloads/572392_Andreas_AirflowETL/code/.venv/lib/python3.9/site-packages/airflow/example_dags/example_dag_decorator.py
[2026-09-18T11:43:14.097+0700] {processor.py:914} INFO - Processing file /Users/andreasanditya/Downloads/572392_Andreas_AirflowETL/code/.venv/lib/python3.9/site-packages/airflow/example_dags/example_dag_decorator.py for tasks to queue
[2026-09-18T11:43:14.097+0700] {logging_mixin.py:190} INFO - [2026-09-18T11:43:14.097+0700] {dagbag.py:588} INFO - Filling up the DagBag from /Users/andreasanditya/Downloads/572392_Andreas_AirflowETL/code/.venv/lib/python3.9/site-packages/airflow/example_dags/example_dag_decorator.py
[2026-09-18T11:43:14.224+0700] {processor.py:925} INFO - DAG(s) 'example_dag_decorator' retrieved from /Users/andreasanditya/Downloads/572392_Andreas_AirflowETL/code/.venv/lib/python3.9/site-packages/airflow/example_dags/example_dag_decorator.py
[2026-09-18T11:43:14.344+0700] {logging_mixin.py:190} INFO - [2026-09-18T11:43:14.344+0700] {dag.py:3239} INFO - Sync 1 DAGs
[2026-09-18T11:43:14.350+0700] {logging_mixin.py:190} INFO - [2026-09-18T11:43:14.350+0700] {dag.py:4180} INFO - Setting next_dagrun for example_dag_decorator to None, run_after=None
[2026-09-18T11:43:14.360+0700] {processor.py:208} INFO - Processing /Users/andreasanditya/Downloads/572392_Andreas_AirflowETL/code/.venv/lib/python3.9/site-packages/airflow/example_dags/example_dag_decorator.py took 0.267 seconds
[2026-09-18T11:46:07.669+0700] {processor.py:186} INFO - Started process (PID=28744) to work on /Users/andreasanditya/Downloads/572392_Andreas_AirflowETL/code/.venv/lib/python3.9/site-packages/airflow/example_dags/example_dag_decorator.py
[2026-09-18T11:46:07.671+0700] {processor.py:914} INFO - Processing file /Users/andreasanditya/Downloads/572392_Andreas_AirflowETL/code/.venv/lib/python3.9/site-packages/airflow/example_dags/example_dag_decorator.py for tasks to queue
[2026-09-18T11:46:07.672+0700] {logging_mixin.py:190} INFO - [2026-09-18T11:46:07.672+0700] {dagbag.py:588} INFO - Filling up the DagBag from /Users/andreasanditya/Downloads/572392_Andreas_AirflowETL/code/.venv/lib/python3.9/site-packages/airflow/example_dags/example_dag_decorator.py
[2026-09-18T11:46:07.799+0700] {processor.py:925} INFO - DAG(s) 'example_dag_decorator' retrieved from /Users/andreasanditya/Downloads/572392_Andreas_AirflowETL/code/.venv/lib/python3.9/site-packages/airflow/example_dags/example_dag_decorator.py
[2026-09-18T11:46:07.917+0700] {logging_mixin.py:190} INFO - [2026-09-18T11:46:07.917+0700] {dag.py:3239} INFO - Sync 1 DAGs
[2026-09-18T11:46:07.923+0700] {logging_mixin.py:190} INFO - [2026-09-18T11:46:07.923+0700] {dag.py:4180} INFO - Setting next_dagrun for example_dag_decorator to None, run_after=None
[2026-09-18T11:46:07.933+0700] {processor.py:208} INFO - Processing /Users/andreasanditya/Downloads/572392_Andreas_AirflowETL/code/.venv/lib/python3.9/site-packages/airflow/example_dags/example_dag_decorator.py took 0.266 seconds
[2026-09-18T11:49:00.720+0700] {processor.py:186} INFO - Started process (PID=30496) to work on /Users/andreasanditya/Downloads/572392_Andreas_AirflowETL/code/.venv/lib/python3.9/site-packages/airflow/example_dags/example_dag_decorator.py
[2026-09-18T11:49:00.722+0700] {processor.py:914} INFO - Processing file /Users/andreasanditya/Downloads/572392_Andreas_AirflowETL/code/.venv/lib/python3.9/site-packages/airflow/example_dags/example_dag_decorator.py for tasks to queue
[2026-09-18T11:49:00.723+0700] {logging_mixin.py:190} INFO - [2026-09-18T11:49:00.722+0700] {dagbag.py:588} INFO - Filling up the DagBag from /Users/andreasanditya/Downloads/572392_Andreas_AirflowETL/code/.venv/lib/python3.9/site-packages/airflow/example_dags/example_dag_decorator.py
[2026-09-18T11:49:00.860+0700] {processor.py:925} INFO - DAG(s) 'example_dag_decorator' retrieved from /Users/andreasanditya/Downloads/572392_Andreas_AirflowETL/code/.venv/lib/python3.9/site-packages/airflow/example_dags/example_dag_decorator.py
[2026-09-18T11:49:00.979+0700] {logging_mixin.py:190} INFO - [2026-09-18T11:49:00.979+0700] {dag.py:3239} INFO - Sync 1 DAGs
[2026-09-18T11:49:00.985+0700] {logging_mixin.py:190} INFO - [2026-09-18T11:49:00.984+0700] {dag.py:4180} INFO - Setting next_dagrun for example_dag_decorator to None, run_after=None
[2026-09-18T11:49:00.995+0700] {processor.py:208} INFO - Processing /Users/andreasanditya/Downloads/572392_Andreas_AirflowETL/code/.venv/lib/python3.9/site-packages/airflow/example_dags/example_dag_decorator.py took 0.277 seconds
[2026-09-18T11:51:52.320+0700] {processor.py:186} INFO - Started process (PID=32217) to work on /Users/andreasanditya/Downloads/572392_Andreas_AirflowETL/code/.venv/lib/python3.9/site-packages/airflow/example_dags/example_dag_decorator.py
[2026-09-18T11:51:52.321+0700] {processor.py:914} INFO - Processing file /Users/andreasanditya/Downloads/572392_Andreas_AirflowETL/code/.venv/lib/python3.9/site-packages/airflow/example_dags/example_dag_decorator.py for tasks to queue
[2026-09-18T11:51:52.322+0700] {logging_mixin.py:190} INFO - [2026-09-18T11:51:52.322+0700] {dagbag.py:588} INFO - Filling up the DagBag from /Users/andreasanditya/Downloads/572392_Andreas_AirflowETL/code/.venv/lib/python3.9/site-packages/airflow/example_dags/example_dag_decorator.py
[2026-09-18T11:51:52.458+0700] {processor.py:925} INFO - DAG(s) 'example_dag_decorator' retrieved from /Users/andreasanditya/Downloads/572392_Andreas_AirflowETL/code/.venv/lib/python3.9/site-packages/airflow/example_dags/example_dag_decorator.py
[2026-09-18T11:51:52.562+0700] {logging_mixin.py:190} INFO - [2026-09-18T11:51:52.562+0700] {dag.py:3239} INFO - Sync 1 DAGs
[2026-09-18T11:51:52.568+0700] {logging_mixin.py:190} INFO - [2026-09-18T11:51:52.568+0700] {dag.py:4180} INFO - Setting next_dagrun for example_dag_decorator to None, run_after=None
[2026-09-18T11:51:52.578+0700] {processor.py:208} INFO - Processing /Users/andreasanditya/Downloads/572392_Andreas_AirflowETL/code/.venv/lib/python3.9/site-packages/airflow/example_dags/example_dag_decorator.py took 0.260 seconds
[2026-09-18T11:54:45.073+0700] {processor.py:186} INFO - Started process (PID=33960) to work on /Users/andreasanditya/Downloads/572392_Andreas_AirflowETL/code/.venv/lib/python3.9/site-packages/airflow/example_dags/example_dag_decorator.py
[2026-09-18T11:54:45.074+0700] {processor.py:914} INFO - Processing file /Users/andreasanditya/Downloads/572392_Andreas_AirflowETL/code/.venv/lib/python3.9/site-packages/airflow/example_dags/example_dag_decorator.py for tasks to queue
[2026-09-18T11:54:45.075+0700] {logging_mixin.py:190} INFO - [2026-09-18T11:54:45.075+0700] {dagbag.py:588} INFO - Filling up the DagBag from /Users/andreasanditya/Downloads/572392_Andreas_AirflowETL/code/.venv/lib/python3.9/site-packages/airflow/example_dags/example_dag_decorator.py
[2026-09-18T11:54:45.215+0700] {processor.py:925} INFO - DAG(s) 'example_dag_decorator' retrieved from /Users/andreasanditya/Downloads/572392_Andreas_AirflowETL/code/.venv/lib/python3.9/site-packages/airflow/example_dags/example_dag_decorator.py
[2026-09-18T11:54:45.334+0700] {logging_mixin.py:190} INFO - [2026-09-18T11:54:45.334+0700] {dag.py:3239} INFO - Sync 1 DAGs
[2026-09-18T11:54:45.340+0700] {logging_mixin.py:190} INFO - [2026-09-18T11:54:45.339+0700] {dag.py:4180} INFO - Setting next_dagrun for example_dag_decorator to None, run_after=None
[2026-09-18T11:54:45.350+0700] {processor.py:208} INFO - Processing /Users/andreasanditya/Downloads/572392_Andreas_AirflowETL/code/.venv/lib/python3.9/site-packages/airflow/example_dags/example_dag_decorator.py took 0.279 seconds
[2026-09-18T11:57:41.448+0700] {processor.py:186} INFO - Started process (PID=35713) to work on /Users/andreasanditya/Downloads/572392_Andreas_AirflowETL/code/.venv/lib/python3.9/site-packages/airflow/example_dags/example_dag_decorator.py
[2026-09-18T11:57:41.449+0700] {processor.py:914} INFO - Processing file /Users/andreasanditya/Downloads/572392_Andreas_AirflowETL/code/.venv/lib/python3.9/site-packages/airflow/example_dags/example_dag_decorator.py for tasks to queue
[2026-09-18T11:57:41.450+0700] {logging_mixin.py:190} INFO - [2026-09-18T11:57:41.450+0700] {dagbag.py:588} INFO - Filling up the DagBag from /Users/andreasanditya/Downloads/572392_Andreas_AirflowETL/code/.venv/lib/python3.9/site-packages/airflow/example_dags/example_dag_decorator.py
[2026-09-18T11:57:41.580+0700] {processor.py:925} INFO - DAG(s) 'example_dag_decorator' retrieved from /Users/andreasanditya/Downloads/572392_Andreas_AirflowETL/code/.venv/lib/python3.9/site-packages/airflow/example_dags/example_dag_decorator.py
[2026-09-18T11:57:41.698+0700] {logging_mixin.py:190} INFO - [2026-09-18T11:57:41.698+0700] {dag.py:3239} INFO - Sync 1 DAGs
[2026-09-18T11:57:41.704+0700] {logging_mixin.py:190} INFO - [2026-09-18T11:57:41.704+0700] {dag.py:4180} INFO - Setting next_dagrun for example_dag_decorator to None, run_after=None
[2026-09-18T11:57:41.714+0700] {processor.py:208} INFO - Processing /Users/andreasanditya/Downloads/572392_Andreas_AirflowETL/code/.venv/lib/python3.9/site-packages/airflow/example_dags/example_dag_decorator.py took 0.268 seconds
[2026-09-18T12:00:31.325+0700] {processor.py:186} INFO - Started process (PID=37436) to work on /Users/andreasanditya/Downloads/572392_Andreas_AirflowETL/code/.venv/lib/python3.9/site-packages/airflow/example_dags/example_dag_decorator.py
[2026-09-18T12:00:31.326+0700] {processor.py:914} INFO - Processing file /Users/andreasanditya/Downloads/572392_Andreas_AirflowETL/code/.venv/lib/python3.9/site-packages/airflow/example_dags/example_dag_decorator.py for tasks to queue
[2026-09-18T12:00:31.327+0700] {logging_mixin.py:190} INFO - [2026-09-18T12:00:31.327+0700] {dagbag.py:588} INFO - Filling up the DagBag from /Users/andreasanditya/Downloads/572392_Andreas_AirflowETL/code/.venv/lib/python3.9/site-packages/airflow/example_dags/example_dag_decorator.py
[2026-09-18T12:00:31.455+0700] {processor.py:925} INFO - DAG(s) 'example_dag_decorator' retrieved from /Users/andreasanditya/Downloads/572392_Andreas_AirflowETL/code/.venv/lib/python3.9/site-packages/airflow/example_dags/example_dag_decorator.py
[2026-09-18T12:00:31.573+0700] {logging_mixin.py:190} INFO - [2026-09-18T12:00:31.573+0700] {dag.py:3239} INFO - Sync 1 DAGs
[2026-09-18T12:00:31.578+0700] {logging_mixin.py:190} INFO - [2026-09-18T12:00:31.578+0700] {dag.py:4180} INFO - Setting next_dagrun for example_dag_decorator to None, run_after=None
[2026-09-18T12:00:31.588+0700] {processor.py:208} INFO - Processing /Users/andreasanditya/Downloads/572392_Andreas_AirflowETL/code/.venv/lib/python3.9/site-packages/airflow/example_dags/example_dag_decorator.py took 0.265 seconds
[2026-09-18T12:03:25.693+0700] {processor.py:186} INFO - Started process (PID=39199) to work on /Users/andreasanditya/Downloads/572392_Andreas_AirflowETL/code/.venv/lib/python3.9/site-packages/airflow/example_dags/example_dag_decorator.py
[2026-09-18T12:03:25.693+0700] {processor.py:914} INFO - Processing file /Users/andreasanditya/Downloads/572392_Andreas_AirflowETL/code/.venv/lib/python3.9/site-packages/airflow/example_dags/example_dag_decorator.py for tasks to queue
[2026-09-18T12:03:25.694+0700] {logging_mixin.py:190} INFO - [2026-09-18T12:03:25.694+0700] {dagbag.py:588} INFO - Filling up the DagBag from /Users/andreasanditya/Downloads/572392_Andreas_AirflowETL/code/.venv/lib/python3.9/site-packages/airflow/example_dags/example_dag_decorator.py
[2026-09-18T12:03:25.834+0700] {processor.py:925} INFO - DAG(s) 'example_dag_decorator' retrieved from /Users/andreasanditya/Downloads/572392_Andreas_AirflowETL/code/.venv/lib/python3.9/site-packages/airflow/example_dags/example_dag_decorator.py
[2026-09-18T12:03:25.951+0700] {logging_mixin.py:190} INFO - [2026-09-18T12:03:25.950+0700] {dag.py:3239} INFO - Sync 1 DAGs
[2026-09-18T12:03:25.956+0700] {logging_mixin.py:190} INFO - [2026-09-18T12:03:25.956+0700] {dag.py:4180} INFO - Setting next_dagrun for example_dag_decorator to None, run_after=None
[2026-09-18T12:03:25.966+0700] {processor.py:208} INFO - Processing /Users/andreasanditya/Downloads/572392_Andreas_AirflowETL/code/.venv/lib/python3.9/site-packages/airflow/example_dags/example_dag_decorator.py took 0.276 seconds
[2026-09-18T12:06:20.115+0700] {processor.py:186} INFO - Started process (PID=40929) to work on /Users/andreasanditya/Downloads/572392_Andreas_AirflowETL/code/.venv/lib/python3.9/site-packages/airflow/example_dags/example_dag_decorator.py
[2026-09-18T12:06:20.116+0700] {processor.py:914} INFO - Processing file /Users/andreasanditya/Downloads/572392_Andreas_AirflowETL/code/.venv/lib/python3.9/site-packages/airflow/example_dags/example_dag_decorator.py for tasks to queue
[2026-09-18T12:06:20.117+0700] {logging_mixin.py:190} INFO - [2026-09-18T12:06:20.117+0700] {dagbag.py:588} INFO - Filling up the DagBag from /Users/andreasanditya/Downloads/572392_Andreas_AirflowETL/code/.venv/lib/python3.9/site-packages/airflow/example_dags/example_dag_decorator.py
[2026-09-18T12:06:20.257+0700] {processor.py:925} INFO - DAG(s) 'example_dag_decorator' retrieved from /Users/andreasanditya/Downloads/572392_Andreas_AirflowETL/code/.venv/lib/python3.9/site-packages/airflow/example_dags/example_dag_decorator.py
[2026-09-18T12:06:20.379+0700] {logging_mixin.py:190} INFO - [2026-09-18T12:06:20.379+0700] {dag.py:3239} INFO - Sync 1 DAGs
[2026-09-18T12:06:20.384+0700] {logging_mixin.py:190} INFO - [2026-09-18T12:06:20.384+0700] {dag.py:4180} INFO - Setting next_dagrun for example_dag_decorator to None, run_after=None
[2026-09-18T12:06:20.396+0700] {processor.py:208} INFO - Processing /Users/andreasanditya/Downloads/572392_Andreas_AirflowETL/code/.venv/lib/python3.9/site-packages/airflow/example_dags/example_dag_decorator.py took 0.283 seconds
[2026-09-18T12:09:14.940+0700] {processor.py:186} INFO - Started process (PID=42758) to work on /Users/andreasanditya/Downloads/572392_Andreas_AirflowETL/code/.venv/lib/python3.9/site-packages/airflow/example_dags/example_dag_decorator.py
[2026-09-18T12:09:14.941+0700] {processor.py:914} INFO - Processing file /Users/andreasanditya/Downloads/572392_Andreas_AirflowETL/code/.venv/lib/python3.9/site-packages/airflow/example_dags/example_dag_decorator.py for tasks to queue
[2026-09-18T12:09:14.942+0700] {logging_mixin.py:190} INFO - [2026-09-18T12:09:14.942+0700] {dagbag.py:588} INFO - Filling up the DagBag from /Users/andreasanditya/Downloads/572392_Andreas_AirflowETL/code/.venv/lib/python3.9/site-packages/airflow/example_dags/example_dag_decorator.py
[2026-09-18T12:09:15.070+0700] {processor.py:925} INFO - DAG(s) 'example_dag_decorator' retrieved from /Users/andreasanditya/Downloads/572392_Andreas_AirflowETL/code/.venv/lib/python3.9/site-packages/airflow/example_dags/example_dag_decorator.py
[2026-09-18T12:09:15.189+0700] {logging_mixin.py:190} INFO - [2026-09-18T12:09:15.189+0700] {dag.py:3239} INFO - Sync 1 DAGs
[2026-09-18T12:09:15.194+0700] {logging_mixin.py:190} INFO - [2026-09-18T12:09:15.194+0700] {dag.py:4180} INFO - Setting next_dagrun for example_dag_decorator to None, run_after=None
[2026-09-18T12:09:15.205+0700] {processor.py:208} INFO - Processing /Users/andreasanditya/Downloads/572392_Andreas_AirflowETL/code/.venv/lib/python3.9/site-packages/airflow/example_dags/example_dag_decorator.py took 0.267 seconds
[2026-09-18T12:12:08.351+0700] {processor.py:186} INFO - Started process (PID=44483) to work on /Users/andreasanditya/Downloads/572392_Andreas_AirflowETL/code/.venv/lib/python3.9/site-packages/airflow/example_dags/example_dag_decorator.py
[2026-09-18T12:12:08.351+0700] {processor.py:914} INFO - Processing file /Users/andreasanditya/Downloads/572392_Andreas_AirflowETL/code/.venv/lib/python3.9/site-packages/airflow/example_dags/example_dag_decorator.py for tasks to queue
[2026-09-18T12:12:08.352+0700] {logging_mixin.py:190} INFO - [2026-09-18T12:12:08.352+0700] {dagbag.py:588} INFO - Filling up the DagBag from /Users/andreasanditya/Downloads/572392_Andreas_AirflowETL/code/.venv/lib/python3.9/site-packages/airflow/example_dags/example_dag_decorator.py
[2026-09-18T12:12:08.479+0700] {processor.py:925} INFO - DAG(s) 'example_dag_decorator' retrieved from /Users/andreasanditya/Downloads/572392_Andreas_AirflowETL/code/.venv/lib/python3.9/site-packages/airflow/example_dags/example_dag_decorator.py
[2026-09-18T12:12:08.602+0700] {logging_mixin.py:190} INFO - [2026-09-18T12:12:08.602+0700] {dag.py:3239} INFO - Sync 1 DAGs
[2026-09-18T12:12:08.608+0700] {logging_mixin.py:190} INFO - [2026-09-18T12:12:08.608+0700] {dag.py:4180} INFO - Setting next_dagrun for example_dag_decorator to None, run_after=None
[2026-09-18T12:12:08.618+0700] {processor.py:208} INFO - Processing /Users/andreasanditya/Downloads/572392_Andreas_AirflowETL/code/.venv/lib/python3.9/site-packages/airflow/example_dags/example_dag_decorator.py took 0.270 seconds
[2026-09-18T12:15:06.731+0700] {processor.py:186} INFO - Started process (PID=47176) to work on /Users/andreasanditya/Downloads/572392_Andreas_AirflowETL/code/.venv/lib/python3.9/site-packages/airflow/example_dags/example_dag_decorator.py
[2026-09-18T12:15:06.732+0700] {processor.py:914} INFO - Processing file /Users/andreasanditya/Downloads/572392_Andreas_AirflowETL/code/.venv/lib/python3.9/site-packages/airflow/example_dags/example_dag_decorator.py for tasks to queue
[2026-09-18T12:15:06.732+0700] {logging_mixin.py:190} INFO - [2026-09-18T12:15:06.732+0700] {dagbag.py:588} INFO - Filling up the DagBag from /Users/andreasanditya/Downloads/572392_Andreas_AirflowETL/code/.venv/lib/python3.9/site-packages/airflow/example_dags/example_dag_decorator.py
[2026-09-18T12:15:06.870+0700] {processor.py:925} INFO - DAG(s) 'example_dag_decorator' retrieved from /Users/andreasanditya/Downloads/572392_Andreas_AirflowETL/code/.venv/lib/python3.9/site-packages/airflow/example_dags/example_dag_decorator.py
[2026-09-18T12:15:06.994+0700] {logging_mixin.py:190} INFO - [2026-09-18T12:15:06.994+0700] {dag.py:3239} INFO - Sync 1 DAGs
[2026-09-18T12:15:07.000+0700] {logging_mixin.py:190} INFO - [2026-09-18T12:15:07.000+0700] {dag.py:4180} INFO - Setting next_dagrun for example_dag_decorator to None, run_after=None
[2026-09-18T12:15:07.011+0700] {processor.py:208} INFO - Processing /Users/andreasanditya/Downloads/572392_Andreas_AirflowETL/code/.venv/lib/python3.9/site-packages/airflow/example_dags/example_dag_decorator.py took 0.282 seconds
[2026-09-18T12:18:01.843+0700] {processor.py:186} INFO - Started process (PID=50109) to work on /Users/andreasanditya/Downloads/572392_Andreas_AirflowETL/code/.venv/lib/python3.9/site-packages/airflow/example_dags/example_dag_decorator.py
[2026-09-18T12:18:01.844+0700] {processor.py:914} INFO - Processing file /Users/andreasanditya/Downloads/572392_Andreas_AirflowETL/code/.venv/lib/python3.9/site-packages/airflow/example_dags/example_dag_decorator.py for tasks to queue
[2026-09-18T12:18:01.845+0700] {logging_mixin.py:190} INFO - [2026-09-18T12:18:01.845+0700] {dagbag.py:588} INFO - Filling up the DagBag from /Users/andreasanditya/Downloads/572392_Andreas_AirflowETL/code/.venv/lib/python3.9/site-packages/airflow/example_dags/example_dag_decorator.py
[2026-09-18T12:18:01.982+0700] {processor.py:925} INFO - DAG(s) 'example_dag_decorator' retrieved from /Users/andreasanditya/Downloads/572392_Andreas_AirflowETL/code/.venv/lib/python3.9/site-packages/airflow/example_dags/example_dag_decorator.py
[2026-09-18T12:18:02.108+0700] {logging_mixin.py:190} INFO - [2026-09-18T12:18:02.108+0700] {dag.py:3239} INFO - Sync 1 DAGs
[2026-09-18T12:18:02.114+0700] {logging_mixin.py:190} INFO - [2026-09-18T12:18:02.114+0700] {dag.py:4180} INFO - Setting next_dagrun for example_dag_decorator to None, run_after=None
[2026-09-18T12:18:02.124+0700] {processor.py:208} INFO - Processing /Users/andreasanditya/Downloads/572392_Andreas_AirflowETL/code/.venv/lib/python3.9/site-packages/airflow/example_dags/example_dag_decorator.py took 0.283 seconds
[2026-09-18T12:21:00.385+0700] {processor.py:186} INFO - Started process (PID=53304) to work on /Users/andreasanditya/Downloads/572392_Andreas_AirflowETL/code/.venv/lib/python3.9/site-packages/airflow/example_dags/example_dag_decorator.py
[2026-09-18T12:21:00.386+0700] {processor.py:914} INFO - Processing file /Users/andreasanditya/Downloads/572392_Andreas_AirflowETL/code/.venv/lib/python3.9/site-packages/airflow/example_dags/example_dag_decorator.py for tasks to queue
[2026-09-18T12:21:00.387+0700] {logging_mixin.py:190} INFO - [2026-09-18T12:21:00.387+0700] {dagbag.py:588} INFO - Filling up the DagBag from /Users/andreasanditya/Downloads/572392_Andreas_AirflowETL/code/.venv/lib/python3.9/site-packages/airflow/example_dags/example_dag_decorator.py
[2026-09-18T12:21:00.524+0700] {processor.py:925} INFO - DAG(s) 'example_dag_decorator' retrieved from /Users/andreasanditya/Downloads/572392_Andreas_AirflowETL/code/.venv/lib/python3.9/site-packages/airflow/example_dags/example_dag_decorator.py
[2026-09-18T12:21:00.648+0700] {logging_mixin.py:190} INFO - [2026-09-18T12:21:00.648+0700] {dag.py:3239} INFO - Sync 1 DAGs
[2026-09-18T12:21:00.653+0700] {logging_mixin.py:190} INFO - [2026-09-18T12:21:00.653+0700] {dag.py:4180} INFO - Setting next_dagrun for example_dag_decorator to None, run_after=None
[2026-09-18T12:21:00.664+0700] {processor.py:208} INFO - Processing /Users/andreasanditya/Downloads/572392_Andreas_AirflowETL/code/.venv/lib/python3.9/site-packages/airflow/example_dags/example_dag_decorator.py took 0.281 seconds
[2026-09-18T12:23:53.809+0700] {processor.py:186} INFO - Started process (PID=55085) to work on /Users/andreasanditya/Downloads/572392_Andreas_AirflowETL/code/.venv/lib/python3.9/site-packages/airflow/example_dags/example_dag_decorator.py
[2026-09-18T12:23:53.810+0700] {processor.py:914} INFO - Processing file /Users/andreasanditya/Downloads/572392_Andreas_AirflowETL/code/.venv/lib/python3.9/site-packages/airflow/example_dags/example_dag_decorator.py for tasks to queue
[2026-09-18T12:23:53.811+0700] {logging_mixin.py:190} INFO - [2026-09-18T12:23:53.811+0700] {dagbag.py:588} INFO - Filling up the DagBag from /Users/andreasanditya/Downloads/572392_Andreas_AirflowETL/code/.venv/lib/python3.9/site-packages/airflow/example_dags/example_dag_decorator.py
[2026-09-18T12:23:53.948+0700] {processor.py:925} INFO - DAG(s) 'example_dag_decorator' retrieved from /Users/andreasanditya/Downloads/572392_Andreas_AirflowETL/code/.venv/lib/python3.9/site-packages/airflow/example_dags/example_dag_decorator.py
[2026-09-18T12:23:54.071+0700] {logging_mixin.py:190} INFO - [2026-09-18T12:23:54.070+0700] {dag.py:3239} INFO - Sync 1 DAGs
[2026-09-18T12:23:54.076+0700] {logging_mixin.py:190} INFO - [2026-09-18T12:23:54.076+0700] {dag.py:4180} INFO - Setting next_dagrun for example_dag_decorator to None, run_after=None
[2026-09-18T12:23:54.087+0700] {processor.py:208} INFO - Processing /Users/andreasanditya/Downloads/572392_Andreas_AirflowETL/code/.venv/lib/python3.9/site-packages/airflow/example_dags/example_dag_decorator.py took 0.280 seconds
[2026-09-18T12:26:46.472+0700] {processor.py:186} INFO - Started process (PID=56924) to work on /Users/andreasanditya/Downloads/572392_Andreas_AirflowETL/code/.venv/lib/python3.9/site-packages/airflow/example_dags/example_dag_decorator.py
[2026-09-18T12:26:46.474+0700] {processor.py:914} INFO - Processing file /Users/andreasanditya/Downloads/572392_Andreas_AirflowETL/code/.venv/lib/python3.9/site-packages/airflow/example_dags/example_dag_decorator.py for tasks to queue
[2026-09-18T12:26:46.474+0700] {logging_mixin.py:190} INFO - [2026-09-18T12:26:46.474+0700] {dagbag.py:588} INFO - Filling up the DagBag from /Users/andreasanditya/Downloads/572392_Andreas_AirflowETL/code/.venv/lib/python3.9/site-packages/airflow/example_dags/example_dag_decorator.py
[2026-09-18T12:26:46.603+0700] {processor.py:925} INFO - DAG(s) 'example_dag_decorator' retrieved from /Users/andreasanditya/Downloads/572392_Andreas_AirflowETL/code/.venv/lib/python3.9/site-packages/airflow/example_dags/example_dag_decorator.py
[2026-09-18T12:26:46.708+0700] {logging_mixin.py:190} INFO - [2026-09-18T12:26:46.707+0700] {dag.py:3239} INFO - Sync 1 DAGs
[2026-09-18T12:26:46.713+0700] {logging_mixin.py:190} INFO - [2026-09-18T12:26:46.713+0700] {dag.py:4180} INFO - Setting next_dagrun for example_dag_decorator to None, run_after=None
[2026-09-18T12:26:46.724+0700] {processor.py:208} INFO - Processing /Users/andreasanditya/Downloads/572392_Andreas_AirflowETL/code/.venv/lib/python3.9/site-packages/airflow/example_dags/example_dag_decorator.py took 0.254 seconds
[2026-09-18T12:29:36.361+0700] {processor.py:186} INFO - Started process (PID=58694) to work on /Users/andreasanditya/Downloads/572392_Andreas_AirflowETL/code/.venv/lib/python3.9/site-packages/airflow/example_dags/example_dag_decorator.py
[2026-09-18T12:29:36.362+0700] {processor.py:914} INFO - Processing file /Users/andreasanditya/Downloads/572392_Andreas_AirflowETL/code/.venv/lib/python3.9/site-packages/airflow/example_dags/example_dag_decorator.py for tasks to queue
[2026-09-18T12:29:36.363+0700] {logging_mixin.py:190} INFO - [2026-09-18T12:29:36.363+0700] {dagbag.py:588} INFO - Filling up the DagBag from /Users/andreasanditya/Downloads/572392_Andreas_AirflowETL/code/.venv/lib/python3.9/site-packages/airflow/example_dags/example_dag_decorator.py
[2026-09-18T12:29:36.498+0700] {processor.py:925} INFO - DAG(s) 'example_dag_decorator' retrieved from /Users/andreasanditya/Downloads/572392_Andreas_AirflowETL/code/.venv/lib/python3.9/site-packages/airflow/example_dags/example_dag_decorator.py
[2026-09-18T12:29:36.621+0700] {logging_mixin.py:190} INFO - [2026-09-18T12:29:36.620+0700] {dag.py:3239} INFO - Sync 1 DAGs
[2026-09-18T12:29:36.626+0700] {logging_mixin.py:190} INFO - [2026-09-18T12:29:36.626+0700] {dag.py:4180} INFO - Setting next_dagrun for example_dag_decorator to None, run_after=None
[2026-09-18T12:29:36.636+0700] {processor.py:208} INFO - Processing /Users/andreasanditya/Downloads/572392_Andreas_AirflowETL/code/.venv/lib/python3.9/site-packages/airflow/example_dags/example_dag_decorator.py took 0.277 seconds
[2026-09-18T12:32:24.276+0700] {processor.py:186} INFO - Started process (PID=60435) to work on /Users/andreasanditya/Downloads/572392_Andreas_AirflowETL/code/.venv/lib/python3.9/site-packages/airflow/example_dags/example_dag_decorator.py
[2026-09-18T12:32:24.278+0700] {processor.py:914} INFO - Processing file /Users/andreasanditya/Downloads/572392_Andreas_AirflowETL/code/.venv/lib/python3.9/site-packages/airflow/example_dags/example_dag_decorator.py for tasks to queue
[2026-09-18T12:32:24.279+0700] {logging_mixin.py:190} INFO - [2026-09-18T12:32:24.278+0700] {dagbag.py:588} INFO - Filling up the DagBag from /Users/andreasanditya/Downloads/572392_Andreas_AirflowETL/code/.venv/lib/python3.9/site-packages/airflow/example_dags/example_dag_decorator.py
[2026-09-18T12:32:24.410+0700] {processor.py:925} INFO - DAG(s) 'example_dag_decorator' retrieved from /Users/andreasanditya/Downloads/572392_Andreas_AirflowETL/code/.venv/lib/python3.9/site-packages/airflow/example_dags/example_dag_decorator.py
[2026-09-18T12:32:24.532+0700] {logging_mixin.py:190} INFO - [2026-09-18T12:32:24.532+0700] {dag.py:3239} INFO - Sync 1 DAGs
[2026-09-18T12:32:24.538+0700] {logging_mixin.py:190} INFO - [2026-09-18T12:32:24.538+0700] {dag.py:4180} INFO - Setting next_dagrun for example_dag_decorator to None, run_after=None
[2026-09-18T12:32:24.548+0700] {processor.py:208} INFO - Processing /Users/andreasanditya/Downloads/572392_Andreas_AirflowETL/code/.venv/lib/python3.9/site-packages/airflow/example_dags/example_dag_decorator.py took 0.273 seconds
[2026-09-18T12:35:15.328+0700] {processor.py:186} INFO - Started process (PID=62210) to work on /Users/andreasanditya/Downloads/572392_Andreas_AirflowETL/code/.venv/lib/python3.9/site-packages/airflow/example_dags/example_dag_decorator.py
[2026-09-18T12:35:15.330+0700] {processor.py:914} INFO - Processing file /Users/andreasanditya/Downloads/572392_Andreas_AirflowETL/code/.venv/lib/python3.9/site-packages/airflow/example_dags/example_dag_decorator.py for tasks to queue
[2026-09-18T12:35:15.331+0700] {logging_mixin.py:190} INFO - [2026-09-18T12:35:15.331+0700] {dagbag.py:588} INFO - Filling up the DagBag from /Users/andreasanditya/Downloads/572392_Andreas_AirflowETL/code/.venv/lib/python3.9/site-packages/airflow/example_dags/example_dag_decorator.py
[2026-09-18T12:35:15.467+0700] {processor.py:925} INFO - DAG(s) 'example_dag_decorator' retrieved from /Users/andreasanditya/Downloads/572392_Andreas_AirflowETL/code/.venv/lib/python3.9/site-packages/airflow/example_dags/example_dag_decorator.py
[2026-09-18T12:35:15.582+0700] {logging_mixin.py:190} INFO - [2026-09-18T12:35:15.581+0700] {dag.py:3239} INFO - Sync 1 DAGs
[2026-09-18T12:35:15.587+0700] {logging_mixin.py:190} INFO - [2026-09-18T12:35:15.587+0700] {dag.py:4180} INFO - Setting next_dagrun for example_dag_decorator to None, run_after=None
[2026-09-18T12:35:15.598+0700] {processor.py:208} INFO - Processing /Users/andreasanditya/Downloads/572392_Andreas_AirflowETL/code/.venv/lib/python3.9/site-packages/airflow/example_dags/example_dag_decorator.py took 0.271 seconds
[2026-09-18T12:38:06.911+0700] {processor.py:186} INFO - Started process (PID=63983) to work on /Users/andreasanditya/Downloads/572392_Andreas_AirflowETL/code/.venv/lib/python3.9/site-packages/airflow/example_dags/example_dag_decorator.py
[2026-09-18T12:38:06.912+0700] {processor.py:914} INFO - Processing file /Users/andreasanditya/Downloads/572392_Andreas_AirflowETL/code/.venv/lib/python3.9/site-packages/airflow/example_dags/example_dag_decorator.py for tasks to queue
[2026-09-18T12:38:06.913+0700] {logging_mixin.py:190} INFO - [2026-09-18T12:38:06.912+0700] {dagbag.py:588} INFO - Filling up the DagBag from /Users/andreasanditya/Downloads/572392_Andreas_AirflowETL/code/.venv/lib/python3.9/site-packages/airflow/example_dags/example_dag_decorator.py
[2026-09-18T12:38:07.040+0700] {processor.py:925} INFO - DAG(s) 'example_dag_decorator' retrieved from /Users/andreasanditya/Downloads/572392_Andreas_AirflowETL/code/.venv/lib/python3.9/site-packages/airflow/example_dags/example_dag_decorator.py
[2026-09-18T12:38:07.163+0700] {logging_mixin.py:190} INFO - [2026-09-18T12:38:07.162+0700] {dag.py:3239} INFO - Sync 1 DAGs
[2026-09-18T12:38:07.168+0700] {logging_mixin.py:190} INFO - [2026-09-18T12:38:07.168+0700] {dag.py:4180} INFO - Setting next_dagrun for example_dag_decorator to None, run_after=None
[2026-09-18T12:38:07.179+0700] {processor.py:208} INFO - Processing /Users/andreasanditya/Downloads/572392_Andreas_AirflowETL/code/.venv/lib/python3.9/site-packages/airflow/example_dags/example_dag_decorator.py took 0.270 seconds
[2026-09-18T12:41:02.290+0700] {processor.py:186} INFO - Started process (PID=65736) to work on /Users/andreasanditya/Downloads/572392_Andreas_AirflowETL/code/.venv/lib/python3.9/site-packages/airflow/example_dags/example_dag_decorator.py
[2026-09-18T12:41:02.291+0700] {processor.py:914} INFO - Processing file /Users/andreasanditya/Downloads/572392_Andreas_AirflowETL/code/.venv/lib/python3.9/site-packages/airflow/example_dags/example_dag_decorator.py for tasks to queue
[2026-09-18T12:41:02.292+0700] {logging_mixin.py:190} INFO - [2026-09-18T12:41:02.292+0700] {dagbag.py:588} INFO - Filling up the DagBag from /Users/andreasanditya/Downloads/572392_Andreas_AirflowETL/code/.venv/lib/python3.9/site-packages/airflow/example_dags/example_dag_decorator.py
[2026-09-18T12:41:02.425+0700] {processor.py:925} INFO - DAG(s) 'example_dag_decorator' retrieved from /Users/andreasanditya/Downloads/572392_Andreas_AirflowETL/code/.venv/lib/python3.9/site-packages/airflow/example_dags/example_dag_decorator.py
[2026-09-18T12:41:02.526+0700] {logging_mixin.py:190} INFO - [2026-09-18T12:41:02.526+0700] {dag.py:3239} INFO - Sync 1 DAGs
[2026-09-18T12:41:02.532+0700] {logging_mixin.py:190} INFO - [2026-09-18T12:41:02.531+0700] {dag.py:4180} INFO - Setting next_dagrun for example_dag_decorator to None, run_after=None
[2026-09-18T12:41:02.542+0700] {processor.py:208} INFO - Processing /Users/andreasanditya/Downloads/572392_Andreas_AirflowETL/code/.venv/lib/python3.9/site-packages/airflow/example_dags/example_dag_decorator.py took 0.253 seconds
[2026-09-18T12:43:53.909+0700] {processor.py:186} INFO - Started process (PID=67465) to work on /Users/andreasanditya/Downloads/572392_Andreas_AirflowETL/code/.venv/lib/python3.9/site-packages/airflow/example_dags/example_dag_decorator.py
[2026-09-18T12:43:53.910+0700] {processor.py:914} INFO - Processing file /Users/andreasanditya/Downloads/572392_Andreas_AirflowETL/code/.venv/lib/python3.9/site-packages/airflow/example_dags/example_dag_decorator.py for tasks to queue
[2026-09-18T12:43:53.911+0700] {logging_mixin.py:190} INFO - [2026-09-18T12:43:53.911+0700] {dagbag.py:588} INFO - Filling up the DagBag from /Users/andreasanditya/Downloads/572392_Andreas_AirflowETL/code/.venv/lib/python3.9/site-packages/airflow/example_dags/example_dag_decorator.py
[2026-09-18T12:43:54.044+0700] {processor.py:925} INFO - DAG(s) 'example_dag_decorator' retrieved from /Users/andreasanditya/Downloads/572392_Andreas_AirflowETL/code/.venv/lib/python3.9/site-packages/airflow/example_dags/example_dag_decorator.py
[2026-09-18T12:43:54.165+0700] {logging_mixin.py:190} INFO - [2026-09-18T12:43:54.165+0700] {dag.py:3239} INFO - Sync 1 DAGs
[2026-09-18T12:43:54.171+0700] {logging_mixin.py:190} INFO - [2026-09-18T12:43:54.171+0700] {dag.py:4180} INFO - Setting next_dagrun for example_dag_decorator to None, run_after=None
[2026-09-18T12:43:54.182+0700] {processor.py:208} INFO - Processing /Users/andreasanditya/Downloads/572392_Andreas_AirflowETL/code/.venv/lib/python3.9/site-packages/airflow/example_dags/example_dag_decorator.py took 0.275 seconds
[2026-09-18T12:46:47.369+0700] {processor.py:186} INFO - Started process (PID=69230) to work on /Users/andreasanditya/Downloads/572392_Andreas_AirflowETL/code/.venv/lib/python3.9/site-packages/airflow/example_dags/example_dag_decorator.py
[2026-09-18T12:46:47.370+0700] {processor.py:914} INFO - Processing file /Users/andreasanditya/Downloads/572392_Andreas_AirflowETL/code/.venv/lib/python3.9/site-packages/airflow/example_dags/example_dag_decorator.py for tasks to queue
[2026-09-18T12:46:47.371+0700] {logging_mixin.py:190} INFO - [2026-09-18T12:46:47.371+0700] {dagbag.py:588} INFO - Filling up the DagBag from /Users/andreasanditya/Downloads/572392_Andreas_AirflowETL/code/.venv/lib/python3.9/site-packages/airflow/example_dags/example_dag_decorator.py
[2026-09-18T12:46:47.511+0700] {processor.py:925} INFO - DAG(s) 'example_dag_decorator' retrieved from /Users/andreasanditya/Downloads/572392_Andreas_AirflowETL/code/.venv/lib/python3.9/site-packages/airflow/example_dags/example_dag_decorator.py
[2026-09-18T12:46:47.647+0700] {logging_mixin.py:190} INFO - [2026-09-18T12:46:47.646+0700] {dag.py:3239} INFO - Sync 1 DAGs
[2026-09-18T12:46:47.653+0700] {logging_mixin.py:190} INFO - [2026-09-18T12:46:47.652+0700] {dag.py:4180} INFO - Setting next_dagrun for example_dag_decorator to None, run_after=None
[2026-09-18T12:46:47.663+0700] {processor.py:208} INFO - Processing /Users/andreasanditya/Downloads/572392_Andreas_AirflowETL/code/.venv/lib/python3.9/site-packages/airflow/example_dags/example_dag_decorator.py took 0.297 seconds
[2026-09-18T12:49:37.461+0700] {processor.py:186} INFO - Started process (PID=70969) to work on /Users/andreasanditya/Downloads/572392_Andreas_AirflowETL/code/.venv/lib/python3.9/site-packages/airflow/example_dags/example_dag_decorator.py
[2026-09-18T12:49:37.462+0700] {processor.py:914} INFO - Processing file /Users/andreasanditya/Downloads/572392_Andreas_AirflowETL/code/.venv/lib/python3.9/site-packages/airflow/example_dags/example_dag_decorator.py for tasks to queue
[2026-09-18T12:49:37.463+0700] {logging_mixin.py:190} INFO - [2026-09-18T12:49:37.463+0700] {dagbag.py:588} INFO - Filling up the DagBag from /Users/andreasanditya/Downloads/572392_Andreas_AirflowETL/code/.venv/lib/python3.9/site-packages/airflow/example_dags/example_dag_decorator.py
[2026-09-18T12:49:37.599+0700] {processor.py:925} INFO - DAG(s) 'example_dag_decorator' retrieved from /Users/andreasanditya/Downloads/572392_Andreas_AirflowETL/code/.venv/lib/python3.9/site-packages/airflow/example_dags/example_dag_decorator.py
[2026-09-18T12:49:37.718+0700] {logging_mixin.py:190} INFO - [2026-09-18T12:49:37.718+0700] {dag.py:3239} INFO - Sync 1 DAGs
[2026-09-18T12:49:37.724+0700] {logging_mixin.py:190} INFO - [2026-09-18T12:49:37.724+0700] {dag.py:4180} INFO - Setting next_dagrun for example_dag_decorator to None, run_after=None
[2026-09-18T12:49:37.734+0700] {processor.py:208} INFO - Processing /Users/andreasanditya/Downloads/572392_Andreas_AirflowETL/code/.venv/lib/python3.9/site-packages/airflow/example_dags/example_dag_decorator.py took 0.275 seconds
[2026-09-18T12:52:25.665+0700] {processor.py:186} INFO - Started process (PID=72623) to work on /Users/andreasanditya/Downloads/572392_Andreas_AirflowETL/code/.venv/lib/python3.9/site-packages/airflow/example_dags/example_dag_decorator.py
[2026-09-18T12:52:25.666+0700] {processor.py:914} INFO - Processing file /Users/andreasanditya/Downloads/572392_Andreas_AirflowETL/code/.venv/lib/python3.9/site-packages/airflow/example_dags/example_dag_decorator.py for tasks to queue
[2026-09-18T12:52:25.667+0700] {logging_mixin.py:190} INFO - [2026-09-18T12:52:25.667+0700] {dagbag.py:588} INFO - Filling up the DagBag from /Users/andreasanditya/Downloads/572392_Andreas_AirflowETL/code/.venv/lib/python3.9/site-packages/airflow/example_dags/example_dag_decorator.py
[2026-09-18T12:52:25.797+0700] {processor.py:925} INFO - DAG(s) 'example_dag_decorator' retrieved from /Users/andreasanditya/Downloads/572392_Andreas_AirflowETL/code/.venv/lib/python3.9/site-packages/airflow/example_dags/example_dag_decorator.py
[2026-09-18T12:52:25.924+0700] {logging_mixin.py:190} INFO - [2026-09-18T12:52:25.924+0700] {dag.py:3239} INFO - Sync 1 DAGs
[2026-09-18T12:52:25.930+0700] {logging_mixin.py:190} INFO - [2026-09-18T12:52:25.930+0700] {dag.py:4180} INFO - Setting next_dagrun for example_dag_decorator to None, run_after=None
[2026-09-18T12:52:25.940+0700] {processor.py:208} INFO - Processing /Users/andreasanditya/Downloads/572392_Andreas_AirflowETL/code/.venv/lib/python3.9/site-packages/airflow/example_dags/example_dag_decorator.py took 0.277 seconds
[2026-09-18T12:55:15.343+0700] {processor.py:186} INFO - Started process (PID=74405) to work on /Users/andreasanditya/Downloads/572392_Andreas_AirflowETL/code/.venv/lib/python3.9/site-packages/airflow/example_dags/example_dag_decorator.py
[2026-09-18T12:55:15.344+0700] {processor.py:914} INFO - Processing file /Users/andreasanditya/Downloads/572392_Andreas_AirflowETL/code/.venv/lib/python3.9/site-packages/airflow/example_dags/example_dag_decorator.py for tasks to queue
[2026-09-18T12:55:15.345+0700] {logging_mixin.py:190} INFO - [2026-09-18T12:55:15.345+0700] {dagbag.py:588} INFO - Filling up the DagBag from /Users/andreasanditya/Downloads/572392_Andreas_AirflowETL/code/.venv/lib/python3.9/site-packages/airflow/example_dags/example_dag_decorator.py
[2026-09-18T12:55:15.471+0700] {processor.py:925} INFO - DAG(s) 'example_dag_decorator' retrieved from /Users/andreasanditya/Downloads/572392_Andreas_AirflowETL/code/.venv/lib/python3.9/site-packages/airflow/example_dags/example_dag_decorator.py
[2026-09-18T12:55:15.572+0700] {logging_mixin.py:190} INFO - [2026-09-18T12:55:15.571+0700] {dag.py:3239} INFO - Sync 1 DAGs
[2026-09-18T12:55:15.577+0700] {logging_mixin.py:190} INFO - [2026-09-18T12:55:15.577+0700] {dag.py:4180} INFO - Setting next_dagrun for example_dag_decorator to None, run_after=None
[2026-09-18T12:55:15.587+0700] {processor.py:208} INFO - Processing /Users/andreasanditya/Downloads/572392_Andreas_AirflowETL/code/.venv/lib/python3.9/site-packages/airflow/example_dags/example_dag_decorator.py took 0.246 seconds
[2026-09-18T12:58:06.056+0700] {processor.py:186} INFO - Started process (PID=76156) to work on /Users/andreasanditya/Downloads/572392_Andreas_AirflowETL/code/.venv/lib/python3.9/site-packages/airflow/example_dags/example_dag_decorator.py
[2026-09-18T12:58:06.057+0700] {processor.py:914} INFO - Processing file /Users/andreasanditya/Downloads/572392_Andreas_AirflowETL/code/.venv/lib/python3.9/site-packages/airflow/example_dags/example_dag_decorator.py for tasks to queue
[2026-09-18T12:58:06.058+0700] {logging_mixin.py:190} INFO - [2026-09-18T12:58:06.058+0700] {dagbag.py:588} INFO - Filling up the DagBag from /Users/andreasanditya/Downloads/572392_Andreas_AirflowETL/code/.venv/lib/python3.9/site-packages/airflow/example_dags/example_dag_decorator.py
[2026-09-18T12:58:06.192+0700] {processor.py:925} INFO - DAG(s) 'example_dag_decorator' retrieved from /Users/andreasanditya/Downloads/572392_Andreas_AirflowETL/code/.venv/lib/python3.9/site-packages/airflow/example_dags/example_dag_decorator.py
[2026-09-18T12:58:06.316+0700] {logging_mixin.py:190} INFO - [2026-09-18T12:58:06.315+0700] {dag.py:3239} INFO - Sync 1 DAGs
[2026-09-18T12:58:06.321+0700] {logging_mixin.py:190} INFO - [2026-09-18T12:58:06.321+0700] {dag.py:4180} INFO - Setting next_dagrun for example_dag_decorator to None, run_after=None
[2026-09-18T12:58:06.331+0700] {processor.py:208} INFO - Processing /Users/andreasanditya/Downloads/572392_Andreas_AirflowETL/code/.venv/lib/python3.9/site-packages/airflow/example_dags/example_dag_decorator.py took 0.278 seconds
[2026-09-18T13:00:59.799+0700] {processor.py:186} INFO - Started process (PID=77920) to work on /Users/andreasanditya/Downloads/572392_Andreas_AirflowETL/code/.venv/lib/python3.9/site-packages/airflow/example_dags/example_dag_decorator.py
[2026-09-18T13:00:59.800+0700] {processor.py:914} INFO - Processing file /Users/andreasanditya/Downloads/572392_Andreas_AirflowETL/code/.venv/lib/python3.9/site-packages/airflow/example_dags/example_dag_decorator.py for tasks to queue
[2026-09-18T13:00:59.801+0700] {logging_mixin.py:190} INFO - [2026-09-18T13:00:59.801+0700] {dagbag.py:588} INFO - Filling up the DagBag from /Users/andreasanditya/Downloads/572392_Andreas_AirflowETL/code/.venv/lib/python3.9/site-packages/airflow/example_dags/example_dag_decorator.py
[2026-09-18T13:00:59.930+0700] {processor.py:925} INFO - DAG(s) 'example_dag_decorator' retrieved from /Users/andreasanditya/Downloads/572392_Andreas_AirflowETL/code/.venv/lib/python3.9/site-packages/airflow/example_dags/example_dag_decorator.py
[2026-09-18T13:01:00.032+0700] {logging_mixin.py:190} INFO - [2026-09-18T13:01:00.032+0700] {dag.py:3239} INFO - Sync 1 DAGs
[2026-09-18T13:01:00.038+0700] {logging_mixin.py:190} INFO - [2026-09-18T13:01:00.038+0700] {dag.py:4180} INFO - Setting next_dagrun for example_dag_decorator to None, run_after=None
[2026-09-18T13:01:00.048+0700] {processor.py:208} INFO - Processing /Users/andreasanditya/Downloads/572392_Andreas_AirflowETL/code/.venv/lib/python3.9/site-packages/airflow/example_dags/example_dag_decorator.py took 0.251 seconds
[2026-09-18T13:03:52.010+0700] {processor.py:186} INFO - Started process (PID=79684) to work on /Users/andreasanditya/Downloads/572392_Andreas_AirflowETL/code/.venv/lib/python3.9/site-packages/airflow/example_dags/example_dag_decorator.py
[2026-09-18T13:03:52.011+0700] {processor.py:914} INFO - Processing file /Users/andreasanditya/Downloads/572392_Andreas_AirflowETL/code/.venv/lib/python3.9/site-packages/airflow/example_dags/example_dag_decorator.py for tasks to queue
[2026-09-18T13:03:52.012+0700] {logging_mixin.py:190} INFO - [2026-09-18T13:03:52.012+0700] {dagbag.py:588} INFO - Filling up the DagBag from /Users/andreasanditya/Downloads/572392_Andreas_AirflowETL/code/.venv/lib/python3.9/site-packages/airflow/example_dags/example_dag_decorator.py
[2026-09-18T13:03:52.141+0700] {processor.py:925} INFO - DAG(s) 'example_dag_decorator' retrieved from /Users/andreasanditya/Downloads/572392_Andreas_AirflowETL/code/.venv/lib/python3.9/site-packages/airflow/example_dags/example_dag_decorator.py
[2026-09-18T13:03:52.242+0700] {logging_mixin.py:190} INFO - [2026-09-18T13:03:52.242+0700] {dag.py:3239} INFO - Sync 1 DAGs
[2026-09-18T13:03:52.248+0700] {logging_mixin.py:190} INFO - [2026-09-18T13:03:52.248+0700] {dag.py:4180} INFO - Setting next_dagrun for example_dag_decorator to None, run_after=None
[2026-09-18T13:03:52.258+0700] {processor.py:208} INFO - Processing /Users/andreasanditya/Downloads/572392_Andreas_AirflowETL/code/.venv/lib/python3.9/site-packages/airflow/example_dags/example_dag_decorator.py took 0.250 seconds
[2026-09-18T13:06:42.811+0700] {processor.py:186} INFO - Started process (PID=81447) to work on /Users/andreasanditya/Downloads/572392_Andreas_AirflowETL/code/.venv/lib/python3.9/site-packages/airflow/example_dags/example_dag_decorator.py
[2026-09-18T13:06:42.812+0700] {processor.py:914} INFO - Processing file /Users/andreasanditya/Downloads/572392_Andreas_AirflowETL/code/.venv/lib/python3.9/site-packages/airflow/example_dags/example_dag_decorator.py for tasks to queue
[2026-09-18T13:06:42.812+0700] {logging_mixin.py:190} INFO - [2026-09-18T13:06:42.812+0700] {dagbag.py:588} INFO - Filling up the DagBag from /Users/andreasanditya/Downloads/572392_Andreas_AirflowETL/code/.venv/lib/python3.9/site-packages/airflow/example_dags/example_dag_decorator.py
[2026-09-18T13:06:42.941+0700] {processor.py:925} INFO - DAG(s) 'example_dag_decorator' retrieved from /Users/andreasanditya/Downloads/572392_Andreas_AirflowETL/code/.venv/lib/python3.9/site-packages/airflow/example_dags/example_dag_decorator.py
[2026-09-18T13:06:43.041+0700] {logging_mixin.py:190} INFO - [2026-09-18T13:06:43.041+0700] {dag.py:3239} INFO - Sync 1 DAGs
[2026-09-18T13:06:43.047+0700] {logging_mixin.py:190} INFO - [2026-09-18T13:06:43.047+0700] {dag.py:4180} INFO - Setting next_dagrun for example_dag_decorator to None, run_after=None
[2026-09-18T13:06:43.057+0700] {processor.py:208} INFO - Processing /Users/andreasanditya/Downloads/572392_Andreas_AirflowETL/code/.venv/lib/python3.9/site-packages/airflow/example_dags/example_dag_decorator.py took 0.248 seconds
[2026-09-18T13:09:31.571+0700] {processor.py:186} INFO - Started process (PID=83197) to work on /Users/andreasanditya/Downloads/572392_Andreas_AirflowETL/code/.venv/lib/python3.9/site-packages/airflow/example_dags/example_dag_decorator.py
[2026-09-18T13:09:31.573+0700] {processor.py:914} INFO - Processing file /Users/andreasanditya/Downloads/572392_Andreas_AirflowETL/code/.venv/lib/python3.9/site-packages/airflow/example_dags/example_dag_decorator.py for tasks to queue
[2026-09-18T13:09:31.573+0700] {logging_mixin.py:190} INFO - [2026-09-18T13:09:31.573+0700] {dagbag.py:588} INFO - Filling up the DagBag from /Users/andreasanditya/Downloads/572392_Andreas_AirflowETL/code/.venv/lib/python3.9/site-packages/airflow/example_dags/example_dag_decorator.py
[2026-09-18T13:09:31.705+0700] {processor.py:925} INFO - DAG(s) 'example_dag_decorator' retrieved from /Users/andreasanditya/Downloads/572392_Andreas_AirflowETL/code/.venv/lib/python3.9/site-packages/airflow/example_dags/example_dag_decorator.py
[2026-09-18T13:09:31.826+0700] {logging_mixin.py:190} INFO - [2026-09-18T13:09:31.826+0700] {dag.py:3239} INFO - Sync 1 DAGs
[2026-09-18T13:09:31.832+0700] {logging_mixin.py:190} INFO - [2026-09-18T13:09:31.832+0700] {dag.py:4180} INFO - Setting next_dagrun for example_dag_decorator to None, run_after=None
[2026-09-18T13:09:31.842+0700] {processor.py:208} INFO - Processing /Users/andreasanditya/Downloads/572392_Andreas_AirflowETL/code/.venv/lib/python3.9/site-packages/airflow/example_dags/example_dag_decorator.py took 0.273 seconds
[2026-09-18T13:12:23.713+0700] {processor.py:186} INFO - Started process (PID=84954) to work on /Users/andreasanditya/Downloads/572392_Andreas_AirflowETL/code/.venv/lib/python3.9/site-packages/airflow/example_dags/example_dag_decorator.py
[2026-09-18T13:12:23.714+0700] {processor.py:914} INFO - Processing file /Users/andreasanditya/Downloads/572392_Andreas_AirflowETL/code/.venv/lib/python3.9/site-packages/airflow/example_dags/example_dag_decorator.py for tasks to queue
[2026-09-18T13:12:23.715+0700] {logging_mixin.py:190} INFO - [2026-09-18T13:12:23.715+0700] {dagbag.py:588} INFO - Filling up the DagBag from /Users/andreasanditya/Downloads/572392_Andreas_AirflowETL/code/.venv/lib/python3.9/site-packages/airflow/example_dags/example_dag_decorator.py
[2026-09-18T13:12:23.844+0700] {processor.py:925} INFO - DAG(s) 'example_dag_decorator' retrieved from /Users/andreasanditya/Downloads/572392_Andreas_AirflowETL/code/.venv/lib/python3.9/site-packages/airflow/example_dags/example_dag_decorator.py
[2026-09-18T13:12:23.946+0700] {logging_mixin.py:190} INFO - [2026-09-18T13:12:23.946+0700] {dag.py:3239} INFO - Sync 1 DAGs
[2026-09-18T13:12:23.951+0700] {logging_mixin.py:190} INFO - [2026-09-18T13:12:23.951+0700] {dag.py:4180} INFO - Setting next_dagrun for example_dag_decorator to None, run_after=None
[2026-09-18T13:12:23.961+0700] {processor.py:208} INFO - Processing /Users/andreasanditya/Downloads/572392_Andreas_AirflowETL/code/.venv/lib/python3.9/site-packages/airflow/example_dags/example_dag_decorator.py took 0.251 seconds
[2026-09-18T13:15:15.916+0700] {processor.py:186} INFO - Started process (PID=86706) to work on /Users/andreasanditya/Downloads/572392_Andreas_AirflowETL/code/.venv/lib/python3.9/site-packages/airflow/example_dags/example_dag_decorator.py
[2026-09-18T13:15:15.918+0700] {processor.py:914} INFO - Processing file /Users/andreasanditya/Downloads/572392_Andreas_AirflowETL/code/.venv/lib/python3.9/site-packages/airflow/example_dags/example_dag_decorator.py for tasks to queue
[2026-09-18T13:15:15.919+0700] {logging_mixin.py:190} INFO - [2026-09-18T13:15:15.919+0700] {dagbag.py:588} INFO - Filling up the DagBag from /Users/andreasanditya/Downloads/572392_Andreas_AirflowETL/code/.venv/lib/python3.9/site-packages/airflow/example_dags/example_dag_decorator.py
[2026-09-18T13:15:16.047+0700] {processor.py:925} INFO - DAG(s) 'example_dag_decorator' retrieved from /Users/andreasanditya/Downloads/572392_Andreas_AirflowETL/code/.venv/lib/python3.9/site-packages/airflow/example_dags/example_dag_decorator.py
[2026-09-18T13:15:16.148+0700] {logging_mixin.py:190} INFO - [2026-09-18T13:15:16.148+0700] {dag.py:3239} INFO - Sync 1 DAGs
[2026-09-18T13:15:16.154+0700] {logging_mixin.py:190} INFO - [2026-09-18T13:15:16.153+0700] {dag.py:4180} INFO - Setting next_dagrun for example_dag_decorator to None, run_after=None
[2026-09-18T13:15:16.164+0700] {processor.py:208} INFO - Processing /Users/andreasanditya/Downloads/572392_Andreas_AirflowETL/code/.venv/lib/python3.9/site-packages/airflow/example_dags/example_dag_decorator.py took 0.250 seconds
[2026-09-18T13:18:08.927+0700] {processor.py:186} INFO - Started process (PID=88439) to work on /Users/andreasanditya/Downloads/572392_Andreas_AirflowETL/code/.venv/lib/python3.9/site-packages/airflow/example_dags/example_dag_decorator.py
[2026-09-18T13:18:08.929+0700] {processor.py:914} INFO - Processing file /Users/andreasanditya/Downloads/572392_Andreas_AirflowETL/code/.venv/lib/python3.9/site-packages/airflow/example_dags/example_dag_decorator.py for tasks to queue
[2026-09-18T13:18:08.930+0700] {logging_mixin.py:190} INFO - [2026-09-18T13:18:08.930+0700] {dagbag.py:588} INFO - Filling up the DagBag from /Users/andreasanditya/Downloads/572392_Andreas_AirflowETL/code/.venv/lib/python3.9/site-packages/airflow/example_dags/example_dag_decorator.py
[2026-09-18T13:18:09.058+0700] {processor.py:925} INFO - DAG(s) 'example_dag_decorator' retrieved from /Users/andreasanditya/Downloads/572392_Andreas_AirflowETL/code/.venv/lib/python3.9/site-packages/airflow/example_dags/example_dag_decorator.py
[2026-09-18T13:18:09.159+0700] {logging_mixin.py:190} INFO - [2026-09-18T13:18:09.159+0700] {dag.py:3239} INFO - Sync 1 DAGs
[2026-09-18T13:18:09.164+0700] {logging_mixin.py:190} INFO - [2026-09-18T13:18:09.164+0700] {dag.py:4180} INFO - Setting next_dagrun for example_dag_decorator to None, run_after=None
[2026-09-18T13:18:09.175+0700] {processor.py:208} INFO - Processing /Users/andreasanditya/Downloads/572392_Andreas_AirflowETL/code/.venv/lib/python3.9/site-packages/airflow/example_dags/example_dag_decorator.py took 0.250 seconds
[2026-09-18T13:20:59.426+0700] {processor.py:186} INFO - Started process (PID=90181) to work on /Users/andreasanditya/Downloads/572392_Andreas_AirflowETL/code/.venv/lib/python3.9/site-packages/airflow/example_dags/example_dag_decorator.py
[2026-09-18T13:20:59.427+0700] {processor.py:914} INFO - Processing file /Users/andreasanditya/Downloads/572392_Andreas_AirflowETL/code/.venv/lib/python3.9/site-packages/airflow/example_dags/example_dag_decorator.py for tasks to queue
[2026-09-18T13:20:59.428+0700] {logging_mixin.py:190} INFO - [2026-09-18T13:20:59.428+0700] {dagbag.py:588} INFO - Filling up the DagBag from /Users/andreasanditya/Downloads/572392_Andreas_AirflowETL/code/.venv/lib/python3.9/site-packages/airflow/example_dags/example_dag_decorator.py
[2026-09-18T13:20:59.556+0700] {processor.py:925} INFO - DAG(s) 'example_dag_decorator' retrieved from /Users/andreasanditya/Downloads/572392_Andreas_AirflowETL/code/.venv/lib/python3.9/site-packages/airflow/example_dags/example_dag_decorator.py
[2026-09-18T13:20:59.656+0700] {logging_mixin.py:190} INFO - [2026-09-18T13:20:59.656+0700] {dag.py:3239} INFO - Sync 1 DAGs
[2026-09-18T13:20:59.662+0700] {logging_mixin.py:190} INFO - [2026-09-18T13:20:59.661+0700] {dag.py:4180} INFO - Setting next_dagrun for example_dag_decorator to None, run_after=None
[2026-09-18T13:20:59.672+0700] {processor.py:208} INFO - Processing /Users/andreasanditya/Downloads/572392_Andreas_AirflowETL/code/.venv/lib/python3.9/site-packages/airflow/example_dags/example_dag_decorator.py took 0.247 seconds
[2026-09-18T13:23:45.467+0700] {processor.py:186} INFO - Started process (PID=91838) to work on /Users/andreasanditya/Downloads/572392_Andreas_AirflowETL/code/.venv/lib/python3.9/site-packages/airflow/example_dags/example_dag_decorator.py
[2026-09-18T13:23:45.469+0700] {processor.py:914} INFO - Processing file /Users/andreasanditya/Downloads/572392_Andreas_AirflowETL/code/.venv/lib/python3.9/site-packages/airflow/example_dags/example_dag_decorator.py for tasks to queue
[2026-09-18T13:23:45.470+0700] {logging_mixin.py:190} INFO - [2026-09-18T13:23:45.470+0700] {dagbag.py:588} INFO - Filling up the DagBag from /Users/andreasanditya/Downloads/572392_Andreas_AirflowETL/code/.venv/lib/python3.9/site-packages/airflow/example_dags/example_dag_decorator.py
[2026-09-18T13:23:45.599+0700] {processor.py:925} INFO - DAG(s) 'example_dag_decorator' retrieved from /Users/andreasanditya/Downloads/572392_Andreas_AirflowETL/code/.venv/lib/python3.9/site-packages/airflow/example_dags/example_dag_decorator.py
[2026-09-18T13:23:45.703+0700] {logging_mixin.py:190} INFO - [2026-09-18T13:23:45.702+0700] {dag.py:3239} INFO - Sync 1 DAGs
[2026-09-18T13:23:45.708+0700] {logging_mixin.py:190} INFO - [2026-09-18T13:23:45.708+0700] {dag.py:4180} INFO - Setting next_dagrun for example_dag_decorator to None, run_after=None
[2026-09-18T13:23:45.718+0700] {processor.py:208} INFO - Processing /Users/andreasanditya/Downloads/572392_Andreas_AirflowETL/code/.venv/lib/python3.9/site-packages/airflow/example_dags/example_dag_decorator.py took 0.253 seconds
[2026-09-18T13:26:36.535+0700] {processor.py:186} INFO - Started process (PID=93762) to work on /Users/andreasanditya/Downloads/572392_Andreas_AirflowETL/code/.venv/lib/python3.9/site-packages/airflow/example_dags/example_dag_decorator.py
[2026-09-18T13:26:36.536+0700] {processor.py:914} INFO - Processing file /Users/andreasanditya/Downloads/572392_Andreas_AirflowETL/code/.venv/lib/python3.9/site-packages/airflow/example_dags/example_dag_decorator.py for tasks to queue
[2026-09-18T13:26:36.537+0700] {logging_mixin.py:190} INFO - [2026-09-18T13:26:36.537+0700] {dagbag.py:588} INFO - Filling up the DagBag from /Users/andreasanditya/Downloads/572392_Andreas_AirflowETL/code/.venv/lib/python3.9/site-packages/airflow/example_dags/example_dag_decorator.py
[2026-09-18T13:26:36.690+0700] {processor.py:925} INFO - DAG(s) 'example_dag_decorator' retrieved from /Users/andreasanditya/Downloads/572392_Andreas_AirflowETL/code/.venv/lib/python3.9/site-packages/airflow/example_dags/example_dag_decorator.py
[2026-09-18T13:26:36.821+0700] {logging_mixin.py:190} INFO - [2026-09-18T13:26:36.820+0700] {dag.py:3239} INFO - Sync 1 DAGs
[2026-09-18T13:26:36.827+0700] {logging_mixin.py:190} INFO - [2026-09-18T13:26:36.827+0700] {dag.py:4180} INFO - Setting next_dagrun for example_dag_decorator to None, run_after=None
[2026-09-18T13:26:36.838+0700] {processor.py:208} INFO - Processing /Users/andreasanditya/Downloads/572392_Andreas_AirflowETL/code/.venv/lib/python3.9/site-packages/airflow/example_dags/example_dag_decorator.py took 0.305 seconds
[2026-09-18T13:29:37.952+0700] {processor.py:186} INFO - Started process (PID=95793) to work on /Users/andreasanditya/Downloads/572392_Andreas_AirflowETL/code/.venv/lib/python3.9/site-packages/airflow/example_dags/example_dag_decorator.py
[2026-09-18T13:29:37.955+0700] {processor.py:914} INFO - Processing file /Users/andreasanditya/Downloads/572392_Andreas_AirflowETL/code/.venv/lib/python3.9/site-packages/airflow/example_dags/example_dag_decorator.py for tasks to queue
[2026-09-18T13:29:37.956+0700] {logging_mixin.py:190} INFO - [2026-09-18T13:29:37.956+0700] {dagbag.py:588} INFO - Filling up the DagBag from /Users/andreasanditya/Downloads/572392_Andreas_AirflowETL/code/.venv/lib/python3.9/site-packages/airflow/example_dags/example_dag_decorator.py
[2026-09-18T13:29:38.088+0700] {processor.py:925} INFO - DAG(s) 'example_dag_decorator' retrieved from /Users/andreasanditya/Downloads/572392_Andreas_AirflowETL/code/.venv/lib/python3.9/site-packages/airflow/example_dags/example_dag_decorator.py
[2026-09-18T13:29:38.216+0700] {logging_mixin.py:190} INFO - [2026-09-18T13:29:38.215+0700] {dag.py:3239} INFO - Sync 1 DAGs
[2026-09-18T13:29:38.221+0700] {logging_mixin.py:190} INFO - [2026-09-18T13:29:38.221+0700] {dag.py:4180} INFO - Setting next_dagrun for example_dag_decorator to None, run_after=None
[2026-09-18T13:29:38.232+0700] {processor.py:208} INFO - Processing /Users/andreasanditya/Downloads/572392_Andreas_AirflowETL/code/.venv/lib/python3.9/site-packages/airflow/example_dags/example_dag_decorator.py took 0.282 seconds
[2026-09-18T13:32:36.852+0700] {processor.py:186} INFO - Started process (PID=97708) to work on /Users/andreasanditya/Downloads/572392_Andreas_AirflowETL/code/.venv/lib/python3.9/site-packages/airflow/example_dags/example_dag_decorator.py
[2026-09-18T13:32:36.853+0700] {processor.py:914} INFO - Processing file /Users/andreasanditya/Downloads/572392_Andreas_AirflowETL/code/.venv/lib/python3.9/site-packages/airflow/example_dags/example_dag_decorator.py for tasks to queue
[2026-09-18T13:32:36.853+0700] {logging_mixin.py:190} INFO - [2026-09-18T13:32:36.853+0700] {dagbag.py:588} INFO - Filling up the DagBag from /Users/andreasanditya/Downloads/572392_Andreas_AirflowETL/code/.venv/lib/python3.9/site-packages/airflow/example_dags/example_dag_decorator.py
[2026-09-18T13:32:36.986+0700] {processor.py:925} INFO - DAG(s) 'example_dag_decorator' retrieved from /Users/andreasanditya/Downloads/572392_Andreas_AirflowETL/code/.venv/lib/python3.9/site-packages/airflow/example_dags/example_dag_decorator.py
[2026-09-18T13:32:37.109+0700] {logging_mixin.py:190} INFO - [2026-09-18T13:32:37.109+0700] {dag.py:3239} INFO - Sync 1 DAGs
[2026-09-18T13:32:37.114+0700] {logging_mixin.py:190} INFO - [2026-09-18T13:32:37.114+0700] {dag.py:4180} INFO - Setting next_dagrun for example_dag_decorator to None, run_after=None
[2026-09-18T13:32:37.126+0700] {processor.py:208} INFO - Processing /Users/andreasanditya/Downloads/572392_Andreas_AirflowETL/code/.venv/lib/python3.9/site-packages/airflow/example_dags/example_dag_decorator.py took 0.276 seconds
[2026-09-18T13:35:31.200+0700] {processor.py:186} INFO - Started process (PID=99488) to work on /Users/andreasanditya/Downloads/572392_Andreas_AirflowETL/code/.venv/lib/python3.9/site-packages/airflow/example_dags/example_dag_decorator.py
[2026-09-18T13:35:31.202+0700] {processor.py:914} INFO - Processing file /Users/andreasanditya/Downloads/572392_Andreas_AirflowETL/code/.venv/lib/python3.9/site-packages/airflow/example_dags/example_dag_decorator.py for tasks to queue
[2026-09-18T13:35:31.202+0700] {logging_mixin.py:190} INFO - [2026-09-18T13:35:31.202+0700] {dagbag.py:588} INFO - Filling up the DagBag from /Users/andreasanditya/Downloads/572392_Andreas_AirflowETL/code/.venv/lib/python3.9/site-packages/airflow/example_dags/example_dag_decorator.py
[2026-09-18T13:35:31.336+0700] {processor.py:925} INFO - DAG(s) 'example_dag_decorator' retrieved from /Users/andreasanditya/Downloads/572392_Andreas_AirflowETL/code/.venv/lib/python3.9/site-packages/airflow/example_dags/example_dag_decorator.py
[2026-09-18T13:35:31.457+0700] {logging_mixin.py:190} INFO - [2026-09-18T13:35:31.457+0700] {dag.py:3239} INFO - Sync 1 DAGs
[2026-09-18T13:35:31.463+0700] {logging_mixin.py:190} INFO - [2026-09-18T13:35:31.463+0700] {dag.py:4180} INFO - Setting next_dagrun for example_dag_decorator to None, run_after=None
[2026-09-18T13:35:31.474+0700] {processor.py:208} INFO - Processing /Users/andreasanditya/Downloads/572392_Andreas_AirflowETL/code/.venv/lib/python3.9/site-packages/airflow/example_dags/example_dag_decorator.py took 0.276 seconds
[2026-09-18T13:38:25.945+0700] {processor.py:186} INFO - Started process (PID=1614) to work on /Users/andreasanditya/Downloads/572392_Andreas_AirflowETL/code/.venv/lib/python3.9/site-packages/airflow/example_dags/example_dag_decorator.py
[2026-09-18T13:38:25.947+0700] {processor.py:914} INFO - Processing file /Users/andreasanditya/Downloads/572392_Andreas_AirflowETL/code/.venv/lib/python3.9/site-packages/airflow/example_dags/example_dag_decorator.py for tasks to queue
[2026-09-18T13:38:25.947+0700] {logging_mixin.py:190} INFO - [2026-09-18T13:38:25.947+0700] {dagbag.py:588} INFO - Filling up the DagBag from /Users/andreasanditya/Downloads/572392_Andreas_AirflowETL/code/.venv/lib/python3.9/site-packages/airflow/example_dags/example_dag_decorator.py
[2026-09-18T13:38:26.085+0700] {processor.py:925} INFO - DAG(s) 'example_dag_decorator' retrieved from /Users/andreasanditya/Downloads/572392_Andreas_AirflowETL/code/.venv/lib/python3.9/site-packages/airflow/example_dags/example_dag_decorator.py
[2026-09-18T13:38:26.205+0700] {logging_mixin.py:190} INFO - [2026-09-18T13:38:26.205+0700] {dag.py:3239} INFO - Sync 1 DAGs
[2026-09-18T13:38:26.211+0700] {logging_mixin.py:190} INFO - [2026-09-18T13:38:26.211+0700] {dag.py:4180} INFO - Setting next_dagrun for example_dag_decorator to None, run_after=None
[2026-09-18T13:38:26.221+0700] {processor.py:208} INFO - Processing /Users/andreasanditya/Downloads/572392_Andreas_AirflowETL/code/.venv/lib/python3.9/site-packages/airflow/example_dags/example_dag_decorator.py took 0.278 seconds
