[2026-09-18T11:17:41.014+0700] {processor.py:186} INFO - Started process (PID=10799) to work on /Users/andreasanditya/Downloads/572392_Andreas_AirflowETL/code/.venv/lib/python3.9/site-packages/airflow/example_dags/example_outlet_event_extra.py
[2026-09-18T11:17:41.015+0700] {processor.py:914} INFO - Processing file /Users/andreasanditya/Downloads/572392_Andreas_AirflowETL/code/.venv/lib/python3.9/site-packages/airflow/example_dags/example_outlet_event_extra.py for tasks to queue
[2026-09-18T11:17:41.015+0700] {logging_mixin.py:190} INFO - [2026-09-18T11:17:41.015+0700] {dagbag.py:588} INFO - Filling up the DagBag from /Users/andreasanditya/Downloads/572392_Andreas_AirflowETL/code/.venv/lib/python3.9/site-packages/airflow/example_dags/example_outlet_event_extra.py
[2026-09-18T11:17:41.091+0700] {processor.py:925} INFO - DAG(s) 'dataset_with_extra_by_yield', 'dataset_with_extra_by_context', 'dataset_with_extra_from_classic_operator' retrieved from /Users/andreasanditya/Downloads/572392_Andreas_AirflowETL/code/.venv/lib/python3.9/site-packages/airflow/example_dags/example_outlet_event_extra.py
[2026-09-18T11:17:41.197+0700] {logging_mixin.py:190} INFO - [2026-09-18T11:17:41.197+0700] {override.py:1912} INFO - Created Permission View: can delete on DAG:dataset_with_extra_by_yield
[2026-09-18T11:17:41.202+0700] {logging_mixin.py:190} INFO - [2026-09-18T11:17:41.202+0700] {override.py:1912} INFO - Created Permission View: can read on DAG:dataset_with_extra_by_yield
[2026-09-18T11:17:41.205+0700] {logging_mixin.py:190} INFO - [2026-09-18T11:17:41.205+0700] {override.py:1912} INFO - Created Permission View: can edit on DAG:dataset_with_extra_by_yield
[2026-09-18T11:17:41.209+0700] {logging_mixin.py:190} INFO - [2026-09-18T11:17:41.208+0700] {override.py:1912} INFO - Created Permission View: menu access on DAG Run:dataset_with_extra_by_yield
[2026-09-18T11:17:41.211+0700] {logging_mixin.py:190} INFO - [2026-09-18T11:17:41.211+0700] {override.py:1912} INFO - Created Permission View: can create on DAG Run:dataset_with_extra_by_yield
[2026-09-18T11:17:41.215+0700] {logging_mixin.py:190} INFO - [2026-09-18T11:17:41.214+0700] {override.py:1912} INFO - Created Permission View: can read on DAG Run:dataset_with_extra_by_yield
[2026-09-18T11:17:41.217+0700] {logging_mixin.py:190} INFO - [2026-09-18T11:17:41.217+0700] {override.py:1912} INFO - Created Permission View: can delete on DAG Run:dataset_with_extra_by_yield
[2026-09-18T11:17:41.223+0700] {logging_mixin.py:190} INFO - [2026-09-18T11:17:41.223+0700] {override.py:1912} INFO - Created Permission View: can delete on DAG:dataset_with_extra_by_context
[2026-09-18T11:17:41.226+0700] {logging_mixin.py:190} INFO - [2026-09-18T11:17:41.226+0700] {override.py:1912} INFO - Created Permission View: can read on DAG:dataset_with_extra_by_context
[2026-09-18T11:17:41.229+0700] {logging_mixin.py:190} INFO - [2026-09-18T11:17:41.229+0700] {override.py:1912} INFO - Created Permission View: can edit on DAG:dataset_with_extra_by_context
[2026-09-18T11:17:41.233+0700] {logging_mixin.py:190} INFO - [2026-09-18T11:17:41.233+0700] {override.py:1912} INFO - Created Permission View: menu access on DAG Run:dataset_with_extra_by_context
[2026-09-18T11:17:41.236+0700] {logging_mixin.py:190} INFO - [2026-09-18T11:17:41.236+0700] {override.py:1912} INFO - Created Permission View: can create on DAG Run:dataset_with_extra_by_context
[2026-09-18T11:17:41.239+0700] {logging_mixin.py:190} INFO - [2026-09-18T11:17:41.239+0700] {override.py:1912} INFO - Created Permission View: can read on DAG Run:dataset_with_extra_by_context
[2026-09-18T11:17:41.242+0700] {logging_mixin.py:190} INFO - [2026-09-18T11:17:41.241+0700] {override.py:1912} INFO - Created Permission View: can delete on DAG Run:dataset_with_extra_by_context
[2026-09-18T11:17:41.248+0700] {logging_mixin.py:190} INFO - [2026-09-18T11:17:41.248+0700] {override.py:1912} INFO - Created Permission View: can delete on DAG:dataset_with_extra_from_classic_operator
[2026-09-18T11:17:41.251+0700] {logging_mixin.py:190} INFO - [2026-09-18T11:17:41.251+0700] {override.py:1912} INFO - Created Permission View: can read on DAG:dataset_with_extra_from_classic_operator
[2026-09-18T11:17:41.254+0700] {logging_mixin.py:190} INFO - [2026-09-18T11:17:41.254+0700] {override.py:1912} INFO - Created Permission View: can edit on DAG:dataset_with_extra_from_classic_operator
[2026-09-18T11:17:41.257+0700] {logging_mixin.py:190} INFO - [2026-09-18T11:17:41.257+0700] {override.py:1912} INFO - Created Permission View: menu access on DAG Run:dataset_with_extra_from_classic_operator
[2026-09-18T11:17:41.260+0700] {logging_mixin.py:190} INFO - [2026-09-18T11:17:41.260+0700] {override.py:1912} INFO - Created Permission View: can create on DAG Run:dataset_with_extra_from_classic_operator
[2026-09-18T11:17:41.264+0700] {logging_mixin.py:190} INFO - [2026-09-18T11:17:41.264+0700] {override.py:1912} INFO - Created Permission View: can read on DAG Run:dataset_with_extra_from_classic_operator
[2026-09-18T11:17:41.267+0700] {logging_mixin.py:190} INFO - [2026-09-18T11:17:41.267+0700] {override.py:1912} INFO - Created Permission View: can delete on DAG Run:dataset_with_extra_from_classic_operator
[2026-09-18T11:17:41.267+0700] {logging_mixin.py:190} INFO - [2026-09-18T11:17:41.267+0700] {dag.py:3239} INFO - Sync 3 DAGs
[2026-09-18T11:17:41.274+0700] {logging_mixin.py:190} INFO - [2026-09-18T11:17:41.274+0700] {dag.py:3262} INFO - Creating ORM DAG for dataset_with_extra_by_yield
[2026-09-18T11:17:41.275+0700] {logging_mixin.py:190} INFO - [2026-09-18T11:17:41.274+0700] {dag.py:3262} INFO - Creating ORM DAG for dataset_with_extra_from_classic_operator
[2026-09-18T11:17:41.275+0700] {logging_mixin.py:190} INFO - [2026-09-18T11:17:41.275+0700] {dag.py:3262} INFO - Creating ORM DAG for dataset_with_extra_by_context
[2026-09-18T11:17:41.281+0700] {logging_mixin.py:190} INFO - [2026-09-18T11:17:41.280+0700] {dag.py:4180} INFO - Setting next_dagrun for dataset_with_extra_by_context to 2026-09-17 00:00:00+00:00, run_after=2026-09-18 00:00:00+00:00
[2026-09-18T11:17:41.282+0700] {logging_mixin.py:190} INFO - [2026-09-18T11:17:41.282+0700] {dag.py:4180} INFO - Setting next_dagrun for dataset_with_extra_by_yield to 2026-09-17 00:00:00+00:00, run_after=2026-09-18 00:00:00+00:00
[2026-09-18T11:17:41.283+0700] {logging_mixin.py:190} INFO - [2026-09-18T11:17:41.283+0700] {dag.py:4180} INFO - Setting next_dagrun for dataset_with_extra_from_classic_operator to 2026-09-17 00:00:00+00:00, run_after=2026-09-18 00:00:00+00:00
[2026-09-18T11:17:41.536+0700] {processor.py:208} INFO - Processing /Users/andreasanditya/Downloads/572392_Andreas_AirflowETL/code/.venv/lib/python3.9/site-packages/airflow/example_dags/example_outlet_event_extra.py took 0.525 seconds
[2026-09-18T11:19:56.929+0700] {processor.py:186} INFO - Started process (PID=12288) to work on /Users/andreasanditya/Downloads/572392_Andreas_AirflowETL/code/.venv/lib/python3.9/site-packages/airflow/example_dags/example_outlet_event_extra.py
[2026-09-18T11:19:56.930+0700] {processor.py:914} INFO - Processing file /Users/andreasanditya/Downloads/572392_Andreas_AirflowETL/code/.venv/lib/python3.9/site-packages/airflow/example_dags/example_outlet_event_extra.py for tasks to queue
[2026-09-18T11:19:56.931+0700] {logging_mixin.py:190} INFO - [2026-09-18T11:19:56.931+0700] {dagbag.py:588} INFO - Filling up the DagBag from /Users/andreasanditya/Downloads/572392_Andreas_AirflowETL/code/.venv/lib/python3.9/site-packages/airflow/example_dags/example_outlet_event_extra.py
[2026-09-18T11:19:57.019+0700] {processor.py:925} INFO - DAG(s) 'dataset_with_extra_from_classic_operator', 'dataset_with_extra_by_yield', 'dataset_with_extra_by_context' retrieved from /Users/andreasanditya/Downloads/572392_Andreas_AirflowETL/code/.venv/lib/python3.9/site-packages/airflow/example_dags/example_outlet_event_extra.py
[2026-09-18T11:19:57.085+0700] {logging_mixin.py:190} INFO - [2026-09-18T11:19:57.085+0700] {dag.py:3239} INFO - Sync 3 DAGs
[2026-09-18T11:19:57.097+0700] {logging_mixin.py:190} INFO - [2026-09-18T11:19:57.096+0700] {dag.py:4180} INFO - Setting next_dagrun for dataset_with_extra_by_context to 2026-09-17 00:00:00+00:00, run_after=2026-09-18 00:00:00+00:00
[2026-09-18T11:19:57.100+0700] {logging_mixin.py:190} INFO - [2026-09-18T11:19:57.099+0700] {dag.py:4180} INFO - Setting next_dagrun for dataset_with_extra_by_yield to 2026-09-17 00:00:00+00:00, run_after=2026-09-18 00:00:00+00:00
[2026-09-18T11:19:57.101+0700] {logging_mixin.py:190} INFO - [2026-09-18T11:19:57.101+0700] {dag.py:4180} INFO - Setting next_dagrun for dataset_with_extra_from_classic_operator to 2026-09-17 00:00:00+00:00, run_after=2026-09-18 00:00:00+00:00
[2026-09-18T11:19:57.113+0700] {processor.py:208} INFO - Processing /Users/andreasanditya/Downloads/572392_Andreas_AirflowETL/code/.venv/lib/python3.9/site-packages/airflow/example_dags/example_outlet_event_extra.py took 0.186 seconds
[2026-09-18T11:23:31.915+0700] {processor.py:186} INFO - Started process (PID=14674) to work on /Users/andreasanditya/Downloads/572392_Andreas_AirflowETL/code/.venv/lib/python3.9/site-packages/airflow/example_dags/example_outlet_event_extra.py
[2026-09-18T11:23:31.916+0700] {processor.py:914} INFO - Processing file /Users/andreasanditya/Downloads/572392_Andreas_AirflowETL/code/.venv/lib/python3.9/site-packages/airflow/example_dags/example_outlet_event_extra.py for tasks to queue
[2026-09-18T11:23:31.917+0700] {logging_mixin.py:190} INFO - [2026-09-18T11:23:31.917+0700] {dagbag.py:588} INFO - Filling up the DagBag from /Users/andreasanditya/Downloads/572392_Andreas_AirflowETL/code/.venv/lib/python3.9/site-packages/airflow/example_dags/example_outlet_event_extra.py
[2026-09-18T11:23:32.000+0700] {processor.py:925} INFO - DAG(s) 'dataset_with_extra_by_context', 'dataset_with_extra_from_classic_operator', 'dataset_with_extra_by_yield' retrieved from /Users/andreasanditya/Downloads/572392_Andreas_AirflowETL/code/.venv/lib/python3.9/site-packages/airflow/example_dags/example_outlet_event_extra.py
[2026-09-18T11:23:32.062+0700] {logging_mixin.py:190} INFO - [2026-09-18T11:23:32.061+0700] {dag.py:3239} INFO - Sync 3 DAGs
[2026-09-18T11:23:32.072+0700] {logging_mixin.py:190} INFO - [2026-09-18T11:23:32.072+0700] {dag.py:4180} INFO - Setting next_dagrun for dataset_with_extra_by_context to 2026-09-17 00:00:00+00:00, run_after=2026-09-18 00:00:00+00:00
[2026-09-18T11:23:32.075+0700] {logging_mixin.py:190} INFO - [2026-09-18T11:23:32.075+0700] {dag.py:4180} INFO - Setting next_dagrun for dataset_with_extra_by_yield to 2026-09-17 00:00:00+00:00, run_after=2026-09-18 00:00:00+00:00
[2026-09-18T11:23:32.076+0700] {logging_mixin.py:190} INFO - [2026-09-18T11:23:32.076+0700] {dag.py:4180} INFO - Setting next_dagrun for dataset_with_extra_from_classic_operator to 2026-09-17 00:00:00+00:00, run_after=2026-09-18 00:00:00+00:00
[2026-09-18T11:23:32.088+0700] {processor.py:208} INFO - Processing /Users/andreasanditya/Downloads/572392_Andreas_AirflowETL/code/.venv/lib/python3.9/site-packages/airflow/example_dags/example_outlet_event_extra.py took 0.175 seconds
[2026-09-18T11:24:55.310+0700] {processor.py:186} INFO - Started process (PID=15566) to work on /Users/andreasanditya/Downloads/572392_Andreas_AirflowETL/code/.venv/lib/python3.9/site-packages/airflow/example_dags/example_outlet_event_extra.py
[2026-09-18T11:24:55.311+0700] {processor.py:914} INFO - Processing file /Users/andreasanditya/Downloads/572392_Andreas_AirflowETL/code/.venv/lib/python3.9/site-packages/airflow/example_dags/example_outlet_event_extra.py for tasks to queue
[2026-09-18T11:24:55.312+0700] {logging_mixin.py:190} INFO - [2026-09-18T11:24:55.311+0700] {dagbag.py:588} INFO - Filling up the DagBag from /Users/andreasanditya/Downloads/572392_Andreas_AirflowETL/code/.venv/lib/python3.9/site-packages/airflow/example_dags/example_outlet_event_extra.py
[2026-09-18T11:24:55.388+0700] {processor.py:925} INFO - DAG(s) 'dataset_with_extra_by_context', 'dataset_with_extra_from_classic_operator', 'dataset_with_extra_by_yield' retrieved from /Users/andreasanditya/Downloads/572392_Andreas_AirflowETL/code/.venv/lib/python3.9/site-packages/airflow/example_dags/example_outlet_event_extra.py
[2026-09-18T11:24:55.452+0700] {logging_mixin.py:190} INFO - [2026-09-18T11:24:55.452+0700] {dag.py:3239} INFO - Sync 3 DAGs
[2026-09-18T11:24:55.463+0700] {logging_mixin.py:190} INFO - [2026-09-18T11:24:55.462+0700] {dag.py:4180} INFO - Setting next_dagrun for dataset_with_extra_by_context to 2026-09-17 00:00:00+00:00, run_after=2026-09-18 00:00:00+00:00
[2026-09-18T11:24:55.466+0700] {logging_mixin.py:190} INFO - [2026-09-18T11:24:55.466+0700] {dag.py:4180} INFO - Setting next_dagrun for dataset_with_extra_by_yield to 2026-09-17 00:00:00+00:00, run_after=2026-09-18 00:00:00+00:00
[2026-09-18T11:24:55.467+0700] {logging_mixin.py:190} INFO - [2026-09-18T11:24:55.467+0700] {dag.py:4180} INFO - Setting next_dagrun for dataset_with_extra_from_classic_operator to 2026-09-17 00:00:00+00:00, run_after=2026-09-18 00:00:00+00:00
[2026-09-18T11:24:55.478+0700] {processor.py:208} INFO - Processing /Users/andreasanditya/Downloads/572392_Andreas_AirflowETL/code/.venv/lib/python3.9/site-packages/airflow/example_dags/example_outlet_event_extra.py took 0.170 seconds
[2026-09-18T11:26:57.374+0700] {processor.py:186} INFO - Started process (PID=16790) to work on /Users/andreasanditya/Downloads/572392_Andreas_AirflowETL/code/.venv/lib/python3.9/site-packages/airflow/example_dags/example_outlet_event_extra.py
[2026-09-18T11:26:57.376+0700] {processor.py:914} INFO - Processing file /Users/andreasanditya/Downloads/572392_Andreas_AirflowETL/code/.venv/lib/python3.9/site-packages/airflow/example_dags/example_outlet_event_extra.py for tasks to queue
[2026-09-18T11:26:57.376+0700] {logging_mixin.py:190} INFO - [2026-09-18T11:26:57.376+0700] {dagbag.py:588} INFO - Filling up the DagBag from /Users/andreasanditya/Downloads/572392_Andreas_AirflowETL/code/.venv/lib/python3.9/site-packages/airflow/example_dags/example_outlet_event_extra.py
[2026-09-18T11:26:57.455+0700] {processor.py:925} INFO - DAG(s) 'dataset_with_extra_from_classic_operator', 'dataset_with_extra_by_yield', 'dataset_with_extra_by_context' retrieved from /Users/andreasanditya/Downloads/572392_Andreas_AirflowETL/code/.venv/lib/python3.9/site-packages/airflow/example_dags/example_outlet_event_extra.py
[2026-09-18T11:26:57.516+0700] {logging_mixin.py:190} INFO - [2026-09-18T11:26:57.515+0700] {dag.py:3239} INFO - Sync 3 DAGs
[2026-09-18T11:26:57.526+0700] {logging_mixin.py:190} INFO - [2026-09-18T11:26:57.526+0700] {dag.py:4180} INFO - Setting next_dagrun for dataset_with_extra_by_context to 2026-09-17 00:00:00+00:00, run_after=2026-09-18 00:00:00+00:00
[2026-09-18T11:26:57.529+0700] {logging_mixin.py:190} INFO - [2026-09-18T11:26:57.529+0700] {dag.py:4180} INFO - Setting next_dagrun for dataset_with_extra_by_yield to 2026-09-17 00:00:00+00:00, run_after=2026-09-18 00:00:00+00:00
[2026-09-18T11:26:57.530+0700] {logging_mixin.py:190} INFO - [2026-09-18T11:26:57.530+0700] {dag.py:4180} INFO - Setting next_dagrun for dataset_with_extra_from_classic_operator to 2026-09-17 00:00:00+00:00, run_after=2026-09-18 00:00:00+00:00
[2026-09-18T11:26:57.541+0700] {processor.py:208} INFO - Processing /Users/andreasanditya/Downloads/572392_Andreas_AirflowETL/code/.venv/lib/python3.9/site-packages/airflow/example_dags/example_outlet_event_extra.py took 0.169 seconds
[2026-09-18T11:29:56.098+0700] {processor.py:186} INFO - Started process (PID=18649) to work on /Users/andreasanditya/Downloads/572392_Andreas_AirflowETL/code/.venv/lib/python3.9/site-packages/airflow/example_dags/example_outlet_event_extra.py
[2026-09-18T11:29:56.099+0700] {processor.py:914} INFO - Processing file /Users/andreasanditya/Downloads/572392_Andreas_AirflowETL/code/.venv/lib/python3.9/site-packages/airflow/example_dags/example_outlet_event_extra.py for tasks to queue
[2026-09-18T11:29:56.100+0700] {logging_mixin.py:190} INFO - [2026-09-18T11:29:56.100+0700] {dagbag.py:588} INFO - Filling up the DagBag from /Users/andreasanditya/Downloads/572392_Andreas_AirflowETL/code/.venv/lib/python3.9/site-packages/airflow/example_dags/example_outlet_event_extra.py
[2026-09-18T11:29:56.179+0700] {processor.py:925} INFO - DAG(s) 'dataset_with_extra_by_yield', 'dataset_with_extra_from_classic_operator', 'dataset_with_extra_by_context' retrieved from /Users/andreasanditya/Downloads/572392_Andreas_AirflowETL/code/.venv/lib/python3.9/site-packages/airflow/example_dags/example_outlet_event_extra.py
[2026-09-18T11:29:56.240+0700] {logging_mixin.py:190} INFO - [2026-09-18T11:29:56.240+0700] {dag.py:3239} INFO - Sync 3 DAGs
[2026-09-18T11:29:56.251+0700] {logging_mixin.py:190} INFO - [2026-09-18T11:29:56.251+0700] {dag.py:4180} INFO - Setting next_dagrun for dataset_with_extra_by_context to 2026-09-17 00:00:00+00:00, run_after=2026-09-18 00:00:00+00:00
[2026-09-18T11:29:56.254+0700] {logging_mixin.py:190} INFO - [2026-09-18T11:29:56.254+0700] {dag.py:4180} INFO - Setting next_dagrun for dataset_with_extra_by_yield to 2026-09-17 00:00:00+00:00, run_after=2026-09-18 00:00:00+00:00
[2026-09-18T11:29:56.255+0700] {logging_mixin.py:190} INFO - [2026-09-18T11:29:56.255+0700] {dag.py:4180} INFO - Setting next_dagrun for dataset_with_extra_from_classic_operator to 2026-09-17 00:00:00+00:00, run_after=2026-09-18 00:00:00+00:00
[2026-09-18T11:29:56.266+0700] {processor.py:208} INFO - Processing /Users/andreasanditya/Downloads/572392_Andreas_AirflowETL/code/.venv/lib/python3.9/site-packages/airflow/example_dags/example_outlet_event_extra.py took 0.170 seconds
[2026-09-18T11:32:54.221+0700] {processor.py:186} INFO - Started process (PID=20494) to work on /Users/andreasanditya/Downloads/572392_Andreas_AirflowETL/code/.venv/lib/python3.9/site-packages/airflow/example_dags/example_outlet_event_extra.py
[2026-09-18T11:32:54.222+0700] {processor.py:914} INFO - Processing file /Users/andreasanditya/Downloads/572392_Andreas_AirflowETL/code/.venv/lib/python3.9/site-packages/airflow/example_dags/example_outlet_event_extra.py for tasks to queue
[2026-09-18T11:32:54.223+0700] {logging_mixin.py:190} INFO - [2026-09-18T11:32:54.222+0700] {dagbag.py:588} INFO - Filling up the DagBag from /Users/andreasanditya/Downloads/572392_Andreas_AirflowETL/code/.venv/lib/python3.9/site-packages/airflow/example_dags/example_outlet_event_extra.py
[2026-09-18T11:32:54.300+0700] {processor.py:925} INFO - DAG(s) 'dataset_with_extra_by_context', 'dataset_with_extra_from_classic_operator', 'dataset_with_extra_by_yield' retrieved from /Users/andreasanditya/Downloads/572392_Andreas_AirflowETL/code/.venv/lib/python3.9/site-packages/airflow/example_dags/example_outlet_event_extra.py
[2026-09-18T11:32:54.363+0700] {logging_mixin.py:190} INFO - [2026-09-18T11:32:54.363+0700] {dag.py:3239} INFO - Sync 3 DAGs
[2026-09-18T11:32:54.375+0700] {logging_mixin.py:190} INFO - [2026-09-18T11:32:54.375+0700] {dag.py:4180} INFO - Setting next_dagrun for dataset_with_extra_by_context to 2026-09-17 00:00:00+00:00, run_after=2026-09-18 00:00:00+00:00
[2026-09-18T11:32:54.378+0700] {logging_mixin.py:190} INFO - [2026-09-18T11:32:54.378+0700] {dag.py:4180} INFO - Setting next_dagrun for dataset_with_extra_by_yield to 2026-09-17 00:00:00+00:00, run_after=2026-09-18 00:00:00+00:00
[2026-09-18T11:32:54.379+0700] {logging_mixin.py:190} INFO - [2026-09-18T11:32:54.379+0700] {dag.py:4180} INFO - Setting next_dagrun for dataset_with_extra_from_classic_operator to 2026-09-17 00:00:00+00:00, run_after=2026-09-18 00:00:00+00:00
[2026-09-18T11:32:54.391+0700] {processor.py:208} INFO - Processing /Users/andreasanditya/Downloads/572392_Andreas_AirflowETL/code/.venv/lib/python3.9/site-packages/airflow/example_dags/example_outlet_event_extra.py took 0.173 seconds
[2026-09-18T11:35:48.198+0700] {processor.py:186} INFO - Started process (PID=22386) to work on /Users/andreasanditya/Downloads/572392_Andreas_AirflowETL/code/.venv/lib/python3.9/site-packages/airflow/example_dags/example_outlet_event_extra.py
[2026-09-18T11:35:48.199+0700] {processor.py:914} INFO - Processing file /Users/andreasanditya/Downloads/572392_Andreas_AirflowETL/code/.venv/lib/python3.9/site-packages/airflow/example_dags/example_outlet_event_extra.py for tasks to queue
[2026-09-18T11:35:48.199+0700] {logging_mixin.py:190} INFO - [2026-09-18T11:35:48.199+0700] {dagbag.py:588} INFO - Filling up the DagBag from /Users/andreasanditya/Downloads/572392_Andreas_AirflowETL/code/.venv/lib/python3.9/site-packages/airflow/example_dags/example_outlet_event_extra.py
[2026-09-18T11:35:48.278+0700] {processor.py:925} INFO - DAG(s) 'dataset_with_extra_by_context', 'dataset_with_extra_by_yield', 'dataset_with_extra_from_classic_operator' retrieved from /Users/andreasanditya/Downloads/572392_Andreas_AirflowETL/code/.venv/lib/python3.9/site-packages/airflow/example_dags/example_outlet_event_extra.py
[2026-09-18T11:35:48.339+0700] {logging_mixin.py:190} INFO - [2026-09-18T11:35:48.338+0700] {dag.py:3239} INFO - Sync 3 DAGs
[2026-09-18T11:35:48.350+0700] {logging_mixin.py:190} INFO - [2026-09-18T11:35:48.349+0700] {dag.py:4180} INFO - Setting next_dagrun for dataset_with_extra_by_context to 2026-09-17 00:00:00+00:00, run_after=2026-09-18 00:00:00+00:00
[2026-09-18T11:35:48.353+0700] {logging_mixin.py:190} INFO - [2026-09-18T11:35:48.353+0700] {dag.py:4180} INFO - Setting next_dagrun for dataset_with_extra_by_yield to 2026-09-17 00:00:00+00:00, run_after=2026-09-18 00:00:00+00:00
[2026-09-18T11:35:48.354+0700] {logging_mixin.py:190} INFO - [2026-09-18T11:35:48.354+0700] {dag.py:4180} INFO - Setting next_dagrun for dataset_with_extra_from_classic_operator to 2026-09-17 00:00:00+00:00, run_after=2026-09-18 00:00:00+00:00
[2026-09-18T11:35:48.365+0700] {processor.py:208} INFO - Processing /Users/andreasanditya/Downloads/572392_Andreas_AirflowETL/code/.venv/lib/python3.9/site-packages/airflow/example_dags/example_outlet_event_extra.py took 0.169 seconds
[2026-09-18T11:38:43.525+0700] {processor.py:186} INFO - Started process (PID=24231) to work on /Users/andreasanditya/Downloads/572392_Andreas_AirflowETL/code/.venv/lib/python3.9/site-packages/airflow/example_dags/example_outlet_event_extra.py
[2026-09-18T11:38:43.526+0700] {processor.py:914} INFO - Processing file /Users/andreasanditya/Downloads/572392_Andreas_AirflowETL/code/.venv/lib/python3.9/site-packages/airflow/example_dags/example_outlet_event_extra.py for tasks to queue
[2026-09-18T11:38:43.527+0700] {logging_mixin.py:190} INFO - [2026-09-18T11:38:43.527+0700] {dagbag.py:588} INFO - Filling up the DagBag from /Users/andreasanditya/Downloads/572392_Andreas_AirflowETL/code/.venv/lib/python3.9/site-packages/airflow/example_dags/example_outlet_event_extra.py
[2026-09-18T11:38:43.607+0700] {processor.py:925} INFO - DAG(s) 'dataset_with_extra_by_yield', 'dataset_with_extra_from_classic_operator', 'dataset_with_extra_by_context' retrieved from /Users/andreasanditya/Downloads/572392_Andreas_AirflowETL/code/.venv/lib/python3.9/site-packages/airflow/example_dags/example_outlet_event_extra.py
[2026-09-18T11:38:43.668+0700] {logging_mixin.py:190} INFO - [2026-09-18T11:38:43.668+0700] {dag.py:3239} INFO - Sync 3 DAGs
[2026-09-18T11:38:43.679+0700] {logging_mixin.py:190} INFO - [2026-09-18T11:38:43.679+0700] {dag.py:4180} INFO - Setting next_dagrun for dataset_with_extra_by_context to 2026-09-17 00:00:00+00:00, run_after=2026-09-18 00:00:00+00:00
[2026-09-18T11:38:43.682+0700] {logging_mixin.py:190} INFO - [2026-09-18T11:38:43.682+0700] {dag.py:4180} INFO - Setting next_dagrun for dataset_with_extra_by_yield to 2026-09-17 00:00:00+00:00, run_after=2026-09-18 00:00:00+00:00
[2026-09-18T11:38:43.683+0700] {logging_mixin.py:190} INFO - [2026-09-18T11:38:43.683+0700] {dag.py:4180} INFO - Setting next_dagrun for dataset_with_extra_from_classic_operator to 2026-09-17 00:00:00+00:00, run_after=2026-09-18 00:00:00+00:00
[2026-09-18T11:38:43.694+0700] {processor.py:208} INFO - Processing /Users/andreasanditya/Downloads/572392_Andreas_AirflowETL/code/.venv/lib/python3.9/site-packages/airflow/example_dags/example_outlet_event_extra.py took 0.171 seconds
[2026-09-18T11:41:41.594+0700] {processor.py:186} INFO - Started process (PID=26030) to work on /Users/andreasanditya/Downloads/572392_Andreas_AirflowETL/code/.venv/lib/python3.9/site-packages/airflow/example_dags/example_outlet_event_extra.py
[2026-09-18T11:41:41.595+0700] {processor.py:914} INFO - Processing file /Users/andreasanditya/Downloads/572392_Andreas_AirflowETL/code/.venv/lib/python3.9/site-packages/airflow/example_dags/example_outlet_event_extra.py for tasks to queue
[2026-09-18T11:41:41.596+0700] {logging_mixin.py:190} INFO - [2026-09-18T11:41:41.596+0700] {dagbag.py:588} INFO - Filling up the DagBag from /Users/andreasanditya/Downloads/572392_Andreas_AirflowETL/code/.venv/lib/python3.9/site-packages/airflow/example_dags/example_outlet_event_extra.py
[2026-09-18T11:41:41.679+0700] {processor.py:925} INFO - DAG(s) 'dataset_with_extra_from_classic_operator', 'dataset_with_extra_by_context', 'dataset_with_extra_by_yield' retrieved from /Users/andreasanditya/Downloads/572392_Andreas_AirflowETL/code/.venv/lib/python3.9/site-packages/airflow/example_dags/example_outlet_event_extra.py
[2026-09-18T11:41:41.740+0700] {logging_mixin.py:190} INFO - [2026-09-18T11:41:41.740+0700] {dag.py:3239} INFO - Sync 3 DAGs
[2026-09-18T11:41:41.751+0700] {logging_mixin.py:190} INFO - [2026-09-18T11:41:41.751+0700] {dag.py:4180} INFO - Setting next_dagrun for dataset_with_extra_by_context to 2026-09-17 00:00:00+00:00, run_after=2026-09-18 00:00:00+00:00
[2026-09-18T11:41:41.755+0700] {logging_mixin.py:190} INFO - [2026-09-18T11:41:41.755+0700] {dag.py:4180} INFO - Setting next_dagrun for dataset_with_extra_by_yield to 2026-09-17 00:00:00+00:00, run_after=2026-09-18 00:00:00+00:00
[2026-09-18T11:41:41.756+0700] {logging_mixin.py:190} INFO - [2026-09-18T11:41:41.756+0700] {dag.py:4180} INFO - Setting next_dagrun for dataset_with_extra_from_classic_operator to 2026-09-17 00:00:00+00:00, run_after=2026-09-18 00:00:00+00:00
[2026-09-18T11:41:41.768+0700] {processor.py:208} INFO - Processing /Users/andreasanditya/Downloads/572392_Andreas_AirflowETL/code/.venv/lib/python3.9/site-packages/airflow/example_dags/example_outlet_event_extra.py took 0.176 seconds
[2026-09-18T11:44:36.936+0700] {processor.py:186} INFO - Started process (PID=27840) to work on /Users/andreasanditya/Downloads/572392_Andreas_AirflowETL/code/.venv/lib/python3.9/site-packages/airflow/example_dags/example_outlet_event_extra.py
[2026-09-18T11:44:36.937+0700] {processor.py:914} INFO - Processing file /Users/andreasanditya/Downloads/572392_Andreas_AirflowETL/code/.venv/lib/python3.9/site-packages/airflow/example_dags/example_outlet_event_extra.py for tasks to queue
[2026-09-18T11:44:36.938+0700] {logging_mixin.py:190} INFO - [2026-09-18T11:44:36.938+0700] {dagbag.py:588} INFO - Filling up the DagBag from /Users/andreasanditya/Downloads/572392_Andreas_AirflowETL/code/.venv/lib/python3.9/site-packages/airflow/example_dags/example_outlet_event_extra.py
[2026-09-18T11:44:37.023+0700] {processor.py:925} INFO - DAG(s) 'dataset_with_extra_by_context', 'dataset_with_extra_by_yield', 'dataset_with_extra_from_classic_operator' retrieved from /Users/andreasanditya/Downloads/572392_Andreas_AirflowETL/code/.venv/lib/python3.9/site-packages/airflow/example_dags/example_outlet_event_extra.py
[2026-09-18T11:44:37.084+0700] {logging_mixin.py:190} INFO - [2026-09-18T11:44:37.084+0700] {dag.py:3239} INFO - Sync 3 DAGs
[2026-09-18T11:44:37.095+0700] {logging_mixin.py:190} INFO - [2026-09-18T11:44:37.095+0700] {dag.py:4180} INFO - Setting next_dagrun for dataset_with_extra_by_context to 2026-09-17 00:00:00+00:00, run_after=2026-09-18 00:00:00+00:00
[2026-09-18T11:44:37.098+0700] {logging_mixin.py:190} INFO - [2026-09-18T11:44:37.098+0700] {dag.py:4180} INFO - Setting next_dagrun for dataset_with_extra_by_yield to 2026-09-17 00:00:00+00:00, run_after=2026-09-18 00:00:00+00:00
[2026-09-18T11:44:37.099+0700] {logging_mixin.py:190} INFO - [2026-09-18T11:44:37.099+0700] {dag.py:4180} INFO - Setting next_dagrun for dataset_with_extra_from_classic_operator to 2026-09-17 00:00:00+00:00, run_after=2026-09-18 00:00:00+00:00
[2026-09-18T11:44:37.110+0700] {processor.py:208} INFO - Processing /Users/andreasanditya/Downloads/572392_Andreas_AirflowETL/code/.venv/lib/python3.9/site-packages/airflow/example_dags/example_outlet_event_extra.py took 0.176 seconds
[2026-09-18T11:47:30.479+0700] {processor.py:186} INFO - Started process (PID=29558) to work on /Users/andreasanditya/Downloads/572392_Andreas_AirflowETL/code/.venv/lib/python3.9/site-packages/airflow/example_dags/example_outlet_event_extra.py
[2026-09-18T11:47:30.480+0700] {processor.py:914} INFO - Processing file /Users/andreasanditya/Downloads/572392_Andreas_AirflowETL/code/.venv/lib/python3.9/site-packages/airflow/example_dags/example_outlet_event_extra.py for tasks to queue
[2026-09-18T11:47:30.481+0700] {logging_mixin.py:190} INFO - [2026-09-18T11:47:30.481+0700] {dagbag.py:588} INFO - Filling up the DagBag from /Users/andreasanditya/Downloads/572392_Andreas_AirflowETL/code/.venv/lib/python3.9/site-packages/airflow/example_dags/example_outlet_event_extra.py
[2026-09-18T11:47:30.556+0700] {processor.py:925} INFO - DAG(s) 'dataset_with_extra_from_classic_operator', 'dataset_with_extra_by_context', 'dataset_with_extra_by_yield' retrieved from /Users/andreasanditya/Downloads/572392_Andreas_AirflowETL/code/.venv/lib/python3.9/site-packages/airflow/example_dags/example_outlet_event_extra.py
[2026-09-18T11:47:30.617+0700] {logging_mixin.py:190} INFO - [2026-09-18T11:47:30.617+0700] {dag.py:3239} INFO - Sync 3 DAGs
[2026-09-18T11:47:30.628+0700] {logging_mixin.py:190} INFO - [2026-09-18T11:47:30.628+0700] {dag.py:4180} INFO - Setting next_dagrun for dataset_with_extra_by_context to 2026-09-17 00:00:00+00:00, run_after=2026-09-18 00:00:00+00:00
[2026-09-18T11:47:30.631+0700] {logging_mixin.py:190} INFO - [2026-09-18T11:47:30.631+0700] {dag.py:4180} INFO - Setting next_dagrun for dataset_with_extra_by_yield to 2026-09-17 00:00:00+00:00, run_after=2026-09-18 00:00:00+00:00
[2026-09-18T11:47:30.632+0700] {logging_mixin.py:190} INFO - [2026-09-18T11:47:30.632+0700] {dag.py:4180} INFO - Setting next_dagrun for dataset_with_extra_from_classic_operator to 2026-09-17 00:00:00+00:00, run_after=2026-09-18 00:00:00+00:00
[2026-09-18T11:47:30.643+0700] {processor.py:208} INFO - Processing /Users/andreasanditya/Downloads/572392_Andreas_AirflowETL/code/.venv/lib/python3.9/site-packages/airflow/example_dags/example_outlet_event_extra.py took 0.165 seconds
[2026-09-18T11:50:23.519+0700] {processor.py:186} INFO - Started process (PID=31310) to work on /Users/andreasanditya/Downloads/572392_Andreas_AirflowETL/code/.venv/lib/python3.9/site-packages/airflow/example_dags/example_outlet_event_extra.py
[2026-09-18T11:50:23.519+0700] {processor.py:914} INFO - Processing file /Users/andreasanditya/Downloads/572392_Andreas_AirflowETL/code/.venv/lib/python3.9/site-packages/airflow/example_dags/example_outlet_event_extra.py for tasks to queue
[2026-09-18T11:50:23.520+0700] {logging_mixin.py:190} INFO - [2026-09-18T11:50:23.520+0700] {dagbag.py:588} INFO - Filling up the DagBag from /Users/andreasanditya/Downloads/572392_Andreas_AirflowETL/code/.venv/lib/python3.9/site-packages/airflow/example_dags/example_outlet_event_extra.py
[2026-09-18T11:50:23.595+0700] {processor.py:925} INFO - DAG(s) 'dataset_with_extra_by_context', 'dataset_with_extra_by_yield', 'dataset_with_extra_from_classic_operator' retrieved from /Users/andreasanditya/Downloads/572392_Andreas_AirflowETL/code/.venv/lib/python3.9/site-packages/airflow/example_dags/example_outlet_event_extra.py
[2026-09-18T11:50:23.657+0700] {logging_mixin.py:190} INFO - [2026-09-18T11:50:23.657+0700] {dag.py:3239} INFO - Sync 3 DAGs
[2026-09-18T11:50:23.668+0700] {logging_mixin.py:190} INFO - [2026-09-18T11:50:23.668+0700] {dag.py:4180} INFO - Setting next_dagrun for dataset_with_extra_by_context to 2026-09-17 00:00:00+00:00, run_after=2026-09-18 00:00:00+00:00
[2026-09-18T11:50:23.671+0700] {logging_mixin.py:190} INFO - [2026-09-18T11:50:23.671+0700] {dag.py:4180} INFO - Setting next_dagrun for dataset_with_extra_by_yield to 2026-09-17 00:00:00+00:00, run_after=2026-09-18 00:00:00+00:00
[2026-09-18T11:50:23.672+0700] {logging_mixin.py:190} INFO - [2026-09-18T11:50:23.672+0700] {dag.py:4180} INFO - Setting next_dagrun for dataset_with_extra_from_classic_operator to 2026-09-17 00:00:00+00:00, run_after=2026-09-18 00:00:00+00:00
[2026-09-18T11:50:23.683+0700] {processor.py:208} INFO - Processing /Users/andreasanditya/Downloads/572392_Andreas_AirflowETL/code/.venv/lib/python3.9/site-packages/airflow/example_dags/example_outlet_event_extra.py took 0.166 seconds
[2026-09-18T11:53:15.076+0700] {processor.py:186} INFO - Started process (PID=33036) to work on /Users/andreasanditya/Downloads/572392_Andreas_AirflowETL/code/.venv/lib/python3.9/site-packages/airflow/example_dags/example_outlet_event_extra.py
[2026-09-18T11:53:15.077+0700] {processor.py:914} INFO - Processing file /Users/andreasanditya/Downloads/572392_Andreas_AirflowETL/code/.venv/lib/python3.9/site-packages/airflow/example_dags/example_outlet_event_extra.py for tasks to queue
[2026-09-18T11:53:15.077+0700] {logging_mixin.py:190} INFO - [2026-09-18T11:53:15.077+0700] {dagbag.py:588} INFO - Filling up the DagBag from /Users/andreasanditya/Downloads/572392_Andreas_AirflowETL/code/.venv/lib/python3.9/site-packages/airflow/example_dags/example_outlet_event_extra.py
[2026-09-18T11:53:15.152+0700] {processor.py:925} INFO - DAG(s) 'dataset_with_extra_by_context', 'dataset_with_extra_from_classic_operator', 'dataset_with_extra_by_yield' retrieved from /Users/andreasanditya/Downloads/572392_Andreas_AirflowETL/code/.venv/lib/python3.9/site-packages/airflow/example_dags/example_outlet_event_extra.py
[2026-09-18T11:53:15.213+0700] {logging_mixin.py:190} INFO - [2026-09-18T11:53:15.213+0700] {dag.py:3239} INFO - Sync 3 DAGs
[2026-09-18T11:53:15.224+0700] {logging_mixin.py:190} INFO - [2026-09-18T11:53:15.224+0700] {dag.py:4180} INFO - Setting next_dagrun for dataset_with_extra_by_context to 2026-09-17 00:00:00+00:00, run_after=2026-09-18 00:00:00+00:00
[2026-09-18T11:53:15.227+0700] {logging_mixin.py:190} INFO - [2026-09-18T11:53:15.226+0700] {dag.py:4180} INFO - Setting next_dagrun for dataset_with_extra_by_yield to 2026-09-17 00:00:00+00:00, run_after=2026-09-18 00:00:00+00:00
[2026-09-18T11:53:15.228+0700] {logging_mixin.py:190} INFO - [2026-09-18T11:53:15.228+0700] {dag.py:4180} INFO - Setting next_dagrun for dataset_with_extra_from_classic_operator to 2026-09-17 00:00:00+00:00, run_after=2026-09-18 00:00:00+00:00
[2026-09-18T11:53:15.239+0700] {processor.py:208} INFO - Processing /Users/andreasanditya/Downloads/572392_Andreas_AirflowETL/code/.venv/lib/python3.9/site-packages/airflow/example_dags/example_outlet_event_extra.py took 0.165 seconds
[2026-09-18T11:56:09.417+0700] {processor.py:186} INFO - Started process (PID=34782) to work on /Users/andreasanditya/Downloads/572392_Andreas_AirflowETL/code/.venv/lib/python3.9/site-packages/airflow/example_dags/example_outlet_event_extra.py
[2026-09-18T11:56:09.418+0700] {processor.py:914} INFO - Processing file /Users/andreasanditya/Downloads/572392_Andreas_AirflowETL/code/.venv/lib/python3.9/site-packages/airflow/example_dags/example_outlet_event_extra.py for tasks to queue
[2026-09-18T11:56:09.419+0700] {logging_mixin.py:190} INFO - [2026-09-18T11:56:09.419+0700] {dagbag.py:588} INFO - Filling up the DagBag from /Users/andreasanditya/Downloads/572392_Andreas_AirflowETL/code/.venv/lib/python3.9/site-packages/airflow/example_dags/example_outlet_event_extra.py
[2026-09-18T11:56:09.494+0700] {processor.py:925} INFO - DAG(s) 'dataset_with_extra_by_context', 'dataset_with_extra_by_yield', 'dataset_with_extra_from_classic_operator' retrieved from /Users/andreasanditya/Downloads/572392_Andreas_AirflowETL/code/.venv/lib/python3.9/site-packages/airflow/example_dags/example_outlet_event_extra.py
[2026-09-18T11:56:09.556+0700] {logging_mixin.py:190} INFO - [2026-09-18T11:56:09.556+0700] {dag.py:3239} INFO - Sync 3 DAGs
[2026-09-18T11:56:09.567+0700] {logging_mixin.py:190} INFO - [2026-09-18T11:56:09.567+0700] {dag.py:4180} INFO - Setting next_dagrun for dataset_with_extra_by_context to 2026-09-17 00:00:00+00:00, run_after=2026-09-18 00:00:00+00:00
[2026-09-18T11:56:09.570+0700] {logging_mixin.py:190} INFO - [2026-09-18T11:56:09.570+0700] {dag.py:4180} INFO - Setting next_dagrun for dataset_with_extra_by_yield to 2026-09-17 00:00:00+00:00, run_after=2026-09-18 00:00:00+00:00
[2026-09-18T11:56:09.571+0700] {logging_mixin.py:190} INFO - [2026-09-18T11:56:09.571+0700] {dag.py:4180} INFO - Setting next_dagrun for dataset_with_extra_from_classic_operator to 2026-09-17 00:00:00+00:00, run_after=2026-09-18 00:00:00+00:00
[2026-09-18T11:56:09.583+0700] {processor.py:208} INFO - Processing /Users/andreasanditya/Downloads/572392_Andreas_AirflowETL/code/.venv/lib/python3.9/site-packages/airflow/example_dags/example_outlet_event_extra.py took 0.168 seconds
[2026-09-18T11:59:01.553+0700] {processor.py:186} INFO - Started process (PID=36514) to work on /Users/andreasanditya/Downloads/572392_Andreas_AirflowETL/code/.venv/lib/python3.9/site-packages/airflow/example_dags/example_outlet_event_extra.py
[2026-09-18T11:59:01.554+0700] {processor.py:914} INFO - Processing file /Users/andreasanditya/Downloads/572392_Andreas_AirflowETL/code/.venv/lib/python3.9/site-packages/airflow/example_dags/example_outlet_event_extra.py for tasks to queue
[2026-09-18T11:59:01.555+0700] {logging_mixin.py:190} INFO - [2026-09-18T11:59:01.555+0700] {dagbag.py:588} INFO - Filling up the DagBag from /Users/andreasanditya/Downloads/572392_Andreas_AirflowETL/code/.venv/lib/python3.9/site-packages/airflow/example_dags/example_outlet_event_extra.py
[2026-09-18T11:59:01.628+0700] {processor.py:925} INFO - DAG(s) 'dataset_with_extra_from_classic_operator', 'dataset_with_extra_by_yield', 'dataset_with_extra_by_context' retrieved from /Users/andreasanditya/Downloads/572392_Andreas_AirflowETL/code/.venv/lib/python3.9/site-packages/airflow/example_dags/example_outlet_event_extra.py
[2026-09-18T11:59:01.689+0700] {logging_mixin.py:190} INFO - [2026-09-18T11:59:01.689+0700] {dag.py:3239} INFO - Sync 3 DAGs
[2026-09-18T11:59:01.699+0700] {logging_mixin.py:190} INFO - [2026-09-18T11:59:01.699+0700] {dag.py:4180} INFO - Setting next_dagrun for dataset_with_extra_by_context to 2026-09-17 00:00:00+00:00, run_after=2026-09-18 00:00:00+00:00
[2026-09-18T11:59:01.702+0700] {logging_mixin.py:190} INFO - [2026-09-18T11:59:01.702+0700] {dag.py:4180} INFO - Setting next_dagrun for dataset_with_extra_by_yield to 2026-09-17 00:00:00+00:00, run_after=2026-09-18 00:00:00+00:00
[2026-09-18T11:59:01.704+0700] {logging_mixin.py:190} INFO - [2026-09-18T11:59:01.704+0700] {dag.py:4180} INFO - Setting next_dagrun for dataset_with_extra_from_classic_operator to 2026-09-17 00:00:00+00:00, run_after=2026-09-18 00:00:00+00:00
[2026-09-18T11:59:01.715+0700] {processor.py:208} INFO - Processing /Users/andreasanditya/Downloads/572392_Andreas_AirflowETL/code/.venv/lib/python3.9/site-packages/airflow/example_dags/example_outlet_event_extra.py took 0.164 seconds
[2026-09-18T12:01:55.053+0700] {processor.py:186} INFO - Started process (PID=38262) to work on /Users/andreasanditya/Downloads/572392_Andreas_AirflowETL/code/.venv/lib/python3.9/site-packages/airflow/example_dags/example_outlet_event_extra.py
[2026-09-18T12:01:55.054+0700] {processor.py:914} INFO - Processing file /Users/andreasanditya/Downloads/572392_Andreas_AirflowETL/code/.venv/lib/python3.9/site-packages/airflow/example_dags/example_outlet_event_extra.py for tasks to queue
[2026-09-18T12:01:55.054+0700] {logging_mixin.py:190} INFO - [2026-09-18T12:01:55.054+0700] {dagbag.py:588} INFO - Filling up the DagBag from /Users/andreasanditya/Downloads/572392_Andreas_AirflowETL/code/.venv/lib/python3.9/site-packages/airflow/example_dags/example_outlet_event_extra.py
[2026-09-18T12:01:55.132+0700] {processor.py:925} INFO - DAG(s) 'dataset_with_extra_from_classic_operator', 'dataset_with_extra_by_yield', 'dataset_with_extra_by_context' retrieved from /Users/andreasanditya/Downloads/572392_Andreas_AirflowETL/code/.venv/lib/python3.9/site-packages/airflow/example_dags/example_outlet_event_extra.py
[2026-09-18T12:01:55.193+0700] {logging_mixin.py:190} INFO - [2026-09-18T12:01:55.192+0700] {dag.py:3239} INFO - Sync 3 DAGs
[2026-09-18T12:01:55.203+0700] {logging_mixin.py:190} INFO - [2026-09-18T12:01:55.203+0700] {dag.py:4180} INFO - Setting next_dagrun for dataset_with_extra_by_context to 2026-09-17 00:00:00+00:00, run_after=2026-09-18 00:00:00+00:00
[2026-09-18T12:01:55.206+0700] {logging_mixin.py:190} INFO - [2026-09-18T12:01:55.206+0700] {dag.py:4180} INFO - Setting next_dagrun for dataset_with_extra_by_yield to 2026-09-17 00:00:00+00:00, run_after=2026-09-18 00:00:00+00:00
[2026-09-18T12:01:55.208+0700] {logging_mixin.py:190} INFO - [2026-09-18T12:01:55.208+0700] {dag.py:4180} INFO - Setting next_dagrun for dataset_with_extra_from_classic_operator to 2026-09-17 00:00:00+00:00, run_after=2026-09-18 00:00:00+00:00
[2026-09-18T12:01:55.219+0700] {processor.py:208} INFO - Processing /Users/andreasanditya/Downloads/572392_Andreas_AirflowETL/code/.venv/lib/python3.9/site-packages/airflow/example_dags/example_outlet_event_extra.py took 0.168 seconds
[2026-09-18T12:04:48.122+0700] {processor.py:186} INFO - Started process (PID=40008) to work on /Users/andreasanditya/Downloads/572392_Andreas_AirflowETL/code/.venv/lib/python3.9/site-packages/airflow/example_dags/example_outlet_event_extra.py
[2026-09-18T12:04:48.123+0700] {processor.py:914} INFO - Processing file /Users/andreasanditya/Downloads/572392_Andreas_AirflowETL/code/.venv/lib/python3.9/site-packages/airflow/example_dags/example_outlet_event_extra.py for tasks to queue
[2026-09-18T12:04:48.124+0700] {logging_mixin.py:190} INFO - [2026-09-18T12:04:48.124+0700] {dagbag.py:588} INFO - Filling up the DagBag from /Users/andreasanditya/Downloads/572392_Andreas_AirflowETL/code/.venv/lib/python3.9/site-packages/airflow/example_dags/example_outlet_event_extra.py
[2026-09-18T12:04:48.198+0700] {processor.py:925} INFO - DAG(s) 'dataset_with_extra_by_context', 'dataset_with_extra_by_yield', 'dataset_with_extra_from_classic_operator' retrieved from /Users/andreasanditya/Downloads/572392_Andreas_AirflowETL/code/.venv/lib/python3.9/site-packages/airflow/example_dags/example_outlet_event_extra.py
[2026-09-18T12:04:48.258+0700] {logging_mixin.py:190} INFO - [2026-09-18T12:04:48.258+0700] {dag.py:3239} INFO - Sync 3 DAGs
[2026-09-18T12:04:48.268+0700] {logging_mixin.py:190} INFO - [2026-09-18T12:04:48.268+0700] {dag.py:4180} INFO - Setting next_dagrun for dataset_with_extra_by_context to 2026-09-17 00:00:00+00:00, run_after=2026-09-18 00:00:00+00:00
[2026-09-18T12:04:48.271+0700] {logging_mixin.py:190} INFO - [2026-09-18T12:04:48.271+0700] {dag.py:4180} INFO - Setting next_dagrun for dataset_with_extra_by_yield to 2026-09-17 00:00:00+00:00, run_after=2026-09-18 00:00:00+00:00
[2026-09-18T12:04:48.273+0700] {logging_mixin.py:190} INFO - [2026-09-18T12:04:48.272+0700] {dag.py:4180} INFO - Setting next_dagrun for dataset_with_extra_from_classic_operator to 2026-09-17 00:00:00+00:00, run_after=2026-09-18 00:00:00+00:00
[2026-09-18T12:04:48.284+0700] {processor.py:208} INFO - Processing /Users/andreasanditya/Downloads/572392_Andreas_AirflowETL/code/.venv/lib/python3.9/site-packages/airflow/example_dags/example_outlet_event_extra.py took 0.164 seconds
[2026-09-18T12:07:44.047+0700] {processor.py:186} INFO - Started process (PID=41839) to work on /Users/andreasanditya/Downloads/572392_Andreas_AirflowETL/code/.venv/lib/python3.9/site-packages/airflow/example_dags/example_outlet_event_extra.py
[2026-09-18T12:07:44.048+0700] {processor.py:914} INFO - Processing file /Users/andreasanditya/Downloads/572392_Andreas_AirflowETL/code/.venv/lib/python3.9/site-packages/airflow/example_dags/example_outlet_event_extra.py for tasks to queue
[2026-09-18T12:07:44.049+0700] {logging_mixin.py:190} INFO - [2026-09-18T12:07:44.049+0700] {dagbag.py:588} INFO - Filling up the DagBag from /Users/andreasanditya/Downloads/572392_Andreas_AirflowETL/code/.venv/lib/python3.9/site-packages/airflow/example_dags/example_outlet_event_extra.py
[2026-09-18T12:07:44.125+0700] {processor.py:925} INFO - DAG(s) 'dataset_with_extra_by_yield', 'dataset_with_extra_from_classic_operator', 'dataset_with_extra_by_context' retrieved from /Users/andreasanditya/Downloads/572392_Andreas_AirflowETL/code/.venv/lib/python3.9/site-packages/airflow/example_dags/example_outlet_event_extra.py
[2026-09-18T12:07:44.187+0700] {logging_mixin.py:190} INFO - [2026-09-18T12:07:44.186+0700] {dag.py:3239} INFO - Sync 3 DAGs
[2026-09-18T12:07:44.199+0700] {logging_mixin.py:190} INFO - [2026-09-18T12:07:44.199+0700] {dag.py:4180} INFO - Setting next_dagrun for dataset_with_extra_by_context to 2026-09-17 00:00:00+00:00, run_after=2026-09-18 00:00:00+00:00
[2026-09-18T12:07:44.203+0700] {logging_mixin.py:190} INFO - [2026-09-18T12:07:44.203+0700] {dag.py:4180} INFO - Setting next_dagrun for dataset_with_extra_by_yield to 2026-09-17 00:00:00+00:00, run_after=2026-09-18 00:00:00+00:00
[2026-09-18T12:07:44.204+0700] {logging_mixin.py:190} INFO - [2026-09-18T12:07:44.204+0700] {dag.py:4180} INFO - Setting next_dagrun for dataset_with_extra_from_classic_operator to 2026-09-17 00:00:00+00:00, run_after=2026-09-18 00:00:00+00:00
[2026-09-18T12:07:44.216+0700] {processor.py:208} INFO - Processing /Users/andreasanditya/Downloads/572392_Andreas_AirflowETL/code/.venv/lib/python3.9/site-packages/airflow/example_dags/example_outlet_event_extra.py took 0.171 seconds
[2026-09-18T12:10:36.549+0700] {processor.py:186} INFO - Started process (PID=43565) to work on /Users/andreasanditya/Downloads/572392_Andreas_AirflowETL/code/.venv/lib/python3.9/site-packages/airflow/example_dags/example_outlet_event_extra.py
[2026-09-18T12:10:36.551+0700] {processor.py:914} INFO - Processing file /Users/andreasanditya/Downloads/572392_Andreas_AirflowETL/code/.venv/lib/python3.9/site-packages/airflow/example_dags/example_outlet_event_extra.py for tasks to queue
[2026-09-18T12:10:36.552+0700] {logging_mixin.py:190} INFO - [2026-09-18T12:10:36.552+0700] {dagbag.py:588} INFO - Filling up the DagBag from /Users/andreasanditya/Downloads/572392_Andreas_AirflowETL/code/.venv/lib/python3.9/site-packages/airflow/example_dags/example_outlet_event_extra.py
[2026-09-18T12:10:36.633+0700] {processor.py:925} INFO - DAG(s) 'dataset_with_extra_by_yield', 'dataset_with_extra_from_classic_operator', 'dataset_with_extra_by_context' retrieved from /Users/andreasanditya/Downloads/572392_Andreas_AirflowETL/code/.venv/lib/python3.9/site-packages/airflow/example_dags/example_outlet_event_extra.py
[2026-09-18T12:10:36.695+0700] {logging_mixin.py:190} INFO - [2026-09-18T12:10:36.695+0700] {dag.py:3239} INFO - Sync 3 DAGs
[2026-09-18T12:10:36.706+0700] {logging_mixin.py:190} INFO - [2026-09-18T12:10:36.705+0700] {dag.py:4180} INFO - Setting next_dagrun for dataset_with_extra_by_context to 2026-09-17 00:00:00+00:00, run_after=2026-09-18 00:00:00+00:00
[2026-09-18T12:10:36.709+0700] {logging_mixin.py:190} INFO - [2026-09-18T12:10:36.709+0700] {dag.py:4180} INFO - Setting next_dagrun for dataset_with_extra_by_yield to 2026-09-17 00:00:00+00:00, run_after=2026-09-18 00:00:00+00:00
[2026-09-18T12:10:36.711+0700] {logging_mixin.py:190} INFO - [2026-09-18T12:10:36.710+0700] {dag.py:4180} INFO - Setting next_dagrun for dataset_with_extra_from_classic_operator to 2026-09-17 00:00:00+00:00, run_after=2026-09-18 00:00:00+00:00
[2026-09-18T12:10:36.722+0700] {processor.py:208} INFO - Processing /Users/andreasanditya/Downloads/572392_Andreas_AirflowETL/code/.venv/lib/python3.9/site-packages/airflow/example_dags/example_outlet_event_extra.py took 0.174 seconds
[2026-09-18T12:13:34.324+0700] {processor.py:186} INFO - Started process (PID=46130) to work on /Users/andreasanditya/Downloads/572392_Andreas_AirflowETL/code/.venv/lib/python3.9/site-packages/airflow/example_dags/example_outlet_event_extra.py
[2026-09-18T12:13:34.325+0700] {processor.py:914} INFO - Processing file /Users/andreasanditya/Downloads/572392_Andreas_AirflowETL/code/.venv/lib/python3.9/site-packages/airflow/example_dags/example_outlet_event_extra.py for tasks to queue
[2026-09-18T12:13:34.326+0700] {logging_mixin.py:190} INFO - [2026-09-18T12:13:34.325+0700] {dagbag.py:588} INFO - Filling up the DagBag from /Users/andreasanditya/Downloads/572392_Andreas_AirflowETL/code/.venv/lib/python3.9/site-packages/airflow/example_dags/example_outlet_event_extra.py
[2026-09-18T12:13:34.399+0700] {processor.py:925} INFO - DAG(s) 'dataset_with_extra_by_yield', 'dataset_with_extra_by_context', 'dataset_with_extra_from_classic_operator' retrieved from /Users/andreasanditya/Downloads/572392_Andreas_AirflowETL/code/.venv/lib/python3.9/site-packages/airflow/example_dags/example_outlet_event_extra.py
[2026-09-18T12:13:34.461+0700] {logging_mixin.py:190} INFO - [2026-09-18T12:13:34.461+0700] {dag.py:3239} INFO - Sync 3 DAGs
[2026-09-18T12:13:34.472+0700] {logging_mixin.py:190} INFO - [2026-09-18T12:13:34.472+0700] {dag.py:4180} INFO - Setting next_dagrun for dataset_with_extra_by_context to 2026-09-17 00:00:00+00:00, run_after=2026-09-18 00:00:00+00:00
[2026-09-18T12:13:34.475+0700] {logging_mixin.py:190} INFO - [2026-09-18T12:13:34.475+0700] {dag.py:4180} INFO - Setting next_dagrun for dataset_with_extra_by_yield to 2026-09-17 00:00:00+00:00, run_after=2026-09-18 00:00:00+00:00
[2026-09-18T12:13:34.476+0700] {logging_mixin.py:190} INFO - [2026-09-18T12:13:34.476+0700] {dag.py:4180} INFO - Setting next_dagrun for dataset_with_extra_from_classic_operator to 2026-09-17 00:00:00+00:00, run_after=2026-09-18 00:00:00+00:00
[2026-09-18T12:13:34.488+0700] {processor.py:208} INFO - Processing /Users/andreasanditya/Downloads/572392_Andreas_AirflowETL/code/.venv/lib/python3.9/site-packages/airflow/example_dags/example_outlet_event_extra.py took 0.166 seconds
[2026-09-18T12:16:29.558+0700] {processor.py:186} INFO - Started process (PID=48916) to work on /Users/andreasanditya/Downloads/572392_Andreas_AirflowETL/code/.venv/lib/python3.9/site-packages/airflow/example_dags/example_outlet_event_extra.py
[2026-09-18T12:16:29.559+0700] {processor.py:914} INFO - Processing file /Users/andreasanditya/Downloads/572392_Andreas_AirflowETL/code/.venv/lib/python3.9/site-packages/airflow/example_dags/example_outlet_event_extra.py for tasks to queue
[2026-09-18T12:16:29.560+0700] {logging_mixin.py:190} INFO - [2026-09-18T12:16:29.560+0700] {dagbag.py:588} INFO - Filling up the DagBag from /Users/andreasanditya/Downloads/572392_Andreas_AirflowETL/code/.venv/lib/python3.9/site-packages/airflow/example_dags/example_outlet_event_extra.py
[2026-09-18T12:16:29.633+0700] {processor.py:925} INFO - DAG(s) 'dataset_with_extra_by_yield', 'dataset_with_extra_from_classic_operator', 'dataset_with_extra_by_context' retrieved from /Users/andreasanditya/Downloads/572392_Andreas_AirflowETL/code/.venv/lib/python3.9/site-packages/airflow/example_dags/example_outlet_event_extra.py
[2026-09-18T12:16:29.693+0700] {logging_mixin.py:190} INFO - [2026-09-18T12:16:29.693+0700] {dag.py:3239} INFO - Sync 3 DAGs
[2026-09-18T12:16:29.704+0700] {logging_mixin.py:190} INFO - [2026-09-18T12:16:29.704+0700] {dag.py:4180} INFO - Setting next_dagrun for dataset_with_extra_by_context to 2026-09-17 00:00:00+00:00, run_after=2026-09-18 00:00:00+00:00
[2026-09-18T12:16:29.707+0700] {logging_mixin.py:190} INFO - [2026-09-18T12:16:29.706+0700] {dag.py:4180} INFO - Setting next_dagrun for dataset_with_extra_by_yield to 2026-09-17 00:00:00+00:00, run_after=2026-09-18 00:00:00+00:00
[2026-09-18T12:16:29.708+0700] {logging_mixin.py:190} INFO - [2026-09-18T12:16:29.708+0700] {dag.py:4180} INFO - Setting next_dagrun for dataset_with_extra_from_classic_operator to 2026-09-17 00:00:00+00:00, run_after=2026-09-18 00:00:00+00:00
[2026-09-18T12:16:29.719+0700] {processor.py:208} INFO - Processing /Users/andreasanditya/Downloads/572392_Andreas_AirflowETL/code/.venv/lib/python3.9/site-packages/airflow/example_dags/example_outlet_event_extra.py took 0.162 seconds
