[2026-09-18T11:18:13.022+0700] {processor.py:186} INFO - Started process (PID=11191) to work on /Users/andreasanditya/Downloads/572392_Andreas_AirflowETL/code/.venv/lib/python3.9/site-packages/airflow/example_dags/example_complex.py
[2026-09-18T11:18:13.023+0700] {processor.py:914} INFO - Processing file /Users/andreasanditya/Downloads/572392_Andreas_AirflowETL/code/.venv/lib/python3.9/site-packages/airflow/example_dags/example_complex.py for tasks to queue
[2026-09-18T11:18:13.024+0700] {logging_mixin.py:190} INFO - [2026-09-18T11:18:13.023+0700] {dagbag.py:588} INFO - Filling up the DagBag from /Users/andreasanditya/Downloads/572392_Andreas_AirflowETL/code/.venv/lib/python3.9/site-packages/airflow/example_dags/example_complex.py
[2026-09-18T11:18:13.032+0700] {processor.py:925} INFO - DAG(s) 'example_complex' retrieved from /Users/andreasanditya/Downloads/572392_Andreas_AirflowETL/code/.venv/lib/python3.9/site-packages/airflow/example_dags/example_complex.py
[2026-09-18T11:18:13.176+0700] {logging_mixin.py:190} INFO - [2026-09-18T11:18:13.176+0700] {override.py:1912} INFO - Created Permission View: can edit on DAG:example_complex
[2026-09-18T11:18:13.181+0700] {logging_mixin.py:190} INFO - [2026-09-18T11:18:13.181+0700] {override.py:1912} INFO - Created Permission View: can delete on DAG:example_complex
[2026-09-18T11:18:13.184+0700] {logging_mixin.py:190} INFO - [2026-09-18T11:18:13.184+0700] {override.py:1912} INFO - Created Permission View: can read on DAG:example_complex
[2026-09-18T11:18:13.188+0700] {logging_mixin.py:190} INFO - [2026-09-18T11:18:13.188+0700] {override.py:1912} INFO - Created Permission View: can create on DAG Run:example_complex
[2026-09-18T11:18:13.191+0700] {logging_mixin.py:190} INFO - [2026-09-18T11:18:13.191+0700] {override.py:1912} INFO - Created Permission View: can delete on DAG Run:example_complex
[2026-09-18T11:18:13.194+0700] {logging_mixin.py:190} INFO - [2026-09-18T11:18:13.193+0700] {override.py:1912} INFO - Created Permission View: menu access on DAG Run:example_complex
[2026-09-18T11:18:13.196+0700] {logging_mixin.py:190} INFO - [2026-09-18T11:18:13.196+0700] {override.py:1912} INFO - Created Permission View: can read on DAG Run:example_complex
[2026-09-18T11:18:13.197+0700] {logging_mixin.py:190} INFO - [2026-09-18T11:18:13.196+0700] {dag.py:3239} INFO - Sync 1 DAGs
[2026-09-18T11:18:13.203+0700] {logging_mixin.py:190} INFO - [2026-09-18T11:18:13.203+0700] {dag.py:3262} INFO - Creating ORM DAG for example_complex
[2026-09-18T11:18:13.203+0700] {logging_mixin.py:190} INFO - [2026-09-18T11:18:13.203+0700] {dag.py:4180} INFO - Setting next_dagrun for example_complex to None, run_after=None
[2026-09-18T11:18:13.213+0700] {processor.py:208} INFO - Processing /Users/andreasanditya/Downloads/572392_Andreas_AirflowETL/code/.venv/lib/python3.9/site-packages/airflow/example_dags/example_complex.py took 0.193 seconds
[2026-09-18T11:21:29.969+0700] {processor.py:186} INFO - Started process (PID=13275) to work on /Users/andreasanditya/Downloads/572392_Andreas_AirflowETL/code/.venv/lib/python3.9/site-packages/airflow/example_dags/example_complex.py
[2026-09-18T11:21:29.970+0700] {processor.py:914} INFO - Processing file /Users/andreasanditya/Downloads/572392_Andreas_AirflowETL/code/.venv/lib/python3.9/site-packages/airflow/example_dags/example_complex.py for tasks to queue
[2026-09-18T11:21:29.971+0700] {logging_mixin.py:190} INFO - [2026-09-18T11:21:29.971+0700] {dagbag.py:588} INFO - Filling up the DagBag from /Users/andreasanditya/Downloads/572392_Andreas_AirflowETL/code/.venv/lib/python3.9/site-packages/airflow/example_dags/example_complex.py
[2026-09-18T11:21:29.979+0700] {processor.py:925} INFO - DAG(s) 'example_complex' retrieved from /Users/andreasanditya/Downloads/572392_Andreas_AirflowETL/code/.venv/lib/python3.9/site-packages/airflow/example_dags/example_complex.py
[2026-09-18T11:21:30.088+0700] {logging_mixin.py:190} INFO - [2026-09-18T11:21:30.087+0700] {dag.py:3239} INFO - Sync 1 DAGs
[2026-09-18T11:21:30.099+0700] {logging_mixin.py:190} INFO - [2026-09-18T11:21:30.098+0700] {dag.py:4180} INFO - Setting next_dagrun for example_complex to None, run_after=None
[2026-09-18T11:21:30.115+0700] {processor.py:208} INFO - Processing /Users/andreasanditya/Downloads/572392_Andreas_AirflowETL/code/.venv/lib/python3.9/site-packages/airflow/example_dags/example_complex.py took 0.148 seconds
[2026-09-18T11:25:28.468+0700] {processor.py:186} INFO - Started process (PID=15953) to work on /Users/andreasanditya/Downloads/572392_Andreas_AirflowETL/code/.venv/lib/python3.9/site-packages/airflow/example_dags/example_complex.py
[2026-09-18T11:25:28.469+0700] {processor.py:914} INFO - Processing file /Users/andreasanditya/Downloads/572392_Andreas_AirflowETL/code/.venv/lib/python3.9/site-packages/airflow/example_dags/example_complex.py for tasks to queue
[2026-09-18T11:25:28.470+0700] {logging_mixin.py:190} INFO - [2026-09-18T11:25:28.470+0700] {dagbag.py:588} INFO - Filling up the DagBag from /Users/andreasanditya/Downloads/572392_Andreas_AirflowETL/code/.venv/lib/python3.9/site-packages/airflow/example_dags/example_complex.py
[2026-09-18T11:25:28.479+0700] {processor.py:925} INFO - DAG(s) 'example_complex' retrieved from /Users/andreasanditya/Downloads/572392_Andreas_AirflowETL/code/.venv/lib/python3.9/site-packages/airflow/example_dags/example_complex.py
[2026-09-18T11:25:28.575+0700] {logging_mixin.py:190} INFO - [2026-09-18T11:25:28.575+0700] {dag.py:3239} INFO - Sync 1 DAGs
[2026-09-18T11:25:28.581+0700] {logging_mixin.py:190} INFO - [2026-09-18T11:25:28.581+0700] {dag.py:4180} INFO - Setting next_dagrun for example_complex to None, run_after=None
[2026-09-18T11:25:28.592+0700] {processor.py:208} INFO - Processing /Users/andreasanditya/Downloads/572392_Andreas_AirflowETL/code/.venv/lib/python3.9/site-packages/airflow/example_dags/example_complex.py took 0.125 seconds
[2026-09-18T11:28:33.051+0700] {processor.py:186} INFO - Started process (PID=17796) to work on /Users/andreasanditya/Downloads/572392_Andreas_AirflowETL/code/.venv/lib/python3.9/site-packages/airflow/example_dags/example_complex.py
[2026-09-18T11:28:33.052+0700] {processor.py:914} INFO - Processing file /Users/andreasanditya/Downloads/572392_Andreas_AirflowETL/code/.venv/lib/python3.9/site-packages/airflow/example_dags/example_complex.py for tasks to queue
[2026-09-18T11:28:33.053+0700] {logging_mixin.py:190} INFO - [2026-09-18T11:28:33.053+0700] {dagbag.py:588} INFO - Filling up the DagBag from /Users/andreasanditya/Downloads/572392_Andreas_AirflowETL/code/.venv/lib/python3.9/site-packages/airflow/example_dags/example_complex.py
[2026-09-18T11:28:33.061+0700] {processor.py:925} INFO - DAG(s) 'example_complex' retrieved from /Users/andreasanditya/Downloads/572392_Andreas_AirflowETL/code/.venv/lib/python3.9/site-packages/airflow/example_dags/example_complex.py
[2026-09-18T11:28:33.157+0700] {logging_mixin.py:190} INFO - [2026-09-18T11:28:33.157+0700] {dag.py:3239} INFO - Sync 1 DAGs
[2026-09-18T11:28:33.164+0700] {logging_mixin.py:190} INFO - [2026-09-18T11:28:33.164+0700] {dag.py:4180} INFO - Setting next_dagrun for example_complex to None, run_after=None
[2026-09-18T11:28:33.174+0700] {processor.py:208} INFO - Processing /Users/andreasanditya/Downloads/572392_Andreas_AirflowETL/code/.venv/lib/python3.9/site-packages/airflow/example_dags/example_complex.py took 0.125 seconds
[2026-09-18T11:31:32.604+0700] {processor.py:186} INFO - Started process (PID=19597) to work on /Users/andreasanditya/Downloads/572392_Andreas_AirflowETL/code/.venv/lib/python3.9/site-packages/airflow/example_dags/example_complex.py
[2026-09-18T11:31:32.605+0700] {processor.py:914} INFO - Processing file /Users/andreasanditya/Downloads/572392_Andreas_AirflowETL/code/.venv/lib/python3.9/site-packages/airflow/example_dags/example_complex.py for tasks to queue
[2026-09-18T11:31:32.606+0700] {logging_mixin.py:190} INFO - [2026-09-18T11:31:32.606+0700] {dagbag.py:588} INFO - Filling up the DagBag from /Users/andreasanditya/Downloads/572392_Andreas_AirflowETL/code/.venv/lib/python3.9/site-packages/airflow/example_dags/example_complex.py
[2026-09-18T11:31:32.614+0700] {processor.py:925} INFO - DAG(s) 'example_complex' retrieved from /Users/andreasanditya/Downloads/572392_Andreas_AirflowETL/code/.venv/lib/python3.9/site-packages/airflow/example_dags/example_complex.py
[2026-09-18T11:31:32.709+0700] {logging_mixin.py:190} INFO - [2026-09-18T11:31:32.709+0700] {dag.py:3239} INFO - Sync 1 DAGs
[2026-09-18T11:31:32.715+0700] {logging_mixin.py:190} INFO - [2026-09-18T11:31:32.715+0700] {dag.py:4180} INFO - Setting next_dagrun for example_complex to None, run_after=None
[2026-09-18T11:31:32.725+0700] {processor.py:208} INFO - Processing /Users/andreasanditya/Downloads/572392_Andreas_AirflowETL/code/.venv/lib/python3.9/site-packages/airflow/example_dags/example_complex.py took 0.124 seconds
[2026-09-18T11:34:25.636+0700] {processor.py:186} INFO - Started process (PID=21468) to work on /Users/andreasanditya/Downloads/572392_Andreas_AirflowETL/code/.venv/lib/python3.9/site-packages/airflow/example_dags/example_complex.py
[2026-09-18T11:34:25.638+0700] {processor.py:914} INFO - Processing file /Users/andreasanditya/Downloads/572392_Andreas_AirflowETL/code/.venv/lib/python3.9/site-packages/airflow/example_dags/example_complex.py for tasks to queue
[2026-09-18T11:34:25.639+0700] {logging_mixin.py:190} INFO - [2026-09-18T11:34:25.639+0700] {dagbag.py:588} INFO - Filling up the DagBag from /Users/andreasanditya/Downloads/572392_Andreas_AirflowETL/code/.venv/lib/python3.9/site-packages/airflow/example_dags/example_complex.py
[2026-09-18T11:34:25.648+0700] {processor.py:925} INFO - DAG(s) 'example_complex' retrieved from /Users/andreasanditya/Downloads/572392_Andreas_AirflowETL/code/.venv/lib/python3.9/site-packages/airflow/example_dags/example_complex.py
[2026-09-18T11:34:25.747+0700] {logging_mixin.py:190} INFO - [2026-09-18T11:34:25.747+0700] {dag.py:3239} INFO - Sync 1 DAGs
[2026-09-18T11:34:25.754+0700] {logging_mixin.py:190} INFO - [2026-09-18T11:34:25.754+0700] {dag.py:4180} INFO - Setting next_dagrun for example_complex to None, run_after=None
[2026-09-18T11:34:25.765+0700] {processor.py:208} INFO - Processing /Users/andreasanditya/Downloads/572392_Andreas_AirflowETL/code/.venv/lib/python3.9/site-packages/airflow/example_dags/example_complex.py took 0.131 seconds
[2026-09-18T11:37:22.463+0700] {processor.py:186} INFO - Started process (PID=23405) to work on /Users/andreasanditya/Downloads/572392_Andreas_AirflowETL/code/.venv/lib/python3.9/site-packages/airflow/example_dags/example_complex.py
[2026-09-18T11:37:22.465+0700] {processor.py:914} INFO - Processing file /Users/andreasanditya/Downloads/572392_Andreas_AirflowETL/code/.venv/lib/python3.9/site-packages/airflow/example_dags/example_complex.py for tasks to queue
[2026-09-18T11:37:22.466+0700] {logging_mixin.py:190} INFO - [2026-09-18T11:37:22.465+0700] {dagbag.py:588} INFO - Filling up the DagBag from /Users/andreasanditya/Downloads/572392_Andreas_AirflowETL/code/.venv/lib/python3.9/site-packages/airflow/example_dags/example_complex.py
[2026-09-18T11:37:22.473+0700] {processor.py:925} INFO - DAG(s) 'example_complex' retrieved from /Users/andreasanditya/Downloads/572392_Andreas_AirflowETL/code/.venv/lib/python3.9/site-packages/airflow/example_dags/example_complex.py
[2026-09-18T11:37:22.569+0700] {logging_mixin.py:190} INFO - [2026-09-18T11:37:22.568+0700] {dag.py:3239} INFO - Sync 1 DAGs
[2026-09-18T11:37:22.575+0700] {logging_mixin.py:190} INFO - [2026-09-18T11:37:22.575+0700] {dag.py:4180} INFO - Setting next_dagrun for example_complex to None, run_after=None
[2026-09-18T11:37:22.586+0700] {processor.py:208} INFO - Processing /Users/andreasanditya/Downloads/572392_Andreas_AirflowETL/code/.venv/lib/python3.9/site-packages/airflow/example_dags/example_complex.py took 0.124 seconds
[2026-09-18T11:40:17.348+0700] {processor.py:186} INFO - Started process (PID=25164) to work on /Users/andreasanditya/Downloads/572392_Andreas_AirflowETL/code/.venv/lib/python3.9/site-packages/airflow/example_dags/example_complex.py
[2026-09-18T11:40:17.350+0700] {processor.py:914} INFO - Processing file /Users/andreasanditya/Downloads/572392_Andreas_AirflowETL/code/.venv/lib/python3.9/site-packages/airflow/example_dags/example_complex.py for tasks to queue
[2026-09-18T11:40:17.351+0700] {logging_mixin.py:190} INFO - [2026-09-18T11:40:17.351+0700] {dagbag.py:588} INFO - Filling up the DagBag from /Users/andreasanditya/Downloads/572392_Andreas_AirflowETL/code/.venv/lib/python3.9/site-packages/airflow/example_dags/example_complex.py
[2026-09-18T11:40:17.358+0700] {processor.py:925} INFO - DAG(s) 'example_complex' retrieved from /Users/andreasanditya/Downloads/572392_Andreas_AirflowETL/code/.venv/lib/python3.9/site-packages/airflow/example_dags/example_complex.py
[2026-09-18T11:40:17.454+0700] {logging_mixin.py:190} INFO - [2026-09-18T11:40:17.454+0700] {dag.py:3239} INFO - Sync 1 DAGs
[2026-09-18T11:40:17.460+0700] {logging_mixin.py:190} INFO - [2026-09-18T11:40:17.460+0700] {dag.py:4180} INFO - Setting next_dagrun for example_complex to None, run_after=None
[2026-09-18T11:40:17.471+0700] {processor.py:208} INFO - Processing /Users/andreasanditya/Downloads/572392_Andreas_AirflowETL/code/.venv/lib/python3.9/site-packages/airflow/example_dags/example_complex.py took 0.124 seconds
[2026-09-18T11:43:16.374+0700] {processor.py:186} INFO - Started process (PID=27034) to work on /Users/andreasanditya/Downloads/572392_Andreas_AirflowETL/code/.venv/lib/python3.9/site-packages/airflow/example_dags/example_complex.py
[2026-09-18T11:43:16.375+0700] {processor.py:914} INFO - Processing file /Users/andreasanditya/Downloads/572392_Andreas_AirflowETL/code/.venv/lib/python3.9/site-packages/airflow/example_dags/example_complex.py for tasks to queue
[2026-09-18T11:43:16.376+0700] {logging_mixin.py:190} INFO - [2026-09-18T11:43:16.376+0700] {dagbag.py:588} INFO - Filling up the DagBag from /Users/andreasanditya/Downloads/572392_Andreas_AirflowETL/code/.venv/lib/python3.9/site-packages/airflow/example_dags/example_complex.py
[2026-09-18T11:43:16.384+0700] {processor.py:925} INFO - DAG(s) 'example_complex' retrieved from /Users/andreasanditya/Downloads/572392_Andreas_AirflowETL/code/.venv/lib/python3.9/site-packages/airflow/example_dags/example_complex.py
[2026-09-18T11:43:16.477+0700] {logging_mixin.py:190} INFO - [2026-09-18T11:43:16.477+0700] {dag.py:3239} INFO - Sync 1 DAGs
[2026-09-18T11:43:16.483+0700] {logging_mixin.py:190} INFO - [2026-09-18T11:43:16.483+0700] {dag.py:4180} INFO - Setting next_dagrun for example_complex to None, run_after=None
[2026-09-18T11:43:16.493+0700] {processor.py:208} INFO - Processing /Users/andreasanditya/Downloads/572392_Andreas_AirflowETL/code/.venv/lib/python3.9/site-packages/airflow/example_dags/example_complex.py took 0.121 seconds
[2026-09-18T11:46:09.505+0700] {processor.py:186} INFO - Started process (PID=28759) to work on /Users/andreasanditya/Downloads/572392_Andreas_AirflowETL/code/.venv/lib/python3.9/site-packages/airflow/example_dags/example_complex.py
[2026-09-18T11:46:09.506+0700] {processor.py:914} INFO - Processing file /Users/andreasanditya/Downloads/572392_Andreas_AirflowETL/code/.venv/lib/python3.9/site-packages/airflow/example_dags/example_complex.py for tasks to queue
[2026-09-18T11:46:09.507+0700] {logging_mixin.py:190} INFO - [2026-09-18T11:46:09.507+0700] {dagbag.py:588} INFO - Filling up the DagBag from /Users/andreasanditya/Downloads/572392_Andreas_AirflowETL/code/.venv/lib/python3.9/site-packages/airflow/example_dags/example_complex.py
[2026-09-18T11:46:09.515+0700] {processor.py:925} INFO - DAG(s) 'example_complex' retrieved from /Users/andreasanditya/Downloads/572392_Andreas_AirflowETL/code/.venv/lib/python3.9/site-packages/airflow/example_dags/example_complex.py
[2026-09-18T11:46:09.611+0700] {logging_mixin.py:190} INFO - [2026-09-18T11:46:09.610+0700] {dag.py:3239} INFO - Sync 1 DAGs
[2026-09-18T11:46:09.617+0700] {logging_mixin.py:190} INFO - [2026-09-18T11:46:09.617+0700] {dag.py:4180} INFO - Setting next_dagrun for example_complex to None, run_after=None
[2026-09-18T11:46:09.627+0700] {processor.py:208} INFO - Processing /Users/andreasanditya/Downloads/572392_Andreas_AirflowETL/code/.venv/lib/python3.9/site-packages/airflow/example_dags/example_complex.py took 0.124 seconds
[2026-09-18T11:49:03.013+0700] {processor.py:186} INFO - Started process (PID=30499) to work on /Users/andreasanditya/Downloads/572392_Andreas_AirflowETL/code/.venv/lib/python3.9/site-packages/airflow/example_dags/example_complex.py
[2026-09-18T11:49:03.013+0700] {processor.py:914} INFO - Processing file /Users/andreasanditya/Downloads/572392_Andreas_AirflowETL/code/.venv/lib/python3.9/site-packages/airflow/example_dags/example_complex.py for tasks to queue
[2026-09-18T11:49:03.014+0700] {logging_mixin.py:190} INFO - [2026-09-18T11:49:03.014+0700] {dagbag.py:588} INFO - Filling up the DagBag from /Users/andreasanditya/Downloads/572392_Andreas_AirflowETL/code/.venv/lib/python3.9/site-packages/airflow/example_dags/example_complex.py
[2026-09-18T11:49:03.022+0700] {processor.py:925} INFO - DAG(s) 'example_complex' retrieved from /Users/andreasanditya/Downloads/572392_Andreas_AirflowETL/code/.venv/lib/python3.9/site-packages/airflow/example_dags/example_complex.py
[2026-09-18T11:49:03.116+0700] {logging_mixin.py:190} INFO - [2026-09-18T11:49:03.115+0700] {dag.py:3239} INFO - Sync 1 DAGs
[2026-09-18T11:49:03.122+0700] {logging_mixin.py:190} INFO - [2026-09-18T11:49:03.122+0700] {dag.py:4180} INFO - Setting next_dagrun for example_complex to None, run_after=None
[2026-09-18T11:49:03.132+0700] {processor.py:208} INFO - Processing /Users/andreasanditya/Downloads/572392_Andreas_AirflowETL/code/.venv/lib/python3.9/site-packages/airflow/example_dags/example_complex.py took 0.122 seconds
[2026-09-18T11:51:54.075+0700] {processor.py:186} INFO - Started process (PID=32219) to work on /Users/andreasanditya/Downloads/572392_Andreas_AirflowETL/code/.venv/lib/python3.9/site-packages/airflow/example_dags/example_complex.py
[2026-09-18T11:51:54.077+0700] {processor.py:914} INFO - Processing file /Users/andreasanditya/Downloads/572392_Andreas_AirflowETL/code/.venv/lib/python3.9/site-packages/airflow/example_dags/example_complex.py for tasks to queue
[2026-09-18T11:51:54.078+0700] {logging_mixin.py:190} INFO - [2026-09-18T11:51:54.077+0700] {dagbag.py:588} INFO - Filling up the DagBag from /Users/andreasanditya/Downloads/572392_Andreas_AirflowETL/code/.venv/lib/python3.9/site-packages/airflow/example_dags/example_complex.py
[2026-09-18T11:51:54.085+0700] {processor.py:925} INFO - DAG(s) 'example_complex' retrieved from /Users/andreasanditya/Downloads/572392_Andreas_AirflowETL/code/.venv/lib/python3.9/site-packages/airflow/example_dags/example_complex.py
[2026-09-18T11:51:54.178+0700] {logging_mixin.py:190} INFO - [2026-09-18T11:51:54.178+0700] {dag.py:3239} INFO - Sync 1 DAGs
[2026-09-18T11:51:54.184+0700] {logging_mixin.py:190} INFO - [2026-09-18T11:51:54.184+0700] {dag.py:4180} INFO - Setting next_dagrun for example_complex to None, run_after=None
[2026-09-18T11:51:54.194+0700] {processor.py:208} INFO - Processing /Users/andreasanditya/Downloads/572392_Andreas_AirflowETL/code/.venv/lib/python3.9/site-packages/airflow/example_dags/example_complex.py took 0.121 seconds
[2026-09-18T11:54:47.365+0700] {processor.py:186} INFO - Started process (PID=33962) to work on /Users/andreasanditya/Downloads/572392_Andreas_AirflowETL/code/.venv/lib/python3.9/site-packages/airflow/example_dags/example_complex.py
[2026-09-18T11:54:47.366+0700] {processor.py:914} INFO - Processing file /Users/andreasanditya/Downloads/572392_Andreas_AirflowETL/code/.venv/lib/python3.9/site-packages/airflow/example_dags/example_complex.py for tasks to queue
[2026-09-18T11:54:47.367+0700] {logging_mixin.py:190} INFO - [2026-09-18T11:54:47.366+0700] {dagbag.py:588} INFO - Filling up the DagBag from /Users/andreasanditya/Downloads/572392_Andreas_AirflowETL/code/.venv/lib/python3.9/site-packages/airflow/example_dags/example_complex.py
[2026-09-18T11:54:47.374+0700] {processor.py:925} INFO - DAG(s) 'example_complex' retrieved from /Users/andreasanditya/Downloads/572392_Andreas_AirflowETL/code/.venv/lib/python3.9/site-packages/airflow/example_dags/example_complex.py
[2026-09-18T11:54:47.470+0700] {logging_mixin.py:190} INFO - [2026-09-18T11:54:47.470+0700] {dag.py:3239} INFO - Sync 1 DAGs
[2026-09-18T11:54:47.477+0700] {logging_mixin.py:190} INFO - [2026-09-18T11:54:47.476+0700] {dag.py:4180} INFO - Setting next_dagrun for example_complex to None, run_after=None
[2026-09-18T11:54:47.487+0700] {processor.py:208} INFO - Processing /Users/andreasanditya/Downloads/572392_Andreas_AirflowETL/code/.venv/lib/python3.9/site-packages/airflow/example_dags/example_complex.py took 0.124 seconds
[2026-09-18T11:57:43.734+0700] {processor.py:186} INFO - Started process (PID=35715) to work on /Users/andreasanditya/Downloads/572392_Andreas_AirflowETL/code/.venv/lib/python3.9/site-packages/airflow/example_dags/example_complex.py
[2026-09-18T11:57:43.735+0700] {processor.py:914} INFO - Processing file /Users/andreasanditya/Downloads/572392_Andreas_AirflowETL/code/.venv/lib/python3.9/site-packages/airflow/example_dags/example_complex.py for tasks to queue
[2026-09-18T11:57:43.736+0700] {logging_mixin.py:190} INFO - [2026-09-18T11:57:43.736+0700] {dagbag.py:588} INFO - Filling up the DagBag from /Users/andreasanditya/Downloads/572392_Andreas_AirflowETL/code/.venv/lib/python3.9/site-packages/airflow/example_dags/example_complex.py
[2026-09-18T11:57:43.744+0700] {processor.py:925} INFO - DAG(s) 'example_complex' retrieved from /Users/andreasanditya/Downloads/572392_Andreas_AirflowETL/code/.venv/lib/python3.9/site-packages/airflow/example_dags/example_complex.py
[2026-09-18T11:57:43.838+0700] {logging_mixin.py:190} INFO - [2026-09-18T11:57:43.838+0700] {dag.py:3239} INFO - Sync 1 DAGs
[2026-09-18T11:57:43.845+0700] {logging_mixin.py:190} INFO - [2026-09-18T11:57:43.845+0700] {dag.py:4180} INFO - Setting next_dagrun for example_complex to None, run_after=None
[2026-09-18T11:57:43.855+0700] {processor.py:208} INFO - Processing /Users/andreasanditya/Downloads/572392_Andreas_AirflowETL/code/.venv/lib/python3.9/site-packages/airflow/example_dags/example_complex.py took 0.123 seconds
[2026-09-18T12:00:33.591+0700] {processor.py:186} INFO - Started process (PID=37438) to work on /Users/andreasanditya/Downloads/572392_Andreas_AirflowETL/code/.venv/lib/python3.9/site-packages/airflow/example_dags/example_complex.py
[2026-09-18T12:00:33.592+0700] {processor.py:914} INFO - Processing file /Users/andreasanditya/Downloads/572392_Andreas_AirflowETL/code/.venv/lib/python3.9/site-packages/airflow/example_dags/example_complex.py for tasks to queue
[2026-09-18T12:00:33.593+0700] {logging_mixin.py:190} INFO - [2026-09-18T12:00:33.592+0700] {dagbag.py:588} INFO - Filling up the DagBag from /Users/andreasanditya/Downloads/572392_Andreas_AirflowETL/code/.venv/lib/python3.9/site-packages/airflow/example_dags/example_complex.py
[2026-09-18T12:00:33.600+0700] {processor.py:925} INFO - DAG(s) 'example_complex' retrieved from /Users/andreasanditya/Downloads/572392_Andreas_AirflowETL/code/.venv/lib/python3.9/site-packages/airflow/example_dags/example_complex.py
[2026-09-18T12:00:33.694+0700] {logging_mixin.py:190} INFO - [2026-09-18T12:00:33.694+0700] {dag.py:3239} INFO - Sync 1 DAGs
[2026-09-18T12:00:33.701+0700] {logging_mixin.py:190} INFO - [2026-09-18T12:00:33.701+0700] {dag.py:4180} INFO - Setting next_dagrun for example_complex to None, run_after=None
[2026-09-18T12:00:33.710+0700] {processor.py:208} INFO - Processing /Users/andreasanditya/Downloads/572392_Andreas_AirflowETL/code/.venv/lib/python3.9/site-packages/airflow/example_dags/example_complex.py took 0.121 seconds
[2026-09-18T12:03:27.981+0700] {processor.py:186} INFO - Started process (PID=39201) to work on /Users/andreasanditya/Downloads/572392_Andreas_AirflowETL/code/.venv/lib/python3.9/site-packages/airflow/example_dags/example_complex.py
[2026-09-18T12:03:27.982+0700] {processor.py:914} INFO - Processing file /Users/andreasanditya/Downloads/572392_Andreas_AirflowETL/code/.venv/lib/python3.9/site-packages/airflow/example_dags/example_complex.py for tasks to queue
[2026-09-18T12:03:27.983+0700] {logging_mixin.py:190} INFO - [2026-09-18T12:03:27.983+0700] {dagbag.py:588} INFO - Filling up the DagBag from /Users/andreasanditya/Downloads/572392_Andreas_AirflowETL/code/.venv/lib/python3.9/site-packages/airflow/example_dags/example_complex.py
[2026-09-18T12:03:27.991+0700] {processor.py:925} INFO - DAG(s) 'example_complex' retrieved from /Users/andreasanditya/Downloads/572392_Andreas_AirflowETL/code/.venv/lib/python3.9/site-packages/airflow/example_dags/example_complex.py
[2026-09-18T12:03:28.084+0700] {logging_mixin.py:190} INFO - [2026-09-18T12:03:28.084+0700] {dag.py:3239} INFO - Sync 1 DAGs
[2026-09-18T12:03:28.090+0700] {logging_mixin.py:190} INFO - [2026-09-18T12:03:28.090+0700] {dag.py:4180} INFO - Setting next_dagrun for example_complex to None, run_after=None
[2026-09-18T12:03:28.100+0700] {processor.py:208} INFO - Processing /Users/andreasanditya/Downloads/572392_Andreas_AirflowETL/code/.venv/lib/python3.9/site-packages/airflow/example_dags/example_complex.py took 0.121 seconds
[2026-09-18T12:06:22.111+0700] {processor.py:186} INFO - Started process (PID=41012) to work on /Users/andreasanditya/Downloads/572392_Andreas_AirflowETL/code/.venv/lib/python3.9/site-packages/airflow/example_dags/example_complex.py
[2026-09-18T12:06:22.112+0700] {processor.py:914} INFO - Processing file /Users/andreasanditya/Downloads/572392_Andreas_AirflowETL/code/.venv/lib/python3.9/site-packages/airflow/example_dags/example_complex.py for tasks to queue
[2026-09-18T12:06:22.112+0700] {logging_mixin.py:190} INFO - [2026-09-18T12:06:22.112+0700] {dagbag.py:588} INFO - Filling up the DagBag from /Users/andreasanditya/Downloads/572392_Andreas_AirflowETL/code/.venv/lib/python3.9/site-packages/airflow/example_dags/example_complex.py
[2026-09-18T12:06:22.122+0700] {processor.py:925} INFO - DAG(s) 'example_complex' retrieved from /Users/andreasanditya/Downloads/572392_Andreas_AirflowETL/code/.venv/lib/python3.9/site-packages/airflow/example_dags/example_complex.py
[2026-09-18T12:06:22.219+0700] {logging_mixin.py:190} INFO - [2026-09-18T12:06:22.219+0700] {dag.py:3239} INFO - Sync 1 DAGs
[2026-09-18T12:06:22.226+0700] {logging_mixin.py:190} INFO - [2026-09-18T12:06:22.226+0700] {dag.py:4180} INFO - Setting next_dagrun for example_complex to None, run_after=None
[2026-09-18T12:06:22.236+0700] {processor.py:208} INFO - Processing /Users/andreasanditya/Downloads/572392_Andreas_AirflowETL/code/.venv/lib/python3.9/site-packages/airflow/example_dags/example_complex.py took 0.128 seconds
[2026-09-18T12:09:16.671+0700] {processor.py:186} INFO - Started process (PID=42761) to work on /Users/andreasanditya/Downloads/572392_Andreas_AirflowETL/code/.venv/lib/python3.9/site-packages/airflow/example_dags/example_complex.py
[2026-09-18T12:09:16.672+0700] {processor.py:914} INFO - Processing file /Users/andreasanditya/Downloads/572392_Andreas_AirflowETL/code/.venv/lib/python3.9/site-packages/airflow/example_dags/example_complex.py for tasks to queue
[2026-09-18T12:09:16.673+0700] {logging_mixin.py:190} INFO - [2026-09-18T12:09:16.673+0700] {dagbag.py:588} INFO - Filling up the DagBag from /Users/andreasanditya/Downloads/572392_Andreas_AirflowETL/code/.venv/lib/python3.9/site-packages/airflow/example_dags/example_complex.py
[2026-09-18T12:09:16.681+0700] {processor.py:925} INFO - DAG(s) 'example_complex' retrieved from /Users/andreasanditya/Downloads/572392_Andreas_AirflowETL/code/.venv/lib/python3.9/site-packages/airflow/example_dags/example_complex.py
[2026-09-18T12:09:16.777+0700] {logging_mixin.py:190} INFO - [2026-09-18T12:09:16.777+0700] {dag.py:3239} INFO - Sync 1 DAGs
[2026-09-18T12:09:16.783+0700] {logging_mixin.py:190} INFO - [2026-09-18T12:09:16.783+0700] {dag.py:4180} INFO - Setting next_dagrun for example_complex to None, run_after=None
[2026-09-18T12:09:16.794+0700] {processor.py:208} INFO - Processing /Users/andreasanditya/Downloads/572392_Andreas_AirflowETL/code/.venv/lib/python3.9/site-packages/airflow/example_dags/example_complex.py took 0.124 seconds
[2026-09-18T12:12:10.640+0700] {processor.py:186} INFO - Started process (PID=44498) to work on /Users/andreasanditya/Downloads/572392_Andreas_AirflowETL/code/.venv/lib/python3.9/site-packages/airflow/example_dags/example_complex.py
[2026-09-18T12:12:10.642+0700] {processor.py:914} INFO - Processing file /Users/andreasanditya/Downloads/572392_Andreas_AirflowETL/code/.venv/lib/python3.9/site-packages/airflow/example_dags/example_complex.py for tasks to queue
[2026-09-18T12:12:10.643+0700] {logging_mixin.py:190} INFO - [2026-09-18T12:12:10.643+0700] {dagbag.py:588} INFO - Filling up the DagBag from /Users/andreasanditya/Downloads/572392_Andreas_AirflowETL/code/.venv/lib/python3.9/site-packages/airflow/example_dags/example_complex.py
[2026-09-18T12:12:10.650+0700] {processor.py:925} INFO - DAG(s) 'example_complex' retrieved from /Users/andreasanditya/Downloads/572392_Andreas_AirflowETL/code/.venv/lib/python3.9/site-packages/airflow/example_dags/example_complex.py
[2026-09-18T12:12:10.743+0700] {logging_mixin.py:190} INFO - [2026-09-18T12:12:10.743+0700] {dag.py:3239} INFO - Sync 1 DAGs
[2026-09-18T12:12:10.749+0700] {logging_mixin.py:190} INFO - [2026-09-18T12:12:10.749+0700] {dag.py:4180} INFO - Setting next_dagrun for example_complex to None, run_after=None
[2026-09-18T12:12:10.759+0700] {processor.py:208} INFO - Processing /Users/andreasanditya/Downloads/572392_Andreas_AirflowETL/code/.venv/lib/python3.9/site-packages/airflow/example_dags/example_complex.py took 0.121 seconds
[2026-09-18T12:15:09.071+0700] {processor.py:186} INFO - Started process (PID=47260) to work on /Users/andreasanditya/Downloads/572392_Andreas_AirflowETL/code/.venv/lib/python3.9/site-packages/airflow/example_dags/example_complex.py
[2026-09-18T12:15:09.072+0700] {processor.py:914} INFO - Processing file /Users/andreasanditya/Downloads/572392_Andreas_AirflowETL/code/.venv/lib/python3.9/site-packages/airflow/example_dags/example_complex.py for tasks to queue
[2026-09-18T12:15:09.073+0700] {logging_mixin.py:190} INFO - [2026-09-18T12:15:09.073+0700] {dagbag.py:588} INFO - Filling up the DagBag from /Users/andreasanditya/Downloads/572392_Andreas_AirflowETL/code/.venv/lib/python3.9/site-packages/airflow/example_dags/example_complex.py
[2026-09-18T12:15:09.081+0700] {processor.py:925} INFO - DAG(s) 'example_complex' retrieved from /Users/andreasanditya/Downloads/572392_Andreas_AirflowETL/code/.venv/lib/python3.9/site-packages/airflow/example_dags/example_complex.py
[2026-09-18T12:15:09.177+0700] {logging_mixin.py:190} INFO - [2026-09-18T12:15:09.177+0700] {dag.py:3239} INFO - Sync 1 DAGs
[2026-09-18T12:15:09.183+0700] {logging_mixin.py:190} INFO - [2026-09-18T12:15:09.183+0700] {dag.py:4180} INFO - Setting next_dagrun for example_complex to None, run_after=None
[2026-09-18T12:15:09.193+0700] {processor.py:208} INFO - Processing /Users/andreasanditya/Downloads/572392_Andreas_AirflowETL/code/.venv/lib/python3.9/site-packages/airflow/example_dags/example_complex.py took 0.124 seconds
[2026-09-18T12:18:04.178+0700] {processor.py:186} INFO - Started process (PID=50112) to work on /Users/andreasanditya/Downloads/572392_Andreas_AirflowETL/code/.venv/lib/python3.9/site-packages/airflow/example_dags/example_complex.py
[2026-09-18T12:18:04.179+0700] {processor.py:914} INFO - Processing file /Users/andreasanditya/Downloads/572392_Andreas_AirflowETL/code/.venv/lib/python3.9/site-packages/airflow/example_dags/example_complex.py for tasks to queue
[2026-09-18T12:18:04.180+0700] {logging_mixin.py:190} INFO - [2026-09-18T12:18:04.180+0700] {dagbag.py:588} INFO - Filling up the DagBag from /Users/andreasanditya/Downloads/572392_Andreas_AirflowETL/code/.venv/lib/python3.9/site-packages/airflow/example_dags/example_complex.py
[2026-09-18T12:18:04.189+0700] {processor.py:925} INFO - DAG(s) 'example_complex' retrieved from /Users/andreasanditya/Downloads/572392_Andreas_AirflowETL/code/.venv/lib/python3.9/site-packages/airflow/example_dags/example_complex.py
[2026-09-18T12:18:04.294+0700] {logging_mixin.py:190} INFO - [2026-09-18T12:18:04.294+0700] {dag.py:3239} INFO - Sync 1 DAGs
[2026-09-18T12:18:04.301+0700] {logging_mixin.py:190} INFO - [2026-09-18T12:18:04.301+0700] {dag.py:4180} INFO - Setting next_dagrun for example_complex to None, run_after=None
[2026-09-18T12:18:04.311+0700] {processor.py:208} INFO - Processing /Users/andreasanditya/Downloads/572392_Andreas_AirflowETL/code/.venv/lib/python3.9/site-packages/airflow/example_dags/example_complex.py took 0.135 seconds
[2026-09-18T12:21:02.181+0700] {processor.py:186} INFO - Started process (PID=53306) to work on /Users/andreasanditya/Downloads/572392_Andreas_AirflowETL/code/.venv/lib/python3.9/site-packages/airflow/example_dags/example_complex.py
[2026-09-18T12:21:02.182+0700] {processor.py:914} INFO - Processing file /Users/andreasanditya/Downloads/572392_Andreas_AirflowETL/code/.venv/lib/python3.9/site-packages/airflow/example_dags/example_complex.py for tasks to queue
[2026-09-18T12:21:02.183+0700] {logging_mixin.py:190} INFO - [2026-09-18T12:21:02.183+0700] {dagbag.py:588} INFO - Filling up the DagBag from /Users/andreasanditya/Downloads/572392_Andreas_AirflowETL/code/.venv/lib/python3.9/site-packages/airflow/example_dags/example_complex.py
[2026-09-18T12:21:02.191+0700] {processor.py:925} INFO - DAG(s) 'example_complex' retrieved from /Users/andreasanditya/Downloads/572392_Andreas_AirflowETL/code/.venv/lib/python3.9/site-packages/airflow/example_dags/example_complex.py
[2026-09-18T12:21:02.287+0700] {logging_mixin.py:190} INFO - [2026-09-18T12:21:02.287+0700] {dag.py:3239} INFO - Sync 1 DAGs
[2026-09-18T12:21:02.293+0700] {logging_mixin.py:190} INFO - [2026-09-18T12:21:02.293+0700] {dag.py:4180} INFO - Setting next_dagrun for example_complex to None, run_after=None
[2026-09-18T12:21:02.304+0700] {processor.py:208} INFO - Processing /Users/andreasanditya/Downloads/572392_Andreas_AirflowETL/code/.venv/lib/python3.9/site-packages/airflow/example_dags/example_complex.py took 0.125 seconds
[2026-09-18T12:23:56.113+0700] {processor.py:186} INFO - Started process (PID=55182) to work on /Users/andreasanditya/Downloads/572392_Andreas_AirflowETL/code/.venv/lib/python3.9/site-packages/airflow/example_dags/example_complex.py
[2026-09-18T12:23:56.114+0700] {processor.py:914} INFO - Processing file /Users/andreasanditya/Downloads/572392_Andreas_AirflowETL/code/.venv/lib/python3.9/site-packages/airflow/example_dags/example_complex.py for tasks to queue
[2026-09-18T12:23:56.115+0700] {logging_mixin.py:190} INFO - [2026-09-18T12:23:56.115+0700] {dagbag.py:588} INFO - Filling up the DagBag from /Users/andreasanditya/Downloads/572392_Andreas_AirflowETL/code/.venv/lib/python3.9/site-packages/airflow/example_dags/example_complex.py
[2026-09-18T12:23:56.123+0700] {processor.py:925} INFO - DAG(s) 'example_complex' retrieved from /Users/andreasanditya/Downloads/572392_Andreas_AirflowETL/code/.venv/lib/python3.9/site-packages/airflow/example_dags/example_complex.py
[2026-09-18T12:23:56.216+0700] {logging_mixin.py:190} INFO - [2026-09-18T12:23:56.216+0700] {dag.py:3239} INFO - Sync 1 DAGs
[2026-09-18T12:23:56.223+0700] {logging_mixin.py:190} INFO - [2026-09-18T12:23:56.223+0700] {dag.py:4180} INFO - Setting next_dagrun for example_complex to None, run_after=None
[2026-09-18T12:23:56.232+0700] {processor.py:208} INFO - Processing /Users/andreasanditya/Downloads/572392_Andreas_AirflowETL/code/.venv/lib/python3.9/site-packages/airflow/example_dags/example_complex.py took 0.122 seconds
[2026-09-18T12:26:48.747+0700] {processor.py:186} INFO - Started process (PID=57007) to work on /Users/andreasanditya/Downloads/572392_Andreas_AirflowETL/code/.venv/lib/python3.9/site-packages/airflow/example_dags/example_complex.py
[2026-09-18T12:26:48.748+0700] {processor.py:914} INFO - Processing file /Users/andreasanditya/Downloads/572392_Andreas_AirflowETL/code/.venv/lib/python3.9/site-packages/airflow/example_dags/example_complex.py for tasks to queue
[2026-09-18T12:26:48.749+0700] {logging_mixin.py:190} INFO - [2026-09-18T12:26:48.749+0700] {dagbag.py:588} INFO - Filling up the DagBag from /Users/andreasanditya/Downloads/572392_Andreas_AirflowETL/code/.venv/lib/python3.9/site-packages/airflow/example_dags/example_complex.py
[2026-09-18T12:26:48.758+0700] {processor.py:925} INFO - DAG(s) 'example_complex' retrieved from /Users/andreasanditya/Downloads/572392_Andreas_AirflowETL/code/.venv/lib/python3.9/site-packages/airflow/example_dags/example_complex.py
[2026-09-18T12:26:48.857+0700] {logging_mixin.py:190} INFO - [2026-09-18T12:26:48.856+0700] {dag.py:3239} INFO - Sync 1 DAGs
[2026-09-18T12:26:48.863+0700] {logging_mixin.py:190} INFO - [2026-09-18T12:26:48.863+0700] {dag.py:4180} INFO - Setting next_dagrun for example_complex to None, run_after=None
[2026-09-18T12:26:48.876+0700] {processor.py:208} INFO - Processing /Users/andreasanditya/Downloads/572392_Andreas_AirflowETL/code/.venv/lib/python3.9/site-packages/airflow/example_dags/example_complex.py took 0.131 seconds
[2026-09-18T12:29:37.798+0700] {processor.py:186} INFO - Started process (PID=58699) to work on /Users/andreasanditya/Downloads/572392_Andreas_AirflowETL/code/.venv/lib/python3.9/site-packages/airflow/example_dags/example_complex.py
[2026-09-18T12:29:37.801+0700] {processor.py:914} INFO - Processing file /Users/andreasanditya/Downloads/572392_Andreas_AirflowETL/code/.venv/lib/python3.9/site-packages/airflow/example_dags/example_complex.py for tasks to queue
[2026-09-18T12:29:37.802+0700] {logging_mixin.py:190} INFO - [2026-09-18T12:29:37.802+0700] {dagbag.py:588} INFO - Filling up the DagBag from /Users/andreasanditya/Downloads/572392_Andreas_AirflowETL/code/.venv/lib/python3.9/site-packages/airflow/example_dags/example_complex.py
[2026-09-18T12:29:37.810+0700] {processor.py:925} INFO - DAG(s) 'example_complex' retrieved from /Users/andreasanditya/Downloads/572392_Andreas_AirflowETL/code/.venv/lib/python3.9/site-packages/airflow/example_dags/example_complex.py
[2026-09-18T12:29:37.902+0700] {logging_mixin.py:190} INFO - [2026-09-18T12:29:37.902+0700] {dag.py:3239} INFO - Sync 1 DAGs
[2026-09-18T12:29:37.908+0700] {logging_mixin.py:190} INFO - [2026-09-18T12:29:37.908+0700] {dag.py:4180} INFO - Setting next_dagrun for example_complex to None, run_after=None
[2026-09-18T12:29:37.918+0700] {processor.py:208} INFO - Processing /Users/andreasanditya/Downloads/572392_Andreas_AirflowETL/code/.venv/lib/python3.9/site-packages/airflow/example_dags/example_complex.py took 0.122 seconds
[2026-09-18T12:32:26.563+0700] {processor.py:186} INFO - Started process (PID=60452) to work on /Users/andreasanditya/Downloads/572392_Andreas_AirflowETL/code/.venv/lib/python3.9/site-packages/airflow/example_dags/example_complex.py
[2026-09-18T12:32:26.563+0700] {processor.py:914} INFO - Processing file /Users/andreasanditya/Downloads/572392_Andreas_AirflowETL/code/.venv/lib/python3.9/site-packages/airflow/example_dags/example_complex.py for tasks to queue
[2026-09-18T12:32:26.564+0700] {logging_mixin.py:190} INFO - [2026-09-18T12:32:26.564+0700] {dagbag.py:588} INFO - Filling up the DagBag from /Users/andreasanditya/Downloads/572392_Andreas_AirflowETL/code/.venv/lib/python3.9/site-packages/airflow/example_dags/example_complex.py
[2026-09-18T12:32:26.572+0700] {processor.py:925} INFO - DAG(s) 'example_complex' retrieved from /Users/andreasanditya/Downloads/572392_Andreas_AirflowETL/code/.venv/lib/python3.9/site-packages/airflow/example_dags/example_complex.py
[2026-09-18T12:32:26.664+0700] {logging_mixin.py:190} INFO - [2026-09-18T12:32:26.664+0700] {dag.py:3239} INFO - Sync 1 DAGs
[2026-09-18T12:32:26.671+0700] {logging_mixin.py:190} INFO - [2026-09-18T12:32:26.671+0700] {dag.py:4180} INFO - Setting next_dagrun for example_complex to None, run_after=None
[2026-09-18T12:32:26.680+0700] {processor.py:208} INFO - Processing /Users/andreasanditya/Downloads/572392_Andreas_AirflowETL/code/.venv/lib/python3.9/site-packages/airflow/example_dags/example_complex.py took 0.120 seconds
[2026-09-18T12:35:17.607+0700] {processor.py:186} INFO - Started process (PID=62212) to work on /Users/andreasanditya/Downloads/572392_Andreas_AirflowETL/code/.venv/lib/python3.9/site-packages/airflow/example_dags/example_complex.py
[2026-09-18T12:35:17.608+0700] {processor.py:914} INFO - Processing file /Users/andreasanditya/Downloads/572392_Andreas_AirflowETL/code/.venv/lib/python3.9/site-packages/airflow/example_dags/example_complex.py for tasks to queue
[2026-09-18T12:35:17.608+0700] {logging_mixin.py:190} INFO - [2026-09-18T12:35:17.608+0700] {dagbag.py:588} INFO - Filling up the DagBag from /Users/andreasanditya/Downloads/572392_Andreas_AirflowETL/code/.venv/lib/python3.9/site-packages/airflow/example_dags/example_complex.py
[2026-09-18T12:35:17.616+0700] {processor.py:925} INFO - DAG(s) 'example_complex' retrieved from /Users/andreasanditya/Downloads/572392_Andreas_AirflowETL/code/.venv/lib/python3.9/site-packages/airflow/example_dags/example_complex.py
[2026-09-18T12:35:17.708+0700] {logging_mixin.py:190} INFO - [2026-09-18T12:35:17.708+0700] {dag.py:3239} INFO - Sync 1 DAGs
[2026-09-18T12:35:17.715+0700] {logging_mixin.py:190} INFO - [2026-09-18T12:35:17.715+0700] {dag.py:4180} INFO - Setting next_dagrun for example_complex to None, run_after=None
[2026-09-18T12:35:17.725+0700] {processor.py:208} INFO - Processing /Users/andreasanditya/Downloads/572392_Andreas_AirflowETL/code/.venv/lib/python3.9/site-packages/airflow/example_dags/example_complex.py took 0.120 seconds
[2026-09-18T12:38:09.196+0700] {processor.py:186} INFO - Started process (PID=63985) to work on /Users/andreasanditya/Downloads/572392_Andreas_AirflowETL/code/.venv/lib/python3.9/site-packages/airflow/example_dags/example_complex.py
[2026-09-18T12:38:09.197+0700] {processor.py:914} INFO - Processing file /Users/andreasanditya/Downloads/572392_Andreas_AirflowETL/code/.venv/lib/python3.9/site-packages/airflow/example_dags/example_complex.py for tasks to queue
[2026-09-18T12:38:09.198+0700] {logging_mixin.py:190} INFO - [2026-09-18T12:38:09.197+0700] {dagbag.py:588} INFO - Filling up the DagBag from /Users/andreasanditya/Downloads/572392_Andreas_AirflowETL/code/.venv/lib/python3.9/site-packages/airflow/example_dags/example_complex.py
[2026-09-18T12:38:09.205+0700] {processor.py:925} INFO - DAG(s) 'example_complex' retrieved from /Users/andreasanditya/Downloads/572392_Andreas_AirflowETL/code/.venv/lib/python3.9/site-packages/airflow/example_dags/example_complex.py
[2026-09-18T12:38:09.297+0700] {logging_mixin.py:190} INFO - [2026-09-18T12:38:09.297+0700] {dag.py:3239} INFO - Sync 1 DAGs
[2026-09-18T12:38:09.303+0700] {logging_mixin.py:190} INFO - [2026-09-18T12:38:09.303+0700] {dag.py:4180} INFO - Setting next_dagrun for example_complex to None, run_after=None
[2026-09-18T12:38:09.313+0700] {processor.py:208} INFO - Processing /Users/andreasanditya/Downloads/572392_Andreas_AirflowETL/code/.venv/lib/python3.9/site-packages/airflow/example_dags/example_complex.py took 0.119 seconds
[2026-09-18T12:41:04.263+0700] {processor.py:186} INFO - Started process (PID=65738) to work on /Users/andreasanditya/Downloads/572392_Andreas_AirflowETL/code/.venv/lib/python3.9/site-packages/airflow/example_dags/example_complex.py
[2026-09-18T12:41:04.264+0700] {processor.py:914} INFO - Processing file /Users/andreasanditya/Downloads/572392_Andreas_AirflowETL/code/.venv/lib/python3.9/site-packages/airflow/example_dags/example_complex.py for tasks to queue
[2026-09-18T12:41:04.265+0700] {logging_mixin.py:190} INFO - [2026-09-18T12:41:04.265+0700] {dagbag.py:588} INFO - Filling up the DagBag from /Users/andreasanditya/Downloads/572392_Andreas_AirflowETL/code/.venv/lib/python3.9/site-packages/airflow/example_dags/example_complex.py
[2026-09-18T12:41:04.273+0700] {processor.py:925} INFO - DAG(s) 'example_complex' retrieved from /Users/andreasanditya/Downloads/572392_Andreas_AirflowETL/code/.venv/lib/python3.9/site-packages/airflow/example_dags/example_complex.py
[2026-09-18T12:41:04.364+0700] {logging_mixin.py:190} INFO - [2026-09-18T12:41:04.364+0700] {dag.py:3239} INFO - Sync 1 DAGs
[2026-09-18T12:41:04.371+0700] {logging_mixin.py:190} INFO - [2026-09-18T12:41:04.371+0700] {dag.py:4180} INFO - Setting next_dagrun for example_complex to None, run_after=None
[2026-09-18T12:41:04.381+0700] {processor.py:208} INFO - Processing /Users/andreasanditya/Downloads/572392_Andreas_AirflowETL/code/.venv/lib/python3.9/site-packages/airflow/example_dags/example_complex.py took 0.120 seconds
[2026-09-18T12:43:56.186+0700] {processor.py:186} INFO - Started process (PID=67480) to work on /Users/andreasanditya/Downloads/572392_Andreas_AirflowETL/code/.venv/lib/python3.9/site-packages/airflow/example_dags/example_complex.py
[2026-09-18T12:43:56.187+0700] {processor.py:914} INFO - Processing file /Users/andreasanditya/Downloads/572392_Andreas_AirflowETL/code/.venv/lib/python3.9/site-packages/airflow/example_dags/example_complex.py for tasks to queue
[2026-09-18T12:43:56.188+0700] {logging_mixin.py:190} INFO - [2026-09-18T12:43:56.188+0700] {dagbag.py:588} INFO - Filling up the DagBag from /Users/andreasanditya/Downloads/572392_Andreas_AirflowETL/code/.venv/lib/python3.9/site-packages/airflow/example_dags/example_complex.py
[2026-09-18T12:43:56.195+0700] {processor.py:925} INFO - DAG(s) 'example_complex' retrieved from /Users/andreasanditya/Downloads/572392_Andreas_AirflowETL/code/.venv/lib/python3.9/site-packages/airflow/example_dags/example_complex.py
[2026-09-18T12:43:56.287+0700] {logging_mixin.py:190} INFO - [2026-09-18T12:43:56.287+0700] {dag.py:3239} INFO - Sync 1 DAGs
[2026-09-18T12:43:56.293+0700] {logging_mixin.py:190} INFO - [2026-09-18T12:43:56.293+0700] {dag.py:4180} INFO - Setting next_dagrun for example_complex to None, run_after=None
[2026-09-18T12:43:56.303+0700] {processor.py:208} INFO - Processing /Users/andreasanditya/Downloads/572392_Andreas_AirflowETL/code/.venv/lib/python3.9/site-packages/airflow/example_dags/example_complex.py took 0.120 seconds
[2026-09-18T12:46:49.742+0700] {processor.py:186} INFO - Started process (PID=69233) to work on /Users/andreasanditya/Downloads/572392_Andreas_AirflowETL/code/.venv/lib/python3.9/site-packages/airflow/example_dags/example_complex.py
[2026-09-18T12:46:49.743+0700] {processor.py:914} INFO - Processing file /Users/andreasanditya/Downloads/572392_Andreas_AirflowETL/code/.venv/lib/python3.9/site-packages/airflow/example_dags/example_complex.py for tasks to queue
[2026-09-18T12:46:49.743+0700] {logging_mixin.py:190} INFO - [2026-09-18T12:46:49.743+0700] {dagbag.py:588} INFO - Filling up the DagBag from /Users/andreasanditya/Downloads/572392_Andreas_AirflowETL/code/.venv/lib/python3.9/site-packages/airflow/example_dags/example_complex.py
[2026-09-18T12:46:49.752+0700] {processor.py:925} INFO - DAG(s) 'example_complex' retrieved from /Users/andreasanditya/Downloads/572392_Andreas_AirflowETL/code/.venv/lib/python3.9/site-packages/airflow/example_dags/example_complex.py
[2026-09-18T12:46:49.845+0700] {logging_mixin.py:190} INFO - [2026-09-18T12:46:49.845+0700] {dag.py:3239} INFO - Sync 1 DAGs
[2026-09-18T12:46:49.852+0700] {logging_mixin.py:190} INFO - [2026-09-18T12:46:49.851+0700] {dag.py:4180} INFO - Setting next_dagrun for example_complex to None, run_after=None
[2026-09-18T12:46:49.861+0700] {processor.py:208} INFO - Processing /Users/andreasanditya/Downloads/572392_Andreas_AirflowETL/code/.venv/lib/python3.9/site-packages/airflow/example_dags/example_complex.py took 0.122 seconds
[2026-09-18T12:49:38.843+0700] {processor.py:186} INFO - Started process (PID=70971) to work on /Users/andreasanditya/Downloads/572392_Andreas_AirflowETL/code/.venv/lib/python3.9/site-packages/airflow/example_dags/example_complex.py
[2026-09-18T12:49:38.845+0700] {processor.py:914} INFO - Processing file /Users/andreasanditya/Downloads/572392_Andreas_AirflowETL/code/.venv/lib/python3.9/site-packages/airflow/example_dags/example_complex.py for tasks to queue
[2026-09-18T12:49:38.845+0700] {logging_mixin.py:190} INFO - [2026-09-18T12:49:38.845+0700] {dagbag.py:588} INFO - Filling up the DagBag from /Users/andreasanditya/Downloads/572392_Andreas_AirflowETL/code/.venv/lib/python3.9/site-packages/airflow/example_dags/example_complex.py
[2026-09-18T12:49:38.853+0700] {processor.py:925} INFO - DAG(s) 'example_complex' retrieved from /Users/andreasanditya/Downloads/572392_Andreas_AirflowETL/code/.venv/lib/python3.9/site-packages/airflow/example_dags/example_complex.py
[2026-09-18T12:49:38.945+0700] {logging_mixin.py:190} INFO - [2026-09-18T12:49:38.945+0700] {dag.py:3239} INFO - Sync 1 DAGs
[2026-09-18T12:49:38.951+0700] {logging_mixin.py:190} INFO - [2026-09-18T12:49:38.951+0700] {dag.py:4180} INFO - Setting next_dagrun for example_complex to None, run_after=None
[2026-09-18T12:49:38.961+0700] {processor.py:208} INFO - Processing /Users/andreasanditya/Downloads/572392_Andreas_AirflowETL/code/.venv/lib/python3.9/site-packages/airflow/example_dags/example_complex.py took 0.120 seconds
[2026-09-18T12:52:27.958+0700] {processor.py:186} INFO - Started process (PID=72719) to work on /Users/andreasanditya/Downloads/572392_Andreas_AirflowETL/code/.venv/lib/python3.9/site-packages/airflow/example_dags/example_complex.py
[2026-09-18T12:52:27.959+0700] {processor.py:914} INFO - Processing file /Users/andreasanditya/Downloads/572392_Andreas_AirflowETL/code/.venv/lib/python3.9/site-packages/airflow/example_dags/example_complex.py for tasks to queue
[2026-09-18T12:52:27.959+0700] {logging_mixin.py:190} INFO - [2026-09-18T12:52:27.959+0700] {dagbag.py:588} INFO - Filling up the DagBag from /Users/andreasanditya/Downloads/572392_Andreas_AirflowETL/code/.venv/lib/python3.9/site-packages/airflow/example_dags/example_complex.py
[2026-09-18T12:52:27.967+0700] {processor.py:925} INFO - DAG(s) 'example_complex' retrieved from /Users/andreasanditya/Downloads/572392_Andreas_AirflowETL/code/.venv/lib/python3.9/site-packages/airflow/example_dags/example_complex.py
[2026-09-18T12:52:28.059+0700] {logging_mixin.py:190} INFO - [2026-09-18T12:52:28.059+0700] {dag.py:3239} INFO - Sync 1 DAGs
[2026-09-18T12:52:28.066+0700] {logging_mixin.py:190} INFO - [2026-09-18T12:52:28.066+0700] {dag.py:4180} INFO - Setting next_dagrun for example_complex to None, run_after=None
[2026-09-18T12:52:28.075+0700] {processor.py:208} INFO - Processing /Users/andreasanditya/Downloads/572392_Andreas_AirflowETL/code/.venv/lib/python3.9/site-packages/airflow/example_dags/example_complex.py took 0.120 seconds
[2026-09-18T12:55:17.590+0700] {processor.py:186} INFO - Started process (PID=74407) to work on /Users/andreasanditya/Downloads/572392_Andreas_AirflowETL/code/.venv/lib/python3.9/site-packages/airflow/example_dags/example_complex.py
[2026-09-18T12:55:17.590+0700] {processor.py:914} INFO - Processing file /Users/andreasanditya/Downloads/572392_Andreas_AirflowETL/code/.venv/lib/python3.9/site-packages/airflow/example_dags/example_complex.py for tasks to queue
[2026-09-18T12:55:17.591+0700] {logging_mixin.py:190} INFO - [2026-09-18T12:55:17.591+0700] {dagbag.py:588} INFO - Filling up the DagBag from /Users/andreasanditya/Downloads/572392_Andreas_AirflowETL/code/.venv/lib/python3.9/site-packages/airflow/example_dags/example_complex.py
[2026-09-18T12:55:17.599+0700] {processor.py:925} INFO - DAG(s) 'example_complex' retrieved from /Users/andreasanditya/Downloads/572392_Andreas_AirflowETL/code/.venv/lib/python3.9/site-packages/airflow/example_dags/example_complex.py
[2026-09-18T12:55:17.690+0700] {logging_mixin.py:190} INFO - [2026-09-18T12:55:17.690+0700] {dag.py:3239} INFO - Sync 1 DAGs
[2026-09-18T12:55:17.697+0700] {logging_mixin.py:190} INFO - [2026-09-18T12:55:17.697+0700] {dag.py:4180} INFO - Setting next_dagrun for example_complex to None, run_after=None
[2026-09-18T12:55:17.707+0700] {processor.py:208} INFO - Processing /Users/andreasanditya/Downloads/572392_Andreas_AirflowETL/code/.venv/lib/python3.9/site-packages/airflow/example_dags/example_complex.py took 0.119 seconds
[2026-09-18T12:58:07.755+0700] {processor.py:186} INFO - Started process (PID=76161) to work on /Users/andreasanditya/Downloads/572392_Andreas_AirflowETL/code/.venv/lib/python3.9/site-packages/airflow/example_dags/example_complex.py
[2026-09-18T12:58:07.757+0700] {processor.py:914} INFO - Processing file /Users/andreasanditya/Downloads/572392_Andreas_AirflowETL/code/.venv/lib/python3.9/site-packages/airflow/example_dags/example_complex.py for tasks to queue
[2026-09-18T12:58:07.757+0700] {logging_mixin.py:190} INFO - [2026-09-18T12:58:07.757+0700] {dagbag.py:588} INFO - Filling up the DagBag from /Users/andreasanditya/Downloads/572392_Andreas_AirflowETL/code/.venv/lib/python3.9/site-packages/airflow/example_dags/example_complex.py
[2026-09-18T12:58:07.766+0700] {processor.py:925} INFO - DAG(s) 'example_complex' retrieved from /Users/andreasanditya/Downloads/572392_Andreas_AirflowETL/code/.venv/lib/python3.9/site-packages/airflow/example_dags/example_complex.py
[2026-09-18T12:58:07.859+0700] {logging_mixin.py:190} INFO - [2026-09-18T12:58:07.859+0700] {dag.py:3239} INFO - Sync 1 DAGs
[2026-09-18T12:58:07.865+0700] {logging_mixin.py:190} INFO - [2026-09-18T12:58:07.865+0700] {dag.py:4180} INFO - Setting next_dagrun for example_complex to None, run_after=None
[2026-09-18T12:58:07.875+0700] {processor.py:208} INFO - Processing /Users/andreasanditya/Downloads/572392_Andreas_AirflowETL/code/.venv/lib/python3.9/site-packages/airflow/example_dags/example_complex.py took 0.122 seconds
[2026-09-18T13:01:02.043+0700] {processor.py:186} INFO - Started process (PID=77930) to work on /Users/andreasanditya/Downloads/572392_Andreas_AirflowETL/code/.venv/lib/python3.9/site-packages/airflow/example_dags/example_complex.py
[2026-09-18T13:01:02.044+0700] {processor.py:914} INFO - Processing file /Users/andreasanditya/Downloads/572392_Andreas_AirflowETL/code/.venv/lib/python3.9/site-packages/airflow/example_dags/example_complex.py for tasks to queue
[2026-09-18T13:01:02.044+0700] {logging_mixin.py:190} INFO - [2026-09-18T13:01:02.044+0700] {dagbag.py:588} INFO - Filling up the DagBag from /Users/andreasanditya/Downloads/572392_Andreas_AirflowETL/code/.venv/lib/python3.9/site-packages/airflow/example_dags/example_complex.py
[2026-09-18T13:01:02.052+0700] {processor.py:925} INFO - DAG(s) 'example_complex' retrieved from /Users/andreasanditya/Downloads/572392_Andreas_AirflowETL/code/.venv/lib/python3.9/site-packages/airflow/example_dags/example_complex.py
[2026-09-18T13:01:02.146+0700] {logging_mixin.py:190} INFO - [2026-09-18T13:01:02.146+0700] {dag.py:3239} INFO - Sync 1 DAGs
[2026-09-18T13:01:02.152+0700] {logging_mixin.py:190} INFO - [2026-09-18T13:01:02.152+0700] {dag.py:4180} INFO - Setting next_dagrun for example_complex to None, run_after=None
[2026-09-18T13:01:02.162+0700] {processor.py:208} INFO - Processing /Users/andreasanditya/Downloads/572392_Andreas_AirflowETL/code/.venv/lib/python3.9/site-packages/airflow/example_dags/example_complex.py took 0.121 seconds
[2026-09-18T13:03:54.254+0700] {processor.py:186} INFO - Started process (PID=79686) to work on /Users/andreasanditya/Downloads/572392_Andreas_AirflowETL/code/.venv/lib/python3.9/site-packages/airflow/example_dags/example_complex.py
[2026-09-18T13:03:54.255+0700] {processor.py:914} INFO - Processing file /Users/andreasanditya/Downloads/572392_Andreas_AirflowETL/code/.venv/lib/python3.9/site-packages/airflow/example_dags/example_complex.py for tasks to queue
[2026-09-18T13:03:54.256+0700] {logging_mixin.py:190} INFO - [2026-09-18T13:03:54.256+0700] {dagbag.py:588} INFO - Filling up the DagBag from /Users/andreasanditya/Downloads/572392_Andreas_AirflowETL/code/.venv/lib/python3.9/site-packages/airflow/example_dags/example_complex.py
[2026-09-18T13:03:54.263+0700] {processor.py:925} INFO - DAG(s) 'example_complex' retrieved from /Users/andreasanditya/Downloads/572392_Andreas_AirflowETL/code/.venv/lib/python3.9/site-packages/airflow/example_dags/example_complex.py
[2026-09-18T13:03:54.356+0700] {logging_mixin.py:190} INFO - [2026-09-18T13:03:54.356+0700] {dag.py:3239} INFO - Sync 1 DAGs
[2026-09-18T13:03:54.363+0700] {logging_mixin.py:190} INFO - [2026-09-18T13:03:54.363+0700] {dag.py:4180} INFO - Setting next_dagrun for example_complex to None, run_after=None
[2026-09-18T13:03:54.372+0700] {processor.py:208} INFO - Processing /Users/andreasanditya/Downloads/572392_Andreas_AirflowETL/code/.venv/lib/python3.9/site-packages/airflow/example_dags/example_complex.py took 0.120 seconds
[2026-09-18T13:06:45.107+0700] {processor.py:186} INFO - Started process (PID=81449) to work on /Users/andreasanditya/Downloads/572392_Andreas_AirflowETL/code/.venv/lib/python3.9/site-packages/airflow/example_dags/example_complex.py
[2026-09-18T13:06:45.108+0700] {processor.py:914} INFO - Processing file /Users/andreasanditya/Downloads/572392_Andreas_AirflowETL/code/.venv/lib/python3.9/site-packages/airflow/example_dags/example_complex.py for tasks to queue
[2026-09-18T13:06:45.109+0700] {logging_mixin.py:190} INFO - [2026-09-18T13:06:45.109+0700] {dagbag.py:588} INFO - Filling up the DagBag from /Users/andreasanditya/Downloads/572392_Andreas_AirflowETL/code/.venv/lib/python3.9/site-packages/airflow/example_dags/example_complex.py
[2026-09-18T13:06:45.117+0700] {processor.py:925} INFO - DAG(s) 'example_complex' retrieved from /Users/andreasanditya/Downloads/572392_Andreas_AirflowETL/code/.venv/lib/python3.9/site-packages/airflow/example_dags/example_complex.py
[2026-09-18T13:06:45.209+0700] {logging_mixin.py:190} INFO - [2026-09-18T13:06:45.209+0700] {dag.py:3239} INFO - Sync 1 DAGs
[2026-09-18T13:06:45.215+0700] {logging_mixin.py:190} INFO - [2026-09-18T13:06:45.215+0700] {dag.py:4180} INFO - Setting next_dagrun for example_complex to None, run_after=None
[2026-09-18T13:06:45.225+0700] {processor.py:208} INFO - Processing /Users/andreasanditya/Downloads/572392_Andreas_AirflowETL/code/.venv/lib/python3.9/site-packages/airflow/example_dags/example_complex.py took 0.120 seconds
[2026-09-18T13:09:33.404+0700] {processor.py:186} INFO - Started process (PID=83199) to work on /Users/andreasanditya/Downloads/572392_Andreas_AirflowETL/code/.venv/lib/python3.9/site-packages/airflow/example_dags/example_complex.py
[2026-09-18T13:09:33.406+0700] {processor.py:914} INFO - Processing file /Users/andreasanditya/Downloads/572392_Andreas_AirflowETL/code/.venv/lib/python3.9/site-packages/airflow/example_dags/example_complex.py for tasks to queue
[2026-09-18T13:09:33.407+0700] {logging_mixin.py:190} INFO - [2026-09-18T13:09:33.407+0700] {dagbag.py:588} INFO - Filling up the DagBag from /Users/andreasanditya/Downloads/572392_Andreas_AirflowETL/code/.venv/lib/python3.9/site-packages/airflow/example_dags/example_complex.py
[2026-09-18T13:09:33.414+0700] {processor.py:925} INFO - DAG(s) 'example_complex' retrieved from /Users/andreasanditya/Downloads/572392_Andreas_AirflowETL/code/.venv/lib/python3.9/site-packages/airflow/example_dags/example_complex.py
[2026-09-18T13:09:33.506+0700] {logging_mixin.py:190} INFO - [2026-09-18T13:09:33.506+0700] {dag.py:3239} INFO - Sync 1 DAGs
[2026-09-18T13:09:33.512+0700] {logging_mixin.py:190} INFO - [2026-09-18T13:09:33.512+0700] {dag.py:4180} INFO - Setting next_dagrun for example_complex to None, run_after=None
[2026-09-18T13:09:33.522+0700] {processor.py:208} INFO - Processing /Users/andreasanditya/Downloads/572392_Andreas_AirflowETL/code/.venv/lib/python3.9/site-packages/airflow/example_dags/example_complex.py took 0.120 seconds
[2026-09-18T13:12:25.955+0700] {processor.py:186} INFO - Started process (PID=84956) to work on /Users/andreasanditya/Downloads/572392_Andreas_AirflowETL/code/.venv/lib/python3.9/site-packages/airflow/example_dags/example_complex.py
[2026-09-18T13:12:25.956+0700] {processor.py:914} INFO - Processing file /Users/andreasanditya/Downloads/572392_Andreas_AirflowETL/code/.venv/lib/python3.9/site-packages/airflow/example_dags/example_complex.py for tasks to queue
[2026-09-18T13:12:25.957+0700] {logging_mixin.py:190} INFO - [2026-09-18T13:12:25.957+0700] {dagbag.py:588} INFO - Filling up the DagBag from /Users/andreasanditya/Downloads/572392_Andreas_AirflowETL/code/.venv/lib/python3.9/site-packages/airflow/example_dags/example_complex.py
[2026-09-18T13:12:25.964+0700] {processor.py:925} INFO - DAG(s) 'example_complex' retrieved from /Users/andreasanditya/Downloads/572392_Andreas_AirflowETL/code/.venv/lib/python3.9/site-packages/airflow/example_dags/example_complex.py
[2026-09-18T13:12:26.056+0700] {logging_mixin.py:190} INFO - [2026-09-18T13:12:26.056+0700] {dag.py:3239} INFO - Sync 1 DAGs
[2026-09-18T13:12:26.063+0700] {logging_mixin.py:190} INFO - [2026-09-18T13:12:26.063+0700] {dag.py:4180} INFO - Setting next_dagrun for example_complex to None, run_after=None
[2026-09-18T13:12:26.073+0700] {processor.py:208} INFO - Processing /Users/andreasanditya/Downloads/572392_Andreas_AirflowETL/code/.venv/lib/python3.9/site-packages/airflow/example_dags/example_complex.py took 0.120 seconds
[2026-09-18T13:15:18.150+0700] {processor.py:186} INFO - Started process (PID=86708) to work on /Users/andreasanditya/Downloads/572392_Andreas_AirflowETL/code/.venv/lib/python3.9/site-packages/airflow/example_dags/example_complex.py
[2026-09-18T13:15:18.151+0700] {processor.py:914} INFO - Processing file /Users/andreasanditya/Downloads/572392_Andreas_AirflowETL/code/.venv/lib/python3.9/site-packages/airflow/example_dags/example_complex.py for tasks to queue
[2026-09-18T13:15:18.152+0700] {logging_mixin.py:190} INFO - [2026-09-18T13:15:18.152+0700] {dagbag.py:588} INFO - Filling up the DagBag from /Users/andreasanditya/Downloads/572392_Andreas_AirflowETL/code/.venv/lib/python3.9/site-packages/airflow/example_dags/example_complex.py
[2026-09-18T13:15:18.159+0700] {processor.py:925} INFO - DAG(s) 'example_complex' retrieved from /Users/andreasanditya/Downloads/572392_Andreas_AirflowETL/code/.venv/lib/python3.9/site-packages/airflow/example_dags/example_complex.py
[2026-09-18T13:15:18.251+0700] {logging_mixin.py:190} INFO - [2026-09-18T13:15:18.251+0700] {dag.py:3239} INFO - Sync 1 DAGs
[2026-09-18T13:15:18.258+0700] {logging_mixin.py:190} INFO - [2026-09-18T13:15:18.258+0700] {dag.py:4180} INFO - Setting next_dagrun for example_complex to None, run_after=None
[2026-09-18T13:15:18.269+0700] {processor.py:208} INFO - Processing /Users/andreasanditya/Downloads/572392_Andreas_AirflowETL/code/.venv/lib/python3.9/site-packages/airflow/example_dags/example_complex.py took 0.122 seconds
[2026-09-18T13:18:10.777+0700] {processor.py:186} INFO - Started process (PID=88442) to work on /Users/andreasanditya/Downloads/572392_Andreas_AirflowETL/code/.venv/lib/python3.9/site-packages/airflow/example_dags/example_complex.py
[2026-09-18T13:18:10.778+0700] {processor.py:914} INFO - Processing file /Users/andreasanditya/Downloads/572392_Andreas_AirflowETL/code/.venv/lib/python3.9/site-packages/airflow/example_dags/example_complex.py for tasks to queue
[2026-09-18T13:18:10.779+0700] {logging_mixin.py:190} INFO - [2026-09-18T13:18:10.779+0700] {dagbag.py:588} INFO - Filling up the DagBag from /Users/andreasanditya/Downloads/572392_Andreas_AirflowETL/code/.venv/lib/python3.9/site-packages/airflow/example_dags/example_complex.py
[2026-09-18T13:18:10.787+0700] {processor.py:925} INFO - DAG(s) 'example_complex' retrieved from /Users/andreasanditya/Downloads/572392_Andreas_AirflowETL/code/.venv/lib/python3.9/site-packages/airflow/example_dags/example_complex.py
[2026-09-18T13:18:10.879+0700] {logging_mixin.py:190} INFO - [2026-09-18T13:18:10.879+0700] {dag.py:3239} INFO - Sync 1 DAGs
[2026-09-18T13:18:10.885+0700] {logging_mixin.py:190} INFO - [2026-09-18T13:18:10.885+0700] {dag.py:4180} INFO - Setting next_dagrun for example_complex to None, run_after=None
[2026-09-18T13:18:10.895+0700] {processor.py:208} INFO - Processing /Users/andreasanditya/Downloads/572392_Andreas_AirflowETL/code/.venv/lib/python3.9/site-packages/airflow/example_dags/example_complex.py took 0.119 seconds
[2026-09-18T13:21:00.927+0700] {processor.py:186} INFO - Started process (PID=90191) to work on /Users/andreasanditya/Downloads/572392_Andreas_AirflowETL/code/.venv/lib/python3.9/site-packages/airflow/example_dags/example_complex.py
[2026-09-18T13:21:00.927+0700] {processor.py:914} INFO - Processing file /Users/andreasanditya/Downloads/572392_Andreas_AirflowETL/code/.venv/lib/python3.9/site-packages/airflow/example_dags/example_complex.py for tasks to queue
[2026-09-18T13:21:00.928+0700] {logging_mixin.py:190} INFO - [2026-09-18T13:21:00.928+0700] {dagbag.py:588} INFO - Filling up the DagBag from /Users/andreasanditya/Downloads/572392_Andreas_AirflowETL/code/.venv/lib/python3.9/site-packages/airflow/example_dags/example_complex.py
[2026-09-18T13:21:00.936+0700] {processor.py:925} INFO - DAG(s) 'example_complex' retrieved from /Users/andreasanditya/Downloads/572392_Andreas_AirflowETL/code/.venv/lib/python3.9/site-packages/airflow/example_dags/example_complex.py
[2026-09-18T13:21:01.030+0700] {logging_mixin.py:190} INFO - [2026-09-18T13:21:01.029+0700] {dag.py:3239} INFO - Sync 1 DAGs
[2026-09-18T13:21:01.036+0700] {logging_mixin.py:190} INFO - [2026-09-18T13:21:01.036+0700] {dag.py:4180} INFO - Setting next_dagrun for example_complex to None, run_after=None
[2026-09-18T13:21:01.046+0700] {processor.py:208} INFO - Processing /Users/andreasanditya/Downloads/572392_Andreas_AirflowETL/code/.venv/lib/python3.9/site-packages/airflow/example_dags/example_complex.py took 0.121 seconds
[2026-09-18T13:23:47.307+0700] {processor.py:186} INFO - Started process (PID=91841) to work on /Users/andreasanditya/Downloads/572392_Andreas_AirflowETL/code/.venv/lib/python3.9/site-packages/airflow/example_dags/example_complex.py
[2026-09-18T13:23:47.308+0700] {processor.py:914} INFO - Processing file /Users/andreasanditya/Downloads/572392_Andreas_AirflowETL/code/.venv/lib/python3.9/site-packages/airflow/example_dags/example_complex.py for tasks to queue
[2026-09-18T13:23:47.308+0700] {logging_mixin.py:190} INFO - [2026-09-18T13:23:47.308+0700] {dagbag.py:588} INFO - Filling up the DagBag from /Users/andreasanditya/Downloads/572392_Andreas_AirflowETL/code/.venv/lib/python3.9/site-packages/airflow/example_dags/example_complex.py
[2026-09-18T13:23:47.316+0700] {processor.py:925} INFO - DAG(s) 'example_complex' retrieved from /Users/andreasanditya/Downloads/572392_Andreas_AirflowETL/code/.venv/lib/python3.9/site-packages/airflow/example_dags/example_complex.py
[2026-09-18T13:23:47.410+0700] {logging_mixin.py:190} INFO - [2026-09-18T13:23:47.410+0700] {dag.py:3239} INFO - Sync 1 DAGs
[2026-09-18T13:23:47.417+0700] {logging_mixin.py:190} INFO - [2026-09-18T13:23:47.417+0700] {dag.py:4180} INFO - Setting next_dagrun for example_complex to None, run_after=None
[2026-09-18T13:23:47.427+0700] {processor.py:208} INFO - Processing /Users/andreasanditya/Downloads/572392_Andreas_AirflowETL/code/.venv/lib/python3.9/site-packages/airflow/example_dags/example_complex.py took 0.123 seconds
[2026-09-18T13:26:38.305+0700] {processor.py:186} INFO - Started process (PID=93768) to work on /Users/andreasanditya/Downloads/572392_Andreas_AirflowETL/code/.venv/lib/python3.9/site-packages/airflow/example_dags/example_complex.py
[2026-09-18T13:26:38.306+0700] {processor.py:914} INFO - Processing file /Users/andreasanditya/Downloads/572392_Andreas_AirflowETL/code/.venv/lib/python3.9/site-packages/airflow/example_dags/example_complex.py for tasks to queue
[2026-09-18T13:26:38.307+0700] {logging_mixin.py:190} INFO - [2026-09-18T13:26:38.307+0700] {dagbag.py:588} INFO - Filling up the DagBag from /Users/andreasanditya/Downloads/572392_Andreas_AirflowETL/code/.venv/lib/python3.9/site-packages/airflow/example_dags/example_complex.py
[2026-09-18T13:26:38.316+0700] {processor.py:925} INFO - DAG(s) 'example_complex' retrieved from /Users/andreasanditya/Downloads/572392_Andreas_AirflowETL/code/.venv/lib/python3.9/site-packages/airflow/example_dags/example_complex.py
[2026-09-18T13:26:38.416+0700] {logging_mixin.py:190} INFO - [2026-09-18T13:26:38.416+0700] {dag.py:3239} INFO - Sync 1 DAGs
[2026-09-18T13:26:38.423+0700] {logging_mixin.py:190} INFO - [2026-09-18T13:26:38.422+0700] {dag.py:4180} INFO - Setting next_dagrun for example_complex to None, run_after=None
[2026-09-18T13:26:38.433+0700] {processor.py:208} INFO - Processing /Users/andreasanditya/Downloads/572392_Andreas_AirflowETL/code/.venv/lib/python3.9/site-packages/airflow/example_dags/example_complex.py took 0.131 seconds
[2026-09-18T13:29:40.028+0700] {processor.py:186} INFO - Started process (PID=95801) to work on /Users/andreasanditya/Downloads/572392_Andreas_AirflowETL/code/.venv/lib/python3.9/site-packages/airflow/example_dags/example_complex.py
[2026-09-18T13:29:40.030+0700] {processor.py:914} INFO - Processing file /Users/andreasanditya/Downloads/572392_Andreas_AirflowETL/code/.venv/lib/python3.9/site-packages/airflow/example_dags/example_complex.py for tasks to queue
[2026-09-18T13:29:40.031+0700] {logging_mixin.py:190} INFO - [2026-09-18T13:29:40.031+0700] {dagbag.py:588} INFO - Filling up the DagBag from /Users/andreasanditya/Downloads/572392_Andreas_AirflowETL/code/.venv/lib/python3.9/site-packages/airflow/example_dags/example_complex.py
[2026-09-18T13:29:40.039+0700] {processor.py:925} INFO - DAG(s) 'example_complex' retrieved from /Users/andreasanditya/Downloads/572392_Andreas_AirflowETL/code/.venv/lib/python3.9/site-packages/airflow/example_dags/example_complex.py
[2026-09-18T13:29:40.135+0700] {logging_mixin.py:190} INFO - [2026-09-18T13:29:40.135+0700] {dag.py:3239} INFO - Sync 1 DAGs
[2026-09-18T13:29:40.142+0700] {logging_mixin.py:190} INFO - [2026-09-18T13:29:40.142+0700] {dag.py:4180} INFO - Setting next_dagrun for example_complex to None, run_after=None
[2026-09-18T13:29:40.152+0700] {processor.py:208} INFO - Processing /Users/andreasanditya/Downloads/572392_Andreas_AirflowETL/code/.venv/lib/python3.9/site-packages/airflow/example_dags/example_complex.py took 0.126 seconds
[2026-09-18T13:32:38.680+0700] {processor.py:186} INFO - Started process (PID=97714) to work on /Users/andreasanditya/Downloads/572392_Andreas_AirflowETL/code/.venv/lib/python3.9/site-packages/airflow/example_dags/example_complex.py
[2026-09-18T13:32:38.681+0700] {processor.py:914} INFO - Processing file /Users/andreasanditya/Downloads/572392_Andreas_AirflowETL/code/.venv/lib/python3.9/site-packages/airflow/example_dags/example_complex.py for tasks to queue
[2026-09-18T13:32:38.682+0700] {logging_mixin.py:190} INFO - [2026-09-18T13:32:38.681+0700] {dagbag.py:588} INFO - Filling up the DagBag from /Users/andreasanditya/Downloads/572392_Andreas_AirflowETL/code/.venv/lib/python3.9/site-packages/airflow/example_dags/example_complex.py
[2026-09-18T13:32:38.690+0700] {processor.py:925} INFO - DAG(s) 'example_complex' retrieved from /Users/andreasanditya/Downloads/572392_Andreas_AirflowETL/code/.venv/lib/python3.9/site-packages/airflow/example_dags/example_complex.py
[2026-09-18T13:32:38.784+0700] {logging_mixin.py:190} INFO - [2026-09-18T13:32:38.784+0700] {dag.py:3239} INFO - Sync 1 DAGs
[2026-09-18T13:32:38.790+0700] {logging_mixin.py:190} INFO - [2026-09-18T13:32:38.790+0700] {dag.py:4180} INFO - Setting next_dagrun for example_complex to None, run_after=None
[2026-09-18T13:32:38.800+0700] {processor.py:208} INFO - Processing /Users/andreasanditya/Downloads/572392_Andreas_AirflowETL/code/.venv/lib/python3.9/site-packages/airflow/example_dags/example_complex.py took 0.122 seconds
[2026-09-18T13:35:33.482+0700] {processor.py:186} INFO - Started process (PID=99576) to work on /Users/andreasanditya/Downloads/572392_Andreas_AirflowETL/code/.venv/lib/python3.9/site-packages/airflow/example_dags/example_complex.py
[2026-09-18T13:35:33.483+0700] {processor.py:914} INFO - Processing file /Users/andreasanditya/Downloads/572392_Andreas_AirflowETL/code/.venv/lib/python3.9/site-packages/airflow/example_dags/example_complex.py for tasks to queue
[2026-09-18T13:35:33.484+0700] {logging_mixin.py:190} INFO - [2026-09-18T13:35:33.484+0700] {dagbag.py:588} INFO - Filling up the DagBag from /Users/andreasanditya/Downloads/572392_Andreas_AirflowETL/code/.venv/lib/python3.9/site-packages/airflow/example_dags/example_complex.py
[2026-09-18T13:35:33.494+0700] {processor.py:925} INFO - DAG(s) 'example_complex' retrieved from /Users/andreasanditya/Downloads/572392_Andreas_AirflowETL/code/.venv/lib/python3.9/site-packages/airflow/example_dags/example_complex.py
[2026-09-18T13:35:33.593+0700] {logging_mixin.py:190} INFO - [2026-09-18T13:35:33.593+0700] {dag.py:3239} INFO - Sync 1 DAGs
[2026-09-18T13:35:33.600+0700] {logging_mixin.py:190} INFO - [2026-09-18T13:35:33.600+0700] {dag.py:4180} INFO - Setting next_dagrun for example_complex to None, run_after=None
[2026-09-18T13:35:33.610+0700] {processor.py:208} INFO - Processing /Users/andreasanditya/Downloads/572392_Andreas_AirflowETL/code/.venv/lib/python3.9/site-packages/airflow/example_dags/example_complex.py took 0.130 seconds
[2026-09-18T13:38:28.240+0700] {processor.py:186} INFO - Started process (PID=1616) to work on /Users/andreasanditya/Downloads/572392_Andreas_AirflowETL/code/.venv/lib/python3.9/site-packages/airflow/example_dags/example_complex.py
[2026-09-18T13:38:28.243+0700] {processor.py:914} INFO - Processing file /Users/andreasanditya/Downloads/572392_Andreas_AirflowETL/code/.venv/lib/python3.9/site-packages/airflow/example_dags/example_complex.py for tasks to queue
[2026-09-18T13:38:28.244+0700] {logging_mixin.py:190} INFO - [2026-09-18T13:38:28.244+0700] {dagbag.py:588} INFO - Filling up the DagBag from /Users/andreasanditya/Downloads/572392_Andreas_AirflowETL/code/.venv/lib/python3.9/site-packages/airflow/example_dags/example_complex.py
[2026-09-18T13:38:28.252+0700] {processor.py:925} INFO - DAG(s) 'example_complex' retrieved from /Users/andreasanditya/Downloads/572392_Andreas_AirflowETL/code/.venv/lib/python3.9/site-packages/airflow/example_dags/example_complex.py
[2026-09-18T13:38:28.347+0700] {logging_mixin.py:190} INFO - [2026-09-18T13:38:28.347+0700] {dag.py:3239} INFO - Sync 1 DAGs
[2026-09-18T13:38:28.353+0700] {logging_mixin.py:190} INFO - [2026-09-18T13:38:28.353+0700] {dag.py:4180} INFO - Setting next_dagrun for example_complex to None, run_after=None
[2026-09-18T13:38:28.363+0700] {processor.py:208} INFO - Processing /Users/andreasanditya/Downloads/572392_Andreas_AirflowETL/code/.venv/lib/python3.9/site-packages/airflow/example_dags/example_complex.py took 0.124 seconds
[2026-09-18T13:41:21.450+0700] {processor.py:186} INFO - Started process (PID=4311) to work on /Users/andreasanditya/Downloads/572392_Andreas_AirflowETL/code/.venv/lib/python3.9/site-packages/airflow/example_dags/example_complex.py
[2026-09-18T13:41:21.451+0700] {processor.py:914} INFO - Processing file /Users/andreasanditya/Downloads/572392_Andreas_AirflowETL/code/.venv/lib/python3.9/site-packages/airflow/example_dags/example_complex.py for tasks to queue
[2026-09-18T13:41:21.452+0700] {logging_mixin.py:190} INFO - [2026-09-18T13:41:21.452+0700] {dagbag.py:588} INFO - Filling up the DagBag from /Users/andreasanditya/Downloads/572392_Andreas_AirflowETL/code/.venv/lib/python3.9/site-packages/airflow/example_dags/example_complex.py
[2026-09-18T13:41:21.460+0700] {processor.py:925} INFO - DAG(s) 'example_complex' retrieved from /Users/andreasanditya/Downloads/572392_Andreas_AirflowETL/code/.venv/lib/python3.9/site-packages/airflow/example_dags/example_complex.py
[2026-09-18T13:41:21.555+0700] {logging_mixin.py:190} INFO - [2026-09-18T13:41:21.555+0700] {dag.py:3239} INFO - Sync 1 DAGs
[2026-09-18T13:41:21.562+0700] {logging_mixin.py:190} INFO - [2026-09-18T13:41:21.562+0700] {dag.py:4180} INFO - Setting next_dagrun for example_complex to None, run_after=None
[2026-09-18T13:41:21.574+0700] {processor.py:208} INFO - Processing /Users/andreasanditya/Downloads/572392_Andreas_AirflowETL/code/.venv/lib/python3.9/site-packages/airflow/example_dags/example_complex.py took 0.126 seconds
[2026-09-18T13:44:17.284+0700] {processor.py:186} INFO - Started process (PID=6076) to work on /Users/andreasanditya/Downloads/572392_Andreas_AirflowETL/code/.venv/lib/python3.9/site-packages/airflow/example_dags/example_complex.py
[2026-09-18T13:44:17.285+0700] {processor.py:914} INFO - Processing file /Users/andreasanditya/Downloads/572392_Andreas_AirflowETL/code/.venv/lib/python3.9/site-packages/airflow/example_dags/example_complex.py for tasks to queue
[2026-09-18T13:44:17.286+0700] {logging_mixin.py:190} INFO - [2026-09-18T13:44:17.286+0700] {dagbag.py:588} INFO - Filling up the DagBag from /Users/andreasanditya/Downloads/572392_Andreas_AirflowETL/code/.venv/lib/python3.9/site-packages/airflow/example_dags/example_complex.py
[2026-09-18T13:44:17.294+0700] {processor.py:925} INFO - DAG(s) 'example_complex' retrieved from /Users/andreasanditya/Downloads/572392_Andreas_AirflowETL/code/.venv/lib/python3.9/site-packages/airflow/example_dags/example_complex.py
[2026-09-18T13:44:17.392+0700] {logging_mixin.py:190} INFO - [2026-09-18T13:44:17.391+0700] {dag.py:3239} INFO - Sync 1 DAGs
[2026-09-18T13:44:17.398+0700] {logging_mixin.py:190} INFO - [2026-09-18T13:44:17.398+0700] {dag.py:4180} INFO - Setting next_dagrun for example_complex to None, run_after=None
[2026-09-18T13:44:17.408+0700] {processor.py:208} INFO - Processing /Users/andreasanditya/Downloads/572392_Andreas_AirflowETL/code/.venv/lib/python3.9/site-packages/airflow/example_dags/example_complex.py took 0.126 seconds
[2026-09-18T13:47:17.224+0700] {processor.py:186} INFO - Started process (PID=7943) to work on /Users/andreasanditya/Downloads/572392_Andreas_AirflowETL/code/.venv/lib/python3.9/site-packages/airflow/example_dags/example_complex.py
[2026-09-18T13:47:17.225+0700] {processor.py:914} INFO - Processing file /Users/andreasanditya/Downloads/572392_Andreas_AirflowETL/code/.venv/lib/python3.9/site-packages/airflow/example_dags/example_complex.py for tasks to queue
[2026-09-18T13:47:17.226+0700] {logging_mixin.py:190} INFO - [2026-09-18T13:47:17.226+0700] {dagbag.py:588} INFO - Filling up the DagBag from /Users/andreasanditya/Downloads/572392_Andreas_AirflowETL/code/.venv/lib/python3.9/site-packages/airflow/example_dags/example_complex.py
[2026-09-18T13:47:17.234+0700] {processor.py:925} INFO - DAG(s) 'example_complex' retrieved from /Users/andreasanditya/Downloads/572392_Andreas_AirflowETL/code/.venv/lib/python3.9/site-packages/airflow/example_dags/example_complex.py
[2026-09-18T13:47:17.328+0700] {logging_mixin.py:190} INFO - [2026-09-18T13:47:17.328+0700] {dag.py:3239} INFO - Sync 1 DAGs
[2026-09-18T13:47:17.335+0700] {logging_mixin.py:190} INFO - [2026-09-18T13:47:17.334+0700] {dag.py:4180} INFO - Setting next_dagrun for example_complex to None, run_after=None
[2026-09-18T13:47:17.345+0700] {processor.py:208} INFO - Processing /Users/andreasanditya/Downloads/572392_Andreas_AirflowETL/code/.venv/lib/python3.9/site-packages/airflow/example_dags/example_complex.py took 0.123 seconds
[2026-09-18T13:50:13.175+0700] {processor.py:186} INFO - Started process (PID=10084) to work on /Users/andreasanditya/Downloads/572392_Andreas_AirflowETL/code/.venv/lib/python3.9/site-packages/airflow/example_dags/example_complex.py
[2026-09-18T13:50:13.175+0700] {processor.py:914} INFO - Processing file /Users/andreasanditya/Downloads/572392_Andreas_AirflowETL/code/.venv/lib/python3.9/site-packages/airflow/example_dags/example_complex.py for tasks to queue
[2026-09-18T13:50:13.176+0700] {logging_mixin.py:190} INFO - [2026-09-18T13:50:13.176+0700] {dagbag.py:588} INFO - Filling up the DagBag from /Users/andreasanditya/Downloads/572392_Andreas_AirflowETL/code/.venv/lib/python3.9/site-packages/airflow/example_dags/example_complex.py
[2026-09-18T13:50:13.184+0700] {processor.py:925} INFO - DAG(s) 'example_complex' retrieved from /Users/andreasanditya/Downloads/572392_Andreas_AirflowETL/code/.venv/lib/python3.9/site-packages/airflow/example_dags/example_complex.py
[2026-09-18T13:50:13.279+0700] {logging_mixin.py:190} INFO - [2026-09-18T13:50:13.278+0700] {dag.py:3239} INFO - Sync 1 DAGs
[2026-09-18T13:50:13.285+0700] {logging_mixin.py:190} INFO - [2026-09-18T13:50:13.285+0700] {dag.py:4180} INFO - Setting next_dagrun for example_complex to None, run_after=None
[2026-09-18T13:50:13.295+0700] {processor.py:208} INFO - Processing /Users/andreasanditya/Downloads/572392_Andreas_AirflowETL/code/.venv/lib/python3.9/site-packages/airflow/example_dags/example_complex.py took 0.122 seconds
[2026-09-18T13:53:07.773+0700] {processor.py:186} INFO - Started process (PID=12134) to work on /Users/andreasanditya/Downloads/572392_Andreas_AirflowETL/code/.venv/lib/python3.9/site-packages/airflow/example_dags/example_complex.py
[2026-09-18T13:53:07.774+0700] {processor.py:914} INFO - Processing file /Users/andreasanditya/Downloads/572392_Andreas_AirflowETL/code/.venv/lib/python3.9/site-packages/airflow/example_dags/example_complex.py for tasks to queue
[2026-09-18T13:53:07.775+0700] {logging_mixin.py:190} INFO - [2026-09-18T13:53:07.775+0700] {dagbag.py:588} INFO - Filling up the DagBag from /Users/andreasanditya/Downloads/572392_Andreas_AirflowETL/code/.venv/lib/python3.9/site-packages/airflow/example_dags/example_complex.py
[2026-09-18T13:53:07.782+0700] {processor.py:925} INFO - DAG(s) 'example_complex' retrieved from /Users/andreasanditya/Downloads/572392_Andreas_AirflowETL/code/.venv/lib/python3.9/site-packages/airflow/example_dags/example_complex.py
[2026-09-18T13:53:07.876+0700] {logging_mixin.py:190} INFO - [2026-09-18T13:53:07.875+0700] {dag.py:3239} INFO - Sync 1 DAGs
[2026-09-18T13:53:07.882+0700] {logging_mixin.py:190} INFO - [2026-09-18T13:53:07.882+0700] {dag.py:4180} INFO - Setting next_dagrun for example_complex to None, run_after=None
[2026-09-18T13:53:07.892+0700] {processor.py:208} INFO - Processing /Users/andreasanditya/Downloads/572392_Andreas_AirflowETL/code/.venv/lib/python3.9/site-packages/airflow/example_dags/example_complex.py took 0.121 seconds
