[2026-09-18T11:17:49.898+0700] {processor.py:186} INFO - Started process (PID=10897) to work on /Users/andreasanditya/Downloads/572392_Andreas_AirflowETL/code/.venv/lib/python3.9/site-packages/airflow/example_dags/example_latest_only.py
[2026-09-18T11:17:49.899+0700] {processor.py:914} INFO - Processing file /Users/andreasanditya/Downloads/572392_Andreas_AirflowETL/code/.venv/lib/python3.9/site-packages/airflow/example_dags/example_latest_only.py for tasks to queue
[2026-09-18T11:17:49.900+0700] {logging_mixin.py:190} INFO - [2026-09-18T11:17:49.900+0700] {dagbag.py:588} INFO - Filling up the DagBag from /Users/andreasanditya/Downloads/572392_Andreas_AirflowETL/code/.venv/lib/python3.9/site-packages/airflow/example_dags/example_latest_only.py
[2026-09-18T11:17:49.905+0700] {processor.py:925} INFO - DAG(s) 'latest_only' retrieved from /Users/andreasanditya/Downloads/572392_Andreas_AirflowETL/code/.venv/lib/python3.9/site-packages/airflow/example_dags/example_latest_only.py
[2026-09-18T11:17:50.046+0700] {logging_mixin.py:190} INFO - [2026-09-18T11:17:50.046+0700] {override.py:1912} INFO - Created Permission View: can read on DAG:latest_only
[2026-09-18T11:17:50.051+0700] {logging_mixin.py:190} INFO - [2026-09-18T11:17:50.051+0700] {override.py:1912} INFO - Created Permission View: can edit on DAG:latest_only
[2026-09-18T11:17:50.054+0700] {logging_mixin.py:190} INFO - [2026-09-18T11:17:50.054+0700] {override.py:1912} INFO - Created Permission View: can delete on DAG:latest_only
[2026-09-18T11:17:50.058+0700] {logging_mixin.py:190} INFO - [2026-09-18T11:17:50.058+0700] {override.py:1912} INFO - Created Permission View: menu access on DAG Run:latest_only
[2026-09-18T11:17:50.061+0700] {logging_mixin.py:190} INFO - [2026-09-18T11:17:50.061+0700] {override.py:1912} INFO - Created Permission View: can create on DAG Run:latest_only
[2026-09-18T11:17:50.064+0700] {logging_mixin.py:190} INFO - [2026-09-18T11:17:50.064+0700] {override.py:1912} INFO - Created Permission View: can read on DAG Run:latest_only
[2026-09-18T11:17:50.067+0700] {logging_mixin.py:190} INFO - [2026-09-18T11:17:50.067+0700] {override.py:1912} INFO - Created Permission View: can delete on DAG Run:latest_only
[2026-09-18T11:17:50.067+0700] {logging_mixin.py:190} INFO - [2026-09-18T11:17:50.067+0700] {dag.py:3239} INFO - Sync 1 DAGs
[2026-09-18T11:17:50.075+0700] {logging_mixin.py:190} INFO - [2026-09-18T11:17:50.075+0700] {dag.py:3262} INFO - Creating ORM DAG for latest_only
[2026-09-18T11:17:50.081+0700] {logging_mixin.py:190} INFO - [2026-09-18T11:17:50.080+0700] {dag.py:4180} INFO - Setting next_dagrun for latest_only to 2026-09-18 00:00:00+00:00, run_after=2026-09-18 04:00:00+00:00
[2026-09-18T11:17:50.091+0700] {processor.py:208} INFO - Processing /Users/andreasanditya/Downloads/572392_Andreas_AirflowETL/code/.venv/lib/python3.9/site-packages/airflow/example_dags/example_latest_only.py took 0.195 seconds
[2026-09-18T11:20:05.133+0700] {processor.py:186} INFO - Started process (PID=12386) to work on /Users/andreasanditya/Downloads/572392_Andreas_AirflowETL/code/.venv/lib/python3.9/site-packages/airflow/example_dags/example_latest_only.py
[2026-09-18T11:20:05.134+0700] {processor.py:914} INFO - Processing file /Users/andreasanditya/Downloads/572392_Andreas_AirflowETL/code/.venv/lib/python3.9/site-packages/airflow/example_dags/example_latest_only.py for tasks to queue
[2026-09-18T11:20:05.135+0700] {logging_mixin.py:190} INFO - [2026-09-18T11:20:05.135+0700] {dagbag.py:588} INFO - Filling up the DagBag from /Users/andreasanditya/Downloads/572392_Andreas_AirflowETL/code/.venv/lib/python3.9/site-packages/airflow/example_dags/example_latest_only.py
[2026-09-18T11:20:05.139+0700] {processor.py:925} INFO - DAG(s) 'latest_only' retrieved from /Users/andreasanditya/Downloads/572392_Andreas_AirflowETL/code/.venv/lib/python3.9/site-packages/airflow/example_dags/example_latest_only.py
[2026-09-18T11:20:05.225+0700] {logging_mixin.py:190} INFO - [2026-09-18T11:20:05.225+0700] {dag.py:3239} INFO - Sync 1 DAGs
[2026-09-18T11:20:05.236+0700] {logging_mixin.py:190} INFO - [2026-09-18T11:20:05.236+0700] {dag.py:4180} INFO - Setting next_dagrun for latest_only to 2026-09-18 00:00:00+00:00, run_after=2026-09-18 04:00:00+00:00
[2026-09-18T11:20:05.245+0700] {processor.py:208} INFO - Processing /Users/andreasanditya/Downloads/572392_Andreas_AirflowETL/code/.venv/lib/python3.9/site-packages/airflow/example_dags/example_latest_only.py took 0.114 seconds
[2026-09-18T11:25:03.133+0700] {processor.py:186} INFO - Started process (PID=15655) to work on /Users/andreasanditya/Downloads/572392_Andreas_AirflowETL/code/.venv/lib/python3.9/site-packages/airflow/example_dags/example_latest_only.py
[2026-09-18T11:25:03.135+0700] {processor.py:914} INFO - Processing file /Users/andreasanditya/Downloads/572392_Andreas_AirflowETL/code/.venv/lib/python3.9/site-packages/airflow/example_dags/example_latest_only.py for tasks to queue
[2026-09-18T11:25:03.135+0700] {logging_mixin.py:190} INFO - [2026-09-18T11:25:03.135+0700] {dagbag.py:588} INFO - Filling up the DagBag from /Users/andreasanditya/Downloads/572392_Andreas_AirflowETL/code/.venv/lib/python3.9/site-packages/airflow/example_dags/example_latest_only.py
[2026-09-18T11:25:03.140+0700] {processor.py:925} INFO - DAG(s) 'latest_only' retrieved from /Users/andreasanditya/Downloads/572392_Andreas_AirflowETL/code/.venv/lib/python3.9/site-packages/airflow/example_dags/example_latest_only.py
[2026-09-18T11:25:03.232+0700] {logging_mixin.py:190} INFO - [2026-09-18T11:25:03.232+0700] {dag.py:3239} INFO - Sync 1 DAGs
[2026-09-18T11:25:03.245+0700] {logging_mixin.py:190} INFO - [2026-09-18T11:25:03.245+0700] {dag.py:4180} INFO - Setting next_dagrun for latest_only to 2026-09-18 00:00:00+00:00, run_after=2026-09-18 04:00:00+00:00
[2026-09-18T11:25:03.255+0700] {processor.py:208} INFO - Processing /Users/andreasanditya/Downloads/572392_Andreas_AirflowETL/code/.venv/lib/python3.9/site-packages/airflow/example_dags/example_latest_only.py took 0.125 seconds
[2026-09-18T11:27:05.687+0700] {processor.py:186} INFO - Started process (PID=16879) to work on /Users/andreasanditya/Downloads/572392_Andreas_AirflowETL/code/.venv/lib/python3.9/site-packages/airflow/example_dags/example_latest_only.py
[2026-09-18T11:27:05.688+0700] {processor.py:914} INFO - Processing file /Users/andreasanditya/Downloads/572392_Andreas_AirflowETL/code/.venv/lib/python3.9/site-packages/airflow/example_dags/example_latest_only.py for tasks to queue
[2026-09-18T11:27:05.689+0700] {logging_mixin.py:190} INFO - [2026-09-18T11:27:05.689+0700] {dagbag.py:588} INFO - Filling up the DagBag from /Users/andreasanditya/Downloads/572392_Andreas_AirflowETL/code/.venv/lib/python3.9/site-packages/airflow/example_dags/example_latest_only.py
[2026-09-18T11:27:05.693+0700] {processor.py:925} INFO - DAG(s) 'latest_only' retrieved from /Users/andreasanditya/Downloads/572392_Andreas_AirflowETL/code/.venv/lib/python3.9/site-packages/airflow/example_dags/example_latest_only.py
[2026-09-18T11:27:05.779+0700] {logging_mixin.py:190} INFO - [2026-09-18T11:27:05.778+0700] {dag.py:3239} INFO - Sync 1 DAGs
[2026-09-18T11:27:05.789+0700] {logging_mixin.py:190} INFO - [2026-09-18T11:27:05.789+0700] {dag.py:4180} INFO - Setting next_dagrun for latest_only to 2026-09-18 00:00:00+00:00, run_after=2026-09-18 04:00:00+00:00
[2026-09-18T11:27:05.799+0700] {processor.py:208} INFO - Processing /Users/andreasanditya/Downloads/572392_Andreas_AirflowETL/code/.venv/lib/python3.9/site-packages/airflow/example_dags/example_latest_only.py took 0.113 seconds
[2026-09-18T11:30:03.547+0700] {processor.py:186} INFO - Started process (PID=18749) to work on /Users/andreasanditya/Downloads/572392_Andreas_AirflowETL/code/.venv/lib/python3.9/site-packages/airflow/example_dags/example_latest_only.py
[2026-09-18T11:30:03.548+0700] {processor.py:914} INFO - Processing file /Users/andreasanditya/Downloads/572392_Andreas_AirflowETL/code/.venv/lib/python3.9/site-packages/airflow/example_dags/example_latest_only.py for tasks to queue
[2026-09-18T11:30:03.549+0700] {logging_mixin.py:190} INFO - [2026-09-18T11:30:03.549+0700] {dagbag.py:588} INFO - Filling up the DagBag from /Users/andreasanditya/Downloads/572392_Andreas_AirflowETL/code/.venv/lib/python3.9/site-packages/airflow/example_dags/example_latest_only.py
[2026-09-18T11:30:03.554+0700] {processor.py:925} INFO - DAG(s) 'latest_only' retrieved from /Users/andreasanditya/Downloads/572392_Andreas_AirflowETL/code/.venv/lib/python3.9/site-packages/airflow/example_dags/example_latest_only.py
[2026-09-18T11:30:03.643+0700] {logging_mixin.py:190} INFO - [2026-09-18T11:30:03.643+0700] {dag.py:3239} INFO - Sync 1 DAGs
[2026-09-18T11:30:03.654+0700] {logging_mixin.py:190} INFO - [2026-09-18T11:30:03.654+0700] {dag.py:4180} INFO - Setting next_dagrun for latest_only to 2026-09-18 00:00:00+00:00, run_after=2026-09-18 04:00:00+00:00
[2026-09-18T11:30:03.664+0700] {processor.py:208} INFO - Processing /Users/andreasanditya/Downloads/572392_Andreas_AirflowETL/code/.venv/lib/python3.9/site-packages/airflow/example_dags/example_latest_only.py took 0.119 seconds
[2026-09-18T11:33:02.014+0700] {processor.py:186} INFO - Started process (PID=20586) to work on /Users/andreasanditya/Downloads/572392_Andreas_AirflowETL/code/.venv/lib/python3.9/site-packages/airflow/example_dags/example_latest_only.py
[2026-09-18T11:33:02.015+0700] {processor.py:914} INFO - Processing file /Users/andreasanditya/Downloads/572392_Andreas_AirflowETL/code/.venv/lib/python3.9/site-packages/airflow/example_dags/example_latest_only.py for tasks to queue
[2026-09-18T11:33:02.016+0700] {logging_mixin.py:190} INFO - [2026-09-18T11:33:02.015+0700] {dagbag.py:588} INFO - Filling up the DagBag from /Users/andreasanditya/Downloads/572392_Andreas_AirflowETL/code/.venv/lib/python3.9/site-packages/airflow/example_dags/example_latest_only.py
[2026-09-18T11:33:02.020+0700] {processor.py:925} INFO - DAG(s) 'latest_only' retrieved from /Users/andreasanditya/Downloads/572392_Andreas_AirflowETL/code/.venv/lib/python3.9/site-packages/airflow/example_dags/example_latest_only.py
[2026-09-18T11:33:02.106+0700] {logging_mixin.py:190} INFO - [2026-09-18T11:33:02.106+0700] {dag.py:3239} INFO - Sync 1 DAGs
[2026-09-18T11:33:02.117+0700] {logging_mixin.py:190} INFO - [2026-09-18T11:33:02.117+0700] {dag.py:4180} INFO - Setting next_dagrun for latest_only to 2026-09-18 00:00:00+00:00, run_after=2026-09-18 04:00:00+00:00
[2026-09-18T11:33:02.127+0700] {processor.py:208} INFO - Processing /Users/andreasanditya/Downloads/572392_Andreas_AirflowETL/code/.venv/lib/python3.9/site-packages/airflow/example_dags/example_latest_only.py took 0.115 seconds
[2026-09-18T11:35:55.538+0700] {processor.py:186} INFO - Started process (PID=22407) to work on /Users/andreasanditya/Downloads/572392_Andreas_AirflowETL/code/.venv/lib/python3.9/site-packages/airflow/example_dags/example_latest_only.py
[2026-09-18T11:35:55.539+0700] {processor.py:914} INFO - Processing file /Users/andreasanditya/Downloads/572392_Andreas_AirflowETL/code/.venv/lib/python3.9/site-packages/airflow/example_dags/example_latest_only.py for tasks to queue
[2026-09-18T11:35:55.540+0700] {logging_mixin.py:190} INFO - [2026-09-18T11:35:55.540+0700] {dagbag.py:588} INFO - Filling up the DagBag from /Users/andreasanditya/Downloads/572392_Andreas_AirflowETL/code/.venv/lib/python3.9/site-packages/airflow/example_dags/example_latest_only.py
[2026-09-18T11:35:55.544+0700] {processor.py:925} INFO - DAG(s) 'latest_only' retrieved from /Users/andreasanditya/Downloads/572392_Andreas_AirflowETL/code/.venv/lib/python3.9/site-packages/airflow/example_dags/example_latest_only.py
[2026-09-18T11:35:55.631+0700] {logging_mixin.py:190} INFO - [2026-09-18T11:35:55.631+0700] {dag.py:3239} INFO - Sync 1 DAGs
[2026-09-18T11:35:55.642+0700] {logging_mixin.py:190} INFO - [2026-09-18T11:35:55.642+0700] {dag.py:4180} INFO - Setting next_dagrun for latest_only to 2026-09-18 00:00:00+00:00, run_after=2026-09-18 04:00:00+00:00
[2026-09-18T11:35:55.652+0700] {processor.py:208} INFO - Processing /Users/andreasanditya/Downloads/572392_Andreas_AirflowETL/code/.venv/lib/python3.9/site-packages/airflow/example_dags/example_latest_only.py took 0.115 seconds
[2026-09-18T11:38:50.977+0700] {processor.py:186} INFO - Started process (PID=24321) to work on /Users/andreasanditya/Downloads/572392_Andreas_AirflowETL/code/.venv/lib/python3.9/site-packages/airflow/example_dags/example_latest_only.py
[2026-09-18T11:38:50.978+0700] {processor.py:914} INFO - Processing file /Users/andreasanditya/Downloads/572392_Andreas_AirflowETL/code/.venv/lib/python3.9/site-packages/airflow/example_dags/example_latest_only.py for tasks to queue
[2026-09-18T11:38:50.979+0700] {logging_mixin.py:190} INFO - [2026-09-18T11:38:50.979+0700] {dagbag.py:588} INFO - Filling up the DagBag from /Users/andreasanditya/Downloads/572392_Andreas_AirflowETL/code/.venv/lib/python3.9/site-packages/airflow/example_dags/example_latest_only.py
[2026-09-18T11:38:50.983+0700] {processor.py:925} INFO - DAG(s) 'latest_only' retrieved from /Users/andreasanditya/Downloads/572392_Andreas_AirflowETL/code/.venv/lib/python3.9/site-packages/airflow/example_dags/example_latest_only.py
[2026-09-18T11:38:51.069+0700] {logging_mixin.py:190} INFO - [2026-09-18T11:38:51.069+0700] {dag.py:3239} INFO - Sync 1 DAGs
[2026-09-18T11:38:51.080+0700] {logging_mixin.py:190} INFO - [2026-09-18T11:38:51.079+0700] {dag.py:4180} INFO - Setting next_dagrun for latest_only to 2026-09-18 00:00:00+00:00, run_after=2026-09-18 04:00:00+00:00
[2026-09-18T11:38:51.089+0700] {processor.py:208} INFO - Processing /Users/andreasanditya/Downloads/572392_Andreas_AirflowETL/code/.venv/lib/python3.9/site-packages/airflow/example_dags/example_latest_only.py took 0.114 seconds
[2026-09-18T11:41:49.404+0700] {processor.py:186} INFO - Started process (PID=26120) to work on /Users/andreasanditya/Downloads/572392_Andreas_AirflowETL/code/.venv/lib/python3.9/site-packages/airflow/example_dags/example_latest_only.py
[2026-09-18T11:41:49.405+0700] {processor.py:914} INFO - Processing file /Users/andreasanditya/Downloads/572392_Andreas_AirflowETL/code/.venv/lib/python3.9/site-packages/airflow/example_dags/example_latest_only.py for tasks to queue
[2026-09-18T11:41:49.406+0700] {logging_mixin.py:190} INFO - [2026-09-18T11:41:49.406+0700] {dagbag.py:588} INFO - Filling up the DagBag from /Users/andreasanditya/Downloads/572392_Andreas_AirflowETL/code/.venv/lib/python3.9/site-packages/airflow/example_dags/example_latest_only.py
[2026-09-18T11:41:49.410+0700] {processor.py:925} INFO - DAG(s) 'latest_only' retrieved from /Users/andreasanditya/Downloads/572392_Andreas_AirflowETL/code/.venv/lib/python3.9/site-packages/airflow/example_dags/example_latest_only.py
[2026-09-18T11:41:49.501+0700] {logging_mixin.py:190} INFO - [2026-09-18T11:41:49.501+0700] {dag.py:3239} INFO - Sync 1 DAGs
[2026-09-18T11:41:49.512+0700] {logging_mixin.py:190} INFO - [2026-09-18T11:41:49.512+0700] {dag.py:4180} INFO - Setting next_dagrun for latest_only to 2026-09-18 00:00:00+00:00, run_after=2026-09-18 04:00:00+00:00
[2026-09-18T11:41:49.522+0700] {processor.py:208} INFO - Processing /Users/andreasanditya/Downloads/572392_Andreas_AirflowETL/code/.venv/lib/python3.9/site-packages/airflow/example_dags/example_latest_only.py took 0.120 seconds
[2026-09-18T11:44:45.256+0700] {processor.py:186} INFO - Started process (PID=27942) to work on /Users/andreasanditya/Downloads/572392_Andreas_AirflowETL/code/.venv/lib/python3.9/site-packages/airflow/example_dags/example_latest_only.py
[2026-09-18T11:44:45.257+0700] {processor.py:914} INFO - Processing file /Users/andreasanditya/Downloads/572392_Andreas_AirflowETL/code/.venv/lib/python3.9/site-packages/airflow/example_dags/example_latest_only.py for tasks to queue
[2026-09-18T11:44:45.258+0700] {logging_mixin.py:190} INFO - [2026-09-18T11:44:45.257+0700] {dagbag.py:588} INFO - Filling up the DagBag from /Users/andreasanditya/Downloads/572392_Andreas_AirflowETL/code/.venv/lib/python3.9/site-packages/airflow/example_dags/example_latest_only.py
[2026-09-18T11:44:45.262+0700] {processor.py:925} INFO - DAG(s) 'latest_only' retrieved from /Users/andreasanditya/Downloads/572392_Andreas_AirflowETL/code/.venv/lib/python3.9/site-packages/airflow/example_dags/example_latest_only.py
[2026-09-18T11:44:45.347+0700] {logging_mixin.py:190} INFO - [2026-09-18T11:44:45.347+0700] {dag.py:3239} INFO - Sync 1 DAGs
[2026-09-18T11:44:45.358+0700] {logging_mixin.py:190} INFO - [2026-09-18T11:44:45.358+0700] {dag.py:4180} INFO - Setting next_dagrun for latest_only to 2026-09-18 00:00:00+00:00, run_after=2026-09-18 04:00:00+00:00
[2026-09-18T11:44:45.368+0700] {processor.py:208} INFO - Processing /Users/andreasanditya/Downloads/572392_Andreas_AirflowETL/code/.venv/lib/python3.9/site-packages/airflow/example_dags/example_latest_only.py took 0.114 seconds
[2026-09-18T11:47:38.762+0700] {processor.py:186} INFO - Started process (PID=29652) to work on /Users/andreasanditya/Downloads/572392_Andreas_AirflowETL/code/.venv/lib/python3.9/site-packages/airflow/example_dags/example_latest_only.py
[2026-09-18T11:47:38.764+0700] {processor.py:914} INFO - Processing file /Users/andreasanditya/Downloads/572392_Andreas_AirflowETL/code/.venv/lib/python3.9/site-packages/airflow/example_dags/example_latest_only.py for tasks to queue
[2026-09-18T11:47:38.764+0700] {logging_mixin.py:190} INFO - [2026-09-18T11:47:38.764+0700] {dagbag.py:588} INFO - Filling up the DagBag from /Users/andreasanditya/Downloads/572392_Andreas_AirflowETL/code/.venv/lib/python3.9/site-packages/airflow/example_dags/example_latest_only.py
[2026-09-18T11:47:38.769+0700] {processor.py:925} INFO - DAG(s) 'latest_only' retrieved from /Users/andreasanditya/Downloads/572392_Andreas_AirflowETL/code/.venv/lib/python3.9/site-packages/airflow/example_dags/example_latest_only.py
[2026-09-18T11:47:38.854+0700] {logging_mixin.py:190} INFO - [2026-09-18T11:47:38.854+0700] {dag.py:3239} INFO - Sync 1 DAGs
[2026-09-18T11:47:38.866+0700] {logging_mixin.py:190} INFO - [2026-09-18T11:47:38.866+0700] {dag.py:4180} INFO - Setting next_dagrun for latest_only to 2026-09-18 00:00:00+00:00, run_after=2026-09-18 04:00:00+00:00
[2026-09-18T11:47:38.877+0700] {processor.py:208} INFO - Processing /Users/andreasanditya/Downloads/572392_Andreas_AirflowETL/code/.venv/lib/python3.9/site-packages/airflow/example_dags/example_latest_only.py took 0.118 seconds
[2026-09-18T11:50:31.189+0700] {processor.py:186} INFO - Started process (PID=31412) to work on /Users/andreasanditya/Downloads/572392_Andreas_AirflowETL/code/.venv/lib/python3.9/site-packages/airflow/example_dags/example_latest_only.py
[2026-09-18T11:50:31.191+0700] {processor.py:914} INFO - Processing file /Users/andreasanditya/Downloads/572392_Andreas_AirflowETL/code/.venv/lib/python3.9/site-packages/airflow/example_dags/example_latest_only.py for tasks to queue
[2026-09-18T11:50:31.192+0700] {logging_mixin.py:190} INFO - [2026-09-18T11:50:31.192+0700] {dagbag.py:588} INFO - Filling up the DagBag from /Users/andreasanditya/Downloads/572392_Andreas_AirflowETL/code/.venv/lib/python3.9/site-packages/airflow/example_dags/example_latest_only.py
[2026-09-18T11:50:31.196+0700] {processor.py:925} INFO - DAG(s) 'latest_only' retrieved from /Users/andreasanditya/Downloads/572392_Andreas_AirflowETL/code/.venv/lib/python3.9/site-packages/airflow/example_dags/example_latest_only.py
[2026-09-18T11:50:31.281+0700] {logging_mixin.py:190} INFO - [2026-09-18T11:50:31.281+0700] {dag.py:3239} INFO - Sync 1 DAGs
[2026-09-18T11:50:31.292+0700] {logging_mixin.py:190} INFO - [2026-09-18T11:50:31.291+0700] {dag.py:4180} INFO - Setting next_dagrun for latest_only to 2026-09-18 00:00:00+00:00, run_after=2026-09-18 04:00:00+00:00
[2026-09-18T11:50:31.301+0700] {processor.py:208} INFO - Processing /Users/andreasanditya/Downloads/572392_Andreas_AirflowETL/code/.venv/lib/python3.9/site-packages/airflow/example_dags/example_latest_only.py took 0.114 seconds
[2026-09-18T11:53:22.804+0700] {processor.py:186} INFO - Started process (PID=33125) to work on /Users/andreasanditya/Downloads/572392_Andreas_AirflowETL/code/.venv/lib/python3.9/site-packages/airflow/example_dags/example_latest_only.py
[2026-09-18T11:53:22.805+0700] {processor.py:914} INFO - Processing file /Users/andreasanditya/Downloads/572392_Andreas_AirflowETL/code/.venv/lib/python3.9/site-packages/airflow/example_dags/example_latest_only.py for tasks to queue
[2026-09-18T11:53:22.806+0700] {logging_mixin.py:190} INFO - [2026-09-18T11:53:22.806+0700] {dagbag.py:588} INFO - Filling up the DagBag from /Users/andreasanditya/Downloads/572392_Andreas_AirflowETL/code/.venv/lib/python3.9/site-packages/airflow/example_dags/example_latest_only.py
[2026-09-18T11:53:22.810+0700] {processor.py:925} INFO - DAG(s) 'latest_only' retrieved from /Users/andreasanditya/Downloads/572392_Andreas_AirflowETL/code/.venv/lib/python3.9/site-packages/airflow/example_dags/example_latest_only.py
[2026-09-18T11:53:22.895+0700] {logging_mixin.py:190} INFO - [2026-09-18T11:53:22.895+0700] {dag.py:3239} INFO - Sync 1 DAGs
[2026-09-18T11:53:22.906+0700] {logging_mixin.py:190} INFO - [2026-09-18T11:53:22.906+0700] {dag.py:4180} INFO - Setting next_dagrun for latest_only to 2026-09-18 00:00:00+00:00, run_after=2026-09-18 04:00:00+00:00
[2026-09-18T11:53:22.916+0700] {processor.py:208} INFO - Processing /Users/andreasanditya/Downloads/572392_Andreas_AirflowETL/code/.venv/lib/python3.9/site-packages/airflow/example_dags/example_latest_only.py took 0.114 seconds
[2026-09-18T11:56:17.496+0700] {processor.py:186} INFO - Started process (PID=34884) to work on /Users/andreasanditya/Downloads/572392_Andreas_AirflowETL/code/.venv/lib/python3.9/site-packages/airflow/example_dags/example_latest_only.py
[2026-09-18T11:56:17.497+0700] {processor.py:914} INFO - Processing file /Users/andreasanditya/Downloads/572392_Andreas_AirflowETL/code/.venv/lib/python3.9/site-packages/airflow/example_dags/example_latest_only.py for tasks to queue
[2026-09-18T11:56:17.498+0700] {logging_mixin.py:190} INFO - [2026-09-18T11:56:17.498+0700] {dagbag.py:588} INFO - Filling up the DagBag from /Users/andreasanditya/Downloads/572392_Andreas_AirflowETL/code/.venv/lib/python3.9/site-packages/airflow/example_dags/example_latest_only.py
[2026-09-18T11:56:17.502+0700] {processor.py:925} INFO - DAG(s) 'latest_only' retrieved from /Users/andreasanditya/Downloads/572392_Andreas_AirflowETL/code/.venv/lib/python3.9/site-packages/airflow/example_dags/example_latest_only.py
[2026-09-18T11:56:17.589+0700] {logging_mixin.py:190} INFO - [2026-09-18T11:56:17.589+0700] {dag.py:3239} INFO - Sync 1 DAGs
[2026-09-18T11:56:17.600+0700] {logging_mixin.py:190} INFO - [2026-09-18T11:56:17.599+0700] {dag.py:4180} INFO - Setting next_dagrun for latest_only to 2026-09-18 00:00:00+00:00, run_after=2026-09-18 04:00:00+00:00
[2026-09-18T11:56:17.609+0700] {processor.py:208} INFO - Processing /Users/andreasanditya/Downloads/572392_Andreas_AirflowETL/code/.venv/lib/python3.9/site-packages/airflow/example_dags/example_latest_only.py took 0.115 seconds
[2026-09-18T11:59:09.266+0700] {processor.py:186} INFO - Started process (PID=36604) to work on /Users/andreasanditya/Downloads/572392_Andreas_AirflowETL/code/.venv/lib/python3.9/site-packages/airflow/example_dags/example_latest_only.py
[2026-09-18T11:59:09.266+0700] {processor.py:914} INFO - Processing file /Users/andreasanditya/Downloads/572392_Andreas_AirflowETL/code/.venv/lib/python3.9/site-packages/airflow/example_dags/example_latest_only.py for tasks to queue
[2026-09-18T11:59:09.267+0700] {logging_mixin.py:190} INFO - [2026-09-18T11:59:09.267+0700] {dagbag.py:588} INFO - Filling up the DagBag from /Users/andreasanditya/Downloads/572392_Andreas_AirflowETL/code/.venv/lib/python3.9/site-packages/airflow/example_dags/example_latest_only.py
[2026-09-18T11:59:09.271+0700] {processor.py:925} INFO - DAG(s) 'latest_only' retrieved from /Users/andreasanditya/Downloads/572392_Andreas_AirflowETL/code/.venv/lib/python3.9/site-packages/airflow/example_dags/example_latest_only.py
[2026-09-18T11:59:09.356+0700] {logging_mixin.py:190} INFO - [2026-09-18T11:59:09.356+0700] {dag.py:3239} INFO - Sync 1 DAGs
[2026-09-18T11:59:09.366+0700] {logging_mixin.py:190} INFO - [2026-09-18T11:59:09.366+0700] {dag.py:4180} INFO - Setting next_dagrun for latest_only to 2026-09-18 00:00:00+00:00, run_after=2026-09-18 04:00:00+00:00
[2026-09-18T11:59:09.376+0700] {processor.py:208} INFO - Processing /Users/andreasanditya/Downloads/572392_Andreas_AirflowETL/code/.venv/lib/python3.9/site-packages/airflow/example_dags/example_latest_only.py took 0.113 seconds
[2026-09-18T12:02:03.279+0700] {processor.py:186} INFO - Started process (PID=38351) to work on /Users/andreasanditya/Downloads/572392_Andreas_AirflowETL/code/.venv/lib/python3.9/site-packages/airflow/example_dags/example_latest_only.py
[2026-09-18T12:02:03.280+0700] {processor.py:914} INFO - Processing file /Users/andreasanditya/Downloads/572392_Andreas_AirflowETL/code/.venv/lib/python3.9/site-packages/airflow/example_dags/example_latest_only.py for tasks to queue
[2026-09-18T12:02:03.280+0700] {logging_mixin.py:190} INFO - [2026-09-18T12:02:03.280+0700] {dagbag.py:588} INFO - Filling up the DagBag from /Users/andreasanditya/Downloads/572392_Andreas_AirflowETL/code/.venv/lib/python3.9/site-packages/airflow/example_dags/example_latest_only.py
[2026-09-18T12:02:03.285+0700] {processor.py:925} INFO - DAG(s) 'latest_only' retrieved from /Users/andreasanditya/Downloads/572392_Andreas_AirflowETL/code/.venv/lib/python3.9/site-packages/airflow/example_dags/example_latest_only.py
[2026-09-18T12:02:03.370+0700] {logging_mixin.py:190} INFO - [2026-09-18T12:02:03.370+0700] {dag.py:3239} INFO - Sync 1 DAGs
[2026-09-18T12:02:03.381+0700] {logging_mixin.py:190} INFO - [2026-09-18T12:02:03.381+0700] {dag.py:4180} INFO - Setting next_dagrun for latest_only to 2026-09-18 00:00:00+00:00, run_after=2026-09-18 04:00:00+00:00
[2026-09-18T12:02:03.391+0700] {processor.py:208} INFO - Processing /Users/andreasanditya/Downloads/572392_Andreas_AirflowETL/code/.venv/lib/python3.9/site-packages/airflow/example_dags/example_latest_only.py took 0.115 seconds
[2026-09-18T12:04:56.377+0700] {processor.py:186} INFO - Started process (PID=40110) to work on /Users/andreasanditya/Downloads/572392_Andreas_AirflowETL/code/.venv/lib/python3.9/site-packages/airflow/example_dags/example_latest_only.py
[2026-09-18T12:04:56.378+0700] {processor.py:914} INFO - Processing file /Users/andreasanditya/Downloads/572392_Andreas_AirflowETL/code/.venv/lib/python3.9/site-packages/airflow/example_dags/example_latest_only.py for tasks to queue
[2026-09-18T12:04:56.379+0700] {logging_mixin.py:190} INFO - [2026-09-18T12:04:56.379+0700] {dagbag.py:588} INFO - Filling up the DagBag from /Users/andreasanditya/Downloads/572392_Andreas_AirflowETL/code/.venv/lib/python3.9/site-packages/airflow/example_dags/example_latest_only.py
[2026-09-18T12:04:56.383+0700] {processor.py:925} INFO - DAG(s) 'latest_only' retrieved from /Users/andreasanditya/Downloads/572392_Andreas_AirflowETL/code/.venv/lib/python3.9/site-packages/airflow/example_dags/example_latest_only.py
[2026-09-18T12:04:56.469+0700] {logging_mixin.py:190} INFO - [2026-09-18T12:04:56.469+0700] {dag.py:3239} INFO - Sync 1 DAGs
[2026-09-18T12:04:56.480+0700] {logging_mixin.py:190} INFO - [2026-09-18T12:04:56.479+0700] {dag.py:4180} INFO - Setting next_dagrun for latest_only to 2026-09-18 00:00:00+00:00, run_after=2026-09-18 04:00:00+00:00
[2026-09-18T12:04:56.489+0700] {processor.py:208} INFO - Processing /Users/andreasanditya/Downloads/572392_Andreas_AirflowETL/code/.venv/lib/python3.9/site-packages/airflow/example_dags/example_latest_only.py took 0.114 seconds
[2026-09-18T12:07:51.939+0700] {processor.py:186} INFO - Started process (PID=41847) to work on /Users/andreasanditya/Downloads/572392_Andreas_AirflowETL/code/.venv/lib/python3.9/site-packages/airflow/example_dags/example_latest_only.py
[2026-09-18T12:07:51.940+0700] {processor.py:914} INFO - Processing file /Users/andreasanditya/Downloads/572392_Andreas_AirflowETL/code/.venv/lib/python3.9/site-packages/airflow/example_dags/example_latest_only.py for tasks to queue
[2026-09-18T12:07:51.941+0700] {logging_mixin.py:190} INFO - [2026-09-18T12:07:51.941+0700] {dagbag.py:588} INFO - Filling up the DagBag from /Users/andreasanditya/Downloads/572392_Andreas_AirflowETL/code/.venv/lib/python3.9/site-packages/airflow/example_dags/example_latest_only.py
[2026-09-18T12:07:51.945+0700] {processor.py:925} INFO - DAG(s) 'latest_only' retrieved from /Users/andreasanditya/Downloads/572392_Andreas_AirflowETL/code/.venv/lib/python3.9/site-packages/airflow/example_dags/example_latest_only.py
[2026-09-18T12:07:52.032+0700] {logging_mixin.py:190} INFO - [2026-09-18T12:07:52.031+0700] {dag.py:3239} INFO - Sync 1 DAGs
[2026-09-18T12:07:52.042+0700] {logging_mixin.py:190} INFO - [2026-09-18T12:07:52.042+0700] {dag.py:4180} INFO - Setting next_dagrun for latest_only to 2026-09-18 00:00:00+00:00, run_after=2026-09-18 04:00:00+00:00
[2026-09-18T12:07:52.052+0700] {processor.py:208} INFO - Processing /Users/andreasanditya/Downloads/572392_Andreas_AirflowETL/code/.venv/lib/python3.9/site-packages/airflow/example_dags/example_latest_only.py took 0.115 seconds
[2026-09-18T12:10:43.717+0700] {processor.py:186} INFO - Started process (PID=43586) to work on /Users/andreasanditya/Downloads/572392_Andreas_AirflowETL/code/.venv/lib/python3.9/site-packages/airflow/example_dags/example_latest_only.py
[2026-09-18T12:10:43.719+0700] {processor.py:914} INFO - Processing file /Users/andreasanditya/Downloads/572392_Andreas_AirflowETL/code/.venv/lib/python3.9/site-packages/airflow/example_dags/example_latest_only.py for tasks to queue
[2026-09-18T12:10:43.720+0700] {logging_mixin.py:190} INFO - [2026-09-18T12:10:43.720+0700] {dagbag.py:588} INFO - Filling up the DagBag from /Users/andreasanditya/Downloads/572392_Andreas_AirflowETL/code/.venv/lib/python3.9/site-packages/airflow/example_dags/example_latest_only.py
[2026-09-18T12:10:43.724+0700] {processor.py:925} INFO - DAG(s) 'latest_only' retrieved from /Users/andreasanditya/Downloads/572392_Andreas_AirflowETL/code/.venv/lib/python3.9/site-packages/airflow/example_dags/example_latest_only.py
[2026-09-18T12:10:43.811+0700] {logging_mixin.py:190} INFO - [2026-09-18T12:10:43.811+0700] {dag.py:3239} INFO - Sync 1 DAGs
[2026-09-18T12:10:43.823+0700] {logging_mixin.py:190} INFO - [2026-09-18T12:10:43.822+0700] {dag.py:4180} INFO - Setting next_dagrun for latest_only to 2026-09-18 00:00:00+00:00, run_after=2026-09-18 04:00:00+00:00
[2026-09-18T12:10:43.833+0700] {processor.py:208} INFO - Processing /Users/andreasanditya/Downloads/572392_Andreas_AirflowETL/code/.venv/lib/python3.9/site-packages/airflow/example_dags/example_latest_only.py took 0.118 seconds
[2026-09-18T12:13:42.881+0700] {processor.py:186} INFO - Started process (PID=46242) to work on /Users/andreasanditya/Downloads/572392_Andreas_AirflowETL/code/.venv/lib/python3.9/site-packages/airflow/example_dags/example_latest_only.py
[2026-09-18T12:13:42.883+0700] {processor.py:914} INFO - Processing file /Users/andreasanditya/Downloads/572392_Andreas_AirflowETL/code/.venv/lib/python3.9/site-packages/airflow/example_dags/example_latest_only.py for tasks to queue
[2026-09-18T12:13:42.884+0700] {logging_mixin.py:190} INFO - [2026-09-18T12:13:42.884+0700] {dagbag.py:588} INFO - Filling up the DagBag from /Users/andreasanditya/Downloads/572392_Andreas_AirflowETL/code/.venv/lib/python3.9/site-packages/airflow/example_dags/example_latest_only.py
[2026-09-18T12:13:42.888+0700] {processor.py:925} INFO - DAG(s) 'latest_only' retrieved from /Users/andreasanditya/Downloads/572392_Andreas_AirflowETL/code/.venv/lib/python3.9/site-packages/airflow/example_dags/example_latest_only.py
[2026-09-18T12:13:42.972+0700] {logging_mixin.py:190} INFO - [2026-09-18T12:13:42.972+0700] {dag.py:3239} INFO - Sync 1 DAGs
[2026-09-18T12:13:42.983+0700] {logging_mixin.py:190} INFO - [2026-09-18T12:13:42.983+0700] {dag.py:4180} INFO - Setting next_dagrun for latest_only to 2026-09-18 00:00:00+00:00, run_after=2026-09-18 04:00:00+00:00
[2026-09-18T12:13:42.993+0700] {processor.py:208} INFO - Processing /Users/andreasanditya/Downloads/572392_Andreas_AirflowETL/code/.venv/lib/python3.9/site-packages/airflow/example_dags/example_latest_only.py took 0.114 seconds
[2026-09-18T12:16:37.807+0700] {processor.py:186} INFO - Started process (PID=48988) to work on /Users/andreasanditya/Downloads/572392_Andreas_AirflowETL/code/.venv/lib/python3.9/site-packages/airflow/example_dags/example_latest_only.py
[2026-09-18T12:16:37.808+0700] {processor.py:914} INFO - Processing file /Users/andreasanditya/Downloads/572392_Andreas_AirflowETL/code/.venv/lib/python3.9/site-packages/airflow/example_dags/example_latest_only.py for tasks to queue
[2026-09-18T12:16:37.809+0700] {logging_mixin.py:190} INFO - [2026-09-18T12:16:37.809+0700] {dagbag.py:588} INFO - Filling up the DagBag from /Users/andreasanditya/Downloads/572392_Andreas_AirflowETL/code/.venv/lib/python3.9/site-packages/airflow/example_dags/example_latest_only.py
[2026-09-18T12:16:37.813+0700] {processor.py:925} INFO - DAG(s) 'latest_only' retrieved from /Users/andreasanditya/Downloads/572392_Andreas_AirflowETL/code/.venv/lib/python3.9/site-packages/airflow/example_dags/example_latest_only.py
[2026-09-18T12:16:37.898+0700] {logging_mixin.py:190} INFO - [2026-09-18T12:16:37.897+0700] {dag.py:3239} INFO - Sync 1 DAGs
[2026-09-18T12:16:37.908+0700] {logging_mixin.py:190} INFO - [2026-09-18T12:16:37.908+0700] {dag.py:4180} INFO - Setting next_dagrun for latest_only to 2026-09-18 00:00:00+00:00, run_after=2026-09-18 04:00:00+00:00
[2026-09-18T12:16:37.917+0700] {processor.py:208} INFO - Processing /Users/andreasanditya/Downloads/572392_Andreas_AirflowETL/code/.venv/lib/python3.9/site-packages/airflow/example_dags/example_latest_only.py took 0.113 seconds
[2026-09-18T12:19:36.232+0700] {processor.py:186} INFO - Started process (PID=51964) to work on /Users/andreasanditya/Downloads/572392_Andreas_AirflowETL/code/.venv/lib/python3.9/site-packages/airflow/example_dags/example_latest_only.py
[2026-09-18T12:19:36.233+0700] {processor.py:914} INFO - Processing file /Users/andreasanditya/Downloads/572392_Andreas_AirflowETL/code/.venv/lib/python3.9/site-packages/airflow/example_dags/example_latest_only.py for tasks to queue
[2026-09-18T12:19:36.234+0700] {logging_mixin.py:190} INFO - [2026-09-18T12:19:36.233+0700] {dagbag.py:588} INFO - Filling up the DagBag from /Users/andreasanditya/Downloads/572392_Andreas_AirflowETL/code/.venv/lib/python3.9/site-packages/airflow/example_dags/example_latest_only.py
[2026-09-18T12:19:36.238+0700] {processor.py:925} INFO - DAG(s) 'latest_only' retrieved from /Users/andreasanditya/Downloads/572392_Andreas_AirflowETL/code/.venv/lib/python3.9/site-packages/airflow/example_dags/example_latest_only.py
[2026-09-18T12:19:36.325+0700] {logging_mixin.py:190} INFO - [2026-09-18T12:19:36.325+0700] {dag.py:3239} INFO - Sync 1 DAGs
[2026-09-18T12:19:36.335+0700] {logging_mixin.py:190} INFO - [2026-09-18T12:19:36.335+0700] {dag.py:4180} INFO - Setting next_dagrun for latest_only to 2026-09-18 00:00:00+00:00, run_after=2026-09-18 04:00:00+00:00
[2026-09-18T12:19:36.345+0700] {processor.py:208} INFO - Processing /Users/andreasanditya/Downloads/572392_Andreas_AirflowETL/code/.venv/lib/python3.9/site-packages/airflow/example_dags/example_latest_only.py took 0.116 seconds
[2026-09-18T12:22:31.068+0700] {processor.py:186} INFO - Started process (PID=54265) to work on /Users/andreasanditya/Downloads/572392_Andreas_AirflowETL/code/.venv/lib/python3.9/site-packages/airflow/example_dags/example_latest_only.py
[2026-09-18T12:22:31.069+0700] {processor.py:914} INFO - Processing file /Users/andreasanditya/Downloads/572392_Andreas_AirflowETL/code/.venv/lib/python3.9/site-packages/airflow/example_dags/example_latest_only.py for tasks to queue
[2026-09-18T12:22:31.070+0700] {logging_mixin.py:190} INFO - [2026-09-18T12:22:31.070+0700] {dagbag.py:588} INFO - Filling up the DagBag from /Users/andreasanditya/Downloads/572392_Andreas_AirflowETL/code/.venv/lib/python3.9/site-packages/airflow/example_dags/example_latest_only.py
[2026-09-18T12:22:31.074+0700] {processor.py:925} INFO - DAG(s) 'latest_only' retrieved from /Users/andreasanditya/Downloads/572392_Andreas_AirflowETL/code/.venv/lib/python3.9/site-packages/airflow/example_dags/example_latest_only.py
[2026-09-18T12:22:31.160+0700] {logging_mixin.py:190} INFO - [2026-09-18T12:22:31.160+0700] {dag.py:3239} INFO - Sync 1 DAGs
[2026-09-18T12:22:31.171+0700] {logging_mixin.py:190} INFO - [2026-09-18T12:22:31.171+0700] {dag.py:4180} INFO - Setting next_dagrun for latest_only to 2026-09-18 00:00:00+00:00, run_after=2026-09-18 04:00:00+00:00
[2026-09-18T12:22:31.181+0700] {processor.py:208} INFO - Processing /Users/andreasanditya/Downloads/572392_Andreas_AirflowETL/code/.venv/lib/python3.9/site-packages/airflow/example_dags/example_latest_only.py took 0.115 seconds
[2026-09-18T12:25:24.361+0700] {processor.py:186} INFO - Started process (PID=56084) to work on /Users/andreasanditya/Downloads/572392_Andreas_AirflowETL/code/.venv/lib/python3.9/site-packages/airflow/example_dags/example_latest_only.py
[2026-09-18T12:25:24.362+0700] {processor.py:914} INFO - Processing file /Users/andreasanditya/Downloads/572392_Andreas_AirflowETL/code/.venv/lib/python3.9/site-packages/airflow/example_dags/example_latest_only.py for tasks to queue
[2026-09-18T12:25:24.363+0700] {logging_mixin.py:190} INFO - [2026-09-18T12:25:24.363+0700] {dagbag.py:588} INFO - Filling up the DagBag from /Users/andreasanditya/Downloads/572392_Andreas_AirflowETL/code/.venv/lib/python3.9/site-packages/airflow/example_dags/example_latest_only.py
[2026-09-18T12:25:24.367+0700] {processor.py:925} INFO - DAG(s) 'latest_only' retrieved from /Users/andreasanditya/Downloads/572392_Andreas_AirflowETL/code/.venv/lib/python3.9/site-packages/airflow/example_dags/example_latest_only.py
[2026-09-18T12:25:24.456+0700] {logging_mixin.py:190} INFO - [2026-09-18T12:25:24.455+0700] {dag.py:3239} INFO - Sync 1 DAGs
[2026-09-18T12:25:24.467+0700] {logging_mixin.py:190} INFO - [2026-09-18T12:25:24.467+0700] {dag.py:4180} INFO - Setting next_dagrun for latest_only to 2026-09-18 00:00:00+00:00, run_after=2026-09-18 04:00:00+00:00
[2026-09-18T12:25:24.477+0700] {processor.py:208} INFO - Processing /Users/andreasanditya/Downloads/572392_Andreas_AirflowETL/code/.venv/lib/python3.9/site-packages/airflow/example_dags/example_latest_only.py took 0.118 seconds
[2026-09-18T12:28:17.644+0700] {processor.py:186} INFO - Started process (PID=57867) to work on /Users/andreasanditya/Downloads/572392_Andreas_AirflowETL/code/.venv/lib/python3.9/site-packages/airflow/example_dags/example_latest_only.py
[2026-09-18T12:28:17.645+0700] {processor.py:914} INFO - Processing file /Users/andreasanditya/Downloads/572392_Andreas_AirflowETL/code/.venv/lib/python3.9/site-packages/airflow/example_dags/example_latest_only.py for tasks to queue
[2026-09-18T12:28:17.646+0700] {logging_mixin.py:190} INFO - [2026-09-18T12:28:17.646+0700] {dagbag.py:588} INFO - Filling up the DagBag from /Users/andreasanditya/Downloads/572392_Andreas_AirflowETL/code/.venv/lib/python3.9/site-packages/airflow/example_dags/example_latest_only.py
[2026-09-18T12:28:17.650+0700] {processor.py:925} INFO - DAG(s) 'latest_only' retrieved from /Users/andreasanditya/Downloads/572392_Andreas_AirflowETL/code/.venv/lib/python3.9/site-packages/airflow/example_dags/example_latest_only.py
[2026-09-18T12:28:17.734+0700] {logging_mixin.py:190} INFO - [2026-09-18T12:28:17.733+0700] {dag.py:3239} INFO - Sync 1 DAGs
[2026-09-18T12:28:17.744+0700] {logging_mixin.py:190} INFO - [2026-09-18T12:28:17.744+0700] {dag.py:4180} INFO - Setting next_dagrun for latest_only to 2026-09-18 00:00:00+00:00, run_after=2026-09-18 04:00:00+00:00
[2026-09-18T12:28:17.754+0700] {processor.py:208} INFO - Processing /Users/andreasanditya/Downloads/572392_Andreas_AirflowETL/code/.venv/lib/python3.9/site-packages/airflow/example_dags/example_latest_only.py took 0.111 seconds
[2026-09-18T12:31:04.400+0700] {processor.py:186} INFO - Started process (PID=59620) to work on /Users/andreasanditya/Downloads/572392_Andreas_AirflowETL/code/.venv/lib/python3.9/site-packages/airflow/example_dags/example_latest_only.py
[2026-09-18T12:31:04.401+0700] {processor.py:914} INFO - Processing file /Users/andreasanditya/Downloads/572392_Andreas_AirflowETL/code/.venv/lib/python3.9/site-packages/airflow/example_dags/example_latest_only.py for tasks to queue
[2026-09-18T12:31:04.402+0700] {logging_mixin.py:190} INFO - [2026-09-18T12:31:04.401+0700] {dagbag.py:588} INFO - Filling up the DagBag from /Users/andreasanditya/Downloads/572392_Andreas_AirflowETL/code/.venv/lib/python3.9/site-packages/airflow/example_dags/example_latest_only.py
[2026-09-18T12:31:04.406+0700] {processor.py:925} INFO - DAG(s) 'latest_only' retrieved from /Users/andreasanditya/Downloads/572392_Andreas_AirflowETL/code/.venv/lib/python3.9/site-packages/airflow/example_dags/example_latest_only.py
[2026-09-18T12:31:04.494+0700] {logging_mixin.py:190} INFO - [2026-09-18T12:31:04.493+0700] {dag.py:3239} INFO - Sync 1 DAGs
[2026-09-18T12:31:04.504+0700] {logging_mixin.py:190} INFO - [2026-09-18T12:31:04.504+0700] {dag.py:4180} INFO - Setting next_dagrun for latest_only to 2026-09-18 00:00:00+00:00, run_after=2026-09-18 04:00:00+00:00
[2026-09-18T12:31:04.514+0700] {processor.py:208} INFO - Processing /Users/andreasanditya/Downloads/572392_Andreas_AirflowETL/code/.venv/lib/python3.9/site-packages/airflow/example_dags/example_latest_only.py took 0.116 seconds
[2026-09-18T12:33:53.820+0700] {processor.py:186} INFO - Started process (PID=61377) to work on /Users/andreasanditya/Downloads/572392_Andreas_AirflowETL/code/.venv/lib/python3.9/site-packages/airflow/example_dags/example_latest_only.py
[2026-09-18T12:33:53.821+0700] {processor.py:914} INFO - Processing file /Users/andreasanditya/Downloads/572392_Andreas_AirflowETL/code/.venv/lib/python3.9/site-packages/airflow/example_dags/example_latest_only.py for tasks to queue
[2026-09-18T12:33:53.821+0700] {logging_mixin.py:190} INFO - [2026-09-18T12:33:53.821+0700] {dagbag.py:588} INFO - Filling up the DagBag from /Users/andreasanditya/Downloads/572392_Andreas_AirflowETL/code/.venv/lib/python3.9/site-packages/airflow/example_dags/example_latest_only.py
[2026-09-18T12:33:53.825+0700] {processor.py:925} INFO - DAG(s) 'latest_only' retrieved from /Users/andreasanditya/Downloads/572392_Andreas_AirflowETL/code/.venv/lib/python3.9/site-packages/airflow/example_dags/example_latest_only.py
[2026-09-18T12:33:53.909+0700] {logging_mixin.py:190} INFO - [2026-09-18T12:33:53.909+0700] {dag.py:3239} INFO - Sync 1 DAGs
[2026-09-18T12:33:53.919+0700] {logging_mixin.py:190} INFO - [2026-09-18T12:33:53.919+0700] {dag.py:4180} INFO - Setting next_dagrun for latest_only to 2026-09-18 00:00:00+00:00, run_after=2026-09-18 04:00:00+00:00
[2026-09-18T12:33:53.929+0700] {processor.py:208} INFO - Processing /Users/andreasanditya/Downloads/572392_Andreas_AirflowETL/code/.venv/lib/python3.9/site-packages/airflow/example_dags/example_latest_only.py took 0.112 seconds
[2026-09-18T12:36:44.856+0700] {processor.py:186} INFO - Started process (PID=63064) to work on /Users/andreasanditya/Downloads/572392_Andreas_AirflowETL/code/.venv/lib/python3.9/site-packages/airflow/example_dags/example_latest_only.py
[2026-09-18T12:36:44.857+0700] {processor.py:914} INFO - Processing file /Users/andreasanditya/Downloads/572392_Andreas_AirflowETL/code/.venv/lib/python3.9/site-packages/airflow/example_dags/example_latest_only.py for tasks to queue
[2026-09-18T12:36:44.858+0700] {logging_mixin.py:190} INFO - [2026-09-18T12:36:44.858+0700] {dagbag.py:588} INFO - Filling up the DagBag from /Users/andreasanditya/Downloads/572392_Andreas_AirflowETL/code/.venv/lib/python3.9/site-packages/airflow/example_dags/example_latest_only.py
[2026-09-18T12:36:44.862+0700] {processor.py:925} INFO - DAG(s) 'latest_only' retrieved from /Users/andreasanditya/Downloads/572392_Andreas_AirflowETL/code/.venv/lib/python3.9/site-packages/airflow/example_dags/example_latest_only.py
[2026-09-18T12:36:44.946+0700] {logging_mixin.py:190} INFO - [2026-09-18T12:36:44.945+0700] {dag.py:3239} INFO - Sync 1 DAGs
[2026-09-18T12:36:44.956+0700] {logging_mixin.py:190} INFO - [2026-09-18T12:36:44.956+0700] {dag.py:4180} INFO - Setting next_dagrun for latest_only to 2026-09-18 00:00:00+00:00, run_after=2026-09-18 04:00:00+00:00
[2026-09-18T12:36:44.965+0700] {processor.py:208} INFO - Processing /Users/andreasanditya/Downloads/572392_Andreas_AirflowETL/code/.venv/lib/python3.9/site-packages/airflow/example_dags/example_latest_only.py took 0.111 seconds
[2026-09-18T12:39:38.470+0700] {processor.py:186} INFO - Started process (PID=64901) to work on /Users/andreasanditya/Downloads/572392_Andreas_AirflowETL/code/.venv/lib/python3.9/site-packages/airflow/example_dags/example_latest_only.py
[2026-09-18T12:39:38.471+0700] {processor.py:914} INFO - Processing file /Users/andreasanditya/Downloads/572392_Andreas_AirflowETL/code/.venv/lib/python3.9/site-packages/airflow/example_dags/example_latest_only.py for tasks to queue
[2026-09-18T12:39:38.471+0700] {logging_mixin.py:190} INFO - [2026-09-18T12:39:38.471+0700] {dagbag.py:588} INFO - Filling up the DagBag from /Users/andreasanditya/Downloads/572392_Andreas_AirflowETL/code/.venv/lib/python3.9/site-packages/airflow/example_dags/example_latest_only.py
[2026-09-18T12:39:38.475+0700] {processor.py:925} INFO - DAG(s) 'latest_only' retrieved from /Users/andreasanditya/Downloads/572392_Andreas_AirflowETL/code/.venv/lib/python3.9/site-packages/airflow/example_dags/example_latest_only.py
[2026-09-18T12:39:38.559+0700] {logging_mixin.py:190} INFO - [2026-09-18T12:39:38.559+0700] {dag.py:3239} INFO - Sync 1 DAGs
[2026-09-18T12:39:38.569+0700] {logging_mixin.py:190} INFO - [2026-09-18T12:39:38.569+0700] {dag.py:4180} INFO - Setting next_dagrun for latest_only to 2026-09-18 00:00:00+00:00, run_after=2026-09-18 04:00:00+00:00
[2026-09-18T12:39:38.579+0700] {processor.py:208} INFO - Processing /Users/andreasanditya/Downloads/572392_Andreas_AirflowETL/code/.venv/lib/python3.9/site-packages/airflow/example_dags/example_latest_only.py took 0.111 seconds
[2026-09-18T12:42:30.520+0700] {processor.py:186} INFO - Started process (PID=66649) to work on /Users/andreasanditya/Downloads/572392_Andreas_AirflowETL/code/.venv/lib/python3.9/site-packages/airflow/example_dags/example_latest_only.py
[2026-09-18T12:42:30.521+0700] {processor.py:914} INFO - Processing file /Users/andreasanditya/Downloads/572392_Andreas_AirflowETL/code/.venv/lib/python3.9/site-packages/airflow/example_dags/example_latest_only.py for tasks to queue
[2026-09-18T12:42:30.522+0700] {logging_mixin.py:190} INFO - [2026-09-18T12:42:30.522+0700] {dagbag.py:588} INFO - Filling up the DagBag from /Users/andreasanditya/Downloads/572392_Andreas_AirflowETL/code/.venv/lib/python3.9/site-packages/airflow/example_dags/example_latest_only.py
[2026-09-18T12:42:30.526+0700] {processor.py:925} INFO - DAG(s) 'latest_only' retrieved from /Users/andreasanditya/Downloads/572392_Andreas_AirflowETL/code/.venv/lib/python3.9/site-packages/airflow/example_dags/example_latest_only.py
[2026-09-18T12:42:30.611+0700] {logging_mixin.py:190} INFO - [2026-09-18T12:42:30.611+0700] {dag.py:3239} INFO - Sync 1 DAGs
[2026-09-18T12:42:30.621+0700] {logging_mixin.py:190} INFO - [2026-09-18T12:42:30.621+0700] {dag.py:4180} INFO - Setting next_dagrun for latest_only to 2026-09-18 00:00:00+00:00, run_after=2026-09-18 04:00:00+00:00
[2026-09-18T12:42:30.631+0700] {processor.py:208} INFO - Processing /Users/andreasanditya/Downloads/572392_Andreas_AirflowETL/code/.venv/lib/python3.9/site-packages/airflow/example_dags/example_latest_only.py took 0.113 seconds
[2026-09-18T12:45:24.865+0700] {processor.py:186} INFO - Started process (PID=68399) to work on /Users/andreasanditya/Downloads/572392_Andreas_AirflowETL/code/.venv/lib/python3.9/site-packages/airflow/example_dags/example_latest_only.py
[2026-09-18T12:45:24.865+0700] {processor.py:914} INFO - Processing file /Users/andreasanditya/Downloads/572392_Andreas_AirflowETL/code/.venv/lib/python3.9/site-packages/airflow/example_dags/example_latest_only.py for tasks to queue
[2026-09-18T12:45:24.866+0700] {logging_mixin.py:190} INFO - [2026-09-18T12:45:24.866+0700] {dagbag.py:588} INFO - Filling up the DagBag from /Users/andreasanditya/Downloads/572392_Andreas_AirflowETL/code/.venv/lib/python3.9/site-packages/airflow/example_dags/example_latest_only.py
[2026-09-18T12:45:24.870+0700] {processor.py:925} INFO - DAG(s) 'latest_only' retrieved from /Users/andreasanditya/Downloads/572392_Andreas_AirflowETL/code/.venv/lib/python3.9/site-packages/airflow/example_dags/example_latest_only.py
[2026-09-18T12:45:24.955+0700] {logging_mixin.py:190} INFO - [2026-09-18T12:45:24.954+0700] {dag.py:3239} INFO - Sync 1 DAGs
[2026-09-18T12:45:24.965+0700] {logging_mixin.py:190} INFO - [2026-09-18T12:45:24.965+0700] {dag.py:4180} INFO - Setting next_dagrun for latest_only to 2026-09-18 00:00:00+00:00, run_after=2026-09-18 04:00:00+00:00
[2026-09-18T12:45:24.975+0700] {processor.py:208} INFO - Processing /Users/andreasanditya/Downloads/572392_Andreas_AirflowETL/code/.venv/lib/python3.9/site-packages/airflow/example_dags/example_latest_only.py took 0.112 seconds
[2026-09-18T12:48:16.567+0700] {processor.py:186} INFO - Started process (PID=70151) to work on /Users/andreasanditya/Downloads/572392_Andreas_AirflowETL/code/.venv/lib/python3.9/site-packages/airflow/example_dags/example_latest_only.py
[2026-09-18T12:48:16.568+0700] {processor.py:914} INFO - Processing file /Users/andreasanditya/Downloads/572392_Andreas_AirflowETL/code/.venv/lib/python3.9/site-packages/airflow/example_dags/example_latest_only.py for tasks to queue
[2026-09-18T12:48:16.569+0700] {logging_mixin.py:190} INFO - [2026-09-18T12:48:16.569+0700] {dagbag.py:588} INFO - Filling up the DagBag from /Users/andreasanditya/Downloads/572392_Andreas_AirflowETL/code/.venv/lib/python3.9/site-packages/airflow/example_dags/example_latest_only.py
[2026-09-18T12:48:16.573+0700] {processor.py:925} INFO - DAG(s) 'latest_only' retrieved from /Users/andreasanditya/Downloads/572392_Andreas_AirflowETL/code/.venv/lib/python3.9/site-packages/airflow/example_dags/example_latest_only.py
[2026-09-18T12:48:16.657+0700] {logging_mixin.py:190} INFO - [2026-09-18T12:48:16.656+0700] {dag.py:3239} INFO - Sync 1 DAGs
[2026-09-18T12:48:16.668+0700] {logging_mixin.py:190} INFO - [2026-09-18T12:48:16.667+0700] {dag.py:4180} INFO - Setting next_dagrun for latest_only to 2026-09-18 00:00:00+00:00, run_after=2026-09-18 04:00:00+00:00
[2026-09-18T12:48:16.678+0700] {processor.py:208} INFO - Processing /Users/andreasanditya/Downloads/572392_Andreas_AirflowETL/code/.venv/lib/python3.9/site-packages/airflow/example_dags/example_latest_only.py took 0.112 seconds
[2026-09-18T12:51:05.592+0700] {processor.py:186} INFO - Started process (PID=71833) to work on /Users/andreasanditya/Downloads/572392_Andreas_AirflowETL/code/.venv/lib/python3.9/site-packages/airflow/example_dags/example_latest_only.py
[2026-09-18T12:51:05.593+0700] {processor.py:914} INFO - Processing file /Users/andreasanditya/Downloads/572392_Andreas_AirflowETL/code/.venv/lib/python3.9/site-packages/airflow/example_dags/example_latest_only.py for tasks to queue
[2026-09-18T12:51:05.594+0700] {logging_mixin.py:190} INFO - [2026-09-18T12:51:05.594+0700] {dagbag.py:588} INFO - Filling up the DagBag from /Users/andreasanditya/Downloads/572392_Andreas_AirflowETL/code/.venv/lib/python3.9/site-packages/airflow/example_dags/example_latest_only.py
[2026-09-18T12:51:05.598+0700] {processor.py:925} INFO - DAG(s) 'latest_only' retrieved from /Users/andreasanditya/Downloads/572392_Andreas_AirflowETL/code/.venv/lib/python3.9/site-packages/airflow/example_dags/example_latest_only.py
[2026-09-18T12:51:05.683+0700] {logging_mixin.py:190} INFO - [2026-09-18T12:51:05.683+0700] {dag.py:3239} INFO - Sync 1 DAGs
[2026-09-18T12:51:05.694+0700] {logging_mixin.py:190} INFO - [2026-09-18T12:51:05.694+0700] {dag.py:4180} INFO - Setting next_dagrun for latest_only to 2026-09-18 00:00:00+00:00, run_after=2026-09-18 04:00:00+00:00
[2026-09-18T12:51:05.704+0700] {processor.py:208} INFO - Processing /Users/andreasanditya/Downloads/572392_Andreas_AirflowETL/code/.venv/lib/python3.9/site-packages/airflow/example_dags/example_latest_only.py took 0.113 seconds
[2026-09-18T12:53:56.249+0700] {processor.py:186} INFO - Started process (PID=73551) to work on /Users/andreasanditya/Downloads/572392_Andreas_AirflowETL/code/.venv/lib/python3.9/site-packages/airflow/example_dags/example_latest_only.py
[2026-09-18T12:53:56.250+0700] {processor.py:914} INFO - Processing file /Users/andreasanditya/Downloads/572392_Andreas_AirflowETL/code/.venv/lib/python3.9/site-packages/airflow/example_dags/example_latest_only.py for tasks to queue
[2026-09-18T12:53:56.250+0700] {logging_mixin.py:190} INFO - [2026-09-18T12:53:56.250+0700] {dagbag.py:588} INFO - Filling up the DagBag from /Users/andreasanditya/Downloads/572392_Andreas_AirflowETL/code/.venv/lib/python3.9/site-packages/airflow/example_dags/example_latest_only.py
[2026-09-18T12:53:56.254+0700] {processor.py:925} INFO - DAG(s) 'latest_only' retrieved from /Users/andreasanditya/Downloads/572392_Andreas_AirflowETL/code/.venv/lib/python3.9/site-packages/airflow/example_dags/example_latest_only.py
[2026-09-18T12:53:56.339+0700] {logging_mixin.py:190} INFO - [2026-09-18T12:53:56.338+0700] {dag.py:3239} INFO - Sync 1 DAGs
[2026-09-18T12:53:56.349+0700] {logging_mixin.py:190} INFO - [2026-09-18T12:53:56.349+0700] {dag.py:4180} INFO - Setting next_dagrun for latest_only to 2026-09-18 00:00:00+00:00, run_after=2026-09-18 04:00:00+00:00
[2026-09-18T12:53:56.360+0700] {processor.py:208} INFO - Processing /Users/andreasanditya/Downloads/572392_Andreas_AirflowETL/code/.venv/lib/python3.9/site-packages/airflow/example_dags/example_latest_only.py took 0.113 seconds
[2026-09-18T12:56:45.597+0700] {processor.py:186} INFO - Started process (PID=75322) to work on /Users/andreasanditya/Downloads/572392_Andreas_AirflowETL/code/.venv/lib/python3.9/site-packages/airflow/example_dags/example_latest_only.py
[2026-09-18T12:56:45.598+0700] {processor.py:914} INFO - Processing file /Users/andreasanditya/Downloads/572392_Andreas_AirflowETL/code/.venv/lib/python3.9/site-packages/airflow/example_dags/example_latest_only.py for tasks to queue
[2026-09-18T12:56:45.598+0700] {logging_mixin.py:190} INFO - [2026-09-18T12:56:45.598+0700] {dagbag.py:588} INFO - Filling up the DagBag from /Users/andreasanditya/Downloads/572392_Andreas_AirflowETL/code/.venv/lib/python3.9/site-packages/airflow/example_dags/example_latest_only.py
[2026-09-18T12:56:45.602+0700] {processor.py:925} INFO - DAG(s) 'latest_only' retrieved from /Users/andreasanditya/Downloads/572392_Andreas_AirflowETL/code/.venv/lib/python3.9/site-packages/airflow/example_dags/example_latest_only.py
[2026-09-18T12:56:45.687+0700] {logging_mixin.py:190} INFO - [2026-09-18T12:56:45.687+0700] {dag.py:3239} INFO - Sync 1 DAGs
[2026-09-18T12:56:45.698+0700] {logging_mixin.py:190} INFO - [2026-09-18T12:56:45.698+0700] {dag.py:4180} INFO - Setting next_dagrun for latest_only to 2026-09-18 00:00:00+00:00, run_after=2026-09-18 04:00:00+00:00
[2026-09-18T12:56:45.708+0700] {processor.py:208} INFO - Processing /Users/andreasanditya/Downloads/572392_Andreas_AirflowETL/code/.venv/lib/python3.9/site-packages/airflow/example_dags/example_latest_only.py took 0.114 seconds
[2026-09-18T12:59:36.712+0700] {processor.py:186} INFO - Started process (PID=77093) to work on /Users/andreasanditya/Downloads/572392_Andreas_AirflowETL/code/.venv/lib/python3.9/site-packages/airflow/example_dags/example_latest_only.py
[2026-09-18T12:59:36.713+0700] {processor.py:914} INFO - Processing file /Users/andreasanditya/Downloads/572392_Andreas_AirflowETL/code/.venv/lib/python3.9/site-packages/airflow/example_dags/example_latest_only.py for tasks to queue
[2026-09-18T12:59:36.713+0700] {logging_mixin.py:190} INFO - [2026-09-18T12:59:36.713+0700] {dagbag.py:588} INFO - Filling up the DagBag from /Users/andreasanditya/Downloads/572392_Andreas_AirflowETL/code/.venv/lib/python3.9/site-packages/airflow/example_dags/example_latest_only.py
[2026-09-18T12:59:36.717+0700] {processor.py:925} INFO - DAG(s) 'latest_only' retrieved from /Users/andreasanditya/Downloads/572392_Andreas_AirflowETL/code/.venv/lib/python3.9/site-packages/airflow/example_dags/example_latest_only.py
[2026-09-18T12:59:36.802+0700] {logging_mixin.py:190} INFO - [2026-09-18T12:59:36.802+0700] {dag.py:3239} INFO - Sync 1 DAGs
[2026-09-18T12:59:36.813+0700] {logging_mixin.py:190} INFO - [2026-09-18T12:59:36.812+0700] {dag.py:4180} INFO - Setting next_dagrun for latest_only to 2026-09-18 00:00:00+00:00, run_after=2026-09-18 04:00:00+00:00
[2026-09-18T12:59:36.822+0700] {processor.py:208} INFO - Processing /Users/andreasanditya/Downloads/572392_Andreas_AirflowETL/code/.venv/lib/python3.9/site-packages/airflow/example_dags/example_latest_only.py took 0.113 seconds
[2026-09-18T13:02:29.638+0700] {processor.py:186} INFO - Started process (PID=78840) to work on /Users/andreasanditya/Downloads/572392_Andreas_AirflowETL/code/.venv/lib/python3.9/site-packages/airflow/example_dags/example_latest_only.py
[2026-09-18T13:02:29.639+0700] {processor.py:914} INFO - Processing file /Users/andreasanditya/Downloads/572392_Andreas_AirflowETL/code/.venv/lib/python3.9/site-packages/airflow/example_dags/example_latest_only.py for tasks to queue
[2026-09-18T13:02:29.640+0700] {logging_mixin.py:190} INFO - [2026-09-18T13:02:29.640+0700] {dagbag.py:588} INFO - Filling up the DagBag from /Users/andreasanditya/Downloads/572392_Andreas_AirflowETL/code/.venv/lib/python3.9/site-packages/airflow/example_dags/example_latest_only.py
[2026-09-18T13:02:29.644+0700] {processor.py:925} INFO - DAG(s) 'latest_only' retrieved from /Users/andreasanditya/Downloads/572392_Andreas_AirflowETL/code/.venv/lib/python3.9/site-packages/airflow/example_dags/example_latest_only.py
[2026-09-18T13:02:29.729+0700] {logging_mixin.py:190} INFO - [2026-09-18T13:02:29.728+0700] {dag.py:3239} INFO - Sync 1 DAGs
[2026-09-18T13:02:29.739+0700] {logging_mixin.py:190} INFO - [2026-09-18T13:02:29.739+0700] {dag.py:4180} INFO - Setting next_dagrun for latest_only to 2026-09-18 00:00:00+00:00, run_after=2026-09-18 04:00:00+00:00
[2026-09-18T13:02:29.749+0700] {processor.py:208} INFO - Processing /Users/andreasanditya/Downloads/572392_Andreas_AirflowETL/code/.venv/lib/python3.9/site-packages/airflow/example_dags/example_latest_only.py took 0.113 seconds
[2026-09-18T13:05:20.593+0700] {processor.py:186} INFO - Started process (PID=80618) to work on /Users/andreasanditya/Downloads/572392_Andreas_AirflowETL/code/.venv/lib/python3.9/site-packages/airflow/example_dags/example_latest_only.py
[2026-09-18T13:05:20.595+0700] {processor.py:914} INFO - Processing file /Users/andreasanditya/Downloads/572392_Andreas_AirflowETL/code/.venv/lib/python3.9/site-packages/airflow/example_dags/example_latest_only.py for tasks to queue
[2026-09-18T13:05:20.595+0700] {logging_mixin.py:190} INFO - [2026-09-18T13:05:20.595+0700] {dagbag.py:588} INFO - Filling up the DagBag from /Users/andreasanditya/Downloads/572392_Andreas_AirflowETL/code/.venv/lib/python3.9/site-packages/airflow/example_dags/example_latest_only.py
[2026-09-18T13:05:20.599+0700] {processor.py:925} INFO - DAG(s) 'latest_only' retrieved from /Users/andreasanditya/Downloads/572392_Andreas_AirflowETL/code/.venv/lib/python3.9/site-packages/airflow/example_dags/example_latest_only.py
[2026-09-18T13:05:20.683+0700] {logging_mixin.py:190} INFO - [2026-09-18T13:05:20.683+0700] {dag.py:3239} INFO - Sync 1 DAGs
[2026-09-18T13:05:20.693+0700] {logging_mixin.py:190} INFO - [2026-09-18T13:05:20.693+0700] {dag.py:4180} INFO - Setting next_dagrun for latest_only to 2026-09-18 00:00:00+00:00, run_after=2026-09-18 04:00:00+00:00
[2026-09-18T13:05:20.703+0700] {processor.py:208} INFO - Processing /Users/andreasanditya/Downloads/572392_Andreas_AirflowETL/code/.venv/lib/python3.9/site-packages/airflow/example_dags/example_latest_only.py took 0.112 seconds
[2026-09-18T13:08:08.259+0700] {processor.py:186} INFO - Started process (PID=82291) to work on /Users/andreasanditya/Downloads/572392_Andreas_AirflowETL/code/.venv/lib/python3.9/site-packages/airflow/example_dags/example_latest_only.py
[2026-09-18T13:08:08.260+0700] {processor.py:914} INFO - Processing file /Users/andreasanditya/Downloads/572392_Andreas_AirflowETL/code/.venv/lib/python3.9/site-packages/airflow/example_dags/example_latest_only.py for tasks to queue
[2026-09-18T13:08:08.261+0700] {logging_mixin.py:190} INFO - [2026-09-18T13:08:08.261+0700] {dagbag.py:588} INFO - Filling up the DagBag from /Users/andreasanditya/Downloads/572392_Andreas_AirflowETL/code/.venv/lib/python3.9/site-packages/airflow/example_dags/example_latest_only.py
[2026-09-18T13:08:08.265+0700] {processor.py:925} INFO - DAG(s) 'latest_only' retrieved from /Users/andreasanditya/Downloads/572392_Andreas_AirflowETL/code/.venv/lib/python3.9/site-packages/airflow/example_dags/example_latest_only.py
[2026-09-18T13:08:08.349+0700] {logging_mixin.py:190} INFO - [2026-09-18T13:08:08.349+0700] {dag.py:3239} INFO - Sync 1 DAGs
[2026-09-18T13:08:08.360+0700] {logging_mixin.py:190} INFO - [2026-09-18T13:08:08.360+0700] {dag.py:4180} INFO - Setting next_dagrun for latest_only to 2026-09-18 00:00:00+00:00, run_after=2026-09-18 04:00:00+00:00
[2026-09-18T13:08:08.369+0700] {processor.py:208} INFO - Processing /Users/andreasanditya/Downloads/572392_Andreas_AirflowETL/code/.venv/lib/python3.9/site-packages/airflow/example_dags/example_latest_only.py took 0.113 seconds
[2026-09-18T13:11:01.941+0700] {processor.py:186} INFO - Started process (PID=84135) to work on /Users/andreasanditya/Downloads/572392_Andreas_AirflowETL/code/.venv/lib/python3.9/site-packages/airflow/example_dags/example_latest_only.py
[2026-09-18T13:11:01.944+0700] {processor.py:914} INFO - Processing file /Users/andreasanditya/Downloads/572392_Andreas_AirflowETL/code/.venv/lib/python3.9/site-packages/airflow/example_dags/example_latest_only.py for tasks to queue
[2026-09-18T13:11:01.945+0700] {logging_mixin.py:190} INFO - [2026-09-18T13:11:01.944+0700] {dagbag.py:588} INFO - Filling up the DagBag from /Users/andreasanditya/Downloads/572392_Andreas_AirflowETL/code/.venv/lib/python3.9/site-packages/airflow/example_dags/example_latest_only.py
[2026-09-18T13:11:01.949+0700] {processor.py:925} INFO - DAG(s) 'latest_only' retrieved from /Users/andreasanditya/Downloads/572392_Andreas_AirflowETL/code/.venv/lib/python3.9/site-packages/airflow/example_dags/example_latest_only.py
[2026-09-18T13:11:02.034+0700] {logging_mixin.py:190} INFO - [2026-09-18T13:11:02.034+0700] {dag.py:3239} INFO - Sync 1 DAGs
[2026-09-18T13:11:02.045+0700] {logging_mixin.py:190} INFO - [2026-09-18T13:11:02.045+0700] {dag.py:4180} INFO - Setting next_dagrun for latest_only to 2026-09-18 00:00:00+00:00, run_after=2026-09-18 04:00:00+00:00
[2026-09-18T13:11:02.054+0700] {processor.py:208} INFO - Processing /Users/andreasanditya/Downloads/572392_Andreas_AirflowETL/code/.venv/lib/python3.9/site-packages/airflow/example_dags/example_latest_only.py took 0.116 seconds
[2026-09-18T13:13:53.856+0700] {processor.py:186} INFO - Started process (PID=85872) to work on /Users/andreasanditya/Downloads/572392_Andreas_AirflowETL/code/.venv/lib/python3.9/site-packages/airflow/example_dags/example_latest_only.py
[2026-09-18T13:13:53.859+0700] {processor.py:914} INFO - Processing file /Users/andreasanditya/Downloads/572392_Andreas_AirflowETL/code/.venv/lib/python3.9/site-packages/airflow/example_dags/example_latest_only.py for tasks to queue
[2026-09-18T13:13:53.860+0700] {logging_mixin.py:190} INFO - [2026-09-18T13:13:53.860+0700] {dagbag.py:588} INFO - Filling up the DagBag from /Users/andreasanditya/Downloads/572392_Andreas_AirflowETL/code/.venv/lib/python3.9/site-packages/airflow/example_dags/example_latest_only.py
[2026-09-18T13:13:53.864+0700] {processor.py:925} INFO - DAG(s) 'latest_only' retrieved from /Users/andreasanditya/Downloads/572392_Andreas_AirflowETL/code/.venv/lib/python3.9/site-packages/airflow/example_dags/example_latest_only.py
[2026-09-18T13:13:53.947+0700] {logging_mixin.py:190} INFO - [2026-09-18T13:13:53.947+0700] {dag.py:3239} INFO - Sync 1 DAGs
[2026-09-18T13:13:53.957+0700] {logging_mixin.py:190} INFO - [2026-09-18T13:13:53.957+0700] {dag.py:4180} INFO - Setting next_dagrun for latest_only to 2026-09-18 00:00:00+00:00, run_after=2026-09-18 04:00:00+00:00
[2026-09-18T13:13:53.967+0700] {processor.py:208} INFO - Processing /Users/andreasanditya/Downloads/572392_Andreas_AirflowETL/code/.venv/lib/python3.9/site-packages/airflow/example_dags/example_latest_only.py took 0.113 seconds
[2026-09-18T13:16:47.019+0700] {processor.py:186} INFO - Started process (PID=87621) to work on /Users/andreasanditya/Downloads/572392_Andreas_AirflowETL/code/.venv/lib/python3.9/site-packages/airflow/example_dags/example_latest_only.py
[2026-09-18T13:16:47.021+0700] {processor.py:914} INFO - Processing file /Users/andreasanditya/Downloads/572392_Andreas_AirflowETL/code/.venv/lib/python3.9/site-packages/airflow/example_dags/example_latest_only.py for tasks to queue
[2026-09-18T13:16:47.021+0700] {logging_mixin.py:190} INFO - [2026-09-18T13:16:47.021+0700] {dagbag.py:588} INFO - Filling up the DagBag from /Users/andreasanditya/Downloads/572392_Andreas_AirflowETL/code/.venv/lib/python3.9/site-packages/airflow/example_dags/example_latest_only.py
[2026-09-18T13:16:47.025+0700] {processor.py:925} INFO - DAG(s) 'latest_only' retrieved from /Users/andreasanditya/Downloads/572392_Andreas_AirflowETL/code/.venv/lib/python3.9/site-packages/airflow/example_dags/example_latest_only.py
[2026-09-18T13:16:47.109+0700] {logging_mixin.py:190} INFO - [2026-09-18T13:16:47.109+0700] {dag.py:3239} INFO - Sync 1 DAGs
[2026-09-18T13:16:47.119+0700] {logging_mixin.py:190} INFO - [2026-09-18T13:16:47.119+0700] {dag.py:4180} INFO - Setting next_dagrun for latest_only to 2026-09-18 00:00:00+00:00, run_after=2026-09-18 04:00:00+00:00
[2026-09-18T13:16:47.129+0700] {processor.py:208} INFO - Processing /Users/andreasanditya/Downloads/572392_Andreas_AirflowETL/code/.venv/lib/python3.9/site-packages/airflow/example_dags/example_latest_only.py took 0.111 seconds
[2026-09-18T13:19:36.574+0700] {processor.py:186} INFO - Started process (PID=89274) to work on /Users/andreasanditya/Downloads/572392_Andreas_AirflowETL/code/.venv/lib/python3.9/site-packages/airflow/example_dags/example_latest_only.py
[2026-09-18T13:19:36.575+0700] {processor.py:914} INFO - Processing file /Users/andreasanditya/Downloads/572392_Andreas_AirflowETL/code/.venv/lib/python3.9/site-packages/airflow/example_dags/example_latest_only.py for tasks to queue
[2026-09-18T13:19:36.576+0700] {logging_mixin.py:190} INFO - [2026-09-18T13:19:36.576+0700] {dagbag.py:588} INFO - Filling up the DagBag from /Users/andreasanditya/Downloads/572392_Andreas_AirflowETL/code/.venv/lib/python3.9/site-packages/airflow/example_dags/example_latest_only.py
[2026-09-18T13:19:36.580+0700] {processor.py:925} INFO - DAG(s) 'latest_only' retrieved from /Users/andreasanditya/Downloads/572392_Andreas_AirflowETL/code/.venv/lib/python3.9/site-packages/airflow/example_dags/example_latest_only.py
[2026-09-18T13:19:36.665+0700] {logging_mixin.py:190} INFO - [2026-09-18T13:19:36.665+0700] {dag.py:3239} INFO - Sync 1 DAGs
[2026-09-18T13:19:36.676+0700] {logging_mixin.py:190} INFO - [2026-09-18T13:19:36.675+0700] {dag.py:4180} INFO - Setting next_dagrun for latest_only to 2026-09-18 00:00:00+00:00, run_after=2026-09-18 04:00:00+00:00
[2026-09-18T13:19:36.685+0700] {processor.py:208} INFO - Processing /Users/andreasanditya/Downloads/572392_Andreas_AirflowETL/code/.venv/lib/python3.9/site-packages/airflow/example_dags/example_latest_only.py took 0.114 seconds
[2026-09-18T13:22:25.192+0700] {processor.py:186} INFO - Started process (PID=91008) to work on /Users/andreasanditya/Downloads/572392_Andreas_AirflowETL/code/.venv/lib/python3.9/site-packages/airflow/example_dags/example_latest_only.py
[2026-09-18T13:22:25.194+0700] {processor.py:914} INFO - Processing file /Users/andreasanditya/Downloads/572392_Andreas_AirflowETL/code/.venv/lib/python3.9/site-packages/airflow/example_dags/example_latest_only.py for tasks to queue
[2026-09-18T13:22:25.194+0700] {logging_mixin.py:190} INFO - [2026-09-18T13:22:25.194+0700] {dagbag.py:588} INFO - Filling up the DagBag from /Users/andreasanditya/Downloads/572392_Andreas_AirflowETL/code/.venv/lib/python3.9/site-packages/airflow/example_dags/example_latest_only.py
[2026-09-18T13:22:25.198+0700] {processor.py:925} INFO - DAG(s) 'latest_only' retrieved from /Users/andreasanditya/Downloads/572392_Andreas_AirflowETL/code/.venv/lib/python3.9/site-packages/airflow/example_dags/example_latest_only.py
[2026-09-18T13:22:25.283+0700] {logging_mixin.py:190} INFO - [2026-09-18T13:22:25.283+0700] {dag.py:3239} INFO - Sync 1 DAGs
[2026-09-18T13:22:25.294+0700] {logging_mixin.py:190} INFO - [2026-09-18T13:22:25.294+0700] {dag.py:4180} INFO - Setting next_dagrun for latest_only to 2026-09-18 00:00:00+00:00, run_after=2026-09-18 04:00:00+00:00
[2026-09-18T13:22:25.303+0700] {processor.py:208} INFO - Processing /Users/andreasanditya/Downloads/572392_Andreas_AirflowETL/code/.venv/lib/python3.9/site-packages/airflow/example_dags/example_latest_only.py took 0.113 seconds
[2026-09-18T13:25:14.300+0700] {processor.py:186} INFO - Started process (PID=92829) to work on /Users/andreasanditya/Downloads/572392_Andreas_AirflowETL/code/.venv/lib/python3.9/site-packages/airflow/example_dags/example_latest_only.py
[2026-09-18T13:25:14.302+0700] {processor.py:914} INFO - Processing file /Users/andreasanditya/Downloads/572392_Andreas_AirflowETL/code/.venv/lib/python3.9/site-packages/airflow/example_dags/example_latest_only.py for tasks to queue
[2026-09-18T13:25:14.303+0700] {logging_mixin.py:190} INFO - [2026-09-18T13:25:14.302+0700] {dagbag.py:588} INFO - Filling up the DagBag from /Users/andreasanditya/Downloads/572392_Andreas_AirflowETL/code/.venv/lib/python3.9/site-packages/airflow/example_dags/example_latest_only.py
[2026-09-18T13:25:14.306+0700] {processor.py:925} INFO - DAG(s) 'latest_only' retrieved from /Users/andreasanditya/Downloads/572392_Andreas_AirflowETL/code/.venv/lib/python3.9/site-packages/airflow/example_dags/example_latest_only.py
[2026-09-18T13:25:14.390+0700] {logging_mixin.py:190} INFO - [2026-09-18T13:25:14.390+0700] {dag.py:3239} INFO - Sync 1 DAGs
[2026-09-18T13:25:14.401+0700] {logging_mixin.py:190} INFO - [2026-09-18T13:25:14.401+0700] {dag.py:4180} INFO - Setting next_dagrun for latest_only to 2026-09-18 00:00:00+00:00, run_after=2026-09-18 04:00:00+00:00
[2026-09-18T13:25:14.411+0700] {processor.py:208} INFO - Processing /Users/andreasanditya/Downloads/572392_Andreas_AirflowETL/code/.venv/lib/python3.9/site-packages/airflow/example_dags/example_latest_only.py took 0.113 seconds
[2026-09-18T13:28:13.249+0700] {processor.py:186} INFO - Started process (PID=94792) to work on /Users/andreasanditya/Downloads/572392_Andreas_AirflowETL/code/.venv/lib/python3.9/site-packages/airflow/example_dags/example_latest_only.py
[2026-09-18T13:28:13.250+0700] {processor.py:914} INFO - Processing file /Users/andreasanditya/Downloads/572392_Andreas_AirflowETL/code/.venv/lib/python3.9/site-packages/airflow/example_dags/example_latest_only.py for tasks to queue
[2026-09-18T13:28:13.251+0700] {logging_mixin.py:190} INFO - [2026-09-18T13:28:13.251+0700] {dagbag.py:588} INFO - Filling up the DagBag from /Users/andreasanditya/Downloads/572392_Andreas_AirflowETL/code/.venv/lib/python3.9/site-packages/airflow/example_dags/example_latest_only.py
[2026-09-18T13:28:13.256+0700] {processor.py:925} INFO - DAG(s) 'latest_only' retrieved from /Users/andreasanditya/Downloads/572392_Andreas_AirflowETL/code/.venv/lib/python3.9/site-packages/airflow/example_dags/example_latest_only.py
[2026-09-18T13:28:13.344+0700] {logging_mixin.py:190} INFO - [2026-09-18T13:28:13.344+0700] {dag.py:3239} INFO - Sync 1 DAGs
[2026-09-18T13:28:13.354+0700] {logging_mixin.py:190} INFO - [2026-09-18T13:28:13.354+0700] {dag.py:4180} INFO - Setting next_dagrun for latest_only to 2026-09-18 00:00:00+00:00, run_after=2026-09-18 04:00:00+00:00
[2026-09-18T13:28:13.364+0700] {processor.py:208} INFO - Processing /Users/andreasanditya/Downloads/572392_Andreas_AirflowETL/code/.venv/lib/python3.9/site-packages/airflow/example_dags/example_latest_only.py took 0.117 seconds
[2026-09-18T13:31:13.154+0700] {processor.py:186} INFO - Started process (PID=96832) to work on /Users/andreasanditya/Downloads/572392_Andreas_AirflowETL/code/.venv/lib/python3.9/site-packages/airflow/example_dags/example_latest_only.py
[2026-09-18T13:31:13.155+0700] {processor.py:914} INFO - Processing file /Users/andreasanditya/Downloads/572392_Andreas_AirflowETL/code/.venv/lib/python3.9/site-packages/airflow/example_dags/example_latest_only.py for tasks to queue
[2026-09-18T13:31:13.156+0700] {logging_mixin.py:190} INFO - [2026-09-18T13:31:13.156+0700] {dagbag.py:588} INFO - Filling up the DagBag from /Users/andreasanditya/Downloads/572392_Andreas_AirflowETL/code/.venv/lib/python3.9/site-packages/airflow/example_dags/example_latest_only.py
[2026-09-18T13:31:13.160+0700] {processor.py:925} INFO - DAG(s) 'latest_only' retrieved from /Users/andreasanditya/Downloads/572392_Andreas_AirflowETL/code/.venv/lib/python3.9/site-packages/airflow/example_dags/example_latest_only.py
[2026-09-18T13:31:13.250+0700] {logging_mixin.py:190} INFO - [2026-09-18T13:31:13.250+0700] {dag.py:3239} INFO - Sync 1 DAGs
[2026-09-18T13:31:13.261+0700] {logging_mixin.py:190} INFO - [2026-09-18T13:31:13.260+0700] {dag.py:4180} INFO - Setting next_dagrun for latest_only to 2026-09-18 00:00:00+00:00, run_after=2026-09-18 04:00:00+00:00
[2026-09-18T13:31:13.270+0700] {processor.py:208} INFO - Processing /Users/andreasanditya/Downloads/572392_Andreas_AirflowETL/code/.venv/lib/python3.9/site-packages/airflow/example_dags/example_latest_only.py took 0.119 seconds
[2026-09-18T13:34:06.612+0700] {processor.py:186} INFO - Started process (PID=98639) to work on /Users/andreasanditya/Downloads/572392_Andreas_AirflowETL/code/.venv/lib/python3.9/site-packages/airflow/example_dags/example_latest_only.py
[2026-09-18T13:34:06.613+0700] {processor.py:914} INFO - Processing file /Users/andreasanditya/Downloads/572392_Andreas_AirflowETL/code/.venv/lib/python3.9/site-packages/airflow/example_dags/example_latest_only.py for tasks to queue
[2026-09-18T13:34:06.614+0700] {logging_mixin.py:190} INFO - [2026-09-18T13:34:06.613+0700] {dagbag.py:588} INFO - Filling up the DagBag from /Users/andreasanditya/Downloads/572392_Andreas_AirflowETL/code/.venv/lib/python3.9/site-packages/airflow/example_dags/example_latest_only.py
[2026-09-18T13:34:06.618+0700] {processor.py:925} INFO - DAG(s) 'latest_only' retrieved from /Users/andreasanditya/Downloads/572392_Andreas_AirflowETL/code/.venv/lib/python3.9/site-packages/airflow/example_dags/example_latest_only.py
[2026-09-18T13:34:06.704+0700] {logging_mixin.py:190} INFO - [2026-09-18T13:34:06.704+0700] {dag.py:3239} INFO - Sync 1 DAGs
[2026-09-18T13:34:06.714+0700] {logging_mixin.py:190} INFO - [2026-09-18T13:34:06.714+0700] {dag.py:4180} INFO - Setting next_dagrun for latest_only to 2026-09-18 00:00:00+00:00, run_after=2026-09-18 04:00:00+00:00
[2026-09-18T13:34:06.724+0700] {processor.py:208} INFO - Processing /Users/andreasanditya/Downloads/572392_Andreas_AirflowETL/code/.venv/lib/python3.9/site-packages/airflow/example_dags/example_latest_only.py took 0.114 seconds
[2026-09-18T13:37:02.129+0700] {processor.py:186} INFO - Started process (PID=605) to work on /Users/andreasanditya/Downloads/572392_Andreas_AirflowETL/code/.venv/lib/python3.9/site-packages/airflow/example_dags/example_latest_only.py
[2026-09-18T13:37:02.131+0700] {processor.py:914} INFO - Processing file /Users/andreasanditya/Downloads/572392_Andreas_AirflowETL/code/.venv/lib/python3.9/site-packages/airflow/example_dags/example_latest_only.py for tasks to queue
[2026-09-18T13:37:02.132+0700] {logging_mixin.py:190} INFO - [2026-09-18T13:37:02.132+0700] {dagbag.py:588} INFO - Filling up the DagBag from /Users/andreasanditya/Downloads/572392_Andreas_AirflowETL/code/.venv/lib/python3.9/site-packages/airflow/example_dags/example_latest_only.py
[2026-09-18T13:37:02.137+0700] {processor.py:925} INFO - DAG(s) 'latest_only' retrieved from /Users/andreasanditya/Downloads/572392_Andreas_AirflowETL/code/.venv/lib/python3.9/site-packages/airflow/example_dags/example_latest_only.py
[2026-09-18T13:37:02.228+0700] {logging_mixin.py:190} INFO - [2026-09-18T13:37:02.228+0700] {dag.py:3239} INFO - Sync 1 DAGs
[2026-09-18T13:37:02.239+0700] {logging_mixin.py:190} INFO - [2026-09-18T13:37:02.239+0700] {dag.py:4180} INFO - Setting next_dagrun for latest_only to 2026-09-18 00:00:00+00:00, run_after=2026-09-18 04:00:00+00:00
[2026-09-18T13:37:02.249+0700] {processor.py:208} INFO - Processing /Users/andreasanditya/Downloads/572392_Andreas_AirflowETL/code/.venv/lib/python3.9/site-packages/airflow/example_dags/example_latest_only.py took 0.122 seconds
