[2026-09-18T11:18:00.160+0700] {processor.py:186} INFO - Started process (PID=11003) to work on /Users/andreasanditya/Downloads/572392_Andreas_AirflowETL/code/.venv/lib/python3.9/site-packages/airflow/example_dags/example_dynamic_task_mapping.py
[2026-09-18T11:18:00.161+0700] {processor.py:914} INFO - Processing file /Users/andreasanditya/Downloads/572392_Andreas_AirflowETL/code/.venv/lib/python3.9/site-packages/airflow/example_dags/example_dynamic_task_mapping.py for tasks to queue
[2026-09-18T11:18:00.162+0700] {logging_mixin.py:190} INFO - [2026-09-18T11:18:00.162+0700] {dagbag.py:588} INFO - Filling up the DagBag from /Users/andreasanditya/Downloads/572392_Andreas_AirflowETL/code/.venv/lib/python3.9/site-packages/airflow/example_dags/example_dynamic_task_mapping.py
[2026-09-18T11:18:00.210+0700] {processor.py:925} INFO - DAG(s) 'example_dynamic_task_mapping' retrieved from /Users/andreasanditya/Downloads/572392_Andreas_AirflowETL/code/.venv/lib/python3.9/site-packages/airflow/example_dags/example_dynamic_task_mapping.py
[2026-09-18T11:18:00.316+0700] {logging_mixin.py:190} INFO - [2026-09-18T11:18:00.315+0700] {override.py:1912} INFO - Created Permission View: can edit on DAG:example_dynamic_task_mapping
[2026-09-18T11:18:00.321+0700] {logging_mixin.py:190} INFO - [2026-09-18T11:18:00.320+0700] {override.py:1912} INFO - Created Permission View: can delete on DAG:example_dynamic_task_mapping
[2026-09-18T11:18:00.324+0700] {logging_mixin.py:190} INFO - [2026-09-18T11:18:00.324+0700] {override.py:1912} INFO - Created Permission View: can read on DAG:example_dynamic_task_mapping
[2026-09-18T11:18:00.329+0700] {logging_mixin.py:190} INFO - [2026-09-18T11:18:00.329+0700] {override.py:1912} INFO - Created Permission View: can create on DAG Run:example_dynamic_task_mapping
[2026-09-18T11:18:00.333+0700] {logging_mixin.py:190} INFO - [2026-09-18T11:18:00.333+0700] {override.py:1912} INFO - Created Permission View: can delete on DAG Run:example_dynamic_task_mapping
[2026-09-18T11:18:00.336+0700] {logging_mixin.py:190} INFO - [2026-09-18T11:18:00.336+0700] {override.py:1912} INFO - Created Permission View: can read on DAG Run:example_dynamic_task_mapping
[2026-09-18T11:18:00.339+0700] {logging_mixin.py:190} INFO - [2026-09-18T11:18:00.339+0700] {override.py:1912} INFO - Created Permission View: menu access on DAG Run:example_dynamic_task_mapping
[2026-09-18T11:18:00.339+0700] {logging_mixin.py:190} INFO - [2026-09-18T11:18:00.339+0700] {dag.py:3239} INFO - Sync 1 DAGs
[2026-09-18T11:18:00.346+0700] {logging_mixin.py:190} INFO - [2026-09-18T11:18:00.346+0700] {dag.py:3262} INFO - Creating ORM DAG for example_dynamic_task_mapping
[2026-09-18T11:18:00.346+0700] {logging_mixin.py:190} INFO - [2026-09-18T11:18:00.346+0700] {dag.py:4180} INFO - Setting next_dagrun for example_dynamic_task_mapping to None, run_after=None
[2026-09-18T11:18:00.356+0700] {processor.py:208} INFO - Processing /Users/andreasanditya/Downloads/572392_Andreas_AirflowETL/code/.venv/lib/python3.9/site-packages/airflow/example_dags/example_dynamic_task_mapping.py took 0.198 seconds
[2026-09-18T11:20:15.421+0700] {processor.py:186} INFO - Started process (PID=12515) to work on /Users/andreasanditya/Downloads/572392_Andreas_AirflowETL/code/.venv/lib/python3.9/site-packages/airflow/example_dags/example_dynamic_task_mapping.py
[2026-09-18T11:20:15.422+0700] {processor.py:914} INFO - Processing file /Users/andreasanditya/Downloads/572392_Andreas_AirflowETL/code/.venv/lib/python3.9/site-packages/airflow/example_dags/example_dynamic_task_mapping.py for tasks to queue
[2026-09-18T11:20:15.423+0700] {logging_mixin.py:190} INFO - [2026-09-18T11:20:15.422+0700] {dagbag.py:588} INFO - Filling up the DagBag from /Users/andreasanditya/Downloads/572392_Andreas_AirflowETL/code/.venv/lib/python3.9/site-packages/airflow/example_dags/example_dynamic_task_mapping.py
[2026-09-18T11:20:15.474+0700] {processor.py:925} INFO - DAG(s) 'example_dynamic_task_mapping' retrieved from /Users/andreasanditya/Downloads/572392_Andreas_AirflowETL/code/.venv/lib/python3.9/site-packages/airflow/example_dags/example_dynamic_task_mapping.py
[2026-09-18T11:20:15.533+0700] {logging_mixin.py:190} INFO - [2026-09-18T11:20:15.533+0700] {dag.py:3239} INFO - Sync 1 DAGs
[2026-09-18T11:20:15.539+0700] {logging_mixin.py:190} INFO - [2026-09-18T11:20:15.539+0700] {dag.py:4180} INFO - Setting next_dagrun for example_dynamic_task_mapping to None, run_after=None
[2026-09-18T11:20:15.549+0700] {processor.py:208} INFO - Processing /Users/andreasanditya/Downloads/572392_Andreas_AirflowETL/code/.venv/lib/python3.9/site-packages/airflow/example_dags/example_dynamic_task_mapping.py took 0.131 seconds
[2026-09-18T11:25:13.621+0700] {processor.py:186} INFO - Started process (PID=15759) to work on /Users/andreasanditya/Downloads/572392_Andreas_AirflowETL/code/.venv/lib/python3.9/site-packages/airflow/example_dags/example_dynamic_task_mapping.py
[2026-09-18T11:25:13.622+0700] {processor.py:914} INFO - Processing file /Users/andreasanditya/Downloads/572392_Andreas_AirflowETL/code/.venv/lib/python3.9/site-packages/airflow/example_dags/example_dynamic_task_mapping.py for tasks to queue
[2026-09-18T11:25:13.623+0700] {logging_mixin.py:190} INFO - [2026-09-18T11:25:13.623+0700] {dagbag.py:588} INFO - Filling up the DagBag from /Users/andreasanditya/Downloads/572392_Andreas_AirflowETL/code/.venv/lib/python3.9/site-packages/airflow/example_dags/example_dynamic_task_mapping.py
[2026-09-18T11:25:13.669+0700] {processor.py:925} INFO - DAG(s) 'example_dynamic_task_mapping' retrieved from /Users/andreasanditya/Downloads/572392_Andreas_AirflowETL/code/.venv/lib/python3.9/site-packages/airflow/example_dags/example_dynamic_task_mapping.py
[2026-09-18T11:25:13.727+0700] {logging_mixin.py:190} INFO - [2026-09-18T11:25:13.727+0700] {dag.py:3239} INFO - Sync 1 DAGs
[2026-09-18T11:25:13.733+0700] {logging_mixin.py:190} INFO - [2026-09-18T11:25:13.733+0700] {dag.py:4180} INFO - Setting next_dagrun for example_dynamic_task_mapping to None, run_after=None
[2026-09-18T11:25:13.742+0700] {processor.py:208} INFO - Processing /Users/andreasanditya/Downloads/572392_Andreas_AirflowETL/code/.venv/lib/python3.9/site-packages/airflow/example_dags/example_dynamic_task_mapping.py took 0.123 seconds
[2026-09-18T11:27:16.467+0700] {processor.py:186} INFO - Started process (PID=16983) to work on /Users/andreasanditya/Downloads/572392_Andreas_AirflowETL/code/.venv/lib/python3.9/site-packages/airflow/example_dags/example_dynamic_task_mapping.py
[2026-09-18T11:27:16.468+0700] {processor.py:914} INFO - Processing file /Users/andreasanditya/Downloads/572392_Andreas_AirflowETL/code/.venv/lib/python3.9/site-packages/airflow/example_dags/example_dynamic_task_mapping.py for tasks to queue
[2026-09-18T11:27:16.469+0700] {logging_mixin.py:190} INFO - [2026-09-18T11:27:16.468+0700] {dagbag.py:588} INFO - Filling up the DagBag from /Users/andreasanditya/Downloads/572392_Andreas_AirflowETL/code/.venv/lib/python3.9/site-packages/airflow/example_dags/example_dynamic_task_mapping.py
[2026-09-18T11:27:16.514+0700] {processor.py:925} INFO - DAG(s) 'example_dynamic_task_mapping' retrieved from /Users/andreasanditya/Downloads/572392_Andreas_AirflowETL/code/.venv/lib/python3.9/site-packages/airflow/example_dags/example_dynamic_task_mapping.py
[2026-09-18T11:27:16.577+0700] {logging_mixin.py:190} INFO - [2026-09-18T11:27:16.577+0700] {dag.py:3239} INFO - Sync 1 DAGs
[2026-09-18T11:27:16.583+0700] {logging_mixin.py:190} INFO - [2026-09-18T11:27:16.583+0700] {dag.py:4180} INFO - Setting next_dagrun for example_dynamic_task_mapping to None, run_after=None
[2026-09-18T11:27:16.593+0700] {processor.py:208} INFO - Processing /Users/andreasanditya/Downloads/572392_Andreas_AirflowETL/code/.venv/lib/python3.9/site-packages/airflow/example_dags/example_dynamic_task_mapping.py took 0.128 seconds
[2026-09-18T11:30:14.223+0700] {processor.py:186} INFO - Started process (PID=18863) to work on /Users/andreasanditya/Downloads/572392_Andreas_AirflowETL/code/.venv/lib/python3.9/site-packages/airflow/example_dags/example_dynamic_task_mapping.py
[2026-09-18T11:30:14.224+0700] {processor.py:914} INFO - Processing file /Users/andreasanditya/Downloads/572392_Andreas_AirflowETL/code/.venv/lib/python3.9/site-packages/airflow/example_dags/example_dynamic_task_mapping.py for tasks to queue
[2026-09-18T11:30:14.225+0700] {logging_mixin.py:190} INFO - [2026-09-18T11:30:14.224+0700] {dagbag.py:588} INFO - Filling up the DagBag from /Users/andreasanditya/Downloads/572392_Andreas_AirflowETL/code/.venv/lib/python3.9/site-packages/airflow/example_dags/example_dynamic_task_mapping.py
[2026-09-18T11:30:14.279+0700] {processor.py:925} INFO - DAG(s) 'example_dynamic_task_mapping' retrieved from /Users/andreasanditya/Downloads/572392_Andreas_AirflowETL/code/.venv/lib/python3.9/site-packages/airflow/example_dags/example_dynamic_task_mapping.py
[2026-09-18T11:30:14.343+0700] {logging_mixin.py:190} INFO - [2026-09-18T11:30:14.342+0700] {dag.py:3239} INFO - Sync 1 DAGs
[2026-09-18T11:30:14.349+0700] {logging_mixin.py:190} INFO - [2026-09-18T11:30:14.349+0700] {dag.py:4180} INFO - Setting next_dagrun for example_dynamic_task_mapping to None, run_after=None
[2026-09-18T11:30:14.360+0700] {processor.py:208} INFO - Processing /Users/andreasanditya/Downloads/572392_Andreas_AirflowETL/code/.venv/lib/python3.9/site-packages/airflow/example_dags/example_dynamic_task_mapping.py took 0.140 seconds
[2026-09-18T11:33:10.579+0700] {processor.py:186} INFO - Started process (PID=20698) to work on /Users/andreasanditya/Downloads/572392_Andreas_AirflowETL/code/.venv/lib/python3.9/site-packages/airflow/example_dags/example_dynamic_task_mapping.py
[2026-09-18T11:33:10.580+0700] {processor.py:914} INFO - Processing file /Users/andreasanditya/Downloads/572392_Andreas_AirflowETL/code/.venv/lib/python3.9/site-packages/airflow/example_dags/example_dynamic_task_mapping.py for tasks to queue
[2026-09-18T11:33:10.581+0700] {logging_mixin.py:190} INFO - [2026-09-18T11:33:10.581+0700] {dagbag.py:588} INFO - Filling up the DagBag from /Users/andreasanditya/Downloads/572392_Andreas_AirflowETL/code/.venv/lib/python3.9/site-packages/airflow/example_dags/example_dynamic_task_mapping.py
[2026-09-18T11:33:10.626+0700] {processor.py:925} INFO - DAG(s) 'example_dynamic_task_mapping' retrieved from /Users/andreasanditya/Downloads/572392_Andreas_AirflowETL/code/.venv/lib/python3.9/site-packages/airflow/example_dags/example_dynamic_task_mapping.py
[2026-09-18T11:33:10.684+0700] {logging_mixin.py:190} INFO - [2026-09-18T11:33:10.684+0700] {dag.py:3239} INFO - Sync 1 DAGs
[2026-09-18T11:33:10.691+0700] {logging_mixin.py:190} INFO - [2026-09-18T11:33:10.691+0700] {dag.py:4180} INFO - Setting next_dagrun for example_dynamic_task_mapping to None, run_after=None
[2026-09-18T11:33:10.702+0700] {processor.py:208} INFO - Processing /Users/andreasanditya/Downloads/572392_Andreas_AirflowETL/code/.venv/lib/python3.9/site-packages/airflow/example_dags/example_dynamic_task_mapping.py took 0.125 seconds
[2026-09-18T11:36:05.892+0700] {processor.py:186} INFO - Started process (PID=22498) to work on /Users/andreasanditya/Downloads/572392_Andreas_AirflowETL/code/.venv/lib/python3.9/site-packages/airflow/example_dags/example_dynamic_task_mapping.py
[2026-09-18T11:36:05.894+0700] {processor.py:914} INFO - Processing file /Users/andreasanditya/Downloads/572392_Andreas_AirflowETL/code/.venv/lib/python3.9/site-packages/airflow/example_dags/example_dynamic_task_mapping.py for tasks to queue
[2026-09-18T11:36:05.894+0700] {logging_mixin.py:190} INFO - [2026-09-18T11:36:05.894+0700] {dagbag.py:588} INFO - Filling up the DagBag from /Users/andreasanditya/Downloads/572392_Andreas_AirflowETL/code/.venv/lib/python3.9/site-packages/airflow/example_dags/example_dynamic_task_mapping.py
[2026-09-18T11:36:05.941+0700] {processor.py:925} INFO - DAG(s) 'example_dynamic_task_mapping' retrieved from /Users/andreasanditya/Downloads/572392_Andreas_AirflowETL/code/.venv/lib/python3.9/site-packages/airflow/example_dags/example_dynamic_task_mapping.py
[2026-09-18T11:36:06.002+0700] {logging_mixin.py:190} INFO - [2026-09-18T11:36:06.002+0700] {dag.py:3239} INFO - Sync 1 DAGs
[2026-09-18T11:36:06.008+0700] {logging_mixin.py:190} INFO - [2026-09-18T11:36:06.008+0700] {dag.py:4180} INFO - Setting next_dagrun for example_dynamic_task_mapping to None, run_after=None
[2026-09-18T11:36:06.018+0700] {processor.py:208} INFO - Processing /Users/andreasanditya/Downloads/572392_Andreas_AirflowETL/code/.venv/lib/python3.9/site-packages/airflow/example_dags/example_dynamic_task_mapping.py took 0.128 seconds
[2026-09-18T11:39:01.162+0700] {processor.py:186} INFO - Started process (PID=24427) to work on /Users/andreasanditya/Downloads/572392_Andreas_AirflowETL/code/.venv/lib/python3.9/site-packages/airflow/example_dags/example_dynamic_task_mapping.py
[2026-09-18T11:39:01.163+0700] {processor.py:914} INFO - Processing file /Users/andreasanditya/Downloads/572392_Andreas_AirflowETL/code/.venv/lib/python3.9/site-packages/airflow/example_dags/example_dynamic_task_mapping.py for tasks to queue
[2026-09-18T11:39:01.163+0700] {logging_mixin.py:190} INFO - [2026-09-18T11:39:01.163+0700] {dagbag.py:588} INFO - Filling up the DagBag from /Users/andreasanditya/Downloads/572392_Andreas_AirflowETL/code/.venv/lib/python3.9/site-packages/airflow/example_dags/example_dynamic_task_mapping.py
[2026-09-18T11:39:01.217+0700] {processor.py:925} INFO - DAG(s) 'example_dynamic_task_mapping' retrieved from /Users/andreasanditya/Downloads/572392_Andreas_AirflowETL/code/.venv/lib/python3.9/site-packages/airflow/example_dags/example_dynamic_task_mapping.py
[2026-09-18T11:39:01.276+0700] {logging_mixin.py:190} INFO - [2026-09-18T11:39:01.275+0700] {dag.py:3239} INFO - Sync 1 DAGs
[2026-09-18T11:39:01.281+0700] {logging_mixin.py:190} INFO - [2026-09-18T11:39:01.281+0700] {dag.py:4180} INFO - Setting next_dagrun for example_dynamic_task_mapping to None, run_after=None
[2026-09-18T11:39:01.292+0700] {processor.py:208} INFO - Processing /Users/andreasanditya/Downloads/572392_Andreas_AirflowETL/code/.venv/lib/python3.9/site-packages/airflow/example_dags/example_dynamic_task_mapping.py took 0.132 seconds
[2026-09-18T11:41:59.880+0700] {processor.py:186} INFO - Started process (PID=26225) to work on /Users/andreasanditya/Downloads/572392_Andreas_AirflowETL/code/.venv/lib/python3.9/site-packages/airflow/example_dags/example_dynamic_task_mapping.py
[2026-09-18T11:41:59.881+0700] {processor.py:914} INFO - Processing file /Users/andreasanditya/Downloads/572392_Andreas_AirflowETL/code/.venv/lib/python3.9/site-packages/airflow/example_dags/example_dynamic_task_mapping.py for tasks to queue
[2026-09-18T11:41:59.881+0700] {logging_mixin.py:190} INFO - [2026-09-18T11:41:59.881+0700] {dagbag.py:588} INFO - Filling up the DagBag from /Users/andreasanditya/Downloads/572392_Andreas_AirflowETL/code/.venv/lib/python3.9/site-packages/airflow/example_dags/example_dynamic_task_mapping.py
[2026-09-18T11:41:59.928+0700] {processor.py:925} INFO - DAG(s) 'example_dynamic_task_mapping' retrieved from /Users/andreasanditya/Downloads/572392_Andreas_AirflowETL/code/.venv/lib/python3.9/site-packages/airflow/example_dags/example_dynamic_task_mapping.py
[2026-09-18T11:41:59.987+0700] {logging_mixin.py:190} INFO - [2026-09-18T11:41:59.987+0700] {dag.py:3239} INFO - Sync 1 DAGs
[2026-09-18T11:41:59.993+0700] {logging_mixin.py:190} INFO - [2026-09-18T11:41:59.993+0700] {dag.py:4180} INFO - Setting next_dagrun for example_dynamic_task_mapping to None, run_after=None
[2026-09-18T11:42:00.003+0700] {processor.py:208} INFO - Processing /Users/andreasanditya/Downloads/572392_Andreas_AirflowETL/code/.venv/lib/python3.9/site-packages/airflow/example_dags/example_dynamic_task_mapping.py took 0.125 seconds
[2026-09-18T11:44:55.866+0700] {processor.py:186} INFO - Started process (PID=28046) to work on /Users/andreasanditya/Downloads/572392_Andreas_AirflowETL/code/.venv/lib/python3.9/site-packages/airflow/example_dags/example_dynamic_task_mapping.py
[2026-09-18T11:44:55.867+0700] {processor.py:914} INFO - Processing file /Users/andreasanditya/Downloads/572392_Andreas_AirflowETL/code/.venv/lib/python3.9/site-packages/airflow/example_dags/example_dynamic_task_mapping.py for tasks to queue
[2026-09-18T11:44:55.868+0700] {logging_mixin.py:190} INFO - [2026-09-18T11:44:55.868+0700] {dagbag.py:588} INFO - Filling up the DagBag from /Users/andreasanditya/Downloads/572392_Andreas_AirflowETL/code/.venv/lib/python3.9/site-packages/airflow/example_dags/example_dynamic_task_mapping.py
[2026-09-18T11:44:55.913+0700] {processor.py:925} INFO - DAG(s) 'example_dynamic_task_mapping' retrieved from /Users/andreasanditya/Downloads/572392_Andreas_AirflowETL/code/.venv/lib/python3.9/site-packages/airflow/example_dags/example_dynamic_task_mapping.py
[2026-09-18T11:44:55.971+0700] {logging_mixin.py:190} INFO - [2026-09-18T11:44:55.971+0700] {dag.py:3239} INFO - Sync 1 DAGs
[2026-09-18T11:44:55.977+0700] {logging_mixin.py:190} INFO - [2026-09-18T11:44:55.977+0700] {dag.py:4180} INFO - Setting next_dagrun for example_dynamic_task_mapping to None, run_after=None
[2026-09-18T11:44:55.987+0700] {processor.py:208} INFO - Processing /Users/andreasanditya/Downloads/572392_Andreas_AirflowETL/code/.venv/lib/python3.9/site-packages/airflow/example_dags/example_dynamic_task_mapping.py took 0.122 seconds
[2026-09-18T11:47:47.744+0700] {processor.py:186} INFO - Started process (PID=29758) to work on /Users/andreasanditya/Downloads/572392_Andreas_AirflowETL/code/.venv/lib/python3.9/site-packages/airflow/example_dags/example_dynamic_task_mapping.py
[2026-09-18T11:47:47.745+0700] {processor.py:914} INFO - Processing file /Users/andreasanditya/Downloads/572392_Andreas_AirflowETL/code/.venv/lib/python3.9/site-packages/airflow/example_dags/example_dynamic_task_mapping.py for tasks to queue
[2026-09-18T11:47:47.746+0700] {logging_mixin.py:190} INFO - [2026-09-18T11:47:47.746+0700] {dagbag.py:588} INFO - Filling up the DagBag from /Users/andreasanditya/Downloads/572392_Andreas_AirflowETL/code/.venv/lib/python3.9/site-packages/airflow/example_dags/example_dynamic_task_mapping.py
[2026-09-18T11:47:47.792+0700] {processor.py:925} INFO - DAG(s) 'example_dynamic_task_mapping' retrieved from /Users/andreasanditya/Downloads/572392_Andreas_AirflowETL/code/.venv/lib/python3.9/site-packages/airflow/example_dags/example_dynamic_task_mapping.py
[2026-09-18T11:47:47.853+0700] {logging_mixin.py:190} INFO - [2026-09-18T11:47:47.853+0700] {dag.py:3239} INFO - Sync 1 DAGs
[2026-09-18T11:47:47.859+0700] {logging_mixin.py:190} INFO - [2026-09-18T11:47:47.859+0700] {dag.py:4180} INFO - Setting next_dagrun for example_dynamic_task_mapping to None, run_after=None
[2026-09-18T11:47:47.869+0700] {processor.py:208} INFO - Processing /Users/andreasanditya/Downloads/572392_Andreas_AirflowETL/code/.venv/lib/python3.9/site-packages/airflow/example_dags/example_dynamic_task_mapping.py took 0.127 seconds
[2026-09-18T11:50:41.238+0700] {processor.py:186} INFO - Started process (PID=31521) to work on /Users/andreasanditya/Downloads/572392_Andreas_AirflowETL/code/.venv/lib/python3.9/site-packages/airflow/example_dags/example_dynamic_task_mapping.py
[2026-09-18T11:50:41.239+0700] {processor.py:914} INFO - Processing file /Users/andreasanditya/Downloads/572392_Andreas_AirflowETL/code/.venv/lib/python3.9/site-packages/airflow/example_dags/example_dynamic_task_mapping.py for tasks to queue
[2026-09-18T11:50:41.240+0700] {logging_mixin.py:190} INFO - [2026-09-18T11:50:41.240+0700] {dagbag.py:588} INFO - Filling up the DagBag from /Users/andreasanditya/Downloads/572392_Andreas_AirflowETL/code/.venv/lib/python3.9/site-packages/airflow/example_dags/example_dynamic_task_mapping.py
[2026-09-18T11:50:41.294+0700] {processor.py:925} INFO - DAG(s) 'example_dynamic_task_mapping' retrieved from /Users/andreasanditya/Downloads/572392_Andreas_AirflowETL/code/.venv/lib/python3.9/site-packages/airflow/example_dags/example_dynamic_task_mapping.py
[2026-09-18T11:50:41.360+0700] {logging_mixin.py:190} INFO - [2026-09-18T11:50:41.360+0700] {dag.py:3239} INFO - Sync 1 DAGs
[2026-09-18T11:50:41.367+0700] {logging_mixin.py:190} INFO - [2026-09-18T11:50:41.367+0700] {dag.py:4180} INFO - Setting next_dagrun for example_dynamic_task_mapping to None, run_after=None
[2026-09-18T11:50:41.379+0700] {processor.py:208} INFO - Processing /Users/andreasanditya/Downloads/572392_Andreas_AirflowETL/code/.venv/lib/python3.9/site-packages/airflow/example_dags/example_dynamic_task_mapping.py took 0.143 seconds
[2026-09-18T11:53:32.818+0700] {processor.py:186} INFO - Started process (PID=33229) to work on /Users/andreasanditya/Downloads/572392_Andreas_AirflowETL/code/.venv/lib/python3.9/site-packages/airflow/example_dags/example_dynamic_task_mapping.py
[2026-09-18T11:53:32.819+0700] {processor.py:914} INFO - Processing file /Users/andreasanditya/Downloads/572392_Andreas_AirflowETL/code/.venv/lib/python3.9/site-packages/airflow/example_dags/example_dynamic_task_mapping.py for tasks to queue
[2026-09-18T11:53:32.819+0700] {logging_mixin.py:190} INFO - [2026-09-18T11:53:32.819+0700] {dagbag.py:588} INFO - Filling up the DagBag from /Users/andreasanditya/Downloads/572392_Andreas_AirflowETL/code/.venv/lib/python3.9/site-packages/airflow/example_dags/example_dynamic_task_mapping.py
[2026-09-18T11:53:32.865+0700] {processor.py:925} INFO - DAG(s) 'example_dynamic_task_mapping' retrieved from /Users/andreasanditya/Downloads/572392_Andreas_AirflowETL/code/.venv/lib/python3.9/site-packages/airflow/example_dags/example_dynamic_task_mapping.py
[2026-09-18T11:53:32.923+0700] {logging_mixin.py:190} INFO - [2026-09-18T11:53:32.923+0700] {dag.py:3239} INFO - Sync 1 DAGs
[2026-09-18T11:53:32.929+0700] {logging_mixin.py:190} INFO - [2026-09-18T11:53:32.929+0700] {dag.py:4180} INFO - Setting next_dagrun for example_dynamic_task_mapping to None, run_after=None
[2026-09-18T11:53:32.939+0700] {processor.py:208} INFO - Processing /Users/andreasanditya/Downloads/572392_Andreas_AirflowETL/code/.venv/lib/python3.9/site-packages/airflow/example_dags/example_dynamic_task_mapping.py took 0.123 seconds
[2026-09-18T11:56:27.243+0700] {processor.py:186} INFO - Started process (PID=34988) to work on /Users/andreasanditya/Downloads/572392_Andreas_AirflowETL/code/.venv/lib/python3.9/site-packages/airflow/example_dags/example_dynamic_task_mapping.py
[2026-09-18T11:56:27.244+0700] {processor.py:914} INFO - Processing file /Users/andreasanditya/Downloads/572392_Andreas_AirflowETL/code/.venv/lib/python3.9/site-packages/airflow/example_dags/example_dynamic_task_mapping.py for tasks to queue
[2026-09-18T11:56:27.245+0700] {logging_mixin.py:190} INFO - [2026-09-18T11:56:27.245+0700] {dagbag.py:588} INFO - Filling up the DagBag from /Users/andreasanditya/Downloads/572392_Andreas_AirflowETL/code/.venv/lib/python3.9/site-packages/airflow/example_dags/example_dynamic_task_mapping.py
[2026-09-18T11:56:27.290+0700] {processor.py:925} INFO - DAG(s) 'example_dynamic_task_mapping' retrieved from /Users/andreasanditya/Downloads/572392_Andreas_AirflowETL/code/.venv/lib/python3.9/site-packages/airflow/example_dags/example_dynamic_task_mapping.py
[2026-09-18T11:56:27.348+0700] {logging_mixin.py:190} INFO - [2026-09-18T11:56:27.348+0700] {dag.py:3239} INFO - Sync 1 DAGs
[2026-09-18T11:56:27.355+0700] {logging_mixin.py:190} INFO - [2026-09-18T11:56:27.354+0700] {dag.py:4180} INFO - Setting next_dagrun for example_dynamic_task_mapping to None, run_after=None
[2026-09-18T11:56:27.367+0700] {processor.py:208} INFO - Processing /Users/andreasanditya/Downloads/572392_Andreas_AirflowETL/code/.venv/lib/python3.9/site-packages/airflow/example_dags/example_dynamic_task_mapping.py took 0.125 seconds
[2026-09-18T11:59:19.120+0700] {processor.py:186} INFO - Started process (PID=36712) to work on /Users/andreasanditya/Downloads/572392_Andreas_AirflowETL/code/.venv/lib/python3.9/site-packages/airflow/example_dags/example_dynamic_task_mapping.py
[2026-09-18T11:59:19.121+0700] {processor.py:914} INFO - Processing file /Users/andreasanditya/Downloads/572392_Andreas_AirflowETL/code/.venv/lib/python3.9/site-packages/airflow/example_dags/example_dynamic_task_mapping.py for tasks to queue
[2026-09-18T11:59:19.122+0700] {logging_mixin.py:190} INFO - [2026-09-18T11:59:19.122+0700] {dagbag.py:588} INFO - Filling up the DagBag from /Users/andreasanditya/Downloads/572392_Andreas_AirflowETL/code/.venv/lib/python3.9/site-packages/airflow/example_dags/example_dynamic_task_mapping.py
[2026-09-18T11:59:19.167+0700] {processor.py:925} INFO - DAG(s) 'example_dynamic_task_mapping' retrieved from /Users/andreasanditya/Downloads/572392_Andreas_AirflowETL/code/.venv/lib/python3.9/site-packages/airflow/example_dags/example_dynamic_task_mapping.py
[2026-09-18T11:59:19.224+0700] {logging_mixin.py:190} INFO - [2026-09-18T11:59:19.224+0700] {dag.py:3239} INFO - Sync 1 DAGs
[2026-09-18T11:59:19.229+0700] {logging_mixin.py:190} INFO - [2026-09-18T11:59:19.229+0700] {dag.py:4180} INFO - Setting next_dagrun for example_dynamic_task_mapping to None, run_after=None
[2026-09-18T11:59:19.239+0700] {processor.py:208} INFO - Processing /Users/andreasanditya/Downloads/572392_Andreas_AirflowETL/code/.venv/lib/python3.9/site-packages/airflow/example_dags/example_dynamic_task_mapping.py took 0.120 seconds
[2026-09-18T12:02:13.142+0700] {processor.py:186} INFO - Started process (PID=38456) to work on /Users/andreasanditya/Downloads/572392_Andreas_AirflowETL/code/.venv/lib/python3.9/site-packages/airflow/example_dags/example_dynamic_task_mapping.py
[2026-09-18T12:02:13.143+0700] {processor.py:914} INFO - Processing file /Users/andreasanditya/Downloads/572392_Andreas_AirflowETL/code/.venv/lib/python3.9/site-packages/airflow/example_dags/example_dynamic_task_mapping.py for tasks to queue
[2026-09-18T12:02:13.144+0700] {logging_mixin.py:190} INFO - [2026-09-18T12:02:13.144+0700] {dagbag.py:588} INFO - Filling up the DagBag from /Users/andreasanditya/Downloads/572392_Andreas_AirflowETL/code/.venv/lib/python3.9/site-packages/airflow/example_dags/example_dynamic_task_mapping.py
[2026-09-18T12:02:13.192+0700] {processor.py:925} INFO - DAG(s) 'example_dynamic_task_mapping' retrieved from /Users/andreasanditya/Downloads/572392_Andreas_AirflowETL/code/.venv/lib/python3.9/site-packages/airflow/example_dags/example_dynamic_task_mapping.py
[2026-09-18T12:02:13.250+0700] {logging_mixin.py:190} INFO - [2026-09-18T12:02:13.250+0700] {dag.py:3239} INFO - Sync 1 DAGs
[2026-09-18T12:02:13.256+0700] {logging_mixin.py:190} INFO - [2026-09-18T12:02:13.255+0700] {dag.py:4180} INFO - Setting next_dagrun for example_dynamic_task_mapping to None, run_after=None
[2026-09-18T12:02:13.265+0700] {processor.py:208} INFO - Processing /Users/andreasanditya/Downloads/572392_Andreas_AirflowETL/code/.venv/lib/python3.9/site-packages/airflow/example_dags/example_dynamic_task_mapping.py took 0.125 seconds
[2026-09-18T12:05:06.555+0700] {processor.py:186} INFO - Started process (PID=40202) to work on /Users/andreasanditya/Downloads/572392_Andreas_AirflowETL/code/.venv/lib/python3.9/site-packages/airflow/example_dags/example_dynamic_task_mapping.py
[2026-09-18T12:05:06.556+0700] {processor.py:914} INFO - Processing file /Users/andreasanditya/Downloads/572392_Andreas_AirflowETL/code/.venv/lib/python3.9/site-packages/airflow/example_dags/example_dynamic_task_mapping.py for tasks to queue
[2026-09-18T12:05:06.557+0700] {logging_mixin.py:190} INFO - [2026-09-18T12:05:06.557+0700] {dagbag.py:588} INFO - Filling up the DagBag from /Users/andreasanditya/Downloads/572392_Andreas_AirflowETL/code/.venv/lib/python3.9/site-packages/airflow/example_dags/example_dynamic_task_mapping.py
[2026-09-18T12:05:06.603+0700] {processor.py:925} INFO - DAG(s) 'example_dynamic_task_mapping' retrieved from /Users/andreasanditya/Downloads/572392_Andreas_AirflowETL/code/.venv/lib/python3.9/site-packages/airflow/example_dags/example_dynamic_task_mapping.py
[2026-09-18T12:05:06.661+0700] {logging_mixin.py:190} INFO - [2026-09-18T12:05:06.661+0700] {dag.py:3239} INFO - Sync 1 DAGs
[2026-09-18T12:05:06.668+0700] {logging_mixin.py:190} INFO - [2026-09-18T12:05:06.668+0700] {dag.py:4180} INFO - Setting next_dagrun for example_dynamic_task_mapping to None, run_after=None
[2026-09-18T12:05:06.678+0700] {processor.py:208} INFO - Processing /Users/andreasanditya/Downloads/572392_Andreas_AirflowETL/code/.venv/lib/python3.9/site-packages/airflow/example_dags/example_dynamic_task_mapping.py took 0.125 seconds
[2026-09-18T12:08:02.484+0700] {processor.py:186} INFO - Started process (PID=41951) to work on /Users/andreasanditya/Downloads/572392_Andreas_AirflowETL/code/.venv/lib/python3.9/site-packages/airflow/example_dags/example_dynamic_task_mapping.py
[2026-09-18T12:08:02.485+0700] {processor.py:914} INFO - Processing file /Users/andreasanditya/Downloads/572392_Andreas_AirflowETL/code/.venv/lib/python3.9/site-packages/airflow/example_dags/example_dynamic_task_mapping.py for tasks to queue
[2026-09-18T12:08:02.485+0700] {logging_mixin.py:190} INFO - [2026-09-18T12:08:02.485+0700] {dagbag.py:588} INFO - Filling up the DagBag from /Users/andreasanditya/Downloads/572392_Andreas_AirflowETL/code/.venv/lib/python3.9/site-packages/airflow/example_dags/example_dynamic_task_mapping.py
[2026-09-18T12:08:02.536+0700] {processor.py:925} INFO - DAG(s) 'example_dynamic_task_mapping' retrieved from /Users/andreasanditya/Downloads/572392_Andreas_AirflowETL/code/.venv/lib/python3.9/site-packages/airflow/example_dags/example_dynamic_task_mapping.py
[2026-09-18T12:08:02.594+0700] {logging_mixin.py:190} INFO - [2026-09-18T12:08:02.594+0700] {dag.py:3239} INFO - Sync 1 DAGs
[2026-09-18T12:08:02.600+0700] {logging_mixin.py:190} INFO - [2026-09-18T12:08:02.600+0700] {dag.py:4180} INFO - Setting next_dagrun for example_dynamic_task_mapping to None, run_after=None
[2026-09-18T12:08:02.610+0700] {processor.py:208} INFO - Processing /Users/andreasanditya/Downloads/572392_Andreas_AirflowETL/code/.venv/lib/python3.9/site-packages/airflow/example_dags/example_dynamic_task_mapping.py took 0.129 seconds
[2026-09-18T12:10:54.153+0700] {processor.py:186} INFO - Started process (PID=43677) to work on /Users/andreasanditya/Downloads/572392_Andreas_AirflowETL/code/.venv/lib/python3.9/site-packages/airflow/example_dags/example_dynamic_task_mapping.py
[2026-09-18T12:10:54.232+0700] {processor.py:914} INFO - Processing file /Users/andreasanditya/Downloads/572392_Andreas_AirflowETL/code/.venv/lib/python3.9/site-packages/airflow/example_dags/example_dynamic_task_mapping.py for tasks to queue
[2026-09-18T12:10:54.233+0700] {logging_mixin.py:190} INFO - [2026-09-18T12:10:54.233+0700] {dagbag.py:588} INFO - Filling up the DagBag from /Users/andreasanditya/Downloads/572392_Andreas_AirflowETL/code/.venv/lib/python3.9/site-packages/airflow/example_dags/example_dynamic_task_mapping.py
[2026-09-18T12:10:54.280+0700] {processor.py:925} INFO - DAG(s) 'example_dynamic_task_mapping' retrieved from /Users/andreasanditya/Downloads/572392_Andreas_AirflowETL/code/.venv/lib/python3.9/site-packages/airflow/example_dags/example_dynamic_task_mapping.py
[2026-09-18T12:10:54.339+0700] {logging_mixin.py:190} INFO - [2026-09-18T12:10:54.338+0700] {dag.py:3239} INFO - Sync 1 DAGs
[2026-09-18T12:10:54.344+0700] {logging_mixin.py:190} INFO - [2026-09-18T12:10:54.344+0700] {dag.py:4180} INFO - Setting next_dagrun for example_dynamic_task_mapping to None, run_after=None
[2026-09-18T12:10:54.354+0700] {processor.py:208} INFO - Processing /Users/andreasanditya/Downloads/572392_Andreas_AirflowETL/code/.venv/lib/python3.9/site-packages/airflow/example_dags/example_dynamic_task_mapping.py took 0.203 seconds
[2026-09-18T12:13:52.845+0700] {processor.py:186} INFO - Started process (PID=46341) to work on /Users/andreasanditya/Downloads/572392_Andreas_AirflowETL/code/.venv/lib/python3.9/site-packages/airflow/example_dags/example_dynamic_task_mapping.py
[2026-09-18T12:13:52.846+0700] {processor.py:914} INFO - Processing file /Users/andreasanditya/Downloads/572392_Andreas_AirflowETL/code/.venv/lib/python3.9/site-packages/airflow/example_dags/example_dynamic_task_mapping.py for tasks to queue
[2026-09-18T12:13:52.846+0700] {logging_mixin.py:190} INFO - [2026-09-18T12:13:52.846+0700] {dagbag.py:588} INFO - Filling up the DagBag from /Users/andreasanditya/Downloads/572392_Andreas_AirflowETL/code/.venv/lib/python3.9/site-packages/airflow/example_dags/example_dynamic_task_mapping.py
[2026-09-18T12:13:52.896+0700] {processor.py:925} INFO - DAG(s) 'example_dynamic_task_mapping' retrieved from /Users/andreasanditya/Downloads/572392_Andreas_AirflowETL/code/.venv/lib/python3.9/site-packages/airflow/example_dags/example_dynamic_task_mapping.py
[2026-09-18T12:13:52.957+0700] {logging_mixin.py:190} INFO - [2026-09-18T12:13:52.956+0700] {dag.py:3239} INFO - Sync 1 DAGs
[2026-09-18T12:13:52.962+0700] {logging_mixin.py:190} INFO - [2026-09-18T12:13:52.962+0700] {dag.py:4180} INFO - Setting next_dagrun for example_dynamic_task_mapping to None, run_after=None
[2026-09-18T12:13:52.973+0700] {processor.py:208} INFO - Processing /Users/andreasanditya/Downloads/572392_Andreas_AirflowETL/code/.venv/lib/python3.9/site-packages/airflow/example_dags/example_dynamic_task_mapping.py took 0.130 seconds
