[2026-09-18T11:17:37.020+0700] {processor.py:186} INFO - Started process (PID=10774) to work on /Users/andreasanditya/Downloads/572392_Andreas_AirflowETL/code/.venv/lib/python3.9/site-packages/airflow/example_dags/example_params_ui_tutorial.py
[2026-09-18T11:17:37.021+0700] {processor.py:914} INFO - Processing file /Users/andreasanditya/Downloads/572392_Andreas_AirflowETL/code/.venv/lib/python3.9/site-packages/airflow/example_dags/example_params_ui_tutorial.py for tasks to queue
[2026-09-18T11:17:37.022+0700] {logging_mixin.py:190} INFO - [2026-09-18T11:17:37.022+0700] {dagbag.py:588} INFO - Filling up the DagBag from /Users/andreasanditya/Downloads/572392_Andreas_AirflowETL/code/.venv/lib/python3.9/site-packages/airflow/example_dags/example_params_ui_tutorial.py
[2026-09-18T11:17:37.071+0700] {processor.py:925} INFO - DAG(s) 'example_params_ui_tutorial' retrieved from /Users/andreasanditya/Downloads/572392_Andreas_AirflowETL/code/.venv/lib/python3.9/site-packages/airflow/example_dags/example_params_ui_tutorial.py
[2026-09-18T11:17:37.196+0700] {logging_mixin.py:190} INFO - [2026-09-18T11:17:37.196+0700] {override.py:1912} INFO - Created Permission View: can edit on DAG:example_params_ui_tutorial
[2026-09-18T11:17:37.201+0700] {logging_mixin.py:190} INFO - [2026-09-18T11:17:37.201+0700] {override.py:1912} INFO - Created Permission View: can delete on DAG:example_params_ui_tutorial
[2026-09-18T11:17:37.204+0700] {logging_mixin.py:190} INFO - [2026-09-18T11:17:37.204+0700] {override.py:1912} INFO - Created Permission View: can read on DAG:example_params_ui_tutorial
[2026-09-18T11:17:37.207+0700] {logging_mixin.py:190} INFO - [2026-09-18T11:17:37.207+0700] {override.py:1912} INFO - Created Permission View: can create on DAG Run:example_params_ui_tutorial
[2026-09-18T11:17:37.210+0700] {logging_mixin.py:190} INFO - [2026-09-18T11:17:37.210+0700] {override.py:1912} INFO - Created Permission View: can delete on DAG Run:example_params_ui_tutorial
[2026-09-18T11:17:37.213+0700] {logging_mixin.py:190} INFO - [2026-09-18T11:17:37.213+0700] {override.py:1912} INFO - Created Permission View: menu access on DAG Run:example_params_ui_tutorial
[2026-09-18T11:17:37.216+0700] {logging_mixin.py:190} INFO - [2026-09-18T11:17:37.216+0700] {override.py:1912} INFO - Created Permission View: can read on DAG Run:example_params_ui_tutorial
[2026-09-18T11:17:37.216+0700] {logging_mixin.py:190} INFO - [2026-09-18T11:17:37.216+0700] {dag.py:3239} INFO - Sync 1 DAGs
[2026-09-18T11:17:37.223+0700] {logging_mixin.py:190} INFO - [2026-09-18T11:17:37.223+0700] {dag.py:3262} INFO - Creating ORM DAG for example_params_ui_tutorial
[2026-09-18T11:17:37.223+0700] {logging_mixin.py:190} INFO - [2026-09-18T11:17:37.223+0700] {dag.py:4180} INFO - Setting next_dagrun for example_params_ui_tutorial to None, run_after=None
[2026-09-18T11:17:37.232+0700] {processor.py:208} INFO - Processing /Users/andreasanditya/Downloads/572392_Andreas_AirflowETL/code/.venv/lib/python3.9/site-packages/airflow/example_dags/example_params_ui_tutorial.py took 0.214 seconds
[2026-09-18T11:19:53.400+0700] {processor.py:186} INFO - Started process (PID=12181) to work on /Users/andreasanditya/Downloads/572392_Andreas_AirflowETL/code/.venv/lib/python3.9/site-packages/airflow/example_dags/example_params_ui_tutorial.py
[2026-09-18T11:19:53.402+0700] {processor.py:914} INFO - Processing file /Users/andreasanditya/Downloads/572392_Andreas_AirflowETL/code/.venv/lib/python3.9/site-packages/airflow/example_dags/example_params_ui_tutorial.py for tasks to queue
[2026-09-18T11:19:53.402+0700] {logging_mixin.py:190} INFO - [2026-09-18T11:19:53.402+0700] {dagbag.py:588} INFO - Filling up the DagBag from /Users/andreasanditya/Downloads/572392_Andreas_AirflowETL/code/.venv/lib/python3.9/site-packages/airflow/example_dags/example_params_ui_tutorial.py
[2026-09-18T11:19:53.457+0700] {processor.py:925} INFO - DAG(s) 'example_params_ui_tutorial' retrieved from /Users/andreasanditya/Downloads/572392_Andreas_AirflowETL/code/.venv/lib/python3.9/site-packages/airflow/example_dags/example_params_ui_tutorial.py
[2026-09-18T11:19:53.539+0700] {logging_mixin.py:190} INFO - [2026-09-18T11:19:53.539+0700] {dag.py:3239} INFO - Sync 1 DAGs
[2026-09-18T11:19:53.547+0700] {logging_mixin.py:190} INFO - [2026-09-18T11:19:53.547+0700] {dag.py:4180} INFO - Setting next_dagrun for example_params_ui_tutorial to None, run_after=None
[2026-09-18T11:19:53.560+0700] {processor.py:208} INFO - Processing /Users/andreasanditya/Downloads/572392_Andreas_AirflowETL/code/.venv/lib/python3.9/site-packages/airflow/example_dags/example_params_ui_tutorial.py took 0.162 seconds
[2026-09-18T11:23:27.998+0700] {processor.py:186} INFO - Started process (PID=14660) to work on /Users/andreasanditya/Downloads/572392_Andreas_AirflowETL/code/.venv/lib/python3.9/site-packages/airflow/example_dags/example_params_ui_tutorial.py
[2026-09-18T11:23:27.999+0700] {processor.py:914} INFO - Processing file /Users/andreasanditya/Downloads/572392_Andreas_AirflowETL/code/.venv/lib/python3.9/site-packages/airflow/example_dags/example_params_ui_tutorial.py for tasks to queue
[2026-09-18T11:23:28.000+0700] {logging_mixin.py:190} INFO - [2026-09-18T11:23:27.999+0700] {dagbag.py:588} INFO - Filling up the DagBag from /Users/andreasanditya/Downloads/572392_Andreas_AirflowETL/code/.venv/lib/python3.9/site-packages/airflow/example_dags/example_params_ui_tutorial.py
[2026-09-18T11:23:28.062+0700] {processor.py:925} INFO - DAG(s) 'example_params_ui_tutorial' retrieved from /Users/andreasanditya/Downloads/572392_Andreas_AirflowETL/code/.venv/lib/python3.9/site-packages/airflow/example_dags/example_params_ui_tutorial.py
[2026-09-18T11:23:28.146+0700] {logging_mixin.py:190} INFO - [2026-09-18T11:23:28.145+0700] {dag.py:3239} INFO - Sync 1 DAGs
[2026-09-18T11:23:28.152+0700] {logging_mixin.py:190} INFO - [2026-09-18T11:23:28.152+0700] {dag.py:4180} INFO - Setting next_dagrun for example_params_ui_tutorial to None, run_after=None
[2026-09-18T11:23:28.162+0700] {processor.py:208} INFO - Processing /Users/andreasanditya/Downloads/572392_Andreas_AirflowETL/code/.venv/lib/python3.9/site-packages/airflow/example_dags/example_params_ui_tutorial.py took 0.166 seconds
[2026-09-18T11:24:51.319+0700] {processor.py:186} INFO - Started process (PID=15549) to work on /Users/andreasanditya/Downloads/572392_Andreas_AirflowETL/code/.venv/lib/python3.9/site-packages/airflow/example_dags/example_params_ui_tutorial.py
[2026-09-18T11:24:51.320+0700] {processor.py:914} INFO - Processing file /Users/andreasanditya/Downloads/572392_Andreas_AirflowETL/code/.venv/lib/python3.9/site-packages/airflow/example_dags/example_params_ui_tutorial.py for tasks to queue
[2026-09-18T11:24:51.320+0700] {logging_mixin.py:190} INFO - [2026-09-18T11:24:51.320+0700] {dagbag.py:588} INFO - Filling up the DagBag from /Users/andreasanditya/Downloads/572392_Andreas_AirflowETL/code/.venv/lib/python3.9/site-packages/airflow/example_dags/example_params_ui_tutorial.py
[2026-09-18T11:24:51.369+0700] {processor.py:925} INFO - DAG(s) 'example_params_ui_tutorial' retrieved from /Users/andreasanditya/Downloads/572392_Andreas_AirflowETL/code/.venv/lib/python3.9/site-packages/airflow/example_dags/example_params_ui_tutorial.py
[2026-09-18T11:24:51.447+0700] {logging_mixin.py:190} INFO - [2026-09-18T11:24:51.447+0700] {dag.py:3239} INFO - Sync 1 DAGs
[2026-09-18T11:24:51.453+0700] {logging_mixin.py:190} INFO - [2026-09-18T11:24:51.453+0700] {dag.py:4180} INFO - Setting next_dagrun for example_params_ui_tutorial to None, run_after=None
[2026-09-18T11:24:51.463+0700] {processor.py:208} INFO - Processing /Users/andreasanditya/Downloads/572392_Andreas_AirflowETL/code/.venv/lib/python3.9/site-packages/airflow/example_dags/example_params_ui_tutorial.py took 0.146 seconds
[2026-09-18T11:26:53.529+0700] {processor.py:186} INFO - Started process (PID=16773) to work on /Users/andreasanditya/Downloads/572392_Andreas_AirflowETL/code/.venv/lib/python3.9/site-packages/airflow/example_dags/example_params_ui_tutorial.py
[2026-09-18T11:26:53.533+0700] {processor.py:914} INFO - Processing file /Users/andreasanditya/Downloads/572392_Andreas_AirflowETL/code/.venv/lib/python3.9/site-packages/airflow/example_dags/example_params_ui_tutorial.py for tasks to queue
[2026-09-18T11:26:53.534+0700] {logging_mixin.py:190} INFO - [2026-09-18T11:26:53.533+0700] {dagbag.py:588} INFO - Filling up the DagBag from /Users/andreasanditya/Downloads/572392_Andreas_AirflowETL/code/.venv/lib/python3.9/site-packages/airflow/example_dags/example_params_ui_tutorial.py
[2026-09-18T11:26:53.583+0700] {processor.py:925} INFO - DAG(s) 'example_params_ui_tutorial' retrieved from /Users/andreasanditya/Downloads/572392_Andreas_AirflowETL/code/.venv/lib/python3.9/site-packages/airflow/example_dags/example_params_ui_tutorial.py
[2026-09-18T11:26:53.657+0700] {logging_mixin.py:190} INFO - [2026-09-18T11:26:53.657+0700] {dag.py:3239} INFO - Sync 1 DAGs
[2026-09-18T11:26:53.663+0700] {logging_mixin.py:190} INFO - [2026-09-18T11:26:53.663+0700] {dag.py:4180} INFO - Setting next_dagrun for example_params_ui_tutorial to None, run_after=None
[2026-09-18T11:26:53.673+0700] {processor.py:208} INFO - Processing /Users/andreasanditya/Downloads/572392_Andreas_AirflowETL/code/.venv/lib/python3.9/site-packages/airflow/example_dags/example_params_ui_tutorial.py took 0.145 seconds
[2026-09-18T11:29:51.474+0700] {processor.py:186} INFO - Started process (PID=18550) to work on /Users/andreasanditya/Downloads/572392_Andreas_AirflowETL/code/.venv/lib/python3.9/site-packages/airflow/example_dags/example_params_ui_tutorial.py
[2026-09-18T11:29:51.476+0700] {processor.py:914} INFO - Processing file /Users/andreasanditya/Downloads/572392_Andreas_AirflowETL/code/.venv/lib/python3.9/site-packages/airflow/example_dags/example_params_ui_tutorial.py for tasks to queue
[2026-09-18T11:29:51.477+0700] {logging_mixin.py:190} INFO - [2026-09-18T11:29:51.477+0700] {dagbag.py:588} INFO - Filling up the DagBag from /Users/andreasanditya/Downloads/572392_Andreas_AirflowETL/code/.venv/lib/python3.9/site-packages/airflow/example_dags/example_params_ui_tutorial.py
[2026-09-18T11:29:51.531+0700] {processor.py:925} INFO - DAG(s) 'example_params_ui_tutorial' retrieved from /Users/andreasanditya/Downloads/572392_Andreas_AirflowETL/code/.venv/lib/python3.9/site-packages/airflow/example_dags/example_params_ui_tutorial.py
[2026-09-18T11:29:51.608+0700] {logging_mixin.py:190} INFO - [2026-09-18T11:29:51.608+0700] {dag.py:3239} INFO - Sync 1 DAGs
[2026-09-18T11:29:51.614+0700] {logging_mixin.py:190} INFO - [2026-09-18T11:29:51.614+0700] {dag.py:4180} INFO - Setting next_dagrun for example_params_ui_tutorial to None, run_after=None
[2026-09-18T11:29:51.625+0700] {processor.py:208} INFO - Processing /Users/andreasanditya/Downloads/572392_Andreas_AirflowETL/code/.venv/lib/python3.9/site-packages/airflow/example_dags/example_params_ui_tutorial.py took 0.153 seconds
[2026-09-18T11:32:50.461+0700] {processor.py:186} INFO - Started process (PID=20477) to work on /Users/andreasanditya/Downloads/572392_Andreas_AirflowETL/code/.venv/lib/python3.9/site-packages/airflow/example_dags/example_params_ui_tutorial.py
[2026-09-18T11:32:50.462+0700] {processor.py:914} INFO - Processing file /Users/andreasanditya/Downloads/572392_Andreas_AirflowETL/code/.venv/lib/python3.9/site-packages/airflow/example_dags/example_params_ui_tutorial.py for tasks to queue
[2026-09-18T11:32:50.462+0700] {logging_mixin.py:190} INFO - [2026-09-18T11:32:50.462+0700] {dagbag.py:588} INFO - Filling up the DagBag from /Users/andreasanditya/Downloads/572392_Andreas_AirflowETL/code/.venv/lib/python3.9/site-packages/airflow/example_dags/example_params_ui_tutorial.py
[2026-09-18T11:32:50.510+0700] {processor.py:925} INFO - DAG(s) 'example_params_ui_tutorial' retrieved from /Users/andreasanditya/Downloads/572392_Andreas_AirflowETL/code/.venv/lib/python3.9/site-packages/airflow/example_dags/example_params_ui_tutorial.py
[2026-09-18T11:32:50.587+0700] {logging_mixin.py:190} INFO - [2026-09-18T11:32:50.586+0700] {dag.py:3239} INFO - Sync 1 DAGs
[2026-09-18T11:32:50.593+0700] {logging_mixin.py:190} INFO - [2026-09-18T11:32:50.593+0700] {dag.py:4180} INFO - Setting next_dagrun for example_params_ui_tutorial to None, run_after=None
[2026-09-18T11:32:50.603+0700] {processor.py:208} INFO - Processing /Users/andreasanditya/Downloads/572392_Andreas_AirflowETL/code/.venv/lib/python3.9/site-packages/airflow/example_dags/example_params_ui_tutorial.py took 0.145 seconds
[2026-09-18T11:35:44.417+0700] {processor.py:186} INFO - Started process (PID=22299) to work on /Users/andreasanditya/Downloads/572392_Andreas_AirflowETL/code/.venv/lib/python3.9/site-packages/airflow/example_dags/example_params_ui_tutorial.py
[2026-09-18T11:35:44.418+0700] {processor.py:914} INFO - Processing file /Users/andreasanditya/Downloads/572392_Andreas_AirflowETL/code/.venv/lib/python3.9/site-packages/airflow/example_dags/example_params_ui_tutorial.py for tasks to queue
[2026-09-18T11:35:44.419+0700] {logging_mixin.py:190} INFO - [2026-09-18T11:35:44.419+0700] {dagbag.py:588} INFO - Filling up the DagBag from /Users/andreasanditya/Downloads/572392_Andreas_AirflowETL/code/.venv/lib/python3.9/site-packages/airflow/example_dags/example_params_ui_tutorial.py
[2026-09-18T11:35:44.467+0700] {processor.py:925} INFO - DAG(s) 'example_params_ui_tutorial' retrieved from /Users/andreasanditya/Downloads/572392_Andreas_AirflowETL/code/.venv/lib/python3.9/site-packages/airflow/example_dags/example_params_ui_tutorial.py
[2026-09-18T11:35:44.542+0700] {logging_mixin.py:190} INFO - [2026-09-18T11:35:44.542+0700] {dag.py:3239} INFO - Sync 1 DAGs
[2026-09-18T11:35:44.548+0700] {logging_mixin.py:190} INFO - [2026-09-18T11:35:44.548+0700] {dag.py:4180} INFO - Setting next_dagrun for example_params_ui_tutorial to None, run_after=None
[2026-09-18T11:35:44.559+0700] {processor.py:208} INFO - Processing /Users/andreasanditya/Downloads/572392_Andreas_AirflowETL/code/.venv/lib/python3.9/site-packages/airflow/example_dags/example_params_ui_tutorial.py took 0.144 seconds
[2026-09-18T11:38:39.577+0700] {processor.py:186} INFO - Started process (PID=24146) to work on /Users/andreasanditya/Downloads/572392_Andreas_AirflowETL/code/.venv/lib/python3.9/site-packages/airflow/example_dags/example_params_ui_tutorial.py
[2026-09-18T11:38:39.578+0700] {processor.py:914} INFO - Processing file /Users/andreasanditya/Downloads/572392_Andreas_AirflowETL/code/.venv/lib/python3.9/site-packages/airflow/example_dags/example_params_ui_tutorial.py for tasks to queue
[2026-09-18T11:38:39.579+0700] {logging_mixin.py:190} INFO - [2026-09-18T11:38:39.579+0700] {dagbag.py:588} INFO - Filling up the DagBag from /Users/andreasanditya/Downloads/572392_Andreas_AirflowETL/code/.venv/lib/python3.9/site-packages/airflow/example_dags/example_params_ui_tutorial.py
[2026-09-18T11:38:39.626+0700] {processor.py:925} INFO - DAG(s) 'example_params_ui_tutorial' retrieved from /Users/andreasanditya/Downloads/572392_Andreas_AirflowETL/code/.venv/lib/python3.9/site-packages/airflow/example_dags/example_params_ui_tutorial.py
[2026-09-18T11:38:39.702+0700] {logging_mixin.py:190} INFO - [2026-09-18T11:38:39.702+0700] {dag.py:3239} INFO - Sync 1 DAGs
[2026-09-18T11:38:39.708+0700] {logging_mixin.py:190} INFO - [2026-09-18T11:38:39.708+0700] {dag.py:4180} INFO - Setting next_dagrun for example_params_ui_tutorial to None, run_after=None
[2026-09-18T11:38:39.719+0700] {processor.py:208} INFO - Processing /Users/andreasanditya/Downloads/572392_Andreas_AirflowETL/code/.venv/lib/python3.9/site-packages/airflow/example_dags/example_params_ui_tutorial.py took 0.143 seconds
[2026-09-18T11:41:37.610+0700] {processor.py:186} INFO - Started process (PID=26013) to work on /Users/andreasanditya/Downloads/572392_Andreas_AirflowETL/code/.venv/lib/python3.9/site-packages/airflow/example_dags/example_params_ui_tutorial.py
[2026-09-18T11:41:37.611+0700] {processor.py:914} INFO - Processing file /Users/andreasanditya/Downloads/572392_Andreas_AirflowETL/code/.venv/lib/python3.9/site-packages/airflow/example_dags/example_params_ui_tutorial.py for tasks to queue
[2026-09-18T11:41:37.612+0700] {logging_mixin.py:190} INFO - [2026-09-18T11:41:37.612+0700] {dagbag.py:588} INFO - Filling up the DagBag from /Users/andreasanditya/Downloads/572392_Andreas_AirflowETL/code/.venv/lib/python3.9/site-packages/airflow/example_dags/example_params_ui_tutorial.py
[2026-09-18T11:41:37.661+0700] {processor.py:925} INFO - DAG(s) 'example_params_ui_tutorial' retrieved from /Users/andreasanditya/Downloads/572392_Andreas_AirflowETL/code/.venv/lib/python3.9/site-packages/airflow/example_dags/example_params_ui_tutorial.py
[2026-09-18T11:41:37.737+0700] {logging_mixin.py:190} INFO - [2026-09-18T11:41:37.737+0700] {dag.py:3239} INFO - Sync 1 DAGs
[2026-09-18T11:41:37.744+0700] {logging_mixin.py:190} INFO - [2026-09-18T11:41:37.743+0700] {dag.py:4180} INFO - Setting next_dagrun for example_params_ui_tutorial to None, run_after=None
[2026-09-18T11:41:37.753+0700] {processor.py:208} INFO - Processing /Users/andreasanditya/Downloads/572392_Andreas_AirflowETL/code/.venv/lib/python3.9/site-packages/airflow/example_dags/example_params_ui_tutorial.py took 0.145 seconds
[2026-09-18T11:44:33.353+0700] {processor.py:186} INFO - Started process (PID=27752) to work on /Users/andreasanditya/Downloads/572392_Andreas_AirflowETL/code/.venv/lib/python3.9/site-packages/airflow/example_dags/example_params_ui_tutorial.py
[2026-09-18T11:44:33.354+0700] {processor.py:914} INFO - Processing file /Users/andreasanditya/Downloads/572392_Andreas_AirflowETL/code/.venv/lib/python3.9/site-packages/airflow/example_dags/example_params_ui_tutorial.py for tasks to queue
[2026-09-18T11:44:33.355+0700] {logging_mixin.py:190} INFO - [2026-09-18T11:44:33.355+0700] {dagbag.py:588} INFO - Filling up the DagBag from /Users/andreasanditya/Downloads/572392_Andreas_AirflowETL/code/.venv/lib/python3.9/site-packages/airflow/example_dags/example_params_ui_tutorial.py
[2026-09-18T11:44:33.401+0700] {processor.py:925} INFO - DAG(s) 'example_params_ui_tutorial' retrieved from /Users/andreasanditya/Downloads/572392_Andreas_AirflowETL/code/.venv/lib/python3.9/site-packages/airflow/example_dags/example_params_ui_tutorial.py
[2026-09-18T11:44:33.476+0700] {logging_mixin.py:190} INFO - [2026-09-18T11:44:33.475+0700] {dag.py:3239} INFO - Sync 1 DAGs
[2026-09-18T11:44:33.481+0700] {logging_mixin.py:190} INFO - [2026-09-18T11:44:33.481+0700] {dag.py:4180} INFO - Setting next_dagrun for example_params_ui_tutorial to None, run_after=None
[2026-09-18T11:44:33.491+0700] {processor.py:208} INFO - Processing /Users/andreasanditya/Downloads/572392_Andreas_AirflowETL/code/.venv/lib/python3.9/site-packages/airflow/example_dags/example_params_ui_tutorial.py took 0.140 seconds
[2026-09-18T11:47:26.361+0700] {processor.py:186} INFO - Started process (PID=29473) to work on /Users/andreasanditya/Downloads/572392_Andreas_AirflowETL/code/.venv/lib/python3.9/site-packages/airflow/example_dags/example_params_ui_tutorial.py
[2026-09-18T11:47:26.362+0700] {processor.py:914} INFO - Processing file /Users/andreasanditya/Downloads/572392_Andreas_AirflowETL/code/.venv/lib/python3.9/site-packages/airflow/example_dags/example_params_ui_tutorial.py for tasks to queue
[2026-09-18T11:47:26.363+0700] {logging_mixin.py:190} INFO - [2026-09-18T11:47:26.363+0700] {dagbag.py:588} INFO - Filling up the DagBag from /Users/andreasanditya/Downloads/572392_Andreas_AirflowETL/code/.venv/lib/python3.9/site-packages/airflow/example_dags/example_params_ui_tutorial.py
[2026-09-18T11:47:26.410+0700] {processor.py:925} INFO - DAG(s) 'example_params_ui_tutorial' retrieved from /Users/andreasanditya/Downloads/572392_Andreas_AirflowETL/code/.venv/lib/python3.9/site-packages/airflow/example_dags/example_params_ui_tutorial.py
[2026-09-18T11:47:26.484+0700] {logging_mixin.py:190} INFO - [2026-09-18T11:47:26.484+0700] {dag.py:3239} INFO - Sync 1 DAGs
[2026-09-18T11:47:26.490+0700] {logging_mixin.py:190} INFO - [2026-09-18T11:47:26.490+0700] {dag.py:4180} INFO - Setting next_dagrun for example_params_ui_tutorial to None, run_after=None
[2026-09-18T11:47:26.500+0700] {processor.py:208} INFO - Processing /Users/andreasanditya/Downloads/572392_Andreas_AirflowETL/code/.venv/lib/python3.9/site-packages/airflow/example_dags/example_params_ui_tutorial.py took 0.141 seconds
[2026-09-18T11:50:19.698+0700] {processor.py:186} INFO - Started process (PID=31305) to work on /Users/andreasanditya/Downloads/572392_Andreas_AirflowETL/code/.venv/lib/python3.9/site-packages/airflow/example_dags/example_params_ui_tutorial.py
[2026-09-18T11:50:19.699+0700] {processor.py:914} INFO - Processing file /Users/andreasanditya/Downloads/572392_Andreas_AirflowETL/code/.venv/lib/python3.9/site-packages/airflow/example_dags/example_params_ui_tutorial.py for tasks to queue
[2026-09-18T11:50:19.700+0700] {logging_mixin.py:190} INFO - [2026-09-18T11:50:19.700+0700] {dagbag.py:588} INFO - Filling up the DagBag from /Users/andreasanditya/Downloads/572392_Andreas_AirflowETL/code/.venv/lib/python3.9/site-packages/airflow/example_dags/example_params_ui_tutorial.py
[2026-09-18T11:50:19.747+0700] {processor.py:925} INFO - DAG(s) 'example_params_ui_tutorial' retrieved from /Users/andreasanditya/Downloads/572392_Andreas_AirflowETL/code/.venv/lib/python3.9/site-packages/airflow/example_dags/example_params_ui_tutorial.py
[2026-09-18T11:50:19.821+0700] {logging_mixin.py:190} INFO - [2026-09-18T11:50:19.821+0700] {dag.py:3239} INFO - Sync 1 DAGs
[2026-09-18T11:50:19.827+0700] {logging_mixin.py:190} INFO - [2026-09-18T11:50:19.827+0700] {dag.py:4180} INFO - Setting next_dagrun for example_params_ui_tutorial to None, run_after=None
[2026-09-18T11:50:19.838+0700] {processor.py:208} INFO - Processing /Users/andreasanditya/Downloads/572392_Andreas_AirflowETL/code/.venv/lib/python3.9/site-packages/airflow/example_dags/example_params_ui_tutorial.py took 0.141 seconds
[2026-09-18T11:53:10.769+0700] {processor.py:186} INFO - Started process (PID=32951) to work on /Users/andreasanditya/Downloads/572392_Andreas_AirflowETL/code/.venv/lib/python3.9/site-packages/airflow/example_dags/example_params_ui_tutorial.py
[2026-09-18T11:53:10.770+0700] {processor.py:914} INFO - Processing file /Users/andreasanditya/Downloads/572392_Andreas_AirflowETL/code/.venv/lib/python3.9/site-packages/airflow/example_dags/example_params_ui_tutorial.py for tasks to queue
[2026-09-18T11:53:10.771+0700] {logging_mixin.py:190} INFO - [2026-09-18T11:53:10.771+0700] {dagbag.py:588} INFO - Filling up the DagBag from /Users/andreasanditya/Downloads/572392_Andreas_AirflowETL/code/.venv/lib/python3.9/site-packages/airflow/example_dags/example_params_ui_tutorial.py
[2026-09-18T11:53:10.818+0700] {processor.py:925} INFO - DAG(s) 'example_params_ui_tutorial' retrieved from /Users/andreasanditya/Downloads/572392_Andreas_AirflowETL/code/.venv/lib/python3.9/site-packages/airflow/example_dags/example_params_ui_tutorial.py
[2026-09-18T11:53:10.893+0700] {logging_mixin.py:190} INFO - [2026-09-18T11:53:10.893+0700] {dag.py:3239} INFO - Sync 1 DAGs
[2026-09-18T11:53:10.899+0700] {logging_mixin.py:190} INFO - [2026-09-18T11:53:10.899+0700] {dag.py:4180} INFO - Setting next_dagrun for example_params_ui_tutorial to None, run_after=None
[2026-09-18T11:53:10.909+0700] {processor.py:208} INFO - Processing /Users/andreasanditya/Downloads/572392_Andreas_AirflowETL/code/.venv/lib/python3.9/site-packages/airflow/example_dags/example_params_ui_tutorial.py took 0.142 seconds
[2026-09-18T11:56:05.527+0700] {processor.py:186} INFO - Started process (PID=34778) to work on /Users/andreasanditya/Downloads/572392_Andreas_AirflowETL/code/.venv/lib/python3.9/site-packages/airflow/example_dags/example_params_ui_tutorial.py
[2026-09-18T11:56:05.529+0700] {processor.py:914} INFO - Processing file /Users/andreasanditya/Downloads/572392_Andreas_AirflowETL/code/.venv/lib/python3.9/site-packages/airflow/example_dags/example_params_ui_tutorial.py for tasks to queue
[2026-09-18T11:56:05.530+0700] {logging_mixin.py:190} INFO - [2026-09-18T11:56:05.530+0700] {dagbag.py:588} INFO - Filling up the DagBag from /Users/andreasanditya/Downloads/572392_Andreas_AirflowETL/code/.venv/lib/python3.9/site-packages/airflow/example_dags/example_params_ui_tutorial.py
[2026-09-18T11:56:05.582+0700] {processor.py:925} INFO - DAG(s) 'example_params_ui_tutorial' retrieved from /Users/andreasanditya/Downloads/572392_Andreas_AirflowETL/code/.venv/lib/python3.9/site-packages/airflow/example_dags/example_params_ui_tutorial.py
[2026-09-18T11:56:05.657+0700] {logging_mixin.py:190} INFO - [2026-09-18T11:56:05.656+0700] {dag.py:3239} INFO - Sync 1 DAGs
[2026-09-18T11:56:05.663+0700] {logging_mixin.py:190} INFO - [2026-09-18T11:56:05.663+0700] {dag.py:4180} INFO - Setting next_dagrun for example_params_ui_tutorial to None, run_after=None
[2026-09-18T11:56:05.673+0700] {processor.py:208} INFO - Processing /Users/andreasanditya/Downloads/572392_Andreas_AirflowETL/code/.venv/lib/python3.9/site-packages/airflow/example_dags/example_params_ui_tutorial.py took 0.148 seconds
[2026-09-18T11:58:57.274+0700] {processor.py:186} INFO - Started process (PID=36510) to work on /Users/andreasanditya/Downloads/572392_Andreas_AirflowETL/code/.venv/lib/python3.9/site-packages/airflow/example_dags/example_params_ui_tutorial.py
[2026-09-18T11:58:57.275+0700] {processor.py:914} INFO - Processing file /Users/andreasanditya/Downloads/572392_Andreas_AirflowETL/code/.venv/lib/python3.9/site-packages/airflow/example_dags/example_params_ui_tutorial.py for tasks to queue
[2026-09-18T11:58:57.276+0700] {logging_mixin.py:190} INFO - [2026-09-18T11:58:57.276+0700] {dagbag.py:588} INFO - Filling up the DagBag from /Users/andreasanditya/Downloads/572392_Andreas_AirflowETL/code/.venv/lib/python3.9/site-packages/airflow/example_dags/example_params_ui_tutorial.py
[2026-09-18T11:58:57.322+0700] {processor.py:925} INFO - DAG(s) 'example_params_ui_tutorial' retrieved from /Users/andreasanditya/Downloads/572392_Andreas_AirflowETL/code/.venv/lib/python3.9/site-packages/airflow/example_dags/example_params_ui_tutorial.py
[2026-09-18T11:58:57.398+0700] {logging_mixin.py:190} INFO - [2026-09-18T11:58:57.398+0700] {dag.py:3239} INFO - Sync 1 DAGs
[2026-09-18T11:58:57.404+0700] {logging_mixin.py:190} INFO - [2026-09-18T11:58:57.404+0700] {dag.py:4180} INFO - Setting next_dagrun for example_params_ui_tutorial to None, run_after=None
[2026-09-18T11:58:57.414+0700] {processor.py:208} INFO - Processing /Users/andreasanditya/Downloads/572392_Andreas_AirflowETL/code/.venv/lib/python3.9/site-packages/airflow/example_dags/example_params_ui_tutorial.py took 0.142 seconds
[2026-09-18T12:01:50.900+0700] {processor.py:186} INFO - Started process (PID=38245) to work on /Users/andreasanditya/Downloads/572392_Andreas_AirflowETL/code/.venv/lib/python3.9/site-packages/airflow/example_dags/example_params_ui_tutorial.py
[2026-09-18T12:01:50.901+0700] {processor.py:914} INFO - Processing file /Users/andreasanditya/Downloads/572392_Andreas_AirflowETL/code/.venv/lib/python3.9/site-packages/airflow/example_dags/example_params_ui_tutorial.py for tasks to queue
[2026-09-18T12:01:50.902+0700] {logging_mixin.py:190} INFO - [2026-09-18T12:01:50.901+0700] {dagbag.py:588} INFO - Filling up the DagBag from /Users/andreasanditya/Downloads/572392_Andreas_AirflowETL/code/.venv/lib/python3.9/site-packages/airflow/example_dags/example_params_ui_tutorial.py
[2026-09-18T12:01:50.949+0700] {processor.py:925} INFO - DAG(s) 'example_params_ui_tutorial' retrieved from /Users/andreasanditya/Downloads/572392_Andreas_AirflowETL/code/.venv/lib/python3.9/site-packages/airflow/example_dags/example_params_ui_tutorial.py
[2026-09-18T12:01:51.023+0700] {logging_mixin.py:190} INFO - [2026-09-18T12:01:51.023+0700] {dag.py:3239} INFO - Sync 1 DAGs
[2026-09-18T12:01:51.029+0700] {logging_mixin.py:190} INFO - [2026-09-18T12:01:51.029+0700] {dag.py:4180} INFO - Setting next_dagrun for example_params_ui_tutorial to None, run_after=None
[2026-09-18T12:01:51.039+0700] {processor.py:208} INFO - Processing /Users/andreasanditya/Downloads/572392_Andreas_AirflowETL/code/.venv/lib/python3.9/site-packages/airflow/example_dags/example_params_ui_tutorial.py took 0.141 seconds
[2026-09-18T12:04:44.318+0700] {processor.py:186} INFO - Started process (PID=40004) to work on /Users/andreasanditya/Downloads/572392_Andreas_AirflowETL/code/.venv/lib/python3.9/site-packages/airflow/example_dags/example_params_ui_tutorial.py
[2026-09-18T12:04:44.319+0700] {processor.py:914} INFO - Processing file /Users/andreasanditya/Downloads/572392_Andreas_AirflowETL/code/.venv/lib/python3.9/site-packages/airflow/example_dags/example_params_ui_tutorial.py for tasks to queue
[2026-09-18T12:04:44.320+0700] {logging_mixin.py:190} INFO - [2026-09-18T12:04:44.320+0700] {dagbag.py:588} INFO - Filling up the DagBag from /Users/andreasanditya/Downloads/572392_Andreas_AirflowETL/code/.venv/lib/python3.9/site-packages/airflow/example_dags/example_params_ui_tutorial.py
[2026-09-18T12:04:44.366+0700] {processor.py:925} INFO - DAG(s) 'example_params_ui_tutorial' retrieved from /Users/andreasanditya/Downloads/572392_Andreas_AirflowETL/code/.venv/lib/python3.9/site-packages/airflow/example_dags/example_params_ui_tutorial.py
[2026-09-18T12:04:44.444+0700] {logging_mixin.py:190} INFO - [2026-09-18T12:04:44.444+0700] {dag.py:3239} INFO - Sync 1 DAGs
[2026-09-18T12:04:44.450+0700] {logging_mixin.py:190} INFO - [2026-09-18T12:04:44.450+0700] {dag.py:4180} INFO - Setting next_dagrun for example_params_ui_tutorial to None, run_after=None
[2026-09-18T12:04:44.460+0700] {processor.py:208} INFO - Processing /Users/andreasanditya/Downloads/572392_Andreas_AirflowETL/code/.venv/lib/python3.9/site-packages/airflow/example_dags/example_params_ui_tutorial.py took 0.143 seconds
[2026-09-18T12:07:39.875+0700] {processor.py:186} INFO - Started process (PID=41753) to work on /Users/andreasanditya/Downloads/572392_Andreas_AirflowETL/code/.venv/lib/python3.9/site-packages/airflow/example_dags/example_params_ui_tutorial.py
[2026-09-18T12:07:39.876+0700] {processor.py:914} INFO - Processing file /Users/andreasanditya/Downloads/572392_Andreas_AirflowETL/code/.venv/lib/python3.9/site-packages/airflow/example_dags/example_params_ui_tutorial.py for tasks to queue
[2026-09-18T12:07:39.876+0700] {logging_mixin.py:190} INFO - [2026-09-18T12:07:39.876+0700] {dagbag.py:588} INFO - Filling up the DagBag from /Users/andreasanditya/Downloads/572392_Andreas_AirflowETL/code/.venv/lib/python3.9/site-packages/airflow/example_dags/example_params_ui_tutorial.py
[2026-09-18T12:07:39.928+0700] {processor.py:925} INFO - DAG(s) 'example_params_ui_tutorial' retrieved from /Users/andreasanditya/Downloads/572392_Andreas_AirflowETL/code/.venv/lib/python3.9/site-packages/airflow/example_dags/example_params_ui_tutorial.py
[2026-09-18T12:07:40.003+0700] {logging_mixin.py:190} INFO - [2026-09-18T12:07:40.003+0700] {dag.py:3239} INFO - Sync 1 DAGs
[2026-09-18T12:07:40.009+0700] {logging_mixin.py:190} INFO - [2026-09-18T12:07:40.009+0700] {dag.py:4180} INFO - Setting next_dagrun for example_params_ui_tutorial to None, run_after=None
[2026-09-18T12:07:40.019+0700] {processor.py:208} INFO - Processing /Users/andreasanditya/Downloads/572392_Andreas_AirflowETL/code/.venv/lib/python3.9/site-packages/airflow/example_dags/example_params_ui_tutorial.py took 0.146 seconds
[2026-09-18T12:10:32.599+0700] {processor.py:186} INFO - Started process (PID=43476) to work on /Users/andreasanditya/Downloads/572392_Andreas_AirflowETL/code/.venv/lib/python3.9/site-packages/airflow/example_dags/example_params_ui_tutorial.py
[2026-09-18T12:10:32.601+0700] {processor.py:914} INFO - Processing file /Users/andreasanditya/Downloads/572392_Andreas_AirflowETL/code/.venv/lib/python3.9/site-packages/airflow/example_dags/example_params_ui_tutorial.py for tasks to queue
[2026-09-18T12:10:32.601+0700] {logging_mixin.py:190} INFO - [2026-09-18T12:10:32.601+0700] {dagbag.py:588} INFO - Filling up the DagBag from /Users/andreasanditya/Downloads/572392_Andreas_AirflowETL/code/.venv/lib/python3.9/site-packages/airflow/example_dags/example_params_ui_tutorial.py
[2026-09-18T12:10:32.648+0700] {processor.py:925} INFO - DAG(s) 'example_params_ui_tutorial' retrieved from /Users/andreasanditya/Downloads/572392_Andreas_AirflowETL/code/.venv/lib/python3.9/site-packages/airflow/example_dags/example_params_ui_tutorial.py
[2026-09-18T12:10:32.723+0700] {logging_mixin.py:190} INFO - [2026-09-18T12:10:32.723+0700] {dag.py:3239} INFO - Sync 1 DAGs
[2026-09-18T12:10:32.729+0700] {logging_mixin.py:190} INFO - [2026-09-18T12:10:32.729+0700] {dag.py:4180} INFO - Setting next_dagrun for example_params_ui_tutorial to None, run_after=None
[2026-09-18T12:10:32.739+0700] {processor.py:208} INFO - Processing /Users/andreasanditya/Downloads/572392_Andreas_AirflowETL/code/.venv/lib/python3.9/site-packages/airflow/example_dags/example_params_ui_tutorial.py took 0.142 seconds
[2026-09-18T12:13:30.818+0700] {processor.py:186} INFO - Started process (PID=46124) to work on /Users/andreasanditya/Downloads/572392_Andreas_AirflowETL/code/.venv/lib/python3.9/site-packages/airflow/example_dags/example_params_ui_tutorial.py
[2026-09-18T12:13:30.819+0700] {processor.py:914} INFO - Processing file /Users/andreasanditya/Downloads/572392_Andreas_AirflowETL/code/.venv/lib/python3.9/site-packages/airflow/example_dags/example_params_ui_tutorial.py for tasks to queue
[2026-09-18T12:13:30.819+0700] {logging_mixin.py:190} INFO - [2026-09-18T12:13:30.819+0700] {dagbag.py:588} INFO - Filling up the DagBag from /Users/andreasanditya/Downloads/572392_Andreas_AirflowETL/code/.venv/lib/python3.9/site-packages/airflow/example_dags/example_params_ui_tutorial.py
[2026-09-18T12:13:30.878+0700] {processor.py:925} INFO - DAG(s) 'example_params_ui_tutorial' retrieved from /Users/andreasanditya/Downloads/572392_Andreas_AirflowETL/code/.venv/lib/python3.9/site-packages/airflow/example_dags/example_params_ui_tutorial.py
[2026-09-18T12:13:30.953+0700] {logging_mixin.py:190} INFO - [2026-09-18T12:13:30.952+0700] {dag.py:3239} INFO - Sync 1 DAGs
[2026-09-18T12:13:30.959+0700] {logging_mixin.py:190} INFO - [2026-09-18T12:13:30.958+0700] {dag.py:4180} INFO - Setting next_dagrun for example_params_ui_tutorial to None, run_after=None
[2026-09-18T12:13:30.970+0700] {processor.py:208} INFO - Processing /Users/andreasanditya/Downloads/572392_Andreas_AirflowETL/code/.venv/lib/python3.9/site-packages/airflow/example_dags/example_params_ui_tutorial.py took 0.154 seconds
[2026-09-18T12:16:25.569+0700] {processor.py:186} INFO - Started process (PID=48891) to work on /Users/andreasanditya/Downloads/572392_Andreas_AirflowETL/code/.venv/lib/python3.9/site-packages/airflow/example_dags/example_params_ui_tutorial.py
[2026-09-18T12:16:25.572+0700] {processor.py:914} INFO - Processing file /Users/andreasanditya/Downloads/572392_Andreas_AirflowETL/code/.venv/lib/python3.9/site-packages/airflow/example_dags/example_params_ui_tutorial.py for tasks to queue
[2026-09-18T12:16:25.573+0700] {logging_mixin.py:190} INFO - [2026-09-18T12:16:25.573+0700] {dagbag.py:588} INFO - Filling up the DagBag from /Users/andreasanditya/Downloads/572392_Andreas_AirflowETL/code/.venv/lib/python3.9/site-packages/airflow/example_dags/example_params_ui_tutorial.py
[2026-09-18T12:16:25.619+0700] {processor.py:925} INFO - DAG(s) 'example_params_ui_tutorial' retrieved from /Users/andreasanditya/Downloads/572392_Andreas_AirflowETL/code/.venv/lib/python3.9/site-packages/airflow/example_dags/example_params_ui_tutorial.py
[2026-09-18T12:16:25.693+0700] {logging_mixin.py:190} INFO - [2026-09-18T12:16:25.693+0700] {dag.py:3239} INFO - Sync 1 DAGs
[2026-09-18T12:16:25.699+0700] {logging_mixin.py:190} INFO - [2026-09-18T12:16:25.699+0700] {dag.py:4180} INFO - Setting next_dagrun for example_params_ui_tutorial to None, run_after=None
[2026-09-18T12:16:25.708+0700] {processor.py:208} INFO - Processing /Users/andreasanditya/Downloads/572392_Andreas_AirflowETL/code/.venv/lib/python3.9/site-packages/airflow/example_dags/example_params_ui_tutorial.py took 0.141 seconds
[2026-09-18T12:19:24.557+0700] {processor.py:186} INFO - Started process (PID=51818) to work on /Users/andreasanditya/Downloads/572392_Andreas_AirflowETL/code/.venv/lib/python3.9/site-packages/airflow/example_dags/example_params_ui_tutorial.py
[2026-09-18T12:19:24.558+0700] {processor.py:914} INFO - Processing file /Users/andreasanditya/Downloads/572392_Andreas_AirflowETL/code/.venv/lib/python3.9/site-packages/airflow/example_dags/example_params_ui_tutorial.py for tasks to queue
[2026-09-18T12:19:24.559+0700] {logging_mixin.py:190} INFO - [2026-09-18T12:19:24.559+0700] {dagbag.py:588} INFO - Filling up the DagBag from /Users/andreasanditya/Downloads/572392_Andreas_AirflowETL/code/.venv/lib/python3.9/site-packages/airflow/example_dags/example_params_ui_tutorial.py
[2026-09-18T12:19:24.606+0700] {processor.py:925} INFO - DAG(s) 'example_params_ui_tutorial' retrieved from /Users/andreasanditya/Downloads/572392_Andreas_AirflowETL/code/.venv/lib/python3.9/site-packages/airflow/example_dags/example_params_ui_tutorial.py
[2026-09-18T12:19:24.679+0700] {logging_mixin.py:190} INFO - [2026-09-18T12:19:24.679+0700] {dag.py:3239} INFO - Sync 1 DAGs
[2026-09-18T12:19:24.685+0700] {logging_mixin.py:190} INFO - [2026-09-18T12:19:24.685+0700] {dag.py:4180} INFO - Setting next_dagrun for example_params_ui_tutorial to None, run_after=None
[2026-09-18T12:19:24.695+0700] {processor.py:208} INFO - Processing /Users/andreasanditya/Downloads/572392_Andreas_AirflowETL/code/.venv/lib/python3.9/site-packages/airflow/example_dags/example_params_ui_tutorial.py took 0.140 seconds
[2026-09-18T12:22:19.311+0700] {processor.py:186} INFO - Started process (PID=54159) to work on /Users/andreasanditya/Downloads/572392_Andreas_AirflowETL/code/.venv/lib/python3.9/site-packages/airflow/example_dags/example_params_ui_tutorial.py
[2026-09-18T12:22:19.312+0700] {processor.py:914} INFO - Processing file /Users/andreasanditya/Downloads/572392_Andreas_AirflowETL/code/.venv/lib/python3.9/site-packages/airflow/example_dags/example_params_ui_tutorial.py for tasks to queue
[2026-09-18T12:22:19.313+0700] {logging_mixin.py:190} INFO - [2026-09-18T12:22:19.313+0700] {dagbag.py:588} INFO - Filling up the DagBag from /Users/andreasanditya/Downloads/572392_Andreas_AirflowETL/code/.venv/lib/python3.9/site-packages/airflow/example_dags/example_params_ui_tutorial.py
[2026-09-18T12:22:19.361+0700] {processor.py:925} INFO - DAG(s) 'example_params_ui_tutorial' retrieved from /Users/andreasanditya/Downloads/572392_Andreas_AirflowETL/code/.venv/lib/python3.9/site-packages/airflow/example_dags/example_params_ui_tutorial.py
[2026-09-18T12:22:19.436+0700] {logging_mixin.py:190} INFO - [2026-09-18T12:22:19.436+0700] {dag.py:3239} INFO - Sync 1 DAGs
[2026-09-18T12:22:19.442+0700] {logging_mixin.py:190} INFO - [2026-09-18T12:22:19.442+0700] {dag.py:4180} INFO - Setting next_dagrun for example_params_ui_tutorial to None, run_after=None
[2026-09-18T12:22:19.454+0700] {processor.py:208} INFO - Processing /Users/andreasanditya/Downloads/572392_Andreas_AirflowETL/code/.venv/lib/python3.9/site-packages/airflow/example_dags/example_params_ui_tutorial.py took 0.145 seconds
[2026-09-18T12:25:11.867+0700] {processor.py:186} INFO - Started process (PID=55928) to work on /Users/andreasanditya/Downloads/572392_Andreas_AirflowETL/code/.venv/lib/python3.9/site-packages/airflow/example_dags/example_params_ui_tutorial.py
[2026-09-18T12:25:11.869+0700] {processor.py:914} INFO - Processing file /Users/andreasanditya/Downloads/572392_Andreas_AirflowETL/code/.venv/lib/python3.9/site-packages/airflow/example_dags/example_params_ui_tutorial.py for tasks to queue
[2026-09-18T12:25:11.869+0700] {logging_mixin.py:190} INFO - [2026-09-18T12:25:11.869+0700] {dagbag.py:588} INFO - Filling up the DagBag from /Users/andreasanditya/Downloads/572392_Andreas_AirflowETL/code/.venv/lib/python3.9/site-packages/airflow/example_dags/example_params_ui_tutorial.py
[2026-09-18T12:25:11.915+0700] {processor.py:925} INFO - DAG(s) 'example_params_ui_tutorial' retrieved from /Users/andreasanditya/Downloads/572392_Andreas_AirflowETL/code/.venv/lib/python3.9/site-packages/airflow/example_dags/example_params_ui_tutorial.py
[2026-09-18T12:25:11.990+0700] {logging_mixin.py:190} INFO - [2026-09-18T12:25:11.989+0700] {dag.py:3239} INFO - Sync 1 DAGs
[2026-09-18T12:25:11.995+0700] {logging_mixin.py:190} INFO - [2026-09-18T12:25:11.995+0700] {dag.py:4180} INFO - Setting next_dagrun for example_params_ui_tutorial to None, run_after=None
[2026-09-18T12:25:12.005+0700] {processor.py:208} INFO - Processing /Users/andreasanditya/Downloads/572392_Andreas_AirflowETL/code/.venv/lib/python3.9/site-packages/airflow/example_dags/example_params_ui_tutorial.py took 0.140 seconds
[2026-09-18T12:28:05.817+0700] {processor.py:186} INFO - Started process (PID=57761) to work on /Users/andreasanditya/Downloads/572392_Andreas_AirflowETL/code/.venv/lib/python3.9/site-packages/airflow/example_dags/example_params_ui_tutorial.py
[2026-09-18T12:28:05.818+0700] {processor.py:914} INFO - Processing file /Users/andreasanditya/Downloads/572392_Andreas_AirflowETL/code/.venv/lib/python3.9/site-packages/airflow/example_dags/example_params_ui_tutorial.py for tasks to queue
[2026-09-18T12:28:05.818+0700] {logging_mixin.py:190} INFO - [2026-09-18T12:28:05.818+0700] {dagbag.py:588} INFO - Filling up the DagBag from /Users/andreasanditya/Downloads/572392_Andreas_AirflowETL/code/.venv/lib/python3.9/site-packages/airflow/example_dags/example_params_ui_tutorial.py
[2026-09-18T12:28:05.864+0700] {processor.py:925} INFO - DAG(s) 'example_params_ui_tutorial' retrieved from /Users/andreasanditya/Downloads/572392_Andreas_AirflowETL/code/.venv/lib/python3.9/site-packages/airflow/example_dags/example_params_ui_tutorial.py
[2026-09-18T12:28:05.938+0700] {logging_mixin.py:190} INFO - [2026-09-18T12:28:05.938+0700] {dag.py:3239} INFO - Sync 1 DAGs
[2026-09-18T12:28:05.944+0700] {logging_mixin.py:190} INFO - [2026-09-18T12:28:05.944+0700] {dag.py:4180} INFO - Setting next_dagrun for example_params_ui_tutorial to None, run_after=None
[2026-09-18T12:28:05.954+0700] {processor.py:208} INFO - Processing /Users/andreasanditya/Downloads/572392_Andreas_AirflowETL/code/.venv/lib/python3.9/site-packages/airflow/example_dags/example_params_ui_tutorial.py took 0.139 seconds
[2026-09-18T12:30:52.188+0700] {processor.py:186} INFO - Started process (PID=59502) to work on /Users/andreasanditya/Downloads/572392_Andreas_AirflowETL/code/.venv/lib/python3.9/site-packages/airflow/example_dags/example_params_ui_tutorial.py
[2026-09-18T12:30:52.189+0700] {processor.py:914} INFO - Processing file /Users/andreasanditya/Downloads/572392_Andreas_AirflowETL/code/.venv/lib/python3.9/site-packages/airflow/example_dags/example_params_ui_tutorial.py for tasks to queue
[2026-09-18T12:30:52.189+0700] {logging_mixin.py:190} INFO - [2026-09-18T12:30:52.189+0700] {dagbag.py:588} INFO - Filling up the DagBag from /Users/andreasanditya/Downloads/572392_Andreas_AirflowETL/code/.venv/lib/python3.9/site-packages/airflow/example_dags/example_params_ui_tutorial.py
[2026-09-18T12:30:52.236+0700] {processor.py:925} INFO - DAG(s) 'example_params_ui_tutorial' retrieved from /Users/andreasanditya/Downloads/572392_Andreas_AirflowETL/code/.venv/lib/python3.9/site-packages/airflow/example_dags/example_params_ui_tutorial.py
[2026-09-18T12:30:52.309+0700] {logging_mixin.py:190} INFO - [2026-09-18T12:30:52.309+0700] {dag.py:3239} INFO - Sync 1 DAGs
[2026-09-18T12:30:52.315+0700] {logging_mixin.py:190} INFO - [2026-09-18T12:30:52.315+0700] {dag.py:4180} INFO - Setting next_dagrun for example_params_ui_tutorial to None, run_after=None
[2026-09-18T12:30:52.325+0700] {processor.py:208} INFO - Processing /Users/andreasanditya/Downloads/572392_Andreas_AirflowETL/code/.venv/lib/python3.9/site-packages/airflow/example_dags/example_params_ui_tutorial.py took 0.139 seconds
[2026-09-18T12:33:42.692+0700] {processor.py:186} INFO - Started process (PID=61203) to work on /Users/andreasanditya/Downloads/572392_Andreas_AirflowETL/code/.venv/lib/python3.9/site-packages/airflow/example_dags/example_params_ui_tutorial.py
[2026-09-18T12:33:42.693+0700] {processor.py:914} INFO - Processing file /Users/andreasanditya/Downloads/572392_Andreas_AirflowETL/code/.venv/lib/python3.9/site-packages/airflow/example_dags/example_params_ui_tutorial.py for tasks to queue
[2026-09-18T12:33:42.694+0700] {logging_mixin.py:190} INFO - [2026-09-18T12:33:42.694+0700] {dagbag.py:588} INFO - Filling up the DagBag from /Users/andreasanditya/Downloads/572392_Andreas_AirflowETL/code/.venv/lib/python3.9/site-packages/airflow/example_dags/example_params_ui_tutorial.py
[2026-09-18T12:33:42.739+0700] {processor.py:925} INFO - DAG(s) 'example_params_ui_tutorial' retrieved from /Users/andreasanditya/Downloads/572392_Andreas_AirflowETL/code/.venv/lib/python3.9/site-packages/airflow/example_dags/example_params_ui_tutorial.py
[2026-09-18T12:33:42.812+0700] {logging_mixin.py:190} INFO - [2026-09-18T12:33:42.812+0700] {dag.py:3239} INFO - Sync 1 DAGs
[2026-09-18T12:33:42.818+0700] {logging_mixin.py:190} INFO - [2026-09-18T12:33:42.818+0700] {dag.py:4180} INFO - Setting next_dagrun for example_params_ui_tutorial to None, run_after=None
[2026-09-18T12:33:42.827+0700] {processor.py:208} INFO - Processing /Users/andreasanditya/Downloads/572392_Andreas_AirflowETL/code/.venv/lib/python3.9/site-packages/airflow/example_dags/example_params_ui_tutorial.py took 0.138 seconds
[2026-09-18T12:36:32.774+0700] {processor.py:186} INFO - Started process (PID=62946) to work on /Users/andreasanditya/Downloads/572392_Andreas_AirflowETL/code/.venv/lib/python3.9/site-packages/airflow/example_dags/example_params_ui_tutorial.py
[2026-09-18T12:36:32.775+0700] {processor.py:914} INFO - Processing file /Users/andreasanditya/Downloads/572392_Andreas_AirflowETL/code/.venv/lib/python3.9/site-packages/airflow/example_dags/example_params_ui_tutorial.py for tasks to queue
[2026-09-18T12:36:32.775+0700] {logging_mixin.py:190} INFO - [2026-09-18T12:36:32.775+0700] {dagbag.py:588} INFO - Filling up the DagBag from /Users/andreasanditya/Downloads/572392_Andreas_AirflowETL/code/.venv/lib/python3.9/site-packages/airflow/example_dags/example_params_ui_tutorial.py
[2026-09-18T12:36:32.821+0700] {processor.py:925} INFO - DAG(s) 'example_params_ui_tutorial' retrieved from /Users/andreasanditya/Downloads/572392_Andreas_AirflowETL/code/.venv/lib/python3.9/site-packages/airflow/example_dags/example_params_ui_tutorial.py
[2026-09-18T12:36:32.895+0700] {logging_mixin.py:190} INFO - [2026-09-18T12:36:32.895+0700] {dag.py:3239} INFO - Sync 1 DAGs
[2026-09-18T12:36:32.901+0700] {logging_mixin.py:190} INFO - [2026-09-18T12:36:32.901+0700] {dag.py:4180} INFO - Setting next_dagrun for example_params_ui_tutorial to None, run_after=None
[2026-09-18T12:36:32.910+0700] {processor.py:208} INFO - Processing /Users/andreasanditya/Downloads/572392_Andreas_AirflowETL/code/.venv/lib/python3.9/site-packages/airflow/example_dags/example_params_ui_tutorial.py took 0.139 seconds
[2026-09-18T12:39:26.258+0700] {processor.py:186} INFO - Started process (PID=64723) to work on /Users/andreasanditya/Downloads/572392_Andreas_AirflowETL/code/.venv/lib/python3.9/site-packages/airflow/example_dags/example_params_ui_tutorial.py
[2026-09-18T12:39:26.259+0700] {processor.py:914} INFO - Processing file /Users/andreasanditya/Downloads/572392_Andreas_AirflowETL/code/.venv/lib/python3.9/site-packages/airflow/example_dags/example_params_ui_tutorial.py for tasks to queue
[2026-09-18T12:39:26.260+0700] {logging_mixin.py:190} INFO - [2026-09-18T12:39:26.260+0700] {dagbag.py:588} INFO - Filling up the DagBag from /Users/andreasanditya/Downloads/572392_Andreas_AirflowETL/code/.venv/lib/python3.9/site-packages/airflow/example_dags/example_params_ui_tutorial.py
[2026-09-18T12:39:26.306+0700] {processor.py:925} INFO - DAG(s) 'example_params_ui_tutorial' retrieved from /Users/andreasanditya/Downloads/572392_Andreas_AirflowETL/code/.venv/lib/python3.9/site-packages/airflow/example_dags/example_params_ui_tutorial.py
[2026-09-18T12:39:26.381+0700] {logging_mixin.py:190} INFO - [2026-09-18T12:39:26.381+0700] {dag.py:3239} INFO - Sync 1 DAGs
[2026-09-18T12:39:26.387+0700] {logging_mixin.py:190} INFO - [2026-09-18T12:39:26.387+0700] {dag.py:4180} INFO - Setting next_dagrun for example_params_ui_tutorial to None, run_after=None
[2026-09-18T12:39:26.397+0700] {processor.py:208} INFO - Processing /Users/andreasanditya/Downloads/572392_Andreas_AirflowETL/code/.venv/lib/python3.9/site-packages/airflow/example_dags/example_params_ui_tutorial.py took 0.141 seconds
[2026-09-18T12:42:19.379+0700] {processor.py:186} INFO - Started process (PID=66540) to work on /Users/andreasanditya/Downloads/572392_Andreas_AirflowETL/code/.venv/lib/python3.9/site-packages/airflow/example_dags/example_params_ui_tutorial.py
[2026-09-18T12:42:19.380+0700] {processor.py:914} INFO - Processing file /Users/andreasanditya/Downloads/572392_Andreas_AirflowETL/code/.venv/lib/python3.9/site-packages/airflow/example_dags/example_params_ui_tutorial.py for tasks to queue
[2026-09-18T12:42:19.380+0700] {logging_mixin.py:190} INFO - [2026-09-18T12:42:19.380+0700] {dagbag.py:588} INFO - Filling up the DagBag from /Users/andreasanditya/Downloads/572392_Andreas_AirflowETL/code/.venv/lib/python3.9/site-packages/airflow/example_dags/example_params_ui_tutorial.py
[2026-09-18T12:42:19.426+0700] {processor.py:925} INFO - DAG(s) 'example_params_ui_tutorial' retrieved from /Users/andreasanditya/Downloads/572392_Andreas_AirflowETL/code/.venv/lib/python3.9/site-packages/airflow/example_dags/example_params_ui_tutorial.py
[2026-09-18T12:42:19.500+0700] {logging_mixin.py:190} INFO - [2026-09-18T12:42:19.500+0700] {dag.py:3239} INFO - Sync 1 DAGs
[2026-09-18T12:42:19.506+0700] {logging_mixin.py:190} INFO - [2026-09-18T12:42:19.506+0700] {dag.py:4180} INFO - Setting next_dagrun for example_params_ui_tutorial to None, run_after=None
[2026-09-18T12:42:19.516+0700] {processor.py:208} INFO - Processing /Users/andreasanditya/Downloads/572392_Andreas_AirflowETL/code/.venv/lib/python3.9/site-packages/airflow/example_dags/example_params_ui_tutorial.py took 0.139 seconds
[2026-09-18T12:45:12.709+0700] {processor.py:186} INFO - Started process (PID=68305) to work on /Users/andreasanditya/Downloads/572392_Andreas_AirflowETL/code/.venv/lib/python3.9/site-packages/airflow/example_dags/example_params_ui_tutorial.py
[2026-09-18T12:45:12.710+0700] {processor.py:914} INFO - Processing file /Users/andreasanditya/Downloads/572392_Andreas_AirflowETL/code/.venv/lib/python3.9/site-packages/airflow/example_dags/example_params_ui_tutorial.py for tasks to queue
[2026-09-18T12:45:12.711+0700] {logging_mixin.py:190} INFO - [2026-09-18T12:45:12.711+0700] {dagbag.py:588} INFO - Filling up the DagBag from /Users/andreasanditya/Downloads/572392_Andreas_AirflowETL/code/.venv/lib/python3.9/site-packages/airflow/example_dags/example_params_ui_tutorial.py
[2026-09-18T12:45:12.756+0700] {processor.py:925} INFO - DAG(s) 'example_params_ui_tutorial' retrieved from /Users/andreasanditya/Downloads/572392_Andreas_AirflowETL/code/.venv/lib/python3.9/site-packages/airflow/example_dags/example_params_ui_tutorial.py
[2026-09-18T12:45:12.830+0700] {logging_mixin.py:190} INFO - [2026-09-18T12:45:12.830+0700] {dag.py:3239} INFO - Sync 1 DAGs
[2026-09-18T12:45:12.836+0700] {logging_mixin.py:190} INFO - [2026-09-18T12:45:12.836+0700] {dag.py:4180} INFO - Setting next_dagrun for example_params_ui_tutorial to None, run_after=None
[2026-09-18T12:45:12.846+0700] {processor.py:208} INFO - Processing /Users/andreasanditya/Downloads/572392_Andreas_AirflowETL/code/.venv/lib/python3.9/site-packages/airflow/example_dags/example_params_ui_tutorial.py took 0.138 seconds
[2026-09-18T12:48:05.063+0700] {processor.py:186} INFO - Started process (PID=70045) to work on /Users/andreasanditya/Downloads/572392_Andreas_AirflowETL/code/.venv/lib/python3.9/site-packages/airflow/example_dags/example_params_ui_tutorial.py
[2026-09-18T12:48:05.064+0700] {processor.py:914} INFO - Processing file /Users/andreasanditya/Downloads/572392_Andreas_AirflowETL/code/.venv/lib/python3.9/site-packages/airflow/example_dags/example_params_ui_tutorial.py for tasks to queue
[2026-09-18T12:48:05.065+0700] {logging_mixin.py:190} INFO - [2026-09-18T12:48:05.065+0700] {dagbag.py:588} INFO - Filling up the DagBag from /Users/andreasanditya/Downloads/572392_Andreas_AirflowETL/code/.venv/lib/python3.9/site-packages/airflow/example_dags/example_params_ui_tutorial.py
[2026-09-18T12:48:05.111+0700] {processor.py:925} INFO - DAG(s) 'example_params_ui_tutorial' retrieved from /Users/andreasanditya/Downloads/572392_Andreas_AirflowETL/code/.venv/lib/python3.9/site-packages/airflow/example_dags/example_params_ui_tutorial.py
[2026-09-18T12:48:05.185+0700] {logging_mixin.py:190} INFO - [2026-09-18T12:48:05.185+0700] {dag.py:3239} INFO - Sync 1 DAGs
[2026-09-18T12:48:05.191+0700] {logging_mixin.py:190} INFO - [2026-09-18T12:48:05.191+0700] {dag.py:4180} INFO - Setting next_dagrun for example_params_ui_tutorial to None, run_after=None
[2026-09-18T12:48:05.200+0700] {processor.py:208} INFO - Processing /Users/andreasanditya/Downloads/572392_Andreas_AirflowETL/code/.venv/lib/python3.9/site-packages/airflow/example_dags/example_params_ui_tutorial.py took 0.139 seconds
[2026-09-18T12:50:53.345+0700] {processor.py:186} INFO - Started process (PID=71691) to work on /Users/andreasanditya/Downloads/572392_Andreas_AirflowETL/code/.venv/lib/python3.9/site-packages/airflow/example_dags/example_params_ui_tutorial.py
[2026-09-18T12:50:53.347+0700] {processor.py:914} INFO - Processing file /Users/andreasanditya/Downloads/572392_Andreas_AirflowETL/code/.venv/lib/python3.9/site-packages/airflow/example_dags/example_params_ui_tutorial.py for tasks to queue
[2026-09-18T12:50:53.348+0700] {logging_mixin.py:190} INFO - [2026-09-18T12:50:53.348+0700] {dagbag.py:588} INFO - Filling up the DagBag from /Users/andreasanditya/Downloads/572392_Andreas_AirflowETL/code/.venv/lib/python3.9/site-packages/airflow/example_dags/example_params_ui_tutorial.py
[2026-09-18T12:50:53.395+0700] {processor.py:925} INFO - DAG(s) 'example_params_ui_tutorial' retrieved from /Users/andreasanditya/Downloads/572392_Andreas_AirflowETL/code/.venv/lib/python3.9/site-packages/airflow/example_dags/example_params_ui_tutorial.py
[2026-09-18T12:50:53.473+0700] {logging_mixin.py:190} INFO - [2026-09-18T12:50:53.473+0700] {dag.py:3239} INFO - Sync 1 DAGs
[2026-09-18T12:50:53.479+0700] {logging_mixin.py:190} INFO - [2026-09-18T12:50:53.479+0700] {dag.py:4180} INFO - Setting next_dagrun for example_params_ui_tutorial to None, run_after=None
[2026-09-18T12:50:53.489+0700] {processor.py:208} INFO - Processing /Users/andreasanditya/Downloads/572392_Andreas_AirflowETL/code/.venv/lib/python3.9/site-packages/airflow/example_dags/example_params_ui_tutorial.py took 0.146 seconds
[2026-09-18T12:53:44.953+0700] {processor.py:186} INFO - Started process (PID=73458) to work on /Users/andreasanditya/Downloads/572392_Andreas_AirflowETL/code/.venv/lib/python3.9/site-packages/airflow/example_dags/example_params_ui_tutorial.py
[2026-09-18T12:53:44.955+0700] {processor.py:914} INFO - Processing file /Users/andreasanditya/Downloads/572392_Andreas_AirflowETL/code/.venv/lib/python3.9/site-packages/airflow/example_dags/example_params_ui_tutorial.py for tasks to queue
[2026-09-18T12:53:44.955+0700] {logging_mixin.py:190} INFO - [2026-09-18T12:53:44.955+0700] {dagbag.py:588} INFO - Filling up the DagBag from /Users/andreasanditya/Downloads/572392_Andreas_AirflowETL/code/.venv/lib/python3.9/site-packages/airflow/example_dags/example_params_ui_tutorial.py
[2026-09-18T12:53:45.001+0700] {processor.py:925} INFO - DAG(s) 'example_params_ui_tutorial' retrieved from /Users/andreasanditya/Downloads/572392_Andreas_AirflowETL/code/.venv/lib/python3.9/site-packages/airflow/example_dags/example_params_ui_tutorial.py
[2026-09-18T12:53:45.075+0700] {logging_mixin.py:190} INFO - [2026-09-18T12:53:45.075+0700] {dag.py:3239} INFO - Sync 1 DAGs
[2026-09-18T12:53:45.081+0700] {logging_mixin.py:190} INFO - [2026-09-18T12:53:45.081+0700] {dag.py:4180} INFO - Setting next_dagrun for example_params_ui_tutorial to None, run_after=None
[2026-09-18T12:53:45.090+0700] {processor.py:208} INFO - Processing /Users/andreasanditya/Downloads/572392_Andreas_AirflowETL/code/.venv/lib/python3.9/site-packages/airflow/example_dags/example_params_ui_tutorial.py took 0.139 seconds
[2026-09-18T12:56:32.977+0700] {processor.py:186} INFO - Started process (PID=75211) to work on /Users/andreasanditya/Downloads/572392_Andreas_AirflowETL/code/.venv/lib/python3.9/site-packages/airflow/example_dags/example_params_ui_tutorial.py
[2026-09-18T12:56:32.980+0700] {processor.py:914} INFO - Processing file /Users/andreasanditya/Downloads/572392_Andreas_AirflowETL/code/.venv/lib/python3.9/site-packages/airflow/example_dags/example_params_ui_tutorial.py for tasks to queue
[2026-09-18T12:56:32.981+0700] {logging_mixin.py:190} INFO - [2026-09-18T12:56:32.981+0700] {dagbag.py:588} INFO - Filling up the DagBag from /Users/andreasanditya/Downloads/572392_Andreas_AirflowETL/code/.venv/lib/python3.9/site-packages/airflow/example_dags/example_params_ui_tutorial.py
[2026-09-18T12:56:33.028+0700] {processor.py:925} INFO - DAG(s) 'example_params_ui_tutorial' retrieved from /Users/andreasanditya/Downloads/572392_Andreas_AirflowETL/code/.venv/lib/python3.9/site-packages/airflow/example_dags/example_params_ui_tutorial.py
[2026-09-18T12:56:33.101+0700] {logging_mixin.py:190} INFO - [2026-09-18T12:56:33.101+0700] {dag.py:3239} INFO - Sync 1 DAGs
[2026-09-18T12:56:33.107+0700] {logging_mixin.py:190} INFO - [2026-09-18T12:56:33.107+0700] {dag.py:4180} INFO - Setting next_dagrun for example_params_ui_tutorial to None, run_after=None
[2026-09-18T12:56:33.117+0700] {processor.py:208} INFO - Processing /Users/andreasanditya/Downloads/572392_Andreas_AirflowETL/code/.venv/lib/python3.9/site-packages/airflow/example_dags/example_params_ui_tutorial.py took 0.142 seconds
[2026-09-18T12:59:24.705+0700] {processor.py:186} INFO - Started process (PID=76982) to work on /Users/andreasanditya/Downloads/572392_Andreas_AirflowETL/code/.venv/lib/python3.9/site-packages/airflow/example_dags/example_params_ui_tutorial.py
[2026-09-18T12:59:24.706+0700] {processor.py:914} INFO - Processing file /Users/andreasanditya/Downloads/572392_Andreas_AirflowETL/code/.venv/lib/python3.9/site-packages/airflow/example_dags/example_params_ui_tutorial.py for tasks to queue
[2026-09-18T12:59:24.707+0700] {logging_mixin.py:190} INFO - [2026-09-18T12:59:24.707+0700] {dagbag.py:588} INFO - Filling up the DagBag from /Users/andreasanditya/Downloads/572392_Andreas_AirflowETL/code/.venv/lib/python3.9/site-packages/airflow/example_dags/example_params_ui_tutorial.py
[2026-09-18T12:59:24.753+0700] {processor.py:925} INFO - DAG(s) 'example_params_ui_tutorial' retrieved from /Users/andreasanditya/Downloads/572392_Andreas_AirflowETL/code/.venv/lib/python3.9/site-packages/airflow/example_dags/example_params_ui_tutorial.py
[2026-09-18T12:59:24.827+0700] {logging_mixin.py:190} INFO - [2026-09-18T12:59:24.827+0700] {dag.py:3239} INFO - Sync 1 DAGs
[2026-09-18T12:59:24.833+0700] {logging_mixin.py:190} INFO - [2026-09-18T12:59:24.833+0700] {dag.py:4180} INFO - Setting next_dagrun for example_params_ui_tutorial to None, run_after=None
[2026-09-18T12:59:24.843+0700] {processor.py:208} INFO - Processing /Users/andreasanditya/Downloads/572392_Andreas_AirflowETL/code/.venv/lib/python3.9/site-packages/airflow/example_dags/example_params_ui_tutorial.py took 0.141 seconds
[2026-09-18T13:02:17.182+0700] {processor.py:186} INFO - Started process (PID=78734) to work on /Users/andreasanditya/Downloads/572392_Andreas_AirflowETL/code/.venv/lib/python3.9/site-packages/airflow/example_dags/example_params_ui_tutorial.py
[2026-09-18T13:02:17.185+0700] {processor.py:914} INFO - Processing file /Users/andreasanditya/Downloads/572392_Andreas_AirflowETL/code/.venv/lib/python3.9/site-packages/airflow/example_dags/example_params_ui_tutorial.py for tasks to queue
[2026-09-18T13:02:17.185+0700] {logging_mixin.py:190} INFO - [2026-09-18T13:02:17.185+0700] {dagbag.py:588} INFO - Filling up the DagBag from /Users/andreasanditya/Downloads/572392_Andreas_AirflowETL/code/.venv/lib/python3.9/site-packages/airflow/example_dags/example_params_ui_tutorial.py
[2026-09-18T13:02:17.231+0700] {processor.py:925} INFO - DAG(s) 'example_params_ui_tutorial' retrieved from /Users/andreasanditya/Downloads/572392_Andreas_AirflowETL/code/.venv/lib/python3.9/site-packages/airflow/example_dags/example_params_ui_tutorial.py
[2026-09-18T13:02:17.305+0700] {logging_mixin.py:190} INFO - [2026-09-18T13:02:17.305+0700] {dag.py:3239} INFO - Sync 1 DAGs
[2026-09-18T13:02:17.311+0700] {logging_mixin.py:190} INFO - [2026-09-18T13:02:17.311+0700] {dag.py:4180} INFO - Setting next_dagrun for example_params_ui_tutorial to None, run_after=None
[2026-09-18T13:02:17.320+0700] {processor.py:208} INFO - Processing /Users/andreasanditya/Downloads/572392_Andreas_AirflowETL/code/.venv/lib/python3.9/site-packages/airflow/example_dags/example_params_ui_tutorial.py took 0.140 seconds
[2026-09-18T13:05:09.567+0700] {processor.py:186} INFO - Started process (PID=80512) to work on /Users/andreasanditya/Downloads/572392_Andreas_AirflowETL/code/.venv/lib/python3.9/site-packages/airflow/example_dags/example_params_ui_tutorial.py
[2026-09-18T13:05:09.568+0700] {processor.py:914} INFO - Processing file /Users/andreasanditya/Downloads/572392_Andreas_AirflowETL/code/.venv/lib/python3.9/site-packages/airflow/example_dags/example_params_ui_tutorial.py for tasks to queue
[2026-09-18T13:05:09.569+0700] {logging_mixin.py:190} INFO - [2026-09-18T13:05:09.569+0700] {dagbag.py:588} INFO - Filling up the DagBag from /Users/andreasanditya/Downloads/572392_Andreas_AirflowETL/code/.venv/lib/python3.9/site-packages/airflow/example_dags/example_params_ui_tutorial.py
[2026-09-18T13:05:09.616+0700] {processor.py:925} INFO - DAG(s) 'example_params_ui_tutorial' retrieved from /Users/andreasanditya/Downloads/572392_Andreas_AirflowETL/code/.venv/lib/python3.9/site-packages/airflow/example_dags/example_params_ui_tutorial.py
[2026-09-18T13:05:09.690+0700] {logging_mixin.py:190} INFO - [2026-09-18T13:05:09.690+0700] {dag.py:3239} INFO - Sync 1 DAGs
[2026-09-18T13:05:09.696+0700] {logging_mixin.py:190} INFO - [2026-09-18T13:05:09.696+0700] {dag.py:4180} INFO - Setting next_dagrun for example_params_ui_tutorial to None, run_after=None
[2026-09-18T13:05:09.706+0700] {processor.py:208} INFO - Processing /Users/andreasanditya/Downloads/572392_Andreas_AirflowETL/code/.venv/lib/python3.9/site-packages/airflow/example_dags/example_params_ui_tutorial.py took 0.142 seconds
[2026-09-18T13:07:56.676+0700] {processor.py:186} INFO - Started process (PID=82175) to work on /Users/andreasanditya/Downloads/572392_Andreas_AirflowETL/code/.venv/lib/python3.9/site-packages/airflow/example_dags/example_params_ui_tutorial.py
[2026-09-18T13:07:56.678+0700] {processor.py:914} INFO - Processing file /Users/andreasanditya/Downloads/572392_Andreas_AirflowETL/code/.venv/lib/python3.9/site-packages/airflow/example_dags/example_params_ui_tutorial.py for tasks to queue
[2026-09-18T13:07:56.678+0700] {logging_mixin.py:190} INFO - [2026-09-18T13:07:56.678+0700] {dagbag.py:588} INFO - Filling up the DagBag from /Users/andreasanditya/Downloads/572392_Andreas_AirflowETL/code/.venv/lib/python3.9/site-packages/airflow/example_dags/example_params_ui_tutorial.py
[2026-09-18T13:07:56.724+0700] {processor.py:925} INFO - DAG(s) 'example_params_ui_tutorial' retrieved from /Users/andreasanditya/Downloads/572392_Andreas_AirflowETL/code/.venv/lib/python3.9/site-packages/airflow/example_dags/example_params_ui_tutorial.py
[2026-09-18T13:07:56.798+0700] {logging_mixin.py:190} INFO - [2026-09-18T13:07:56.798+0700] {dag.py:3239} INFO - Sync 1 DAGs
[2026-09-18T13:07:56.804+0700] {logging_mixin.py:190} INFO - [2026-09-18T13:07:56.803+0700] {dag.py:4180} INFO - Setting next_dagrun for example_params_ui_tutorial to None, run_after=None
[2026-09-18T13:07:56.813+0700] {processor.py:208} INFO - Processing /Users/andreasanditya/Downloads/572392_Andreas_AirflowETL/code/.venv/lib/python3.9/site-packages/airflow/example_dags/example_params_ui_tutorial.py took 0.139 seconds
[2026-09-18T13:10:49.826+0700] {processor.py:186} INFO - Started process (PID=83936) to work on /Users/andreasanditya/Downloads/572392_Andreas_AirflowETL/code/.venv/lib/python3.9/site-packages/airflow/example_dags/example_params_ui_tutorial.py
[2026-09-18T13:10:49.828+0700] {processor.py:914} INFO - Processing file /Users/andreasanditya/Downloads/572392_Andreas_AirflowETL/code/.venv/lib/python3.9/site-packages/airflow/example_dags/example_params_ui_tutorial.py for tasks to queue
[2026-09-18T13:10:49.829+0700] {logging_mixin.py:190} INFO - [2026-09-18T13:10:49.829+0700] {dagbag.py:588} INFO - Filling up the DagBag from /Users/andreasanditya/Downloads/572392_Andreas_AirflowETL/code/.venv/lib/python3.9/site-packages/airflow/example_dags/example_params_ui_tutorial.py
[2026-09-18T13:10:49.875+0700] {processor.py:925} INFO - DAG(s) 'example_params_ui_tutorial' retrieved from /Users/andreasanditya/Downloads/572392_Andreas_AirflowETL/code/.venv/lib/python3.9/site-packages/airflow/example_dags/example_params_ui_tutorial.py
[2026-09-18T13:10:49.949+0700] {logging_mixin.py:190} INFO - [2026-09-18T13:10:49.949+0700] {dag.py:3239} INFO - Sync 1 DAGs
[2026-09-18T13:10:49.955+0700] {logging_mixin.py:190} INFO - [2026-09-18T13:10:49.955+0700] {dag.py:4180} INFO - Setting next_dagrun for example_params_ui_tutorial to None, run_after=None
[2026-09-18T13:10:49.965+0700] {processor.py:208} INFO - Processing /Users/andreasanditya/Downloads/572392_Andreas_AirflowETL/code/.venv/lib/python3.9/site-packages/airflow/example_dags/example_params_ui_tutorial.py took 0.141 seconds
[2026-09-18T13:13:42.346+0700] {processor.py:186} INFO - Started process (PID=85685) to work on /Users/andreasanditya/Downloads/572392_Andreas_AirflowETL/code/.venv/lib/python3.9/site-packages/airflow/example_dags/example_params_ui_tutorial.py
[2026-09-18T13:13:42.347+0700] {processor.py:914} INFO - Processing file /Users/andreasanditya/Downloads/572392_Andreas_AirflowETL/code/.venv/lib/python3.9/site-packages/airflow/example_dags/example_params_ui_tutorial.py for tasks to queue
[2026-09-18T13:13:42.348+0700] {logging_mixin.py:190} INFO - [2026-09-18T13:13:42.348+0700] {dagbag.py:588} INFO - Filling up the DagBag from /Users/andreasanditya/Downloads/572392_Andreas_AirflowETL/code/.venv/lib/python3.9/site-packages/airflow/example_dags/example_params_ui_tutorial.py
[2026-09-18T13:13:42.394+0700] {processor.py:925} INFO - DAG(s) 'example_params_ui_tutorial' retrieved from /Users/andreasanditya/Downloads/572392_Andreas_AirflowETL/code/.venv/lib/python3.9/site-packages/airflow/example_dags/example_params_ui_tutorial.py
[2026-09-18T13:13:42.468+0700] {logging_mixin.py:190} INFO - [2026-09-18T13:13:42.467+0700] {dag.py:3239} INFO - Sync 1 DAGs
[2026-09-18T13:13:42.473+0700] {logging_mixin.py:190} INFO - [2026-09-18T13:13:42.473+0700] {dag.py:4180} INFO - Setting next_dagrun for example_params_ui_tutorial to None, run_after=None
[2026-09-18T13:13:42.483+0700] {processor.py:208} INFO - Processing /Users/andreasanditya/Downloads/572392_Andreas_AirflowETL/code/.venv/lib/python3.9/site-packages/airflow/example_dags/example_params_ui_tutorial.py took 0.139 seconds
[2026-09-18T13:16:34.934+0700] {processor.py:186} INFO - Started process (PID=87448) to work on /Users/andreasanditya/Downloads/572392_Andreas_AirflowETL/code/.venv/lib/python3.9/site-packages/airflow/example_dags/example_params_ui_tutorial.py
[2026-09-18T13:16:34.935+0700] {processor.py:914} INFO - Processing file /Users/andreasanditya/Downloads/572392_Andreas_AirflowETL/code/.venv/lib/python3.9/site-packages/airflow/example_dags/example_params_ui_tutorial.py for tasks to queue
[2026-09-18T13:16:34.936+0700] {logging_mixin.py:190} INFO - [2026-09-18T13:16:34.935+0700] {dagbag.py:588} INFO - Filling up the DagBag from /Users/andreasanditya/Downloads/572392_Andreas_AirflowETL/code/.venv/lib/python3.9/site-packages/airflow/example_dags/example_params_ui_tutorial.py
[2026-09-18T13:16:34.981+0700] {processor.py:925} INFO - DAG(s) 'example_params_ui_tutorial' retrieved from /Users/andreasanditya/Downloads/572392_Andreas_AirflowETL/code/.venv/lib/python3.9/site-packages/airflow/example_dags/example_params_ui_tutorial.py
[2026-09-18T13:16:35.055+0700] {logging_mixin.py:190} INFO - [2026-09-18T13:16:35.054+0700] {dag.py:3239} INFO - Sync 1 DAGs
[2026-09-18T13:16:35.060+0700] {logging_mixin.py:190} INFO - [2026-09-18T13:16:35.060+0700] {dag.py:4180} INFO - Setting next_dagrun for example_params_ui_tutorial to None, run_after=None
[2026-09-18T13:16:35.070+0700] {processor.py:208} INFO - Processing /Users/andreasanditya/Downloads/572392_Andreas_AirflowETL/code/.venv/lib/python3.9/site-packages/airflow/example_dags/example_params_ui_tutorial.py took 0.138 seconds
[2026-09-18T13:19:24.059+0700] {processor.py:186} INFO - Started process (PID=89168) to work on /Users/andreasanditya/Downloads/572392_Andreas_AirflowETL/code/.venv/lib/python3.9/site-packages/airflow/example_dags/example_params_ui_tutorial.py
[2026-09-18T13:19:24.060+0700] {processor.py:914} INFO - Processing file /Users/andreasanditya/Downloads/572392_Andreas_AirflowETL/code/.venv/lib/python3.9/site-packages/airflow/example_dags/example_params_ui_tutorial.py for tasks to queue
[2026-09-18T13:19:24.061+0700] {logging_mixin.py:190} INFO - [2026-09-18T13:19:24.061+0700] {dagbag.py:588} INFO - Filling up the DagBag from /Users/andreasanditya/Downloads/572392_Andreas_AirflowETL/code/.venv/lib/python3.9/site-packages/airflow/example_dags/example_params_ui_tutorial.py
[2026-09-18T13:19:24.107+0700] {processor.py:925} INFO - DAG(s) 'example_params_ui_tutorial' retrieved from /Users/andreasanditya/Downloads/572392_Andreas_AirflowETL/code/.venv/lib/python3.9/site-packages/airflow/example_dags/example_params_ui_tutorial.py
[2026-09-18T13:19:24.182+0700] {logging_mixin.py:190} INFO - [2026-09-18T13:19:24.181+0700] {dag.py:3239} INFO - Sync 1 DAGs
[2026-09-18T13:19:24.187+0700] {logging_mixin.py:190} INFO - [2026-09-18T13:19:24.187+0700] {dag.py:4180} INFO - Setting next_dagrun for example_params_ui_tutorial to None, run_after=None
[2026-09-18T13:19:24.197+0700] {processor.py:208} INFO - Processing /Users/andreasanditya/Downloads/572392_Andreas_AirflowETL/code/.venv/lib/python3.9/site-packages/airflow/example_dags/example_params_ui_tutorial.py took 0.140 seconds
[2026-09-18T13:22:13.282+0700] {processor.py:186} INFO - Started process (PID=90915) to work on /Users/andreasanditya/Downloads/572392_Andreas_AirflowETL/code/.venv/lib/python3.9/site-packages/airflow/example_dags/example_params_ui_tutorial.py
[2026-09-18T13:22:13.283+0700] {processor.py:914} INFO - Processing file /Users/andreasanditya/Downloads/572392_Andreas_AirflowETL/code/.venv/lib/python3.9/site-packages/airflow/example_dags/example_params_ui_tutorial.py for tasks to queue
[2026-09-18T13:22:13.284+0700] {logging_mixin.py:190} INFO - [2026-09-18T13:22:13.284+0700] {dagbag.py:588} INFO - Filling up the DagBag from /Users/andreasanditya/Downloads/572392_Andreas_AirflowETL/code/.venv/lib/python3.9/site-packages/airflow/example_dags/example_params_ui_tutorial.py
[2026-09-18T13:22:13.329+0700] {processor.py:925} INFO - DAG(s) 'example_params_ui_tutorial' retrieved from /Users/andreasanditya/Downloads/572392_Andreas_AirflowETL/code/.venv/lib/python3.9/site-packages/airflow/example_dags/example_params_ui_tutorial.py
[2026-09-18T13:22:13.403+0700] {logging_mixin.py:190} INFO - [2026-09-18T13:22:13.403+0700] {dag.py:3239} INFO - Sync 1 DAGs
[2026-09-18T13:22:13.409+0700] {logging_mixin.py:190} INFO - [2026-09-18T13:22:13.409+0700] {dag.py:4180} INFO - Setting next_dagrun for example_params_ui_tutorial to None, run_after=None
[2026-09-18T13:22:13.419+0700] {processor.py:208} INFO - Processing /Users/andreasanditya/Downloads/572392_Andreas_AirflowETL/code/.venv/lib/python3.9/site-packages/airflow/example_dags/example_params_ui_tutorial.py took 0.138 seconds
[2026-09-18T13:25:01.775+0700] {processor.py:186} INFO - Started process (PID=92722) to work on /Users/andreasanditya/Downloads/572392_Andreas_AirflowETL/code/.venv/lib/python3.9/site-packages/airflow/example_dags/example_params_ui_tutorial.py
[2026-09-18T13:25:01.777+0700] {processor.py:914} INFO - Processing file /Users/andreasanditya/Downloads/572392_Andreas_AirflowETL/code/.venv/lib/python3.9/site-packages/airflow/example_dags/example_params_ui_tutorial.py for tasks to queue
[2026-09-18T13:25:01.778+0700] {logging_mixin.py:190} INFO - [2026-09-18T13:25:01.778+0700] {dagbag.py:588} INFO - Filling up the DagBag from /Users/andreasanditya/Downloads/572392_Andreas_AirflowETL/code/.venv/lib/python3.9/site-packages/airflow/example_dags/example_params_ui_tutorial.py
[2026-09-18T13:25:01.823+0700] {processor.py:925} INFO - DAG(s) 'example_params_ui_tutorial' retrieved from /Users/andreasanditya/Downloads/572392_Andreas_AirflowETL/code/.venv/lib/python3.9/site-packages/airflow/example_dags/example_params_ui_tutorial.py
[2026-09-18T13:25:01.897+0700] {logging_mixin.py:190} INFO - [2026-09-18T13:25:01.897+0700] {dag.py:3239} INFO - Sync 1 DAGs
[2026-09-18T13:25:01.903+0700] {logging_mixin.py:190} INFO - [2026-09-18T13:25:01.903+0700] {dag.py:4180} INFO - Setting next_dagrun for example_params_ui_tutorial to None, run_after=None
[2026-09-18T13:25:01.913+0700] {processor.py:208} INFO - Processing /Users/andreasanditya/Downloads/572392_Andreas_AirflowETL/code/.venv/lib/python3.9/site-packages/airflow/example_dags/example_params_ui_tutorial.py took 0.140 seconds
[2026-09-18T13:28:00.626+0700] {processor.py:186} INFO - Started process (PID=94682) to work on /Users/andreasanditya/Downloads/572392_Andreas_AirflowETL/code/.venv/lib/python3.9/site-packages/airflow/example_dags/example_params_ui_tutorial.py
[2026-09-18T13:28:00.627+0700] {processor.py:914} INFO - Processing file /Users/andreasanditya/Downloads/572392_Andreas_AirflowETL/code/.venv/lib/python3.9/site-packages/airflow/example_dags/example_params_ui_tutorial.py for tasks to queue
[2026-09-18T13:28:00.628+0700] {logging_mixin.py:190} INFO - [2026-09-18T13:28:00.628+0700] {dagbag.py:588} INFO - Filling up the DagBag from /Users/andreasanditya/Downloads/572392_Andreas_AirflowETL/code/.venv/lib/python3.9/site-packages/airflow/example_dags/example_params_ui_tutorial.py
[2026-09-18T13:28:00.679+0700] {processor.py:925} INFO - DAG(s) 'example_params_ui_tutorial' retrieved from /Users/andreasanditya/Downloads/572392_Andreas_AirflowETL/code/.venv/lib/python3.9/site-packages/airflow/example_dags/example_params_ui_tutorial.py
[2026-09-18T13:28:00.754+0700] {logging_mixin.py:190} INFO - [2026-09-18T13:28:00.754+0700] {dag.py:3239} INFO - Sync 1 DAGs
[2026-09-18T13:28:00.761+0700] {logging_mixin.py:190} INFO - [2026-09-18T13:28:00.761+0700] {dag.py:4180} INFO - Setting next_dagrun for example_params_ui_tutorial to None, run_after=None
[2026-09-18T13:28:00.771+0700] {processor.py:208} INFO - Processing /Users/andreasanditya/Downloads/572392_Andreas_AirflowETL/code/.venv/lib/python3.9/site-packages/airflow/example_dags/example_params_ui_tutorial.py took 0.147 seconds
[2026-09-18T13:31:00.777+0700] {processor.py:186} INFO - Started process (PID=96733) to work on /Users/andreasanditya/Downloads/572392_Andreas_AirflowETL/code/.venv/lib/python3.9/site-packages/airflow/example_dags/example_params_ui_tutorial.py
[2026-09-18T13:31:00.778+0700] {processor.py:914} INFO - Processing file /Users/andreasanditya/Downloads/572392_Andreas_AirflowETL/code/.venv/lib/python3.9/site-packages/airflow/example_dags/example_params_ui_tutorial.py for tasks to queue
[2026-09-18T13:31:00.779+0700] {logging_mixin.py:190} INFO - [2026-09-18T13:31:00.779+0700] {dagbag.py:588} INFO - Filling up the DagBag from /Users/andreasanditya/Downloads/572392_Andreas_AirflowETL/code/.venv/lib/python3.9/site-packages/airflow/example_dags/example_params_ui_tutorial.py
[2026-09-18T13:31:00.827+0700] {processor.py:925} INFO - DAG(s) 'example_params_ui_tutorial' retrieved from /Users/andreasanditya/Downloads/572392_Andreas_AirflowETL/code/.venv/lib/python3.9/site-packages/airflow/example_dags/example_params_ui_tutorial.py
[2026-09-18T13:31:00.905+0700] {logging_mixin.py:190} INFO - [2026-09-18T13:31:00.905+0700] {dag.py:3239} INFO - Sync 1 DAGs
[2026-09-18T13:31:00.912+0700] {logging_mixin.py:190} INFO - [2026-09-18T13:31:00.912+0700] {dag.py:4180} INFO - Setting next_dagrun for example_params_ui_tutorial to None, run_after=None
[2026-09-18T13:31:00.923+0700] {processor.py:208} INFO - Processing /Users/andreasanditya/Downloads/572392_Andreas_AirflowETL/code/.venv/lib/python3.9/site-packages/airflow/example_dags/example_params_ui_tutorial.py took 0.147 seconds
[2026-09-18T13:33:55.458+0700] {processor.py:186} INFO - Started process (PID=98523) to work on /Users/andreasanditya/Downloads/572392_Andreas_AirflowETL/code/.venv/lib/python3.9/site-packages/airflow/example_dags/example_params_ui_tutorial.py
[2026-09-18T13:33:55.459+0700] {processor.py:914} INFO - Processing file /Users/andreasanditya/Downloads/572392_Andreas_AirflowETL/code/.venv/lib/python3.9/site-packages/airflow/example_dags/example_params_ui_tutorial.py for tasks to queue
[2026-09-18T13:33:55.459+0700] {logging_mixin.py:190} INFO - [2026-09-18T13:33:55.459+0700] {dagbag.py:588} INFO - Filling up the DagBag from /Users/andreasanditya/Downloads/572392_Andreas_AirflowETL/code/.venv/lib/python3.9/site-packages/airflow/example_dags/example_params_ui_tutorial.py
[2026-09-18T13:33:55.506+0700] {processor.py:925} INFO - DAG(s) 'example_params_ui_tutorial' retrieved from /Users/andreasanditya/Downloads/572392_Andreas_AirflowETL/code/.venv/lib/python3.9/site-packages/airflow/example_dags/example_params_ui_tutorial.py
[2026-09-18T13:33:55.582+0700] {logging_mixin.py:190} INFO - [2026-09-18T13:33:55.582+0700] {dag.py:3239} INFO - Sync 1 DAGs
[2026-09-18T13:33:55.588+0700] {logging_mixin.py:190} INFO - [2026-09-18T13:33:55.588+0700] {dag.py:4180} INFO - Setting next_dagrun for example_params_ui_tutorial to None, run_after=None
[2026-09-18T13:33:55.598+0700] {processor.py:208} INFO - Processing /Users/andreasanditya/Downloads/572392_Andreas_AirflowETL/code/.venv/lib/python3.9/site-packages/airflow/example_dags/example_params_ui_tutorial.py took 0.142 seconds
[2026-09-18T13:36:50.204+0700] {processor.py:186} INFO - Started process (PID=471) to work on /Users/andreasanditya/Downloads/572392_Andreas_AirflowETL/code/.venv/lib/python3.9/site-packages/airflow/example_dags/example_params_ui_tutorial.py
[2026-09-18T13:36:50.205+0700] {processor.py:914} INFO - Processing file /Users/andreasanditya/Downloads/572392_Andreas_AirflowETL/code/.venv/lib/python3.9/site-packages/airflow/example_dags/example_params_ui_tutorial.py for tasks to queue
[2026-09-18T13:36:50.206+0700] {logging_mixin.py:190} INFO - [2026-09-18T13:36:50.206+0700] {dagbag.py:588} INFO - Filling up the DagBag from /Users/andreasanditya/Downloads/572392_Andreas_AirflowETL/code/.venv/lib/python3.9/site-packages/airflow/example_dags/example_params_ui_tutorial.py
[2026-09-18T13:36:50.257+0700] {processor.py:925} INFO - DAG(s) 'example_params_ui_tutorial' retrieved from /Users/andreasanditya/Downloads/572392_Andreas_AirflowETL/code/.venv/lib/python3.9/site-packages/airflow/example_dags/example_params_ui_tutorial.py
[2026-09-18T13:36:50.333+0700] {logging_mixin.py:190} INFO - [2026-09-18T13:36:50.333+0700] {dag.py:3239} INFO - Sync 1 DAGs
[2026-09-18T13:36:50.339+0700] {logging_mixin.py:190} INFO - [2026-09-18T13:36:50.339+0700] {dag.py:4180} INFO - Setting next_dagrun for example_params_ui_tutorial to None, run_after=None
[2026-09-18T13:36:50.349+0700] {processor.py:208} INFO - Processing /Users/andreasanditya/Downloads/572392_Andreas_AirflowETL/code/.venv/lib/python3.9/site-packages/airflow/example_dags/example_params_ui_tutorial.py took 0.148 seconds
