[2026-09-18T11:17:39.307+0700] {processor.py:186} INFO - Started process (PID=10789) to work on /Users/andreasanditya/Downloads/572392_Andreas_AirflowETL/code/.venv/lib/python3.9/site-packages/airflow/example_dags/example_params_trigger_ui.py
[2026-09-18T11:17:39.308+0700] {processor.py:914} INFO - Processing file /Users/andreasanditya/Downloads/572392_Andreas_AirflowETL/code/.venv/lib/python3.9/site-packages/airflow/example_dags/example_params_trigger_ui.py for tasks to queue
[2026-09-18T11:17:39.309+0700] {logging_mixin.py:190} INFO - [2026-09-18T11:17:39.309+0700] {dagbag.py:588} INFO - Filling up the DagBag from /Users/andreasanditya/Downloads/572392_Andreas_AirflowETL/code/.venv/lib/python3.9/site-packages/airflow/example_dags/example_params_trigger_ui.py
[2026-09-18T11:17:39.360+0700] {processor.py:925} INFO - DAG(s) 'example_params_trigger_ui' retrieved from /Users/andreasanditya/Downloads/572392_Andreas_AirflowETL/code/.venv/lib/python3.9/site-packages/airflow/example_dags/example_params_trigger_ui.py
[2026-09-18T11:17:39.485+0700] {logging_mixin.py:190} INFO - [2026-09-18T11:17:39.485+0700] {override.py:1912} INFO - Created Permission View: can read on DAG:example_params_trigger_ui
[2026-09-18T11:17:39.490+0700] {logging_mixin.py:190} INFO - [2026-09-18T11:17:39.490+0700] {override.py:1912} INFO - Created Permission View: can edit on DAG:example_params_trigger_ui
[2026-09-18T11:17:39.493+0700] {logging_mixin.py:190} INFO - [2026-09-18T11:17:39.493+0700] {override.py:1912} INFO - Created Permission View: can delete on DAG:example_params_trigger_ui
[2026-09-18T11:17:39.497+0700] {logging_mixin.py:190} INFO - [2026-09-18T11:17:39.497+0700] {override.py:1912} INFO - Created Permission View: can create on DAG Run:example_params_trigger_ui
[2026-09-18T11:17:39.500+0700] {logging_mixin.py:190} INFO - [2026-09-18T11:17:39.500+0700] {override.py:1912} INFO - Created Permission View: can read on DAG Run:example_params_trigger_ui
[2026-09-18T11:17:39.503+0700] {logging_mixin.py:190} INFO - [2026-09-18T11:17:39.503+0700] {override.py:1912} INFO - Created Permission View: can delete on DAG Run:example_params_trigger_ui
[2026-09-18T11:17:39.506+0700] {logging_mixin.py:190} INFO - [2026-09-18T11:17:39.506+0700] {override.py:1912} INFO - Created Permission View: menu access on DAG Run:example_params_trigger_ui
[2026-09-18T11:17:39.506+0700] {logging_mixin.py:190} INFO - [2026-09-18T11:17:39.506+0700] {dag.py:3239} INFO - Sync 1 DAGs
[2026-09-18T11:17:39.513+0700] {logging_mixin.py:190} INFO - [2026-09-18T11:17:39.513+0700] {dag.py:3262} INFO - Creating ORM DAG for example_params_trigger_ui
[2026-09-18T11:17:39.513+0700] {logging_mixin.py:190} INFO - [2026-09-18T11:17:39.513+0700] {dag.py:4180} INFO - Setting next_dagrun for example_params_trigger_ui to None, run_after=None
[2026-09-18T11:17:39.523+0700] {processor.py:208} INFO - Processing /Users/andreasanditya/Downloads/572392_Andreas_AirflowETL/code/.venv/lib/python3.9/site-packages/airflow/example_dags/example_params_trigger_ui.py took 0.217 seconds
[2026-09-18T11:19:55.649+0700] {processor.py:186} INFO - Started process (PID=12286) to work on /Users/andreasanditya/Downloads/572392_Andreas_AirflowETL/code/.venv/lib/python3.9/site-packages/airflow/example_dags/example_params_trigger_ui.py
[2026-09-18T11:19:55.649+0700] {processor.py:914} INFO - Processing file /Users/andreasanditya/Downloads/572392_Andreas_AirflowETL/code/.venv/lib/python3.9/site-packages/airflow/example_dags/example_params_trigger_ui.py for tasks to queue
[2026-09-18T11:19:55.650+0700] {logging_mixin.py:190} INFO - [2026-09-18T11:19:55.650+0700] {dagbag.py:588} INFO - Filling up the DagBag from /Users/andreasanditya/Downloads/572392_Andreas_AirflowETL/code/.venv/lib/python3.9/site-packages/airflow/example_dags/example_params_trigger_ui.py
[2026-09-18T11:19:55.706+0700] {processor.py:925} INFO - DAG(s) 'example_params_trigger_ui' retrieved from /Users/andreasanditya/Downloads/572392_Andreas_AirflowETL/code/.venv/lib/python3.9/site-packages/airflow/example_dags/example_params_trigger_ui.py
[2026-09-18T11:19:55.790+0700] {logging_mixin.py:190} INFO - [2026-09-18T11:19:55.790+0700] {dag.py:3239} INFO - Sync 1 DAGs
[2026-09-18T11:19:55.797+0700] {logging_mixin.py:190} INFO - [2026-09-18T11:19:55.797+0700] {dag.py:4180} INFO - Setting next_dagrun for example_params_trigger_ui to None, run_after=None
[2026-09-18T11:19:55.810+0700] {processor.py:208} INFO - Processing /Users/andreasanditya/Downloads/572392_Andreas_AirflowETL/code/.venv/lib/python3.9/site-packages/airflow/example_dags/example_params_trigger_ui.py took 0.164 seconds
[2026-09-18T11:23:29.692+0700] {processor.py:186} INFO - Started process (PID=14662) to work on /Users/andreasanditya/Downloads/572392_Andreas_AirflowETL/code/.venv/lib/python3.9/site-packages/airflow/example_dags/example_params_trigger_ui.py
[2026-09-18T11:23:29.694+0700] {processor.py:914} INFO - Processing file /Users/andreasanditya/Downloads/572392_Andreas_AirflowETL/code/.venv/lib/python3.9/site-packages/airflow/example_dags/example_params_trigger_ui.py for tasks to queue
[2026-09-18T11:23:29.694+0700] {logging_mixin.py:190} INFO - [2026-09-18T11:23:29.694+0700] {dagbag.py:588} INFO - Filling up the DagBag from /Users/andreasanditya/Downloads/572392_Andreas_AirflowETL/code/.venv/lib/python3.9/site-packages/airflow/example_dags/example_params_trigger_ui.py
[2026-09-18T11:23:29.745+0700] {processor.py:925} INFO - DAG(s) 'example_params_trigger_ui' retrieved from /Users/andreasanditya/Downloads/572392_Andreas_AirflowETL/code/.venv/lib/python3.9/site-packages/airflow/example_dags/example_params_trigger_ui.py
[2026-09-18T11:23:29.820+0700] {logging_mixin.py:190} INFO - [2026-09-18T11:23:29.820+0700] {dag.py:3239} INFO - Sync 1 DAGs
[2026-09-18T11:23:29.826+0700] {logging_mixin.py:190} INFO - [2026-09-18T11:23:29.826+0700] {dag.py:4180} INFO - Setting next_dagrun for example_params_trigger_ui to None, run_after=None
[2026-09-18T11:23:29.836+0700] {processor.py:208} INFO - Processing /Users/andreasanditya/Downloads/572392_Andreas_AirflowETL/code/.venv/lib/python3.9/site-packages/airflow/example_dags/example_params_trigger_ui.py took 0.146 seconds
[2026-09-18T11:24:53.479+0700] {processor.py:186} INFO - Started process (PID=15551) to work on /Users/andreasanditya/Downloads/572392_Andreas_AirflowETL/code/.venv/lib/python3.9/site-packages/airflow/example_dags/example_params_trigger_ui.py
[2026-09-18T11:24:53.480+0700] {processor.py:914} INFO - Processing file /Users/andreasanditya/Downloads/572392_Andreas_AirflowETL/code/.venv/lib/python3.9/site-packages/airflow/example_dags/example_params_trigger_ui.py for tasks to queue
[2026-09-18T11:24:53.481+0700] {logging_mixin.py:190} INFO - [2026-09-18T11:24:53.481+0700] {dagbag.py:588} INFO - Filling up the DagBag from /Users/andreasanditya/Downloads/572392_Andreas_AirflowETL/code/.venv/lib/python3.9/site-packages/airflow/example_dags/example_params_trigger_ui.py
[2026-09-18T11:24:53.528+0700] {processor.py:925} INFO - DAG(s) 'example_params_trigger_ui' retrieved from /Users/andreasanditya/Downloads/572392_Andreas_AirflowETL/code/.venv/lib/python3.9/site-packages/airflow/example_dags/example_params_trigger_ui.py
[2026-09-18T11:24:53.601+0700] {logging_mixin.py:190} INFO - [2026-09-18T11:24:53.601+0700] {dag.py:3239} INFO - Sync 1 DAGs
[2026-09-18T11:24:53.607+0700] {logging_mixin.py:190} INFO - [2026-09-18T11:24:53.607+0700] {dag.py:4180} INFO - Setting next_dagrun for example_params_trigger_ui to None, run_after=None
[2026-09-18T11:24:53.617+0700] {processor.py:208} INFO - Processing /Users/andreasanditya/Downloads/572392_Andreas_AirflowETL/code/.venv/lib/python3.9/site-packages/airflow/example_dags/example_params_trigger_ui.py took 0.140 seconds
[2026-09-18T11:26:55.676+0700] {processor.py:186} INFO - Started process (PID=16788) to work on /Users/andreasanditya/Downloads/572392_Andreas_AirflowETL/code/.venv/lib/python3.9/site-packages/airflow/example_dags/example_params_trigger_ui.py
[2026-09-18T11:26:55.677+0700] {processor.py:914} INFO - Processing file /Users/andreasanditya/Downloads/572392_Andreas_AirflowETL/code/.venv/lib/python3.9/site-packages/airflow/example_dags/example_params_trigger_ui.py for tasks to queue
[2026-09-18T11:26:55.678+0700] {logging_mixin.py:190} INFO - [2026-09-18T11:26:55.678+0700] {dagbag.py:588} INFO - Filling up the DagBag from /Users/andreasanditya/Downloads/572392_Andreas_AirflowETL/code/.venv/lib/python3.9/site-packages/airflow/example_dags/example_params_trigger_ui.py
[2026-09-18T11:26:55.725+0700] {processor.py:925} INFO - DAG(s) 'example_params_trigger_ui' retrieved from /Users/andreasanditya/Downloads/572392_Andreas_AirflowETL/code/.venv/lib/python3.9/site-packages/airflow/example_dags/example_params_trigger_ui.py
[2026-09-18T11:26:55.797+0700] {logging_mixin.py:190} INFO - [2026-09-18T11:26:55.796+0700] {dag.py:3239} INFO - Sync 1 DAGs
[2026-09-18T11:26:55.802+0700] {logging_mixin.py:190} INFO - [2026-09-18T11:26:55.802+0700] {dag.py:4180} INFO - Setting next_dagrun for example_params_trigger_ui to None, run_after=None
[2026-09-18T11:26:55.812+0700] {processor.py:208} INFO - Processing /Users/andreasanditya/Downloads/572392_Andreas_AirflowETL/code/.venv/lib/python3.9/site-packages/airflow/example_dags/example_params_trigger_ui.py took 0.138 seconds
[2026-09-18T11:29:53.859+0700] {processor.py:186} INFO - Started process (PID=18634) to work on /Users/andreasanditya/Downloads/572392_Andreas_AirflowETL/code/.venv/lib/python3.9/site-packages/airflow/example_dags/example_params_trigger_ui.py
[2026-09-18T11:29:53.860+0700] {processor.py:914} INFO - Processing file /Users/andreasanditya/Downloads/572392_Andreas_AirflowETL/code/.venv/lib/python3.9/site-packages/airflow/example_dags/example_params_trigger_ui.py for tasks to queue
[2026-09-18T11:29:53.861+0700] {logging_mixin.py:190} INFO - [2026-09-18T11:29:53.861+0700] {dagbag.py:588} INFO - Filling up the DagBag from /Users/andreasanditya/Downloads/572392_Andreas_AirflowETL/code/.venv/lib/python3.9/site-packages/airflow/example_dags/example_params_trigger_ui.py
[2026-09-18T11:29:53.919+0700] {processor.py:925} INFO - DAG(s) 'example_params_trigger_ui' retrieved from /Users/andreasanditya/Downloads/572392_Andreas_AirflowETL/code/.venv/lib/python3.9/site-packages/airflow/example_dags/example_params_trigger_ui.py
[2026-09-18T11:29:54.003+0700] {logging_mixin.py:190} INFO - [2026-09-18T11:29:54.003+0700] {dag.py:3239} INFO - Sync 1 DAGs
[2026-09-18T11:29:54.016+0700] {logging_mixin.py:190} INFO - [2026-09-18T11:29:54.016+0700] {dag.py:4180} INFO - Setting next_dagrun for example_params_trigger_ui to None, run_after=None
[2026-09-18T11:29:54.029+0700] {processor.py:208} INFO - Processing /Users/andreasanditya/Downloads/572392_Andreas_AirflowETL/code/.venv/lib/python3.9/site-packages/airflow/example_dags/example_params_trigger_ui.py took 0.173 seconds
[2026-09-18T11:32:52.036+0700] {processor.py:186} INFO - Started process (PID=20479) to work on /Users/andreasanditya/Downloads/572392_Andreas_AirflowETL/code/.venv/lib/python3.9/site-packages/airflow/example_dags/example_params_trigger_ui.py
[2026-09-18T11:32:52.037+0700] {processor.py:914} INFO - Processing file /Users/andreasanditya/Downloads/572392_Andreas_AirflowETL/code/.venv/lib/python3.9/site-packages/airflow/example_dags/example_params_trigger_ui.py for tasks to queue
[2026-09-18T11:32:52.037+0700] {logging_mixin.py:190} INFO - [2026-09-18T11:32:52.037+0700] {dagbag.py:588} INFO - Filling up the DagBag from /Users/andreasanditya/Downloads/572392_Andreas_AirflowETL/code/.venv/lib/python3.9/site-packages/airflow/example_dags/example_params_trigger_ui.py
[2026-09-18T11:32:52.086+0700] {processor.py:925} INFO - DAG(s) 'example_params_trigger_ui' retrieved from /Users/andreasanditya/Downloads/572392_Andreas_AirflowETL/code/.venv/lib/python3.9/site-packages/airflow/example_dags/example_params_trigger_ui.py
[2026-09-18T11:32:52.159+0700] {logging_mixin.py:190} INFO - [2026-09-18T11:32:52.159+0700] {dag.py:3239} INFO - Sync 1 DAGs
[2026-09-18T11:32:52.165+0700] {logging_mixin.py:190} INFO - [2026-09-18T11:32:52.165+0700] {dag.py:4180} INFO - Setting next_dagrun for example_params_trigger_ui to None, run_after=None
[2026-09-18T11:32:52.175+0700] {processor.py:208} INFO - Processing /Users/andreasanditya/Downloads/572392_Andreas_AirflowETL/code/.venv/lib/python3.9/site-packages/airflow/example_dags/example_params_trigger_ui.py took 0.142 seconds
[2026-09-18T11:35:46.037+0700] {processor.py:186} INFO - Started process (PID=22302) to work on /Users/andreasanditya/Downloads/572392_Andreas_AirflowETL/code/.venv/lib/python3.9/site-packages/airflow/example_dags/example_params_trigger_ui.py
[2026-09-18T11:35:46.039+0700] {processor.py:914} INFO - Processing file /Users/andreasanditya/Downloads/572392_Andreas_AirflowETL/code/.venv/lib/python3.9/site-packages/airflow/example_dags/example_params_trigger_ui.py for tasks to queue
[2026-09-18T11:35:46.040+0700] {logging_mixin.py:190} INFO - [2026-09-18T11:35:46.040+0700] {dagbag.py:588} INFO - Filling up the DagBag from /Users/andreasanditya/Downloads/572392_Andreas_AirflowETL/code/.venv/lib/python3.9/site-packages/airflow/example_dags/example_params_trigger_ui.py
[2026-09-18T11:35:46.086+0700] {processor.py:925} INFO - DAG(s) 'example_params_trigger_ui' retrieved from /Users/andreasanditya/Downloads/572392_Andreas_AirflowETL/code/.venv/lib/python3.9/site-packages/airflow/example_dags/example_params_trigger_ui.py
[2026-09-18T11:35:46.158+0700] {logging_mixin.py:190} INFO - [2026-09-18T11:35:46.158+0700] {dag.py:3239} INFO - Sync 1 DAGs
[2026-09-18T11:35:46.164+0700] {logging_mixin.py:190} INFO - [2026-09-18T11:35:46.164+0700] {dag.py:4180} INFO - Setting next_dagrun for example_params_trigger_ui to None, run_after=None
[2026-09-18T11:35:46.174+0700] {processor.py:208} INFO - Processing /Users/andreasanditya/Downloads/572392_Andreas_AirflowETL/code/.venv/lib/python3.9/site-packages/airflow/example_dags/example_params_trigger_ui.py took 0.138 seconds
[2026-09-18T11:38:41.726+0700] {processor.py:186} INFO - Started process (PID=24229) to work on /Users/andreasanditya/Downloads/572392_Andreas_AirflowETL/code/.venv/lib/python3.9/site-packages/airflow/example_dags/example_params_trigger_ui.py
[2026-09-18T11:38:41.728+0700] {processor.py:914} INFO - Processing file /Users/andreasanditya/Downloads/572392_Andreas_AirflowETL/code/.venv/lib/python3.9/site-packages/airflow/example_dags/example_params_trigger_ui.py for tasks to queue
[2026-09-18T11:38:41.728+0700] {logging_mixin.py:190} INFO - [2026-09-18T11:38:41.728+0700] {dagbag.py:588} INFO - Filling up the DagBag from /Users/andreasanditya/Downloads/572392_Andreas_AirflowETL/code/.venv/lib/python3.9/site-packages/airflow/example_dags/example_params_trigger_ui.py
[2026-09-18T11:38:41.779+0700] {processor.py:925} INFO - DAG(s) 'example_params_trigger_ui' retrieved from /Users/andreasanditya/Downloads/572392_Andreas_AirflowETL/code/.venv/lib/python3.9/site-packages/airflow/example_dags/example_params_trigger_ui.py
[2026-09-18T11:38:41.853+0700] {logging_mixin.py:190} INFO - [2026-09-18T11:38:41.853+0700] {dag.py:3239} INFO - Sync 1 DAGs
[2026-09-18T11:38:41.859+0700] {logging_mixin.py:190} INFO - [2026-09-18T11:38:41.859+0700] {dag.py:4180} INFO - Setting next_dagrun for example_params_trigger_ui to None, run_after=None
[2026-09-18T11:38:41.869+0700] {processor.py:208} INFO - Processing /Users/andreasanditya/Downloads/572392_Andreas_AirflowETL/code/.venv/lib/python3.9/site-packages/airflow/example_dags/example_params_trigger_ui.py took 0.145 seconds
[2026-09-18T11:41:39.800+0700] {processor.py:186} INFO - Started process (PID=26028) to work on /Users/andreasanditya/Downloads/572392_Andreas_AirflowETL/code/.venv/lib/python3.9/site-packages/airflow/example_dags/example_params_trigger_ui.py
[2026-09-18T11:41:39.801+0700] {processor.py:914} INFO - Processing file /Users/andreasanditya/Downloads/572392_Andreas_AirflowETL/code/.venv/lib/python3.9/site-packages/airflow/example_dags/example_params_trigger_ui.py for tasks to queue
[2026-09-18T11:41:39.802+0700] {logging_mixin.py:190} INFO - [2026-09-18T11:41:39.802+0700] {dagbag.py:588} INFO - Filling up the DagBag from /Users/andreasanditya/Downloads/572392_Andreas_AirflowETL/code/.venv/lib/python3.9/site-packages/airflow/example_dags/example_params_trigger_ui.py
[2026-09-18T11:41:39.849+0700] {processor.py:925} INFO - DAG(s) 'example_params_trigger_ui' retrieved from /Users/andreasanditya/Downloads/572392_Andreas_AirflowETL/code/.venv/lib/python3.9/site-packages/airflow/example_dags/example_params_trigger_ui.py
[2026-09-18T11:41:39.925+0700] {logging_mixin.py:190} INFO - [2026-09-18T11:41:39.925+0700] {dag.py:3239} INFO - Sync 1 DAGs
[2026-09-18T11:41:39.932+0700] {logging_mixin.py:190} INFO - [2026-09-18T11:41:39.932+0700] {dag.py:4180} INFO - Setting next_dagrun for example_params_trigger_ui to None, run_after=None
[2026-09-18T11:41:39.942+0700] {processor.py:208} INFO - Processing /Users/andreasanditya/Downloads/572392_Andreas_AirflowETL/code/.venv/lib/python3.9/site-packages/airflow/example_dags/example_params_trigger_ui.py took 0.144 seconds
[2026-09-18T11:44:34.790+0700] {processor.py:186} INFO - Started process (PID=27835) to work on /Users/andreasanditya/Downloads/572392_Andreas_AirflowETL/code/.venv/lib/python3.9/site-packages/airflow/example_dags/example_params_trigger_ui.py
[2026-09-18T11:44:34.791+0700] {processor.py:914} INFO - Processing file /Users/andreasanditya/Downloads/572392_Andreas_AirflowETL/code/.venv/lib/python3.9/site-packages/airflow/example_dags/example_params_trigger_ui.py for tasks to queue
[2026-09-18T11:44:34.792+0700] {logging_mixin.py:190} INFO - [2026-09-18T11:44:34.792+0700] {dagbag.py:588} INFO - Filling up the DagBag from /Users/andreasanditya/Downloads/572392_Andreas_AirflowETL/code/.venv/lib/python3.9/site-packages/airflow/example_dags/example_params_trigger_ui.py
[2026-09-18T11:44:34.840+0700] {processor.py:925} INFO - DAG(s) 'example_params_trigger_ui' retrieved from /Users/andreasanditya/Downloads/572392_Andreas_AirflowETL/code/.venv/lib/python3.9/site-packages/airflow/example_dags/example_params_trigger_ui.py
[2026-09-18T11:44:34.913+0700] {logging_mixin.py:190} INFO - [2026-09-18T11:44:34.912+0700] {dag.py:3239} INFO - Sync 1 DAGs
[2026-09-18T11:44:34.918+0700] {logging_mixin.py:190} INFO - [2026-09-18T11:44:34.918+0700] {dag.py:4180} INFO - Setting next_dagrun for example_params_trigger_ui to None, run_after=None
[2026-09-18T11:44:34.928+0700] {processor.py:208} INFO - Processing /Users/andreasanditya/Downloads/572392_Andreas_AirflowETL/code/.venv/lib/python3.9/site-packages/airflow/example_dags/example_params_trigger_ui.py took 0.140 seconds
[2026-09-18T11:47:28.327+0700] {processor.py:186} INFO - Started process (PID=29556) to work on /Users/andreasanditya/Downloads/572392_Andreas_AirflowETL/code/.venv/lib/python3.9/site-packages/airflow/example_dags/example_params_trigger_ui.py
[2026-09-18T11:47:28.328+0700] {processor.py:914} INFO - Processing file /Users/andreasanditya/Downloads/572392_Andreas_AirflowETL/code/.venv/lib/python3.9/site-packages/airflow/example_dags/example_params_trigger_ui.py for tasks to queue
[2026-09-18T11:47:28.328+0700] {logging_mixin.py:190} INFO - [2026-09-18T11:47:28.328+0700] {dagbag.py:588} INFO - Filling up the DagBag from /Users/andreasanditya/Downloads/572392_Andreas_AirflowETL/code/.venv/lib/python3.9/site-packages/airflow/example_dags/example_params_trigger_ui.py
[2026-09-18T11:47:28.375+0700] {processor.py:925} INFO - DAG(s) 'example_params_trigger_ui' retrieved from /Users/andreasanditya/Downloads/572392_Andreas_AirflowETL/code/.venv/lib/python3.9/site-packages/airflow/example_dags/example_params_trigger_ui.py
[2026-09-18T11:47:28.451+0700] {logging_mixin.py:190} INFO - [2026-09-18T11:47:28.451+0700] {dag.py:3239} INFO - Sync 1 DAGs
[2026-09-18T11:47:28.458+0700] {logging_mixin.py:190} INFO - [2026-09-18T11:47:28.458+0700] {dag.py:4180} INFO - Setting next_dagrun for example_params_trigger_ui to None, run_after=None
[2026-09-18T11:47:28.469+0700] {processor.py:208} INFO - Processing /Users/andreasanditya/Downloads/572392_Andreas_AirflowETL/code/.venv/lib/python3.9/site-packages/airflow/example_dags/example_params_trigger_ui.py took 0.144 seconds
[2026-09-18T11:50:21.374+0700] {processor.py:186} INFO - Started process (PID=31307) to work on /Users/andreasanditya/Downloads/572392_Andreas_AirflowETL/code/.venv/lib/python3.9/site-packages/airflow/example_dags/example_params_trigger_ui.py
[2026-09-18T11:50:21.375+0700] {processor.py:914} INFO - Processing file /Users/andreasanditya/Downloads/572392_Andreas_AirflowETL/code/.venv/lib/python3.9/site-packages/airflow/example_dags/example_params_trigger_ui.py for tasks to queue
[2026-09-18T11:50:21.376+0700] {logging_mixin.py:190} INFO - [2026-09-18T11:50:21.376+0700] {dagbag.py:588} INFO - Filling up the DagBag from /Users/andreasanditya/Downloads/572392_Andreas_AirflowETL/code/.venv/lib/python3.9/site-packages/airflow/example_dags/example_params_trigger_ui.py
[2026-09-18T11:50:21.423+0700] {processor.py:925} INFO - DAG(s) 'example_params_trigger_ui' retrieved from /Users/andreasanditya/Downloads/572392_Andreas_AirflowETL/code/.venv/lib/python3.9/site-packages/airflow/example_dags/example_params_trigger_ui.py
[2026-09-18T11:50:21.497+0700] {logging_mixin.py:190} INFO - [2026-09-18T11:50:21.496+0700] {dag.py:3239} INFO - Sync 1 DAGs
[2026-09-18T11:50:21.503+0700] {logging_mixin.py:190} INFO - [2026-09-18T11:50:21.502+0700] {dag.py:4180} INFO - Setting next_dagrun for example_params_trigger_ui to None, run_after=None
[2026-09-18T11:50:21.513+0700] {processor.py:208} INFO - Processing /Users/andreasanditya/Downloads/572392_Andreas_AirflowETL/code/.venv/lib/python3.9/site-packages/airflow/example_dags/example_params_trigger_ui.py took 0.142 seconds
[2026-09-18T11:53:12.938+0700] {processor.py:186} INFO - Started process (PID=33034) to work on /Users/andreasanditya/Downloads/572392_Andreas_AirflowETL/code/.venv/lib/python3.9/site-packages/airflow/example_dags/example_params_trigger_ui.py
[2026-09-18T11:53:12.939+0700] {processor.py:914} INFO - Processing file /Users/andreasanditya/Downloads/572392_Andreas_AirflowETL/code/.venv/lib/python3.9/site-packages/airflow/example_dags/example_params_trigger_ui.py for tasks to queue
[2026-09-18T11:53:12.940+0700] {logging_mixin.py:190} INFO - [2026-09-18T11:53:12.940+0700] {dagbag.py:588} INFO - Filling up the DagBag from /Users/andreasanditya/Downloads/572392_Andreas_AirflowETL/code/.venv/lib/python3.9/site-packages/airflow/example_dags/example_params_trigger_ui.py
[2026-09-18T11:53:12.988+0700] {processor.py:925} INFO - DAG(s) 'example_params_trigger_ui' retrieved from /Users/andreasanditya/Downloads/572392_Andreas_AirflowETL/code/.venv/lib/python3.9/site-packages/airflow/example_dags/example_params_trigger_ui.py
[2026-09-18T11:53:13.060+0700] {logging_mixin.py:190} INFO - [2026-09-18T11:53:13.060+0700] {dag.py:3239} INFO - Sync 1 DAGs
[2026-09-18T11:53:13.066+0700] {logging_mixin.py:190} INFO - [2026-09-18T11:53:13.066+0700] {dag.py:4180} INFO - Setting next_dagrun for example_params_trigger_ui to None, run_after=None
[2026-09-18T11:53:13.077+0700] {processor.py:208} INFO - Processing /Users/andreasanditya/Downloads/572392_Andreas_AirflowETL/code/.venv/lib/python3.9/site-packages/airflow/example_dags/example_params_trigger_ui.py took 0.140 seconds
[2026-09-18T11:56:07.290+0700] {processor.py:186} INFO - Started process (PID=34780) to work on /Users/andreasanditya/Downloads/572392_Andreas_AirflowETL/code/.venv/lib/python3.9/site-packages/airflow/example_dags/example_params_trigger_ui.py
[2026-09-18T11:56:07.291+0700] {processor.py:914} INFO - Processing file /Users/andreasanditya/Downloads/572392_Andreas_AirflowETL/code/.venv/lib/python3.9/site-packages/airflow/example_dags/example_params_trigger_ui.py for tasks to queue
[2026-09-18T11:56:07.291+0700] {logging_mixin.py:190} INFO - [2026-09-18T11:56:07.291+0700] {dagbag.py:588} INFO - Filling up the DagBag from /Users/andreasanditya/Downloads/572392_Andreas_AirflowETL/code/.venv/lib/python3.9/site-packages/airflow/example_dags/example_params_trigger_ui.py
[2026-09-18T11:56:07.337+0700] {processor.py:925} INFO - DAG(s) 'example_params_trigger_ui' retrieved from /Users/andreasanditya/Downloads/572392_Andreas_AirflowETL/code/.venv/lib/python3.9/site-packages/airflow/example_dags/example_params_trigger_ui.py
[2026-09-18T11:56:07.412+0700] {logging_mixin.py:190} INFO - [2026-09-18T11:56:07.412+0700] {dag.py:3239} INFO - Sync 1 DAGs
[2026-09-18T11:56:07.418+0700] {logging_mixin.py:190} INFO - [2026-09-18T11:56:07.418+0700] {dag.py:4180} INFO - Setting next_dagrun for example_params_trigger_ui to None, run_after=None
[2026-09-18T11:56:07.428+0700] {processor.py:208} INFO - Processing /Users/andreasanditya/Downloads/572392_Andreas_AirflowETL/code/.venv/lib/python3.9/site-packages/airflow/example_dags/example_params_trigger_ui.py took 0.141 seconds
[2026-09-18T11:58:59.420+0700] {processor.py:186} INFO - Started process (PID=36512) to work on /Users/andreasanditya/Downloads/572392_Andreas_AirflowETL/code/.venv/lib/python3.9/site-packages/airflow/example_dags/example_params_trigger_ui.py
[2026-09-18T11:58:59.421+0700] {processor.py:914} INFO - Processing file /Users/andreasanditya/Downloads/572392_Andreas_AirflowETL/code/.venv/lib/python3.9/site-packages/airflow/example_dags/example_params_trigger_ui.py for tasks to queue
[2026-09-18T11:58:59.422+0700] {logging_mixin.py:190} INFO - [2026-09-18T11:58:59.422+0700] {dagbag.py:588} INFO - Filling up the DagBag from /Users/andreasanditya/Downloads/572392_Andreas_AirflowETL/code/.venv/lib/python3.9/site-packages/airflow/example_dags/example_params_trigger_ui.py
[2026-09-18T11:58:59.468+0700] {processor.py:925} INFO - DAG(s) 'example_params_trigger_ui' retrieved from /Users/andreasanditya/Downloads/572392_Andreas_AirflowETL/code/.venv/lib/python3.9/site-packages/airflow/example_dags/example_params_trigger_ui.py
[2026-09-18T11:58:59.540+0700] {logging_mixin.py:190} INFO - [2026-09-18T11:58:59.540+0700] {dag.py:3239} INFO - Sync 1 DAGs
[2026-09-18T11:58:59.546+0700] {logging_mixin.py:190} INFO - [2026-09-18T11:58:59.546+0700] {dag.py:4180} INFO - Setting next_dagrun for example_params_trigger_ui to None, run_after=None
[2026-09-18T11:58:59.556+0700] {processor.py:208} INFO - Processing /Users/andreasanditya/Downloads/572392_Andreas_AirflowETL/code/.venv/lib/python3.9/site-packages/airflow/example_dags/example_params_trigger_ui.py took 0.138 seconds
[2026-09-18T12:01:52.908+0700] {processor.py:186} INFO - Started process (PID=38247) to work on /Users/andreasanditya/Downloads/572392_Andreas_AirflowETL/code/.venv/lib/python3.9/site-packages/airflow/example_dags/example_params_trigger_ui.py
[2026-09-18T12:01:52.909+0700] {processor.py:914} INFO - Processing file /Users/andreasanditya/Downloads/572392_Andreas_AirflowETL/code/.venv/lib/python3.9/site-packages/airflow/example_dags/example_params_trigger_ui.py for tasks to queue
[2026-09-18T12:01:52.910+0700] {logging_mixin.py:190} INFO - [2026-09-18T12:01:52.909+0700] {dagbag.py:588} INFO - Filling up the DagBag from /Users/andreasanditya/Downloads/572392_Andreas_AirflowETL/code/.venv/lib/python3.9/site-packages/airflow/example_dags/example_params_trigger_ui.py
[2026-09-18T12:01:52.956+0700] {processor.py:925} INFO - DAG(s) 'example_params_trigger_ui' retrieved from /Users/andreasanditya/Downloads/572392_Andreas_AirflowETL/code/.venv/lib/python3.9/site-packages/airflow/example_dags/example_params_trigger_ui.py
[2026-09-18T12:01:53.029+0700] {logging_mixin.py:190} INFO - [2026-09-18T12:01:53.029+0700] {dag.py:3239} INFO - Sync 1 DAGs
[2026-09-18T12:01:53.035+0700] {logging_mixin.py:190} INFO - [2026-09-18T12:01:53.035+0700] {dag.py:4180} INFO - Setting next_dagrun for example_params_trigger_ui to None, run_after=None
[2026-09-18T12:01:53.045+0700] {processor.py:208} INFO - Processing /Users/andreasanditya/Downloads/572392_Andreas_AirflowETL/code/.venv/lib/python3.9/site-packages/airflow/example_dags/example_params_trigger_ui.py took 0.139 seconds
[2026-09-18T12:04:45.974+0700] {processor.py:186} INFO - Started process (PID=40006) to work on /Users/andreasanditya/Downloads/572392_Andreas_AirflowETL/code/.venv/lib/python3.9/site-packages/airflow/example_dags/example_params_trigger_ui.py
[2026-09-18T12:04:45.975+0700] {processor.py:914} INFO - Processing file /Users/andreasanditya/Downloads/572392_Andreas_AirflowETL/code/.venv/lib/python3.9/site-packages/airflow/example_dags/example_params_trigger_ui.py for tasks to queue
[2026-09-18T12:04:45.976+0700] {logging_mixin.py:190} INFO - [2026-09-18T12:04:45.976+0700] {dagbag.py:588} INFO - Filling up the DagBag from /Users/andreasanditya/Downloads/572392_Andreas_AirflowETL/code/.venv/lib/python3.9/site-packages/airflow/example_dags/example_params_trigger_ui.py
[2026-09-18T12:04:46.022+0700] {processor.py:925} INFO - DAG(s) 'example_params_trigger_ui' retrieved from /Users/andreasanditya/Downloads/572392_Andreas_AirflowETL/code/.venv/lib/python3.9/site-packages/airflow/example_dags/example_params_trigger_ui.py
[2026-09-18T12:04:46.097+0700] {logging_mixin.py:190} INFO - [2026-09-18T12:04:46.096+0700] {dag.py:3239} INFO - Sync 1 DAGs
[2026-09-18T12:04:46.103+0700] {logging_mixin.py:190} INFO - [2026-09-18T12:04:46.103+0700] {dag.py:4180} INFO - Setting next_dagrun for example_params_trigger_ui to None, run_after=None
[2026-09-18T12:04:46.113+0700] {processor.py:208} INFO - Processing /Users/andreasanditya/Downloads/572392_Andreas_AirflowETL/code/.venv/lib/python3.9/site-packages/airflow/example_dags/example_params_trigger_ui.py took 0.141 seconds
[2026-09-18T12:07:41.866+0700] {processor.py:186} INFO - Started process (PID=41756) to work on /Users/andreasanditya/Downloads/572392_Andreas_AirflowETL/code/.venv/lib/python3.9/site-packages/airflow/example_dags/example_params_trigger_ui.py
[2026-09-18T12:07:41.867+0700] {processor.py:914} INFO - Processing file /Users/andreasanditya/Downloads/572392_Andreas_AirflowETL/code/.venv/lib/python3.9/site-packages/airflow/example_dags/example_params_trigger_ui.py for tasks to queue
[2026-09-18T12:07:41.867+0700] {logging_mixin.py:190} INFO - [2026-09-18T12:07:41.867+0700] {dagbag.py:588} INFO - Filling up the DagBag from /Users/andreasanditya/Downloads/572392_Andreas_AirflowETL/code/.venv/lib/python3.9/site-packages/airflow/example_dags/example_params_trigger_ui.py
[2026-09-18T12:07:41.917+0700] {processor.py:925} INFO - DAG(s) 'example_params_trigger_ui' retrieved from /Users/andreasanditya/Downloads/572392_Andreas_AirflowETL/code/.venv/lib/python3.9/site-packages/airflow/example_dags/example_params_trigger_ui.py
[2026-09-18T12:07:41.990+0700] {logging_mixin.py:190} INFO - [2026-09-18T12:07:41.990+0700] {dag.py:3239} INFO - Sync 1 DAGs
[2026-09-18T12:07:41.996+0700] {logging_mixin.py:190} INFO - [2026-09-18T12:07:41.996+0700] {dag.py:4180} INFO - Setting next_dagrun for example_params_trigger_ui to None, run_after=None
[2026-09-18T12:07:42.006+0700] {processor.py:208} INFO - Processing /Users/andreasanditya/Downloads/572392_Andreas_AirflowETL/code/.venv/lib/python3.9/site-packages/airflow/example_dags/example_params_trigger_ui.py took 0.143 seconds
[2026-09-18T12:10:34.414+0700] {processor.py:186} INFO - Started process (PID=43478) to work on /Users/andreasanditya/Downloads/572392_Andreas_AirflowETL/code/.venv/lib/python3.9/site-packages/airflow/example_dags/example_params_trigger_ui.py
[2026-09-18T12:10:34.415+0700] {processor.py:914} INFO - Processing file /Users/andreasanditya/Downloads/572392_Andreas_AirflowETL/code/.venv/lib/python3.9/site-packages/airflow/example_dags/example_params_trigger_ui.py for tasks to queue
[2026-09-18T12:10:34.416+0700] {logging_mixin.py:190} INFO - [2026-09-18T12:10:34.416+0700] {dagbag.py:588} INFO - Filling up the DagBag from /Users/andreasanditya/Downloads/572392_Andreas_AirflowETL/code/.venv/lib/python3.9/site-packages/airflow/example_dags/example_params_trigger_ui.py
[2026-09-18T12:10:34.464+0700] {processor.py:925} INFO - DAG(s) 'example_params_trigger_ui' retrieved from /Users/andreasanditya/Downloads/572392_Andreas_AirflowETL/code/.venv/lib/python3.9/site-packages/airflow/example_dags/example_params_trigger_ui.py
[2026-09-18T12:10:34.539+0700] {logging_mixin.py:190} INFO - [2026-09-18T12:10:34.539+0700] {dag.py:3239} INFO - Sync 1 DAGs
[2026-09-18T12:10:34.545+0700] {logging_mixin.py:190} INFO - [2026-09-18T12:10:34.545+0700] {dag.py:4180} INFO - Setting next_dagrun for example_params_trigger_ui to None, run_after=None
[2026-09-18T12:10:34.555+0700] {processor.py:208} INFO - Processing /Users/andreasanditya/Downloads/572392_Andreas_AirflowETL/code/.venv/lib/python3.9/site-packages/airflow/example_dags/example_params_trigger_ui.py took 0.143 seconds
[2026-09-18T12:13:32.553+0700] {processor.py:186} INFO - Started process (PID=46126) to work on /Users/andreasanditya/Downloads/572392_Andreas_AirflowETL/code/.venv/lib/python3.9/site-packages/airflow/example_dags/example_params_trigger_ui.py
[2026-09-18T12:13:32.554+0700] {processor.py:914} INFO - Processing file /Users/andreasanditya/Downloads/572392_Andreas_AirflowETL/code/.venv/lib/python3.9/site-packages/airflow/example_dags/example_params_trigger_ui.py for tasks to queue
[2026-09-18T12:13:32.554+0700] {logging_mixin.py:190} INFO - [2026-09-18T12:13:32.554+0700] {dagbag.py:588} INFO - Filling up the DagBag from /Users/andreasanditya/Downloads/572392_Andreas_AirflowETL/code/.venv/lib/python3.9/site-packages/airflow/example_dags/example_params_trigger_ui.py
[2026-09-18T12:13:32.602+0700] {processor.py:925} INFO - DAG(s) 'example_params_trigger_ui' retrieved from /Users/andreasanditya/Downloads/572392_Andreas_AirflowETL/code/.venv/lib/python3.9/site-packages/airflow/example_dags/example_params_trigger_ui.py
[2026-09-18T12:13:32.674+0700] {logging_mixin.py:190} INFO - [2026-09-18T12:13:32.674+0700] {dag.py:3239} INFO - Sync 1 DAGs
[2026-09-18T12:13:32.680+0700] {logging_mixin.py:190} INFO - [2026-09-18T12:13:32.680+0700] {dag.py:4180} INFO - Setting next_dagrun for example_params_trigger_ui to None, run_after=None
[2026-09-18T12:13:32.690+0700] {processor.py:208} INFO - Processing /Users/andreasanditya/Downloads/572392_Andreas_AirflowETL/code/.venv/lib/python3.9/site-packages/airflow/example_dags/example_params_trigger_ui.py took 0.139 seconds
[2026-09-18T12:16:27.703+0700] {processor.py:186} INFO - Started process (PID=48893) to work on /Users/andreasanditya/Downloads/572392_Andreas_AirflowETL/code/.venv/lib/python3.9/site-packages/airflow/example_dags/example_params_trigger_ui.py
[2026-09-18T12:16:27.704+0700] {processor.py:914} INFO - Processing file /Users/andreasanditya/Downloads/572392_Andreas_AirflowETL/code/.venv/lib/python3.9/site-packages/airflow/example_dags/example_params_trigger_ui.py for tasks to queue
[2026-09-18T12:16:27.705+0700] {logging_mixin.py:190} INFO - [2026-09-18T12:16:27.704+0700] {dagbag.py:588} INFO - Filling up the DagBag from /Users/andreasanditya/Downloads/572392_Andreas_AirflowETL/code/.venv/lib/python3.9/site-packages/airflow/example_dags/example_params_trigger_ui.py
[2026-09-18T12:16:27.750+0700] {processor.py:925} INFO - DAG(s) 'example_params_trigger_ui' retrieved from /Users/andreasanditya/Downloads/572392_Andreas_AirflowETL/code/.venv/lib/python3.9/site-packages/airflow/example_dags/example_params_trigger_ui.py
[2026-09-18T12:16:27.823+0700] {logging_mixin.py:190} INFO - [2026-09-18T12:16:27.822+0700] {dag.py:3239} INFO - Sync 1 DAGs
[2026-09-18T12:16:27.828+0700] {logging_mixin.py:190} INFO - [2026-09-18T12:16:27.828+0700] {dag.py:4180} INFO - Setting next_dagrun for example_params_trigger_ui to None, run_after=None
[2026-09-18T12:16:27.838+0700] {processor.py:208} INFO - Processing /Users/andreasanditya/Downloads/572392_Andreas_AirflowETL/code/.venv/lib/python3.9/site-packages/airflow/example_dags/example_params_trigger_ui.py took 0.137 seconds
[2026-09-18T12:19:26.698+0700] {processor.py:186} INFO - Started process (PID=51847) to work on /Users/andreasanditya/Downloads/572392_Andreas_AirflowETL/code/.venv/lib/python3.9/site-packages/airflow/example_dags/example_params_trigger_ui.py
[2026-09-18T12:19:26.699+0700] {processor.py:914} INFO - Processing file /Users/andreasanditya/Downloads/572392_Andreas_AirflowETL/code/.venv/lib/python3.9/site-packages/airflow/example_dags/example_params_trigger_ui.py for tasks to queue
[2026-09-18T12:19:26.700+0700] {logging_mixin.py:190} INFO - [2026-09-18T12:19:26.700+0700] {dagbag.py:588} INFO - Filling up the DagBag from /Users/andreasanditya/Downloads/572392_Andreas_AirflowETL/code/.venv/lib/python3.9/site-packages/airflow/example_dags/example_params_trigger_ui.py
[2026-09-18T12:19:26.746+0700] {processor.py:925} INFO - DAG(s) 'example_params_trigger_ui' retrieved from /Users/andreasanditya/Downloads/572392_Andreas_AirflowETL/code/.venv/lib/python3.9/site-packages/airflow/example_dags/example_params_trigger_ui.py
[2026-09-18T12:19:26.818+0700] {logging_mixin.py:190} INFO - [2026-09-18T12:19:26.818+0700] {dag.py:3239} INFO - Sync 1 DAGs
[2026-09-18T12:19:26.824+0700] {logging_mixin.py:190} INFO - [2026-09-18T12:19:26.824+0700] {dag.py:4180} INFO - Setting next_dagrun for example_params_trigger_ui to None, run_after=None
[2026-09-18T12:19:26.834+0700] {processor.py:208} INFO - Processing /Users/andreasanditya/Downloads/572392_Andreas_AirflowETL/code/.venv/lib/python3.9/site-packages/airflow/example_dags/example_params_trigger_ui.py took 0.138 seconds
[2026-09-18T12:22:21.056+0700] {processor.py:186} INFO - Started process (PID=54161) to work on /Users/andreasanditya/Downloads/572392_Andreas_AirflowETL/code/.venv/lib/python3.9/site-packages/airflow/example_dags/example_params_trigger_ui.py
[2026-09-18T12:22:21.057+0700] {processor.py:914} INFO - Processing file /Users/andreasanditya/Downloads/572392_Andreas_AirflowETL/code/.venv/lib/python3.9/site-packages/airflow/example_dags/example_params_trigger_ui.py for tasks to queue
[2026-09-18T12:22:21.058+0700] {logging_mixin.py:190} INFO - [2026-09-18T12:22:21.058+0700] {dagbag.py:588} INFO - Filling up the DagBag from /Users/andreasanditya/Downloads/572392_Andreas_AirflowETL/code/.venv/lib/python3.9/site-packages/airflow/example_dags/example_params_trigger_ui.py
[2026-09-18T12:22:21.106+0700] {processor.py:925} INFO - DAG(s) 'example_params_trigger_ui' retrieved from /Users/andreasanditya/Downloads/572392_Andreas_AirflowETL/code/.venv/lib/python3.9/site-packages/airflow/example_dags/example_params_trigger_ui.py
[2026-09-18T12:22:21.179+0700] {logging_mixin.py:190} INFO - [2026-09-18T12:22:21.179+0700] {dag.py:3239} INFO - Sync 1 DAGs
[2026-09-18T12:22:21.185+0700] {logging_mixin.py:190} INFO - [2026-09-18T12:22:21.185+0700] {dag.py:4180} INFO - Setting next_dagrun for example_params_trigger_ui to None, run_after=None
[2026-09-18T12:22:21.194+0700] {processor.py:208} INFO - Processing /Users/andreasanditya/Downloads/572392_Andreas_AirflowETL/code/.venv/lib/python3.9/site-packages/airflow/example_dags/example_params_trigger_ui.py took 0.140 seconds
[2026-09-18T12:25:14.007+0700] {processor.py:186} INFO - Started process (PID=55930) to work on /Users/andreasanditya/Downloads/572392_Andreas_AirflowETL/code/.venv/lib/python3.9/site-packages/airflow/example_dags/example_params_trigger_ui.py
[2026-09-18T12:25:14.008+0700] {processor.py:914} INFO - Processing file /Users/andreasanditya/Downloads/572392_Andreas_AirflowETL/code/.venv/lib/python3.9/site-packages/airflow/example_dags/example_params_trigger_ui.py for tasks to queue
[2026-09-18T12:25:14.009+0700] {logging_mixin.py:190} INFO - [2026-09-18T12:25:14.009+0700] {dagbag.py:588} INFO - Filling up the DagBag from /Users/andreasanditya/Downloads/572392_Andreas_AirflowETL/code/.venv/lib/python3.9/site-packages/airflow/example_dags/example_params_trigger_ui.py
[2026-09-18T12:25:14.056+0700] {processor.py:925} INFO - DAG(s) 'example_params_trigger_ui' retrieved from /Users/andreasanditya/Downloads/572392_Andreas_AirflowETL/code/.venv/lib/python3.9/site-packages/airflow/example_dags/example_params_trigger_ui.py
[2026-09-18T12:25:14.128+0700] {logging_mixin.py:190} INFO - [2026-09-18T12:25:14.128+0700] {dag.py:3239} INFO - Sync 1 DAGs
[2026-09-18T12:25:14.134+0700] {logging_mixin.py:190} INFO - [2026-09-18T12:25:14.134+0700] {dag.py:4180} INFO - Setting next_dagrun for example_params_trigger_ui to None, run_after=None
[2026-09-18T12:25:14.144+0700] {processor.py:208} INFO - Processing /Users/andreasanditya/Downloads/572392_Andreas_AirflowETL/code/.venv/lib/python3.9/site-packages/airflow/example_dags/example_params_trigger_ui.py took 0.139 seconds
[2026-09-18T12:28:07.237+0700] {processor.py:186} INFO - Started process (PID=57763) to work on /Users/andreasanditya/Downloads/572392_Andreas_AirflowETL/code/.venv/lib/python3.9/site-packages/airflow/example_dags/example_params_trigger_ui.py
[2026-09-18T12:28:07.238+0700] {processor.py:914} INFO - Processing file /Users/andreasanditya/Downloads/572392_Andreas_AirflowETL/code/.venv/lib/python3.9/site-packages/airflow/example_dags/example_params_trigger_ui.py for tasks to queue
[2026-09-18T12:28:07.239+0700] {logging_mixin.py:190} INFO - [2026-09-18T12:28:07.239+0700] {dagbag.py:588} INFO - Filling up the DagBag from /Users/andreasanditya/Downloads/572392_Andreas_AirflowETL/code/.venv/lib/python3.9/site-packages/airflow/example_dags/example_params_trigger_ui.py
[2026-09-18T12:28:07.285+0700] {processor.py:925} INFO - DAG(s) 'example_params_trigger_ui' retrieved from /Users/andreasanditya/Downloads/572392_Andreas_AirflowETL/code/.venv/lib/python3.9/site-packages/airflow/example_dags/example_params_trigger_ui.py
[2026-09-18T12:28:07.358+0700] {logging_mixin.py:190} INFO - [2026-09-18T12:28:07.358+0700] {dag.py:3239} INFO - Sync 1 DAGs
[2026-09-18T12:28:07.364+0700] {logging_mixin.py:190} INFO - [2026-09-18T12:28:07.364+0700] {dag.py:4180} INFO - Setting next_dagrun for example_params_trigger_ui to None, run_after=None
[2026-09-18T12:28:07.374+0700] {processor.py:208} INFO - Processing /Users/andreasanditya/Downloads/572392_Andreas_AirflowETL/code/.venv/lib/python3.9/site-packages/airflow/example_dags/example_params_trigger_ui.py took 0.139 seconds
[2026-09-18T12:30:54.310+0700] {processor.py:186} INFO - Started process (PID=59504) to work on /Users/andreasanditya/Downloads/572392_Andreas_AirflowETL/code/.venv/lib/python3.9/site-packages/airflow/example_dags/example_params_trigger_ui.py
[2026-09-18T12:30:54.311+0700] {processor.py:914} INFO - Processing file /Users/andreasanditya/Downloads/572392_Andreas_AirflowETL/code/.venv/lib/python3.9/site-packages/airflow/example_dags/example_params_trigger_ui.py for tasks to queue
[2026-09-18T12:30:54.312+0700] {logging_mixin.py:190} INFO - [2026-09-18T12:30:54.312+0700] {dagbag.py:588} INFO - Filling up the DagBag from /Users/andreasanditya/Downloads/572392_Andreas_AirflowETL/code/.venv/lib/python3.9/site-packages/airflow/example_dags/example_params_trigger_ui.py
[2026-09-18T12:30:54.358+0700] {processor.py:925} INFO - DAG(s) 'example_params_trigger_ui' retrieved from /Users/andreasanditya/Downloads/572392_Andreas_AirflowETL/code/.venv/lib/python3.9/site-packages/airflow/example_dags/example_params_trigger_ui.py
[2026-09-18T12:30:54.429+0700] {logging_mixin.py:190} INFO - [2026-09-18T12:30:54.429+0700] {dag.py:3239} INFO - Sync 1 DAGs
[2026-09-18T12:30:54.435+0700] {logging_mixin.py:190} INFO - [2026-09-18T12:30:54.435+0700] {dag.py:4180} INFO - Setting next_dagrun for example_params_trigger_ui to None, run_after=None
[2026-09-18T12:30:54.445+0700] {processor.py:208} INFO - Processing /Users/andreasanditya/Downloads/572392_Andreas_AirflowETL/code/.venv/lib/python3.9/site-packages/airflow/example_dags/example_params_trigger_ui.py took 0.137 seconds
[2026-09-18T12:33:44.807+0700] {processor.py:186} INFO - Started process (PID=61286) to work on /Users/andreasanditya/Downloads/572392_Andreas_AirflowETL/code/.venv/lib/python3.9/site-packages/airflow/example_dags/example_params_trigger_ui.py
[2026-09-18T12:33:44.809+0700] {processor.py:914} INFO - Processing file /Users/andreasanditya/Downloads/572392_Andreas_AirflowETL/code/.venv/lib/python3.9/site-packages/airflow/example_dags/example_params_trigger_ui.py for tasks to queue
[2026-09-18T12:33:44.810+0700] {logging_mixin.py:190} INFO - [2026-09-18T12:33:44.810+0700] {dagbag.py:588} INFO - Filling up the DagBag from /Users/andreasanditya/Downloads/572392_Andreas_AirflowETL/code/.venv/lib/python3.9/site-packages/airflow/example_dags/example_params_trigger_ui.py
[2026-09-18T12:33:44.855+0700] {processor.py:925} INFO - DAG(s) 'example_params_trigger_ui' retrieved from /Users/andreasanditya/Downloads/572392_Andreas_AirflowETL/code/.venv/lib/python3.9/site-packages/airflow/example_dags/example_params_trigger_ui.py
[2026-09-18T12:33:44.928+0700] {logging_mixin.py:190} INFO - [2026-09-18T12:33:44.927+0700] {dag.py:3239} INFO - Sync 1 DAGs
[2026-09-18T12:33:44.934+0700] {logging_mixin.py:190} INFO - [2026-09-18T12:33:44.933+0700] {dag.py:4180} INFO - Setting next_dagrun for example_params_trigger_ui to None, run_after=None
[2026-09-18T12:33:44.943+0700] {processor.py:208} INFO - Processing /Users/andreasanditya/Downloads/572392_Andreas_AirflowETL/code/.venv/lib/python3.9/site-packages/airflow/example_dags/example_params_trigger_ui.py took 0.138 seconds
[2026-09-18T12:36:34.566+0700] {processor.py:186} INFO - Started process (PID=62949) to work on /Users/andreasanditya/Downloads/572392_Andreas_AirflowETL/code/.venv/lib/python3.9/site-packages/airflow/example_dags/example_params_trigger_ui.py
[2026-09-18T12:36:34.567+0700] {processor.py:914} INFO - Processing file /Users/andreasanditya/Downloads/572392_Andreas_AirflowETL/code/.venv/lib/python3.9/site-packages/airflow/example_dags/example_params_trigger_ui.py for tasks to queue
[2026-09-18T12:36:34.568+0700] {logging_mixin.py:190} INFO - [2026-09-18T12:36:34.568+0700] {dagbag.py:588} INFO - Filling up the DagBag from /Users/andreasanditya/Downloads/572392_Andreas_AirflowETL/code/.venv/lib/python3.9/site-packages/airflow/example_dags/example_params_trigger_ui.py
[2026-09-18T12:36:34.613+0700] {processor.py:925} INFO - DAG(s) 'example_params_trigger_ui' retrieved from /Users/andreasanditya/Downloads/572392_Andreas_AirflowETL/code/.venv/lib/python3.9/site-packages/airflow/example_dags/example_params_trigger_ui.py
[2026-09-18T12:36:34.685+0700] {logging_mixin.py:190} INFO - [2026-09-18T12:36:34.685+0700] {dag.py:3239} INFO - Sync 1 DAGs
[2026-09-18T12:36:34.691+0700] {logging_mixin.py:190} INFO - [2026-09-18T12:36:34.691+0700] {dag.py:4180} INFO - Setting next_dagrun for example_params_trigger_ui to None, run_after=None
[2026-09-18T12:36:34.701+0700] {processor.py:208} INFO - Processing /Users/andreasanditya/Downloads/572392_Andreas_AirflowETL/code/.venv/lib/python3.9/site-packages/airflow/example_dags/example_params_trigger_ui.py took 0.137 seconds
[2026-09-18T12:39:28.074+0700] {processor.py:186} INFO - Started process (PID=64806) to work on /Users/andreasanditya/Downloads/572392_Andreas_AirflowETL/code/.venv/lib/python3.9/site-packages/airflow/example_dags/example_params_trigger_ui.py
[2026-09-18T12:39:28.074+0700] {processor.py:914} INFO - Processing file /Users/andreasanditya/Downloads/572392_Andreas_AirflowETL/code/.venv/lib/python3.9/site-packages/airflow/example_dags/example_params_trigger_ui.py for tasks to queue
[2026-09-18T12:39:28.075+0700] {logging_mixin.py:190} INFO - [2026-09-18T12:39:28.075+0700] {dagbag.py:588} INFO - Filling up the DagBag from /Users/andreasanditya/Downloads/572392_Andreas_AirflowETL/code/.venv/lib/python3.9/site-packages/airflow/example_dags/example_params_trigger_ui.py
[2026-09-18T12:39:28.121+0700] {processor.py:925} INFO - DAG(s) 'example_params_trigger_ui' retrieved from /Users/andreasanditya/Downloads/572392_Andreas_AirflowETL/code/.venv/lib/python3.9/site-packages/airflow/example_dags/example_params_trigger_ui.py
[2026-09-18T12:39:28.193+0700] {logging_mixin.py:190} INFO - [2026-09-18T12:39:28.192+0700] {dag.py:3239} INFO - Sync 1 DAGs
[2026-09-18T12:39:28.198+0700] {logging_mixin.py:190} INFO - [2026-09-18T12:39:28.198+0700] {dag.py:4180} INFO - Setting next_dagrun for example_params_trigger_ui to None, run_after=None
[2026-09-18T12:39:28.208+0700] {processor.py:208} INFO - Processing /Users/andreasanditya/Downloads/572392_Andreas_AirflowETL/code/.venv/lib/python3.9/site-packages/airflow/example_dags/example_params_trigger_ui.py took 0.136 seconds
[2026-09-18T12:42:21.178+0700] {processor.py:186} INFO - Started process (PID=66542) to work on /Users/andreasanditya/Downloads/572392_Andreas_AirflowETL/code/.venv/lib/python3.9/site-packages/airflow/example_dags/example_params_trigger_ui.py
[2026-09-18T12:42:21.179+0700] {processor.py:914} INFO - Processing file /Users/andreasanditya/Downloads/572392_Andreas_AirflowETL/code/.venv/lib/python3.9/site-packages/airflow/example_dags/example_params_trigger_ui.py for tasks to queue
[2026-09-18T12:42:21.180+0700] {logging_mixin.py:190} INFO - [2026-09-18T12:42:21.180+0700] {dagbag.py:588} INFO - Filling up the DagBag from /Users/andreasanditya/Downloads/572392_Andreas_AirflowETL/code/.venv/lib/python3.9/site-packages/airflow/example_dags/example_params_trigger_ui.py
[2026-09-18T12:42:21.226+0700] {processor.py:925} INFO - DAG(s) 'example_params_trigger_ui' retrieved from /Users/andreasanditya/Downloads/572392_Andreas_AirflowETL/code/.venv/lib/python3.9/site-packages/airflow/example_dags/example_params_trigger_ui.py
[2026-09-18T12:42:21.298+0700] {logging_mixin.py:190} INFO - [2026-09-18T12:42:21.298+0700] {dag.py:3239} INFO - Sync 1 DAGs
[2026-09-18T12:42:21.304+0700] {logging_mixin.py:190} INFO - [2026-09-18T12:42:21.304+0700] {dag.py:4180} INFO - Setting next_dagrun for example_params_trigger_ui to None, run_after=None
[2026-09-18T12:42:21.314+0700] {processor.py:208} INFO - Processing /Users/andreasanditya/Downloads/572392_Andreas_AirflowETL/code/.venv/lib/python3.9/site-packages/airflow/example_dags/example_params_trigger_ui.py took 0.137 seconds
[2026-09-18T12:45:14.824+0700] {processor.py:186} INFO - Started process (PID=68308) to work on /Users/andreasanditya/Downloads/572392_Andreas_AirflowETL/code/.venv/lib/python3.9/site-packages/airflow/example_dags/example_params_trigger_ui.py
[2026-09-18T12:45:14.825+0700] {processor.py:914} INFO - Processing file /Users/andreasanditya/Downloads/572392_Andreas_AirflowETL/code/.venv/lib/python3.9/site-packages/airflow/example_dags/example_params_trigger_ui.py for tasks to queue
[2026-09-18T12:45:14.825+0700] {logging_mixin.py:190} INFO - [2026-09-18T12:45:14.825+0700] {dagbag.py:588} INFO - Filling up the DagBag from /Users/andreasanditya/Downloads/572392_Andreas_AirflowETL/code/.venv/lib/python3.9/site-packages/airflow/example_dags/example_params_trigger_ui.py
[2026-09-18T12:45:14.871+0700] {processor.py:925} INFO - DAG(s) 'example_params_trigger_ui' retrieved from /Users/andreasanditya/Downloads/572392_Andreas_AirflowETL/code/.venv/lib/python3.9/site-packages/airflow/example_dags/example_params_trigger_ui.py
[2026-09-18T12:45:14.943+0700] {logging_mixin.py:190} INFO - [2026-09-18T12:45:14.943+0700] {dag.py:3239} INFO - Sync 1 DAGs
[2026-09-18T12:45:14.949+0700] {logging_mixin.py:190} INFO - [2026-09-18T12:45:14.949+0700] {dag.py:4180} INFO - Setting next_dagrun for example_params_trigger_ui to None, run_after=None
[2026-09-18T12:45:14.958+0700] {processor.py:208} INFO - Processing /Users/andreasanditya/Downloads/572392_Andreas_AirflowETL/code/.venv/lib/python3.9/site-packages/airflow/example_dags/example_params_trigger_ui.py took 0.137 seconds
[2026-09-18T12:48:06.875+0700] {processor.py:186} INFO - Started process (PID=70047) to work on /Users/andreasanditya/Downloads/572392_Andreas_AirflowETL/code/.venv/lib/python3.9/site-packages/airflow/example_dags/example_params_trigger_ui.py
[2026-09-18T12:48:06.876+0700] {processor.py:914} INFO - Processing file /Users/andreasanditya/Downloads/572392_Andreas_AirflowETL/code/.venv/lib/python3.9/site-packages/airflow/example_dags/example_params_trigger_ui.py for tasks to queue
[2026-09-18T12:48:06.877+0700] {logging_mixin.py:190} INFO - [2026-09-18T12:48:06.876+0700] {dagbag.py:588} INFO - Filling up the DagBag from /Users/andreasanditya/Downloads/572392_Andreas_AirflowETL/code/.venv/lib/python3.9/site-packages/airflow/example_dags/example_params_trigger_ui.py
[2026-09-18T12:48:06.923+0700] {processor.py:925} INFO - DAG(s) 'example_params_trigger_ui' retrieved from /Users/andreasanditya/Downloads/572392_Andreas_AirflowETL/code/.venv/lib/python3.9/site-packages/airflow/example_dags/example_params_trigger_ui.py
[2026-09-18T12:48:06.996+0700] {logging_mixin.py:190} INFO - [2026-09-18T12:48:06.996+0700] {dag.py:3239} INFO - Sync 1 DAGs
[2026-09-18T12:48:07.002+0700] {logging_mixin.py:190} INFO - [2026-09-18T12:48:07.001+0700] {dag.py:4180} INFO - Setting next_dagrun for example_params_trigger_ui to None, run_after=None
[2026-09-18T12:48:07.012+0700] {processor.py:208} INFO - Processing /Users/andreasanditya/Downloads/572392_Andreas_AirflowETL/code/.venv/lib/python3.9/site-packages/airflow/example_dags/example_params_trigger_ui.py took 0.139 seconds
[2026-09-18T12:50:55.461+0700] {processor.py:186} INFO - Started process (PID=71751) to work on /Users/andreasanditya/Downloads/572392_Andreas_AirflowETL/code/.venv/lib/python3.9/site-packages/airflow/example_dags/example_params_trigger_ui.py
[2026-09-18T12:50:55.462+0700] {processor.py:914} INFO - Processing file /Users/andreasanditya/Downloads/572392_Andreas_AirflowETL/code/.venv/lib/python3.9/site-packages/airflow/example_dags/example_params_trigger_ui.py for tasks to queue
[2026-09-18T12:50:55.463+0700] {logging_mixin.py:190} INFO - [2026-09-18T12:50:55.463+0700] {dagbag.py:588} INFO - Filling up the DagBag from /Users/andreasanditya/Downloads/572392_Andreas_AirflowETL/code/.venv/lib/python3.9/site-packages/airflow/example_dags/example_params_trigger_ui.py
[2026-09-18T12:50:55.509+0700] {processor.py:925} INFO - DAG(s) 'example_params_trigger_ui' retrieved from /Users/andreasanditya/Downloads/572392_Andreas_AirflowETL/code/.venv/lib/python3.9/site-packages/airflow/example_dags/example_params_trigger_ui.py
[2026-09-18T12:50:55.581+0700] {logging_mixin.py:190} INFO - [2026-09-18T12:50:55.581+0700] {dag.py:3239} INFO - Sync 1 DAGs
[2026-09-18T12:50:55.587+0700] {logging_mixin.py:190} INFO - [2026-09-18T12:50:55.587+0700] {dag.py:4180} INFO - Setting next_dagrun for example_params_trigger_ui to None, run_after=None
[2026-09-18T12:50:55.597+0700] {processor.py:208} INFO - Processing /Users/andreasanditya/Downloads/572392_Andreas_AirflowETL/code/.venv/lib/python3.9/site-packages/airflow/example_dags/example_params_trigger_ui.py took 0.138 seconds
[2026-09-18T12:53:47.075+0700] {processor.py:186} INFO - Started process (PID=73460) to work on /Users/andreasanditya/Downloads/572392_Andreas_AirflowETL/code/.venv/lib/python3.9/site-packages/airflow/example_dags/example_params_trigger_ui.py
[2026-09-18T12:53:47.076+0700] {processor.py:914} INFO - Processing file /Users/andreasanditya/Downloads/572392_Andreas_AirflowETL/code/.venv/lib/python3.9/site-packages/airflow/example_dags/example_params_trigger_ui.py for tasks to queue
[2026-09-18T12:53:47.077+0700] {logging_mixin.py:190} INFO - [2026-09-18T12:53:47.077+0700] {dagbag.py:588} INFO - Filling up the DagBag from /Users/andreasanditya/Downloads/572392_Andreas_AirflowETL/code/.venv/lib/python3.9/site-packages/airflow/example_dags/example_params_trigger_ui.py
[2026-09-18T12:53:47.123+0700] {processor.py:925} INFO - DAG(s) 'example_params_trigger_ui' retrieved from /Users/andreasanditya/Downloads/572392_Andreas_AirflowETL/code/.venv/lib/python3.9/site-packages/airflow/example_dags/example_params_trigger_ui.py
[2026-09-18T12:53:47.195+0700] {logging_mixin.py:190} INFO - [2026-09-18T12:53:47.195+0700] {dag.py:3239} INFO - Sync 1 DAGs
[2026-09-18T12:53:47.201+0700] {logging_mixin.py:190} INFO - [2026-09-18T12:53:47.201+0700] {dag.py:4180} INFO - Setting next_dagrun for example_params_trigger_ui to None, run_after=None
[2026-09-18T12:53:47.211+0700] {processor.py:208} INFO - Processing /Users/andreasanditya/Downloads/572392_Andreas_AirflowETL/code/.venv/lib/python3.9/site-packages/airflow/example_dags/example_params_trigger_ui.py took 0.137 seconds
[2026-09-18T12:56:35.113+0700] {processor.py:186} INFO - Started process (PID=75213) to work on /Users/andreasanditya/Downloads/572392_Andreas_AirflowETL/code/.venv/lib/python3.9/site-packages/airflow/example_dags/example_params_trigger_ui.py
[2026-09-18T12:56:35.113+0700] {processor.py:914} INFO - Processing file /Users/andreasanditya/Downloads/572392_Andreas_AirflowETL/code/.venv/lib/python3.9/site-packages/airflow/example_dags/example_params_trigger_ui.py for tasks to queue
[2026-09-18T12:56:35.114+0700] {logging_mixin.py:190} INFO - [2026-09-18T12:56:35.114+0700] {dagbag.py:588} INFO - Filling up the DagBag from /Users/andreasanditya/Downloads/572392_Andreas_AirflowETL/code/.venv/lib/python3.9/site-packages/airflow/example_dags/example_params_trigger_ui.py
[2026-09-18T12:56:35.159+0700] {processor.py:925} INFO - DAG(s) 'example_params_trigger_ui' retrieved from /Users/andreasanditya/Downloads/572392_Andreas_AirflowETL/code/.venv/lib/python3.9/site-packages/airflow/example_dags/example_params_trigger_ui.py
[2026-09-18T12:56:35.232+0700] {logging_mixin.py:190} INFO - [2026-09-18T12:56:35.231+0700] {dag.py:3239} INFO - Sync 1 DAGs
[2026-09-18T12:56:35.237+0700] {logging_mixin.py:190} INFO - [2026-09-18T12:56:35.237+0700] {dag.py:4180} INFO - Setting next_dagrun for example_params_trigger_ui to None, run_after=None
[2026-09-18T12:56:35.247+0700] {processor.py:208} INFO - Processing /Users/andreasanditya/Downloads/572392_Andreas_AirflowETL/code/.venv/lib/python3.9/site-packages/airflow/example_dags/example_params_trigger_ui.py took 0.136 seconds
[2026-09-18T12:59:26.517+0700] {processor.py:186} INFO - Started process (PID=76984) to work on /Users/andreasanditya/Downloads/572392_Andreas_AirflowETL/code/.venv/lib/python3.9/site-packages/airflow/example_dags/example_params_trigger_ui.py
[2026-09-18T12:59:26.518+0700] {processor.py:914} INFO - Processing file /Users/andreasanditya/Downloads/572392_Andreas_AirflowETL/code/.venv/lib/python3.9/site-packages/airflow/example_dags/example_params_trigger_ui.py for tasks to queue
[2026-09-18T12:59:26.519+0700] {logging_mixin.py:190} INFO - [2026-09-18T12:59:26.519+0700] {dagbag.py:588} INFO - Filling up the DagBag from /Users/andreasanditya/Downloads/572392_Andreas_AirflowETL/code/.venv/lib/python3.9/site-packages/airflow/example_dags/example_params_trigger_ui.py
[2026-09-18T12:59:26.566+0700] {processor.py:925} INFO - DAG(s) 'example_params_trigger_ui' retrieved from /Users/andreasanditya/Downloads/572392_Andreas_AirflowETL/code/.venv/lib/python3.9/site-packages/airflow/example_dags/example_params_trigger_ui.py
[2026-09-18T12:59:26.638+0700] {logging_mixin.py:190} INFO - [2026-09-18T12:59:26.638+0700] {dag.py:3239} INFO - Sync 1 DAGs
[2026-09-18T12:59:26.644+0700] {logging_mixin.py:190} INFO - [2026-09-18T12:59:26.644+0700] {dag.py:4180} INFO - Setting next_dagrun for example_params_trigger_ui to None, run_after=None
[2026-09-18T12:59:26.653+0700] {processor.py:208} INFO - Processing /Users/andreasanditya/Downloads/572392_Andreas_AirflowETL/code/.venv/lib/python3.9/site-packages/airflow/example_dags/example_params_trigger_ui.py took 0.138 seconds
[2026-09-18T13:02:19.297+0700] {processor.py:186} INFO - Started process (PID=78736) to work on /Users/andreasanditya/Downloads/572392_Andreas_AirflowETL/code/.venv/lib/python3.9/site-packages/airflow/example_dags/example_params_trigger_ui.py
[2026-09-18T13:02:19.299+0700] {processor.py:914} INFO - Processing file /Users/andreasanditya/Downloads/572392_Andreas_AirflowETL/code/.venv/lib/python3.9/site-packages/airflow/example_dags/example_params_trigger_ui.py for tasks to queue
[2026-09-18T13:02:19.299+0700] {logging_mixin.py:190} INFO - [2026-09-18T13:02:19.299+0700] {dagbag.py:588} INFO - Filling up the DagBag from /Users/andreasanditya/Downloads/572392_Andreas_AirflowETL/code/.venv/lib/python3.9/site-packages/airflow/example_dags/example_params_trigger_ui.py
[2026-09-18T13:02:19.345+0700] {processor.py:925} INFO - DAG(s) 'example_params_trigger_ui' retrieved from /Users/andreasanditya/Downloads/572392_Andreas_AirflowETL/code/.venv/lib/python3.9/site-packages/airflow/example_dags/example_params_trigger_ui.py
[2026-09-18T13:02:19.417+0700] {logging_mixin.py:190} INFO - [2026-09-18T13:02:19.417+0700] {dag.py:3239} INFO - Sync 1 DAGs
[2026-09-18T13:02:19.423+0700] {logging_mixin.py:190} INFO - [2026-09-18T13:02:19.423+0700] {dag.py:4180} INFO - Setting next_dagrun for example_params_trigger_ui to None, run_after=None
[2026-09-18T13:02:19.433+0700] {processor.py:208} INFO - Processing /Users/andreasanditya/Downloads/572392_Andreas_AirflowETL/code/.venv/lib/python3.9/site-packages/airflow/example_dags/example_params_trigger_ui.py took 0.138 seconds
[2026-09-18T13:05:11.388+0700] {processor.py:186} INFO - Started process (PID=80514) to work on /Users/andreasanditya/Downloads/572392_Andreas_AirflowETL/code/.venv/lib/python3.9/site-packages/airflow/example_dags/example_params_trigger_ui.py
[2026-09-18T13:05:11.390+0700] {processor.py:914} INFO - Processing file /Users/andreasanditya/Downloads/572392_Andreas_AirflowETL/code/.venv/lib/python3.9/site-packages/airflow/example_dags/example_params_trigger_ui.py for tasks to queue
[2026-09-18T13:05:11.390+0700] {logging_mixin.py:190} INFO - [2026-09-18T13:05:11.390+0700] {dagbag.py:588} INFO - Filling up the DagBag from /Users/andreasanditya/Downloads/572392_Andreas_AirflowETL/code/.venv/lib/python3.9/site-packages/airflow/example_dags/example_params_trigger_ui.py
[2026-09-18T13:05:11.437+0700] {processor.py:925} INFO - DAG(s) 'example_params_trigger_ui' retrieved from /Users/andreasanditya/Downloads/572392_Andreas_AirflowETL/code/.venv/lib/python3.9/site-packages/airflow/example_dags/example_params_trigger_ui.py
[2026-09-18T13:05:11.511+0700] {logging_mixin.py:190} INFO - [2026-09-18T13:05:11.511+0700] {dag.py:3239} INFO - Sync 1 DAGs
[2026-09-18T13:05:11.517+0700] {logging_mixin.py:190} INFO - [2026-09-18T13:05:11.517+0700] {dag.py:4180} INFO - Setting next_dagrun for example_params_trigger_ui to None, run_after=None
[2026-09-18T13:05:11.526+0700] {processor.py:208} INFO - Processing /Users/andreasanditya/Downloads/572392_Andreas_AirflowETL/code/.venv/lib/python3.9/site-packages/airflow/example_dags/example_params_trigger_ui.py took 0.140 seconds
[2026-09-18T13:07:57.821+0700] {processor.py:186} INFO - Started process (PID=82190) to work on /Users/andreasanditya/Downloads/572392_Andreas_AirflowETL/code/.venv/lib/python3.9/site-packages/airflow/example_dags/example_params_trigger_ui.py
[2026-09-18T13:07:57.823+0700] {processor.py:914} INFO - Processing file /Users/andreasanditya/Downloads/572392_Andreas_AirflowETL/code/.venv/lib/python3.9/site-packages/airflow/example_dags/example_params_trigger_ui.py for tasks to queue
[2026-09-18T13:07:57.823+0700] {logging_mixin.py:190} INFO - [2026-09-18T13:07:57.823+0700] {dagbag.py:588} INFO - Filling up the DagBag from /Users/andreasanditya/Downloads/572392_Andreas_AirflowETL/code/.venv/lib/python3.9/site-packages/airflow/example_dags/example_params_trigger_ui.py
[2026-09-18T13:07:57.869+0700] {processor.py:925} INFO - DAG(s) 'example_params_trigger_ui' retrieved from /Users/andreasanditya/Downloads/572392_Andreas_AirflowETL/code/.venv/lib/python3.9/site-packages/airflow/example_dags/example_params_trigger_ui.py
[2026-09-18T13:07:57.941+0700] {logging_mixin.py:190} INFO - [2026-09-18T13:07:57.941+0700] {dag.py:3239} INFO - Sync 1 DAGs
[2026-09-18T13:07:57.947+0700] {logging_mixin.py:190} INFO - [2026-09-18T13:07:57.947+0700] {dag.py:4180} INFO - Setting next_dagrun for example_params_trigger_ui to None, run_after=None
[2026-09-18T13:07:57.957+0700] {processor.py:208} INFO - Processing /Users/andreasanditya/Downloads/572392_Andreas_AirflowETL/code/.venv/lib/python3.9/site-packages/airflow/example_dags/example_params_trigger_ui.py took 0.138 seconds
[2026-09-18T13:10:51.621+0700] {processor.py:186} INFO - Started process (PID=84021) to work on /Users/andreasanditya/Downloads/572392_Andreas_AirflowETL/code/.venv/lib/python3.9/site-packages/airflow/example_dags/example_params_trigger_ui.py
[2026-09-18T13:10:51.622+0700] {processor.py:914} INFO - Processing file /Users/andreasanditya/Downloads/572392_Andreas_AirflowETL/code/.venv/lib/python3.9/site-packages/airflow/example_dags/example_params_trigger_ui.py for tasks to queue
[2026-09-18T13:10:51.622+0700] {logging_mixin.py:190} INFO - [2026-09-18T13:10:51.622+0700] {dagbag.py:588} INFO - Filling up the DagBag from /Users/andreasanditya/Downloads/572392_Andreas_AirflowETL/code/.venv/lib/python3.9/site-packages/airflow/example_dags/example_params_trigger_ui.py
[2026-09-18T13:10:51.668+0700] {processor.py:925} INFO - DAG(s) 'example_params_trigger_ui' retrieved from /Users/andreasanditya/Downloads/572392_Andreas_AirflowETL/code/.venv/lib/python3.9/site-packages/airflow/example_dags/example_params_trigger_ui.py
[2026-09-18T13:10:51.740+0700] {logging_mixin.py:190} INFO - [2026-09-18T13:10:51.740+0700] {dag.py:3239} INFO - Sync 1 DAGs
[2026-09-18T13:10:51.746+0700] {logging_mixin.py:190} INFO - [2026-09-18T13:10:51.746+0700] {dag.py:4180} INFO - Setting next_dagrun for example_params_trigger_ui to None, run_after=None
[2026-09-18T13:10:51.756+0700] {processor.py:208} INFO - Processing /Users/andreasanditya/Downloads/572392_Andreas_AirflowETL/code/.venv/lib/python3.9/site-packages/airflow/example_dags/example_params_trigger_ui.py took 0.138 seconds
[2026-09-18T13:13:44.455+0700] {processor.py:186} INFO - Started process (PID=85781) to work on /Users/andreasanditya/Downloads/572392_Andreas_AirflowETL/code/.venv/lib/python3.9/site-packages/airflow/example_dags/example_params_trigger_ui.py
[2026-09-18T13:13:44.456+0700] {processor.py:914} INFO - Processing file /Users/andreasanditya/Downloads/572392_Andreas_AirflowETL/code/.venv/lib/python3.9/site-packages/airflow/example_dags/example_params_trigger_ui.py for tasks to queue
[2026-09-18T13:13:44.457+0700] {logging_mixin.py:190} INFO - [2026-09-18T13:13:44.457+0700] {dagbag.py:588} INFO - Filling up the DagBag from /Users/andreasanditya/Downloads/572392_Andreas_AirflowETL/code/.venv/lib/python3.9/site-packages/airflow/example_dags/example_params_trigger_ui.py
[2026-09-18T13:13:44.502+0700] {processor.py:925} INFO - DAG(s) 'example_params_trigger_ui' retrieved from /Users/andreasanditya/Downloads/572392_Andreas_AirflowETL/code/.venv/lib/python3.9/site-packages/airflow/example_dags/example_params_trigger_ui.py
[2026-09-18T13:13:44.574+0700] {logging_mixin.py:190} INFO - [2026-09-18T13:13:44.574+0700] {dag.py:3239} INFO - Sync 1 DAGs
[2026-09-18T13:13:44.580+0700] {logging_mixin.py:190} INFO - [2026-09-18T13:13:44.580+0700] {dag.py:4180} INFO - Setting next_dagrun for example_params_trigger_ui to None, run_after=None
[2026-09-18T13:13:44.590+0700] {processor.py:208} INFO - Processing /Users/andreasanditya/Downloads/572392_Andreas_AirflowETL/code/.venv/lib/python3.9/site-packages/airflow/example_dags/example_params_trigger_ui.py took 0.137 seconds
[2026-09-18T13:16:37.046+0700] {processor.py:186} INFO - Started process (PID=87516) to work on /Users/andreasanditya/Downloads/572392_Andreas_AirflowETL/code/.venv/lib/python3.9/site-packages/airflow/example_dags/example_params_trigger_ui.py
[2026-09-18T13:16:37.047+0700] {processor.py:914} INFO - Processing file /Users/andreasanditya/Downloads/572392_Andreas_AirflowETL/code/.venv/lib/python3.9/site-packages/airflow/example_dags/example_params_trigger_ui.py for tasks to queue
[2026-09-18T13:16:37.048+0700] {logging_mixin.py:190} INFO - [2026-09-18T13:16:37.048+0700] {dagbag.py:588} INFO - Filling up the DagBag from /Users/andreasanditya/Downloads/572392_Andreas_AirflowETL/code/.venv/lib/python3.9/site-packages/airflow/example_dags/example_params_trigger_ui.py
[2026-09-18T13:16:37.093+0700] {processor.py:925} INFO - DAG(s) 'example_params_trigger_ui' retrieved from /Users/andreasanditya/Downloads/572392_Andreas_AirflowETL/code/.venv/lib/python3.9/site-packages/airflow/example_dags/example_params_trigger_ui.py
[2026-09-18T13:16:37.165+0700] {logging_mixin.py:190} INFO - [2026-09-18T13:16:37.165+0700] {dag.py:3239} INFO - Sync 1 DAGs
[2026-09-18T13:16:37.171+0700] {logging_mixin.py:190} INFO - [2026-09-18T13:16:37.171+0700] {dag.py:4180} INFO - Setting next_dagrun for example_params_trigger_ui to None, run_after=None
[2026-09-18T13:16:37.181+0700] {processor.py:208} INFO - Processing /Users/andreasanditya/Downloads/572392_Andreas_AirflowETL/code/.venv/lib/python3.9/site-packages/airflow/example_dags/example_params_trigger_ui.py took 0.137 seconds
[2026-09-18T13:19:26.186+0700] {processor.py:186} INFO - Started process (PID=89170) to work on /Users/andreasanditya/Downloads/572392_Andreas_AirflowETL/code/.venv/lib/python3.9/site-packages/airflow/example_dags/example_params_trigger_ui.py
[2026-09-18T13:19:26.187+0700] {processor.py:914} INFO - Processing file /Users/andreasanditya/Downloads/572392_Andreas_AirflowETL/code/.venv/lib/python3.9/site-packages/airflow/example_dags/example_params_trigger_ui.py for tasks to queue
[2026-09-18T13:19:26.187+0700] {logging_mixin.py:190} INFO - [2026-09-18T13:19:26.187+0700] {dagbag.py:588} INFO - Filling up the DagBag from /Users/andreasanditya/Downloads/572392_Andreas_AirflowETL/code/.venv/lib/python3.9/site-packages/airflow/example_dags/example_params_trigger_ui.py
[2026-09-18T13:19:26.233+0700] {processor.py:925} INFO - DAG(s) 'example_params_trigger_ui' retrieved from /Users/andreasanditya/Downloads/572392_Andreas_AirflowETL/code/.venv/lib/python3.9/site-packages/airflow/example_dags/example_params_trigger_ui.py
[2026-09-18T13:19:26.305+0700] {logging_mixin.py:190} INFO - [2026-09-18T13:19:26.305+0700] {dag.py:3239} INFO - Sync 1 DAGs
[2026-09-18T13:19:26.311+0700] {logging_mixin.py:190} INFO - [2026-09-18T13:19:26.311+0700] {dag.py:4180} INFO - Setting next_dagrun for example_params_trigger_ui to None, run_after=None
[2026-09-18T13:19:26.321+0700] {processor.py:208} INFO - Processing /Users/andreasanditya/Downloads/572392_Andreas_AirflowETL/code/.venv/lib/python3.9/site-packages/airflow/example_dags/example_params_trigger_ui.py took 0.137 seconds
[2026-09-18T13:22:15.383+0700] {processor.py:186} INFO - Started process (PID=90917) to work on /Users/andreasanditya/Downloads/572392_Andreas_AirflowETL/code/.venv/lib/python3.9/site-packages/airflow/example_dags/example_params_trigger_ui.py
[2026-09-18T13:22:15.384+0700] {processor.py:914} INFO - Processing file /Users/andreasanditya/Downloads/572392_Andreas_AirflowETL/code/.venv/lib/python3.9/site-packages/airflow/example_dags/example_params_trigger_ui.py for tasks to queue
[2026-09-18T13:22:15.385+0700] {logging_mixin.py:190} INFO - [2026-09-18T13:22:15.385+0700] {dagbag.py:588} INFO - Filling up the DagBag from /Users/andreasanditya/Downloads/572392_Andreas_AirflowETL/code/.venv/lib/python3.9/site-packages/airflow/example_dags/example_params_trigger_ui.py
[2026-09-18T13:22:15.430+0700] {processor.py:925} INFO - DAG(s) 'example_params_trigger_ui' retrieved from /Users/andreasanditya/Downloads/572392_Andreas_AirflowETL/code/.venv/lib/python3.9/site-packages/airflow/example_dags/example_params_trigger_ui.py
[2026-09-18T13:22:15.502+0700] {logging_mixin.py:190} INFO - [2026-09-18T13:22:15.502+0700] {dag.py:3239} INFO - Sync 1 DAGs
[2026-09-18T13:22:15.508+0700] {logging_mixin.py:190} INFO - [2026-09-18T13:22:15.508+0700] {dag.py:4180} INFO - Setting next_dagrun for example_params_trigger_ui to None, run_after=None
[2026-09-18T13:22:15.518+0700] {processor.py:208} INFO - Processing /Users/andreasanditya/Downloads/572392_Andreas_AirflowETL/code/.venv/lib/python3.9/site-packages/airflow/example_dags/example_params_trigger_ui.py took 0.137 seconds
[2026-09-18T13:25:03.901+0700] {processor.py:186} INFO - Started process (PID=92724) to work on /Users/andreasanditya/Downloads/572392_Andreas_AirflowETL/code/.venv/lib/python3.9/site-packages/airflow/example_dags/example_params_trigger_ui.py
[2026-09-18T13:25:03.902+0700] {processor.py:914} INFO - Processing file /Users/andreasanditya/Downloads/572392_Andreas_AirflowETL/code/.venv/lib/python3.9/site-packages/airflow/example_dags/example_params_trigger_ui.py for tasks to queue
[2026-09-18T13:25:03.903+0700] {logging_mixin.py:190} INFO - [2026-09-18T13:25:03.903+0700] {dagbag.py:588} INFO - Filling up the DagBag from /Users/andreasanditya/Downloads/572392_Andreas_AirflowETL/code/.venv/lib/python3.9/site-packages/airflow/example_dags/example_params_trigger_ui.py
[2026-09-18T13:25:03.949+0700] {processor.py:925} INFO - DAG(s) 'example_params_trigger_ui' retrieved from /Users/andreasanditya/Downloads/572392_Andreas_AirflowETL/code/.venv/lib/python3.9/site-packages/airflow/example_dags/example_params_trigger_ui.py
[2026-09-18T13:25:04.021+0700] {logging_mixin.py:190} INFO - [2026-09-18T13:25:04.021+0700] {dag.py:3239} INFO - Sync 1 DAGs
[2026-09-18T13:25:04.027+0700] {logging_mixin.py:190} INFO - [2026-09-18T13:25:04.027+0700] {dag.py:4180} INFO - Setting next_dagrun for example_params_trigger_ui to None, run_after=None
[2026-09-18T13:25:04.037+0700] {processor.py:208} INFO - Processing /Users/andreasanditya/Downloads/572392_Andreas_AirflowETL/code/.venv/lib/python3.9/site-packages/airflow/example_dags/example_params_trigger_ui.py took 0.138 seconds
[2026-09-18T13:28:02.796+0700] {processor.py:186} INFO - Started process (PID=94686) to work on /Users/andreasanditya/Downloads/572392_Andreas_AirflowETL/code/.venv/lib/python3.9/site-packages/airflow/example_dags/example_params_trigger_ui.py
[2026-09-18T13:28:02.797+0700] {processor.py:914} INFO - Processing file /Users/andreasanditya/Downloads/572392_Andreas_AirflowETL/code/.venv/lib/python3.9/site-packages/airflow/example_dags/example_params_trigger_ui.py for tasks to queue
[2026-09-18T13:28:02.798+0700] {logging_mixin.py:190} INFO - [2026-09-18T13:28:02.798+0700] {dagbag.py:588} INFO - Filling up the DagBag from /Users/andreasanditya/Downloads/572392_Andreas_AirflowETL/code/.venv/lib/python3.9/site-packages/airflow/example_dags/example_params_trigger_ui.py
[2026-09-18T13:28:02.845+0700] {processor.py:925} INFO - DAG(s) 'example_params_trigger_ui' retrieved from /Users/andreasanditya/Downloads/572392_Andreas_AirflowETL/code/.venv/lib/python3.9/site-packages/airflow/example_dags/example_params_trigger_ui.py
[2026-09-18T13:28:02.919+0700] {logging_mixin.py:190} INFO - [2026-09-18T13:28:02.919+0700] {dag.py:3239} INFO - Sync 1 DAGs
[2026-09-18T13:28:02.925+0700] {logging_mixin.py:190} INFO - [2026-09-18T13:28:02.925+0700] {dag.py:4180} INFO - Setting next_dagrun for example_params_trigger_ui to None, run_after=None
[2026-09-18T13:28:02.935+0700] {processor.py:208} INFO - Processing /Users/andreasanditya/Downloads/572392_Andreas_AirflowETL/code/.venv/lib/python3.9/site-packages/airflow/example_dags/example_params_trigger_ui.py took 0.141 seconds
[2026-09-18T13:31:02.992+0700] {processor.py:186} INFO - Started process (PID=96738) to work on /Users/andreasanditya/Downloads/572392_Andreas_AirflowETL/code/.venv/lib/python3.9/site-packages/airflow/example_dags/example_params_trigger_ui.py
[2026-09-18T13:31:02.993+0700] {processor.py:914} INFO - Processing file /Users/andreasanditya/Downloads/572392_Andreas_AirflowETL/code/.venv/lib/python3.9/site-packages/airflow/example_dags/example_params_trigger_ui.py for tasks to queue
[2026-09-18T13:31:02.994+0700] {logging_mixin.py:190} INFO - [2026-09-18T13:31:02.994+0700] {dagbag.py:588} INFO - Filling up the DagBag from /Users/andreasanditya/Downloads/572392_Andreas_AirflowETL/code/.venv/lib/python3.9/site-packages/airflow/example_dags/example_params_trigger_ui.py
[2026-09-18T13:31:03.042+0700] {processor.py:925} INFO - DAG(s) 'example_params_trigger_ui' retrieved from /Users/andreasanditya/Downloads/572392_Andreas_AirflowETL/code/.venv/lib/python3.9/site-packages/airflow/example_dags/example_params_trigger_ui.py
[2026-09-18T13:31:03.115+0700] {logging_mixin.py:190} INFO - [2026-09-18T13:31:03.114+0700] {dag.py:3239} INFO - Sync 1 DAGs
[2026-09-18T13:31:03.122+0700] {logging_mixin.py:190} INFO - [2026-09-18T13:31:03.122+0700] {dag.py:4180} INFO - Setting next_dagrun for example_params_trigger_ui to None, run_after=None
[2026-09-18T13:31:03.132+0700] {processor.py:208} INFO - Processing /Users/andreasanditya/Downloads/572392_Andreas_AirflowETL/code/.venv/lib/python3.9/site-packages/airflow/example_dags/example_params_trigger_ui.py took 0.143 seconds
[2026-09-18T13:33:57.263+0700] {processor.py:186} INFO - Started process (PID=98525) to work on /Users/andreasanditya/Downloads/572392_Andreas_AirflowETL/code/.venv/lib/python3.9/site-packages/airflow/example_dags/example_params_trigger_ui.py
[2026-09-18T13:33:57.264+0700] {processor.py:914} INFO - Processing file /Users/andreasanditya/Downloads/572392_Andreas_AirflowETL/code/.venv/lib/python3.9/site-packages/airflow/example_dags/example_params_trigger_ui.py for tasks to queue
[2026-09-18T13:33:57.265+0700] {logging_mixin.py:190} INFO - [2026-09-18T13:33:57.265+0700] {dagbag.py:588} INFO - Filling up the DagBag from /Users/andreasanditya/Downloads/572392_Andreas_AirflowETL/code/.venv/lib/python3.9/site-packages/airflow/example_dags/example_params_trigger_ui.py
[2026-09-18T13:33:57.311+0700] {processor.py:925} INFO - DAG(s) 'example_params_trigger_ui' retrieved from /Users/andreasanditya/Downloads/572392_Andreas_AirflowETL/code/.venv/lib/python3.9/site-packages/airflow/example_dags/example_params_trigger_ui.py
[2026-09-18T13:33:57.384+0700] {logging_mixin.py:190} INFO - [2026-09-18T13:33:57.384+0700] {dag.py:3239} INFO - Sync 1 DAGs
[2026-09-18T13:33:57.390+0700] {logging_mixin.py:190} INFO - [2026-09-18T13:33:57.390+0700] {dag.py:4180} INFO - Setting next_dagrun for example_params_trigger_ui to None, run_after=None
[2026-09-18T13:33:57.400+0700] {processor.py:208} INFO - Processing /Users/andreasanditya/Downloads/572392_Andreas_AirflowETL/code/.venv/lib/python3.9/site-packages/airflow/example_dags/example_params_trigger_ui.py took 0.139 seconds
[2026-09-18T13:36:52.376+0700] {processor.py:186} INFO - Started process (PID=474) to work on /Users/andreasanditya/Downloads/572392_Andreas_AirflowETL/code/.venv/lib/python3.9/site-packages/airflow/example_dags/example_params_trigger_ui.py
[2026-09-18T13:36:52.377+0700] {processor.py:914} INFO - Processing file /Users/andreasanditya/Downloads/572392_Andreas_AirflowETL/code/.venv/lib/python3.9/site-packages/airflow/example_dags/example_params_trigger_ui.py for tasks to queue
[2026-09-18T13:36:52.378+0700] {logging_mixin.py:190} INFO - [2026-09-18T13:36:52.378+0700] {dagbag.py:588} INFO - Filling up the DagBag from /Users/andreasanditya/Downloads/572392_Andreas_AirflowETL/code/.venv/lib/python3.9/site-packages/airflow/example_dags/example_params_trigger_ui.py
[2026-09-18T13:36:52.427+0700] {processor.py:925} INFO - DAG(s) 'example_params_trigger_ui' retrieved from /Users/andreasanditya/Downloads/572392_Andreas_AirflowETL/code/.venv/lib/python3.9/site-packages/airflow/example_dags/example_params_trigger_ui.py
[2026-09-18T13:36:52.501+0700] {logging_mixin.py:190} INFO - [2026-09-18T13:36:52.501+0700] {dag.py:3239} INFO - Sync 1 DAGs
[2026-09-18T13:36:52.508+0700] {logging_mixin.py:190} INFO - [2026-09-18T13:36:52.508+0700] {dag.py:4180} INFO - Setting next_dagrun for example_params_trigger_ui to None, run_after=None
[2026-09-18T13:36:52.518+0700] {processor.py:208} INFO - Processing /Users/andreasanditya/Downloads/572392_Andreas_AirflowETL/code/.venv/lib/python3.9/site-packages/airflow/example_dags/example_params_trigger_ui.py took 0.144 seconds
