[2026-09-18T11:18:04.453+0700] {processor.py:186} INFO - Started process (PID=11088) to work on /Users/andreasanditya/Downloads/572392_Andreas_AirflowETL/code/.venv/lib/python3.9/site-packages/airflow/example_dags/example_datasets.py
[2026-09-18T11:18:04.454+0700] {processor.py:914} INFO - Processing file /Users/andreasanditya/Downloads/572392_Andreas_AirflowETL/code/.venv/lib/python3.9/site-packages/airflow/example_dags/example_datasets.py for tasks to queue
[2026-09-18T11:18:04.455+0700] {logging_mixin.py:190} INFO - [2026-09-18T11:18:04.454+0700] {dagbag.py:588} INFO - Filling up the DagBag from /Users/andreasanditya/Downloads/572392_Andreas_AirflowETL/code/.venv/lib/python3.9/site-packages/airflow/example_dags/example_datasets.py
[2026-09-18T11:18:04.484+0700] {processor.py:925} INFO - DAG(s) 'consume_1_and_2_with_dataset_expressions', 'dataset_consumes_1_never_scheduled', 'conditional_dataset_and_time_based_timetable', 'dataset_consumes_1', 'consume_1_or_both_2_and_3_with_dataset_expressions', 'dataset_produces_2', 'dataset_consumes_unknown_never_scheduled', 'consume_1_or_2_with_dataset_expressions', 'dataset_consumes_1_and_2', 'dataset_produces_1' retrieved from /Users/andreasanditya/Downloads/572392_Andreas_AirflowETL/code/.venv/lib/python3.9/site-packages/airflow/example_dags/example_datasets.py
[2026-09-18T11:18:04.619+0700] {logging_mixin.py:190} INFO - [2026-09-18T11:18:04.618+0700] {override.py:1912} INFO - Created Permission View: can delete on DAG:consume_1_and_2_with_dataset_expressions
[2026-09-18T11:18:04.623+0700] {logging_mixin.py:190} INFO - [2026-09-18T11:18:04.623+0700] {override.py:1912} INFO - Created Permission View: can read on DAG:consume_1_and_2_with_dataset_expressions
[2026-09-18T11:18:04.626+0700] {logging_mixin.py:190} INFO - [2026-09-18T11:18:04.626+0700] {override.py:1912} INFO - Created Permission View: can edit on DAG:consume_1_and_2_with_dataset_expressions
[2026-09-18T11:18:04.630+0700] {logging_mixin.py:190} INFO - [2026-09-18T11:18:04.630+0700] {override.py:1912} INFO - Created Permission View: can delete on DAG Run:consume_1_and_2_with_dataset_expressions
[2026-09-18T11:18:04.633+0700] {logging_mixin.py:190} INFO - [2026-09-18T11:18:04.633+0700] {override.py:1912} INFO - Created Permission View: menu access on DAG Run:consume_1_and_2_with_dataset_expressions
[2026-09-18T11:18:04.636+0700] {logging_mixin.py:190} INFO - [2026-09-18T11:18:04.636+0700] {override.py:1912} INFO - Created Permission View: can create on DAG Run:consume_1_and_2_with_dataset_expressions
[2026-09-18T11:18:04.639+0700] {logging_mixin.py:190} INFO - [2026-09-18T11:18:04.639+0700] {override.py:1912} INFO - Created Permission View: can read on DAG Run:consume_1_and_2_with_dataset_expressions
[2026-09-18T11:18:04.645+0700] {logging_mixin.py:190} INFO - [2026-09-18T11:18:04.645+0700] {override.py:1912} INFO - Created Permission View: can delete on DAG:dataset_consumes_1_never_scheduled
[2026-09-18T11:18:04.648+0700] {logging_mixin.py:190} INFO - [2026-09-18T11:18:04.648+0700] {override.py:1912} INFO - Created Permission View: can read on DAG:dataset_consumes_1_never_scheduled
[2026-09-18T11:18:04.651+0700] {logging_mixin.py:190} INFO - [2026-09-18T11:18:04.651+0700] {override.py:1912} INFO - Created Permission View: can edit on DAG:dataset_consumes_1_never_scheduled
[2026-09-18T11:18:04.655+0700] {logging_mixin.py:190} INFO - [2026-09-18T11:18:04.655+0700] {override.py:1912} INFO - Created Permission View: can delete on DAG Run:dataset_consumes_1_never_scheduled
[2026-09-18T11:18:04.658+0700] {logging_mixin.py:190} INFO - [2026-09-18T11:18:04.657+0700] {override.py:1912} INFO - Created Permission View: menu access on DAG Run:dataset_consumes_1_never_scheduled
[2026-09-18T11:18:04.660+0700] {logging_mixin.py:190} INFO - [2026-09-18T11:18:04.660+0700] {override.py:1912} INFO - Created Permission View: can create on DAG Run:dataset_consumes_1_never_scheduled
[2026-09-18T11:18:04.663+0700] {logging_mixin.py:190} INFO - [2026-09-18T11:18:04.663+0700] {override.py:1912} INFO - Created Permission View: can read on DAG Run:dataset_consumes_1_never_scheduled
[2026-09-18T11:18:04.670+0700] {logging_mixin.py:190} INFO - [2026-09-18T11:18:04.669+0700] {override.py:1912} INFO - Created Permission View: can delete on DAG:conditional_dataset_and_time_based_timetable
[2026-09-18T11:18:04.672+0700] {logging_mixin.py:190} INFO - [2026-09-18T11:18:04.672+0700] {override.py:1912} INFO - Created Permission View: can read on DAG:conditional_dataset_and_time_based_timetable
[2026-09-18T11:18:04.675+0700] {logging_mixin.py:190} INFO - [2026-09-18T11:18:04.675+0700] {override.py:1912} INFO - Created Permission View: can edit on DAG:conditional_dataset_and_time_based_timetable
[2026-09-18T11:18:04.679+0700] {logging_mixin.py:190} INFO - [2026-09-18T11:18:04.679+0700] {override.py:1912} INFO - Created Permission View: can delete on DAG Run:conditional_dataset_and_time_based_timetable
[2026-09-18T11:18:04.682+0700] {logging_mixin.py:190} INFO - [2026-09-18T11:18:04.682+0700] {override.py:1912} INFO - Created Permission View: menu access on DAG Run:conditional_dataset_and_time_based_timetable
[2026-09-18T11:18:04.685+0700] {logging_mixin.py:190} INFO - [2026-09-18T11:18:04.685+0700] {override.py:1912} INFO - Created Permission View: can create on DAG Run:conditional_dataset_and_time_based_timetable
[2026-09-18T11:18:04.688+0700] {logging_mixin.py:190} INFO - [2026-09-18T11:18:04.688+0700] {override.py:1912} INFO - Created Permission View: can read on DAG Run:conditional_dataset_and_time_based_timetable
[2026-09-18T11:18:04.694+0700] {logging_mixin.py:190} INFO - [2026-09-18T11:18:04.694+0700] {override.py:1912} INFO - Created Permission View: can delete on DAG:dataset_consumes_1
[2026-09-18T11:18:04.697+0700] {logging_mixin.py:190} INFO - [2026-09-18T11:18:04.697+0700] {override.py:1912} INFO - Created Permission View: can read on DAG:dataset_consumes_1
[2026-09-18T11:18:04.700+0700] {logging_mixin.py:190} INFO - [2026-09-18T11:18:04.700+0700] {override.py:1912} INFO - Created Permission View: can edit on DAG:dataset_consumes_1
[2026-09-18T11:18:04.704+0700] {logging_mixin.py:190} INFO - [2026-09-18T11:18:04.704+0700] {override.py:1912} INFO - Created Permission View: can delete on DAG Run:dataset_consumes_1
[2026-09-18T11:18:04.706+0700] {logging_mixin.py:190} INFO - [2026-09-18T11:18:04.706+0700] {override.py:1912} INFO - Created Permission View: menu access on DAG Run:dataset_consumes_1
[2026-09-18T11:18:04.709+0700] {logging_mixin.py:190} INFO - [2026-09-18T11:18:04.709+0700] {override.py:1912} INFO - Created Permission View: can create on DAG Run:dataset_consumes_1
[2026-09-18T11:18:04.712+0700] {logging_mixin.py:190} INFO - [2026-09-18T11:18:04.712+0700] {override.py:1912} INFO - Created Permission View: can read on DAG Run:dataset_consumes_1
[2026-09-18T11:18:04.718+0700] {logging_mixin.py:190} INFO - [2026-09-18T11:18:04.718+0700] {override.py:1912} INFO - Created Permission View: can delete on DAG:consume_1_or_both_2_and_3_with_dataset_expressions
[2026-09-18T11:18:04.721+0700] {logging_mixin.py:190} INFO - [2026-09-18T11:18:04.721+0700] {override.py:1912} INFO - Created Permission View: can read on DAG:consume_1_or_both_2_and_3_with_dataset_expressions
[2026-09-18T11:18:04.724+0700] {logging_mixin.py:190} INFO - [2026-09-18T11:18:04.724+0700] {override.py:1912} INFO - Created Permission View: can edit on DAG:consume_1_or_both_2_and_3_with_dataset_expressions
[2026-09-18T11:18:04.728+0700] {logging_mixin.py:190} INFO - [2026-09-18T11:18:04.728+0700] {override.py:1912} INFO - Created Permission View: can delete on DAG Run:consume_1_or_both_2_and_3_with_dataset_expressions
[2026-09-18T11:18:04.731+0700] {logging_mixin.py:190} INFO - [2026-09-18T11:18:04.731+0700] {override.py:1912} INFO - Created Permission View: menu access on DAG Run:consume_1_or_both_2_and_3_with_dataset_expressions
[2026-09-18T11:18:04.734+0700] {logging_mixin.py:190} INFO - [2026-09-18T11:18:04.734+0700] {override.py:1912} INFO - Created Permission View: can create on DAG Run:consume_1_or_both_2_and_3_with_dataset_expressions
[2026-09-18T11:18:04.737+0700] {logging_mixin.py:190} INFO - [2026-09-18T11:18:04.737+0700] {override.py:1912} INFO - Created Permission View: can read on DAG Run:consume_1_or_both_2_and_3_with_dataset_expressions
[2026-09-18T11:18:04.743+0700] {logging_mixin.py:190} INFO - [2026-09-18T11:18:04.743+0700] {override.py:1912} INFO - Created Permission View: can delete on DAG:dataset_produces_2
[2026-09-18T11:18:04.745+0700] {logging_mixin.py:190} INFO - [2026-09-18T11:18:04.745+0700] {override.py:1912} INFO - Created Permission View: can read on DAG:dataset_produces_2
[2026-09-18T11:18:04.749+0700] {logging_mixin.py:190} INFO - [2026-09-18T11:18:04.748+0700] {override.py:1912} INFO - Created Permission View: can edit on DAG:dataset_produces_2
[2026-09-18T11:18:04.752+0700] {logging_mixin.py:190} INFO - [2026-09-18T11:18:04.752+0700] {override.py:1912} INFO - Created Permission View: can delete on DAG Run:dataset_produces_2
[2026-09-18T11:18:04.755+0700] {logging_mixin.py:190} INFO - [2026-09-18T11:18:04.755+0700] {override.py:1912} INFO - Created Permission View: menu access on DAG Run:dataset_produces_2
[2026-09-18T11:18:04.758+0700] {logging_mixin.py:190} INFO - [2026-09-18T11:18:04.758+0700] {override.py:1912} INFO - Created Permission View: can create on DAG Run:dataset_produces_2
[2026-09-18T11:18:04.761+0700] {logging_mixin.py:190} INFO - [2026-09-18T11:18:04.761+0700] {override.py:1912} INFO - Created Permission View: can read on DAG Run:dataset_produces_2
[2026-09-18T11:18:04.767+0700] {logging_mixin.py:190} INFO - [2026-09-18T11:18:04.767+0700] {override.py:1912} INFO - Created Permission View: can delete on DAG:dataset_consumes_unknown_never_scheduled
[2026-09-18T11:18:04.770+0700] {logging_mixin.py:190} INFO - [2026-09-18T11:18:04.770+0700] {override.py:1912} INFO - Created Permission View: can read on DAG:dataset_consumes_unknown_never_scheduled
[2026-09-18T11:18:04.773+0700] {logging_mixin.py:190} INFO - [2026-09-18T11:18:04.772+0700] {override.py:1912} INFO - Created Permission View: can edit on DAG:dataset_consumes_unknown_never_scheduled
[2026-09-18T11:18:04.776+0700] {logging_mixin.py:190} INFO - [2026-09-18T11:18:04.776+0700] {override.py:1912} INFO - Created Permission View: can delete on DAG Run:dataset_consumes_unknown_never_scheduled
[2026-09-18T11:18:04.779+0700] {logging_mixin.py:190} INFO - [2026-09-18T11:18:04.779+0700] {override.py:1912} INFO - Created Permission View: menu access on DAG Run:dataset_consumes_unknown_never_scheduled
[2026-09-18T11:18:04.782+0700] {logging_mixin.py:190} INFO - [2026-09-18T11:18:04.782+0700] {override.py:1912} INFO - Created Permission View: can create on DAG Run:dataset_consumes_unknown_never_scheduled
[2026-09-18T11:18:04.785+0700] {logging_mixin.py:190} INFO - [2026-09-18T11:18:04.785+0700] {override.py:1912} INFO - Created Permission View: can read on DAG Run:dataset_consumes_unknown_never_scheduled
[2026-09-18T11:18:04.791+0700] {logging_mixin.py:190} INFO - [2026-09-18T11:18:04.791+0700] {override.py:1912} INFO - Created Permission View: can delete on DAG:consume_1_or_2_with_dataset_expressions
[2026-09-18T11:18:04.794+0700] {logging_mixin.py:190} INFO - [2026-09-18T11:18:04.794+0700] {override.py:1912} INFO - Created Permission View: can read on DAG:consume_1_or_2_with_dataset_expressions
[2026-09-18T11:18:04.797+0700] {logging_mixin.py:190} INFO - [2026-09-18T11:18:04.797+0700] {override.py:1912} INFO - Created Permission View: can edit on DAG:consume_1_or_2_with_dataset_expressions
[2026-09-18T11:18:04.801+0700] {logging_mixin.py:190} INFO - [2026-09-18T11:18:04.801+0700] {override.py:1912} INFO - Created Permission View: can delete on DAG Run:consume_1_or_2_with_dataset_expressions
[2026-09-18T11:18:04.804+0700] {logging_mixin.py:190} INFO - [2026-09-18T11:18:04.804+0700] {override.py:1912} INFO - Created Permission View: menu access on DAG Run:consume_1_or_2_with_dataset_expressions
[2026-09-18T11:18:04.807+0700] {logging_mixin.py:190} INFO - [2026-09-18T11:18:04.806+0700] {override.py:1912} INFO - Created Permission View: can create on DAG Run:consume_1_or_2_with_dataset_expressions
[2026-09-18T11:18:04.809+0700] {logging_mixin.py:190} INFO - [2026-09-18T11:18:04.809+0700] {override.py:1912} INFO - Created Permission View: can read on DAG Run:consume_1_or_2_with_dataset_expressions
[2026-09-18T11:18:04.815+0700] {logging_mixin.py:190} INFO - [2026-09-18T11:18:04.815+0700] {override.py:1912} INFO - Created Permission View: can delete on DAG:dataset_consumes_1_and_2
[2026-09-18T11:18:04.818+0700] {logging_mixin.py:190} INFO - [2026-09-18T11:18:04.818+0700] {override.py:1912} INFO - Created Permission View: can read on DAG:dataset_consumes_1_and_2
[2026-09-18T11:18:04.821+0700] {logging_mixin.py:190} INFO - [2026-09-18T11:18:04.821+0700] {override.py:1912} INFO - Created Permission View: can edit on DAG:dataset_consumes_1_and_2
[2026-09-18T11:18:04.825+0700] {logging_mixin.py:190} INFO - [2026-09-18T11:18:04.825+0700] {override.py:1912} INFO - Created Permission View: can delete on DAG Run:dataset_consumes_1_and_2
[2026-09-18T11:18:04.828+0700] {logging_mixin.py:190} INFO - [2026-09-18T11:18:04.828+0700] {override.py:1912} INFO - Created Permission View: menu access on DAG Run:dataset_consumes_1_and_2
[2026-09-18T11:18:04.831+0700] {logging_mixin.py:190} INFO - [2026-09-18T11:18:04.831+0700] {override.py:1912} INFO - Created Permission View: can create on DAG Run:dataset_consumes_1_and_2
[2026-09-18T11:18:04.834+0700] {logging_mixin.py:190} INFO - [2026-09-18T11:18:04.834+0700] {override.py:1912} INFO - Created Permission View: can read on DAG Run:dataset_consumes_1_and_2
[2026-09-18T11:18:04.840+0700] {logging_mixin.py:190} INFO - [2026-09-18T11:18:04.840+0700] {override.py:1912} INFO - Created Permission View: can delete on DAG:dataset_produces_1
[2026-09-18T11:18:04.843+0700] {logging_mixin.py:190} INFO - [2026-09-18T11:18:04.843+0700] {override.py:1912} INFO - Created Permission View: can read on DAG:dataset_produces_1
[2026-09-18T11:18:04.846+0700] {logging_mixin.py:190} INFO - [2026-09-18T11:18:04.846+0700] {override.py:1912} INFO - Created Permission View: can edit on DAG:dataset_produces_1
[2026-09-18T11:18:04.850+0700] {logging_mixin.py:190} INFO - [2026-09-18T11:18:04.850+0700] {override.py:1912} INFO - Created Permission View: can delete on DAG Run:dataset_produces_1
[2026-09-18T11:18:04.852+0700] {logging_mixin.py:190} INFO - [2026-09-18T11:18:04.852+0700] {override.py:1912} INFO - Created Permission View: menu access on DAG Run:dataset_produces_1
[2026-09-18T11:18:04.855+0700] {logging_mixin.py:190} INFO - [2026-09-18T11:18:04.855+0700] {override.py:1912} INFO - Created Permission View: can create on DAG Run:dataset_produces_1
[2026-09-18T11:18:04.858+0700] {logging_mixin.py:190} INFO - [2026-09-18T11:18:04.858+0700] {override.py:1912} INFO - Created Permission View: can read on DAG Run:dataset_produces_1
[2026-09-18T11:18:04.858+0700] {logging_mixin.py:190} INFO - [2026-09-18T11:18:04.858+0700] {dag.py:3239} INFO - Sync 10 DAGs
[2026-09-18T11:18:04.865+0700] {logging_mixin.py:190} INFO - [2026-09-18T11:18:04.865+0700] {dag.py:3262} INFO - Creating ORM DAG for dataset_produces_1
[2026-09-18T11:18:04.865+0700] {logging_mixin.py:190} INFO - [2026-09-18T11:18:04.865+0700] {dag.py:3262} INFO - Creating ORM DAG for consume_1_or_2_with_dataset_expressions
[2026-09-18T11:18:04.866+0700] {logging_mixin.py:190} INFO - [2026-09-18T11:18:04.866+0700] {dag.py:3262} INFO - Creating ORM DAG for dataset_consumes_unknown_never_scheduled
[2026-09-18T11:18:04.866+0700] {logging_mixin.py:190} INFO - [2026-09-18T11:18:04.866+0700] {dag.py:3262} INFO - Creating ORM DAG for consume_1_and_2_with_dataset_expressions
[2026-09-18T11:18:04.866+0700] {logging_mixin.py:190} INFO - [2026-09-18T11:18:04.866+0700] {dag.py:3262} INFO - Creating ORM DAG for conditional_dataset_and_time_based_timetable
[2026-09-18T11:18:04.867+0700] {logging_mixin.py:190} INFO - [2026-09-18T11:18:04.866+0700] {dag.py:3262} INFO - Creating ORM DAG for dataset_consumes_1_and_2
[2026-09-18T11:18:04.867+0700] {logging_mixin.py:190} INFO - [2026-09-18T11:18:04.867+0700] {dag.py:3262} INFO - Creating ORM DAG for dataset_produces_2
[2026-09-18T11:18:04.867+0700] {logging_mixin.py:190} INFO - [2026-09-18T11:18:04.867+0700] {dag.py:3262} INFO - Creating ORM DAG for dataset_consumes_1_never_scheduled
[2026-09-18T11:18:04.867+0700] {logging_mixin.py:190} INFO - [2026-09-18T11:18:04.867+0700] {dag.py:3262} INFO - Creating ORM DAG for dataset_consumes_1
[2026-09-18T11:18:04.868+0700] {logging_mixin.py:190} INFO - [2026-09-18T11:18:04.868+0700] {dag.py:3262} INFO - Creating ORM DAG for consume_1_or_both_2_and_3_with_dataset_expressions
[2026-09-18T11:18:04.873+0700] {logging_mixin.py:190} INFO - [2026-09-18T11:18:04.873+0700] {dag.py:4180} INFO - Setting next_dagrun for conditional_dataset_and_time_based_timetable to 2026-09-16 01:00:00+00:00, run_after=2026-09-16 01:00:00+00:00
[2026-09-18T11:18:04.873+0700] {logging_mixin.py:190} INFO - [2026-09-18T11:18:04.873+0700] {dag.py:4180} INFO - Setting next_dagrun for consume_1_and_2_with_dataset_expressions to None, run_after=None
[2026-09-18T11:18:04.873+0700] {logging_mixin.py:190} INFO - [2026-09-18T11:18:04.873+0700] {dag.py:4180} INFO - Setting next_dagrun for consume_1_or_2_with_dataset_expressions to None, run_after=None
[2026-09-18T11:18:04.873+0700] {logging_mixin.py:190} INFO - [2026-09-18T11:18:04.873+0700] {dag.py:4180} INFO - Setting next_dagrun for consume_1_or_both_2_and_3_with_dataset_expressions to None, run_after=None
[2026-09-18T11:18:04.874+0700] {logging_mixin.py:190} INFO - [2026-09-18T11:18:04.873+0700] {dag.py:4180} INFO - Setting next_dagrun for dataset_consumes_1 to None, run_after=None
[2026-09-18T11:18:04.874+0700] {logging_mixin.py:190} INFO - [2026-09-18T11:18:04.874+0700] {dag.py:4180} INFO - Setting next_dagrun for dataset_consumes_1_and_2 to None, run_after=None
[2026-09-18T11:18:04.874+0700] {logging_mixin.py:190} INFO - [2026-09-18T11:18:04.874+0700] {dag.py:4180} INFO - Setting next_dagrun for dataset_consumes_1_never_scheduled to None, run_after=None
[2026-09-18T11:18:04.874+0700] {logging_mixin.py:190} INFO - [2026-09-18T11:18:04.874+0700] {dag.py:4180} INFO - Setting next_dagrun for dataset_consumes_unknown_never_scheduled to None, run_after=None
[2026-09-18T11:18:04.875+0700] {logging_mixin.py:190} INFO - [2026-09-18T11:18:04.875+0700] {dag.py:4180} INFO - Setting next_dagrun for dataset_produces_1 to 2026-09-17 00:00:00+00:00, run_after=2026-09-18 00:00:00+00:00
[2026-09-18T11:18:04.876+0700] {logging_mixin.py:190} INFO - [2026-09-18T11:18:04.876+0700] {dag.py:4180} INFO - Setting next_dagrun for dataset_produces_2 to None, run_after=None
[2026-09-18T11:18:05.167+0700] {processor.py:208} INFO - Processing /Users/andreasanditya/Downloads/572392_Andreas_AirflowETL/code/.venv/lib/python3.9/site-packages/airflow/example_dags/example_datasets.py took 0.716 seconds
[2026-09-18T11:21:22.226+0700] {processor.py:186} INFO - Started process (PID=13165) to work on /Users/andreasanditya/Downloads/572392_Andreas_AirflowETL/code/.venv/lib/python3.9/site-packages/airflow/example_dags/example_datasets.py
[2026-09-18T11:21:22.228+0700] {processor.py:914} INFO - Processing file /Users/andreasanditya/Downloads/572392_Andreas_AirflowETL/code/.venv/lib/python3.9/site-packages/airflow/example_dags/example_datasets.py for tasks to queue
[2026-09-18T11:21:22.229+0700] {logging_mixin.py:190} INFO - [2026-09-18T11:21:22.228+0700] {dagbag.py:588} INFO - Filling up the DagBag from /Users/andreasanditya/Downloads/572392_Andreas_AirflowETL/code/.venv/lib/python3.9/site-packages/airflow/example_dags/example_datasets.py
[2026-09-18T11:21:22.258+0700] {processor.py:925} INFO - DAG(s) 'dataset_consumes_1_and_2', 'dataset_produces_2', 'conditional_dataset_and_time_based_timetable', 'consume_1_and_2_with_dataset_expressions', 'consume_1_or_both_2_and_3_with_dataset_expressions', 'dataset_consumes_unknown_never_scheduled', 'dataset_consumes_1', 'consume_1_or_2_with_dataset_expressions', 'dataset_produces_1', 'dataset_consumes_1_never_scheduled' retrieved from /Users/andreasanditya/Downloads/572392_Andreas_AirflowETL/code/.venv/lib/python3.9/site-packages/airflow/example_dags/example_datasets.py
[2026-09-18T11:21:22.362+0700] {logging_mixin.py:190} INFO - [2026-09-18T11:21:22.362+0700] {dag.py:3239} INFO - Sync 10 DAGs
[2026-09-18T11:21:22.376+0700] {logging_mixin.py:190} INFO - [2026-09-18T11:21:22.375+0700] {dag.py:4180} INFO - Setting next_dagrun for conditional_dataset_and_time_based_timetable to 2026-09-16 01:00:00+00:00, run_after=2026-09-16 01:00:00+00:00
[2026-09-18T11:21:22.377+0700] {logging_mixin.py:190} INFO - [2026-09-18T11:21:22.377+0700] {dag.py:4180} INFO - Setting next_dagrun for consume_1_and_2_with_dataset_expressions to None, run_after=None
[2026-09-18T11:21:22.378+0700] {logging_mixin.py:190} INFO - [2026-09-18T11:21:22.378+0700] {dag.py:4180} INFO - Setting next_dagrun for consume_1_or_2_with_dataset_expressions to None, run_after=None
[2026-09-18T11:21:22.378+0700] {logging_mixin.py:190} INFO - [2026-09-18T11:21:22.378+0700] {dag.py:4180} INFO - Setting next_dagrun for consume_1_or_both_2_and_3_with_dataset_expressions to None, run_after=None
[2026-09-18T11:21:22.379+0700] {logging_mixin.py:190} INFO - [2026-09-18T11:21:22.379+0700] {dag.py:4180} INFO - Setting next_dagrun for dataset_consumes_1 to None, run_after=None
[2026-09-18T11:21:22.379+0700] {logging_mixin.py:190} INFO - [2026-09-18T11:21:22.379+0700] {dag.py:4180} INFO - Setting next_dagrun for dataset_consumes_1_and_2 to None, run_after=None
[2026-09-18T11:21:22.380+0700] {logging_mixin.py:190} INFO - [2026-09-18T11:21:22.380+0700] {dag.py:4180} INFO - Setting next_dagrun for dataset_consumes_1_never_scheduled to None, run_after=None
[2026-09-18T11:21:22.380+0700] {logging_mixin.py:190} INFO - [2026-09-18T11:21:22.380+0700] {dag.py:4180} INFO - Setting next_dagrun for dataset_consumes_unknown_never_scheduled to None, run_after=None
[2026-09-18T11:21:22.381+0700] {logging_mixin.py:190} INFO - [2026-09-18T11:21:22.381+0700] {dag.py:4180} INFO - Setting next_dagrun for dataset_produces_1 to 2026-09-17 00:00:00+00:00, run_after=2026-09-18 00:00:00+00:00
[2026-09-18T11:21:22.382+0700] {logging_mixin.py:190} INFO - [2026-09-18T11:21:22.382+0700] {dag.py:4180} INFO - Setting next_dagrun for dataset_produces_2 to None, run_after=None
[2026-09-18T11:21:22.399+0700] {processor.py:208} INFO - Processing /Users/andreasanditya/Downloads/572392_Andreas_AirflowETL/code/.venv/lib/python3.9/site-packages/airflow/example_dags/example_datasets.py took 0.174 seconds
[2026-09-18T11:25:17.990+0700] {processor.py:186} INFO - Started process (PID=15763) to work on /Users/andreasanditya/Downloads/572392_Andreas_AirflowETL/code/.venv/lib/python3.9/site-packages/airflow/example_dags/example_datasets.py
[2026-09-18T11:25:17.990+0700] {processor.py:914} INFO - Processing file /Users/andreasanditya/Downloads/572392_Andreas_AirflowETL/code/.venv/lib/python3.9/site-packages/airflow/example_dags/example_datasets.py for tasks to queue
[2026-09-18T11:25:17.991+0700] {logging_mixin.py:190} INFO - [2026-09-18T11:25:17.991+0700] {dagbag.py:588} INFO - Filling up the DagBag from /Users/andreasanditya/Downloads/572392_Andreas_AirflowETL/code/.venv/lib/python3.9/site-packages/airflow/example_dags/example_datasets.py
[2026-09-18T11:25:18.025+0700] {processor.py:925} INFO - DAG(s) 'dataset_produces_2', 'consume_1_and_2_with_dataset_expressions', 'dataset_consumes_1', 'dataset_consumes_unknown_never_scheduled', 'consume_1_or_both_2_and_3_with_dataset_expressions', 'consume_1_or_2_with_dataset_expressions', 'conditional_dataset_and_time_based_timetable', 'dataset_consumes_1_and_2', 'dataset_consumes_1_never_scheduled', 'dataset_produces_1' retrieved from /Users/andreasanditya/Downloads/572392_Andreas_AirflowETL/code/.venv/lib/python3.9/site-packages/airflow/example_dags/example_datasets.py
[2026-09-18T11:25:18.122+0700] {logging_mixin.py:190} INFO - [2026-09-18T11:25:18.122+0700] {dag.py:3239} INFO - Sync 10 DAGs
[2026-09-18T11:25:18.135+0700] {logging_mixin.py:190} INFO - [2026-09-18T11:25:18.135+0700] {dag.py:4180} INFO - Setting next_dagrun for conditional_dataset_and_time_based_timetable to 2026-09-16 01:00:00+00:00, run_after=2026-09-16 01:00:00+00:00
[2026-09-18T11:25:18.136+0700] {logging_mixin.py:190} INFO - [2026-09-18T11:25:18.136+0700] {dag.py:4180} INFO - Setting next_dagrun for consume_1_and_2_with_dataset_expressions to None, run_after=None
[2026-09-18T11:25:18.137+0700] {logging_mixin.py:190} INFO - [2026-09-18T11:25:18.137+0700] {dag.py:4180} INFO - Setting next_dagrun for consume_1_or_2_with_dataset_expressions to None, run_after=None
[2026-09-18T11:25:18.137+0700] {logging_mixin.py:190} INFO - [2026-09-18T11:25:18.137+0700] {dag.py:4180} INFO - Setting next_dagrun for consume_1_or_both_2_and_3_with_dataset_expressions to None, run_after=None
[2026-09-18T11:25:18.138+0700] {logging_mixin.py:190} INFO - [2026-09-18T11:25:18.138+0700] {dag.py:4180} INFO - Setting next_dagrun for dataset_consumes_1 to None, run_after=None
[2026-09-18T11:25:18.138+0700] {logging_mixin.py:190} INFO - [2026-09-18T11:25:18.138+0700] {dag.py:4180} INFO - Setting next_dagrun for dataset_consumes_1_and_2 to None, run_after=None
[2026-09-18T11:25:18.139+0700] {logging_mixin.py:190} INFO - [2026-09-18T11:25:18.138+0700] {dag.py:4180} INFO - Setting next_dagrun for dataset_consumes_1_never_scheduled to None, run_after=None
[2026-09-18T11:25:18.139+0700] {logging_mixin.py:190} INFO - [2026-09-18T11:25:18.139+0700] {dag.py:4180} INFO - Setting next_dagrun for dataset_consumes_unknown_never_scheduled to None, run_after=None
[2026-09-18T11:25:18.140+0700] {logging_mixin.py:190} INFO - [2026-09-18T11:25:18.140+0700] {dag.py:4180} INFO - Setting next_dagrun for dataset_produces_1 to 2026-09-17 00:00:00+00:00, run_after=2026-09-18 00:00:00+00:00
[2026-09-18T11:25:18.141+0700] {logging_mixin.py:190} INFO - [2026-09-18T11:25:18.141+0700] {dag.py:4180} INFO - Setting next_dagrun for dataset_produces_2 to None, run_after=None
[2026-09-18T11:25:18.156+0700] {processor.py:208} INFO - Processing /Users/andreasanditya/Downloads/572392_Andreas_AirflowETL/code/.venv/lib/python3.9/site-packages/airflow/example_dags/example_datasets.py took 0.168 seconds
[2026-09-18T11:27:20.392+0700] {processor.py:186} INFO - Started process (PID=17068) to work on /Users/andreasanditya/Downloads/572392_Andreas_AirflowETL/code/.venv/lib/python3.9/site-packages/airflow/example_dags/example_datasets.py
[2026-09-18T11:27:20.393+0700] {processor.py:914} INFO - Processing file /Users/andreasanditya/Downloads/572392_Andreas_AirflowETL/code/.venv/lib/python3.9/site-packages/airflow/example_dags/example_datasets.py for tasks to queue
[2026-09-18T11:27:20.393+0700] {logging_mixin.py:190} INFO - [2026-09-18T11:27:20.393+0700] {dagbag.py:588} INFO - Filling up the DagBag from /Users/andreasanditya/Downloads/572392_Andreas_AirflowETL/code/.venv/lib/python3.9/site-packages/airflow/example_dags/example_datasets.py
[2026-09-18T11:27:20.429+0700] {processor.py:925} INFO - DAG(s) 'dataset_consumes_unknown_never_scheduled', 'dataset_consumes_1_and_2', 'dataset_produces_1', 'dataset_produces_2', 'dataset_consumes_1_never_scheduled', 'conditional_dataset_and_time_based_timetable', 'consume_1_and_2_with_dataset_expressions', 'consume_1_or_both_2_and_3_with_dataset_expressions', 'dataset_consumes_1', 'consume_1_or_2_with_dataset_expressions' retrieved from /Users/andreasanditya/Downloads/572392_Andreas_AirflowETL/code/.venv/lib/python3.9/site-packages/airflow/example_dags/example_datasets.py
[2026-09-18T11:27:20.527+0700] {logging_mixin.py:190} INFO - [2026-09-18T11:27:20.527+0700] {dag.py:3239} INFO - Sync 10 DAGs
[2026-09-18T11:27:20.539+0700] {logging_mixin.py:190} INFO - [2026-09-18T11:27:20.539+0700] {dag.py:4180} INFO - Setting next_dagrun for conditional_dataset_and_time_based_timetable to 2026-09-16 01:00:00+00:00, run_after=2026-09-16 01:00:00+00:00
[2026-09-18T11:27:20.541+0700] {logging_mixin.py:190} INFO - [2026-09-18T11:27:20.541+0700] {dag.py:4180} INFO - Setting next_dagrun for consume_1_and_2_with_dataset_expressions to None, run_after=None
[2026-09-18T11:27:20.541+0700] {logging_mixin.py:190} INFO - [2026-09-18T11:27:20.541+0700] {dag.py:4180} INFO - Setting next_dagrun for consume_1_or_2_with_dataset_expressions to None, run_after=None
[2026-09-18T11:27:20.542+0700] {logging_mixin.py:190} INFO - [2026-09-18T11:27:20.542+0700] {dag.py:4180} INFO - Setting next_dagrun for consume_1_or_both_2_and_3_with_dataset_expressions to None, run_after=None
[2026-09-18T11:27:20.542+0700] {logging_mixin.py:190} INFO - [2026-09-18T11:27:20.542+0700] {dag.py:4180} INFO - Setting next_dagrun for dataset_consumes_1 to None, run_after=None
[2026-09-18T11:27:20.543+0700] {logging_mixin.py:190} INFO - [2026-09-18T11:27:20.542+0700] {dag.py:4180} INFO - Setting next_dagrun for dataset_consumes_1_and_2 to None, run_after=None
[2026-09-18T11:27:20.543+0700] {logging_mixin.py:190} INFO - [2026-09-18T11:27:20.543+0700] {dag.py:4180} INFO - Setting next_dagrun for dataset_consumes_1_never_scheduled to None, run_after=None
[2026-09-18T11:27:20.543+0700] {logging_mixin.py:190} INFO - [2026-09-18T11:27:20.543+0700] {dag.py:4180} INFO - Setting next_dagrun for dataset_consumes_unknown_never_scheduled to None, run_after=None
[2026-09-18T11:27:20.545+0700] {logging_mixin.py:190} INFO - [2026-09-18T11:27:20.545+0700] {dag.py:4180} INFO - Setting next_dagrun for dataset_produces_1 to 2026-09-17 00:00:00+00:00, run_after=2026-09-18 00:00:00+00:00
[2026-09-18T11:27:20.545+0700] {logging_mixin.py:190} INFO - [2026-09-18T11:27:20.545+0700] {dag.py:4180} INFO - Setting next_dagrun for dataset_produces_2 to None, run_after=None
[2026-09-18T11:27:20.560+0700] {processor.py:208} INFO - Processing /Users/andreasanditya/Downloads/572392_Andreas_AirflowETL/code/.venv/lib/python3.9/site-packages/airflow/example_dags/example_datasets.py took 0.171 seconds
[2026-09-18T11:30:18.199+0700] {processor.py:186} INFO - Started process (PID=18868) to work on /Users/andreasanditya/Downloads/572392_Andreas_AirflowETL/code/.venv/lib/python3.9/site-packages/airflow/example_dags/example_datasets.py
[2026-09-18T11:30:18.200+0700] {processor.py:914} INFO - Processing file /Users/andreasanditya/Downloads/572392_Andreas_AirflowETL/code/.venv/lib/python3.9/site-packages/airflow/example_dags/example_datasets.py for tasks to queue
[2026-09-18T11:30:18.200+0700] {logging_mixin.py:190} INFO - [2026-09-18T11:30:18.200+0700] {dagbag.py:588} INFO - Filling up the DagBag from /Users/andreasanditya/Downloads/572392_Andreas_AirflowETL/code/.venv/lib/python3.9/site-packages/airflow/example_dags/example_datasets.py
[2026-09-18T11:30:18.233+0700] {processor.py:925} INFO - DAG(s) 'dataset_consumes_unknown_never_scheduled', 'dataset_consumes_1_never_scheduled', 'consume_1_or_both_2_and_3_with_dataset_expressions', 'consume_1_or_2_with_dataset_expressions', 'conditional_dataset_and_time_based_timetable', 'dataset_produces_1', 'dataset_produces_2', 'dataset_consumes_1_and_2', 'dataset_consumes_1', 'consume_1_and_2_with_dataset_expressions' retrieved from /Users/andreasanditya/Downloads/572392_Andreas_AirflowETL/code/.venv/lib/python3.9/site-packages/airflow/example_dags/example_datasets.py
[2026-09-18T11:30:18.330+0700] {logging_mixin.py:190} INFO - [2026-09-18T11:30:18.330+0700] {dag.py:3239} INFO - Sync 10 DAGs
[2026-09-18T11:30:18.343+0700] {logging_mixin.py:190} INFO - [2026-09-18T11:30:18.342+0700] {dag.py:4180} INFO - Setting next_dagrun for conditional_dataset_and_time_based_timetable to 2026-09-16 01:00:00+00:00, run_after=2026-09-16 01:00:00+00:00
[2026-09-18T11:30:18.344+0700] {logging_mixin.py:190} INFO - [2026-09-18T11:30:18.344+0700] {dag.py:4180} INFO - Setting next_dagrun for consume_1_and_2_with_dataset_expressions to None, run_after=None
[2026-09-18T11:30:18.345+0700] {logging_mixin.py:190} INFO - [2026-09-18T11:30:18.344+0700] {dag.py:4180} INFO - Setting next_dagrun for consume_1_or_2_with_dataset_expressions to None, run_after=None
[2026-09-18T11:30:18.345+0700] {logging_mixin.py:190} INFO - [2026-09-18T11:30:18.345+0700] {dag.py:4180} INFO - Setting next_dagrun for consume_1_or_both_2_and_3_with_dataset_expressions to None, run_after=None
[2026-09-18T11:30:18.345+0700] {logging_mixin.py:190} INFO - [2026-09-18T11:30:18.345+0700] {dag.py:4180} INFO - Setting next_dagrun for dataset_consumes_1 to None, run_after=None
[2026-09-18T11:30:18.346+0700] {logging_mixin.py:190} INFO - [2026-09-18T11:30:18.346+0700] {dag.py:4180} INFO - Setting next_dagrun for dataset_consumes_1_and_2 to None, run_after=None
[2026-09-18T11:30:18.346+0700] {logging_mixin.py:190} INFO - [2026-09-18T11:30:18.346+0700] {dag.py:4180} INFO - Setting next_dagrun for dataset_consumes_1_never_scheduled to None, run_after=None
[2026-09-18T11:30:18.347+0700] {logging_mixin.py:190} INFO - [2026-09-18T11:30:18.347+0700] {dag.py:4180} INFO - Setting next_dagrun for dataset_consumes_unknown_never_scheduled to None, run_after=None
[2026-09-18T11:30:18.348+0700] {logging_mixin.py:190} INFO - [2026-09-18T11:30:18.348+0700] {dag.py:4180} INFO - Setting next_dagrun for dataset_produces_1 to 2026-09-17 00:00:00+00:00, run_after=2026-09-18 00:00:00+00:00
[2026-09-18T11:30:18.348+0700] {logging_mixin.py:190} INFO - [2026-09-18T11:30:18.348+0700] {dag.py:4180} INFO - Setting next_dagrun for dataset_produces_2 to None, run_after=None
[2026-09-18T11:30:18.363+0700] {processor.py:208} INFO - Processing /Users/andreasanditya/Downloads/572392_Andreas_AirflowETL/code/.venv/lib/python3.9/site-packages/airflow/example_dags/example_datasets.py took 0.166 seconds
[2026-09-18T11:33:14.493+0700] {processor.py:186} INFO - Started process (PID=20715) to work on /Users/andreasanditya/Downloads/572392_Andreas_AirflowETL/code/.venv/lib/python3.9/site-packages/airflow/example_dags/example_datasets.py
[2026-09-18T11:33:14.494+0700] {processor.py:914} INFO - Processing file /Users/andreasanditya/Downloads/572392_Andreas_AirflowETL/code/.venv/lib/python3.9/site-packages/airflow/example_dags/example_datasets.py for tasks to queue
[2026-09-18T11:33:14.495+0700] {logging_mixin.py:190} INFO - [2026-09-18T11:33:14.494+0700] {dagbag.py:588} INFO - Filling up the DagBag from /Users/andreasanditya/Downloads/572392_Andreas_AirflowETL/code/.venv/lib/python3.9/site-packages/airflow/example_dags/example_datasets.py
[2026-09-18T11:33:14.530+0700] {processor.py:925} INFO - DAG(s) 'dataset_consumes_unknown_never_scheduled', 'dataset_consumes_1_and_2', 'conditional_dataset_and_time_based_timetable', 'consume_1_and_2_with_dataset_expressions', 'dataset_consumes_1_never_scheduled', 'consume_1_or_2_with_dataset_expressions', 'dataset_consumes_1', 'dataset_produces_1', 'dataset_produces_2', 'consume_1_or_both_2_and_3_with_dataset_expressions' retrieved from /Users/andreasanditya/Downloads/572392_Andreas_AirflowETL/code/.venv/lib/python3.9/site-packages/airflow/example_dags/example_datasets.py
[2026-09-18T11:33:14.630+0700] {logging_mixin.py:190} INFO - [2026-09-18T11:33:14.630+0700] {dag.py:3239} INFO - Sync 10 DAGs
[2026-09-18T11:33:14.643+0700] {logging_mixin.py:190} INFO - [2026-09-18T11:33:14.642+0700] {dag.py:4180} INFO - Setting next_dagrun for conditional_dataset_and_time_based_timetable to 2026-09-16 01:00:00+00:00, run_after=2026-09-16 01:00:00+00:00
[2026-09-18T11:33:14.644+0700] {logging_mixin.py:190} INFO - [2026-09-18T11:33:14.644+0700] {dag.py:4180} INFO - Setting next_dagrun for consume_1_and_2_with_dataset_expressions to None, run_after=None
[2026-09-18T11:33:14.645+0700] {logging_mixin.py:190} INFO - [2026-09-18T11:33:14.645+0700] {dag.py:4180} INFO - Setting next_dagrun for consume_1_or_2_with_dataset_expressions to None, run_after=None
[2026-09-18T11:33:14.645+0700] {logging_mixin.py:190} INFO - [2026-09-18T11:33:14.645+0700] {dag.py:4180} INFO - Setting next_dagrun for consume_1_or_both_2_and_3_with_dataset_expressions to None, run_after=None
[2026-09-18T11:33:14.646+0700] {logging_mixin.py:190} INFO - [2026-09-18T11:33:14.646+0700] {dag.py:4180} INFO - Setting next_dagrun for dataset_consumes_1 to None, run_after=None
[2026-09-18T11:33:14.646+0700] {logging_mixin.py:190} INFO - [2026-09-18T11:33:14.646+0700] {dag.py:4180} INFO - Setting next_dagrun for dataset_consumes_1_and_2 to None, run_after=None
[2026-09-18T11:33:14.647+0700] {logging_mixin.py:190} INFO - [2026-09-18T11:33:14.647+0700] {dag.py:4180} INFO - Setting next_dagrun for dataset_consumes_1_never_scheduled to None, run_after=None
[2026-09-18T11:33:14.647+0700] {logging_mixin.py:190} INFO - [2026-09-18T11:33:14.647+0700] {dag.py:4180} INFO - Setting next_dagrun for dataset_consumes_unknown_never_scheduled to None, run_after=None
[2026-09-18T11:33:14.648+0700] {logging_mixin.py:190} INFO - [2026-09-18T11:33:14.648+0700] {dag.py:4180} INFO - Setting next_dagrun for dataset_produces_1 to 2026-09-17 00:00:00+00:00, run_after=2026-09-18 00:00:00+00:00
[2026-09-18T11:33:14.649+0700] {logging_mixin.py:190} INFO - [2026-09-18T11:33:14.649+0700] {dag.py:4180} INFO - Setting next_dagrun for dataset_produces_2 to None, run_after=None
[2026-09-18T11:33:14.666+0700] {processor.py:208} INFO - Processing /Users/andreasanditya/Downloads/572392_Andreas_AirflowETL/code/.venv/lib/python3.9/site-packages/airflow/example_dags/example_datasets.py took 0.176 seconds
[2026-09-18T11:36:09.913+0700] {processor.py:186} INFO - Started process (PID=22596) to work on /Users/andreasanditya/Downloads/572392_Andreas_AirflowETL/code/.venv/lib/python3.9/site-packages/airflow/example_dags/example_datasets.py
[2026-09-18T11:36:09.914+0700] {processor.py:914} INFO - Processing file /Users/andreasanditya/Downloads/572392_Andreas_AirflowETL/code/.venv/lib/python3.9/site-packages/airflow/example_dags/example_datasets.py for tasks to queue
[2026-09-18T11:36:09.915+0700] {logging_mixin.py:190} INFO - [2026-09-18T11:36:09.915+0700] {dagbag.py:588} INFO - Filling up the DagBag from /Users/andreasanditya/Downloads/572392_Andreas_AirflowETL/code/.venv/lib/python3.9/site-packages/airflow/example_dags/example_datasets.py
[2026-09-18T11:36:09.947+0700] {processor.py:925} INFO - DAG(s) 'dataset_produces_1', 'dataset_produces_2', 'dataset_consumes_1_never_scheduled', 'consume_1_or_2_with_dataset_expressions', 'consume_1_and_2_with_dataset_expressions', 'conditional_dataset_and_time_based_timetable', 'dataset_consumes_1_and_2', 'consume_1_or_both_2_and_3_with_dataset_expressions', 'dataset_consumes_unknown_never_scheduled', 'dataset_consumes_1' retrieved from /Users/andreasanditya/Downloads/572392_Andreas_AirflowETL/code/.venv/lib/python3.9/site-packages/airflow/example_dags/example_datasets.py
[2026-09-18T11:36:10.045+0700] {logging_mixin.py:190} INFO - [2026-09-18T11:36:10.045+0700] {dag.py:3239} INFO - Sync 10 DAGs
[2026-09-18T11:36:10.058+0700] {logging_mixin.py:190} INFO - [2026-09-18T11:36:10.058+0700] {dag.py:4180} INFO - Setting next_dagrun for conditional_dataset_and_time_based_timetable to 2026-09-16 01:00:00+00:00, run_after=2026-09-16 01:00:00+00:00
[2026-09-18T11:36:10.060+0700] {logging_mixin.py:190} INFO - [2026-09-18T11:36:10.060+0700] {dag.py:4180} INFO - Setting next_dagrun for consume_1_and_2_with_dataset_expressions to None, run_after=None
[2026-09-18T11:36:10.061+0700] {logging_mixin.py:190} INFO - [2026-09-18T11:36:10.061+0700] {dag.py:4180} INFO - Setting next_dagrun for consume_1_or_2_with_dataset_expressions to None, run_after=None
[2026-09-18T11:36:10.062+0700] {logging_mixin.py:190} INFO - [2026-09-18T11:36:10.061+0700] {dag.py:4180} INFO - Setting next_dagrun for consume_1_or_both_2_and_3_with_dataset_expressions to None, run_after=None
[2026-09-18T11:36:10.062+0700] {logging_mixin.py:190} INFO - [2026-09-18T11:36:10.062+0700] {dag.py:4180} INFO - Setting next_dagrun for dataset_consumes_1 to None, run_after=None
[2026-09-18T11:36:10.062+0700] {logging_mixin.py:190} INFO - [2026-09-18T11:36:10.062+0700] {dag.py:4180} INFO - Setting next_dagrun for dataset_consumes_1_and_2 to None, run_after=None
[2026-09-18T11:36:10.063+0700] {logging_mixin.py:190} INFO - [2026-09-18T11:36:10.063+0700] {dag.py:4180} INFO - Setting next_dagrun for dataset_consumes_1_never_scheduled to None, run_after=None
[2026-09-18T11:36:10.063+0700] {logging_mixin.py:190} INFO - [2026-09-18T11:36:10.063+0700] {dag.py:4180} INFO - Setting next_dagrun for dataset_consumes_unknown_never_scheduled to None, run_after=None
[2026-09-18T11:36:10.065+0700] {logging_mixin.py:190} INFO - [2026-09-18T11:36:10.065+0700] {dag.py:4180} INFO - Setting next_dagrun for dataset_produces_1 to 2026-09-17 00:00:00+00:00, run_after=2026-09-18 00:00:00+00:00
[2026-09-18T11:36:10.065+0700] {logging_mixin.py:190} INFO - [2026-09-18T11:36:10.065+0700] {dag.py:4180} INFO - Setting next_dagrun for dataset_produces_2 to None, run_after=None
[2026-09-18T11:36:10.081+0700] {processor.py:208} INFO - Processing /Users/andreasanditya/Downloads/572392_Andreas_AirflowETL/code/.venv/lib/python3.9/site-packages/airflow/example_dags/example_datasets.py took 0.169 seconds
[2026-09-18T11:39:05.418+0700] {processor.py:186} INFO - Started process (PID=24431) to work on /Users/andreasanditya/Downloads/572392_Andreas_AirflowETL/code/.venv/lib/python3.9/site-packages/airflow/example_dags/example_datasets.py
[2026-09-18T11:39:05.419+0700] {processor.py:914} INFO - Processing file /Users/andreasanditya/Downloads/572392_Andreas_AirflowETL/code/.venv/lib/python3.9/site-packages/airflow/example_dags/example_datasets.py for tasks to queue
[2026-09-18T11:39:05.420+0700] {logging_mixin.py:190} INFO - [2026-09-18T11:39:05.419+0700] {dagbag.py:588} INFO - Filling up the DagBag from /Users/andreasanditya/Downloads/572392_Andreas_AirflowETL/code/.venv/lib/python3.9/site-packages/airflow/example_dags/example_datasets.py
[2026-09-18T11:39:05.452+0700] {processor.py:925} INFO - DAG(s) 'dataset_consumes_1', 'conditional_dataset_and_time_based_timetable', 'consume_1_or_2_with_dataset_expressions', 'consume_1_or_both_2_and_3_with_dataset_expressions', 'dataset_consumes_1_and_2', 'dataset_produces_2', 'dataset_consumes_unknown_never_scheduled', 'dataset_consumes_1_never_scheduled', 'consume_1_and_2_with_dataset_expressions', 'dataset_produces_1' retrieved from /Users/andreasanditya/Downloads/572392_Andreas_AirflowETL/code/.venv/lib/python3.9/site-packages/airflow/example_dags/example_datasets.py
[2026-09-18T11:39:05.548+0700] {logging_mixin.py:190} INFO - [2026-09-18T11:39:05.548+0700] {dag.py:3239} INFO - Sync 10 DAGs
[2026-09-18T11:39:05.561+0700] {logging_mixin.py:190} INFO - [2026-09-18T11:39:05.561+0700] {dag.py:4180} INFO - Setting next_dagrun for conditional_dataset_and_time_based_timetable to 2026-09-16 01:00:00+00:00, run_after=2026-09-16 01:00:00+00:00
[2026-09-18T11:39:05.562+0700] {logging_mixin.py:190} INFO - [2026-09-18T11:39:05.562+0700] {dag.py:4180} INFO - Setting next_dagrun for consume_1_and_2_with_dataset_expressions to None, run_after=None
[2026-09-18T11:39:05.563+0700] {logging_mixin.py:190} INFO - [2026-09-18T11:39:05.563+0700] {dag.py:4180} INFO - Setting next_dagrun for consume_1_or_2_with_dataset_expressions to None, run_after=None
[2026-09-18T11:39:05.563+0700] {logging_mixin.py:190} INFO - [2026-09-18T11:39:05.563+0700] {dag.py:4180} INFO - Setting next_dagrun for consume_1_or_both_2_and_3_with_dataset_expressions to None, run_after=None
[2026-09-18T11:39:05.564+0700] {logging_mixin.py:190} INFO - [2026-09-18T11:39:05.564+0700] {dag.py:4180} INFO - Setting next_dagrun for dataset_consumes_1 to None, run_after=None
[2026-09-18T11:39:05.564+0700] {logging_mixin.py:190} INFO - [2026-09-18T11:39:05.564+0700] {dag.py:4180} INFO - Setting next_dagrun for dataset_consumes_1_and_2 to None, run_after=None
[2026-09-18T11:39:05.565+0700] {logging_mixin.py:190} INFO - [2026-09-18T11:39:05.565+0700] {dag.py:4180} INFO - Setting next_dagrun for dataset_consumes_1_never_scheduled to None, run_after=None
[2026-09-18T11:39:05.565+0700] {logging_mixin.py:190} INFO - [2026-09-18T11:39:05.565+0700] {dag.py:4180} INFO - Setting next_dagrun for dataset_consumes_unknown_never_scheduled to None, run_after=None
[2026-09-18T11:39:05.566+0700] {logging_mixin.py:190} INFO - [2026-09-18T11:39:05.566+0700] {dag.py:4180} INFO - Setting next_dagrun for dataset_produces_1 to 2026-09-17 00:00:00+00:00, run_after=2026-09-18 00:00:00+00:00
[2026-09-18T11:39:05.567+0700] {logging_mixin.py:190} INFO - [2026-09-18T11:39:05.567+0700] {dag.py:4180} INFO - Setting next_dagrun for dataset_produces_2 to None, run_after=None
[2026-09-18T11:39:05.583+0700] {processor.py:208} INFO - Processing /Users/andreasanditya/Downloads/572392_Andreas_AirflowETL/code/.venv/lib/python3.9/site-packages/airflow/example_dags/example_datasets.py took 0.167 seconds
[2026-09-18T11:42:04.426+0700] {processor.py:186} INFO - Started process (PID=26316) to work on /Users/andreasanditya/Downloads/572392_Andreas_AirflowETL/code/.venv/lib/python3.9/site-packages/airflow/example_dags/example_datasets.py
[2026-09-18T11:42:04.440+0700] {processor.py:914} INFO - Processing file /Users/andreasanditya/Downloads/572392_Andreas_AirflowETL/code/.venv/lib/python3.9/site-packages/airflow/example_dags/example_datasets.py for tasks to queue
[2026-09-18T11:42:04.441+0700] {logging_mixin.py:190} INFO - [2026-09-18T11:42:04.441+0700] {dagbag.py:588} INFO - Filling up the DagBag from /Users/andreasanditya/Downloads/572392_Andreas_AirflowETL/code/.venv/lib/python3.9/site-packages/airflow/example_dags/example_datasets.py
[2026-09-18T11:42:04.476+0700] {processor.py:925} INFO - DAG(s) 'consume_1_and_2_with_dataset_expressions', 'dataset_consumes_1_never_scheduled', 'dataset_consumes_1', 'dataset_produces_2', 'dataset_consumes_1_and_2', 'consume_1_or_both_2_and_3_with_dataset_expressions', 'dataset_produces_1', 'dataset_consumes_unknown_never_scheduled', 'consume_1_or_2_with_dataset_expressions', 'conditional_dataset_and_time_based_timetable' retrieved from /Users/andreasanditya/Downloads/572392_Andreas_AirflowETL/code/.venv/lib/python3.9/site-packages/airflow/example_dags/example_datasets.py
[2026-09-18T11:42:04.580+0700] {logging_mixin.py:190} INFO - [2026-09-18T11:42:04.580+0700] {dag.py:3239} INFO - Sync 10 DAGs
[2026-09-18T11:42:04.594+0700] {logging_mixin.py:190} INFO - [2026-09-18T11:42:04.594+0700] {dag.py:4180} INFO - Setting next_dagrun for conditional_dataset_and_time_based_timetable to 2026-09-16 01:00:00+00:00, run_after=2026-09-16 01:00:00+00:00
[2026-09-18T11:42:04.596+0700] {logging_mixin.py:190} INFO - [2026-09-18T11:42:04.596+0700] {dag.py:4180} INFO - Setting next_dagrun for consume_1_and_2_with_dataset_expressions to None, run_after=None
[2026-09-18T11:42:04.597+0700] {logging_mixin.py:190} INFO - [2026-09-18T11:42:04.597+0700] {dag.py:4180} INFO - Setting next_dagrun for consume_1_or_2_with_dataset_expressions to None, run_after=None
[2026-09-18T11:42:04.597+0700] {logging_mixin.py:190} INFO - [2026-09-18T11:42:04.597+0700] {dag.py:4180} INFO - Setting next_dagrun for consume_1_or_both_2_and_3_with_dataset_expressions to None, run_after=None
[2026-09-18T11:42:04.598+0700] {logging_mixin.py:190} INFO - [2026-09-18T11:42:04.598+0700] {dag.py:4180} INFO - Setting next_dagrun for dataset_consumes_1 to None, run_after=None
[2026-09-18T11:42:04.598+0700] {logging_mixin.py:190} INFO - [2026-09-18T11:42:04.598+0700] {dag.py:4180} INFO - Setting next_dagrun for dataset_consumes_1_and_2 to None, run_after=None
[2026-09-18T11:42:04.598+0700] {logging_mixin.py:190} INFO - [2026-09-18T11:42:04.598+0700] {dag.py:4180} INFO - Setting next_dagrun for dataset_consumes_1_never_scheduled to None, run_after=None
[2026-09-18T11:42:04.599+0700] {logging_mixin.py:190} INFO - [2026-09-18T11:42:04.599+0700] {dag.py:4180} INFO - Setting next_dagrun for dataset_consumes_unknown_never_scheduled to None, run_after=None
[2026-09-18T11:42:04.600+0700] {logging_mixin.py:190} INFO - [2026-09-18T11:42:04.600+0700] {dag.py:4180} INFO - Setting next_dagrun for dataset_produces_1 to 2026-09-17 00:00:00+00:00, run_after=2026-09-18 00:00:00+00:00
[2026-09-18T11:42:04.601+0700] {logging_mixin.py:190} INFO - [2026-09-18T11:42:04.601+0700] {dag.py:4180} INFO - Setting next_dagrun for dataset_produces_2 to None, run_after=None
[2026-09-18T11:42:04.618+0700] {processor.py:208} INFO - Processing /Users/andreasanditya/Downloads/572392_Andreas_AirflowETL/code/.venv/lib/python3.9/site-packages/airflow/example_dags/example_datasets.py took 0.194 seconds
[2026-09-18T11:44:59.359+0700] {processor.py:186} INFO - Started process (PID=28050) to work on /Users/andreasanditya/Downloads/572392_Andreas_AirflowETL/code/.venv/lib/python3.9/site-packages/airflow/example_dags/example_datasets.py
[2026-09-18T11:44:59.360+0700] {processor.py:914} INFO - Processing file /Users/andreasanditya/Downloads/572392_Andreas_AirflowETL/code/.venv/lib/python3.9/site-packages/airflow/example_dags/example_datasets.py for tasks to queue
[2026-09-18T11:44:59.361+0700] {logging_mixin.py:190} INFO - [2026-09-18T11:44:59.361+0700] {dagbag.py:588} INFO - Filling up the DagBag from /Users/andreasanditya/Downloads/572392_Andreas_AirflowETL/code/.venv/lib/python3.9/site-packages/airflow/example_dags/example_datasets.py
[2026-09-18T11:44:59.391+0700] {processor.py:925} INFO - DAG(s) 'conditional_dataset_and_time_based_timetable', 'dataset_produces_2', 'consume_1_and_2_with_dataset_expressions', 'consume_1_or_2_with_dataset_expressions', 'dataset_consumes_1_and_2', 'dataset_produces_1', 'dataset_consumes_unknown_never_scheduled', 'dataset_consumes_1', 'consume_1_or_both_2_and_3_with_dataset_expressions', 'dataset_consumes_1_never_scheduled' retrieved from /Users/andreasanditya/Downloads/572392_Andreas_AirflowETL/code/.venv/lib/python3.9/site-packages/airflow/example_dags/example_datasets.py
[2026-09-18T11:44:59.487+0700] {logging_mixin.py:190} INFO - [2026-09-18T11:44:59.487+0700] {dag.py:3239} INFO - Sync 10 DAGs
[2026-09-18T11:44:59.499+0700] {logging_mixin.py:190} INFO - [2026-09-18T11:44:59.499+0700] {dag.py:4180} INFO - Setting next_dagrun for conditional_dataset_and_time_based_timetable to 2026-09-16 01:00:00+00:00, run_after=2026-09-16 01:00:00+00:00
[2026-09-18T11:44:59.502+0700] {logging_mixin.py:190} INFO - [2026-09-18T11:44:59.502+0700] {dag.py:4180} INFO - Setting next_dagrun for consume_1_and_2_with_dataset_expressions to None, run_after=None
[2026-09-18T11:44:59.502+0700] {logging_mixin.py:190} INFO - [2026-09-18T11:44:59.502+0700] {dag.py:4180} INFO - Setting next_dagrun for consume_1_or_2_with_dataset_expressions to None, run_after=None
[2026-09-18T11:44:59.503+0700] {logging_mixin.py:190} INFO - [2026-09-18T11:44:59.503+0700] {dag.py:4180} INFO - Setting next_dagrun for consume_1_or_both_2_and_3_with_dataset_expressions to None, run_after=None
[2026-09-18T11:44:59.503+0700] {logging_mixin.py:190} INFO - [2026-09-18T11:44:59.503+0700] {dag.py:4180} INFO - Setting next_dagrun for dataset_consumes_1 to None, run_after=None
[2026-09-18T11:44:59.504+0700] {logging_mixin.py:190} INFO - [2026-09-18T11:44:59.504+0700] {dag.py:4180} INFO - Setting next_dagrun for dataset_consumes_1_and_2 to None, run_after=None
[2026-09-18T11:44:59.504+0700] {logging_mixin.py:190} INFO - [2026-09-18T11:44:59.504+0700] {dag.py:4180} INFO - Setting next_dagrun for dataset_consumes_1_never_scheduled to None, run_after=None
[2026-09-18T11:44:59.504+0700] {logging_mixin.py:190} INFO - [2026-09-18T11:44:59.504+0700] {dag.py:4180} INFO - Setting next_dagrun for dataset_consumes_unknown_never_scheduled to None, run_after=None
[2026-09-18T11:44:59.506+0700] {logging_mixin.py:190} INFO - [2026-09-18T11:44:59.506+0700] {dag.py:4180} INFO - Setting next_dagrun for dataset_produces_1 to 2026-09-17 00:00:00+00:00, run_after=2026-09-18 00:00:00+00:00
[2026-09-18T11:44:59.506+0700] {logging_mixin.py:190} INFO - [2026-09-18T11:44:59.506+0700] {dag.py:4180} INFO - Setting next_dagrun for dataset_produces_2 to None, run_after=None
[2026-09-18T11:44:59.522+0700] {processor.py:208} INFO - Processing /Users/andreasanditya/Downloads/572392_Andreas_AirflowETL/code/.venv/lib/python3.9/site-packages/airflow/example_dags/example_datasets.py took 0.165 seconds
[2026-09-18T11:47:52.008+0700] {processor.py:186} INFO - Started process (PID=29762) to work on /Users/andreasanditya/Downloads/572392_Andreas_AirflowETL/code/.venv/lib/python3.9/site-packages/airflow/example_dags/example_datasets.py
[2026-09-18T11:47:52.010+0700] {processor.py:914} INFO - Processing file /Users/andreasanditya/Downloads/572392_Andreas_AirflowETL/code/.venv/lib/python3.9/site-packages/airflow/example_dags/example_datasets.py for tasks to queue
[2026-09-18T11:47:52.010+0700] {logging_mixin.py:190} INFO - [2026-09-18T11:47:52.010+0700] {dagbag.py:588} INFO - Filling up the DagBag from /Users/andreasanditya/Downloads/572392_Andreas_AirflowETL/code/.venv/lib/python3.9/site-packages/airflow/example_dags/example_datasets.py
[2026-09-18T11:47:52.043+0700] {processor.py:925} INFO - DAG(s) 'dataset_consumes_1', 'consume_1_or_2_with_dataset_expressions', 'dataset_consumes_1_never_scheduled', 'dataset_consumes_unknown_never_scheduled', 'dataset_produces_1', 'dataset_consumes_1_and_2', 'consume_1_or_both_2_and_3_with_dataset_expressions', 'conditional_dataset_and_time_based_timetable', 'consume_1_and_2_with_dataset_expressions', 'dataset_produces_2' retrieved from /Users/andreasanditya/Downloads/572392_Andreas_AirflowETL/code/.venv/lib/python3.9/site-packages/airflow/example_dags/example_datasets.py
[2026-09-18T11:47:52.137+0700] {logging_mixin.py:190} INFO - [2026-09-18T11:47:52.137+0700] {dag.py:3239} INFO - Sync 10 DAGs
[2026-09-18T11:47:52.150+0700] {logging_mixin.py:190} INFO - [2026-09-18T11:47:52.149+0700] {dag.py:4180} INFO - Setting next_dagrun for conditional_dataset_and_time_based_timetable to 2026-09-16 01:00:00+00:00, run_after=2026-09-16 01:00:00+00:00
[2026-09-18T11:47:52.151+0700] {logging_mixin.py:190} INFO - [2026-09-18T11:47:52.151+0700] {dag.py:4180} INFO - Setting next_dagrun for consume_1_and_2_with_dataset_expressions to None, run_after=None
[2026-09-18T11:47:52.152+0700] {logging_mixin.py:190} INFO - [2026-09-18T11:47:52.152+0700] {dag.py:4180} INFO - Setting next_dagrun for consume_1_or_2_with_dataset_expressions to None, run_after=None
[2026-09-18T11:47:52.152+0700] {logging_mixin.py:190} INFO - [2026-09-18T11:47:52.152+0700] {dag.py:4180} INFO - Setting next_dagrun for consume_1_or_both_2_and_3_with_dataset_expressions to None, run_after=None
[2026-09-18T11:47:52.153+0700] {logging_mixin.py:190} INFO - [2026-09-18T11:47:52.152+0700] {dag.py:4180} INFO - Setting next_dagrun for dataset_consumes_1 to None, run_after=None
[2026-09-18T11:47:52.153+0700] {logging_mixin.py:190} INFO - [2026-09-18T11:47:52.153+0700] {dag.py:4180} INFO - Setting next_dagrun for dataset_consumes_1_and_2 to None, run_after=None
[2026-09-18T11:47:52.153+0700] {logging_mixin.py:190} INFO - [2026-09-18T11:47:52.153+0700] {dag.py:4180} INFO - Setting next_dagrun for dataset_consumes_1_never_scheduled to None, run_after=None
[2026-09-18T11:47:52.154+0700] {logging_mixin.py:190} INFO - [2026-09-18T11:47:52.154+0700] {dag.py:4180} INFO - Setting next_dagrun for dataset_consumes_unknown_never_scheduled to None, run_after=None
[2026-09-18T11:47:52.155+0700] {logging_mixin.py:190} INFO - [2026-09-18T11:47:52.155+0700] {dag.py:4180} INFO - Setting next_dagrun for dataset_produces_1 to 2026-09-17 00:00:00+00:00, run_after=2026-09-18 00:00:00+00:00
[2026-09-18T11:47:52.156+0700] {logging_mixin.py:190} INFO - [2026-09-18T11:47:52.155+0700] {dag.py:4180} INFO - Setting next_dagrun for dataset_produces_2 to None, run_after=None
[2026-09-18T11:47:52.171+0700] {processor.py:208} INFO - Processing /Users/andreasanditya/Downloads/572392_Andreas_AirflowETL/code/.venv/lib/python3.9/site-packages/airflow/example_dags/example_datasets.py took 0.165 seconds
[2026-09-18T11:50:45.584+0700] {processor.py:186} INFO - Started process (PID=31525) to work on /Users/andreasanditya/Downloads/572392_Andreas_AirflowETL/code/.venv/lib/python3.9/site-packages/airflow/example_dags/example_datasets.py
[2026-09-18T11:50:45.586+0700] {processor.py:914} INFO - Processing file /Users/andreasanditya/Downloads/572392_Andreas_AirflowETL/code/.venv/lib/python3.9/site-packages/airflow/example_dags/example_datasets.py for tasks to queue
[2026-09-18T11:50:45.586+0700] {logging_mixin.py:190} INFO - [2026-09-18T11:50:45.586+0700] {dagbag.py:588} INFO - Filling up the DagBag from /Users/andreasanditya/Downloads/572392_Andreas_AirflowETL/code/.venv/lib/python3.9/site-packages/airflow/example_dags/example_datasets.py
[2026-09-18T11:50:45.619+0700] {processor.py:925} INFO - DAG(s) 'dataset_consumes_unknown_never_scheduled', 'dataset_produces_2', 'consume_1_and_2_with_dataset_expressions', 'dataset_consumes_1_never_scheduled', 'dataset_produces_1', 'dataset_consumes_1_and_2', 'consume_1_or_2_with_dataset_expressions', 'dataset_consumes_1', 'conditional_dataset_and_time_based_timetable', 'consume_1_or_both_2_and_3_with_dataset_expressions' retrieved from /Users/andreasanditya/Downloads/572392_Andreas_AirflowETL/code/.venv/lib/python3.9/site-packages/airflow/example_dags/example_datasets.py
[2026-09-18T11:50:45.715+0700] {logging_mixin.py:190} INFO - [2026-09-18T11:50:45.715+0700] {dag.py:3239} INFO - Sync 10 DAGs
[2026-09-18T11:50:45.727+0700] {logging_mixin.py:190} INFO - [2026-09-18T11:50:45.727+0700] {dag.py:4180} INFO - Setting next_dagrun for conditional_dataset_and_time_based_timetable to 2026-09-16 01:00:00+00:00, run_after=2026-09-16 01:00:00+00:00
[2026-09-18T11:50:45.728+0700] {logging_mixin.py:190} INFO - [2026-09-18T11:50:45.728+0700] {dag.py:4180} INFO - Setting next_dagrun for consume_1_and_2_with_dataset_expressions to None, run_after=None
[2026-09-18T11:50:45.729+0700] {logging_mixin.py:190} INFO - [2026-09-18T11:50:45.729+0700] {dag.py:4180} INFO - Setting next_dagrun for consume_1_or_2_with_dataset_expressions to None, run_after=None
[2026-09-18T11:50:45.729+0700] {logging_mixin.py:190} INFO - [2026-09-18T11:50:45.729+0700] {dag.py:4180} INFO - Setting next_dagrun for consume_1_or_both_2_and_3_with_dataset_expressions to None, run_after=None
[2026-09-18T11:50:45.730+0700] {logging_mixin.py:190} INFO - [2026-09-18T11:50:45.730+0700] {dag.py:4180} INFO - Setting next_dagrun for dataset_consumes_1 to None, run_after=None
[2026-09-18T11:50:45.730+0700] {logging_mixin.py:190} INFO - [2026-09-18T11:50:45.730+0700] {dag.py:4180} INFO - Setting next_dagrun for dataset_consumes_1_and_2 to None, run_after=None
[2026-09-18T11:50:45.731+0700] {logging_mixin.py:190} INFO - [2026-09-18T11:50:45.731+0700] {dag.py:4180} INFO - Setting next_dagrun for dataset_consumes_1_never_scheduled to None, run_after=None
[2026-09-18T11:50:45.731+0700] {logging_mixin.py:190} INFO - [2026-09-18T11:50:45.731+0700] {dag.py:4180} INFO - Setting next_dagrun for dataset_consumes_unknown_never_scheduled to None, run_after=None
[2026-09-18T11:50:45.732+0700] {logging_mixin.py:190} INFO - [2026-09-18T11:50:45.732+0700] {dag.py:4180} INFO - Setting next_dagrun for dataset_produces_1 to 2026-09-17 00:00:00+00:00, run_after=2026-09-18 00:00:00+00:00
[2026-09-18T11:50:45.733+0700] {logging_mixin.py:190} INFO - [2026-09-18T11:50:45.733+0700] {dag.py:4180} INFO - Setting next_dagrun for dataset_produces_2 to None, run_after=None
[2026-09-18T11:50:45.748+0700] {processor.py:208} INFO - Processing /Users/andreasanditya/Downloads/572392_Andreas_AirflowETL/code/.venv/lib/python3.9/site-packages/airflow/example_dags/example_datasets.py took 0.166 seconds
[2026-09-18T11:53:37.065+0700] {processor.py:186} INFO - Started process (PID=33237) to work on /Users/andreasanditya/Downloads/572392_Andreas_AirflowETL/code/.venv/lib/python3.9/site-packages/airflow/example_dags/example_datasets.py
[2026-09-18T11:53:37.066+0700] {processor.py:914} INFO - Processing file /Users/andreasanditya/Downloads/572392_Andreas_AirflowETL/code/.venv/lib/python3.9/site-packages/airflow/example_dags/example_datasets.py for tasks to queue
[2026-09-18T11:53:37.067+0700] {logging_mixin.py:190} INFO - [2026-09-18T11:53:37.067+0700] {dagbag.py:588} INFO - Filling up the DagBag from /Users/andreasanditya/Downloads/572392_Andreas_AirflowETL/code/.venv/lib/python3.9/site-packages/airflow/example_dags/example_datasets.py
[2026-09-18T11:53:37.099+0700] {processor.py:925} INFO - DAG(s) 'conditional_dataset_and_time_based_timetable', 'dataset_consumes_1', 'consume_1_or_both_2_and_3_with_dataset_expressions', 'consume_1_and_2_with_dataset_expressions', 'dataset_consumes_1_never_scheduled', 'dataset_consumes_1_and_2', 'dataset_produces_2', 'consume_1_or_2_with_dataset_expressions', 'dataset_consumes_unknown_never_scheduled', 'dataset_produces_1' retrieved from /Users/andreasanditya/Downloads/572392_Andreas_AirflowETL/code/.venv/lib/python3.9/site-packages/airflow/example_dags/example_datasets.py
[2026-09-18T11:53:37.196+0700] {logging_mixin.py:190} INFO - [2026-09-18T11:53:37.196+0700] {dag.py:3239} INFO - Sync 10 DAGs
[2026-09-18T11:53:37.209+0700] {logging_mixin.py:190} INFO - [2026-09-18T11:53:37.208+0700] {dag.py:4180} INFO - Setting next_dagrun for conditional_dataset_and_time_based_timetable to 2026-09-16 01:00:00+00:00, run_after=2026-09-16 01:00:00+00:00
[2026-09-18T11:53:37.210+0700] {logging_mixin.py:190} INFO - [2026-09-18T11:53:37.210+0700] {dag.py:4180} INFO - Setting next_dagrun for consume_1_and_2_with_dataset_expressions to None, run_after=None
[2026-09-18T11:53:37.211+0700] {logging_mixin.py:190} INFO - [2026-09-18T11:53:37.210+0700] {dag.py:4180} INFO - Setting next_dagrun for consume_1_or_2_with_dataset_expressions to None, run_after=None
[2026-09-18T11:53:37.211+0700] {logging_mixin.py:190} INFO - [2026-09-18T11:53:37.211+0700] {dag.py:4180} INFO - Setting next_dagrun for consume_1_or_both_2_and_3_with_dataset_expressions to None, run_after=None
[2026-09-18T11:53:37.211+0700] {logging_mixin.py:190} INFO - [2026-09-18T11:53:37.211+0700] {dag.py:4180} INFO - Setting next_dagrun for dataset_consumes_1 to None, run_after=None
[2026-09-18T11:53:37.212+0700] {logging_mixin.py:190} INFO - [2026-09-18T11:53:37.212+0700] {dag.py:4180} INFO - Setting next_dagrun for dataset_consumes_1_and_2 to None, run_after=None
[2026-09-18T11:53:37.212+0700] {logging_mixin.py:190} INFO - [2026-09-18T11:53:37.212+0700] {dag.py:4180} INFO - Setting next_dagrun for dataset_consumes_1_never_scheduled to None, run_after=None
[2026-09-18T11:53:37.213+0700] {logging_mixin.py:190} INFO - [2026-09-18T11:53:37.213+0700] {dag.py:4180} INFO - Setting next_dagrun for dataset_consumes_unknown_never_scheduled to None, run_after=None
[2026-09-18T11:53:37.214+0700] {logging_mixin.py:190} INFO - [2026-09-18T11:53:37.214+0700] {dag.py:4180} INFO - Setting next_dagrun for dataset_produces_1 to 2026-09-17 00:00:00+00:00, run_after=2026-09-18 00:00:00+00:00
[2026-09-18T11:53:37.214+0700] {logging_mixin.py:190} INFO - [2026-09-18T11:53:37.214+0700] {dag.py:4180} INFO - Setting next_dagrun for dataset_produces_2 to None, run_after=None
[2026-09-18T11:53:37.229+0700] {processor.py:208} INFO - Processing /Users/andreasanditya/Downloads/572392_Andreas_AirflowETL/code/.venv/lib/python3.9/site-packages/airflow/example_dags/example_datasets.py took 0.166 seconds
[2026-09-18T11:56:31.317+0700] {processor.py:186} INFO - Started process (PID=34992) to work on /Users/andreasanditya/Downloads/572392_Andreas_AirflowETL/code/.venv/lib/python3.9/site-packages/airflow/example_dags/example_datasets.py
[2026-09-18T11:56:31.318+0700] {processor.py:914} INFO - Processing file /Users/andreasanditya/Downloads/572392_Andreas_AirflowETL/code/.venv/lib/python3.9/site-packages/airflow/example_dags/example_datasets.py for tasks to queue
[2026-09-18T11:56:31.319+0700] {logging_mixin.py:190} INFO - [2026-09-18T11:56:31.318+0700] {dagbag.py:588} INFO - Filling up the DagBag from /Users/andreasanditya/Downloads/572392_Andreas_AirflowETL/code/.venv/lib/python3.9/site-packages/airflow/example_dags/example_datasets.py
[2026-09-18T11:56:31.353+0700] {processor.py:925} INFO - DAG(s) 'dataset_produces_2', 'dataset_consumes_1_and_2', 'conditional_dataset_and_time_based_timetable', 'consume_1_and_2_with_dataset_expressions', 'consume_1_or_both_2_and_3_with_dataset_expressions', 'consume_1_or_2_with_dataset_expressions', 'dataset_consumes_1_never_scheduled', 'dataset_consumes_1', 'dataset_consumes_unknown_never_scheduled', 'dataset_produces_1' retrieved from /Users/andreasanditya/Downloads/572392_Andreas_AirflowETL/code/.venv/lib/python3.9/site-packages/airflow/example_dags/example_datasets.py
[2026-09-18T11:56:31.462+0700] {logging_mixin.py:190} INFO - [2026-09-18T11:56:31.462+0700] {dag.py:3239} INFO - Sync 10 DAGs
[2026-09-18T11:56:31.474+0700] {logging_mixin.py:190} INFO - [2026-09-18T11:56:31.474+0700] {dag.py:4180} INFO - Setting next_dagrun for conditional_dataset_and_time_based_timetable to 2026-09-16 01:00:00+00:00, run_after=2026-09-16 01:00:00+00:00
[2026-09-18T11:56:31.476+0700] {logging_mixin.py:190} INFO - [2026-09-18T11:56:31.476+0700] {dag.py:4180} INFO - Setting next_dagrun for consume_1_and_2_with_dataset_expressions to None, run_after=None
[2026-09-18T11:56:31.477+0700] {logging_mixin.py:190} INFO - [2026-09-18T11:56:31.476+0700] {dag.py:4180} INFO - Setting next_dagrun for consume_1_or_2_with_dataset_expressions to None, run_after=None
[2026-09-18T11:56:31.477+0700] {logging_mixin.py:190} INFO - [2026-09-18T11:56:31.477+0700] {dag.py:4180} INFO - Setting next_dagrun for consume_1_or_both_2_and_3_with_dataset_expressions to None, run_after=None
[2026-09-18T11:56:31.478+0700] {logging_mixin.py:190} INFO - [2026-09-18T11:56:31.477+0700] {dag.py:4180} INFO - Setting next_dagrun for dataset_consumes_1 to None, run_after=None
[2026-09-18T11:56:31.478+0700] {logging_mixin.py:190} INFO - [2026-09-18T11:56:31.478+0700] {dag.py:4180} INFO - Setting next_dagrun for dataset_consumes_1_and_2 to None, run_after=None
[2026-09-18T11:56:31.478+0700] {logging_mixin.py:190} INFO - [2026-09-18T11:56:31.478+0700] {dag.py:4180} INFO - Setting next_dagrun for dataset_consumes_1_never_scheduled to None, run_after=None
[2026-09-18T11:56:31.479+0700] {logging_mixin.py:190} INFO - [2026-09-18T11:56:31.479+0700] {dag.py:4180} INFO - Setting next_dagrun for dataset_consumes_unknown_never_scheduled to None, run_after=None
[2026-09-18T11:56:31.480+0700] {logging_mixin.py:190} INFO - [2026-09-18T11:56:31.480+0700] {dag.py:4180} INFO - Setting next_dagrun for dataset_produces_1 to 2026-09-17 00:00:00+00:00, run_after=2026-09-18 00:00:00+00:00
[2026-09-18T11:56:31.481+0700] {logging_mixin.py:190} INFO - [2026-09-18T11:56:31.480+0700] {dag.py:4180} INFO - Setting next_dagrun for dataset_produces_2 to None, run_after=None
[2026-09-18T11:56:31.496+0700] {processor.py:208} INFO - Processing /Users/andreasanditya/Downloads/572392_Andreas_AirflowETL/code/.venv/lib/python3.9/site-packages/airflow/example_dags/example_datasets.py took 0.181 seconds
[2026-09-18T11:59:23.160+0700] {processor.py:186} INFO - Started process (PID=36716) to work on /Users/andreasanditya/Downloads/572392_Andreas_AirflowETL/code/.venv/lib/python3.9/site-packages/airflow/example_dags/example_datasets.py
[2026-09-18T11:59:23.161+0700] {processor.py:914} INFO - Processing file /Users/andreasanditya/Downloads/572392_Andreas_AirflowETL/code/.venv/lib/python3.9/site-packages/airflow/example_dags/example_datasets.py for tasks to queue
[2026-09-18T11:59:23.162+0700] {logging_mixin.py:190} INFO - [2026-09-18T11:59:23.162+0700] {dagbag.py:588} INFO - Filling up the DagBag from /Users/andreasanditya/Downloads/572392_Andreas_AirflowETL/code/.venv/lib/python3.9/site-packages/airflow/example_dags/example_datasets.py
[2026-09-18T11:59:23.193+0700] {processor.py:925} INFO - DAG(s) 'consume_1_and_2_with_dataset_expressions', 'dataset_consumes_1_and_2', 'dataset_consumes_1', 'conditional_dataset_and_time_based_timetable', 'dataset_produces_2', 'consume_1_or_2_with_dataset_expressions', 'dataset_consumes_1_never_scheduled', 'dataset_consumes_unknown_never_scheduled', 'consume_1_or_both_2_and_3_with_dataset_expressions', 'dataset_produces_1' retrieved from /Users/andreasanditya/Downloads/572392_Andreas_AirflowETL/code/.venv/lib/python3.9/site-packages/airflow/example_dags/example_datasets.py
[2026-09-18T11:59:23.289+0700] {logging_mixin.py:190} INFO - [2026-09-18T11:59:23.289+0700] {dag.py:3239} INFO - Sync 10 DAGs
[2026-09-18T11:59:23.301+0700] {logging_mixin.py:190} INFO - [2026-09-18T11:59:23.301+0700] {dag.py:4180} INFO - Setting next_dagrun for conditional_dataset_and_time_based_timetable to 2026-09-16 01:00:00+00:00, run_after=2026-09-16 01:00:00+00:00
[2026-09-18T11:59:23.303+0700] {logging_mixin.py:190} INFO - [2026-09-18T11:59:23.302+0700] {dag.py:4180} INFO - Setting next_dagrun for consume_1_and_2_with_dataset_expressions to None, run_after=None
[2026-09-18T11:59:23.303+0700] {logging_mixin.py:190} INFO - [2026-09-18T11:59:23.303+0700] {dag.py:4180} INFO - Setting next_dagrun for consume_1_or_2_with_dataset_expressions to None, run_after=None
[2026-09-18T11:59:23.303+0700] {logging_mixin.py:190} INFO - [2026-09-18T11:59:23.303+0700] {dag.py:4180} INFO - Setting next_dagrun for consume_1_or_both_2_and_3_with_dataset_expressions to None, run_after=None
[2026-09-18T11:59:23.304+0700] {logging_mixin.py:190} INFO - [2026-09-18T11:59:23.304+0700] {dag.py:4180} INFO - Setting next_dagrun for dataset_consumes_1 to None, run_after=None
[2026-09-18T11:59:23.305+0700] {logging_mixin.py:190} INFO - [2026-09-18T11:59:23.304+0700] {dag.py:4180} INFO - Setting next_dagrun for dataset_consumes_1_and_2 to None, run_after=None
[2026-09-18T11:59:23.305+0700] {logging_mixin.py:190} INFO - [2026-09-18T11:59:23.305+0700] {dag.py:4180} INFO - Setting next_dagrun for dataset_consumes_1_never_scheduled to None, run_after=None
[2026-09-18T11:59:23.305+0700] {logging_mixin.py:190} INFO - [2026-09-18T11:59:23.305+0700] {dag.py:4180} INFO - Setting next_dagrun for dataset_consumes_unknown_never_scheduled to None, run_after=None
[2026-09-18T11:59:23.307+0700] {logging_mixin.py:190} INFO - [2026-09-18T11:59:23.307+0700] {dag.py:4180} INFO - Setting next_dagrun for dataset_produces_1 to 2026-09-17 00:00:00+00:00, run_after=2026-09-18 00:00:00+00:00
[2026-09-18T11:59:23.307+0700] {logging_mixin.py:190} INFO - [2026-09-18T11:59:23.307+0700] {dag.py:4180} INFO - Setting next_dagrun for dataset_produces_2 to None, run_after=None
[2026-09-18T11:59:23.322+0700] {processor.py:208} INFO - Processing /Users/andreasanditya/Downloads/572392_Andreas_AirflowETL/code/.venv/lib/python3.9/site-packages/airflow/example_dags/example_datasets.py took 0.164 seconds
[2026-09-18T12:02:17.065+0700] {processor.py:186} INFO - Started process (PID=38460) to work on /Users/andreasanditya/Downloads/572392_Andreas_AirflowETL/code/.venv/lib/python3.9/site-packages/airflow/example_dags/example_datasets.py
[2026-09-18T12:02:17.066+0700] {processor.py:914} INFO - Processing file /Users/andreasanditya/Downloads/572392_Andreas_AirflowETL/code/.venv/lib/python3.9/site-packages/airflow/example_dags/example_datasets.py for tasks to queue
[2026-09-18T12:02:17.066+0700] {logging_mixin.py:190} INFO - [2026-09-18T12:02:17.066+0700] {dagbag.py:588} INFO - Filling up the DagBag from /Users/andreasanditya/Downloads/572392_Andreas_AirflowETL/code/.venv/lib/python3.9/site-packages/airflow/example_dags/example_datasets.py
[2026-09-18T12:02:17.102+0700] {processor.py:925} INFO - DAG(s) 'dataset_consumes_1', 'consume_1_and_2_with_dataset_expressions', 'conditional_dataset_and_time_based_timetable', 'consume_1_or_2_with_dataset_expressions', 'dataset_consumes_1_and_2', 'dataset_consumes_unknown_never_scheduled', 'dataset_produces_1', 'dataset_produces_2', 'consume_1_or_both_2_and_3_with_dataset_expressions', 'dataset_consumes_1_never_scheduled' retrieved from /Users/andreasanditya/Downloads/572392_Andreas_AirflowETL/code/.venv/lib/python3.9/site-packages/airflow/example_dags/example_datasets.py
[2026-09-18T12:02:17.198+0700] {logging_mixin.py:190} INFO - [2026-09-18T12:02:17.198+0700] {dag.py:3239} INFO - Sync 10 DAGs
[2026-09-18T12:02:17.210+0700] {logging_mixin.py:190} INFO - [2026-09-18T12:02:17.210+0700] {dag.py:4180} INFO - Setting next_dagrun for conditional_dataset_and_time_based_timetable to 2026-09-16 01:00:00+00:00, run_after=2026-09-16 01:00:00+00:00
[2026-09-18T12:02:17.212+0700] {logging_mixin.py:190} INFO - [2026-09-18T12:02:17.212+0700] {dag.py:4180} INFO - Setting next_dagrun for consume_1_and_2_with_dataset_expressions to None, run_after=None
[2026-09-18T12:02:17.213+0700] {logging_mixin.py:190} INFO - [2026-09-18T12:02:17.213+0700] {dag.py:4180} INFO - Setting next_dagrun for consume_1_or_2_with_dataset_expressions to None, run_after=None
[2026-09-18T12:02:17.213+0700] {logging_mixin.py:190} INFO - [2026-09-18T12:02:17.213+0700] {dag.py:4180} INFO - Setting next_dagrun for consume_1_or_both_2_and_3_with_dataset_expressions to None, run_after=None
[2026-09-18T12:02:17.214+0700] {logging_mixin.py:190} INFO - [2026-09-18T12:02:17.214+0700] {dag.py:4180} INFO - Setting next_dagrun for dataset_consumes_1 to None, run_after=None
[2026-09-18T12:02:17.214+0700] {logging_mixin.py:190} INFO - [2026-09-18T12:02:17.214+0700] {dag.py:4180} INFO - Setting next_dagrun for dataset_consumes_1_and_2 to None, run_after=None
[2026-09-18T12:02:17.215+0700] {logging_mixin.py:190} INFO - [2026-09-18T12:02:17.215+0700] {dag.py:4180} INFO - Setting next_dagrun for dataset_consumes_1_never_scheduled to None, run_after=None
[2026-09-18T12:02:17.215+0700] {logging_mixin.py:190} INFO - [2026-09-18T12:02:17.215+0700] {dag.py:4180} INFO - Setting next_dagrun for dataset_consumes_unknown_never_scheduled to None, run_after=None
[2026-09-18T12:02:17.217+0700] {logging_mixin.py:190} INFO - [2026-09-18T12:02:17.217+0700] {dag.py:4180} INFO - Setting next_dagrun for dataset_produces_1 to 2026-09-17 00:00:00+00:00, run_after=2026-09-18 00:00:00+00:00
[2026-09-18T12:02:17.217+0700] {logging_mixin.py:190} INFO - [2026-09-18T12:02:17.217+0700] {dag.py:4180} INFO - Setting next_dagrun for dataset_produces_2 to None, run_after=None
[2026-09-18T12:02:17.234+0700] {processor.py:208} INFO - Processing /Users/andreasanditya/Downloads/572392_Andreas_AirflowETL/code/.venv/lib/python3.9/site-packages/airflow/example_dags/example_datasets.py took 0.172 seconds
[2026-09-18T12:05:10.834+0700] {processor.py:186} INFO - Started process (PID=40301) to work on /Users/andreasanditya/Downloads/572392_Andreas_AirflowETL/code/.venv/lib/python3.9/site-packages/airflow/example_dags/example_datasets.py
[2026-09-18T12:05:10.835+0700] {processor.py:914} INFO - Processing file /Users/andreasanditya/Downloads/572392_Andreas_AirflowETL/code/.venv/lib/python3.9/site-packages/airflow/example_dags/example_datasets.py for tasks to queue
[2026-09-18T12:05:10.836+0700] {logging_mixin.py:190} INFO - [2026-09-18T12:05:10.835+0700] {dagbag.py:588} INFO - Filling up the DagBag from /Users/andreasanditya/Downloads/572392_Andreas_AirflowETL/code/.venv/lib/python3.9/site-packages/airflow/example_dags/example_datasets.py
[2026-09-18T12:05:10.868+0700] {processor.py:925} INFO - DAG(s) 'consume_1_or_2_with_dataset_expressions', 'dataset_consumes_1_never_scheduled', 'dataset_consumes_1_and_2', 'conditional_dataset_and_time_based_timetable', 'consume_1_or_both_2_and_3_with_dataset_expressions', 'dataset_produces_1', 'consume_1_and_2_with_dataset_expressions', 'dataset_produces_2', 'dataset_consumes_unknown_never_scheduled', 'dataset_consumes_1' retrieved from /Users/andreasanditya/Downloads/572392_Andreas_AirflowETL/code/.venv/lib/python3.9/site-packages/airflow/example_dags/example_datasets.py
[2026-09-18T12:05:10.962+0700] {logging_mixin.py:190} INFO - [2026-09-18T12:05:10.962+0700] {dag.py:3239} INFO - Sync 10 DAGs
[2026-09-18T12:05:10.974+0700] {logging_mixin.py:190} INFO - [2026-09-18T12:05:10.974+0700] {dag.py:4180} INFO - Setting next_dagrun for conditional_dataset_and_time_based_timetable to 2026-09-16 01:00:00+00:00, run_after=2026-09-16 01:00:00+00:00
[2026-09-18T12:05:10.976+0700] {logging_mixin.py:190} INFO - [2026-09-18T12:05:10.976+0700] {dag.py:4180} INFO - Setting next_dagrun for consume_1_and_2_with_dataset_expressions to None, run_after=None
[2026-09-18T12:05:10.976+0700] {logging_mixin.py:190} INFO - [2026-09-18T12:05:10.976+0700] {dag.py:4180} INFO - Setting next_dagrun for consume_1_or_2_with_dataset_expressions to None, run_after=None
[2026-09-18T12:05:10.977+0700] {logging_mixin.py:190} INFO - [2026-09-18T12:05:10.977+0700] {dag.py:4180} INFO - Setting next_dagrun for consume_1_or_both_2_and_3_with_dataset_expressions to None, run_after=None
[2026-09-18T12:05:10.977+0700] {logging_mixin.py:190} INFO - [2026-09-18T12:05:10.977+0700] {dag.py:4180} INFO - Setting next_dagrun for dataset_consumes_1 to None, run_after=None
[2026-09-18T12:05:10.978+0700] {logging_mixin.py:190} INFO - [2026-09-18T12:05:10.978+0700] {dag.py:4180} INFO - Setting next_dagrun for dataset_consumes_1_and_2 to None, run_after=None
[2026-09-18T12:05:10.978+0700] {logging_mixin.py:190} INFO - [2026-09-18T12:05:10.978+0700] {dag.py:4180} INFO - Setting next_dagrun for dataset_consumes_1_never_scheduled to None, run_after=None
[2026-09-18T12:05:10.978+0700] {logging_mixin.py:190} INFO - [2026-09-18T12:05:10.978+0700] {dag.py:4180} INFO - Setting next_dagrun for dataset_consumes_unknown_never_scheduled to None, run_after=None
[2026-09-18T12:05:10.980+0700] {logging_mixin.py:190} INFO - [2026-09-18T12:05:10.980+0700] {dag.py:4180} INFO - Setting next_dagrun for dataset_produces_1 to 2026-09-17 00:00:00+00:00, run_after=2026-09-18 00:00:00+00:00
[2026-09-18T12:05:10.980+0700] {logging_mixin.py:190} INFO - [2026-09-18T12:05:10.980+0700] {dag.py:4180} INFO - Setting next_dagrun for dataset_produces_2 to None, run_after=None
[2026-09-18T12:05:10.996+0700] {processor.py:208} INFO - Processing /Users/andreasanditya/Downloads/572392_Andreas_AirflowETL/code/.venv/lib/python3.9/site-packages/airflow/example_dags/example_datasets.py took 0.164 seconds
[2026-09-18T12:08:06.534+0700] {processor.py:186} INFO - Started process (PID=42037) to work on /Users/andreasanditya/Downloads/572392_Andreas_AirflowETL/code/.venv/lib/python3.9/site-packages/airflow/example_dags/example_datasets.py
[2026-09-18T12:08:06.535+0700] {processor.py:914} INFO - Processing file /Users/andreasanditya/Downloads/572392_Andreas_AirflowETL/code/.venv/lib/python3.9/site-packages/airflow/example_dags/example_datasets.py for tasks to queue
[2026-09-18T12:08:06.536+0700] {logging_mixin.py:190} INFO - [2026-09-18T12:08:06.536+0700] {dagbag.py:588} INFO - Filling up the DagBag from /Users/andreasanditya/Downloads/572392_Andreas_AirflowETL/code/.venv/lib/python3.9/site-packages/airflow/example_dags/example_datasets.py
[2026-09-18T12:08:06.569+0700] {processor.py:925} INFO - DAG(s) 'consume_1_and_2_with_dataset_expressions', 'conditional_dataset_and_time_based_timetable', 'dataset_consumes_1_never_scheduled', 'dataset_produces_2', 'dataset_consumes_unknown_never_scheduled', 'consume_1_or_2_with_dataset_expressions', 'consume_1_or_both_2_and_3_with_dataset_expressions', 'dataset_consumes_1_and_2', 'dataset_produces_1', 'dataset_consumes_1' retrieved from /Users/andreasanditya/Downloads/572392_Andreas_AirflowETL/code/.venv/lib/python3.9/site-packages/airflow/example_dags/example_datasets.py
[2026-09-18T12:08:06.665+0700] {logging_mixin.py:190} INFO - [2026-09-18T12:08:06.665+0700] {dag.py:3239} INFO - Sync 10 DAGs
[2026-09-18T12:08:06.678+0700] {logging_mixin.py:190} INFO - [2026-09-18T12:08:06.678+0700] {dag.py:4180} INFO - Setting next_dagrun for conditional_dataset_and_time_based_timetable to 2026-09-16 01:00:00+00:00, run_after=2026-09-16 01:00:00+00:00
[2026-09-18T12:08:06.679+0700] {logging_mixin.py:190} INFO - [2026-09-18T12:08:06.679+0700] {dag.py:4180} INFO - Setting next_dagrun for consume_1_and_2_with_dataset_expressions to None, run_after=None
[2026-09-18T12:08:06.680+0700] {logging_mixin.py:190} INFO - [2026-09-18T12:08:06.680+0700] {dag.py:4180} INFO - Setting next_dagrun for consume_1_or_2_with_dataset_expressions to None, run_after=None
[2026-09-18T12:08:06.680+0700] {logging_mixin.py:190} INFO - [2026-09-18T12:08:06.680+0700] {dag.py:4180} INFO - Setting next_dagrun for consume_1_or_both_2_and_3_with_dataset_expressions to None, run_after=None
[2026-09-18T12:08:06.681+0700] {logging_mixin.py:190} INFO - [2026-09-18T12:08:06.681+0700] {dag.py:4180} INFO - Setting next_dagrun for dataset_consumes_1 to None, run_after=None
[2026-09-18T12:08:06.681+0700] {logging_mixin.py:190} INFO - [2026-09-18T12:08:06.681+0700] {dag.py:4180} INFO - Setting next_dagrun for dataset_consumes_1_and_2 to None, run_after=None
[2026-09-18T12:08:06.682+0700] {logging_mixin.py:190} INFO - [2026-09-18T12:08:06.682+0700] {dag.py:4180} INFO - Setting next_dagrun for dataset_consumes_1_never_scheduled to None, run_after=None
[2026-09-18T12:08:06.682+0700] {logging_mixin.py:190} INFO - [2026-09-18T12:08:06.682+0700] {dag.py:4180} INFO - Setting next_dagrun for dataset_consumes_unknown_never_scheduled to None, run_after=None
[2026-09-18T12:08:06.683+0700] {logging_mixin.py:190} INFO - [2026-09-18T12:08:06.683+0700] {dag.py:4180} INFO - Setting next_dagrun for dataset_produces_1 to 2026-09-17 00:00:00+00:00, run_after=2026-09-18 00:00:00+00:00
[2026-09-18T12:08:06.684+0700] {logging_mixin.py:190} INFO - [2026-09-18T12:08:06.684+0700] {dag.py:4180} INFO - Setting next_dagrun for dataset_produces_2 to None, run_after=None
[2026-09-18T12:08:06.700+0700] {processor.py:208} INFO - Processing /Users/andreasanditya/Downloads/572392_Andreas_AirflowETL/code/.venv/lib/python3.9/site-packages/airflow/example_dags/example_datasets.py took 0.167 seconds
[2026-09-18T12:10:58.344+0700] {processor.py:186} INFO - Started process (PID=43777) to work on /Users/andreasanditya/Downloads/572392_Andreas_AirflowETL/code/.venv/lib/python3.9/site-packages/airflow/example_dags/example_datasets.py
[2026-09-18T12:10:58.346+0700] {processor.py:914} INFO - Processing file /Users/andreasanditya/Downloads/572392_Andreas_AirflowETL/code/.venv/lib/python3.9/site-packages/airflow/example_dags/example_datasets.py for tasks to queue
[2026-09-18T12:10:58.347+0700] {logging_mixin.py:190} INFO - [2026-09-18T12:10:58.347+0700] {dagbag.py:588} INFO - Filling up the DagBag from /Users/andreasanditya/Downloads/572392_Andreas_AirflowETL/code/.venv/lib/python3.9/site-packages/airflow/example_dags/example_datasets.py
[2026-09-18T12:10:58.384+0700] {processor.py:925} INFO - DAG(s) 'dataset_produces_1', 'conditional_dataset_and_time_based_timetable', 'dataset_consumes_unknown_never_scheduled', 'consume_1_or_2_with_dataset_expressions', 'consume_1_or_both_2_and_3_with_dataset_expressions', 'dataset_consumes_1_never_scheduled', 'dataset_consumes_1_and_2', 'dataset_produces_2', 'dataset_consumes_1', 'consume_1_and_2_with_dataset_expressions' retrieved from /Users/andreasanditya/Downloads/572392_Andreas_AirflowETL/code/.venv/lib/python3.9/site-packages/airflow/example_dags/example_datasets.py
[2026-09-18T12:10:58.480+0700] {logging_mixin.py:190} INFO - [2026-09-18T12:10:58.480+0700] {dag.py:3239} INFO - Sync 10 DAGs
[2026-09-18T12:10:58.493+0700] {logging_mixin.py:190} INFO - [2026-09-18T12:10:58.492+0700] {dag.py:4180} INFO - Setting next_dagrun for conditional_dataset_and_time_based_timetable to 2026-09-16 01:00:00+00:00, run_after=2026-09-16 01:00:00+00:00
[2026-09-18T12:10:58.494+0700] {logging_mixin.py:190} INFO - [2026-09-18T12:10:58.494+0700] {dag.py:4180} INFO - Setting next_dagrun for consume_1_and_2_with_dataset_expressions to None, run_after=None
[2026-09-18T12:10:58.495+0700] {logging_mixin.py:190} INFO - [2026-09-18T12:10:58.495+0700] {dag.py:4180} INFO - Setting next_dagrun for consume_1_or_2_with_dataset_expressions to None, run_after=None
[2026-09-18T12:10:58.495+0700] {logging_mixin.py:190} INFO - [2026-09-18T12:10:58.495+0700] {dag.py:4180} INFO - Setting next_dagrun for consume_1_or_both_2_and_3_with_dataset_expressions to None, run_after=None
[2026-09-18T12:10:58.496+0700] {logging_mixin.py:190} INFO - [2026-09-18T12:10:58.496+0700] {dag.py:4180} INFO - Setting next_dagrun for dataset_consumes_1 to None, run_after=None
[2026-09-18T12:10:58.496+0700] {logging_mixin.py:190} INFO - [2026-09-18T12:10:58.496+0700] {dag.py:4180} INFO - Setting next_dagrun for dataset_consumes_1_and_2 to None, run_after=None
[2026-09-18T12:10:58.496+0700] {logging_mixin.py:190} INFO - [2026-09-18T12:10:58.496+0700] {dag.py:4180} INFO - Setting next_dagrun for dataset_consumes_1_never_scheduled to None, run_after=None
[2026-09-18T12:10:58.497+0700] {logging_mixin.py:190} INFO - [2026-09-18T12:10:58.497+0700] {dag.py:4180} INFO - Setting next_dagrun for dataset_consumes_unknown_never_scheduled to None, run_after=None
[2026-09-18T12:10:58.498+0700] {logging_mixin.py:190} INFO - [2026-09-18T12:10:58.498+0700] {dag.py:4180} INFO - Setting next_dagrun for dataset_produces_1 to 2026-09-17 00:00:00+00:00, run_after=2026-09-18 00:00:00+00:00
[2026-09-18T12:10:58.499+0700] {logging_mixin.py:190} INFO - [2026-09-18T12:10:58.498+0700] {dag.py:4180} INFO - Setting next_dagrun for dataset_produces_2 to None, run_after=None
[2026-09-18T12:10:58.514+0700] {processor.py:208} INFO - Processing /Users/andreasanditya/Downloads/572392_Andreas_AirflowETL/code/.venv/lib/python3.9/site-packages/airflow/example_dags/example_datasets.py took 0.172 seconds
[2026-09-18T12:13:56.796+0700] {processor.py:186} INFO - Started process (PID=46360) to work on /Users/andreasanditya/Downloads/572392_Andreas_AirflowETL/code/.venv/lib/python3.9/site-packages/airflow/example_dags/example_datasets.py
[2026-09-18T12:13:56.796+0700] {processor.py:914} INFO - Processing file /Users/andreasanditya/Downloads/572392_Andreas_AirflowETL/code/.venv/lib/python3.9/site-packages/airflow/example_dags/example_datasets.py for tasks to queue
[2026-09-18T12:13:56.797+0700] {logging_mixin.py:190} INFO - [2026-09-18T12:13:56.797+0700] {dagbag.py:588} INFO - Filling up the DagBag from /Users/andreasanditya/Downloads/572392_Andreas_AirflowETL/code/.venv/lib/python3.9/site-packages/airflow/example_dags/example_datasets.py
[2026-09-18T12:13:56.833+0700] {processor.py:925} INFO - DAG(s) 'dataset_produces_1', 'dataset_consumes_1', 'conditional_dataset_and_time_based_timetable', 'dataset_consumes_1_and_2', 'consume_1_and_2_with_dataset_expressions', 'dataset_consumes_unknown_never_scheduled', 'consume_1_or_2_with_dataset_expressions', 'dataset_produces_2', 'consume_1_or_both_2_and_3_with_dataset_expressions', 'dataset_consumes_1_never_scheduled' retrieved from /Users/andreasanditya/Downloads/572392_Andreas_AirflowETL/code/.venv/lib/python3.9/site-packages/airflow/example_dags/example_datasets.py
[2026-09-18T12:13:56.931+0700] {logging_mixin.py:190} INFO - [2026-09-18T12:13:56.931+0700] {dag.py:3239} INFO - Sync 10 DAGs
[2026-09-18T12:13:56.943+0700] {logging_mixin.py:190} INFO - [2026-09-18T12:13:56.943+0700] {dag.py:4180} INFO - Setting next_dagrun for conditional_dataset_and_time_based_timetable to 2026-09-16 01:00:00+00:00, run_after=2026-09-16 01:00:00+00:00
[2026-09-18T12:13:56.945+0700] {logging_mixin.py:190} INFO - [2026-09-18T12:13:56.945+0700] {dag.py:4180} INFO - Setting next_dagrun for consume_1_and_2_with_dataset_expressions to None, run_after=None
[2026-09-18T12:13:56.945+0700] {logging_mixin.py:190} INFO - [2026-09-18T12:13:56.945+0700] {dag.py:4180} INFO - Setting next_dagrun for consume_1_or_2_with_dataset_expressions to None, run_after=None
[2026-09-18T12:13:56.946+0700] {logging_mixin.py:190} INFO - [2026-09-18T12:13:56.946+0700] {dag.py:4180} INFO - Setting next_dagrun for consume_1_or_both_2_and_3_with_dataset_expressions to None, run_after=None
[2026-09-18T12:13:56.946+0700] {logging_mixin.py:190} INFO - [2026-09-18T12:13:56.946+0700] {dag.py:4180} INFO - Setting next_dagrun for dataset_consumes_1 to None, run_after=None
[2026-09-18T12:13:56.947+0700] {logging_mixin.py:190} INFO - [2026-09-18T12:13:56.947+0700] {dag.py:4180} INFO - Setting next_dagrun for dataset_consumes_1_and_2 to None, run_after=None
[2026-09-18T12:13:56.947+0700] {logging_mixin.py:190} INFO - [2026-09-18T12:13:56.947+0700] {dag.py:4180} INFO - Setting next_dagrun for dataset_consumes_1_never_scheduled to None, run_after=None
[2026-09-18T12:13:56.948+0700] {logging_mixin.py:190} INFO - [2026-09-18T12:13:56.948+0700] {dag.py:4180} INFO - Setting next_dagrun for dataset_consumes_unknown_never_scheduled to None, run_after=None
[2026-09-18T12:13:56.949+0700] {logging_mixin.py:190} INFO - [2026-09-18T12:13:56.949+0700] {dag.py:4180} INFO - Setting next_dagrun for dataset_produces_1 to 2026-09-17 00:00:00+00:00, run_after=2026-09-18 00:00:00+00:00
[2026-09-18T12:13:56.949+0700] {logging_mixin.py:190} INFO - [2026-09-18T12:13:56.949+0700] {dag.py:4180} INFO - Setting next_dagrun for dataset_produces_2 to None, run_after=None
[2026-09-18T12:13:56.965+0700] {processor.py:208} INFO - Processing /Users/andreasanditya/Downloads/572392_Andreas_AirflowETL/code/.venv/lib/python3.9/site-packages/airflow/example_dags/example_datasets.py took 0.172 seconds
[2026-09-18T12:16:51.836+0700] {processor.py:186} INFO - Started process (PID=49177) to work on /Users/andreasanditya/Downloads/572392_Andreas_AirflowETL/code/.venv/lib/python3.9/site-packages/airflow/example_dags/example_datasets.py
[2026-09-18T12:16:51.837+0700] {processor.py:914} INFO - Processing file /Users/andreasanditya/Downloads/572392_Andreas_AirflowETL/code/.venv/lib/python3.9/site-packages/airflow/example_dags/example_datasets.py for tasks to queue
[2026-09-18T12:16:51.838+0700] {logging_mixin.py:190} INFO - [2026-09-18T12:16:51.838+0700] {dagbag.py:588} INFO - Filling up the DagBag from /Users/andreasanditya/Downloads/572392_Andreas_AirflowETL/code/.venv/lib/python3.9/site-packages/airflow/example_dags/example_datasets.py
[2026-09-18T12:16:51.870+0700] {processor.py:925} INFO - DAG(s) 'conditional_dataset_and_time_based_timetable', 'consume_1_or_both_2_and_3_with_dataset_expressions', 'consume_1_and_2_with_dataset_expressions', 'dataset_produces_1', 'dataset_consumes_1', 'dataset_consumes_1_and_2', 'consume_1_or_2_with_dataset_expressions', 'dataset_consumes_unknown_never_scheduled', 'dataset_consumes_1_never_scheduled', 'dataset_produces_2' retrieved from /Users/andreasanditya/Downloads/572392_Andreas_AirflowETL/code/.venv/lib/python3.9/site-packages/airflow/example_dags/example_datasets.py
[2026-09-18T12:16:51.965+0700] {logging_mixin.py:190} INFO - [2026-09-18T12:16:51.965+0700] {dag.py:3239} INFO - Sync 10 DAGs
[2026-09-18T12:16:51.977+0700] {logging_mixin.py:190} INFO - [2026-09-18T12:16:51.977+0700] {dag.py:4180} INFO - Setting next_dagrun for conditional_dataset_and_time_based_timetable to 2026-09-16 01:00:00+00:00, run_after=2026-09-16 01:00:00+00:00
[2026-09-18T12:16:51.979+0700] {logging_mixin.py:190} INFO - [2026-09-18T12:16:51.979+0700] {dag.py:4180} INFO - Setting next_dagrun for consume_1_and_2_with_dataset_expressions to None, run_after=None
[2026-09-18T12:16:51.979+0700] {logging_mixin.py:190} INFO - [2026-09-18T12:16:51.979+0700] {dag.py:4180} INFO - Setting next_dagrun for consume_1_or_2_with_dataset_expressions to None, run_after=None
[2026-09-18T12:16:51.980+0700] {logging_mixin.py:190} INFO - [2026-09-18T12:16:51.980+0700] {dag.py:4180} INFO - Setting next_dagrun for consume_1_or_both_2_and_3_with_dataset_expressions to None, run_after=None
[2026-09-18T12:16:51.980+0700] {logging_mixin.py:190} INFO - [2026-09-18T12:16:51.980+0700] {dag.py:4180} INFO - Setting next_dagrun for dataset_consumes_1 to None, run_after=None
[2026-09-18T12:16:51.981+0700] {logging_mixin.py:190} INFO - [2026-09-18T12:16:51.980+0700] {dag.py:4180} INFO - Setting next_dagrun for dataset_consumes_1_and_2 to None, run_after=None
[2026-09-18T12:16:51.981+0700] {logging_mixin.py:190} INFO - [2026-09-18T12:16:51.981+0700] {dag.py:4180} INFO - Setting next_dagrun for dataset_consumes_1_never_scheduled to None, run_after=None
[2026-09-18T12:16:51.981+0700] {logging_mixin.py:190} INFO - [2026-09-18T12:16:51.981+0700] {dag.py:4180} INFO - Setting next_dagrun for dataset_consumes_unknown_never_scheduled to None, run_after=None
[2026-09-18T12:16:51.983+0700] {logging_mixin.py:190} INFO - [2026-09-18T12:16:51.983+0700] {dag.py:4180} INFO - Setting next_dagrun for dataset_produces_1 to 2026-09-17 00:00:00+00:00, run_after=2026-09-18 00:00:00+00:00
[2026-09-18T12:16:51.983+0700] {logging_mixin.py:190} INFO - [2026-09-18T12:16:51.983+0700] {dag.py:4180} INFO - Setting next_dagrun for dataset_produces_2 to None, run_after=None
[2026-09-18T12:16:51.999+0700] {processor.py:208} INFO - Processing /Users/andreasanditya/Downloads/572392_Andreas_AirflowETL/code/.venv/lib/python3.9/site-packages/airflow/example_dags/example_datasets.py took 0.165 seconds
