[2026-09-18T11:18:23.757+0700] {processor.py:186} INFO - Started process (PID=11305) to work on /Users/andreasanditya/Downloads/572392_Andreas_AirflowETL/code/.venv/lib/python3.9/site-packages/airflow/example_dags/example_branch_day_of_week_operator.py
[2026-09-18T11:18:23.757+0700] {processor.py:914} INFO - Processing file /Users/andreasanditya/Downloads/572392_Andreas_AirflowETL/code/.venv/lib/python3.9/site-packages/airflow/example_dags/example_branch_day_of_week_operator.py for tasks to queue
[2026-09-18T11:18:23.758+0700] {logging_mixin.py:190} INFO - [2026-09-18T11:18:23.758+0700] {dagbag.py:588} INFO - Filling up the DagBag from /Users/andreasanditya/Downloads/572392_Andreas_AirflowETL/code/.venv/lib/python3.9/site-packages/airflow/example_dags/example_branch_day_of_week_operator.py
[2026-09-18T11:18:23.765+0700] {processor.py:925} INFO - DAG(s) 'example_weekday_branch_operator' retrieved from /Users/andreasanditya/Downloads/572392_Andreas_AirflowETL/code/.venv/lib/python3.9/site-packages/airflow/example_dags/example_branch_day_of_week_operator.py
[2026-09-18T11:18:23.911+0700] {logging_mixin.py:190} INFO - [2026-09-18T11:18:23.910+0700] {override.py:1912} INFO - Created Permission View: can delete on DAG:example_weekday_branch_operator
[2026-09-18T11:18:23.916+0700] {logging_mixin.py:190} INFO - [2026-09-18T11:18:23.915+0700] {override.py:1912} INFO - Created Permission View: can edit on DAG:example_weekday_branch_operator
[2026-09-18T11:18:23.919+0700] {logging_mixin.py:190} INFO - [2026-09-18T11:18:23.919+0700] {override.py:1912} INFO - Created Permission View: can read on DAG:example_weekday_branch_operator
[2026-09-18T11:18:23.923+0700] {logging_mixin.py:190} INFO - [2026-09-18T11:18:23.922+0700] {override.py:1912} INFO - Created Permission View: can create on DAG Run:example_weekday_branch_operator
[2026-09-18T11:18:23.926+0700] {logging_mixin.py:190} INFO - [2026-09-18T11:18:23.926+0700] {override.py:1912} INFO - Created Permission View: can delete on DAG Run:example_weekday_branch_operator
[2026-09-18T11:18:23.929+0700] {logging_mixin.py:190} INFO - [2026-09-18T11:18:23.929+0700] {override.py:1912} INFO - Created Permission View: can read on DAG Run:example_weekday_branch_operator
[2026-09-18T11:18:23.933+0700] {logging_mixin.py:190} INFO - [2026-09-18T11:18:23.932+0700] {override.py:1912} INFO - Created Permission View: menu access on DAG Run:example_weekday_branch_operator
[2026-09-18T11:18:23.933+0700] {logging_mixin.py:190} INFO - [2026-09-18T11:18:23.933+0700] {dag.py:3239} INFO - Sync 1 DAGs
[2026-09-18T11:18:23.939+0700] {logging_mixin.py:190} INFO - [2026-09-18T11:18:23.939+0700] {dag.py:3262} INFO - Creating ORM DAG for example_weekday_branch_operator
[2026-09-18T11:18:23.945+0700] {logging_mixin.py:190} INFO - [2026-09-18T11:18:23.945+0700] {dag.py:4180} INFO - Setting next_dagrun for example_weekday_branch_operator to 2026-09-17 00:00:00+00:00, run_after=2026-09-18 00:00:00+00:00
[2026-09-18T11:18:23.956+0700] {processor.py:208} INFO - Processing /Users/andreasanditya/Downloads/572392_Andreas_AirflowETL/code/.venv/lib/python3.9/site-packages/airflow/example_dags/example_branch_day_of_week_operator.py took 0.201 seconds
[2026-09-18T11:21:40.586+0700] {processor.py:186} INFO - Started process (PID=13393) to work on /Users/andreasanditya/Downloads/572392_Andreas_AirflowETL/code/.venv/lib/python3.9/site-packages/airflow/example_dags/example_branch_day_of_week_operator.py
[2026-09-18T11:21:40.590+0700] {processor.py:914} INFO - Processing file /Users/andreasanditya/Downloads/572392_Andreas_AirflowETL/code/.venv/lib/python3.9/site-packages/airflow/example_dags/example_branch_day_of_week_operator.py for tasks to queue
[2026-09-18T11:21:40.590+0700] {logging_mixin.py:190} INFO - [2026-09-18T11:21:40.590+0700] {dagbag.py:588} INFO - Filling up the DagBag from /Users/andreasanditya/Downloads/572392_Andreas_AirflowETL/code/.venv/lib/python3.9/site-packages/airflow/example_dags/example_branch_day_of_week_operator.py
[2026-09-18T11:21:40.597+0700] {processor.py:925} INFO - DAG(s) 'example_weekday_branch_operator' retrieved from /Users/andreasanditya/Downloads/572392_Andreas_AirflowETL/code/.venv/lib/python3.9/site-packages/airflow/example_dags/example_branch_day_of_week_operator.py
[2026-09-18T11:21:40.686+0700] {logging_mixin.py:190} INFO - [2026-09-18T11:21:40.685+0700] {dag.py:3239} INFO - Sync 1 DAGs
[2026-09-18T11:21:40.697+0700] {logging_mixin.py:190} INFO - [2026-09-18T11:21:40.697+0700] {dag.py:4180} INFO - Setting next_dagrun for example_weekday_branch_operator to 2026-09-17 00:00:00+00:00, run_after=2026-09-18 00:00:00+00:00
[2026-09-18T11:21:40.707+0700] {processor.py:208} INFO - Processing /Users/andreasanditya/Downloads/572392_Andreas_AirflowETL/code/.venv/lib/python3.9/site-packages/airflow/example_dags/example_branch_day_of_week_operator.py took 0.124 seconds
[2026-09-18T11:25:42.068+0700] {processor.py:186} INFO - Started process (PID=16075) to work on /Users/andreasanditya/Downloads/572392_Andreas_AirflowETL/code/.venv/lib/python3.9/site-packages/airflow/example_dags/example_branch_day_of_week_operator.py
[2026-09-18T11:25:42.068+0700] {processor.py:914} INFO - Processing file /Users/andreasanditya/Downloads/572392_Andreas_AirflowETL/code/.venv/lib/python3.9/site-packages/airflow/example_dags/example_branch_day_of_week_operator.py for tasks to queue
[2026-09-18T11:25:42.069+0700] {logging_mixin.py:190} INFO - [2026-09-18T11:25:42.069+0700] {dagbag.py:588} INFO - Filling up the DagBag from /Users/andreasanditya/Downloads/572392_Andreas_AirflowETL/code/.venv/lib/python3.9/site-packages/airflow/example_dags/example_branch_day_of_week_operator.py
[2026-09-18T11:25:42.075+0700] {processor.py:925} INFO - DAG(s) 'example_weekday_branch_operator' retrieved from /Users/andreasanditya/Downloads/572392_Andreas_AirflowETL/code/.venv/lib/python3.9/site-packages/airflow/example_dags/example_branch_day_of_week_operator.py
[2026-09-18T11:25:42.166+0700] {logging_mixin.py:190} INFO - [2026-09-18T11:25:42.166+0700] {dag.py:3239} INFO - Sync 1 DAGs
[2026-09-18T11:25:42.177+0700] {logging_mixin.py:190} INFO - [2026-09-18T11:25:42.177+0700] {dag.py:4180} INFO - Setting next_dagrun for example_weekday_branch_operator to 2026-09-17 00:00:00+00:00, run_after=2026-09-18 00:00:00+00:00
[2026-09-18T11:25:42.187+0700] {processor.py:208} INFO - Processing /Users/andreasanditya/Downloads/572392_Andreas_AirflowETL/code/.venv/lib/python3.9/site-packages/airflow/example_dags/example_branch_day_of_week_operator.py took 0.122 seconds
[2026-09-18T11:28:43.313+0700] {processor.py:186} INFO - Started process (PID=17908) to work on /Users/andreasanditya/Downloads/572392_Andreas_AirflowETL/code/.venv/lib/python3.9/site-packages/airflow/example_dags/example_branch_day_of_week_operator.py
[2026-09-18T11:28:43.314+0700] {processor.py:914} INFO - Processing file /Users/andreasanditya/Downloads/572392_Andreas_AirflowETL/code/.venv/lib/python3.9/site-packages/airflow/example_dags/example_branch_day_of_week_operator.py for tasks to queue
[2026-09-18T11:28:43.315+0700] {logging_mixin.py:190} INFO - [2026-09-18T11:28:43.315+0700] {dagbag.py:588} INFO - Filling up the DagBag from /Users/andreasanditya/Downloads/572392_Andreas_AirflowETL/code/.venv/lib/python3.9/site-packages/airflow/example_dags/example_branch_day_of_week_operator.py
[2026-09-18T11:28:43.321+0700] {processor.py:925} INFO - DAG(s) 'example_weekday_branch_operator' retrieved from /Users/andreasanditya/Downloads/572392_Andreas_AirflowETL/code/.venv/lib/python3.9/site-packages/airflow/example_dags/example_branch_day_of_week_operator.py
[2026-09-18T11:28:43.411+0700] {logging_mixin.py:190} INFO - [2026-09-18T11:28:43.411+0700] {dag.py:3239} INFO - Sync 1 DAGs
[2026-09-18T11:28:43.422+0700] {logging_mixin.py:190} INFO - [2026-09-18T11:28:43.422+0700] {dag.py:4180} INFO - Setting next_dagrun for example_weekday_branch_operator to 2026-09-17 00:00:00+00:00, run_after=2026-09-18 00:00:00+00:00
[2026-09-18T11:28:43.433+0700] {processor.py:208} INFO - Processing /Users/andreasanditya/Downloads/572392_Andreas_AirflowETL/code/.venv/lib/python3.9/site-packages/airflow/example_dags/example_branch_day_of_week_operator.py took 0.121 seconds
[2026-09-18T11:31:41.901+0700] {processor.py:186} INFO - Started process (PID=19708) to work on /Users/andreasanditya/Downloads/572392_Andreas_AirflowETL/code/.venv/lib/python3.9/site-packages/airflow/example_dags/example_branch_day_of_week_operator.py
[2026-09-18T11:31:41.903+0700] {processor.py:914} INFO - Processing file /Users/andreasanditya/Downloads/572392_Andreas_AirflowETL/code/.venv/lib/python3.9/site-packages/airflow/example_dags/example_branch_day_of_week_operator.py for tasks to queue
[2026-09-18T11:31:41.903+0700] {logging_mixin.py:190} INFO - [2026-09-18T11:31:41.903+0700] {dagbag.py:588} INFO - Filling up the DagBag from /Users/andreasanditya/Downloads/572392_Andreas_AirflowETL/code/.venv/lib/python3.9/site-packages/airflow/example_dags/example_branch_day_of_week_operator.py
[2026-09-18T11:31:41.910+0700] {processor.py:925} INFO - DAG(s) 'example_weekday_branch_operator' retrieved from /Users/andreasanditya/Downloads/572392_Andreas_AirflowETL/code/.venv/lib/python3.9/site-packages/airflow/example_dags/example_branch_day_of_week_operator.py
[2026-09-18T11:31:41.996+0700] {logging_mixin.py:190} INFO - [2026-09-18T11:31:41.996+0700] {dag.py:3239} INFO - Sync 1 DAGs
[2026-09-18T11:31:42.007+0700] {logging_mixin.py:190} INFO - [2026-09-18T11:31:42.007+0700] {dag.py:4180} INFO - Setting next_dagrun for example_weekday_branch_operator to 2026-09-17 00:00:00+00:00, run_after=2026-09-18 00:00:00+00:00
[2026-09-18T11:31:42.017+0700] {processor.py:208} INFO - Processing /Users/andreasanditya/Downloads/572392_Andreas_AirflowETL/code/.venv/lib/python3.9/site-packages/airflow/example_dags/example_branch_day_of_week_operator.py took 0.118 seconds
[2026-09-18T11:34:36.210+0700] {processor.py:186} INFO - Started process (PID=21564) to work on /Users/andreasanditya/Downloads/572392_Andreas_AirflowETL/code/.venv/lib/python3.9/site-packages/airflow/example_dags/example_branch_day_of_week_operator.py
[2026-09-18T11:34:36.211+0700] {processor.py:914} INFO - Processing file /Users/andreasanditya/Downloads/572392_Andreas_AirflowETL/code/.venv/lib/python3.9/site-packages/airflow/example_dags/example_branch_day_of_week_operator.py for tasks to queue
[2026-09-18T11:34:36.212+0700] {logging_mixin.py:190} INFO - [2026-09-18T11:34:36.212+0700] {dagbag.py:588} INFO - Filling up the DagBag from /Users/andreasanditya/Downloads/572392_Andreas_AirflowETL/code/.venv/lib/python3.9/site-packages/airflow/example_dags/example_branch_day_of_week_operator.py
[2026-09-18T11:34:36.219+0700] {processor.py:925} INFO - DAG(s) 'example_weekday_branch_operator' retrieved from /Users/andreasanditya/Downloads/572392_Andreas_AirflowETL/code/.venv/lib/python3.9/site-packages/airflow/example_dags/example_branch_day_of_week_operator.py
[2026-09-18T11:34:36.312+0700] {logging_mixin.py:190} INFO - [2026-09-18T11:34:36.312+0700] {dag.py:3239} INFO - Sync 1 DAGs
[2026-09-18T11:34:36.324+0700] {logging_mixin.py:190} INFO - [2026-09-18T11:34:36.324+0700] {dag.py:4180} INFO - Setting next_dagrun for example_weekday_branch_operator to 2026-09-17 00:00:00+00:00, run_after=2026-09-18 00:00:00+00:00
[2026-09-18T11:34:36.335+0700] {processor.py:208} INFO - Processing /Users/andreasanditya/Downloads/572392_Andreas_AirflowETL/code/.venv/lib/python3.9/site-packages/airflow/example_dags/example_branch_day_of_week_operator.py took 0.127 seconds
[2026-09-18T11:37:32.660+0700] {processor.py:186} INFO - Started process (PID=23514) to work on /Users/andreasanditya/Downloads/572392_Andreas_AirflowETL/code/.venv/lib/python3.9/site-packages/airflow/example_dags/example_branch_day_of_week_operator.py
[2026-09-18T11:37:32.662+0700] {processor.py:914} INFO - Processing file /Users/andreasanditya/Downloads/572392_Andreas_AirflowETL/code/.venv/lib/python3.9/site-packages/airflow/example_dags/example_branch_day_of_week_operator.py for tasks to queue
[2026-09-18T11:37:32.662+0700] {logging_mixin.py:190} INFO - [2026-09-18T11:37:32.662+0700] {dagbag.py:588} INFO - Filling up the DagBag from /Users/andreasanditya/Downloads/572392_Andreas_AirflowETL/code/.venv/lib/python3.9/site-packages/airflow/example_dags/example_branch_day_of_week_operator.py
[2026-09-18T11:37:32.669+0700] {processor.py:925} INFO - DAG(s) 'example_weekday_branch_operator' retrieved from /Users/andreasanditya/Downloads/572392_Andreas_AirflowETL/code/.venv/lib/python3.9/site-packages/airflow/example_dags/example_branch_day_of_week_operator.py
[2026-09-18T11:37:32.756+0700] {logging_mixin.py:190} INFO - [2026-09-18T11:37:32.755+0700] {dag.py:3239} INFO - Sync 1 DAGs
[2026-09-18T11:37:32.767+0700] {logging_mixin.py:190} INFO - [2026-09-18T11:37:32.766+0700] {dag.py:4180} INFO - Setting next_dagrun for example_weekday_branch_operator to 2026-09-17 00:00:00+00:00, run_after=2026-09-18 00:00:00+00:00
[2026-09-18T11:37:32.777+0700] {processor.py:208} INFO - Processing /Users/andreasanditya/Downloads/572392_Andreas_AirflowETL/code/.venv/lib/python3.9/site-packages/airflow/example_dags/example_branch_day_of_week_operator.py took 0.118 seconds
[2026-09-18T11:40:27.597+0700] {processor.py:186} INFO - Started process (PID=25268) to work on /Users/andreasanditya/Downloads/572392_Andreas_AirflowETL/code/.venv/lib/python3.9/site-packages/airflow/example_dags/example_branch_day_of_week_operator.py
[2026-09-18T11:40:27.598+0700] {processor.py:914} INFO - Processing file /Users/andreasanditya/Downloads/572392_Andreas_AirflowETL/code/.venv/lib/python3.9/site-packages/airflow/example_dags/example_branch_day_of_week_operator.py for tasks to queue
[2026-09-18T11:40:27.599+0700] {logging_mixin.py:190} INFO - [2026-09-18T11:40:27.599+0700] {dagbag.py:588} INFO - Filling up the DagBag from /Users/andreasanditya/Downloads/572392_Andreas_AirflowETL/code/.venv/lib/python3.9/site-packages/airflow/example_dags/example_branch_day_of_week_operator.py
[2026-09-18T11:40:27.605+0700] {processor.py:925} INFO - DAG(s) 'example_weekday_branch_operator' retrieved from /Users/andreasanditya/Downloads/572392_Andreas_AirflowETL/code/.venv/lib/python3.9/site-packages/airflow/example_dags/example_branch_day_of_week_operator.py
[2026-09-18T11:40:27.695+0700] {logging_mixin.py:190} INFO - [2026-09-18T11:40:27.695+0700] {dag.py:3239} INFO - Sync 1 DAGs
[2026-09-18T11:40:27.707+0700] {logging_mixin.py:190} INFO - [2026-09-18T11:40:27.706+0700] {dag.py:4180} INFO - Setting next_dagrun for example_weekday_branch_operator to 2026-09-17 00:00:00+00:00, run_after=2026-09-18 00:00:00+00:00
[2026-09-18T11:40:27.717+0700] {processor.py:208} INFO - Processing /Users/andreasanditya/Downloads/572392_Andreas_AirflowETL/code/.venv/lib/python3.9/site-packages/airflow/example_dags/example_branch_day_of_week_operator.py took 0.122 seconds
[2026-09-18T11:43:26.206+0700] {processor.py:186} INFO - Started process (PID=27138) to work on /Users/andreasanditya/Downloads/572392_Andreas_AirflowETL/code/.venv/lib/python3.9/site-packages/airflow/example_dags/example_branch_day_of_week_operator.py
[2026-09-18T11:43:26.207+0700] {processor.py:914} INFO - Processing file /Users/andreasanditya/Downloads/572392_Andreas_AirflowETL/code/.venv/lib/python3.9/site-packages/airflow/example_dags/example_branch_day_of_week_operator.py for tasks to queue
[2026-09-18T11:43:26.208+0700] {logging_mixin.py:190} INFO - [2026-09-18T11:43:26.208+0700] {dagbag.py:588} INFO - Filling up the DagBag from /Users/andreasanditya/Downloads/572392_Andreas_AirflowETL/code/.venv/lib/python3.9/site-packages/airflow/example_dags/example_branch_day_of_week_operator.py
[2026-09-18T11:43:26.214+0700] {processor.py:925} INFO - DAG(s) 'example_weekday_branch_operator' retrieved from /Users/andreasanditya/Downloads/572392_Andreas_AirflowETL/code/.venv/lib/python3.9/site-packages/airflow/example_dags/example_branch_day_of_week_operator.py
[2026-09-18T11:43:26.301+0700] {logging_mixin.py:190} INFO - [2026-09-18T11:43:26.301+0700] {dag.py:3239} INFO - Sync 1 DAGs
[2026-09-18T11:43:26.312+0700] {logging_mixin.py:190} INFO - [2026-09-18T11:43:26.311+0700] {dag.py:4180} INFO - Setting next_dagrun for example_weekday_branch_operator to 2026-09-17 00:00:00+00:00, run_after=2026-09-18 00:00:00+00:00
[2026-09-18T11:43:26.321+0700] {processor.py:208} INFO - Processing /Users/andreasanditya/Downloads/572392_Andreas_AirflowETL/code/.venv/lib/python3.9/site-packages/airflow/example_dags/example_branch_day_of_week_operator.py took 0.117 seconds
[2026-09-18T11:46:19.507+0700] {processor.py:186} INFO - Started process (PID=28850) to work on /Users/andreasanditya/Downloads/572392_Andreas_AirflowETL/code/.venv/lib/python3.9/site-packages/airflow/example_dags/example_branch_day_of_week_operator.py
[2026-09-18T11:46:19.508+0700] {processor.py:914} INFO - Processing file /Users/andreasanditya/Downloads/572392_Andreas_AirflowETL/code/.venv/lib/python3.9/site-packages/airflow/example_dags/example_branch_day_of_week_operator.py for tasks to queue
[2026-09-18T11:46:19.509+0700] {logging_mixin.py:190} INFO - [2026-09-18T11:46:19.509+0700] {dagbag.py:588} INFO - Filling up the DagBag from /Users/andreasanditya/Downloads/572392_Andreas_AirflowETL/code/.venv/lib/python3.9/site-packages/airflow/example_dags/example_branch_day_of_week_operator.py
[2026-09-18T11:46:19.515+0700] {processor.py:925} INFO - DAG(s) 'example_weekday_branch_operator' retrieved from /Users/andreasanditya/Downloads/572392_Andreas_AirflowETL/code/.venv/lib/python3.9/site-packages/airflow/example_dags/example_branch_day_of_week_operator.py
[2026-09-18T11:46:19.606+0700] {logging_mixin.py:190} INFO - [2026-09-18T11:46:19.605+0700] {dag.py:3239} INFO - Sync 1 DAGs
[2026-09-18T11:46:19.617+0700] {logging_mixin.py:190} INFO - [2026-09-18T11:46:19.616+0700] {dag.py:4180} INFO - Setting next_dagrun for example_weekday_branch_operator to 2026-09-17 00:00:00+00:00, run_after=2026-09-18 00:00:00+00:00
[2026-09-18T11:46:19.626+0700] {processor.py:208} INFO - Processing /Users/andreasanditya/Downloads/572392_Andreas_AirflowETL/code/.venv/lib/python3.9/site-packages/airflow/example_dags/example_branch_day_of_week_operator.py took 0.121 seconds
[2026-09-18T11:49:13.437+0700] {processor.py:186} INFO - Started process (PID=30608) to work on /Users/andreasanditya/Downloads/572392_Andreas_AirflowETL/code/.venv/lib/python3.9/site-packages/airflow/example_dags/example_branch_day_of_week_operator.py
[2026-09-18T11:49:13.438+0700] {processor.py:914} INFO - Processing file /Users/andreasanditya/Downloads/572392_Andreas_AirflowETL/code/.venv/lib/python3.9/site-packages/airflow/example_dags/example_branch_day_of_week_operator.py for tasks to queue
[2026-09-18T11:49:13.439+0700] {logging_mixin.py:190} INFO - [2026-09-18T11:49:13.438+0700] {dagbag.py:588} INFO - Filling up the DagBag from /Users/andreasanditya/Downloads/572392_Andreas_AirflowETL/code/.venv/lib/python3.9/site-packages/airflow/example_dags/example_branch_day_of_week_operator.py
[2026-09-18T11:49:13.445+0700] {processor.py:925} INFO - DAG(s) 'example_weekday_branch_operator' retrieved from /Users/andreasanditya/Downloads/572392_Andreas_AirflowETL/code/.venv/lib/python3.9/site-packages/airflow/example_dags/example_branch_day_of_week_operator.py
[2026-09-18T11:49:13.533+0700] {logging_mixin.py:190} INFO - [2026-09-18T11:49:13.533+0700] {dag.py:3239} INFO - Sync 1 DAGs
[2026-09-18T11:49:13.544+0700] {logging_mixin.py:190} INFO - [2026-09-18T11:49:13.544+0700] {dag.py:4180} INFO - Setting next_dagrun for example_weekday_branch_operator to 2026-09-17 00:00:00+00:00, run_after=2026-09-18 00:00:00+00:00
[2026-09-18T11:49:13.555+0700] {processor.py:208} INFO - Processing /Users/andreasanditya/Downloads/572392_Andreas_AirflowETL/code/.venv/lib/python3.9/site-packages/airflow/example_dags/example_branch_day_of_week_operator.py took 0.120 seconds
[2026-09-18T11:52:04.516+0700] {processor.py:186} INFO - Started process (PID=32325) to work on /Users/andreasanditya/Downloads/572392_Andreas_AirflowETL/code/.venv/lib/python3.9/site-packages/airflow/example_dags/example_branch_day_of_week_operator.py
[2026-09-18T11:52:04.517+0700] {processor.py:914} INFO - Processing file /Users/andreasanditya/Downloads/572392_Andreas_AirflowETL/code/.venv/lib/python3.9/site-packages/airflow/example_dags/example_branch_day_of_week_operator.py for tasks to queue
[2026-09-18T11:52:04.517+0700] {logging_mixin.py:190} INFO - [2026-09-18T11:52:04.517+0700] {dagbag.py:588} INFO - Filling up the DagBag from /Users/andreasanditya/Downloads/572392_Andreas_AirflowETL/code/.venv/lib/python3.9/site-packages/airflow/example_dags/example_branch_day_of_week_operator.py
[2026-09-18T11:52:04.523+0700] {processor.py:925} INFO - DAG(s) 'example_weekday_branch_operator' retrieved from /Users/andreasanditya/Downloads/572392_Andreas_AirflowETL/code/.venv/lib/python3.9/site-packages/airflow/example_dags/example_branch_day_of_week_operator.py
[2026-09-18T11:52:04.610+0700] {logging_mixin.py:190} INFO - [2026-09-18T11:52:04.609+0700] {dag.py:3239} INFO - Sync 1 DAGs
[2026-09-18T11:52:04.620+0700] {logging_mixin.py:190} INFO - [2026-09-18T11:52:04.620+0700] {dag.py:4180} INFO - Setting next_dagrun for example_weekday_branch_operator to 2026-09-17 00:00:00+00:00, run_after=2026-09-18 00:00:00+00:00
[2026-09-18T11:52:04.630+0700] {processor.py:208} INFO - Processing /Users/andreasanditya/Downloads/572392_Andreas_AirflowETL/code/.venv/lib/python3.9/site-packages/airflow/example_dags/example_branch_day_of_week_operator.py took 0.117 seconds
[2026-09-18T11:54:57.806+0700] {processor.py:186} INFO - Started process (PID=34066) to work on /Users/andreasanditya/Downloads/572392_Andreas_AirflowETL/code/.venv/lib/python3.9/site-packages/airflow/example_dags/example_branch_day_of_week_operator.py
[2026-09-18T11:54:57.807+0700] {processor.py:914} INFO - Processing file /Users/andreasanditya/Downloads/572392_Andreas_AirflowETL/code/.venv/lib/python3.9/site-packages/airflow/example_dags/example_branch_day_of_week_operator.py for tasks to queue
[2026-09-18T11:54:57.808+0700] {logging_mixin.py:190} INFO - [2026-09-18T11:54:57.807+0700] {dagbag.py:588} INFO - Filling up the DagBag from /Users/andreasanditya/Downloads/572392_Andreas_AirflowETL/code/.venv/lib/python3.9/site-packages/airflow/example_dags/example_branch_day_of_week_operator.py
[2026-09-18T11:54:57.814+0700] {processor.py:925} INFO - DAG(s) 'example_weekday_branch_operator' retrieved from /Users/andreasanditya/Downloads/572392_Andreas_AirflowETL/code/.venv/lib/python3.9/site-packages/airflow/example_dags/example_branch_day_of_week_operator.py
[2026-09-18T11:54:57.901+0700] {logging_mixin.py:190} INFO - [2026-09-18T11:54:57.901+0700] {dag.py:3239} INFO - Sync 1 DAGs
[2026-09-18T11:54:57.912+0700] {logging_mixin.py:190} INFO - [2026-09-18T11:54:57.912+0700] {dag.py:4180} INFO - Setting next_dagrun for example_weekday_branch_operator to 2026-09-17 00:00:00+00:00, run_after=2026-09-18 00:00:00+00:00
[2026-09-18T11:54:57.922+0700] {processor.py:208} INFO - Processing /Users/andreasanditya/Downloads/572392_Andreas_AirflowETL/code/.venv/lib/python3.9/site-packages/airflow/example_dags/example_branch_day_of_week_operator.py took 0.118 seconds
[2026-09-18T11:57:53.550+0700] {processor.py:186} INFO - Started process (PID=35806) to work on /Users/andreasanditya/Downloads/572392_Andreas_AirflowETL/code/.venv/lib/python3.9/site-packages/airflow/example_dags/example_branch_day_of_week_operator.py
[2026-09-18T11:57:53.551+0700] {processor.py:914} INFO - Processing file /Users/andreasanditya/Downloads/572392_Andreas_AirflowETL/code/.venv/lib/python3.9/site-packages/airflow/example_dags/example_branch_day_of_week_operator.py for tasks to queue
[2026-09-18T11:57:53.551+0700] {logging_mixin.py:190} INFO - [2026-09-18T11:57:53.551+0700] {dagbag.py:588} INFO - Filling up the DagBag from /Users/andreasanditya/Downloads/572392_Andreas_AirflowETL/code/.venv/lib/python3.9/site-packages/airflow/example_dags/example_branch_day_of_week_operator.py
[2026-09-18T11:57:53.558+0700] {processor.py:925} INFO - DAG(s) 'example_weekday_branch_operator' retrieved from /Users/andreasanditya/Downloads/572392_Andreas_AirflowETL/code/.venv/lib/python3.9/site-packages/airflow/example_dags/example_branch_day_of_week_operator.py
[2026-09-18T11:57:53.644+0700] {logging_mixin.py:190} INFO - [2026-09-18T11:57:53.644+0700] {dag.py:3239} INFO - Sync 1 DAGs
[2026-09-18T11:57:53.655+0700] {logging_mixin.py:190} INFO - [2026-09-18T11:57:53.655+0700] {dag.py:4180} INFO - Setting next_dagrun for example_weekday_branch_operator to 2026-09-17 00:00:00+00:00, run_after=2026-09-18 00:00:00+00:00
[2026-09-18T11:57:53.665+0700] {processor.py:208} INFO - Processing /Users/andreasanditya/Downloads/572392_Andreas_AirflowETL/code/.venv/lib/python3.9/site-packages/airflow/example_dags/example_branch_day_of_week_operator.py took 0.117 seconds
[2026-09-18T12:00:43.533+0700] {processor.py:186} INFO - Started process (PID=37550) to work on /Users/andreasanditya/Downloads/572392_Andreas_AirflowETL/code/.venv/lib/python3.9/site-packages/airflow/example_dags/example_branch_day_of_week_operator.py
[2026-09-18T12:00:43.537+0700] {processor.py:914} INFO - Processing file /Users/andreasanditya/Downloads/572392_Andreas_AirflowETL/code/.venv/lib/python3.9/site-packages/airflow/example_dags/example_branch_day_of_week_operator.py for tasks to queue
[2026-09-18T12:00:43.537+0700] {logging_mixin.py:190} INFO - [2026-09-18T12:00:43.537+0700] {dagbag.py:588} INFO - Filling up the DagBag from /Users/andreasanditya/Downloads/572392_Andreas_AirflowETL/code/.venv/lib/python3.9/site-packages/airflow/example_dags/example_branch_day_of_week_operator.py
[2026-09-18T12:00:43.543+0700] {processor.py:925} INFO - DAG(s) 'example_weekday_branch_operator' retrieved from /Users/andreasanditya/Downloads/572392_Andreas_AirflowETL/code/.venv/lib/python3.9/site-packages/airflow/example_dags/example_branch_day_of_week_operator.py
[2026-09-18T12:00:43.630+0700] {logging_mixin.py:190} INFO - [2026-09-18T12:00:43.629+0700] {dag.py:3239} INFO - Sync 1 DAGs
[2026-09-18T12:00:43.640+0700] {logging_mixin.py:190} INFO - [2026-09-18T12:00:43.640+0700] {dag.py:4180} INFO - Setting next_dagrun for example_weekday_branch_operator to 2026-09-17 00:00:00+00:00, run_after=2026-09-18 00:00:00+00:00
[2026-09-18T12:00:43.650+0700] {processor.py:208} INFO - Processing /Users/andreasanditya/Downloads/572392_Andreas_AirflowETL/code/.venv/lib/python3.9/site-packages/airflow/example_dags/example_branch_day_of_week_operator.py took 0.119 seconds
[2026-09-18T12:03:38.373+0700] {processor.py:186} INFO - Started process (PID=39296) to work on /Users/andreasanditya/Downloads/572392_Andreas_AirflowETL/code/.venv/lib/python3.9/site-packages/airflow/example_dags/example_branch_day_of_week_operator.py
[2026-09-18T12:03:38.375+0700] {processor.py:914} INFO - Processing file /Users/andreasanditya/Downloads/572392_Andreas_AirflowETL/code/.venv/lib/python3.9/site-packages/airflow/example_dags/example_branch_day_of_week_operator.py for tasks to queue
[2026-09-18T12:03:38.375+0700] {logging_mixin.py:190} INFO - [2026-09-18T12:03:38.375+0700] {dagbag.py:588} INFO - Filling up the DagBag from /Users/andreasanditya/Downloads/572392_Andreas_AirflowETL/code/.venv/lib/python3.9/site-packages/airflow/example_dags/example_branch_day_of_week_operator.py
[2026-09-18T12:03:38.383+0700] {processor.py:925} INFO - DAG(s) 'example_weekday_branch_operator' retrieved from /Users/andreasanditya/Downloads/572392_Andreas_AirflowETL/code/.venv/lib/python3.9/site-packages/airflow/example_dags/example_branch_day_of_week_operator.py
[2026-09-18T12:03:38.478+0700] {logging_mixin.py:190} INFO - [2026-09-18T12:03:38.478+0700] {dag.py:3239} INFO - Sync 1 DAGs
[2026-09-18T12:03:38.489+0700] {logging_mixin.py:190} INFO - [2026-09-18T12:03:38.489+0700] {dag.py:4180} INFO - Setting next_dagrun for example_weekday_branch_operator to 2026-09-17 00:00:00+00:00, run_after=2026-09-18 00:00:00+00:00
[2026-09-18T12:03:38.499+0700] {processor.py:208} INFO - Processing /Users/andreasanditya/Downloads/572392_Andreas_AirflowETL/code/.venv/lib/python3.9/site-packages/airflow/example_dags/example_branch_day_of_week_operator.py took 0.128 seconds
[2026-09-18T12:06:32.555+0700] {processor.py:186} INFO - Started process (PID=41116) to work on /Users/andreasanditya/Downloads/572392_Andreas_AirflowETL/code/.venv/lib/python3.9/site-packages/airflow/example_dags/example_branch_day_of_week_operator.py
[2026-09-18T12:06:32.556+0700] {processor.py:914} INFO - Processing file /Users/andreasanditya/Downloads/572392_Andreas_AirflowETL/code/.venv/lib/python3.9/site-packages/airflow/example_dags/example_branch_day_of_week_operator.py for tasks to queue
[2026-09-18T12:06:32.557+0700] {logging_mixin.py:190} INFO - [2026-09-18T12:06:32.557+0700] {dagbag.py:588} INFO - Filling up the DagBag from /Users/andreasanditya/Downloads/572392_Andreas_AirflowETL/code/.venv/lib/python3.9/site-packages/airflow/example_dags/example_branch_day_of_week_operator.py
[2026-09-18T12:06:32.564+0700] {processor.py:925} INFO - DAG(s) 'example_weekday_branch_operator' retrieved from /Users/andreasanditya/Downloads/572392_Andreas_AirflowETL/code/.venv/lib/python3.9/site-packages/airflow/example_dags/example_branch_day_of_week_operator.py
[2026-09-18T12:06:32.650+0700] {logging_mixin.py:190} INFO - [2026-09-18T12:06:32.650+0700] {dag.py:3239} INFO - Sync 1 DAGs
[2026-09-18T12:06:32.661+0700] {logging_mixin.py:190} INFO - [2026-09-18T12:06:32.661+0700] {dag.py:4180} INFO - Setting next_dagrun for example_weekday_branch_operator to 2026-09-17 00:00:00+00:00, run_after=2026-09-18 00:00:00+00:00
[2026-09-18T12:06:32.671+0700] {processor.py:208} INFO - Processing /Users/andreasanditya/Downloads/572392_Andreas_AirflowETL/code/.venv/lib/python3.9/site-packages/airflow/example_dags/example_branch_day_of_week_operator.py took 0.118 seconds
[2026-09-18T12:09:26.200+0700] {processor.py:186} INFO - Started process (PID=42865) to work on /Users/andreasanditya/Downloads/572392_Andreas_AirflowETL/code/.venv/lib/python3.9/site-packages/airflow/example_dags/example_branch_day_of_week_operator.py
[2026-09-18T12:09:26.201+0700] {processor.py:914} INFO - Processing file /Users/andreasanditya/Downloads/572392_Andreas_AirflowETL/code/.venv/lib/python3.9/site-packages/airflow/example_dags/example_branch_day_of_week_operator.py for tasks to queue
[2026-09-18T12:09:26.201+0700] {logging_mixin.py:190} INFO - [2026-09-18T12:09:26.201+0700] {dagbag.py:588} INFO - Filling up the DagBag from /Users/andreasanditya/Downloads/572392_Andreas_AirflowETL/code/.venv/lib/python3.9/site-packages/airflow/example_dags/example_branch_day_of_week_operator.py
[2026-09-18T12:09:26.208+0700] {processor.py:925} INFO - DAG(s) 'example_weekday_branch_operator' retrieved from /Users/andreasanditya/Downloads/572392_Andreas_AirflowETL/code/.venv/lib/python3.9/site-packages/airflow/example_dags/example_branch_day_of_week_operator.py
[2026-09-18T12:09:26.297+0700] {logging_mixin.py:190} INFO - [2026-09-18T12:09:26.296+0700] {dag.py:3239} INFO - Sync 1 DAGs
[2026-09-18T12:09:26.308+0700] {logging_mixin.py:190} INFO - [2026-09-18T12:09:26.307+0700] {dag.py:4180} INFO - Setting next_dagrun for example_weekday_branch_operator to 2026-09-17 00:00:00+00:00, run_after=2026-09-18 00:00:00+00:00
[2026-09-18T12:09:26.317+0700] {processor.py:208} INFO - Processing /Users/andreasanditya/Downloads/572392_Andreas_AirflowETL/code/.venv/lib/python3.9/site-packages/airflow/example_dags/example_branch_day_of_week_operator.py took 0.120 seconds
[2026-09-18T12:12:21.121+0700] {processor.py:186} INFO - Started process (PID=44591) to work on /Users/andreasanditya/Downloads/572392_Andreas_AirflowETL/code/.venv/lib/python3.9/site-packages/airflow/example_dags/example_branch_day_of_week_operator.py
[2026-09-18T12:12:21.122+0700] {processor.py:914} INFO - Processing file /Users/andreasanditya/Downloads/572392_Andreas_AirflowETL/code/.venv/lib/python3.9/site-packages/airflow/example_dags/example_branch_day_of_week_operator.py for tasks to queue
[2026-09-18T12:12:21.123+0700] {logging_mixin.py:190} INFO - [2026-09-18T12:12:21.123+0700] {dagbag.py:588} INFO - Filling up the DagBag from /Users/andreasanditya/Downloads/572392_Andreas_AirflowETL/code/.venv/lib/python3.9/site-packages/airflow/example_dags/example_branch_day_of_week_operator.py
[2026-09-18T12:12:21.129+0700] {processor.py:925} INFO - DAG(s) 'example_weekday_branch_operator' retrieved from /Users/andreasanditya/Downloads/572392_Andreas_AirflowETL/code/.venv/lib/python3.9/site-packages/airflow/example_dags/example_branch_day_of_week_operator.py
[2026-09-18T12:12:21.221+0700] {logging_mixin.py:190} INFO - [2026-09-18T12:12:21.220+0700] {dag.py:3239} INFO - Sync 1 DAGs
[2026-09-18T12:12:21.232+0700] {logging_mixin.py:190} INFO - [2026-09-18T12:12:21.232+0700] {dag.py:4180} INFO - Setting next_dagrun for example_weekday_branch_operator to 2026-09-17 00:00:00+00:00, run_after=2026-09-18 00:00:00+00:00
[2026-09-18T12:12:21.242+0700] {processor.py:208} INFO - Processing /Users/andreasanditya/Downloads/572392_Andreas_AirflowETL/code/.venv/lib/python3.9/site-packages/airflow/example_dags/example_branch_day_of_week_operator.py took 0.123 seconds
[2026-09-18T12:15:18.047+0700] {processor.py:186} INFO - Started process (PID=47377) to work on /Users/andreasanditya/Downloads/572392_Andreas_AirflowETL/code/.venv/lib/python3.9/site-packages/airflow/example_dags/example_branch_day_of_week_operator.py
[2026-09-18T12:15:18.048+0700] {processor.py:914} INFO - Processing file /Users/andreasanditya/Downloads/572392_Andreas_AirflowETL/code/.venv/lib/python3.9/site-packages/airflow/example_dags/example_branch_day_of_week_operator.py for tasks to queue
[2026-09-18T12:15:18.049+0700] {logging_mixin.py:190} INFO - [2026-09-18T12:15:18.049+0700] {dagbag.py:588} INFO - Filling up the DagBag from /Users/andreasanditya/Downloads/572392_Andreas_AirflowETL/code/.venv/lib/python3.9/site-packages/airflow/example_dags/example_branch_day_of_week_operator.py
[2026-09-18T12:15:18.056+0700] {processor.py:925} INFO - DAG(s) 'example_weekday_branch_operator' retrieved from /Users/andreasanditya/Downloads/572392_Andreas_AirflowETL/code/.venv/lib/python3.9/site-packages/airflow/example_dags/example_branch_day_of_week_operator.py
[2026-09-18T12:15:18.157+0700] {logging_mixin.py:190} INFO - [2026-09-18T12:15:18.156+0700] {dag.py:3239} INFO - Sync 1 DAGs
[2026-09-18T12:15:18.168+0700] {logging_mixin.py:190} INFO - [2026-09-18T12:15:18.168+0700] {dag.py:4180} INFO - Setting next_dagrun for example_weekday_branch_operator to 2026-09-17 00:00:00+00:00, run_after=2026-09-18 00:00:00+00:00
[2026-09-18T12:15:18.180+0700] {processor.py:208} INFO - Processing /Users/andreasanditya/Downloads/572392_Andreas_AirflowETL/code/.venv/lib/python3.9/site-packages/airflow/example_dags/example_branch_day_of_week_operator.py took 0.135 seconds
[2026-09-18T12:18:15.984+0700] {processor.py:186} INFO - Started process (PID=50394) to work on /Users/andreasanditya/Downloads/572392_Andreas_AirflowETL/code/.venv/lib/python3.9/site-packages/airflow/example_dags/example_branch_day_of_week_operator.py
[2026-09-18T12:18:15.985+0700] {processor.py:914} INFO - Processing file /Users/andreasanditya/Downloads/572392_Andreas_AirflowETL/code/.venv/lib/python3.9/site-packages/airflow/example_dags/example_branch_day_of_week_operator.py for tasks to queue
[2026-09-18T12:18:15.986+0700] {logging_mixin.py:190} INFO - [2026-09-18T12:18:15.986+0700] {dagbag.py:588} INFO - Filling up the DagBag from /Users/andreasanditya/Downloads/572392_Andreas_AirflowETL/code/.venv/lib/python3.9/site-packages/airflow/example_dags/example_branch_day_of_week_operator.py
[2026-09-18T12:18:15.992+0700] {processor.py:925} INFO - DAG(s) 'example_weekday_branch_operator' retrieved from /Users/andreasanditya/Downloads/572392_Andreas_AirflowETL/code/.venv/lib/python3.9/site-packages/airflow/example_dags/example_branch_day_of_week_operator.py
[2026-09-18T12:18:16.084+0700] {logging_mixin.py:190} INFO - [2026-09-18T12:18:16.084+0700] {dag.py:3239} INFO - Sync 1 DAGs
[2026-09-18T12:18:16.097+0700] {logging_mixin.py:190} INFO - [2026-09-18T12:18:16.096+0700] {dag.py:4180} INFO - Setting next_dagrun for example_weekday_branch_operator to 2026-09-17 00:00:00+00:00, run_after=2026-09-18 00:00:00+00:00
[2026-09-18T12:18:16.108+0700] {processor.py:208} INFO - Processing /Users/andreasanditya/Downloads/572392_Andreas_AirflowETL/code/.venv/lib/python3.9/site-packages/airflow/example_dags/example_branch_day_of_week_operator.py took 0.126 seconds
[2026-09-18T12:21:11.609+0700] {processor.py:186} INFO - Started process (PID=53445) to work on /Users/andreasanditya/Downloads/572392_Andreas_AirflowETL/code/.venv/lib/python3.9/site-packages/airflow/example_dags/example_branch_day_of_week_operator.py
[2026-09-18T12:21:11.610+0700] {processor.py:914} INFO - Processing file /Users/andreasanditya/Downloads/572392_Andreas_AirflowETL/code/.venv/lib/python3.9/site-packages/airflow/example_dags/example_branch_day_of_week_operator.py for tasks to queue
[2026-09-18T12:21:11.610+0700] {logging_mixin.py:190} INFO - [2026-09-18T12:21:11.610+0700] {dagbag.py:588} INFO - Filling up the DagBag from /Users/andreasanditya/Downloads/572392_Andreas_AirflowETL/code/.venv/lib/python3.9/site-packages/airflow/example_dags/example_branch_day_of_week_operator.py
[2026-09-18T12:21:11.617+0700] {processor.py:925} INFO - DAG(s) 'example_weekday_branch_operator' retrieved from /Users/andreasanditya/Downloads/572392_Andreas_AirflowETL/code/.venv/lib/python3.9/site-packages/airflow/example_dags/example_branch_day_of_week_operator.py
[2026-09-18T12:21:11.706+0700] {logging_mixin.py:190} INFO - [2026-09-18T12:21:11.705+0700] {dag.py:3239} INFO - Sync 1 DAGs
[2026-09-18T12:21:11.717+0700] {logging_mixin.py:190} INFO - [2026-09-18T12:21:11.717+0700] {dag.py:4180} INFO - Setting next_dagrun for example_weekday_branch_operator to 2026-09-17 00:00:00+00:00, run_after=2026-09-18 00:00:00+00:00
[2026-09-18T12:21:11.727+0700] {processor.py:208} INFO - Processing /Users/andreasanditya/Downloads/572392_Andreas_AirflowETL/code/.venv/lib/python3.9/site-packages/airflow/example_dags/example_branch_day_of_week_operator.py took 0.120 seconds
[2026-09-18T12:24:05.612+0700] {processor.py:186} INFO - Started process (PID=55206) to work on /Users/andreasanditya/Downloads/572392_Andreas_AirflowETL/code/.venv/lib/python3.9/site-packages/airflow/example_dags/example_branch_day_of_week_operator.py
[2026-09-18T12:24:05.613+0700] {processor.py:914} INFO - Processing file /Users/andreasanditya/Downloads/572392_Andreas_AirflowETL/code/.venv/lib/python3.9/site-packages/airflow/example_dags/example_branch_day_of_week_operator.py for tasks to queue
[2026-09-18T12:24:05.614+0700] {logging_mixin.py:190} INFO - [2026-09-18T12:24:05.614+0700] {dagbag.py:588} INFO - Filling up the DagBag from /Users/andreasanditya/Downloads/572392_Andreas_AirflowETL/code/.venv/lib/python3.9/site-packages/airflow/example_dags/example_branch_day_of_week_operator.py
[2026-09-18T12:24:05.620+0700] {processor.py:925} INFO - DAG(s) 'example_weekday_branch_operator' retrieved from /Users/andreasanditya/Downloads/572392_Andreas_AirflowETL/code/.venv/lib/python3.9/site-packages/airflow/example_dags/example_branch_day_of_week_operator.py
[2026-09-18T12:24:05.708+0700] {logging_mixin.py:190} INFO - [2026-09-18T12:24:05.707+0700] {dag.py:3239} INFO - Sync 1 DAGs
[2026-09-18T12:24:05.718+0700] {logging_mixin.py:190} INFO - [2026-09-18T12:24:05.718+0700] {dag.py:4180} INFO - Setting next_dagrun for example_weekday_branch_operator to 2026-09-17 00:00:00+00:00, run_after=2026-09-18 00:00:00+00:00
[2026-09-18T12:24:05.728+0700] {processor.py:208} INFO - Processing /Users/andreasanditya/Downloads/572392_Andreas_AirflowETL/code/.venv/lib/python3.9/site-packages/airflow/example_dags/example_branch_day_of_week_operator.py took 0.118 seconds
[2026-09-18T12:26:58.574+0700] {processor.py:186} INFO - Started process (PID=57113) to work on /Users/andreasanditya/Downloads/572392_Andreas_AirflowETL/code/.venv/lib/python3.9/site-packages/airflow/example_dags/example_branch_day_of_week_operator.py
[2026-09-18T12:26:58.575+0700] {processor.py:914} INFO - Processing file /Users/andreasanditya/Downloads/572392_Andreas_AirflowETL/code/.venv/lib/python3.9/site-packages/airflow/example_dags/example_branch_day_of_week_operator.py for tasks to queue
[2026-09-18T12:26:58.576+0700] {logging_mixin.py:190} INFO - [2026-09-18T12:26:58.576+0700] {dagbag.py:588} INFO - Filling up the DagBag from /Users/andreasanditya/Downloads/572392_Andreas_AirflowETL/code/.venv/lib/python3.9/site-packages/airflow/example_dags/example_branch_day_of_week_operator.py
[2026-09-18T12:26:58.582+0700] {processor.py:925} INFO - DAG(s) 'example_weekday_branch_operator' retrieved from /Users/andreasanditya/Downloads/572392_Andreas_AirflowETL/code/.venv/lib/python3.9/site-packages/airflow/example_dags/example_branch_day_of_week_operator.py
[2026-09-18T12:26:58.667+0700] {logging_mixin.py:190} INFO - [2026-09-18T12:26:58.667+0700] {dag.py:3239} INFO - Sync 1 DAGs
[2026-09-18T12:26:58.678+0700] {logging_mixin.py:190} INFO - [2026-09-18T12:26:58.678+0700] {dag.py:4180} INFO - Setting next_dagrun for example_weekday_branch_operator to 2026-09-17 00:00:00+00:00, run_after=2026-09-18 00:00:00+00:00
[2026-09-18T12:26:58.687+0700] {processor.py:208} INFO - Processing /Users/andreasanditya/Downloads/572392_Andreas_AirflowETL/code/.venv/lib/python3.9/site-packages/airflow/example_dags/example_branch_day_of_week_operator.py took 0.115 seconds
[2026-09-18T12:29:48.055+0700] {processor.py:186} INFO - Started process (PID=58803) to work on /Users/andreasanditya/Downloads/572392_Andreas_AirflowETL/code/.venv/lib/python3.9/site-packages/airflow/example_dags/example_branch_day_of_week_operator.py
[2026-09-18T12:29:48.056+0700] {processor.py:914} INFO - Processing file /Users/andreasanditya/Downloads/572392_Andreas_AirflowETL/code/.venv/lib/python3.9/site-packages/airflow/example_dags/example_branch_day_of_week_operator.py for tasks to queue
[2026-09-18T12:29:48.057+0700] {logging_mixin.py:190} INFO - [2026-09-18T12:29:48.057+0700] {dagbag.py:588} INFO - Filling up the DagBag from /Users/andreasanditya/Downloads/572392_Andreas_AirflowETL/code/.venv/lib/python3.9/site-packages/airflow/example_dags/example_branch_day_of_week_operator.py
[2026-09-18T12:29:48.063+0700] {processor.py:925} INFO - DAG(s) 'example_weekday_branch_operator' retrieved from /Users/andreasanditya/Downloads/572392_Andreas_AirflowETL/code/.venv/lib/python3.9/site-packages/airflow/example_dags/example_branch_day_of_week_operator.py
[2026-09-18T12:29:48.150+0700] {logging_mixin.py:190} INFO - [2026-09-18T12:29:48.150+0700] {dag.py:3239} INFO - Sync 1 DAGs
[2026-09-18T12:29:48.161+0700] {logging_mixin.py:190} INFO - [2026-09-18T12:29:48.161+0700] {dag.py:4180} INFO - Setting next_dagrun for example_weekday_branch_operator to 2026-09-17 00:00:00+00:00, run_after=2026-09-18 00:00:00+00:00
[2026-09-18T12:29:48.170+0700] {processor.py:208} INFO - Processing /Users/andreasanditya/Downloads/572392_Andreas_AirflowETL/code/.venv/lib/python3.9/site-packages/airflow/example_dags/example_branch_day_of_week_operator.py took 0.117 seconds
[2026-09-18T12:32:35.534+0700] {processor.py:186} INFO - Started process (PID=60549) to work on /Users/andreasanditya/Downloads/572392_Andreas_AirflowETL/code/.venv/lib/python3.9/site-packages/airflow/example_dags/example_branch_day_of_week_operator.py
[2026-09-18T12:32:35.535+0700] {processor.py:914} INFO - Processing file /Users/andreasanditya/Downloads/572392_Andreas_AirflowETL/code/.venv/lib/python3.9/site-packages/airflow/example_dags/example_branch_day_of_week_operator.py for tasks to queue
[2026-09-18T12:32:35.536+0700] {logging_mixin.py:190} INFO - [2026-09-18T12:32:35.536+0700] {dagbag.py:588} INFO - Filling up the DagBag from /Users/andreasanditya/Downloads/572392_Andreas_AirflowETL/code/.venv/lib/python3.9/site-packages/airflow/example_dags/example_branch_day_of_week_operator.py
[2026-09-18T12:32:35.542+0700] {processor.py:925} INFO - DAG(s) 'example_weekday_branch_operator' retrieved from /Users/andreasanditya/Downloads/572392_Andreas_AirflowETL/code/.venv/lib/python3.9/site-packages/airflow/example_dags/example_branch_day_of_week_operator.py
[2026-09-18T12:32:35.628+0700] {logging_mixin.py:190} INFO - [2026-09-18T12:32:35.627+0700] {dag.py:3239} INFO - Sync 1 DAGs
[2026-09-18T12:32:35.638+0700] {logging_mixin.py:190} INFO - [2026-09-18T12:32:35.638+0700] {dag.py:4180} INFO - Setting next_dagrun for example_weekday_branch_operator to 2026-09-17 00:00:00+00:00, run_after=2026-09-18 00:00:00+00:00
[2026-09-18T12:32:35.648+0700] {processor.py:208} INFO - Processing /Users/andreasanditya/Downloads/572392_Andreas_AirflowETL/code/.venv/lib/python3.9/site-packages/airflow/example_dags/example_branch_day_of_week_operator.py took 0.116 seconds
[2026-09-18T12:35:27.770+0700] {processor.py:186} INFO - Started process (PID=62316) to work on /Users/andreasanditya/Downloads/572392_Andreas_AirflowETL/code/.venv/lib/python3.9/site-packages/airflow/example_dags/example_branch_day_of_week_operator.py
[2026-09-18T12:35:27.773+0700] {processor.py:914} INFO - Processing file /Users/andreasanditya/Downloads/572392_Andreas_AirflowETL/code/.venv/lib/python3.9/site-packages/airflow/example_dags/example_branch_day_of_week_operator.py for tasks to queue
[2026-09-18T12:35:27.774+0700] {logging_mixin.py:190} INFO - [2026-09-18T12:35:27.774+0700] {dagbag.py:588} INFO - Filling up the DagBag from /Users/andreasanditya/Downloads/572392_Andreas_AirflowETL/code/.venv/lib/python3.9/site-packages/airflow/example_dags/example_branch_day_of_week_operator.py
[2026-09-18T12:35:27.780+0700] {processor.py:925} INFO - DAG(s) 'example_weekday_branch_operator' retrieved from /Users/andreasanditya/Downloads/572392_Andreas_AirflowETL/code/.venv/lib/python3.9/site-packages/airflow/example_dags/example_branch_day_of_week_operator.py
[2026-09-18T12:35:27.864+0700] {logging_mixin.py:190} INFO - [2026-09-18T12:35:27.864+0700] {dag.py:3239} INFO - Sync 1 DAGs
[2026-09-18T12:35:27.875+0700] {logging_mixin.py:190} INFO - [2026-09-18T12:35:27.875+0700] {dag.py:4180} INFO - Setting next_dagrun for example_weekday_branch_operator to 2026-09-17 00:00:00+00:00, run_after=2026-09-18 00:00:00+00:00
[2026-09-18T12:35:27.885+0700] {processor.py:208} INFO - Processing /Users/andreasanditya/Downloads/572392_Andreas_AirflowETL/code/.venv/lib/python3.9/site-packages/airflow/example_dags/example_branch_day_of_week_operator.py took 0.117 seconds
[2026-09-18T12:38:19.494+0700] {processor.py:186} INFO - Started process (PID=64089) to work on /Users/andreasanditya/Downloads/572392_Andreas_AirflowETL/code/.venv/lib/python3.9/site-packages/airflow/example_dags/example_branch_day_of_week_operator.py
[2026-09-18T12:38:19.495+0700] {processor.py:914} INFO - Processing file /Users/andreasanditya/Downloads/572392_Andreas_AirflowETL/code/.venv/lib/python3.9/site-packages/airflow/example_dags/example_branch_day_of_week_operator.py for tasks to queue
[2026-09-18T12:38:19.495+0700] {logging_mixin.py:190} INFO - [2026-09-18T12:38:19.495+0700] {dagbag.py:588} INFO - Filling up the DagBag from /Users/andreasanditya/Downloads/572392_Andreas_AirflowETL/code/.venv/lib/python3.9/site-packages/airflow/example_dags/example_branch_day_of_week_operator.py
[2026-09-18T12:38:19.501+0700] {processor.py:925} INFO - DAG(s) 'example_weekday_branch_operator' retrieved from /Users/andreasanditya/Downloads/572392_Andreas_AirflowETL/code/.venv/lib/python3.9/site-packages/airflow/example_dags/example_branch_day_of_week_operator.py
[2026-09-18T12:38:19.586+0700] {logging_mixin.py:190} INFO - [2026-09-18T12:38:19.586+0700] {dag.py:3239} INFO - Sync 1 DAGs
[2026-09-18T12:38:19.597+0700] {logging_mixin.py:190} INFO - [2026-09-18T12:38:19.597+0700] {dag.py:4180} INFO - Setting next_dagrun for example_weekday_branch_operator to 2026-09-17 00:00:00+00:00, run_after=2026-09-18 00:00:00+00:00
[2026-09-18T12:38:19.606+0700] {processor.py:208} INFO - Processing /Users/andreasanditya/Downloads/572392_Andreas_AirflowETL/code/.venv/lib/python3.9/site-packages/airflow/example_dags/example_branch_day_of_week_operator.py took 0.114 seconds
[2026-09-18T12:41:14.700+0700] {processor.py:186} INFO - Started process (PID=65842) to work on /Users/andreasanditya/Downloads/572392_Andreas_AirflowETL/code/.venv/lib/python3.9/site-packages/airflow/example_dags/example_branch_day_of_week_operator.py
[2026-09-18T12:41:14.702+0700] {processor.py:914} INFO - Processing file /Users/andreasanditya/Downloads/572392_Andreas_AirflowETL/code/.venv/lib/python3.9/site-packages/airflow/example_dags/example_branch_day_of_week_operator.py for tasks to queue
[2026-09-18T12:41:14.703+0700] {logging_mixin.py:190} INFO - [2026-09-18T12:41:14.702+0700] {dagbag.py:588} INFO - Filling up the DagBag from /Users/andreasanditya/Downloads/572392_Andreas_AirflowETL/code/.venv/lib/python3.9/site-packages/airflow/example_dags/example_branch_day_of_week_operator.py
[2026-09-18T12:41:14.708+0700] {processor.py:925} INFO - DAG(s) 'example_weekday_branch_operator' retrieved from /Users/andreasanditya/Downloads/572392_Andreas_AirflowETL/code/.venv/lib/python3.9/site-packages/airflow/example_dags/example_branch_day_of_week_operator.py
[2026-09-18T12:41:14.793+0700] {logging_mixin.py:190} INFO - [2026-09-18T12:41:14.793+0700] {dag.py:3239} INFO - Sync 1 DAGs
[2026-09-18T12:41:14.804+0700] {logging_mixin.py:190} INFO - [2026-09-18T12:41:14.804+0700] {dag.py:4180} INFO - Setting next_dagrun for example_weekday_branch_operator to 2026-09-17 00:00:00+00:00, run_after=2026-09-18 00:00:00+00:00
[2026-09-18T12:41:14.813+0700] {processor.py:208} INFO - Processing /Users/andreasanditya/Downloads/572392_Andreas_AirflowETL/code/.venv/lib/python3.9/site-packages/airflow/example_dags/example_branch_day_of_week_operator.py took 0.115 seconds
[2026-09-18T12:44:06.541+0700] {processor.py:186} INFO - Started process (PID=67580) to work on /Users/andreasanditya/Downloads/572392_Andreas_AirflowETL/code/.venv/lib/python3.9/site-packages/airflow/example_dags/example_branch_day_of_week_operator.py
[2026-09-18T12:44:06.542+0700] {processor.py:914} INFO - Processing file /Users/andreasanditya/Downloads/572392_Andreas_AirflowETL/code/.venv/lib/python3.9/site-packages/airflow/example_dags/example_branch_day_of_week_operator.py for tasks to queue
[2026-09-18T12:44:06.543+0700] {logging_mixin.py:190} INFO - [2026-09-18T12:44:06.543+0700] {dagbag.py:588} INFO - Filling up the DagBag from /Users/andreasanditya/Downloads/572392_Andreas_AirflowETL/code/.venv/lib/python3.9/site-packages/airflow/example_dags/example_branch_day_of_week_operator.py
[2026-09-18T12:44:06.549+0700] {processor.py:925} INFO - DAG(s) 'example_weekday_branch_operator' retrieved from /Users/andreasanditya/Downloads/572392_Andreas_AirflowETL/code/.venv/lib/python3.9/site-packages/airflow/example_dags/example_branch_day_of_week_operator.py
[2026-09-18T12:44:06.633+0700] {logging_mixin.py:190} INFO - [2026-09-18T12:44:06.633+0700] {dag.py:3239} INFO - Sync 1 DAGs
[2026-09-18T12:44:06.644+0700] {logging_mixin.py:190} INFO - [2026-09-18T12:44:06.644+0700] {dag.py:4180} INFO - Setting next_dagrun for example_weekday_branch_operator to 2026-09-17 00:00:00+00:00, run_after=2026-09-18 00:00:00+00:00
[2026-09-18T12:44:06.654+0700] {processor.py:208} INFO - Processing /Users/andreasanditya/Downloads/572392_Andreas_AirflowETL/code/.venv/lib/python3.9/site-packages/airflow/example_dags/example_branch_day_of_week_operator.py took 0.114 seconds
[2026-09-18T12:46:59.492+0700] {processor.py:186} INFO - Started process (PID=69337) to work on /Users/andreasanditya/Downloads/572392_Andreas_AirflowETL/code/.venv/lib/python3.9/site-packages/airflow/example_dags/example_branch_day_of_week_operator.py
[2026-09-18T12:46:59.494+0700] {processor.py:914} INFO - Processing file /Users/andreasanditya/Downloads/572392_Andreas_AirflowETL/code/.venv/lib/python3.9/site-packages/airflow/example_dags/example_branch_day_of_week_operator.py for tasks to queue
[2026-09-18T12:46:59.494+0700] {logging_mixin.py:190} INFO - [2026-09-18T12:46:59.494+0700] {dagbag.py:588} INFO - Filling up the DagBag from /Users/andreasanditya/Downloads/572392_Andreas_AirflowETL/code/.venv/lib/python3.9/site-packages/airflow/example_dags/example_branch_day_of_week_operator.py
[2026-09-18T12:46:59.501+0700] {processor.py:925} INFO - DAG(s) 'example_weekday_branch_operator' retrieved from /Users/andreasanditya/Downloads/572392_Andreas_AirflowETL/code/.venv/lib/python3.9/site-packages/airflow/example_dags/example_branch_day_of_week_operator.py
[2026-09-18T12:46:59.591+0700] {logging_mixin.py:190} INFO - [2026-09-18T12:46:59.591+0700] {dag.py:3239} INFO - Sync 1 DAGs
[2026-09-18T12:46:59.603+0700] {logging_mixin.py:190} INFO - [2026-09-18T12:46:59.602+0700] {dag.py:4180} INFO - Setting next_dagrun for example_weekday_branch_operator to 2026-09-17 00:00:00+00:00, run_after=2026-09-18 00:00:00+00:00
[2026-09-18T12:46:59.613+0700] {processor.py:208} INFO - Processing /Users/andreasanditya/Downloads/572392_Andreas_AirflowETL/code/.venv/lib/python3.9/site-packages/airflow/example_dags/example_branch_day_of_week_operator.py took 0.123 seconds
[2026-09-18T12:49:49.190+0700] {processor.py:186} INFO - Started process (PID=71075) to work on /Users/andreasanditya/Downloads/572392_Andreas_AirflowETL/code/.venv/lib/python3.9/site-packages/airflow/example_dags/example_branch_day_of_week_operator.py
[2026-09-18T12:49:49.191+0700] {processor.py:914} INFO - Processing file /Users/andreasanditya/Downloads/572392_Andreas_AirflowETL/code/.venv/lib/python3.9/site-packages/airflow/example_dags/example_branch_day_of_week_operator.py for tasks to queue
[2026-09-18T12:49:49.192+0700] {logging_mixin.py:190} INFO - [2026-09-18T12:49:49.192+0700] {dagbag.py:588} INFO - Filling up the DagBag from /Users/andreasanditya/Downloads/572392_Andreas_AirflowETL/code/.venv/lib/python3.9/site-packages/airflow/example_dags/example_branch_day_of_week_operator.py
[2026-09-18T12:49:49.199+0700] {processor.py:925} INFO - DAG(s) 'example_weekday_branch_operator' retrieved from /Users/andreasanditya/Downloads/572392_Andreas_AirflowETL/code/.venv/lib/python3.9/site-packages/airflow/example_dags/example_branch_day_of_week_operator.py
[2026-09-18T12:49:49.284+0700] {logging_mixin.py:190} INFO - [2026-09-18T12:49:49.284+0700] {dag.py:3239} INFO - Sync 1 DAGs
[2026-09-18T12:49:49.295+0700] {logging_mixin.py:190} INFO - [2026-09-18T12:49:49.295+0700] {dag.py:4180} INFO - Setting next_dagrun for example_weekday_branch_operator to 2026-09-17 00:00:00+00:00, run_after=2026-09-18 00:00:00+00:00
[2026-09-18T12:49:49.305+0700] {processor.py:208} INFO - Processing /Users/andreasanditya/Downloads/572392_Andreas_AirflowETL/code/.venv/lib/python3.9/site-packages/airflow/example_dags/example_branch_day_of_week_operator.py took 0.117 seconds
[2026-09-18T12:52:38.289+0700] {processor.py:186} INFO - Started process (PID=72815) to work on /Users/andreasanditya/Downloads/572392_Andreas_AirflowETL/code/.venv/lib/python3.9/site-packages/airflow/example_dags/example_branch_day_of_week_operator.py
[2026-09-18T12:52:38.290+0700] {processor.py:914} INFO - Processing file /Users/andreasanditya/Downloads/572392_Andreas_AirflowETL/code/.venv/lib/python3.9/site-packages/airflow/example_dags/example_branch_day_of_week_operator.py for tasks to queue
[2026-09-18T12:52:38.291+0700] {logging_mixin.py:190} INFO - [2026-09-18T12:52:38.290+0700] {dagbag.py:588} INFO - Filling up the DagBag from /Users/andreasanditya/Downloads/572392_Andreas_AirflowETL/code/.venv/lib/python3.9/site-packages/airflow/example_dags/example_branch_day_of_week_operator.py
[2026-09-18T12:52:38.297+0700] {processor.py:925} INFO - DAG(s) 'example_weekday_branch_operator' retrieved from /Users/andreasanditya/Downloads/572392_Andreas_AirflowETL/code/.venv/lib/python3.9/site-packages/airflow/example_dags/example_branch_day_of_week_operator.py
[2026-09-18T12:52:38.385+0700] {logging_mixin.py:190} INFO - [2026-09-18T12:52:38.384+0700] {dag.py:3239} INFO - Sync 1 DAGs
[2026-09-18T12:52:38.396+0700] {logging_mixin.py:190} INFO - [2026-09-18T12:52:38.396+0700] {dag.py:4180} INFO - Setting next_dagrun for example_weekday_branch_operator to 2026-09-17 00:00:00+00:00, run_after=2026-09-18 00:00:00+00:00
[2026-09-18T12:52:38.406+0700] {processor.py:208} INFO - Processing /Users/andreasanditya/Downloads/572392_Andreas_AirflowETL/code/.venv/lib/python3.9/site-packages/airflow/example_dags/example_branch_day_of_week_operator.py took 0.119 seconds
[2026-09-18T12:55:26.563+0700] {processor.py:186} INFO - Started process (PID=74499) to work on /Users/andreasanditya/Downloads/572392_Andreas_AirflowETL/code/.venv/lib/python3.9/site-packages/airflow/example_dags/example_branch_day_of_week_operator.py
[2026-09-18T12:55:26.564+0700] {processor.py:914} INFO - Processing file /Users/andreasanditya/Downloads/572392_Andreas_AirflowETL/code/.venv/lib/python3.9/site-packages/airflow/example_dags/example_branch_day_of_week_operator.py for tasks to queue
[2026-09-18T12:55:26.565+0700] {logging_mixin.py:190} INFO - [2026-09-18T12:55:26.564+0700] {dagbag.py:588} INFO - Filling up the DagBag from /Users/andreasanditya/Downloads/572392_Andreas_AirflowETL/code/.venv/lib/python3.9/site-packages/airflow/example_dags/example_branch_day_of_week_operator.py
[2026-09-18T12:55:26.571+0700] {processor.py:925} INFO - DAG(s) 'example_weekday_branch_operator' retrieved from /Users/andreasanditya/Downloads/572392_Andreas_AirflowETL/code/.venv/lib/python3.9/site-packages/airflow/example_dags/example_branch_day_of_week_operator.py
[2026-09-18T12:55:26.655+0700] {logging_mixin.py:190} INFO - [2026-09-18T12:55:26.654+0700] {dag.py:3239} INFO - Sync 1 DAGs
[2026-09-18T12:55:26.666+0700] {logging_mixin.py:190} INFO - [2026-09-18T12:55:26.665+0700] {dag.py:4180} INFO - Setting next_dagrun for example_weekday_branch_operator to 2026-09-17 00:00:00+00:00, run_after=2026-09-18 00:00:00+00:00
[2026-09-18T12:55:26.675+0700] {processor.py:208} INFO - Processing /Users/andreasanditya/Downloads/572392_Andreas_AirflowETL/code/.venv/lib/python3.9/site-packages/airflow/example_dags/example_branch_day_of_week_operator.py took 0.114 seconds
[2026-09-18T12:58:17.092+0700] {processor.py:186} INFO - Started process (PID=76268) to work on /Users/andreasanditya/Downloads/572392_Andreas_AirflowETL/code/.venv/lib/python3.9/site-packages/airflow/example_dags/example_branch_day_of_week_operator.py
[2026-09-18T12:58:17.092+0700] {processor.py:914} INFO - Processing file /Users/andreasanditya/Downloads/572392_Andreas_AirflowETL/code/.venv/lib/python3.9/site-packages/airflow/example_dags/example_branch_day_of_week_operator.py for tasks to queue
[2026-09-18T12:58:17.093+0700] {logging_mixin.py:190} INFO - [2026-09-18T12:58:17.093+0700] {dagbag.py:588} INFO - Filling up the DagBag from /Users/andreasanditya/Downloads/572392_Andreas_AirflowETL/code/.venv/lib/python3.9/site-packages/airflow/example_dags/example_branch_day_of_week_operator.py
[2026-09-18T12:58:17.099+0700] {processor.py:925} INFO - DAG(s) 'example_weekday_branch_operator' retrieved from /Users/andreasanditya/Downloads/572392_Andreas_AirflowETL/code/.venv/lib/python3.9/site-packages/airflow/example_dags/example_branch_day_of_week_operator.py
[2026-09-18T12:58:17.187+0700] {logging_mixin.py:190} INFO - [2026-09-18T12:58:17.187+0700] {dag.py:3239} INFO - Sync 1 DAGs
[2026-09-18T12:58:17.198+0700] {logging_mixin.py:190} INFO - [2026-09-18T12:58:17.198+0700] {dag.py:4180} INFO - Setting next_dagrun for example_weekday_branch_operator to 2026-09-17 00:00:00+00:00, run_after=2026-09-18 00:00:00+00:00
[2026-09-18T12:58:17.208+0700] {processor.py:208} INFO - Processing /Users/andreasanditya/Downloads/572392_Andreas_AirflowETL/code/.venv/lib/python3.9/site-packages/airflow/example_dags/example_branch_day_of_week_operator.py took 0.118 seconds
[2026-09-18T13:01:11.202+0700] {processor.py:186} INFO - Started process (PID=78022) to work on /Users/andreasanditya/Downloads/572392_Andreas_AirflowETL/code/.venv/lib/python3.9/site-packages/airflow/example_dags/example_branch_day_of_week_operator.py
[2026-09-18T13:01:11.204+0700] {processor.py:914} INFO - Processing file /Users/andreasanditya/Downloads/572392_Andreas_AirflowETL/code/.venv/lib/python3.9/site-packages/airflow/example_dags/example_branch_day_of_week_operator.py for tasks to queue
[2026-09-18T13:01:11.204+0700] {logging_mixin.py:190} INFO - [2026-09-18T13:01:11.204+0700] {dagbag.py:588} INFO - Filling up the DagBag from /Users/andreasanditya/Downloads/572392_Andreas_AirflowETL/code/.venv/lib/python3.9/site-packages/airflow/example_dags/example_branch_day_of_week_operator.py
[2026-09-18T13:01:11.211+0700] {processor.py:925} INFO - DAG(s) 'example_weekday_branch_operator' retrieved from /Users/andreasanditya/Downloads/572392_Andreas_AirflowETL/code/.venv/lib/python3.9/site-packages/airflow/example_dags/example_branch_day_of_week_operator.py
[2026-09-18T13:01:11.296+0700] {logging_mixin.py:190} INFO - [2026-09-18T13:01:11.295+0700] {dag.py:3239} INFO - Sync 1 DAGs
[2026-09-18T13:01:11.306+0700] {logging_mixin.py:190} INFO - [2026-09-18T13:01:11.306+0700] {dag.py:4180} INFO - Setting next_dagrun for example_weekday_branch_operator to 2026-09-17 00:00:00+00:00, run_after=2026-09-18 00:00:00+00:00
[2026-09-18T13:01:11.316+0700] {processor.py:208} INFO - Processing /Users/andreasanditya/Downloads/572392_Andreas_AirflowETL/code/.venv/lib/python3.9/site-packages/airflow/example_dags/example_branch_day_of_week_operator.py took 0.116 seconds
[2026-09-18T13:04:04.351+0700] {processor.py:186} INFO - Started process (PID=79804) to work on /Users/andreasanditya/Downloads/572392_Andreas_AirflowETL/code/.venv/lib/python3.9/site-packages/airflow/example_dags/example_branch_day_of_week_operator.py
[2026-09-18T13:04:04.352+0700] {processor.py:914} INFO - Processing file /Users/andreasanditya/Downloads/572392_Andreas_AirflowETL/code/.venv/lib/python3.9/site-packages/airflow/example_dags/example_branch_day_of_week_operator.py for tasks to queue
[2026-09-18T13:04:04.353+0700] {logging_mixin.py:190} INFO - [2026-09-18T13:04:04.352+0700] {dagbag.py:588} INFO - Filling up the DagBag from /Users/andreasanditya/Downloads/572392_Andreas_AirflowETL/code/.venv/lib/python3.9/site-packages/airflow/example_dags/example_branch_day_of_week_operator.py
[2026-09-18T13:04:04.359+0700] {processor.py:925} INFO - DAG(s) 'example_weekday_branch_operator' retrieved from /Users/andreasanditya/Downloads/572392_Andreas_AirflowETL/code/.venv/lib/python3.9/site-packages/airflow/example_dags/example_branch_day_of_week_operator.py
[2026-09-18T13:04:04.446+0700] {logging_mixin.py:190} INFO - [2026-09-18T13:04:04.445+0700] {dag.py:3239} INFO - Sync 1 DAGs
[2026-09-18T13:04:04.456+0700] {logging_mixin.py:190} INFO - [2026-09-18T13:04:04.456+0700] {dag.py:4180} INFO - Setting next_dagrun for example_weekday_branch_operator to 2026-09-17 00:00:00+00:00, run_after=2026-09-18 00:00:00+00:00
[2026-09-18T13:04:04.466+0700] {processor.py:208} INFO - Processing /Users/andreasanditya/Downloads/572392_Andreas_AirflowETL/code/.venv/lib/python3.9/site-packages/airflow/example_dags/example_branch_day_of_week_operator.py took 0.117 seconds
[2026-09-18T13:06:54.072+0700] {processor.py:186} INFO - Started process (PID=81550) to work on /Users/andreasanditya/Downloads/572392_Andreas_AirflowETL/code/.venv/lib/python3.9/site-packages/airflow/example_dags/example_branch_day_of_week_operator.py
[2026-09-18T13:06:54.073+0700] {processor.py:914} INFO - Processing file /Users/andreasanditya/Downloads/572392_Andreas_AirflowETL/code/.venv/lib/python3.9/site-packages/airflow/example_dags/example_branch_day_of_week_operator.py for tasks to queue
[2026-09-18T13:06:54.073+0700] {logging_mixin.py:190} INFO - [2026-09-18T13:06:54.073+0700] {dagbag.py:588} INFO - Filling up the DagBag from /Users/andreasanditya/Downloads/572392_Andreas_AirflowETL/code/.venv/lib/python3.9/site-packages/airflow/example_dags/example_branch_day_of_week_operator.py
[2026-09-18T13:06:54.080+0700] {processor.py:925} INFO - DAG(s) 'example_weekday_branch_operator' retrieved from /Users/andreasanditya/Downloads/572392_Andreas_AirflowETL/code/.venv/lib/python3.9/site-packages/airflow/example_dags/example_branch_day_of_week_operator.py
[2026-09-18T13:06:54.166+0700] {logging_mixin.py:190} INFO - [2026-09-18T13:06:54.166+0700] {dag.py:3239} INFO - Sync 1 DAGs
[2026-09-18T13:06:54.178+0700] {logging_mixin.py:190} INFO - [2026-09-18T13:06:54.177+0700] {dag.py:4180} INFO - Setting next_dagrun for example_weekday_branch_operator to 2026-09-17 00:00:00+00:00, run_after=2026-09-18 00:00:00+00:00
[2026-09-18T13:06:54.187+0700] {processor.py:208} INFO - Processing /Users/andreasanditya/Downloads/572392_Andreas_AirflowETL/code/.venv/lib/python3.9/site-packages/airflow/example_dags/example_branch_day_of_week_operator.py took 0.118 seconds
[2026-09-18T13:09:42.830+0700] {processor.py:186} INFO - Started process (PID=83307) to work on /Users/andreasanditya/Downloads/572392_Andreas_AirflowETL/code/.venv/lib/python3.9/site-packages/airflow/example_dags/example_branch_day_of_week_operator.py
[2026-09-18T13:09:42.831+0700] {processor.py:914} INFO - Processing file /Users/andreasanditya/Downloads/572392_Andreas_AirflowETL/code/.venv/lib/python3.9/site-packages/airflow/example_dags/example_branch_day_of_week_operator.py for tasks to queue
[2026-09-18T13:09:42.832+0700] {logging_mixin.py:190} INFO - [2026-09-18T13:09:42.832+0700] {dagbag.py:588} INFO - Filling up the DagBag from /Users/andreasanditya/Downloads/572392_Andreas_AirflowETL/code/.venv/lib/python3.9/site-packages/airflow/example_dags/example_branch_day_of_week_operator.py
[2026-09-18T13:09:42.840+0700] {processor.py:925} INFO - DAG(s) 'example_weekday_branch_operator' retrieved from /Users/andreasanditya/Downloads/572392_Andreas_AirflowETL/code/.venv/lib/python3.9/site-packages/airflow/example_dags/example_branch_day_of_week_operator.py
[2026-09-18T13:09:42.926+0700] {logging_mixin.py:190} INFO - [2026-09-18T13:09:42.926+0700] {dag.py:3239} INFO - Sync 1 DAGs
[2026-09-18T13:09:42.938+0700] {logging_mixin.py:190} INFO - [2026-09-18T13:09:42.938+0700] {dag.py:4180} INFO - Setting next_dagrun for example_weekday_branch_operator to 2026-09-17 00:00:00+00:00, run_after=2026-09-18 00:00:00+00:00
[2026-09-18T13:09:42.948+0700] {processor.py:208} INFO - Processing /Users/andreasanditya/Downloads/572392_Andreas_AirflowETL/code/.venv/lib/python3.9/site-packages/airflow/example_dags/example_branch_day_of_week_operator.py took 0.120 seconds
[2026-09-18T13:12:36.290+0700] {processor.py:186} INFO - Started process (PID=85060) to work on /Users/andreasanditya/Downloads/572392_Andreas_AirflowETL/code/.venv/lib/python3.9/site-packages/airflow/example_dags/example_branch_day_of_week_operator.py
[2026-09-18T13:12:36.291+0700] {processor.py:914} INFO - Processing file /Users/andreasanditya/Downloads/572392_Andreas_AirflowETL/code/.venv/lib/python3.9/site-packages/airflow/example_dags/example_branch_day_of_week_operator.py for tasks to queue
[2026-09-18T13:12:36.291+0700] {logging_mixin.py:190} INFO - [2026-09-18T13:12:36.291+0700] {dagbag.py:588} INFO - Filling up the DagBag from /Users/andreasanditya/Downloads/572392_Andreas_AirflowETL/code/.venv/lib/python3.9/site-packages/airflow/example_dags/example_branch_day_of_week_operator.py
[2026-09-18T13:12:36.297+0700] {processor.py:925} INFO - DAG(s) 'example_weekday_branch_operator' retrieved from /Users/andreasanditya/Downloads/572392_Andreas_AirflowETL/code/.venv/lib/python3.9/site-packages/airflow/example_dags/example_branch_day_of_week_operator.py
[2026-09-18T13:12:36.383+0700] {logging_mixin.py:190} INFO - [2026-09-18T13:12:36.382+0700] {dag.py:3239} INFO - Sync 1 DAGs
[2026-09-18T13:12:36.395+0700] {logging_mixin.py:190} INFO - [2026-09-18T13:12:36.395+0700] {dag.py:4180} INFO - Setting next_dagrun for example_weekday_branch_operator to 2026-09-17 00:00:00+00:00, run_after=2026-09-18 00:00:00+00:00
[2026-09-18T13:12:36.405+0700] {processor.py:208} INFO - Processing /Users/andreasanditya/Downloads/572392_Andreas_AirflowETL/code/.venv/lib/python3.9/site-packages/airflow/example_dags/example_branch_day_of_week_operator.py took 0.117 seconds
[2026-09-18T13:15:28.338+0700] {processor.py:186} INFO - Started process (PID=86812) to work on /Users/andreasanditya/Downloads/572392_Andreas_AirflowETL/code/.venv/lib/python3.9/site-packages/airflow/example_dags/example_branch_day_of_week_operator.py
[2026-09-18T13:15:28.341+0700] {processor.py:914} INFO - Processing file /Users/andreasanditya/Downloads/572392_Andreas_AirflowETL/code/.venv/lib/python3.9/site-packages/airflow/example_dags/example_branch_day_of_week_operator.py for tasks to queue
[2026-09-18T13:15:28.341+0700] {logging_mixin.py:190} INFO - [2026-09-18T13:15:28.341+0700] {dagbag.py:588} INFO - Filling up the DagBag from /Users/andreasanditya/Downloads/572392_Andreas_AirflowETL/code/.venv/lib/python3.9/site-packages/airflow/example_dags/example_branch_day_of_week_operator.py
[2026-09-18T13:15:28.348+0700] {processor.py:925} INFO - DAG(s) 'example_weekday_branch_operator' retrieved from /Users/andreasanditya/Downloads/572392_Andreas_AirflowETL/code/.venv/lib/python3.9/site-packages/airflow/example_dags/example_branch_day_of_week_operator.py
[2026-09-18T13:15:28.433+0700] {logging_mixin.py:190} INFO - [2026-09-18T13:15:28.433+0700] {dag.py:3239} INFO - Sync 1 DAGs
[2026-09-18T13:15:28.444+0700] {logging_mixin.py:190} INFO - [2026-09-18T13:15:28.444+0700] {dag.py:4180} INFO - Setting next_dagrun for example_weekday_branch_operator to 2026-09-17 00:00:00+00:00, run_after=2026-09-18 00:00:00+00:00
[2026-09-18T13:15:28.454+0700] {processor.py:208} INFO - Processing /Users/andreasanditya/Downloads/572392_Andreas_AirflowETL/code/.venv/lib/python3.9/site-packages/airflow/example_dags/example_branch_day_of_week_operator.py took 0.117 seconds
[2026-09-18T13:18:20.759+0700] {processor.py:186} INFO - Started process (PID=88548) to work on /Users/andreasanditya/Downloads/572392_Andreas_AirflowETL/code/.venv/lib/python3.9/site-packages/airflow/example_dags/example_branch_day_of_week_operator.py
[2026-09-18T13:18:20.760+0700] {processor.py:914} INFO - Processing file /Users/andreasanditya/Downloads/572392_Andreas_AirflowETL/code/.venv/lib/python3.9/site-packages/airflow/example_dags/example_branch_day_of_week_operator.py for tasks to queue
[2026-09-18T13:18:20.761+0700] {logging_mixin.py:190} INFO - [2026-09-18T13:18:20.761+0700] {dagbag.py:588} INFO - Filling up the DagBag from /Users/andreasanditya/Downloads/572392_Andreas_AirflowETL/code/.venv/lib/python3.9/site-packages/airflow/example_dags/example_branch_day_of_week_operator.py
[2026-09-18T13:18:20.767+0700] {processor.py:925} INFO - DAG(s) 'example_weekday_branch_operator' retrieved from /Users/andreasanditya/Downloads/572392_Andreas_AirflowETL/code/.venv/lib/python3.9/site-packages/airflow/example_dags/example_branch_day_of_week_operator.py
[2026-09-18T13:18:20.851+0700] {logging_mixin.py:190} INFO - [2026-09-18T13:18:20.851+0700] {dag.py:3239} INFO - Sync 1 DAGs
[2026-09-18T13:18:20.862+0700] {logging_mixin.py:190} INFO - [2026-09-18T13:18:20.862+0700] {dag.py:4180} INFO - Setting next_dagrun for example_weekday_branch_operator to 2026-09-17 00:00:00+00:00, run_after=2026-09-18 00:00:00+00:00
[2026-09-18T13:18:20.873+0700] {processor.py:208} INFO - Processing /Users/andreasanditya/Downloads/572392_Andreas_AirflowETL/code/.venv/lib/python3.9/site-packages/airflow/example_dags/example_branch_day_of_week_operator.py took 0.116 seconds
[2026-09-18T13:21:09.939+0700] {processor.py:186} INFO - Started process (PID=90282) to work on /Users/andreasanditya/Downloads/572392_Andreas_AirflowETL/code/.venv/lib/python3.9/site-packages/airflow/example_dags/example_branch_day_of_week_operator.py
[2026-09-18T13:21:09.940+0700] {processor.py:914} INFO - Processing file /Users/andreasanditya/Downloads/572392_Andreas_AirflowETL/code/.venv/lib/python3.9/site-packages/airflow/example_dags/example_branch_day_of_week_operator.py for tasks to queue
[2026-09-18T13:21:09.941+0700] {logging_mixin.py:190} INFO - [2026-09-18T13:21:09.941+0700] {dagbag.py:588} INFO - Filling up the DagBag from /Users/andreasanditya/Downloads/572392_Andreas_AirflowETL/code/.venv/lib/python3.9/site-packages/airflow/example_dags/example_branch_day_of_week_operator.py
[2026-09-18T13:21:09.947+0700] {processor.py:925} INFO - DAG(s) 'example_weekday_branch_operator' retrieved from /Users/andreasanditya/Downloads/572392_Andreas_AirflowETL/code/.venv/lib/python3.9/site-packages/airflow/example_dags/example_branch_day_of_week_operator.py
[2026-09-18T13:21:10.036+0700] {logging_mixin.py:190} INFO - [2026-09-18T13:21:10.036+0700] {dag.py:3239} INFO - Sync 1 DAGs
[2026-09-18T13:21:10.047+0700] {logging_mixin.py:190} INFO - [2026-09-18T13:21:10.047+0700] {dag.py:4180} INFO - Setting next_dagrun for example_weekday_branch_operator to 2026-09-17 00:00:00+00:00, run_after=2026-09-18 00:00:00+00:00
[2026-09-18T13:21:10.057+0700] {processor.py:208} INFO - Processing /Users/andreasanditya/Downloads/572392_Andreas_AirflowETL/code/.venv/lib/python3.9/site-packages/airflow/example_dags/example_branch_day_of_week_operator.py took 0.120 seconds
[2026-09-18T13:23:57.327+0700] {processor.py:186} INFO - Started process (PID=91937) to work on /Users/andreasanditya/Downloads/572392_Andreas_AirflowETL/code/.venv/lib/python3.9/site-packages/airflow/example_dags/example_branch_day_of_week_operator.py
[2026-09-18T13:23:57.328+0700] {processor.py:914} INFO - Processing file /Users/andreasanditya/Downloads/572392_Andreas_AirflowETL/code/.venv/lib/python3.9/site-packages/airflow/example_dags/example_branch_day_of_week_operator.py for tasks to queue
[2026-09-18T13:23:57.329+0700] {logging_mixin.py:190} INFO - [2026-09-18T13:23:57.328+0700] {dagbag.py:588} INFO - Filling up the DagBag from /Users/andreasanditya/Downloads/572392_Andreas_AirflowETL/code/.venv/lib/python3.9/site-packages/airflow/example_dags/example_branch_day_of_week_operator.py
[2026-09-18T13:23:57.335+0700] {processor.py:925} INFO - DAG(s) 'example_weekday_branch_operator' retrieved from /Users/andreasanditya/Downloads/572392_Andreas_AirflowETL/code/.venv/lib/python3.9/site-packages/airflow/example_dags/example_branch_day_of_week_operator.py
[2026-09-18T13:23:57.422+0700] {logging_mixin.py:190} INFO - [2026-09-18T13:23:57.422+0700] {dag.py:3239} INFO - Sync 1 DAGs
[2026-09-18T13:23:57.433+0700] {logging_mixin.py:190} INFO - [2026-09-18T13:23:57.433+0700] {dag.py:4180} INFO - Setting next_dagrun for example_weekday_branch_operator to 2026-09-17 00:00:00+00:00, run_after=2026-09-18 00:00:00+00:00
[2026-09-18T13:23:57.442+0700] {processor.py:208} INFO - Processing /Users/andreasanditya/Downloads/572392_Andreas_AirflowETL/code/.venv/lib/python3.9/site-packages/airflow/example_dags/example_branch_day_of_week_operator.py took 0.117 seconds
[2026-09-18T13:26:47.960+0700] {processor.py:186} INFO - Started process (PID=93894) to work on /Users/andreasanditya/Downloads/572392_Andreas_AirflowETL/code/.venv/lib/python3.9/site-packages/airflow/example_dags/example_branch_day_of_week_operator.py
[2026-09-18T13:26:47.961+0700] {processor.py:914} INFO - Processing file /Users/andreasanditya/Downloads/572392_Andreas_AirflowETL/code/.venv/lib/python3.9/site-packages/airflow/example_dags/example_branch_day_of_week_operator.py for tasks to queue
[2026-09-18T13:26:47.962+0700] {logging_mixin.py:190} INFO - [2026-09-18T13:26:47.962+0700] {dagbag.py:588} INFO - Filling up the DagBag from /Users/andreasanditya/Downloads/572392_Andreas_AirflowETL/code/.venv/lib/python3.9/site-packages/airflow/example_dags/example_branch_day_of_week_operator.py
[2026-09-18T13:26:47.968+0700] {processor.py:925} INFO - DAG(s) 'example_weekday_branch_operator' retrieved from /Users/andreasanditya/Downloads/572392_Andreas_AirflowETL/code/.venv/lib/python3.9/site-packages/airflow/example_dags/example_branch_day_of_week_operator.py
[2026-09-18T13:26:48.059+0700] {logging_mixin.py:190} INFO - [2026-09-18T13:26:48.058+0700] {dag.py:3239} INFO - Sync 1 DAGs
[2026-09-18T13:26:48.070+0700] {logging_mixin.py:190} INFO - [2026-09-18T13:26:48.070+0700] {dag.py:4180} INFO - Setting next_dagrun for example_weekday_branch_operator to 2026-09-17 00:00:00+00:00, run_after=2026-09-18 00:00:00+00:00
[2026-09-18T13:26:48.080+0700] {processor.py:208} INFO - Processing /Users/andreasanditya/Downloads/572392_Andreas_AirflowETL/code/.venv/lib/python3.9/site-packages/airflow/example_dags/example_branch_day_of_week_operator.py took 0.122 seconds
[2026-09-18T13:29:50.650+0700] {processor.py:186} INFO - Started process (PID=95945) to work on /Users/andreasanditya/Downloads/572392_Andreas_AirflowETL/code/.venv/lib/python3.9/site-packages/airflow/example_dags/example_branch_day_of_week_operator.py
[2026-09-18T13:29:50.651+0700] {processor.py:914} INFO - Processing file /Users/andreasanditya/Downloads/572392_Andreas_AirflowETL/code/.venv/lib/python3.9/site-packages/airflow/example_dags/example_branch_day_of_week_operator.py for tasks to queue
[2026-09-18T13:29:50.651+0700] {logging_mixin.py:190} INFO - [2026-09-18T13:29:50.651+0700] {dagbag.py:588} INFO - Filling up the DagBag from /Users/andreasanditya/Downloads/572392_Andreas_AirflowETL/code/.venv/lib/python3.9/site-packages/airflow/example_dags/example_branch_day_of_week_operator.py
[2026-09-18T13:29:50.657+0700] {processor.py:925} INFO - DAG(s) 'example_weekday_branch_operator' retrieved from /Users/andreasanditya/Downloads/572392_Andreas_AirflowETL/code/.venv/lib/python3.9/site-packages/airflow/example_dags/example_branch_day_of_week_operator.py
[2026-09-18T13:29:50.748+0700] {logging_mixin.py:190} INFO - [2026-09-18T13:29:50.748+0700] {dag.py:3239} INFO - Sync 1 DAGs
[2026-09-18T13:29:50.760+0700] {logging_mixin.py:190} INFO - [2026-09-18T13:29:50.760+0700] {dag.py:4180} INFO - Setting next_dagrun for example_weekday_branch_operator to 2026-09-17 00:00:00+00:00, run_after=2026-09-18 00:00:00+00:00
[2026-09-18T13:29:50.770+0700] {processor.py:208} INFO - Processing /Users/andreasanditya/Downloads/572392_Andreas_AirflowETL/code/.venv/lib/python3.9/site-packages/airflow/example_dags/example_branch_day_of_week_operator.py took 0.122 seconds
[2026-09-18T13:32:48.752+0700] {processor.py:186} INFO - Started process (PID=97821) to work on /Users/andreasanditya/Downloads/572392_Andreas_AirflowETL/code/.venv/lib/python3.9/site-packages/airflow/example_dags/example_branch_day_of_week_operator.py
[2026-09-18T13:32:48.753+0700] {processor.py:914} INFO - Processing file /Users/andreasanditya/Downloads/572392_Andreas_AirflowETL/code/.venv/lib/python3.9/site-packages/airflow/example_dags/example_branch_day_of_week_operator.py for tasks to queue
[2026-09-18T13:32:48.754+0700] {logging_mixin.py:190} INFO - [2026-09-18T13:32:48.754+0700] {dagbag.py:588} INFO - Filling up the DagBag from /Users/andreasanditya/Downloads/572392_Andreas_AirflowETL/code/.venv/lib/python3.9/site-packages/airflow/example_dags/example_branch_day_of_week_operator.py
[2026-09-18T13:32:48.760+0700] {processor.py:925} INFO - DAG(s) 'example_weekday_branch_operator' retrieved from /Users/andreasanditya/Downloads/572392_Andreas_AirflowETL/code/.venv/lib/python3.9/site-packages/airflow/example_dags/example_branch_day_of_week_operator.py
[2026-09-18T13:32:48.847+0700] {logging_mixin.py:190} INFO - [2026-09-18T13:32:48.847+0700] {dag.py:3239} INFO - Sync 1 DAGs
[2026-09-18T13:32:48.858+0700] {logging_mixin.py:190} INFO - [2026-09-18T13:32:48.858+0700] {dag.py:4180} INFO - Setting next_dagrun for example_weekday_branch_operator to 2026-09-17 00:00:00+00:00, run_after=2026-09-18 00:00:00+00:00
[2026-09-18T13:32:48.869+0700] {processor.py:208} INFO - Processing /Users/andreasanditya/Downloads/572392_Andreas_AirflowETL/code/.venv/lib/python3.9/site-packages/airflow/example_dags/example_branch_day_of_week_operator.py took 0.119 seconds
[2026-09-18T13:35:43.865+0700] {processor.py:186} INFO - Started process (PID=99684) to work on /Users/andreasanditya/Downloads/572392_Andreas_AirflowETL/code/.venv/lib/python3.9/site-packages/airflow/example_dags/example_branch_day_of_week_operator.py
[2026-09-18T13:35:43.866+0700] {processor.py:914} INFO - Processing file /Users/andreasanditya/Downloads/572392_Andreas_AirflowETL/code/.venv/lib/python3.9/site-packages/airflow/example_dags/example_branch_day_of_week_operator.py for tasks to queue
[2026-09-18T13:35:43.867+0700] {logging_mixin.py:190} INFO - [2026-09-18T13:35:43.867+0700] {dagbag.py:588} INFO - Filling up the DagBag from /Users/andreasanditya/Downloads/572392_Andreas_AirflowETL/code/.venv/lib/python3.9/site-packages/airflow/example_dags/example_branch_day_of_week_operator.py
[2026-09-18T13:35:43.873+0700] {processor.py:925} INFO - DAG(s) 'example_weekday_branch_operator' retrieved from /Users/andreasanditya/Downloads/572392_Andreas_AirflowETL/code/.venv/lib/python3.9/site-packages/airflow/example_dags/example_branch_day_of_week_operator.py
[2026-09-18T13:35:43.958+0700] {logging_mixin.py:190} INFO - [2026-09-18T13:35:43.957+0700] {dag.py:3239} INFO - Sync 1 DAGs
[2026-09-18T13:35:43.968+0700] {logging_mixin.py:190} INFO - [2026-09-18T13:35:43.968+0700] {dag.py:4180} INFO - Setting next_dagrun for example_weekday_branch_operator to 2026-09-17 00:00:00+00:00, run_after=2026-09-18 00:00:00+00:00
[2026-09-18T13:35:43.978+0700] {processor.py:208} INFO - Processing /Users/andreasanditya/Downloads/572392_Andreas_AirflowETL/code/.venv/lib/python3.9/site-packages/airflow/example_dags/example_branch_day_of_week_operator.py took 0.115 seconds
[2026-09-18T13:38:37.278+0700] {processor.py:186} INFO - Started process (PID=1726) to work on /Users/andreasanditya/Downloads/572392_Andreas_AirflowETL/code/.venv/lib/python3.9/site-packages/airflow/example_dags/example_branch_day_of_week_operator.py
[2026-09-18T13:38:37.280+0700] {processor.py:914} INFO - Processing file /Users/andreasanditya/Downloads/572392_Andreas_AirflowETL/code/.venv/lib/python3.9/site-packages/airflow/example_dags/example_branch_day_of_week_operator.py for tasks to queue
[2026-09-18T13:38:37.282+0700] {logging_mixin.py:190} INFO - [2026-09-18T13:38:37.282+0700] {dagbag.py:588} INFO - Filling up the DagBag from /Users/andreasanditya/Downloads/572392_Andreas_AirflowETL/code/.venv/lib/python3.9/site-packages/airflow/example_dags/example_branch_day_of_week_operator.py
[2026-09-18T13:38:37.294+0700] {processor.py:925} INFO - DAG(s) 'example_weekday_branch_operator' retrieved from /Users/andreasanditya/Downloads/572392_Andreas_AirflowETL/code/.venv/lib/python3.9/site-packages/airflow/example_dags/example_branch_day_of_week_operator.py
[2026-09-18T13:38:37.407+0700] {logging_mixin.py:190} INFO - [2026-09-18T13:38:37.407+0700] {dag.py:3239} INFO - Sync 1 DAGs
[2026-09-18T13:38:37.420+0700] {logging_mixin.py:190} INFO - [2026-09-18T13:38:37.420+0700] {dag.py:4180} INFO - Setting next_dagrun for example_weekday_branch_operator to 2026-09-17 00:00:00+00:00, run_after=2026-09-18 00:00:00+00:00
[2026-09-18T13:38:37.430+0700] {processor.py:208} INFO - Processing /Users/andreasanditya/Downloads/572392_Andreas_AirflowETL/code/.venv/lib/python3.9/site-packages/airflow/example_dags/example_branch_day_of_week_operator.py took 0.157 seconds
[2026-09-18T13:41:31.566+0700] {processor.py:186} INFO - Started process (PID=4416) to work on /Users/andreasanditya/Downloads/572392_Andreas_AirflowETL/code/.venv/lib/python3.9/site-packages/airflow/example_dags/example_branch_day_of_week_operator.py
[2026-09-18T13:41:31.567+0700] {processor.py:914} INFO - Processing file /Users/andreasanditya/Downloads/572392_Andreas_AirflowETL/code/.venv/lib/python3.9/site-packages/airflow/example_dags/example_branch_day_of_week_operator.py for tasks to queue
[2026-09-18T13:41:31.568+0700] {logging_mixin.py:190} INFO - [2026-09-18T13:41:31.568+0700] {dagbag.py:588} INFO - Filling up the DagBag from /Users/andreasanditya/Downloads/572392_Andreas_AirflowETL/code/.venv/lib/python3.9/site-packages/airflow/example_dags/example_branch_day_of_week_operator.py
[2026-09-18T13:41:31.574+0700] {processor.py:925} INFO - DAG(s) 'example_weekday_branch_operator' retrieved from /Users/andreasanditya/Downloads/572392_Andreas_AirflowETL/code/.venv/lib/python3.9/site-packages/airflow/example_dags/example_branch_day_of_week_operator.py
[2026-09-18T13:41:31.663+0700] {logging_mixin.py:190} INFO - [2026-09-18T13:41:31.662+0700] {dag.py:3239} INFO - Sync 1 DAGs
[2026-09-18T13:41:31.674+0700] {logging_mixin.py:190} INFO - [2026-09-18T13:41:31.674+0700] {dag.py:4180} INFO - Setting next_dagrun for example_weekday_branch_operator to 2026-09-17 00:00:00+00:00, run_after=2026-09-18 00:00:00+00:00
[2026-09-18T13:41:31.684+0700] {processor.py:208} INFO - Processing /Users/andreasanditya/Downloads/572392_Andreas_AirflowETL/code/.venv/lib/python3.9/site-packages/airflow/example_dags/example_branch_day_of_week_operator.py took 0.120 seconds
[2026-09-18T13:44:27.560+0700] {processor.py:186} INFO - Started process (PID=6168) to work on /Users/andreasanditya/Downloads/572392_Andreas_AirflowETL/code/.venv/lib/python3.9/site-packages/airflow/example_dags/example_branch_day_of_week_operator.py
[2026-09-18T13:44:27.561+0700] {processor.py:914} INFO - Processing file /Users/andreasanditya/Downloads/572392_Andreas_AirflowETL/code/.venv/lib/python3.9/site-packages/airflow/example_dags/example_branch_day_of_week_operator.py for tasks to queue
[2026-09-18T13:44:27.562+0700] {logging_mixin.py:190} INFO - [2026-09-18T13:44:27.561+0700] {dagbag.py:588} INFO - Filling up the DagBag from /Users/andreasanditya/Downloads/572392_Andreas_AirflowETL/code/.venv/lib/python3.9/site-packages/airflow/example_dags/example_branch_day_of_week_operator.py
[2026-09-18T13:44:27.568+0700] {processor.py:925} INFO - DAG(s) 'example_weekday_branch_operator' retrieved from /Users/andreasanditya/Downloads/572392_Andreas_AirflowETL/code/.venv/lib/python3.9/site-packages/airflow/example_dags/example_branch_day_of_week_operator.py
[2026-09-18T13:44:27.667+0700] {logging_mixin.py:190} INFO - [2026-09-18T13:44:27.666+0700] {dag.py:3239} INFO - Sync 1 DAGs
[2026-09-18T13:44:27.678+0700] {logging_mixin.py:190} INFO - [2026-09-18T13:44:27.678+0700] {dag.py:4180} INFO - Setting next_dagrun for example_weekday_branch_operator to 2026-09-17 00:00:00+00:00, run_after=2026-09-18 00:00:00+00:00
[2026-09-18T13:44:27.687+0700] {processor.py:208} INFO - Processing /Users/andreasanditya/Downloads/572392_Andreas_AirflowETL/code/.venv/lib/python3.9/site-packages/airflow/example_dags/example_branch_day_of_week_operator.py took 0.130 seconds
[2026-09-18T13:47:27.531+0700] {processor.py:186} INFO - Started process (PID=8040) to work on /Users/andreasanditya/Downloads/572392_Andreas_AirflowETL/code/.venv/lib/python3.9/site-packages/airflow/example_dags/example_branch_day_of_week_operator.py
[2026-09-18T13:47:27.532+0700] {processor.py:914} INFO - Processing file /Users/andreasanditya/Downloads/572392_Andreas_AirflowETL/code/.venv/lib/python3.9/site-packages/airflow/example_dags/example_branch_day_of_week_operator.py for tasks to queue
[2026-09-18T13:47:27.533+0700] {logging_mixin.py:190} INFO - [2026-09-18T13:47:27.533+0700] {dagbag.py:588} INFO - Filling up the DagBag from /Users/andreasanditya/Downloads/572392_Andreas_AirflowETL/code/.venv/lib/python3.9/site-packages/airflow/example_dags/example_branch_day_of_week_operator.py
[2026-09-18T13:47:27.539+0700] {processor.py:925} INFO - DAG(s) 'example_weekday_branch_operator' retrieved from /Users/andreasanditya/Downloads/572392_Andreas_AirflowETL/code/.venv/lib/python3.9/site-packages/airflow/example_dags/example_branch_day_of_week_operator.py
[2026-09-18T13:47:27.626+0700] {logging_mixin.py:190} INFO - [2026-09-18T13:47:27.626+0700] {dag.py:3239} INFO - Sync 1 DAGs
[2026-09-18T13:47:27.637+0700] {logging_mixin.py:190} INFO - [2026-09-18T13:47:27.637+0700] {dag.py:4180} INFO - Setting next_dagrun for example_weekday_branch_operator to 2026-09-17 00:00:00+00:00, run_after=2026-09-18 00:00:00+00:00
[2026-09-18T13:47:27.647+0700] {processor.py:208} INFO - Processing /Users/andreasanditya/Downloads/572392_Andreas_AirflowETL/code/.venv/lib/python3.9/site-packages/airflow/example_dags/example_branch_day_of_week_operator.py took 0.118 seconds
[2026-09-18T13:50:23.514+0700] {processor.py:186} INFO - Started process (PID=10223) to work on /Users/andreasanditya/Downloads/572392_Andreas_AirflowETL/code/.venv/lib/python3.9/site-packages/airflow/example_dags/example_branch_day_of_week_operator.py
[2026-09-18T13:50:23.516+0700] {processor.py:914} INFO - Processing file /Users/andreasanditya/Downloads/572392_Andreas_AirflowETL/code/.venv/lib/python3.9/site-packages/airflow/example_dags/example_branch_day_of_week_operator.py for tasks to queue
[2026-09-18T13:50:23.517+0700] {logging_mixin.py:190} INFO - [2026-09-18T13:50:23.517+0700] {dagbag.py:588} INFO - Filling up the DagBag from /Users/andreasanditya/Downloads/572392_Andreas_AirflowETL/code/.venv/lib/python3.9/site-packages/airflow/example_dags/example_branch_day_of_week_operator.py
[2026-09-18T13:50:23.524+0700] {processor.py:925} INFO - DAG(s) 'example_weekday_branch_operator' retrieved from /Users/andreasanditya/Downloads/572392_Andreas_AirflowETL/code/.venv/lib/python3.9/site-packages/airflow/example_dags/example_branch_day_of_week_operator.py
[2026-09-18T13:50:23.613+0700] {logging_mixin.py:190} INFO - [2026-09-18T13:50:23.612+0700] {dag.py:3239} INFO - Sync 1 DAGs
[2026-09-18T13:50:23.624+0700] {logging_mixin.py:190} INFO - [2026-09-18T13:50:23.624+0700] {dag.py:4180} INFO - Setting next_dagrun for example_weekday_branch_operator to 2026-09-17 00:00:00+00:00, run_after=2026-09-18 00:00:00+00:00
[2026-09-18T13:50:23.634+0700] {processor.py:208} INFO - Processing /Users/andreasanditya/Downloads/572392_Andreas_AirflowETL/code/.venv/lib/python3.9/site-packages/airflow/example_dags/example_branch_day_of_week_operator.py took 0.122 seconds
[2026-09-18T13:53:18.633+0700] {processor.py:186} INFO - Started process (PID=12241) to work on /Users/andreasanditya/Downloads/572392_Andreas_AirflowETL/code/.venv/lib/python3.9/site-packages/airflow/example_dags/example_branch_day_of_week_operator.py
[2026-09-18T13:53:18.634+0700] {processor.py:914} INFO - Processing file /Users/andreasanditya/Downloads/572392_Andreas_AirflowETL/code/.venv/lib/python3.9/site-packages/airflow/example_dags/example_branch_day_of_week_operator.py for tasks to queue
[2026-09-18T13:53:18.635+0700] {logging_mixin.py:190} INFO - [2026-09-18T13:53:18.635+0700] {dagbag.py:588} INFO - Filling up the DagBag from /Users/andreasanditya/Downloads/572392_Andreas_AirflowETL/code/.venv/lib/python3.9/site-packages/airflow/example_dags/example_branch_day_of_week_operator.py
[2026-09-18T13:53:18.642+0700] {processor.py:925} INFO - DAG(s) 'example_weekday_branch_operator' retrieved from /Users/andreasanditya/Downloads/572392_Andreas_AirflowETL/code/.venv/lib/python3.9/site-packages/airflow/example_dags/example_branch_day_of_week_operator.py
[2026-09-18T13:53:18.733+0700] {logging_mixin.py:190} INFO - [2026-09-18T13:53:18.733+0700] {dag.py:3239} INFO - Sync 1 DAGs
[2026-09-18T13:53:18.746+0700] {logging_mixin.py:190} INFO - [2026-09-18T13:53:18.746+0700] {dag.py:4180} INFO - Setting next_dagrun for example_weekday_branch_operator to 2026-09-17 00:00:00+00:00, run_after=2026-09-18 00:00:00+00:00
[2026-09-18T13:53:18.757+0700] {processor.py:208} INFO - Processing /Users/andreasanditya/Downloads/572392_Andreas_AirflowETL/code/.venv/lib/python3.9/site-packages/airflow/example_dags/example_branch_day_of_week_operator.py took 0.126 seconds
