[2026-09-18T11:17:56.174+0700] {processor.py:186} INFO - Started process (PID=10999) to work on /Users/andreasanditya/Downloads/572392_Andreas_AirflowETL/code/.venv/lib/python3.9/site-packages/airflow/example_dags/example_external_task_marker_dag.py
[2026-09-18T11:17:56.175+0700] {processor.py:914} INFO - Processing file /Users/andreasanditya/Downloads/572392_Andreas_AirflowETL/code/.venv/lib/python3.9/site-packages/airflow/example_dags/example_external_task_marker_dag.py for tasks to queue
[2026-09-18T11:17:56.176+0700] {logging_mixin.py:190} INFO - [2026-09-18T11:17:56.176+0700] {dagbag.py:588} INFO - Filling up the DagBag from /Users/andreasanditya/Downloads/572392_Andreas_AirflowETL/code/.venv/lib/python3.9/site-packages/airflow/example_dags/example_external_task_marker_dag.py
[2026-09-18T11:17:56.183+0700] {processor.py:925} INFO - DAG(s) 'example_external_task_marker_parent', 'example_external_task_marker_child' retrieved from /Users/andreasanditya/Downloads/572392_Andreas_AirflowETL/code/.venv/lib/python3.9/site-packages/airflow/example_dags/example_external_task_marker_dag.py
[2026-09-18T11:17:56.315+0700] {logging_mixin.py:190} INFO - [2026-09-18T11:17:56.314+0700] {override.py:1912} INFO - Created Permission View: can edit on DAG:example_external_task_marker_parent
[2026-09-18T11:17:56.319+0700] {logging_mixin.py:190} INFO - [2026-09-18T11:17:56.319+0700] {override.py:1912} INFO - Created Permission View: can read on DAG:example_external_task_marker_parent
[2026-09-18T11:17:56.322+0700] {logging_mixin.py:190} INFO - [2026-09-18T11:17:56.322+0700] {override.py:1912} INFO - Created Permission View: can delete on DAG:example_external_task_marker_parent
[2026-09-18T11:17:56.326+0700] {logging_mixin.py:190} INFO - [2026-09-18T11:17:56.326+0700] {override.py:1912} INFO - Created Permission View: can create on DAG Run:example_external_task_marker_parent
[2026-09-18T11:17:56.328+0700] {logging_mixin.py:190} INFO - [2026-09-18T11:17:56.328+0700] {override.py:1912} INFO - Created Permission View: can read on DAG Run:example_external_task_marker_parent
[2026-09-18T11:17:56.332+0700] {logging_mixin.py:190} INFO - [2026-09-18T11:17:56.332+0700] {override.py:1912} INFO - Created Permission View: menu access on DAG Run:example_external_task_marker_parent
[2026-09-18T11:17:56.335+0700] {logging_mixin.py:190} INFO - [2026-09-18T11:17:56.334+0700] {override.py:1912} INFO - Created Permission View: can delete on DAG Run:example_external_task_marker_parent
[2026-09-18T11:17:56.643+0700] {logging_mixin.py:190} INFO - [2026-09-18T11:17:56.642+0700] {override.py:1912} INFO - Created Permission View: can edit on DAG:example_external_task_marker_child
[2026-09-18T11:17:56.646+0700] {logging_mixin.py:190} INFO - [2026-09-18T11:17:56.646+0700] {override.py:1912} INFO - Created Permission View: can read on DAG:example_external_task_marker_child
[2026-09-18T11:17:56.649+0700] {logging_mixin.py:190} INFO - [2026-09-18T11:17:56.649+0700] {override.py:1912} INFO - Created Permission View: can delete on DAG:example_external_task_marker_child
[2026-09-18T11:17:56.653+0700] {logging_mixin.py:190} INFO - [2026-09-18T11:17:56.653+0700] {override.py:1912} INFO - Created Permission View: can create on DAG Run:example_external_task_marker_child
[2026-09-18T11:17:56.656+0700] {logging_mixin.py:190} INFO - [2026-09-18T11:17:56.655+0700] {override.py:1912} INFO - Created Permission View: can read on DAG Run:example_external_task_marker_child
[2026-09-18T11:17:56.658+0700] {logging_mixin.py:190} INFO - [2026-09-18T11:17:56.658+0700] {override.py:1912} INFO - Created Permission View: menu access on DAG Run:example_external_task_marker_child
[2026-09-18T11:17:56.661+0700] {logging_mixin.py:190} INFO - [2026-09-18T11:17:56.661+0700] {override.py:1912} INFO - Created Permission View: can delete on DAG Run:example_external_task_marker_child
[2026-09-18T11:17:56.661+0700] {logging_mixin.py:190} INFO - [2026-09-18T11:17:56.661+0700] {dag.py:3239} INFO - Sync 2 DAGs
[2026-09-18T11:17:56.668+0700] {logging_mixin.py:190} INFO - [2026-09-18T11:17:56.668+0700] {dag.py:3262} INFO - Creating ORM DAG for example_external_task_marker_child
[2026-09-18T11:17:56.669+0700] {logging_mixin.py:190} INFO - [2026-09-18T11:17:56.668+0700] {dag.py:3262} INFO - Creating ORM DAG for example_external_task_marker_parent
[2026-09-18T11:17:56.669+0700] {logging_mixin.py:190} INFO - [2026-09-18T11:17:56.669+0700] {dag.py:4180} INFO - Setting next_dagrun for example_external_task_marker_child to None, run_after=None
[2026-09-18T11:17:56.669+0700] {logging_mixin.py:190} INFO - [2026-09-18T11:17:56.669+0700] {dag.py:4180} INFO - Setting next_dagrun for example_external_task_marker_parent to None, run_after=None
[2026-09-18T11:17:56.678+0700] {processor.py:208} INFO - Processing /Users/andreasanditya/Downloads/572392_Andreas_AirflowETL/code/.venv/lib/python3.9/site-packages/airflow/example_dags/example_external_task_marker_dag.py took 0.506 seconds
[2026-09-18T11:20:11.300+0700] {processor.py:186} INFO - Started process (PID=12430) to work on /Users/andreasanditya/Downloads/572392_Andreas_AirflowETL/code/.venv/lib/python3.9/site-packages/airflow/example_dags/example_external_task_marker_dag.py
[2026-09-18T11:20:11.302+0700] {processor.py:914} INFO - Processing file /Users/andreasanditya/Downloads/572392_Andreas_AirflowETL/code/.venv/lib/python3.9/site-packages/airflow/example_dags/example_external_task_marker_dag.py for tasks to queue
[2026-09-18T11:20:11.303+0700] {logging_mixin.py:190} INFO - [2026-09-18T11:20:11.303+0700] {dagbag.py:588} INFO - Filling up the DagBag from /Users/andreasanditya/Downloads/572392_Andreas_AirflowETL/code/.venv/lib/python3.9/site-packages/airflow/example_dags/example_external_task_marker_dag.py
[2026-09-18T11:20:11.310+0700] {processor.py:925} INFO - DAG(s) 'example_external_task_marker_child', 'example_external_task_marker_parent' retrieved from /Users/andreasanditya/Downloads/572392_Andreas_AirflowETL/code/.venv/lib/python3.9/site-packages/airflow/example_dags/example_external_task_marker_dag.py
[2026-09-18T11:20:11.669+0700] {logging_mixin.py:190} INFO - [2026-09-18T11:20:11.669+0700] {dag.py:3239} INFO - Sync 2 DAGs
[2026-09-18T11:20:11.676+0700] {logging_mixin.py:190} INFO - [2026-09-18T11:20:11.676+0700] {dag.py:4180} INFO - Setting next_dagrun for example_external_task_marker_child to None, run_after=None
[2026-09-18T11:20:11.678+0700] {logging_mixin.py:190} INFO - [2026-09-18T11:20:11.677+0700] {dag.py:4180} INFO - Setting next_dagrun for example_external_task_marker_parent to None, run_after=None
[2026-09-18T11:20:11.688+0700] {processor.py:208} INFO - Processing /Users/andreasanditya/Downloads/572392_Andreas_AirflowETL/code/.venv/lib/python3.9/site-packages/airflow/example_dags/example_external_task_marker_dag.py took 0.389 seconds
[2026-09-18T11:25:09.583+0700] {processor.py:186} INFO - Started process (PID=15755) to work on /Users/andreasanditya/Downloads/572392_Andreas_AirflowETL/code/.venv/lib/python3.9/site-packages/airflow/example_dags/example_external_task_marker_dag.py
[2026-09-18T11:25:09.584+0700] {processor.py:914} INFO - Processing file /Users/andreasanditya/Downloads/572392_Andreas_AirflowETL/code/.venv/lib/python3.9/site-packages/airflow/example_dags/example_external_task_marker_dag.py for tasks to queue
[2026-09-18T11:25:09.585+0700] {logging_mixin.py:190} INFO - [2026-09-18T11:25:09.585+0700] {dagbag.py:588} INFO - Filling up the DagBag from /Users/andreasanditya/Downloads/572392_Andreas_AirflowETL/code/.venv/lib/python3.9/site-packages/airflow/example_dags/example_external_task_marker_dag.py
[2026-09-18T11:25:09.596+0700] {processor.py:925} INFO - DAG(s) 'example_external_task_marker_child', 'example_external_task_marker_parent' retrieved from /Users/andreasanditya/Downloads/572392_Andreas_AirflowETL/code/.venv/lib/python3.9/site-packages/airflow/example_dags/example_external_task_marker_dag.py
[2026-09-18T11:25:09.944+0700] {logging_mixin.py:190} INFO - [2026-09-18T11:25:09.944+0700] {dag.py:3239} INFO - Sync 2 DAGs
[2026-09-18T11:25:09.951+0700] {logging_mixin.py:190} INFO - [2026-09-18T11:25:09.951+0700] {dag.py:4180} INFO - Setting next_dagrun for example_external_task_marker_child to None, run_after=None
[2026-09-18T11:25:09.952+0700] {logging_mixin.py:190} INFO - [2026-09-18T11:25:09.952+0700] {dag.py:4180} INFO - Setting next_dagrun for example_external_task_marker_parent to None, run_after=None
[2026-09-18T11:25:09.962+0700] {processor.py:208} INFO - Processing /Users/andreasanditya/Downloads/572392_Andreas_AirflowETL/code/.venv/lib/python3.9/site-packages/airflow/example_dags/example_external_task_marker_dag.py took 0.381 seconds
[2026-09-18T11:27:11.809+0700] {processor.py:186} INFO - Started process (PID=16979) to work on /Users/andreasanditya/Downloads/572392_Andreas_AirflowETL/code/.venv/lib/python3.9/site-packages/airflow/example_dags/example_external_task_marker_dag.py
[2026-09-18T11:27:11.811+0700] {processor.py:914} INFO - Processing file /Users/andreasanditya/Downloads/572392_Andreas_AirflowETL/code/.venv/lib/python3.9/site-packages/airflow/example_dags/example_external_task_marker_dag.py for tasks to queue
[2026-09-18T11:27:11.811+0700] {logging_mixin.py:190} INFO - [2026-09-18T11:27:11.811+0700] {dagbag.py:588} INFO - Filling up the DagBag from /Users/andreasanditya/Downloads/572392_Andreas_AirflowETL/code/.venv/lib/python3.9/site-packages/airflow/example_dags/example_external_task_marker_dag.py
[2026-09-18T11:27:11.818+0700] {processor.py:925} INFO - DAG(s) 'example_external_task_marker_child', 'example_external_task_marker_parent' retrieved from /Users/andreasanditya/Downloads/572392_Andreas_AirflowETL/code/.venv/lib/python3.9/site-packages/airflow/example_dags/example_external_task_marker_dag.py
[2026-09-18T11:27:12.167+0700] {logging_mixin.py:190} INFO - [2026-09-18T11:27:12.167+0700] {dag.py:3239} INFO - Sync 2 DAGs
[2026-09-18T11:27:12.174+0700] {logging_mixin.py:190} INFO - [2026-09-18T11:27:12.173+0700] {dag.py:4180} INFO - Setting next_dagrun for example_external_task_marker_child to None, run_after=None
[2026-09-18T11:27:12.175+0700] {logging_mixin.py:190} INFO - [2026-09-18T11:27:12.175+0700] {dag.py:4180} INFO - Setting next_dagrun for example_external_task_marker_parent to None, run_after=None
[2026-09-18T11:27:12.184+0700] {processor.py:208} INFO - Processing /Users/andreasanditya/Downloads/572392_Andreas_AirflowETL/code/.venv/lib/python3.9/site-packages/airflow/example_dags/example_external_task_marker_dag.py took 0.377 seconds
[2026-09-18T11:30:09.649+0700] {processor.py:186} INFO - Started process (PID=18772) to work on /Users/andreasanditya/Downloads/572392_Andreas_AirflowETL/code/.venv/lib/python3.9/site-packages/airflow/example_dags/example_external_task_marker_dag.py
[2026-09-18T11:30:09.650+0700] {processor.py:914} INFO - Processing file /Users/andreasanditya/Downloads/572392_Andreas_AirflowETL/code/.venv/lib/python3.9/site-packages/airflow/example_dags/example_external_task_marker_dag.py for tasks to queue
[2026-09-18T11:30:09.651+0700] {logging_mixin.py:190} INFO - [2026-09-18T11:30:09.651+0700] {dagbag.py:588} INFO - Filling up the DagBag from /Users/andreasanditya/Downloads/572392_Andreas_AirflowETL/code/.venv/lib/python3.9/site-packages/airflow/example_dags/example_external_task_marker_dag.py
[2026-09-18T11:30:09.659+0700] {processor.py:925} INFO - DAG(s) 'example_external_task_marker_parent', 'example_external_task_marker_child' retrieved from /Users/andreasanditya/Downloads/572392_Andreas_AirflowETL/code/.venv/lib/python3.9/site-packages/airflow/example_dags/example_external_task_marker_dag.py
[2026-09-18T11:30:10.010+0700] {logging_mixin.py:190} INFO - [2026-09-18T11:30:10.009+0700] {dag.py:3239} INFO - Sync 2 DAGs
[2026-09-18T11:30:10.016+0700] {logging_mixin.py:190} INFO - [2026-09-18T11:30:10.016+0700] {dag.py:4180} INFO - Setting next_dagrun for example_external_task_marker_child to None, run_after=None
[2026-09-18T11:30:10.018+0700] {logging_mixin.py:190} INFO - [2026-09-18T11:30:10.018+0700] {dag.py:4180} INFO - Setting next_dagrun for example_external_task_marker_parent to None, run_after=None
[2026-09-18T11:30:10.027+0700] {processor.py:208} INFO - Processing /Users/andreasanditya/Downloads/572392_Andreas_AirflowETL/code/.venv/lib/python3.9/site-packages/airflow/example_dags/example_external_task_marker_dag.py took 0.380 seconds
[2026-09-18T11:33:06.559+0700] {processor.py:186} INFO - Started process (PID=20678) to work on /Users/andreasanditya/Downloads/572392_Andreas_AirflowETL/code/.venv/lib/python3.9/site-packages/airflow/example_dags/example_external_task_marker_dag.py
[2026-09-18T11:33:06.560+0700] {processor.py:914} INFO - Processing file /Users/andreasanditya/Downloads/572392_Andreas_AirflowETL/code/.venv/lib/python3.9/site-packages/airflow/example_dags/example_external_task_marker_dag.py for tasks to queue
[2026-09-18T11:33:06.561+0700] {logging_mixin.py:190} INFO - [2026-09-18T11:33:06.561+0700] {dagbag.py:588} INFO - Filling up the DagBag from /Users/andreasanditya/Downloads/572392_Andreas_AirflowETL/code/.venv/lib/python3.9/site-packages/airflow/example_dags/example_external_task_marker_dag.py
[2026-09-18T11:33:06.569+0700] {processor.py:925} INFO - DAG(s) 'example_external_task_marker_parent', 'example_external_task_marker_child' retrieved from /Users/andreasanditya/Downloads/572392_Andreas_AirflowETL/code/.venv/lib/python3.9/site-packages/airflow/example_dags/example_external_task_marker_dag.py
[2026-09-18T11:33:06.921+0700] {logging_mixin.py:190} INFO - [2026-09-18T11:33:06.921+0700] {dag.py:3239} INFO - Sync 2 DAGs
[2026-09-18T11:33:06.928+0700] {logging_mixin.py:190} INFO - [2026-09-18T11:33:06.928+0700] {dag.py:4180} INFO - Setting next_dagrun for example_external_task_marker_child to None, run_after=None
[2026-09-18T11:33:06.929+0700] {logging_mixin.py:190} INFO - [2026-09-18T11:33:06.929+0700] {dag.py:4180} INFO - Setting next_dagrun for example_external_task_marker_parent to None, run_after=None
[2026-09-18T11:33:06.939+0700] {processor.py:208} INFO - Processing /Users/andreasanditya/Downloads/572392_Andreas_AirflowETL/code/.venv/lib/python3.9/site-packages/airflow/example_dags/example_external_task_marker_dag.py took 0.382 seconds
[2026-09-18T11:36:01.951+0700] {processor.py:186} INFO - Started process (PID=22494) to work on /Users/andreasanditya/Downloads/572392_Andreas_AirflowETL/code/.venv/lib/python3.9/site-packages/airflow/example_dags/example_external_task_marker_dag.py
[2026-09-18T11:36:01.952+0700] {processor.py:914} INFO - Processing file /Users/andreasanditya/Downloads/572392_Andreas_AirflowETL/code/.venv/lib/python3.9/site-packages/airflow/example_dags/example_external_task_marker_dag.py for tasks to queue
[2026-09-18T11:36:01.953+0700] {logging_mixin.py:190} INFO - [2026-09-18T11:36:01.953+0700] {dagbag.py:588} INFO - Filling up the DagBag from /Users/andreasanditya/Downloads/572392_Andreas_AirflowETL/code/.venv/lib/python3.9/site-packages/airflow/example_dags/example_external_task_marker_dag.py
[2026-09-18T11:36:01.960+0700] {processor.py:925} INFO - DAG(s) 'example_external_task_marker_parent', 'example_external_task_marker_child' retrieved from /Users/andreasanditya/Downloads/572392_Andreas_AirflowETL/code/.venv/lib/python3.9/site-packages/airflow/example_dags/example_external_task_marker_dag.py
[2026-09-18T11:36:02.311+0700] {logging_mixin.py:190} INFO - [2026-09-18T11:36:02.311+0700] {dag.py:3239} INFO - Sync 2 DAGs
[2026-09-18T11:36:02.318+0700] {logging_mixin.py:190} INFO - [2026-09-18T11:36:02.317+0700] {dag.py:4180} INFO - Setting next_dagrun for example_external_task_marker_child to None, run_after=None
[2026-09-18T11:36:02.319+0700] {logging_mixin.py:190} INFO - [2026-09-18T11:36:02.319+0700] {dag.py:4180} INFO - Setting next_dagrun for example_external_task_marker_parent to None, run_after=None
[2026-09-18T11:36:02.329+0700] {processor.py:208} INFO - Processing /Users/andreasanditya/Downloads/572392_Andreas_AirflowETL/code/.venv/lib/python3.9/site-packages/airflow/example_dags/example_external_task_marker_dag.py took 0.380 seconds
[2026-09-18T11:38:57.135+0700] {processor.py:186} INFO - Started process (PID=24341) to work on /Users/andreasanditya/Downloads/572392_Andreas_AirflowETL/code/.venv/lib/python3.9/site-packages/airflow/example_dags/example_external_task_marker_dag.py
[2026-09-18T11:38:57.136+0700] {processor.py:914} INFO - Processing file /Users/andreasanditya/Downloads/572392_Andreas_AirflowETL/code/.venv/lib/python3.9/site-packages/airflow/example_dags/example_external_task_marker_dag.py for tasks to queue
[2026-09-18T11:38:57.137+0700] {logging_mixin.py:190} INFO - [2026-09-18T11:38:57.137+0700] {dagbag.py:588} INFO - Filling up the DagBag from /Users/andreasanditya/Downloads/572392_Andreas_AirflowETL/code/.venv/lib/python3.9/site-packages/airflow/example_dags/example_external_task_marker_dag.py
[2026-09-18T11:38:57.144+0700] {processor.py:925} INFO - DAG(s) 'example_external_task_marker_child', 'example_external_task_marker_parent' retrieved from /Users/andreasanditya/Downloads/572392_Andreas_AirflowETL/code/.venv/lib/python3.9/site-packages/airflow/example_dags/example_external_task_marker_dag.py
[2026-09-18T11:38:57.488+0700] {logging_mixin.py:190} INFO - [2026-09-18T11:38:57.488+0700] {dag.py:3239} INFO - Sync 2 DAGs
[2026-09-18T11:38:57.494+0700] {logging_mixin.py:190} INFO - [2026-09-18T11:38:57.494+0700] {dag.py:4180} INFO - Setting next_dagrun for example_external_task_marker_child to None, run_after=None
[2026-09-18T11:38:57.496+0700] {logging_mixin.py:190} INFO - [2026-09-18T11:38:57.496+0700] {dag.py:4180} INFO - Setting next_dagrun for example_external_task_marker_parent to None, run_after=None
[2026-09-18T11:38:57.505+0700] {processor.py:208} INFO - Processing /Users/andreasanditya/Downloads/572392_Andreas_AirflowETL/code/.venv/lib/python3.9/site-packages/airflow/example_dags/example_external_task_marker_dag.py took 0.373 seconds
[2026-09-18T11:41:55.874+0700] {processor.py:186} INFO - Started process (PID=26220) to work on /Users/andreasanditya/Downloads/572392_Andreas_AirflowETL/code/.venv/lib/python3.9/site-packages/airflow/example_dags/example_external_task_marker_dag.py
[2026-09-18T11:41:55.875+0700] {processor.py:914} INFO - Processing file /Users/andreasanditya/Downloads/572392_Andreas_AirflowETL/code/.venv/lib/python3.9/site-packages/airflow/example_dags/example_external_task_marker_dag.py for tasks to queue
[2026-09-18T11:41:55.876+0700] {logging_mixin.py:190} INFO - [2026-09-18T11:41:55.876+0700] {dagbag.py:588} INFO - Filling up the DagBag from /Users/andreasanditya/Downloads/572392_Andreas_AirflowETL/code/.venv/lib/python3.9/site-packages/airflow/example_dags/example_external_task_marker_dag.py
[2026-09-18T11:41:55.883+0700] {processor.py:925} INFO - DAG(s) 'example_external_task_marker_child', 'example_external_task_marker_parent' retrieved from /Users/andreasanditya/Downloads/572392_Andreas_AirflowETL/code/.venv/lib/python3.9/site-packages/airflow/example_dags/example_external_task_marker_dag.py
[2026-09-18T11:41:56.235+0700] {logging_mixin.py:190} INFO - [2026-09-18T11:41:56.235+0700] {dag.py:3239} INFO - Sync 2 DAGs
[2026-09-18T11:41:56.241+0700] {logging_mixin.py:190} INFO - [2026-09-18T11:41:56.241+0700] {dag.py:4180} INFO - Setting next_dagrun for example_external_task_marker_child to None, run_after=None
[2026-09-18T11:41:56.243+0700] {logging_mixin.py:190} INFO - [2026-09-18T11:41:56.243+0700] {dag.py:4180} INFO - Setting next_dagrun for example_external_task_marker_parent to None, run_after=None
[2026-09-18T11:41:56.253+0700] {processor.py:208} INFO - Processing /Users/andreasanditya/Downloads/572392_Andreas_AirflowETL/code/.venv/lib/python3.9/site-packages/airflow/example_dags/example_external_task_marker_dag.py took 0.381 seconds
[2026-09-18T11:44:51.349+0700] {processor.py:186} INFO - Started process (PID=27948) to work on /Users/andreasanditya/Downloads/572392_Andreas_AirflowETL/code/.venv/lib/python3.9/site-packages/airflow/example_dags/example_external_task_marker_dag.py
[2026-09-18T11:44:51.350+0700] {processor.py:914} INFO - Processing file /Users/andreasanditya/Downloads/572392_Andreas_AirflowETL/code/.venv/lib/python3.9/site-packages/airflow/example_dags/example_external_task_marker_dag.py for tasks to queue
[2026-09-18T11:44:51.350+0700] {logging_mixin.py:190} INFO - [2026-09-18T11:44:51.350+0700] {dagbag.py:588} INFO - Filling up the DagBag from /Users/andreasanditya/Downloads/572392_Andreas_AirflowETL/code/.venv/lib/python3.9/site-packages/airflow/example_dags/example_external_task_marker_dag.py
[2026-09-18T11:44:51.357+0700] {processor.py:925} INFO - DAG(s) 'example_external_task_marker_parent', 'example_external_task_marker_child' retrieved from /Users/andreasanditya/Downloads/572392_Andreas_AirflowETL/code/.venv/lib/python3.9/site-packages/airflow/example_dags/example_external_task_marker_dag.py
[2026-09-18T11:44:51.700+0700] {logging_mixin.py:190} INFO - [2026-09-18T11:44:51.700+0700] {dag.py:3239} INFO - Sync 2 DAGs
[2026-09-18T11:44:51.707+0700] {logging_mixin.py:190} INFO - [2026-09-18T11:44:51.707+0700] {dag.py:4180} INFO - Setting next_dagrun for example_external_task_marker_child to None, run_after=None
[2026-09-18T11:44:51.709+0700] {logging_mixin.py:190} INFO - [2026-09-18T11:44:51.709+0700] {dag.py:4180} INFO - Setting next_dagrun for example_external_task_marker_parent to None, run_after=None
[2026-09-18T11:44:51.718+0700] {processor.py:208} INFO - Processing /Users/andreasanditya/Downloads/572392_Andreas_AirflowETL/code/.venv/lib/python3.9/site-packages/airflow/example_dags/example_external_task_marker_dag.py took 0.372 seconds
[2026-09-18T11:47:44.641+0700] {processor.py:186} INFO - Started process (PID=29671) to work on /Users/andreasanditya/Downloads/572392_Andreas_AirflowETL/code/.venv/lib/python3.9/site-packages/airflow/example_dags/example_external_task_marker_dag.py
[2026-09-18T11:47:44.642+0700] {processor.py:914} INFO - Processing file /Users/andreasanditya/Downloads/572392_Andreas_AirflowETL/code/.venv/lib/python3.9/site-packages/airflow/example_dags/example_external_task_marker_dag.py for tasks to queue
[2026-09-18T11:47:44.643+0700] {logging_mixin.py:190} INFO - [2026-09-18T11:47:44.643+0700] {dagbag.py:588} INFO - Filling up the DagBag from /Users/andreasanditya/Downloads/572392_Andreas_AirflowETL/code/.venv/lib/python3.9/site-packages/airflow/example_dags/example_external_task_marker_dag.py
[2026-09-18T11:47:44.650+0700] {processor.py:925} INFO - DAG(s) 'example_external_task_marker_child', 'example_external_task_marker_parent' retrieved from /Users/andreasanditya/Downloads/572392_Andreas_AirflowETL/code/.venv/lib/python3.9/site-packages/airflow/example_dags/example_external_task_marker_dag.py
[2026-09-18T11:47:45.037+0700] {logging_mixin.py:190} INFO - [2026-09-18T11:47:45.036+0700] {dag.py:3239} INFO - Sync 2 DAGs
[2026-09-18T11:47:45.043+0700] {logging_mixin.py:190} INFO - [2026-09-18T11:47:45.043+0700] {dag.py:4180} INFO - Setting next_dagrun for example_external_task_marker_child to None, run_after=None
[2026-09-18T11:47:45.044+0700] {logging_mixin.py:190} INFO - [2026-09-18T11:47:45.044+0700] {dag.py:4180} INFO - Setting next_dagrun for example_external_task_marker_parent to None, run_after=None
[2026-09-18T11:47:45.054+0700] {processor.py:208} INFO - Processing /Users/andreasanditya/Downloads/572392_Andreas_AirflowETL/code/.venv/lib/python3.9/site-packages/airflow/example_dags/example_external_task_marker_dag.py took 0.415 seconds
[2026-09-18T11:50:37.255+0700] {processor.py:186} INFO - Started process (PID=31423) to work on /Users/andreasanditya/Downloads/572392_Andreas_AirflowETL/code/.venv/lib/python3.9/site-packages/airflow/example_dags/example_external_task_marker_dag.py
[2026-09-18T11:50:37.256+0700] {processor.py:914} INFO - Processing file /Users/andreasanditya/Downloads/572392_Andreas_AirflowETL/code/.venv/lib/python3.9/site-packages/airflow/example_dags/example_external_task_marker_dag.py for tasks to queue
[2026-09-18T11:50:37.257+0700] {logging_mixin.py:190} INFO - [2026-09-18T11:50:37.256+0700] {dagbag.py:588} INFO - Filling up the DagBag from /Users/andreasanditya/Downloads/572392_Andreas_AirflowETL/code/.venv/lib/python3.9/site-packages/airflow/example_dags/example_external_task_marker_dag.py
[2026-09-18T11:50:37.264+0700] {processor.py:925} INFO - DAG(s) 'example_external_task_marker_parent', 'example_external_task_marker_child' retrieved from /Users/andreasanditya/Downloads/572392_Andreas_AirflowETL/code/.venv/lib/python3.9/site-packages/airflow/example_dags/example_external_task_marker_dag.py
[2026-09-18T11:50:37.610+0700] {logging_mixin.py:190} INFO - [2026-09-18T11:50:37.609+0700] {dag.py:3239} INFO - Sync 2 DAGs
[2026-09-18T11:50:37.616+0700] {logging_mixin.py:190} INFO - [2026-09-18T11:50:37.616+0700] {dag.py:4180} INFO - Setting next_dagrun for example_external_task_marker_child to None, run_after=None
[2026-09-18T11:50:37.617+0700] {logging_mixin.py:190} INFO - [2026-09-18T11:50:37.617+0700] {dag.py:4180} INFO - Setting next_dagrun for example_external_task_marker_parent to None, run_after=None
[2026-09-18T11:50:37.627+0700] {processor.py:208} INFO - Processing /Users/andreasanditya/Downloads/572392_Andreas_AirflowETL/code/.venv/lib/python3.9/site-packages/airflow/example_dags/example_external_task_marker_dag.py took 0.374 seconds
[2026-09-18T11:53:28.924+0700] {processor.py:186} INFO - Started process (PID=33144) to work on /Users/andreasanditya/Downloads/572392_Andreas_AirflowETL/code/.venv/lib/python3.9/site-packages/airflow/example_dags/example_external_task_marker_dag.py
[2026-09-18T11:53:28.925+0700] {processor.py:914} INFO - Processing file /Users/andreasanditya/Downloads/572392_Andreas_AirflowETL/code/.venv/lib/python3.9/site-packages/airflow/example_dags/example_external_task_marker_dag.py for tasks to queue
[2026-09-18T11:53:28.925+0700] {logging_mixin.py:190} INFO - [2026-09-18T11:53:28.925+0700] {dagbag.py:588} INFO - Filling up the DagBag from /Users/andreasanditya/Downloads/572392_Andreas_AirflowETL/code/.venv/lib/python3.9/site-packages/airflow/example_dags/example_external_task_marker_dag.py
[2026-09-18T11:53:28.937+0700] {processor.py:925} INFO - DAG(s) 'example_external_task_marker_parent', 'example_external_task_marker_child' retrieved from /Users/andreasanditya/Downloads/572392_Andreas_AirflowETL/code/.venv/lib/python3.9/site-packages/airflow/example_dags/example_external_task_marker_dag.py
[2026-09-18T11:53:29.279+0700] {logging_mixin.py:190} INFO - [2026-09-18T11:53:29.279+0700] {dag.py:3239} INFO - Sync 2 DAGs
[2026-09-18T11:53:29.286+0700] {logging_mixin.py:190} INFO - [2026-09-18T11:53:29.286+0700] {dag.py:4180} INFO - Setting next_dagrun for example_external_task_marker_child to None, run_after=None
[2026-09-18T11:53:29.287+0700] {logging_mixin.py:190} INFO - [2026-09-18T11:53:29.287+0700] {dag.py:4180} INFO - Setting next_dagrun for example_external_task_marker_parent to None, run_after=None
[2026-09-18T11:53:29.297+0700] {processor.py:208} INFO - Processing /Users/andreasanditya/Downloads/572392_Andreas_AirflowETL/code/.venv/lib/python3.9/site-packages/airflow/example_dags/example_external_task_marker_dag.py took 0.375 seconds
[2026-09-18T11:56:22.760+0700] {processor.py:186} INFO - Started process (PID=34890) to work on /Users/andreasanditya/Downloads/572392_Andreas_AirflowETL/code/.venv/lib/python3.9/site-packages/airflow/example_dags/example_external_task_marker_dag.py
[2026-09-18T11:56:22.761+0700] {processor.py:914} INFO - Processing file /Users/andreasanditya/Downloads/572392_Andreas_AirflowETL/code/.venv/lib/python3.9/site-packages/airflow/example_dags/example_external_task_marker_dag.py for tasks to queue
[2026-09-18T11:56:22.761+0700] {logging_mixin.py:190} INFO - [2026-09-18T11:56:22.761+0700] {dagbag.py:588} INFO - Filling up the DagBag from /Users/andreasanditya/Downloads/572392_Andreas_AirflowETL/code/.venv/lib/python3.9/site-packages/airflow/example_dags/example_external_task_marker_dag.py
[2026-09-18T11:56:22.768+0700] {processor.py:925} INFO - DAG(s) 'example_external_task_marker_parent', 'example_external_task_marker_child' retrieved from /Users/andreasanditya/Downloads/572392_Andreas_AirflowETL/code/.venv/lib/python3.9/site-packages/airflow/example_dags/example_external_task_marker_dag.py
[2026-09-18T11:56:23.116+0700] {logging_mixin.py:190} INFO - [2026-09-18T11:56:23.115+0700] {dag.py:3239} INFO - Sync 2 DAGs
[2026-09-18T11:56:23.122+0700] {logging_mixin.py:190} INFO - [2026-09-18T11:56:23.122+0700] {dag.py:4180} INFO - Setting next_dagrun for example_external_task_marker_child to None, run_after=None
[2026-09-18T11:56:23.124+0700] {logging_mixin.py:190} INFO - [2026-09-18T11:56:23.124+0700] {dag.py:4180} INFO - Setting next_dagrun for example_external_task_marker_parent to None, run_after=None
[2026-09-18T11:56:23.134+0700] {processor.py:208} INFO - Processing /Users/andreasanditya/Downloads/572392_Andreas_AirflowETL/code/.venv/lib/python3.9/site-packages/airflow/example_dags/example_external_task_marker_dag.py took 0.376 seconds
[2026-09-18T11:59:14.603+0700] {processor.py:186} INFO - Started process (PID=36626) to work on /Users/andreasanditya/Downloads/572392_Andreas_AirflowETL/code/.venv/lib/python3.9/site-packages/airflow/example_dags/example_external_task_marker_dag.py
[2026-09-18T11:59:14.604+0700] {processor.py:914} INFO - Processing file /Users/andreasanditya/Downloads/572392_Andreas_AirflowETL/code/.venv/lib/python3.9/site-packages/airflow/example_dags/example_external_task_marker_dag.py for tasks to queue
[2026-09-18T11:59:14.605+0700] {logging_mixin.py:190} INFO - [2026-09-18T11:59:14.605+0700] {dagbag.py:588} INFO - Filling up the DagBag from /Users/andreasanditya/Downloads/572392_Andreas_AirflowETL/code/.venv/lib/python3.9/site-packages/airflow/example_dags/example_external_task_marker_dag.py
[2026-09-18T11:59:14.613+0700] {processor.py:925} INFO - DAG(s) 'example_external_task_marker_parent', 'example_external_task_marker_child' retrieved from /Users/andreasanditya/Downloads/572392_Andreas_AirflowETL/code/.venv/lib/python3.9/site-packages/airflow/example_dags/example_external_task_marker_dag.py
[2026-09-18T11:59:14.956+0700] {logging_mixin.py:190} INFO - [2026-09-18T11:59:14.956+0700] {dag.py:3239} INFO - Sync 2 DAGs
[2026-09-18T11:59:14.963+0700] {logging_mixin.py:190} INFO - [2026-09-18T11:59:14.963+0700] {dag.py:4180} INFO - Setting next_dagrun for example_external_task_marker_child to None, run_after=None
[2026-09-18T11:59:14.964+0700] {logging_mixin.py:190} INFO - [2026-09-18T11:59:14.964+0700] {dag.py:4180} INFO - Setting next_dagrun for example_external_task_marker_parent to None, run_after=None
[2026-09-18T11:59:14.974+0700] {processor.py:208} INFO - Processing /Users/andreasanditya/Downloads/572392_Andreas_AirflowETL/code/.venv/lib/python3.9/site-packages/airflow/example_dags/example_external_task_marker_dag.py took 0.373 seconds
[2026-09-18T12:02:09.154+0700] {processor.py:186} INFO - Started process (PID=38439) to work on /Users/andreasanditya/Downloads/572392_Andreas_AirflowETL/code/.venv/lib/python3.9/site-packages/airflow/example_dags/example_external_task_marker_dag.py
[2026-09-18T12:02:09.155+0700] {processor.py:914} INFO - Processing file /Users/andreasanditya/Downloads/572392_Andreas_AirflowETL/code/.venv/lib/python3.9/site-packages/airflow/example_dags/example_external_task_marker_dag.py for tasks to queue
[2026-09-18T12:02:09.155+0700] {logging_mixin.py:190} INFO - [2026-09-18T12:02:09.155+0700] {dagbag.py:588} INFO - Filling up the DagBag from /Users/andreasanditya/Downloads/572392_Andreas_AirflowETL/code/.venv/lib/python3.9/site-packages/airflow/example_dags/example_external_task_marker_dag.py
[2026-09-18T12:02:09.162+0700] {processor.py:925} INFO - DAG(s) 'example_external_task_marker_child', 'example_external_task_marker_parent' retrieved from /Users/andreasanditya/Downloads/572392_Andreas_AirflowETL/code/.venv/lib/python3.9/site-packages/airflow/example_dags/example_external_task_marker_dag.py
[2026-09-18T12:02:09.504+0700] {logging_mixin.py:190} INFO - [2026-09-18T12:02:09.504+0700] {dag.py:3239} INFO - Sync 2 DAGs
[2026-09-18T12:02:09.510+0700] {logging_mixin.py:190} INFO - [2026-09-18T12:02:09.510+0700] {dag.py:4180} INFO - Setting next_dagrun for example_external_task_marker_child to None, run_after=None
[2026-09-18T12:02:09.512+0700] {logging_mixin.py:190} INFO - [2026-09-18T12:02:09.512+0700] {dag.py:4180} INFO - Setting next_dagrun for example_external_task_marker_parent to None, run_after=None
[2026-09-18T12:02:09.522+0700] {processor.py:208} INFO - Processing /Users/andreasanditya/Downloads/572392_Andreas_AirflowETL/code/.venv/lib/python3.9/site-packages/airflow/example_dags/example_external_task_marker_dag.py took 0.370 seconds
[2026-09-18T12:05:02.125+0700] {processor.py:186} INFO - Started process (PID=40197) to work on /Users/andreasanditya/Downloads/572392_Andreas_AirflowETL/code/.venv/lib/python3.9/site-packages/airflow/example_dags/example_external_task_marker_dag.py
[2026-09-18T12:05:02.127+0700] {processor.py:914} INFO - Processing file /Users/andreasanditya/Downloads/572392_Andreas_AirflowETL/code/.venv/lib/python3.9/site-packages/airflow/example_dags/example_external_task_marker_dag.py for tasks to queue
[2026-09-18T12:05:02.128+0700] {logging_mixin.py:190} INFO - [2026-09-18T12:05:02.128+0700] {dagbag.py:588} INFO - Filling up the DagBag from /Users/andreasanditya/Downloads/572392_Andreas_AirflowETL/code/.venv/lib/python3.9/site-packages/airflow/example_dags/example_external_task_marker_dag.py
[2026-09-18T12:05:02.135+0700] {processor.py:925} INFO - DAG(s) 'example_external_task_marker_parent', 'example_external_task_marker_child' retrieved from /Users/andreasanditya/Downloads/572392_Andreas_AirflowETL/code/.venv/lib/python3.9/site-packages/airflow/example_dags/example_external_task_marker_dag.py
[2026-09-18T12:05:02.481+0700] {logging_mixin.py:190} INFO - [2026-09-18T12:05:02.480+0700] {dag.py:3239} INFO - Sync 2 DAGs
[2026-09-18T12:05:02.487+0700] {logging_mixin.py:190} INFO - [2026-09-18T12:05:02.487+0700] {dag.py:4180} INFO - Setting next_dagrun for example_external_task_marker_child to None, run_after=None
[2026-09-18T12:05:02.489+0700] {logging_mixin.py:190} INFO - [2026-09-18T12:05:02.488+0700] {dag.py:4180} INFO - Setting next_dagrun for example_external_task_marker_parent to None, run_after=None
[2026-09-18T12:05:02.498+0700] {processor.py:208} INFO - Processing /Users/andreasanditya/Downloads/572392_Andreas_AirflowETL/code/.venv/lib/python3.9/site-packages/airflow/example_dags/example_external_task_marker_dag.py took 0.375 seconds
[2026-09-18T12:07:57.956+0700] {processor.py:186} INFO - Started process (PID=41947) to work on /Users/andreasanditya/Downloads/572392_Andreas_AirflowETL/code/.venv/lib/python3.9/site-packages/airflow/example_dags/example_external_task_marker_dag.py
[2026-09-18T12:07:57.956+0700] {processor.py:914} INFO - Processing file /Users/andreasanditya/Downloads/572392_Andreas_AirflowETL/code/.venv/lib/python3.9/site-packages/airflow/example_dags/example_external_task_marker_dag.py for tasks to queue
[2026-09-18T12:07:57.957+0700] {logging_mixin.py:190} INFO - [2026-09-18T12:07:57.957+0700] {dagbag.py:588} INFO - Filling up the DagBag from /Users/andreasanditya/Downloads/572392_Andreas_AirflowETL/code/.venv/lib/python3.9/site-packages/airflow/example_dags/example_external_task_marker_dag.py
[2026-09-18T12:07:57.964+0700] {processor.py:925} INFO - DAG(s) 'example_external_task_marker_parent', 'example_external_task_marker_child' retrieved from /Users/andreasanditya/Downloads/572392_Andreas_AirflowETL/code/.venv/lib/python3.9/site-packages/airflow/example_dags/example_external_task_marker_dag.py
[2026-09-18T12:07:58.311+0700] {logging_mixin.py:190} INFO - [2026-09-18T12:07:58.311+0700] {dag.py:3239} INFO - Sync 2 DAGs
[2026-09-18T12:07:58.318+0700] {logging_mixin.py:190} INFO - [2026-09-18T12:07:58.317+0700] {dag.py:4180} INFO - Setting next_dagrun for example_external_task_marker_child to None, run_after=None
[2026-09-18T12:07:58.319+0700] {logging_mixin.py:190} INFO - [2026-09-18T12:07:58.319+0700] {dag.py:4180} INFO - Setting next_dagrun for example_external_task_marker_parent to None, run_after=None
[2026-09-18T12:07:58.329+0700] {processor.py:208} INFO - Processing /Users/andreasanditya/Downloads/572392_Andreas_AirflowETL/code/.venv/lib/python3.9/site-packages/airflow/example_dags/example_external_task_marker_dag.py took 0.375 seconds
[2026-09-18T12:10:50.110+0700] {processor.py:186} INFO - Started process (PID=43673) to work on /Users/andreasanditya/Downloads/572392_Andreas_AirflowETL/code/.venv/lib/python3.9/site-packages/airflow/example_dags/example_external_task_marker_dag.py
[2026-09-18T12:10:50.111+0700] {processor.py:914} INFO - Processing file /Users/andreasanditya/Downloads/572392_Andreas_AirflowETL/code/.venv/lib/python3.9/site-packages/airflow/example_dags/example_external_task_marker_dag.py for tasks to queue
[2026-09-18T12:10:50.112+0700] {logging_mixin.py:190} INFO - [2026-09-18T12:10:50.112+0700] {dagbag.py:588} INFO - Filling up the DagBag from /Users/andreasanditya/Downloads/572392_Andreas_AirflowETL/code/.venv/lib/python3.9/site-packages/airflow/example_dags/example_external_task_marker_dag.py
[2026-09-18T12:10:50.119+0700] {processor.py:925} INFO - DAG(s) 'example_external_task_marker_child', 'example_external_task_marker_parent' retrieved from /Users/andreasanditya/Downloads/572392_Andreas_AirflowETL/code/.venv/lib/python3.9/site-packages/airflow/example_dags/example_external_task_marker_dag.py
[2026-09-18T12:10:50.477+0700] {logging_mixin.py:190} INFO - [2026-09-18T12:10:50.476+0700] {dag.py:3239} INFO - Sync 2 DAGs
[2026-09-18T12:10:50.483+0700] {logging_mixin.py:190} INFO - [2026-09-18T12:10:50.483+0700] {dag.py:4180} INFO - Setting next_dagrun for example_external_task_marker_child to None, run_after=None
[2026-09-18T12:10:50.485+0700] {logging_mixin.py:190} INFO - [2026-09-18T12:10:50.484+0700] {dag.py:4180} INFO - Setting next_dagrun for example_external_task_marker_parent to None, run_after=None
[2026-09-18T12:10:50.495+0700] {processor.py:208} INFO - Processing /Users/andreasanditya/Downloads/572392_Andreas_AirflowETL/code/.venv/lib/python3.9/site-packages/airflow/example_dags/example_external_task_marker_dag.py took 0.387 seconds
[2026-09-18T12:13:49.044+0700] {processor.py:186} INFO - Started process (PID=46330) to work on /Users/andreasanditya/Downloads/572392_Andreas_AirflowETL/code/.venv/lib/python3.9/site-packages/airflow/example_dags/example_external_task_marker_dag.py
[2026-09-18T12:13:49.045+0700] {processor.py:914} INFO - Processing file /Users/andreasanditya/Downloads/572392_Andreas_AirflowETL/code/.venv/lib/python3.9/site-packages/airflow/example_dags/example_external_task_marker_dag.py for tasks to queue
[2026-09-18T12:13:49.045+0700] {logging_mixin.py:190} INFO - [2026-09-18T12:13:49.045+0700] {dagbag.py:588} INFO - Filling up the DagBag from /Users/andreasanditya/Downloads/572392_Andreas_AirflowETL/code/.venv/lib/python3.9/site-packages/airflow/example_dags/example_external_task_marker_dag.py
[2026-09-18T12:13:49.053+0700] {processor.py:925} INFO - DAG(s) 'example_external_task_marker_parent', 'example_external_task_marker_child' retrieved from /Users/andreasanditya/Downloads/572392_Andreas_AirflowETL/code/.venv/lib/python3.9/site-packages/airflow/example_dags/example_external_task_marker_dag.py
[2026-09-18T12:13:49.406+0700] {logging_mixin.py:190} INFO - [2026-09-18T12:13:49.405+0700] {dag.py:3239} INFO - Sync 2 DAGs
[2026-09-18T12:13:49.413+0700] {logging_mixin.py:190} INFO - [2026-09-18T12:13:49.413+0700] {dag.py:4180} INFO - Setting next_dagrun for example_external_task_marker_child to None, run_after=None
[2026-09-18T12:13:49.415+0700] {logging_mixin.py:190} INFO - [2026-09-18T12:13:49.415+0700] {dag.py:4180} INFO - Setting next_dagrun for example_external_task_marker_parent to None, run_after=None
[2026-09-18T12:13:49.425+0700] {processor.py:208} INFO - Processing /Users/andreasanditya/Downloads/572392_Andreas_AirflowETL/code/.venv/lib/python3.9/site-packages/airflow/example_dags/example_external_task_marker_dag.py took 0.383 seconds
[2026-09-18T12:16:43.972+0700] {processor.py:186} INFO - Started process (PID=49088) to work on /Users/andreasanditya/Downloads/572392_Andreas_AirflowETL/code/.venv/lib/python3.9/site-packages/airflow/example_dags/example_external_task_marker_dag.py
[2026-09-18T12:16:43.973+0700] {processor.py:914} INFO - Processing file /Users/andreasanditya/Downloads/572392_Andreas_AirflowETL/code/.venv/lib/python3.9/site-packages/airflow/example_dags/example_external_task_marker_dag.py for tasks to queue
[2026-09-18T12:16:43.974+0700] {logging_mixin.py:190} INFO - [2026-09-18T12:16:43.973+0700] {dagbag.py:588} INFO - Filling up the DagBag from /Users/andreasanditya/Downloads/572392_Andreas_AirflowETL/code/.venv/lib/python3.9/site-packages/airflow/example_dags/example_external_task_marker_dag.py
[2026-09-18T12:16:43.980+0700] {processor.py:925} INFO - DAG(s) 'example_external_task_marker_child', 'example_external_task_marker_parent' retrieved from /Users/andreasanditya/Downloads/572392_Andreas_AirflowETL/code/.venv/lib/python3.9/site-packages/airflow/example_dags/example_external_task_marker_dag.py
[2026-09-18T12:16:44.325+0700] {logging_mixin.py:190} INFO - [2026-09-18T12:16:44.325+0700] {dag.py:3239} INFO - Sync 2 DAGs
[2026-09-18T12:16:44.331+0700] {logging_mixin.py:190} INFO - [2026-09-18T12:16:44.331+0700] {dag.py:4180} INFO - Setting next_dagrun for example_external_task_marker_child to None, run_after=None
[2026-09-18T12:16:44.333+0700] {logging_mixin.py:190} INFO - [2026-09-18T12:16:44.333+0700] {dag.py:4180} INFO - Setting next_dagrun for example_external_task_marker_parent to None, run_after=None
[2026-09-18T12:16:44.343+0700] {processor.py:208} INFO - Processing /Users/andreasanditya/Downloads/572392_Andreas_AirflowETL/code/.venv/lib/python3.9/site-packages/airflow/example_dags/example_external_task_marker_dag.py took 0.373 seconds
[2026-09-18T12:19:42.336+0700] {processor.py:186} INFO - Started process (PID=52079) to work on /Users/andreasanditya/Downloads/572392_Andreas_AirflowETL/code/.venv/lib/python3.9/site-packages/airflow/example_dags/example_external_task_marker_dag.py
[2026-09-18T12:19:42.337+0700] {processor.py:914} INFO - Processing file /Users/andreasanditya/Downloads/572392_Andreas_AirflowETL/code/.venv/lib/python3.9/site-packages/airflow/example_dags/example_external_task_marker_dag.py for tasks to queue
[2026-09-18T12:19:42.338+0700] {logging_mixin.py:190} INFO - [2026-09-18T12:19:42.338+0700] {dagbag.py:588} INFO - Filling up the DagBag from /Users/andreasanditya/Downloads/572392_Andreas_AirflowETL/code/.venv/lib/python3.9/site-packages/airflow/example_dags/example_external_task_marker_dag.py
[2026-09-18T12:19:42.345+0700] {processor.py:925} INFO - DAG(s) 'example_external_task_marker_child', 'example_external_task_marker_parent' retrieved from /Users/andreasanditya/Downloads/572392_Andreas_AirflowETL/code/.venv/lib/python3.9/site-packages/airflow/example_dags/example_external_task_marker_dag.py
[2026-09-18T12:19:42.698+0700] {logging_mixin.py:190} INFO - [2026-09-18T12:19:42.698+0700] {dag.py:3239} INFO - Sync 2 DAGs
[2026-09-18T12:19:42.705+0700] {logging_mixin.py:190} INFO - [2026-09-18T12:19:42.704+0700] {dag.py:4180} INFO - Setting next_dagrun for example_external_task_marker_child to None, run_after=None
[2026-09-18T12:19:42.706+0700] {logging_mixin.py:190} INFO - [2026-09-18T12:19:42.706+0700] {dag.py:4180} INFO - Setting next_dagrun for example_external_task_marker_parent to None, run_after=None
[2026-09-18T12:19:42.715+0700] {processor.py:208} INFO - Processing /Users/andreasanditya/Downloads/572392_Andreas_AirflowETL/code/.venv/lib/python3.9/site-packages/airflow/example_dags/example_external_task_marker_dag.py took 0.381 seconds
[2026-09-18T12:22:36.521+0700] {processor.py:186} INFO - Started process (PID=54353) to work on /Users/andreasanditya/Downloads/572392_Andreas_AirflowETL/code/.venv/lib/python3.9/site-packages/airflow/example_dags/example_external_task_marker_dag.py
[2026-09-18T12:22:36.522+0700] {processor.py:914} INFO - Processing file /Users/andreasanditya/Downloads/572392_Andreas_AirflowETL/code/.venv/lib/python3.9/site-packages/airflow/example_dags/example_external_task_marker_dag.py for tasks to queue
[2026-09-18T12:22:36.523+0700] {logging_mixin.py:190} INFO - [2026-09-18T12:22:36.523+0700] {dagbag.py:588} INFO - Filling up the DagBag from /Users/andreasanditya/Downloads/572392_Andreas_AirflowETL/code/.venv/lib/python3.9/site-packages/airflow/example_dags/example_external_task_marker_dag.py
[2026-09-18T12:22:36.530+0700] {processor.py:925} INFO - DAG(s) 'example_external_task_marker_parent', 'example_external_task_marker_child' retrieved from /Users/andreasanditya/Downloads/572392_Andreas_AirflowETL/code/.venv/lib/python3.9/site-packages/airflow/example_dags/example_external_task_marker_dag.py
[2026-09-18T12:22:36.881+0700] {logging_mixin.py:190} INFO - [2026-09-18T12:22:36.880+0700] {dag.py:3239} INFO - Sync 2 DAGs
[2026-09-18T12:22:36.887+0700] {logging_mixin.py:190} INFO - [2026-09-18T12:22:36.887+0700] {dag.py:4180} INFO - Setting next_dagrun for example_external_task_marker_child to None, run_after=None
[2026-09-18T12:22:36.890+0700] {logging_mixin.py:190} INFO - [2026-09-18T12:22:36.889+0700] {dag.py:4180} INFO - Setting next_dagrun for example_external_task_marker_parent to None, run_after=None
[2026-09-18T12:22:36.899+0700] {processor.py:208} INFO - Processing /Users/andreasanditya/Downloads/572392_Andreas_AirflowETL/code/.venv/lib/python3.9/site-packages/airflow/example_dags/example_external_task_marker_dag.py took 0.380 seconds
[2026-09-18T12:25:30.502+0700] {processor.py:186} INFO - Started process (PID=56194) to work on /Users/andreasanditya/Downloads/572392_Andreas_AirflowETL/code/.venv/lib/python3.9/site-packages/airflow/example_dags/example_external_task_marker_dag.py
[2026-09-18T12:25:30.503+0700] {processor.py:914} INFO - Processing file /Users/andreasanditya/Downloads/572392_Andreas_AirflowETL/code/.venv/lib/python3.9/site-packages/airflow/example_dags/example_external_task_marker_dag.py for tasks to queue
[2026-09-18T12:25:30.504+0700] {logging_mixin.py:190} INFO - [2026-09-18T12:25:30.503+0700] {dagbag.py:588} INFO - Filling up the DagBag from /Users/andreasanditya/Downloads/572392_Andreas_AirflowETL/code/.venv/lib/python3.9/site-packages/airflow/example_dags/example_external_task_marker_dag.py
[2026-09-18T12:25:30.512+0700] {processor.py:925} INFO - DAG(s) 'example_external_task_marker_parent', 'example_external_task_marker_child' retrieved from /Users/andreasanditya/Downloads/572392_Andreas_AirflowETL/code/.venv/lib/python3.9/site-packages/airflow/example_dags/example_external_task_marker_dag.py
[2026-09-18T12:25:30.882+0700] {logging_mixin.py:190} INFO - [2026-09-18T12:25:30.882+0700] {dag.py:3239} INFO - Sync 2 DAGs
[2026-09-18T12:25:30.889+0700] {logging_mixin.py:190} INFO - [2026-09-18T12:25:30.889+0700] {dag.py:4180} INFO - Setting next_dagrun for example_external_task_marker_child to None, run_after=None
[2026-09-18T12:25:30.890+0700] {logging_mixin.py:190} INFO - [2026-09-18T12:25:30.890+0700] {dag.py:4180} INFO - Setting next_dagrun for example_external_task_marker_parent to None, run_after=None
[2026-09-18T12:25:30.900+0700] {processor.py:208} INFO - Processing /Users/andreasanditya/Downloads/572392_Andreas_AirflowETL/code/.venv/lib/python3.9/site-packages/airflow/example_dags/example_external_task_marker_dag.py took 0.400 seconds
[2026-09-18T12:28:23.729+0700] {processor.py:186} INFO - Started process (PID=57954) to work on /Users/andreasanditya/Downloads/572392_Andreas_AirflowETL/code/.venv/lib/python3.9/site-packages/airflow/example_dags/example_external_task_marker_dag.py
[2026-09-18T12:28:23.730+0700] {processor.py:914} INFO - Processing file /Users/andreasanditya/Downloads/572392_Andreas_AirflowETL/code/.venv/lib/python3.9/site-packages/airflow/example_dags/example_external_task_marker_dag.py for tasks to queue
[2026-09-18T12:28:23.730+0700] {logging_mixin.py:190} INFO - [2026-09-18T12:28:23.730+0700] {dagbag.py:588} INFO - Filling up the DagBag from /Users/andreasanditya/Downloads/572392_Andreas_AirflowETL/code/.venv/lib/python3.9/site-packages/airflow/example_dags/example_external_task_marker_dag.py
[2026-09-18T12:28:23.737+0700] {processor.py:925} INFO - DAG(s) 'example_external_task_marker_child', 'example_external_task_marker_parent' retrieved from /Users/andreasanditya/Downloads/572392_Andreas_AirflowETL/code/.venv/lib/python3.9/site-packages/airflow/example_dags/example_external_task_marker_dag.py
[2026-09-18T12:28:24.085+0700] {logging_mixin.py:190} INFO - [2026-09-18T12:28:24.085+0700] {dag.py:3239} INFO - Sync 2 DAGs
[2026-09-18T12:28:24.091+0700] {logging_mixin.py:190} INFO - [2026-09-18T12:28:24.091+0700] {dag.py:4180} INFO - Setting next_dagrun for example_external_task_marker_child to None, run_after=None
[2026-09-18T12:28:24.093+0700] {logging_mixin.py:190} INFO - [2026-09-18T12:28:24.093+0700] {dag.py:4180} INFO - Setting next_dagrun for example_external_task_marker_parent to None, run_after=None
[2026-09-18T12:28:24.102+0700] {processor.py:208} INFO - Processing /Users/andreasanditya/Downloads/572392_Andreas_AirflowETL/code/.venv/lib/python3.9/site-packages/airflow/example_dags/example_external_task_marker_dag.py took 0.376 seconds
[2026-09-18T12:31:10.564+0700] {processor.py:186} INFO - Started process (PID=59639) to work on /Users/andreasanditya/Downloads/572392_Andreas_AirflowETL/code/.venv/lib/python3.9/site-packages/airflow/example_dags/example_external_task_marker_dag.py
[2026-09-18T12:31:10.566+0700] {processor.py:914} INFO - Processing file /Users/andreasanditya/Downloads/572392_Andreas_AirflowETL/code/.venv/lib/python3.9/site-packages/airflow/example_dags/example_external_task_marker_dag.py for tasks to queue
[2026-09-18T12:31:10.566+0700] {logging_mixin.py:190} INFO - [2026-09-18T12:31:10.566+0700] {dagbag.py:588} INFO - Filling up the DagBag from /Users/andreasanditya/Downloads/572392_Andreas_AirflowETL/code/.venv/lib/python3.9/site-packages/airflow/example_dags/example_external_task_marker_dag.py
[2026-09-18T12:31:10.573+0700] {processor.py:925} INFO - DAG(s) 'example_external_task_marker_child', 'example_external_task_marker_parent' retrieved from /Users/andreasanditya/Downloads/572392_Andreas_AirflowETL/code/.venv/lib/python3.9/site-packages/airflow/example_dags/example_external_task_marker_dag.py
[2026-09-18T12:31:10.917+0700] {logging_mixin.py:190} INFO - [2026-09-18T12:31:10.916+0700] {dag.py:3239} INFO - Sync 2 DAGs
[2026-09-18T12:31:10.923+0700] {logging_mixin.py:190} INFO - [2026-09-18T12:31:10.923+0700] {dag.py:4180} INFO - Setting next_dagrun for example_external_task_marker_child to None, run_after=None
[2026-09-18T12:31:10.924+0700] {logging_mixin.py:190} INFO - [2026-09-18T12:31:10.924+0700] {dag.py:4180} INFO - Setting next_dagrun for example_external_task_marker_parent to None, run_after=None
[2026-09-18T12:31:10.934+0700] {processor.py:208} INFO - Processing /Users/andreasanditya/Downloads/572392_Andreas_AirflowETL/code/.venv/lib/python3.9/site-packages/airflow/example_dags/example_external_task_marker_dag.py took 0.372 seconds
[2026-09-18T12:34:00.019+0700] {processor.py:186} INFO - Started process (PID=61404) to work on /Users/andreasanditya/Downloads/572392_Andreas_AirflowETL/code/.venv/lib/python3.9/site-packages/airflow/example_dags/example_external_task_marker_dag.py
[2026-09-18T12:34:00.020+0700] {processor.py:914} INFO - Processing file /Users/andreasanditya/Downloads/572392_Andreas_AirflowETL/code/.venv/lib/python3.9/site-packages/airflow/example_dags/example_external_task_marker_dag.py for tasks to queue
[2026-09-18T12:34:00.021+0700] {logging_mixin.py:190} INFO - [2026-09-18T12:34:00.021+0700] {dagbag.py:588} INFO - Filling up the DagBag from /Users/andreasanditya/Downloads/572392_Andreas_AirflowETL/code/.venv/lib/python3.9/site-packages/airflow/example_dags/example_external_task_marker_dag.py
[2026-09-18T12:34:00.028+0700] {processor.py:925} INFO - DAG(s) 'example_external_task_marker_parent', 'example_external_task_marker_child' retrieved from /Users/andreasanditya/Downloads/572392_Andreas_AirflowETL/code/.venv/lib/python3.9/site-packages/airflow/example_dags/example_external_task_marker_dag.py
[2026-09-18T12:34:00.377+0700] {logging_mixin.py:190} INFO - [2026-09-18T12:34:00.376+0700] {dag.py:3239} INFO - Sync 2 DAGs
[2026-09-18T12:34:00.384+0700] {logging_mixin.py:190} INFO - [2026-09-18T12:34:00.383+0700] {dag.py:4180} INFO - Setting next_dagrun for example_external_task_marker_child to None, run_after=None
[2026-09-18T12:34:00.385+0700] {logging_mixin.py:190} INFO - [2026-09-18T12:34:00.385+0700] {dag.py:4180} INFO - Setting next_dagrun for example_external_task_marker_parent to None, run_after=None
[2026-09-18T12:34:00.396+0700] {processor.py:208} INFO - Processing /Users/andreasanditya/Downloads/572392_Andreas_AirflowETL/code/.venv/lib/python3.9/site-packages/airflow/example_dags/example_external_task_marker_dag.py took 0.379 seconds
[2026-09-18T12:36:50.490+0700] {processor.py:186} INFO - Started process (PID=63149) to work on /Users/andreasanditya/Downloads/572392_Andreas_AirflowETL/code/.venv/lib/python3.9/site-packages/airflow/example_dags/example_external_task_marker_dag.py
[2026-09-18T12:36:50.491+0700] {processor.py:914} INFO - Processing file /Users/andreasanditya/Downloads/572392_Andreas_AirflowETL/code/.venv/lib/python3.9/site-packages/airflow/example_dags/example_external_task_marker_dag.py for tasks to queue
[2026-09-18T12:36:50.492+0700] {logging_mixin.py:190} INFO - [2026-09-18T12:36:50.492+0700] {dagbag.py:588} INFO - Filling up the DagBag from /Users/andreasanditya/Downloads/572392_Andreas_AirflowETL/code/.venv/lib/python3.9/site-packages/airflow/example_dags/example_external_task_marker_dag.py
[2026-09-18T12:36:50.498+0700] {processor.py:925} INFO - DAG(s) 'example_external_task_marker_parent', 'example_external_task_marker_child' retrieved from /Users/andreasanditya/Downloads/572392_Andreas_AirflowETL/code/.venv/lib/python3.9/site-packages/airflow/example_dags/example_external_task_marker_dag.py
[2026-09-18T12:36:50.844+0700] {logging_mixin.py:190} INFO - [2026-09-18T12:36:50.844+0700] {dag.py:3239} INFO - Sync 2 DAGs
[2026-09-18T12:36:50.851+0700] {logging_mixin.py:190} INFO - [2026-09-18T12:36:50.851+0700] {dag.py:4180} INFO - Setting next_dagrun for example_external_task_marker_child to None, run_after=None
[2026-09-18T12:36:50.852+0700] {logging_mixin.py:190} INFO - [2026-09-18T12:36:50.852+0700] {dag.py:4180} INFO - Setting next_dagrun for example_external_task_marker_parent to None, run_after=None
[2026-09-18T12:36:50.864+0700] {processor.py:208} INFO - Processing /Users/andreasanditya/Downloads/572392_Andreas_AirflowETL/code/.venv/lib/python3.9/site-packages/airflow/example_dags/example_external_task_marker_dag.py took 0.376 seconds
[2026-09-18T12:39:44.190+0700] {processor.py:186} INFO - Started process (PID=64920) to work on /Users/andreasanditya/Downloads/572392_Andreas_AirflowETL/code/.venv/lib/python3.9/site-packages/airflow/example_dags/example_external_task_marker_dag.py
[2026-09-18T12:39:44.191+0700] {processor.py:914} INFO - Processing file /Users/andreasanditya/Downloads/572392_Andreas_AirflowETL/code/.venv/lib/python3.9/site-packages/airflow/example_dags/example_external_task_marker_dag.py for tasks to queue
[2026-09-18T12:39:44.191+0700] {logging_mixin.py:190} INFO - [2026-09-18T12:39:44.191+0700] {dagbag.py:588} INFO - Filling up the DagBag from /Users/andreasanditya/Downloads/572392_Andreas_AirflowETL/code/.venv/lib/python3.9/site-packages/airflow/example_dags/example_external_task_marker_dag.py
[2026-09-18T12:39:44.198+0700] {processor.py:925} INFO - DAG(s) 'example_external_task_marker_child', 'example_external_task_marker_parent' retrieved from /Users/andreasanditya/Downloads/572392_Andreas_AirflowETL/code/.venv/lib/python3.9/site-packages/airflow/example_dags/example_external_task_marker_dag.py
[2026-09-18T12:39:44.548+0700] {logging_mixin.py:190} INFO - [2026-09-18T12:39:44.548+0700] {dag.py:3239} INFO - Sync 2 DAGs
[2026-09-18T12:39:44.554+0700] {logging_mixin.py:190} INFO - [2026-09-18T12:39:44.554+0700] {dag.py:4180} INFO - Setting next_dagrun for example_external_task_marker_child to None, run_after=None
[2026-09-18T12:39:44.556+0700] {logging_mixin.py:190} INFO - [2026-09-18T12:39:44.556+0700] {dag.py:4180} INFO - Setting next_dagrun for example_external_task_marker_parent to None, run_after=None
[2026-09-18T12:39:44.566+0700] {processor.py:208} INFO - Processing /Users/andreasanditya/Downloads/572392_Andreas_AirflowETL/code/.venv/lib/python3.9/site-packages/airflow/example_dags/example_external_task_marker_dag.py took 0.378 seconds
[2026-09-18T12:42:36.859+0700] {processor.py:186} INFO - Started process (PID=66660) to work on /Users/andreasanditya/Downloads/572392_Andreas_AirflowETL/code/.venv/lib/python3.9/site-packages/airflow/example_dags/example_external_task_marker_dag.py
[2026-09-18T12:42:36.860+0700] {processor.py:914} INFO - Processing file /Users/andreasanditya/Downloads/572392_Andreas_AirflowETL/code/.venv/lib/python3.9/site-packages/airflow/example_dags/example_external_task_marker_dag.py for tasks to queue
[2026-09-18T12:42:36.861+0700] {logging_mixin.py:190} INFO - [2026-09-18T12:42:36.861+0700] {dagbag.py:588} INFO - Filling up the DagBag from /Users/andreasanditya/Downloads/572392_Andreas_AirflowETL/code/.venv/lib/python3.9/site-packages/airflow/example_dags/example_external_task_marker_dag.py
[2026-09-18T12:42:36.868+0700] {processor.py:925} INFO - DAG(s) 'example_external_task_marker_child', 'example_external_task_marker_parent' retrieved from /Users/andreasanditya/Downloads/572392_Andreas_AirflowETL/code/.venv/lib/python3.9/site-packages/airflow/example_dags/example_external_task_marker_dag.py
[2026-09-18T12:42:37.215+0700] {logging_mixin.py:190} INFO - [2026-09-18T12:42:37.215+0700] {dag.py:3239} INFO - Sync 2 DAGs
[2026-09-18T12:42:37.221+0700] {logging_mixin.py:190} INFO - [2026-09-18T12:42:37.221+0700] {dag.py:4180} INFO - Setting next_dagrun for example_external_task_marker_child to None, run_after=None
[2026-09-18T12:42:37.223+0700] {logging_mixin.py:190} INFO - [2026-09-18T12:42:37.222+0700] {dag.py:4180} INFO - Setting next_dagrun for example_external_task_marker_parent to None, run_after=None
[2026-09-18T12:42:37.232+0700] {processor.py:208} INFO - Processing /Users/andreasanditya/Downloads/572392_Andreas_AirflowETL/code/.venv/lib/python3.9/site-packages/airflow/example_dags/example_external_task_marker_dag.py took 0.374 seconds
[2026-09-18T12:45:31.007+0700] {processor.py:186} INFO - Started process (PID=68418) to work on /Users/andreasanditya/Downloads/572392_Andreas_AirflowETL/code/.venv/lib/python3.9/site-packages/airflow/example_dags/example_external_task_marker_dag.py
[2026-09-18T12:45:31.008+0700] {processor.py:914} INFO - Processing file /Users/andreasanditya/Downloads/572392_Andreas_AirflowETL/code/.venv/lib/python3.9/site-packages/airflow/example_dags/example_external_task_marker_dag.py for tasks to queue
[2026-09-18T12:45:31.008+0700] {logging_mixin.py:190} INFO - [2026-09-18T12:45:31.008+0700] {dagbag.py:588} INFO - Filling up the DagBag from /Users/andreasanditya/Downloads/572392_Andreas_AirflowETL/code/.venv/lib/python3.9/site-packages/airflow/example_dags/example_external_task_marker_dag.py
[2026-09-18T12:45:31.015+0700] {processor.py:925} INFO - DAG(s) 'example_external_task_marker_parent', 'example_external_task_marker_child' retrieved from /Users/andreasanditya/Downloads/572392_Andreas_AirflowETL/code/.venv/lib/python3.9/site-packages/airflow/example_dags/example_external_task_marker_dag.py
[2026-09-18T12:45:31.354+0700] {logging_mixin.py:190} INFO - [2026-09-18T12:45:31.354+0700] {dag.py:3239} INFO - Sync 2 DAGs
[2026-09-18T12:45:31.361+0700] {logging_mixin.py:190} INFO - [2026-09-18T12:45:31.360+0700] {dag.py:4180} INFO - Setting next_dagrun for example_external_task_marker_child to None, run_after=None
[2026-09-18T12:45:31.362+0700] {logging_mixin.py:190} INFO - [2026-09-18T12:45:31.362+0700] {dag.py:4180} INFO - Setting next_dagrun for example_external_task_marker_parent to None, run_after=None
[2026-09-18T12:45:31.372+0700] {processor.py:208} INFO - Processing /Users/andreasanditya/Downloads/572392_Andreas_AirflowETL/code/.venv/lib/python3.9/site-packages/airflow/example_dags/example_external_task_marker_dag.py took 0.367 seconds
[2026-09-18T12:48:22.277+0700] {processor.py:186} INFO - Started process (PID=70157) to work on /Users/andreasanditya/Downloads/572392_Andreas_AirflowETL/code/.venv/lib/python3.9/site-packages/airflow/example_dags/example_external_task_marker_dag.py
[2026-09-18T12:48:22.278+0700] {processor.py:914} INFO - Processing file /Users/andreasanditya/Downloads/572392_Andreas_AirflowETL/code/.venv/lib/python3.9/site-packages/airflow/example_dags/example_external_task_marker_dag.py for tasks to queue
[2026-09-18T12:48:22.278+0700] {logging_mixin.py:190} INFO - [2026-09-18T12:48:22.278+0700] {dagbag.py:588} INFO - Filling up the DagBag from /Users/andreasanditya/Downloads/572392_Andreas_AirflowETL/code/.venv/lib/python3.9/site-packages/airflow/example_dags/example_external_task_marker_dag.py
[2026-09-18T12:48:22.285+0700] {processor.py:925} INFO - DAG(s) 'example_external_task_marker_child', 'example_external_task_marker_parent' retrieved from /Users/andreasanditya/Downloads/572392_Andreas_AirflowETL/code/.venv/lib/python3.9/site-packages/airflow/example_dags/example_external_task_marker_dag.py
[2026-09-18T12:48:22.630+0700] {logging_mixin.py:190} INFO - [2026-09-18T12:48:22.630+0700] {dag.py:3239} INFO - Sync 2 DAGs
[2026-09-18T12:48:22.637+0700] {logging_mixin.py:190} INFO - [2026-09-18T12:48:22.637+0700] {dag.py:4180} INFO - Setting next_dagrun for example_external_task_marker_child to None, run_after=None
[2026-09-18T12:48:22.638+0700] {logging_mixin.py:190} INFO - [2026-09-18T12:48:22.638+0700] {dag.py:4180} INFO - Setting next_dagrun for example_external_task_marker_parent to None, run_after=None
[2026-09-18T12:48:22.648+0700] {processor.py:208} INFO - Processing /Users/andreasanditya/Downloads/572392_Andreas_AirflowETL/code/.venv/lib/python3.9/site-packages/airflow/example_dags/example_external_task_marker_dag.py took 0.374 seconds
[2026-09-18T12:51:11.746+0700] {processor.py:186} INFO - Started process (PID=71906) to work on /Users/andreasanditya/Downloads/572392_Andreas_AirflowETL/code/.venv/lib/python3.9/site-packages/airflow/example_dags/example_external_task_marker_dag.py
[2026-09-18T12:51:11.747+0700] {processor.py:914} INFO - Processing file /Users/andreasanditya/Downloads/572392_Andreas_AirflowETL/code/.venv/lib/python3.9/site-packages/airflow/example_dags/example_external_task_marker_dag.py for tasks to queue
[2026-09-18T12:51:11.748+0700] {logging_mixin.py:190} INFO - [2026-09-18T12:51:11.748+0700] {dagbag.py:588} INFO - Filling up the DagBag from /Users/andreasanditya/Downloads/572392_Andreas_AirflowETL/code/.venv/lib/python3.9/site-packages/airflow/example_dags/example_external_task_marker_dag.py
[2026-09-18T12:51:11.755+0700] {processor.py:925} INFO - DAG(s) 'example_external_task_marker_child', 'example_external_task_marker_parent' retrieved from /Users/andreasanditya/Downloads/572392_Andreas_AirflowETL/code/.venv/lib/python3.9/site-packages/airflow/example_dags/example_external_task_marker_dag.py
[2026-09-18T12:51:12.101+0700] {logging_mixin.py:190} INFO - [2026-09-18T12:51:12.101+0700] {dag.py:3239} INFO - Sync 2 DAGs
[2026-09-18T12:51:12.107+0700] {logging_mixin.py:190} INFO - [2026-09-18T12:51:12.107+0700] {dag.py:4180} INFO - Setting next_dagrun for example_external_task_marker_child to None, run_after=None
[2026-09-18T12:51:12.109+0700] {logging_mixin.py:190} INFO - [2026-09-18T12:51:12.109+0700] {dag.py:4180} INFO - Setting next_dagrun for example_external_task_marker_parent to None, run_after=None
[2026-09-18T12:51:12.118+0700] {processor.py:208} INFO - Processing /Users/andreasanditya/Downloads/572392_Andreas_AirflowETL/code/.venv/lib/python3.9/site-packages/airflow/example_dags/example_external_task_marker_dag.py took 0.374 seconds
[2026-09-18T12:54:01.105+0700] {processor.py:186} INFO - Started process (PID=73661) to work on /Users/andreasanditya/Downloads/572392_Andreas_AirflowETL/code/.venv/lib/python3.9/site-packages/airflow/example_dags/example_external_task_marker_dag.py
[2026-09-18T12:54:01.106+0700] {processor.py:914} INFO - Processing file /Users/andreasanditya/Downloads/572392_Andreas_AirflowETL/code/.venv/lib/python3.9/site-packages/airflow/example_dags/example_external_task_marker_dag.py for tasks to queue
[2026-09-18T12:54:01.107+0700] {logging_mixin.py:190} INFO - [2026-09-18T12:54:01.107+0700] {dagbag.py:588} INFO - Filling up the DagBag from /Users/andreasanditya/Downloads/572392_Andreas_AirflowETL/code/.venv/lib/python3.9/site-packages/airflow/example_dags/example_external_task_marker_dag.py
[2026-09-18T12:54:01.113+0700] {processor.py:925} INFO - DAG(s) 'example_external_task_marker_child', 'example_external_task_marker_parent' retrieved from /Users/andreasanditya/Downloads/572392_Andreas_AirflowETL/code/.venv/lib/python3.9/site-packages/airflow/example_dags/example_external_task_marker_dag.py
[2026-09-18T12:54:01.459+0700] {logging_mixin.py:190} INFO - [2026-09-18T12:54:01.458+0700] {dag.py:3239} INFO - Sync 2 DAGs
[2026-09-18T12:54:01.465+0700] {logging_mixin.py:190} INFO - [2026-09-18T12:54:01.465+0700] {dag.py:4180} INFO - Setting next_dagrun for example_external_task_marker_child to None, run_after=None
[2026-09-18T12:54:01.467+0700] {logging_mixin.py:190} INFO - [2026-09-18T12:54:01.467+0700] {dag.py:4180} INFO - Setting next_dagrun for example_external_task_marker_parent to None, run_after=None
[2026-09-18T12:54:01.477+0700] {processor.py:208} INFO - Processing /Users/andreasanditya/Downloads/572392_Andreas_AirflowETL/code/.venv/lib/python3.9/site-packages/airflow/example_dags/example_external_task_marker_dag.py took 0.374 seconds
[2026-09-18T12:56:50.636+0700] {processor.py:186} INFO - Started process (PID=75409) to work on /Users/andreasanditya/Downloads/572392_Andreas_AirflowETL/code/.venv/lib/python3.9/site-packages/airflow/example_dags/example_external_task_marker_dag.py
[2026-09-18T12:56:50.637+0700] {processor.py:914} INFO - Processing file /Users/andreasanditya/Downloads/572392_Andreas_AirflowETL/code/.venv/lib/python3.9/site-packages/airflow/example_dags/example_external_task_marker_dag.py for tasks to queue
[2026-09-18T12:56:50.637+0700] {logging_mixin.py:190} INFO - [2026-09-18T12:56:50.637+0700] {dagbag.py:588} INFO - Filling up the DagBag from /Users/andreasanditya/Downloads/572392_Andreas_AirflowETL/code/.venv/lib/python3.9/site-packages/airflow/example_dags/example_external_task_marker_dag.py
[2026-09-18T12:56:50.644+0700] {processor.py:925} INFO - DAG(s) 'example_external_task_marker_parent', 'example_external_task_marker_child' retrieved from /Users/andreasanditya/Downloads/572392_Andreas_AirflowETL/code/.venv/lib/python3.9/site-packages/airflow/example_dags/example_external_task_marker_dag.py
[2026-09-18T12:56:50.986+0700] {logging_mixin.py:190} INFO - [2026-09-18T12:56:50.985+0700] {dag.py:3239} INFO - Sync 2 DAGs
[2026-09-18T12:56:50.992+0700] {logging_mixin.py:190} INFO - [2026-09-18T12:56:50.992+0700] {dag.py:4180} INFO - Setting next_dagrun for example_external_task_marker_child to None, run_after=None
[2026-09-18T12:56:50.994+0700] {logging_mixin.py:190} INFO - [2026-09-18T12:56:50.994+0700] {dag.py:4180} INFO - Setting next_dagrun for example_external_task_marker_parent to None, run_after=None
[2026-09-18T12:56:51.005+0700] {processor.py:208} INFO - Processing /Users/andreasanditya/Downloads/572392_Andreas_AirflowETL/code/.venv/lib/python3.9/site-packages/airflow/example_dags/example_external_task_marker_dag.py took 0.371 seconds
[2026-09-18T12:59:41.974+0700] {processor.py:186} INFO - Started process (PID=77116) to work on /Users/andreasanditya/Downloads/572392_Andreas_AirflowETL/code/.venv/lib/python3.9/site-packages/airflow/example_dags/example_external_task_marker_dag.py
[2026-09-18T12:59:41.978+0700] {processor.py:914} INFO - Processing file /Users/andreasanditya/Downloads/572392_Andreas_AirflowETL/code/.venv/lib/python3.9/site-packages/airflow/example_dags/example_external_task_marker_dag.py for tasks to queue
[2026-09-18T12:59:41.978+0700] {logging_mixin.py:190} INFO - [2026-09-18T12:59:41.978+0700] {dagbag.py:588} INFO - Filling up the DagBag from /Users/andreasanditya/Downloads/572392_Andreas_AirflowETL/code/.venv/lib/python3.9/site-packages/airflow/example_dags/example_external_task_marker_dag.py
[2026-09-18T12:59:41.985+0700] {processor.py:925} INFO - DAG(s) 'example_external_task_marker_parent', 'example_external_task_marker_child' retrieved from /Users/andreasanditya/Downloads/572392_Andreas_AirflowETL/code/.venv/lib/python3.9/site-packages/airflow/example_dags/example_external_task_marker_dag.py
[2026-09-18T12:59:42.337+0700] {logging_mixin.py:190} INFO - [2026-09-18T12:59:42.337+0700] {dag.py:3239} INFO - Sync 2 DAGs
[2026-09-18T12:59:42.344+0700] {logging_mixin.py:190} INFO - [2026-09-18T12:59:42.343+0700] {dag.py:4180} INFO - Setting next_dagrun for example_external_task_marker_child to None, run_after=None
[2026-09-18T12:59:42.345+0700] {logging_mixin.py:190} INFO - [2026-09-18T12:59:42.345+0700] {dag.py:4180} INFO - Setting next_dagrun for example_external_task_marker_parent to None, run_after=None
[2026-09-18T12:59:42.355+0700] {processor.py:208} INFO - Processing /Users/andreasanditya/Downloads/572392_Andreas_AirflowETL/code/.venv/lib/python3.9/site-packages/airflow/example_dags/example_external_task_marker_dag.py took 0.383 seconds
[2026-09-18T13:02:35.777+0700] {processor.py:186} INFO - Started process (PID=78927) to work on /Users/andreasanditya/Downloads/572392_Andreas_AirflowETL/code/.venv/lib/python3.9/site-packages/airflow/example_dags/example_external_task_marker_dag.py
[2026-09-18T13:02:35.778+0700] {processor.py:914} INFO - Processing file /Users/andreasanditya/Downloads/572392_Andreas_AirflowETL/code/.venv/lib/python3.9/site-packages/airflow/example_dags/example_external_task_marker_dag.py for tasks to queue
[2026-09-18T13:02:35.779+0700] {logging_mixin.py:190} INFO - [2026-09-18T13:02:35.779+0700] {dagbag.py:588} INFO - Filling up the DagBag from /Users/andreasanditya/Downloads/572392_Andreas_AirflowETL/code/.venv/lib/python3.9/site-packages/airflow/example_dags/example_external_task_marker_dag.py
[2026-09-18T13:02:35.786+0700] {processor.py:925} INFO - DAG(s) 'example_external_task_marker_parent', 'example_external_task_marker_child' retrieved from /Users/andreasanditya/Downloads/572392_Andreas_AirflowETL/code/.venv/lib/python3.9/site-packages/airflow/example_dags/example_external_task_marker_dag.py
[2026-09-18T13:02:36.151+0700] {logging_mixin.py:190} INFO - [2026-09-18T13:02:36.151+0700] {dag.py:3239} INFO - Sync 2 DAGs
[2026-09-18T13:02:36.158+0700] {logging_mixin.py:190} INFO - [2026-09-18T13:02:36.158+0700] {dag.py:4180} INFO - Setting next_dagrun for example_external_task_marker_child to None, run_after=None
[2026-09-18T13:02:36.159+0700] {logging_mixin.py:190} INFO - [2026-09-18T13:02:36.159+0700] {dag.py:4180} INFO - Setting next_dagrun for example_external_task_marker_parent to None, run_after=None
[2026-09-18T13:02:36.169+0700] {processor.py:208} INFO - Processing /Users/andreasanditya/Downloads/572392_Andreas_AirflowETL/code/.venv/lib/python3.9/site-packages/airflow/example_dags/example_external_task_marker_dag.py took 0.394 seconds
[2026-09-18T13:05:26.977+0700] {processor.py:186} INFO - Started process (PID=80705) to work on /Users/andreasanditya/Downloads/572392_Andreas_AirflowETL/code/.venv/lib/python3.9/site-packages/airflow/example_dags/example_external_task_marker_dag.py
[2026-09-18T13:05:26.980+0700] {processor.py:914} INFO - Processing file /Users/andreasanditya/Downloads/572392_Andreas_AirflowETL/code/.venv/lib/python3.9/site-packages/airflow/example_dags/example_external_task_marker_dag.py for tasks to queue
[2026-09-18T13:05:26.981+0700] {logging_mixin.py:190} INFO - [2026-09-18T13:05:26.981+0700] {dagbag.py:588} INFO - Filling up the DagBag from /Users/andreasanditya/Downloads/572392_Andreas_AirflowETL/code/.venv/lib/python3.9/site-packages/airflow/example_dags/example_external_task_marker_dag.py
[2026-09-18T13:05:26.988+0700] {processor.py:925} INFO - DAG(s) 'example_external_task_marker_parent', 'example_external_task_marker_child' retrieved from /Users/andreasanditya/Downloads/572392_Andreas_AirflowETL/code/.venv/lib/python3.9/site-packages/airflow/example_dags/example_external_task_marker_dag.py
[2026-09-18T13:05:27.333+0700] {logging_mixin.py:190} INFO - [2026-09-18T13:05:27.333+0700] {dag.py:3239} INFO - Sync 2 DAGs
[2026-09-18T13:05:27.339+0700] {logging_mixin.py:190} INFO - [2026-09-18T13:05:27.339+0700] {dag.py:4180} INFO - Setting next_dagrun for example_external_task_marker_child to None, run_after=None
[2026-09-18T13:05:27.341+0700] {logging_mixin.py:190} INFO - [2026-09-18T13:05:27.341+0700] {dag.py:4180} INFO - Setting next_dagrun for example_external_task_marker_parent to None, run_after=None
[2026-09-18T13:05:27.350+0700] {processor.py:208} INFO - Processing /Users/andreasanditya/Downloads/572392_Andreas_AirflowETL/code/.venv/lib/python3.9/site-packages/airflow/example_dags/example_external_task_marker_dag.py took 0.375 seconds
[2026-09-18T13:08:14.376+0700] {processor.py:186} INFO - Started process (PID=82391) to work on /Users/andreasanditya/Downloads/572392_Andreas_AirflowETL/code/.venv/lib/python3.9/site-packages/airflow/example_dags/example_external_task_marker_dag.py
[2026-09-18T13:08:14.377+0700] {processor.py:914} INFO - Processing file /Users/andreasanditya/Downloads/572392_Andreas_AirflowETL/code/.venv/lib/python3.9/site-packages/airflow/example_dags/example_external_task_marker_dag.py for tasks to queue
[2026-09-18T13:08:14.378+0700] {logging_mixin.py:190} INFO - [2026-09-18T13:08:14.378+0700] {dagbag.py:588} INFO - Filling up the DagBag from /Users/andreasanditya/Downloads/572392_Andreas_AirflowETL/code/.venv/lib/python3.9/site-packages/airflow/example_dags/example_external_task_marker_dag.py
[2026-09-18T13:08:14.385+0700] {processor.py:925} INFO - DAG(s) 'example_external_task_marker_parent', 'example_external_task_marker_child' retrieved from /Users/andreasanditya/Downloads/572392_Andreas_AirflowETL/code/.venv/lib/python3.9/site-packages/airflow/example_dags/example_external_task_marker_dag.py
[2026-09-18T13:08:14.742+0700] {logging_mixin.py:190} INFO - [2026-09-18T13:08:14.742+0700] {dag.py:3239} INFO - Sync 2 DAGs
[2026-09-18T13:08:14.748+0700] {logging_mixin.py:190} INFO - [2026-09-18T13:08:14.748+0700] {dag.py:4180} INFO - Setting next_dagrun for example_external_task_marker_child to None, run_after=None
[2026-09-18T13:08:14.750+0700] {logging_mixin.py:190} INFO - [2026-09-18T13:08:14.750+0700] {dag.py:4180} INFO - Setting next_dagrun for example_external_task_marker_parent to None, run_after=None
[2026-09-18T13:08:14.760+0700] {processor.py:208} INFO - Processing /Users/andreasanditya/Downloads/572392_Andreas_AirflowETL/code/.venv/lib/python3.9/site-packages/airflow/example_dags/example_external_task_marker_dag.py took 0.385 seconds
[2026-09-18T13:11:07.765+0700] {processor.py:186} INFO - Started process (PID=84141) to work on /Users/andreasanditya/Downloads/572392_Andreas_AirflowETL/code/.venv/lib/python3.9/site-packages/airflow/example_dags/example_external_task_marker_dag.py
[2026-09-18T13:11:07.766+0700] {processor.py:914} INFO - Processing file /Users/andreasanditya/Downloads/572392_Andreas_AirflowETL/code/.venv/lib/python3.9/site-packages/airflow/example_dags/example_external_task_marker_dag.py for tasks to queue
[2026-09-18T13:11:07.766+0700] {logging_mixin.py:190} INFO - [2026-09-18T13:11:07.766+0700] {dagbag.py:588} INFO - Filling up the DagBag from /Users/andreasanditya/Downloads/572392_Andreas_AirflowETL/code/.venv/lib/python3.9/site-packages/airflow/example_dags/example_external_task_marker_dag.py
[2026-09-18T13:11:07.773+0700] {processor.py:925} INFO - DAG(s) 'example_external_task_marker_parent', 'example_external_task_marker_child' retrieved from /Users/andreasanditya/Downloads/572392_Andreas_AirflowETL/code/.venv/lib/python3.9/site-packages/airflow/example_dags/example_external_task_marker_dag.py
[2026-09-18T13:11:08.140+0700] {logging_mixin.py:190} INFO - [2026-09-18T13:11:08.140+0700] {dag.py:3239} INFO - Sync 2 DAGs
[2026-09-18T13:11:08.146+0700] {logging_mixin.py:190} INFO - [2026-09-18T13:11:08.146+0700] {dag.py:4180} INFO - Setting next_dagrun for example_external_task_marker_child to None, run_after=None
[2026-09-18T13:11:08.148+0700] {logging_mixin.py:190} INFO - [2026-09-18T13:11:08.148+0700] {dag.py:4180} INFO - Setting next_dagrun for example_external_task_marker_parent to None, run_after=None
[2026-09-18T13:11:08.158+0700] {processor.py:208} INFO - Processing /Users/andreasanditya/Downloads/572392_Andreas_AirflowETL/code/.venv/lib/python3.9/site-packages/airflow/example_dags/example_external_task_marker_dag.py took 0.395 seconds
[2026-09-18T13:13:59.707+0700] {processor.py:186} INFO - Started process (PID=85891) to work on /Users/andreasanditya/Downloads/572392_Andreas_AirflowETL/code/.venv/lib/python3.9/site-packages/airflow/example_dags/example_external_task_marker_dag.py
[2026-09-18T13:13:59.708+0700] {processor.py:914} INFO - Processing file /Users/andreasanditya/Downloads/572392_Andreas_AirflowETL/code/.venv/lib/python3.9/site-packages/airflow/example_dags/example_external_task_marker_dag.py for tasks to queue
[2026-09-18T13:13:59.708+0700] {logging_mixin.py:190} INFO - [2026-09-18T13:13:59.708+0700] {dagbag.py:588} INFO - Filling up the DagBag from /Users/andreasanditya/Downloads/572392_Andreas_AirflowETL/code/.venv/lib/python3.9/site-packages/airflow/example_dags/example_external_task_marker_dag.py
[2026-09-18T13:13:59.715+0700] {processor.py:925} INFO - DAG(s) 'example_external_task_marker_parent', 'example_external_task_marker_child' retrieved from /Users/andreasanditya/Downloads/572392_Andreas_AirflowETL/code/.venv/lib/python3.9/site-packages/airflow/example_dags/example_external_task_marker_dag.py
[2026-09-18T13:13:59.996+0700] {logging_mixin.py:190} INFO - [2026-09-18T13:13:59.996+0700] {dag.py:3239} INFO - Sync 2 DAGs
[2026-09-18T13:14:00.003+0700] {logging_mixin.py:190} INFO - [2026-09-18T13:14:00.002+0700] {dag.py:4180} INFO - Setting next_dagrun for example_external_task_marker_child to None, run_after=None
[2026-09-18T13:14:00.004+0700] {logging_mixin.py:190} INFO - [2026-09-18T13:14:00.004+0700] {dag.py:4180} INFO - Setting next_dagrun for example_external_task_marker_parent to None, run_after=None
[2026-09-18T13:14:00.014+0700] {processor.py:208} INFO - Processing /Users/andreasanditya/Downloads/572392_Andreas_AirflowETL/code/.venv/lib/python3.9/site-packages/airflow/example_dags/example_external_task_marker_dag.py took 0.309 seconds
[2026-09-18T13:16:52.337+0700] {processor.py:186} INFO - Started process (PID=87627) to work on /Users/andreasanditya/Downloads/572392_Andreas_AirflowETL/code/.venv/lib/python3.9/site-packages/airflow/example_dags/example_external_task_marker_dag.py
[2026-09-18T13:16:52.338+0700] {processor.py:914} INFO - Processing file /Users/andreasanditya/Downloads/572392_Andreas_AirflowETL/code/.venv/lib/python3.9/site-packages/airflow/example_dags/example_external_task_marker_dag.py for tasks to queue
[2026-09-18T13:16:52.338+0700] {logging_mixin.py:190} INFO - [2026-09-18T13:16:52.338+0700] {dagbag.py:588} INFO - Filling up the DagBag from /Users/andreasanditya/Downloads/572392_Andreas_AirflowETL/code/.venv/lib/python3.9/site-packages/airflow/example_dags/example_external_task_marker_dag.py
[2026-09-18T13:16:52.345+0700] {processor.py:925} INFO - DAG(s) 'example_external_task_marker_child', 'example_external_task_marker_parent' retrieved from /Users/andreasanditya/Downloads/572392_Andreas_AirflowETL/code/.venv/lib/python3.9/site-packages/airflow/example_dags/example_external_task_marker_dag.py
[2026-09-18T13:16:52.655+0700] {logging_mixin.py:190} INFO - [2026-09-18T13:16:52.655+0700] {dag.py:3239} INFO - Sync 2 DAGs
[2026-09-18T13:16:52.661+0700] {logging_mixin.py:190} INFO - [2026-09-18T13:16:52.661+0700] {dag.py:4180} INFO - Setting next_dagrun for example_external_task_marker_child to None, run_after=None
[2026-09-18T13:16:52.662+0700] {logging_mixin.py:190} INFO - [2026-09-18T13:16:52.662+0700] {dag.py:4180} INFO - Setting next_dagrun for example_external_task_marker_parent to None, run_after=None
[2026-09-18T13:16:52.672+0700] {processor.py:208} INFO - Processing /Users/andreasanditya/Downloads/572392_Andreas_AirflowETL/code/.venv/lib/python3.9/site-packages/airflow/example_dags/example_external_task_marker_dag.py took 0.337 seconds
[2026-09-18T13:19:42.377+0700] {processor.py:186} INFO - Started process (PID=89365) to work on /Users/andreasanditya/Downloads/572392_Andreas_AirflowETL/code/.venv/lib/python3.9/site-packages/airflow/example_dags/example_external_task_marker_dag.py
[2026-09-18T13:19:42.378+0700] {processor.py:914} INFO - Processing file /Users/andreasanditya/Downloads/572392_Andreas_AirflowETL/code/.venv/lib/python3.9/site-packages/airflow/example_dags/example_external_task_marker_dag.py for tasks to queue
[2026-09-18T13:19:42.379+0700] {logging_mixin.py:190} INFO - [2026-09-18T13:19:42.379+0700] {dagbag.py:588} INFO - Filling up the DagBag from /Users/andreasanditya/Downloads/572392_Andreas_AirflowETL/code/.venv/lib/python3.9/site-packages/airflow/example_dags/example_external_task_marker_dag.py
[2026-09-18T13:19:42.386+0700] {processor.py:925} INFO - DAG(s) 'example_external_task_marker_child', 'example_external_task_marker_parent' retrieved from /Users/andreasanditya/Downloads/572392_Andreas_AirflowETL/code/.venv/lib/python3.9/site-packages/airflow/example_dags/example_external_task_marker_dag.py
[2026-09-18T13:19:42.735+0700] {logging_mixin.py:190} INFO - [2026-09-18T13:19:42.734+0700] {dag.py:3239} INFO - Sync 2 DAGs
[2026-09-18T13:19:42.741+0700] {logging_mixin.py:190} INFO - [2026-09-18T13:19:42.741+0700] {dag.py:4180} INFO - Setting next_dagrun for example_external_task_marker_child to None, run_after=None
[2026-09-18T13:19:42.742+0700] {logging_mixin.py:190} INFO - [2026-09-18T13:19:42.742+0700] {dag.py:4180} INFO - Setting next_dagrun for example_external_task_marker_parent to None, run_after=None
[2026-09-18T13:19:42.752+0700] {processor.py:208} INFO - Processing /Users/andreasanditya/Downloads/572392_Andreas_AirflowETL/code/.venv/lib/python3.9/site-packages/airflow/example_dags/example_external_task_marker_dag.py took 0.377 seconds
[2026-09-18T13:22:30.190+0700] {processor.py:186} INFO - Started process (PID=91108) to work on /Users/andreasanditya/Downloads/572392_Andreas_AirflowETL/code/.venv/lib/python3.9/site-packages/airflow/example_dags/example_external_task_marker_dag.py
[2026-09-18T13:22:30.191+0700] {processor.py:914} INFO - Processing file /Users/andreasanditya/Downloads/572392_Andreas_AirflowETL/code/.venv/lib/python3.9/site-packages/airflow/example_dags/example_external_task_marker_dag.py for tasks to queue
[2026-09-18T13:22:30.192+0700] {logging_mixin.py:190} INFO - [2026-09-18T13:22:30.192+0700] {dagbag.py:588} INFO - Filling up the DagBag from /Users/andreasanditya/Downloads/572392_Andreas_AirflowETL/code/.venv/lib/python3.9/site-packages/airflow/example_dags/example_external_task_marker_dag.py
[2026-09-18T13:22:30.198+0700] {processor.py:925} INFO - DAG(s) 'example_external_task_marker_parent', 'example_external_task_marker_child' retrieved from /Users/andreasanditya/Downloads/572392_Andreas_AirflowETL/code/.venv/lib/python3.9/site-packages/airflow/example_dags/example_external_task_marker_dag.py
[2026-09-18T13:22:30.488+0700] {logging_mixin.py:190} INFO - [2026-09-18T13:22:30.488+0700] {dag.py:3239} INFO - Sync 2 DAGs
[2026-09-18T13:22:30.494+0700] {logging_mixin.py:190} INFO - [2026-09-18T13:22:30.494+0700] {dag.py:4180} INFO - Setting next_dagrun for example_external_task_marker_child to None, run_after=None
[2026-09-18T13:22:30.496+0700] {logging_mixin.py:190} INFO - [2026-09-18T13:22:30.496+0700] {dag.py:4180} INFO - Setting next_dagrun for example_external_task_marker_parent to None, run_after=None
[2026-09-18T13:22:30.506+0700] {processor.py:208} INFO - Processing /Users/andreasanditya/Downloads/572392_Andreas_AirflowETL/code/.venv/lib/python3.9/site-packages/airflow/example_dags/example_external_task_marker_dag.py took 0.318 seconds
[2026-09-18T13:25:19.542+0700] {processor.py:186} INFO - Started process (PID=92842) to work on /Users/andreasanditya/Downloads/572392_Andreas_AirflowETL/code/.venv/lib/python3.9/site-packages/airflow/example_dags/example_external_task_marker_dag.py
[2026-09-18T13:25:19.543+0700] {processor.py:914} INFO - Processing file /Users/andreasanditya/Downloads/572392_Andreas_AirflowETL/code/.venv/lib/python3.9/site-packages/airflow/example_dags/example_external_task_marker_dag.py for tasks to queue
[2026-09-18T13:25:19.543+0700] {logging_mixin.py:190} INFO - [2026-09-18T13:25:19.543+0700] {dagbag.py:588} INFO - Filling up the DagBag from /Users/andreasanditya/Downloads/572392_Andreas_AirflowETL/code/.venv/lib/python3.9/site-packages/airflow/example_dags/example_external_task_marker_dag.py
[2026-09-18T13:25:19.551+0700] {processor.py:925} INFO - DAG(s) 'example_external_task_marker_parent', 'example_external_task_marker_child' retrieved from /Users/andreasanditya/Downloads/572392_Andreas_AirflowETL/code/.venv/lib/python3.9/site-packages/airflow/example_dags/example_external_task_marker_dag.py
[2026-09-18T13:25:19.911+0700] {logging_mixin.py:190} INFO - [2026-09-18T13:25:19.911+0700] {dag.py:3239} INFO - Sync 2 DAGs
[2026-09-18T13:25:19.919+0700] {logging_mixin.py:190} INFO - [2026-09-18T13:25:19.919+0700] {dag.py:4180} INFO - Setting next_dagrun for example_external_task_marker_child to None, run_after=None
[2026-09-18T13:25:19.921+0700] {logging_mixin.py:190} INFO - [2026-09-18T13:25:19.921+0700] {dag.py:4180} INFO - Setting next_dagrun for example_external_task_marker_parent to None, run_after=None
[2026-09-18T13:25:19.931+0700] {processor.py:208} INFO - Processing /Users/andreasanditya/Downloads/572392_Andreas_AirflowETL/code/.venv/lib/python3.9/site-packages/airflow/example_dags/example_external_task_marker_dag.py took 0.391 seconds
[2026-09-18T13:28:18.958+0700] {processor.py:186} INFO - Started process (PID=94879) to work on /Users/andreasanditya/Downloads/572392_Andreas_AirflowETL/code/.venv/lib/python3.9/site-packages/airflow/example_dags/example_external_task_marker_dag.py
[2026-09-18T13:28:18.961+0700] {processor.py:914} INFO - Processing file /Users/andreasanditya/Downloads/572392_Andreas_AirflowETL/code/.venv/lib/python3.9/site-packages/airflow/example_dags/example_external_task_marker_dag.py for tasks to queue
[2026-09-18T13:28:18.961+0700] {logging_mixin.py:190} INFO - [2026-09-18T13:28:18.961+0700] {dagbag.py:588} INFO - Filling up the DagBag from /Users/andreasanditya/Downloads/572392_Andreas_AirflowETL/code/.venv/lib/python3.9/site-packages/airflow/example_dags/example_external_task_marker_dag.py
[2026-09-18T13:28:18.968+0700] {processor.py:925} INFO - DAG(s) 'example_external_task_marker_parent', 'example_external_task_marker_child' retrieved from /Users/andreasanditya/Downloads/572392_Andreas_AirflowETL/code/.venv/lib/python3.9/site-packages/airflow/example_dags/example_external_task_marker_dag.py
[2026-09-18T13:28:19.327+0700] {logging_mixin.py:190} INFO - [2026-09-18T13:28:19.327+0700] {dag.py:3239} INFO - Sync 2 DAGs
[2026-09-18T13:28:19.334+0700] {logging_mixin.py:190} INFO - [2026-09-18T13:28:19.333+0700] {dag.py:4180} INFO - Setting next_dagrun for example_external_task_marker_child to None, run_after=None
[2026-09-18T13:28:19.336+0700] {logging_mixin.py:190} INFO - [2026-09-18T13:28:19.336+0700] {dag.py:4180} INFO - Setting next_dagrun for example_external_task_marker_parent to None, run_after=None
[2026-09-18T13:28:19.346+0700] {processor.py:208} INFO - Processing /Users/andreasanditya/Downloads/572392_Andreas_AirflowETL/code/.venv/lib/python3.9/site-packages/airflow/example_dags/example_external_task_marker_dag.py took 0.391 seconds
[2026-09-18T13:31:19.303+0700] {processor.py:186} INFO - Started process (PID=96935) to work on /Users/andreasanditya/Downloads/572392_Andreas_AirflowETL/code/.venv/lib/python3.9/site-packages/airflow/example_dags/example_external_task_marker_dag.py
[2026-09-18T13:31:19.304+0700] {processor.py:914} INFO - Processing file /Users/andreasanditya/Downloads/572392_Andreas_AirflowETL/code/.venv/lib/python3.9/site-packages/airflow/example_dags/example_external_task_marker_dag.py for tasks to queue
[2026-09-18T13:31:19.305+0700] {logging_mixin.py:190} INFO - [2026-09-18T13:31:19.305+0700] {dagbag.py:588} INFO - Filling up the DagBag from /Users/andreasanditya/Downloads/572392_Andreas_AirflowETL/code/.venv/lib/python3.9/site-packages/airflow/example_dags/example_external_task_marker_dag.py
[2026-09-18T13:31:19.313+0700] {processor.py:925} INFO - DAG(s) 'example_external_task_marker_child', 'example_external_task_marker_parent' retrieved from /Users/andreasanditya/Downloads/572392_Andreas_AirflowETL/code/.venv/lib/python3.9/site-packages/airflow/example_dags/example_external_task_marker_dag.py
[2026-09-18T13:31:19.667+0700] {logging_mixin.py:190} INFO - [2026-09-18T13:31:19.667+0700] {dag.py:3239} INFO - Sync 2 DAGs
[2026-09-18T13:31:19.673+0700] {logging_mixin.py:190} INFO - [2026-09-18T13:31:19.673+0700] {dag.py:4180} INFO - Setting next_dagrun for example_external_task_marker_child to None, run_after=None
[2026-09-18T13:31:19.675+0700] {logging_mixin.py:190} INFO - [2026-09-18T13:31:19.675+0700] {dag.py:4180} INFO - Setting next_dagrun for example_external_task_marker_parent to None, run_after=None
[2026-09-18T13:31:19.684+0700] {processor.py:208} INFO - Processing /Users/andreasanditya/Downloads/572392_Andreas_AirflowETL/code/.venv/lib/python3.9/site-packages/airflow/example_dags/example_external_task_marker_dag.py took 0.383 seconds
[2026-09-18T13:34:13.061+0700] {processor.py:186} INFO - Started process (PID=98728) to work on /Users/andreasanditya/Downloads/572392_Andreas_AirflowETL/code/.venv/lib/python3.9/site-packages/airflow/example_dags/example_external_task_marker_dag.py
[2026-09-18T13:34:13.062+0700] {processor.py:914} INFO - Processing file /Users/andreasanditya/Downloads/572392_Andreas_AirflowETL/code/.venv/lib/python3.9/site-packages/airflow/example_dags/example_external_task_marker_dag.py for tasks to queue
[2026-09-18T13:34:13.063+0700] {logging_mixin.py:190} INFO - [2026-09-18T13:34:13.062+0700] {dagbag.py:588} INFO - Filling up the DagBag from /Users/andreasanditya/Downloads/572392_Andreas_AirflowETL/code/.venv/lib/python3.9/site-packages/airflow/example_dags/example_external_task_marker_dag.py
[2026-09-18T13:34:13.069+0700] {processor.py:925} INFO - DAG(s) 'example_external_task_marker_parent', 'example_external_task_marker_child' retrieved from /Users/andreasanditya/Downloads/572392_Andreas_AirflowETL/code/.venv/lib/python3.9/site-packages/airflow/example_dags/example_external_task_marker_dag.py
[2026-09-18T13:34:13.432+0700] {logging_mixin.py:190} INFO - [2026-09-18T13:34:13.432+0700] {dag.py:3239} INFO - Sync 2 DAGs
[2026-09-18T13:34:13.438+0700] {logging_mixin.py:190} INFO - [2026-09-18T13:34:13.438+0700] {dag.py:4180} INFO - Setting next_dagrun for example_external_task_marker_child to None, run_after=None
[2026-09-18T13:34:13.440+0700] {logging_mixin.py:190} INFO - [2026-09-18T13:34:13.440+0700] {dag.py:4180} INFO - Setting next_dagrun for example_external_task_marker_parent to None, run_after=None
[2026-09-18T13:34:13.449+0700] {processor.py:208} INFO - Processing /Users/andreasanditya/Downloads/572392_Andreas_AirflowETL/code/.venv/lib/python3.9/site-packages/airflow/example_dags/example_external_task_marker_dag.py took 0.391 seconds
[2026-09-18T13:37:07.492+0700] {processor.py:186} INFO - Started process (PID=696) to work on /Users/andreasanditya/Downloads/572392_Andreas_AirflowETL/code/.venv/lib/python3.9/site-packages/airflow/example_dags/example_external_task_marker_dag.py
[2026-09-18T13:37:07.493+0700] {processor.py:914} INFO - Processing file /Users/andreasanditya/Downloads/572392_Andreas_AirflowETL/code/.venv/lib/python3.9/site-packages/airflow/example_dags/example_external_task_marker_dag.py for tasks to queue
[2026-09-18T13:37:07.493+0700] {logging_mixin.py:190} INFO - [2026-09-18T13:37:07.493+0700] {dagbag.py:588} INFO - Filling up the DagBag from /Users/andreasanditya/Downloads/572392_Andreas_AirflowETL/code/.venv/lib/python3.9/site-packages/airflow/example_dags/example_external_task_marker_dag.py
[2026-09-18T13:37:07.501+0700] {processor.py:925} INFO - DAG(s) 'example_external_task_marker_child', 'example_external_task_marker_parent' retrieved from /Users/andreasanditya/Downloads/572392_Andreas_AirflowETL/code/.venv/lib/python3.9/site-packages/airflow/example_dags/example_external_task_marker_dag.py
[2026-09-18T13:37:07.854+0700] {logging_mixin.py:190} INFO - [2026-09-18T13:37:07.854+0700] {dag.py:3239} INFO - Sync 2 DAGs
[2026-09-18T13:37:07.861+0700] {logging_mixin.py:190} INFO - [2026-09-18T13:37:07.860+0700] {dag.py:4180} INFO - Setting next_dagrun for example_external_task_marker_child to None, run_after=None
[2026-09-18T13:37:07.862+0700] {logging_mixin.py:190} INFO - [2026-09-18T13:37:07.862+0700] {dag.py:4180} INFO - Setting next_dagrun for example_external_task_marker_parent to None, run_after=None
[2026-09-18T13:37:07.871+0700] {processor.py:208} INFO - Processing /Users/andreasanditya/Downloads/572392_Andreas_AirflowETL/code/.venv/lib/python3.9/site-packages/airflow/example_dags/example_external_task_marker_dag.py took 0.382 seconds
