[2026-09-18T11:18:02.208+0700] {processor.py:186} INFO - Started process (PID=11005) to work on /Users/andreasanditya/Downloads/572392_Andreas_AirflowETL/code/.venv/lib/python3.9/site-packages/airflow/example_dags/example_display_name.py
[2026-09-18T11:18:02.208+0700] {processor.py:914} INFO - Processing file /Users/andreasanditya/Downloads/572392_Andreas_AirflowETL/code/.venv/lib/python3.9/site-packages/airflow/example_dags/example_display_name.py for tasks to queue
[2026-09-18T11:18:02.209+0700] {logging_mixin.py:190} INFO - [2026-09-18T11:18:02.209+0700] {dagbag.py:588} INFO - Filling up the DagBag from /Users/andreasanditya/Downloads/572392_Andreas_AirflowETL/code/.venv/lib/python3.9/site-packages/airflow/example_dags/example_display_name.py
[2026-09-18T11:18:02.256+0700] {processor.py:925} INFO - DAG(s) 'example_display_name' retrieved from /Users/andreasanditya/Downloads/572392_Andreas_AirflowETL/code/.venv/lib/python3.9/site-packages/airflow/example_dags/example_display_name.py
[2026-09-18T11:18:02.363+0700] {logging_mixin.py:190} INFO - [2026-09-18T11:18:02.363+0700] {override.py:1912} INFO - Created Permission View: can edit on DAG:example_display_name
[2026-09-18T11:18:02.369+0700] {logging_mixin.py:190} INFO - [2026-09-18T11:18:02.369+0700] {override.py:1912} INFO - Created Permission View: can delete on DAG:example_display_name
[2026-09-18T11:18:02.372+0700] {logging_mixin.py:190} INFO - [2026-09-18T11:18:02.372+0700] {override.py:1912} INFO - Created Permission View: can read on DAG:example_display_name
[2026-09-18T11:18:02.378+0700] {logging_mixin.py:190} INFO - [2026-09-18T11:18:02.378+0700] {override.py:1912} INFO - Created Permission View: can delete on DAG Run:example_display_name
[2026-09-18T11:18:02.381+0700] {logging_mixin.py:190} INFO - [2026-09-18T11:18:02.381+0700] {override.py:1912} INFO - Created Permission View: menu access on DAG Run:example_display_name
[2026-09-18T11:18:02.384+0700] {logging_mixin.py:190} INFO - [2026-09-18T11:18:02.384+0700] {override.py:1912} INFO - Created Permission View: can create on DAG Run:example_display_name
[2026-09-18T11:18:02.387+0700] {logging_mixin.py:190} INFO - [2026-09-18T11:18:02.387+0700] {override.py:1912} INFO - Created Permission View: can read on DAG Run:example_display_name
[2026-09-18T11:18:02.387+0700] {logging_mixin.py:190} INFO - [2026-09-18T11:18:02.387+0700] {dag.py:3239} INFO - Sync 1 DAGs
[2026-09-18T11:18:02.394+0700] {logging_mixin.py:190} INFO - [2026-09-18T11:18:02.394+0700] {dag.py:3262} INFO - Creating ORM DAG for example_display_name
[2026-09-18T11:18:02.394+0700] {logging_mixin.py:190} INFO - [2026-09-18T11:18:02.394+0700] {dag.py:4180} INFO - Setting next_dagrun for example_display_name to None, run_after=None
[2026-09-18T11:18:02.403+0700] {processor.py:208} INFO - Processing /Users/andreasanditya/Downloads/572392_Andreas_AirflowETL/code/.venv/lib/python3.9/site-packages/airflow/example_dags/example_display_name.py took 0.197 seconds
[2026-09-18T11:20:17.588+0700] {processor.py:186} INFO - Started process (PID=12522) to work on /Users/andreasanditya/Downloads/572392_Andreas_AirflowETL/code/.venv/lib/python3.9/site-packages/airflow/example_dags/example_display_name.py
[2026-09-18T11:20:17.589+0700] {processor.py:914} INFO - Processing file /Users/andreasanditya/Downloads/572392_Andreas_AirflowETL/code/.venv/lib/python3.9/site-packages/airflow/example_dags/example_display_name.py for tasks to queue
[2026-09-18T11:20:17.589+0700] {logging_mixin.py:190} INFO - [2026-09-18T11:20:17.589+0700] {dagbag.py:588} INFO - Filling up the DagBag from /Users/andreasanditya/Downloads/572392_Andreas_AirflowETL/code/.venv/lib/python3.9/site-packages/airflow/example_dags/example_display_name.py
[2026-09-18T11:20:17.635+0700] {processor.py:925} INFO - DAG(s) 'example_display_name' retrieved from /Users/andreasanditya/Downloads/572392_Andreas_AirflowETL/code/.venv/lib/python3.9/site-packages/airflow/example_dags/example_display_name.py
[2026-09-18T11:20:17.693+0700] {logging_mixin.py:190} INFO - [2026-09-18T11:20:17.693+0700] {dag.py:3239} INFO - Sync 1 DAGs
[2026-09-18T11:20:17.699+0700] {logging_mixin.py:190} INFO - [2026-09-18T11:20:17.699+0700] {dag.py:4180} INFO - Setting next_dagrun for example_display_name to None, run_after=None
[2026-09-18T11:20:17.709+0700] {processor.py:208} INFO - Processing /Users/andreasanditya/Downloads/572392_Andreas_AirflowETL/code/.venv/lib/python3.9/site-packages/airflow/example_dags/example_display_name.py took 0.123 seconds
[2026-09-18T11:25:15.802+0700] {processor.py:186} INFO - Started process (PID=15761) to work on /Users/andreasanditya/Downloads/572392_Andreas_AirflowETL/code/.venv/lib/python3.9/site-packages/airflow/example_dags/example_display_name.py
[2026-09-18T11:25:15.803+0700] {processor.py:914} INFO - Processing file /Users/andreasanditya/Downloads/572392_Andreas_AirflowETL/code/.venv/lib/python3.9/site-packages/airflow/example_dags/example_display_name.py for tasks to queue
[2026-09-18T11:25:15.803+0700] {logging_mixin.py:190} INFO - [2026-09-18T11:25:15.803+0700] {dagbag.py:588} INFO - Filling up the DagBag from /Users/andreasanditya/Downloads/572392_Andreas_AirflowETL/code/.venv/lib/python3.9/site-packages/airflow/example_dags/example_display_name.py
[2026-09-18T11:25:15.862+0700] {processor.py:925} INFO - DAG(s) 'example_display_name' retrieved from /Users/andreasanditya/Downloads/572392_Andreas_AirflowETL/code/.venv/lib/python3.9/site-packages/airflow/example_dags/example_display_name.py
[2026-09-18T11:25:15.920+0700] {logging_mixin.py:190} INFO - [2026-09-18T11:25:15.920+0700] {dag.py:3239} INFO - Sync 1 DAGs
[2026-09-18T11:25:15.926+0700] {logging_mixin.py:190} INFO - [2026-09-18T11:25:15.926+0700] {dag.py:4180} INFO - Setting next_dagrun for example_display_name to None, run_after=None
[2026-09-18T11:25:15.936+0700] {processor.py:208} INFO - Processing /Users/andreasanditya/Downloads/572392_Andreas_AirflowETL/code/.venv/lib/python3.9/site-packages/airflow/example_dags/example_display_name.py took 0.136 seconds
[2026-09-18T11:27:18.243+0700] {processor.py:186} INFO - Started process (PID=16985) to work on /Users/andreasanditya/Downloads/572392_Andreas_AirflowETL/code/.venv/lib/python3.9/site-packages/airflow/example_dags/example_display_name.py
[2026-09-18T11:27:18.245+0700] {processor.py:914} INFO - Processing file /Users/andreasanditya/Downloads/572392_Andreas_AirflowETL/code/.venv/lib/python3.9/site-packages/airflow/example_dags/example_display_name.py for tasks to queue
[2026-09-18T11:27:18.245+0700] {logging_mixin.py:190} INFO - [2026-09-18T11:27:18.245+0700] {dagbag.py:588} INFO - Filling up the DagBag from /Users/andreasanditya/Downloads/572392_Andreas_AirflowETL/code/.venv/lib/python3.9/site-packages/airflow/example_dags/example_display_name.py
[2026-09-18T11:27:18.292+0700] {processor.py:925} INFO - DAG(s) 'example_display_name' retrieved from /Users/andreasanditya/Downloads/572392_Andreas_AirflowETL/code/.venv/lib/python3.9/site-packages/airflow/example_dags/example_display_name.py
[2026-09-18T11:27:18.350+0700] {logging_mixin.py:190} INFO - [2026-09-18T11:27:18.350+0700] {dag.py:3239} INFO - Sync 1 DAGs
[2026-09-18T11:27:18.356+0700] {logging_mixin.py:190} INFO - [2026-09-18T11:27:18.356+0700] {dag.py:4180} INFO - Setting next_dagrun for example_display_name to None, run_after=None
[2026-09-18T11:27:18.367+0700] {processor.py:208} INFO - Processing /Users/andreasanditya/Downloads/572392_Andreas_AirflowETL/code/.venv/lib/python3.9/site-packages/airflow/example_dags/example_display_name.py took 0.126 seconds
[2026-09-18T11:30:16.070+0700] {processor.py:186} INFO - Started process (PID=18866) to work on /Users/andreasanditya/Downloads/572392_Andreas_AirflowETL/code/.venv/lib/python3.9/site-packages/airflow/example_dags/example_display_name.py
[2026-09-18T11:30:16.071+0700] {processor.py:914} INFO - Processing file /Users/andreasanditya/Downloads/572392_Andreas_AirflowETL/code/.venv/lib/python3.9/site-packages/airflow/example_dags/example_display_name.py for tasks to queue
[2026-09-18T11:30:16.072+0700] {logging_mixin.py:190} INFO - [2026-09-18T11:30:16.072+0700] {dagbag.py:588} INFO - Filling up the DagBag from /Users/andreasanditya/Downloads/572392_Andreas_AirflowETL/code/.venv/lib/python3.9/site-packages/airflow/example_dags/example_display_name.py
[2026-09-18T11:30:16.118+0700] {processor.py:925} INFO - DAG(s) 'example_display_name' retrieved from /Users/andreasanditya/Downloads/572392_Andreas_AirflowETL/code/.venv/lib/python3.9/site-packages/airflow/example_dags/example_display_name.py
[2026-09-18T11:30:16.179+0700] {logging_mixin.py:190} INFO - [2026-09-18T11:30:16.179+0700] {dag.py:3239} INFO - Sync 1 DAGs
[2026-09-18T11:30:16.186+0700] {logging_mixin.py:190} INFO - [2026-09-18T11:30:16.185+0700] {dag.py:4180} INFO - Setting next_dagrun for example_display_name to None, run_after=None
[2026-09-18T11:30:16.196+0700] {processor.py:208} INFO - Processing /Users/andreasanditya/Downloads/572392_Andreas_AirflowETL/code/.venv/lib/python3.9/site-packages/airflow/example_dags/example_display_name.py took 0.128 seconds
[2026-09-18T11:33:12.719+0700] {processor.py:186} INFO - Started process (PID=20702) to work on /Users/andreasanditya/Downloads/572392_Andreas_AirflowETL/code/.venv/lib/python3.9/site-packages/airflow/example_dags/example_display_name.py
[2026-09-18T11:33:12.720+0700] {processor.py:914} INFO - Processing file /Users/andreasanditya/Downloads/572392_Andreas_AirflowETL/code/.venv/lib/python3.9/site-packages/airflow/example_dags/example_display_name.py for tasks to queue
[2026-09-18T11:33:12.721+0700] {logging_mixin.py:190} INFO - [2026-09-18T11:33:12.720+0700] {dagbag.py:588} INFO - Filling up the DagBag from /Users/andreasanditya/Downloads/572392_Andreas_AirflowETL/code/.venv/lib/python3.9/site-packages/airflow/example_dags/example_display_name.py
[2026-09-18T11:33:12.766+0700] {processor.py:925} INFO - DAG(s) 'example_display_name' retrieved from /Users/andreasanditya/Downloads/572392_Andreas_AirflowETL/code/.venv/lib/python3.9/site-packages/airflow/example_dags/example_display_name.py
[2026-09-18T11:33:12.824+0700] {logging_mixin.py:190} INFO - [2026-09-18T11:33:12.824+0700] {dag.py:3239} INFO - Sync 1 DAGs
[2026-09-18T11:33:12.830+0700] {logging_mixin.py:190} INFO - [2026-09-18T11:33:12.830+0700] {dag.py:4180} INFO - Setting next_dagrun for example_display_name to None, run_after=None
[2026-09-18T11:33:12.842+0700] {processor.py:208} INFO - Processing /Users/andreasanditya/Downloads/572392_Andreas_AirflowETL/code/.venv/lib/python3.9/site-packages/airflow/example_dags/example_display_name.py took 0.125 seconds
[2026-09-18T11:36:08.018+0700] {processor.py:186} INFO - Started process (PID=22581) to work on /Users/andreasanditya/Downloads/572392_Andreas_AirflowETL/code/.venv/lib/python3.9/site-packages/airflow/example_dags/example_display_name.py
[2026-09-18T11:36:08.019+0700] {processor.py:914} INFO - Processing file /Users/andreasanditya/Downloads/572392_Andreas_AirflowETL/code/.venv/lib/python3.9/site-packages/airflow/example_dags/example_display_name.py for tasks to queue
[2026-09-18T11:36:08.020+0700] {logging_mixin.py:190} INFO - [2026-09-18T11:36:08.020+0700] {dagbag.py:588} INFO - Filling up the DagBag from /Users/andreasanditya/Downloads/572392_Andreas_AirflowETL/code/.venv/lib/python3.9/site-packages/airflow/example_dags/example_display_name.py
[2026-09-18T11:36:08.066+0700] {processor.py:925} INFO - DAG(s) 'example_display_name' retrieved from /Users/andreasanditya/Downloads/572392_Andreas_AirflowETL/code/.venv/lib/python3.9/site-packages/airflow/example_dags/example_display_name.py
[2026-09-18T11:36:08.124+0700] {logging_mixin.py:190} INFO - [2026-09-18T11:36:08.124+0700] {dag.py:3239} INFO - Sync 1 DAGs
[2026-09-18T11:36:08.130+0700] {logging_mixin.py:190} INFO - [2026-09-18T11:36:08.130+0700] {dag.py:4180} INFO - Setting next_dagrun for example_display_name to None, run_after=None
[2026-09-18T11:36:08.140+0700] {processor.py:208} INFO - Processing /Users/andreasanditya/Downloads/572392_Andreas_AirflowETL/code/.venv/lib/python3.9/site-packages/airflow/example_dags/example_display_name.py took 0.124 seconds
[2026-09-18T11:39:03.298+0700] {processor.py:186} INFO - Started process (PID=24429) to work on /Users/andreasanditya/Downloads/572392_Andreas_AirflowETL/code/.venv/lib/python3.9/site-packages/airflow/example_dags/example_display_name.py
[2026-09-18T11:39:03.300+0700] {processor.py:914} INFO - Processing file /Users/andreasanditya/Downloads/572392_Andreas_AirflowETL/code/.venv/lib/python3.9/site-packages/airflow/example_dags/example_display_name.py for tasks to queue
[2026-09-18T11:39:03.301+0700] {logging_mixin.py:190} INFO - [2026-09-18T11:39:03.300+0700] {dagbag.py:588} INFO - Filling up the DagBag from /Users/andreasanditya/Downloads/572392_Andreas_AirflowETL/code/.venv/lib/python3.9/site-packages/airflow/example_dags/example_display_name.py
[2026-09-18T11:39:03.345+0700] {processor.py:925} INFO - DAG(s) 'example_display_name' retrieved from /Users/andreasanditya/Downloads/572392_Andreas_AirflowETL/code/.venv/lib/python3.9/site-packages/airflow/example_dags/example_display_name.py
[2026-09-18T11:39:03.402+0700] {logging_mixin.py:190} INFO - [2026-09-18T11:39:03.402+0700] {dag.py:3239} INFO - Sync 1 DAGs
[2026-09-18T11:39:03.408+0700] {logging_mixin.py:190} INFO - [2026-09-18T11:39:03.408+0700] {dag.py:4180} INFO - Setting next_dagrun for example_display_name to None, run_after=None
[2026-09-18T11:39:03.418+0700] {processor.py:208} INFO - Processing /Users/andreasanditya/Downloads/572392_Andreas_AirflowETL/code/.venv/lib/python3.9/site-packages/airflow/example_dags/example_display_name.py took 0.122 seconds
[2026-09-18T11:42:02.103+0700] {processor.py:186} INFO - Started process (PID=26229) to work on /Users/andreasanditya/Downloads/572392_Andreas_AirflowETL/code/.venv/lib/python3.9/site-packages/airflow/example_dags/example_display_name.py
[2026-09-18T11:42:02.104+0700] {processor.py:914} INFO - Processing file /Users/andreasanditya/Downloads/572392_Andreas_AirflowETL/code/.venv/lib/python3.9/site-packages/airflow/example_dags/example_display_name.py for tasks to queue
[2026-09-18T11:42:02.104+0700] {logging_mixin.py:190} INFO - [2026-09-18T11:42:02.104+0700] {dagbag.py:588} INFO - Filling up the DagBag from /Users/andreasanditya/Downloads/572392_Andreas_AirflowETL/code/.venv/lib/python3.9/site-packages/airflow/example_dags/example_display_name.py
[2026-09-18T11:42:02.151+0700] {processor.py:925} INFO - DAG(s) 'example_display_name' retrieved from /Users/andreasanditya/Downloads/572392_Andreas_AirflowETL/code/.venv/lib/python3.9/site-packages/airflow/example_dags/example_display_name.py
[2026-09-18T11:42:02.215+0700] {logging_mixin.py:190} INFO - [2026-09-18T11:42:02.215+0700] {dag.py:3239} INFO - Sync 1 DAGs
[2026-09-18T11:42:02.221+0700] {logging_mixin.py:190} INFO - [2026-09-18T11:42:02.221+0700] {dag.py:4180} INFO - Setting next_dagrun for example_display_name to None, run_after=None
[2026-09-18T11:42:02.232+0700] {processor.py:208} INFO - Processing /Users/andreasanditya/Downloads/572392_Andreas_AirflowETL/code/.venv/lib/python3.9/site-packages/airflow/example_dags/example_display_name.py took 0.132 seconds
[2026-09-18T11:44:57.739+0700] {processor.py:186} INFO - Started process (PID=28048) to work on /Users/andreasanditya/Downloads/572392_Andreas_AirflowETL/code/.venv/lib/python3.9/site-packages/airflow/example_dags/example_display_name.py
[2026-09-18T11:44:57.741+0700] {processor.py:914} INFO - Processing file /Users/andreasanditya/Downloads/572392_Andreas_AirflowETL/code/.venv/lib/python3.9/site-packages/airflow/example_dags/example_display_name.py for tasks to queue
[2026-09-18T11:44:57.741+0700] {logging_mixin.py:190} INFO - [2026-09-18T11:44:57.741+0700] {dagbag.py:588} INFO - Filling up the DagBag from /Users/andreasanditya/Downloads/572392_Andreas_AirflowETL/code/.venv/lib/python3.9/site-packages/airflow/example_dags/example_display_name.py
[2026-09-18T11:44:57.787+0700] {processor.py:925} INFO - DAG(s) 'example_display_name' retrieved from /Users/andreasanditya/Downloads/572392_Andreas_AirflowETL/code/.venv/lib/python3.9/site-packages/airflow/example_dags/example_display_name.py
[2026-09-18T11:44:57.844+0700] {logging_mixin.py:190} INFO - [2026-09-18T11:44:57.844+0700] {dag.py:3239} INFO - Sync 1 DAGs
[2026-09-18T11:44:57.850+0700] {logging_mixin.py:190} INFO - [2026-09-18T11:44:57.850+0700] {dag.py:4180} INFO - Setting next_dagrun for example_display_name to None, run_after=None
[2026-09-18T11:44:57.862+0700] {processor.py:208} INFO - Processing /Users/andreasanditya/Downloads/572392_Andreas_AirflowETL/code/.venv/lib/python3.9/site-packages/airflow/example_dags/example_display_name.py took 0.124 seconds
[2026-09-18T11:47:49.869+0700] {processor.py:186} INFO - Started process (PID=29760) to work on /Users/andreasanditya/Downloads/572392_Andreas_AirflowETL/code/.venv/lib/python3.9/site-packages/airflow/example_dags/example_display_name.py
[2026-09-18T11:47:49.870+0700] {processor.py:914} INFO - Processing file /Users/andreasanditya/Downloads/572392_Andreas_AirflowETL/code/.venv/lib/python3.9/site-packages/airflow/example_dags/example_display_name.py for tasks to queue
[2026-09-18T11:47:49.871+0700] {logging_mixin.py:190} INFO - [2026-09-18T11:47:49.871+0700] {dagbag.py:588} INFO - Filling up the DagBag from /Users/andreasanditya/Downloads/572392_Andreas_AirflowETL/code/.venv/lib/python3.9/site-packages/airflow/example_dags/example_display_name.py
[2026-09-18T11:47:49.915+0700] {processor.py:925} INFO - DAG(s) 'example_display_name' retrieved from /Users/andreasanditya/Downloads/572392_Andreas_AirflowETL/code/.venv/lib/python3.9/site-packages/airflow/example_dags/example_display_name.py
[2026-09-18T11:47:49.973+0700] {logging_mixin.py:190} INFO - [2026-09-18T11:47:49.973+0700] {dag.py:3239} INFO - Sync 1 DAGs
[2026-09-18T11:47:49.979+0700] {logging_mixin.py:190} INFO - [2026-09-18T11:47:49.979+0700] {dag.py:4180} INFO - Setting next_dagrun for example_display_name to None, run_after=None
[2026-09-18T11:47:49.989+0700] {processor.py:208} INFO - Processing /Users/andreasanditya/Downloads/572392_Andreas_AirflowETL/code/.venv/lib/python3.9/site-packages/airflow/example_dags/example_display_name.py took 0.122 seconds
[2026-09-18T11:50:43.468+0700] {processor.py:186} INFO - Started process (PID=31523) to work on /Users/andreasanditya/Downloads/572392_Andreas_AirflowETL/code/.venv/lib/python3.9/site-packages/airflow/example_dags/example_display_name.py
[2026-09-18T11:50:43.469+0700] {processor.py:914} INFO - Processing file /Users/andreasanditya/Downloads/572392_Andreas_AirflowETL/code/.venv/lib/python3.9/site-packages/airflow/example_dags/example_display_name.py for tasks to queue
[2026-09-18T11:50:43.470+0700] {logging_mixin.py:190} INFO - [2026-09-18T11:50:43.470+0700] {dagbag.py:588} INFO - Filling up the DagBag from /Users/andreasanditya/Downloads/572392_Andreas_AirflowETL/code/.venv/lib/python3.9/site-packages/airflow/example_dags/example_display_name.py
[2026-09-18T11:50:43.515+0700] {processor.py:925} INFO - DAG(s) 'example_display_name' retrieved from /Users/andreasanditya/Downloads/572392_Andreas_AirflowETL/code/.venv/lib/python3.9/site-packages/airflow/example_dags/example_display_name.py
[2026-09-18T11:50:43.574+0700] {logging_mixin.py:190} INFO - [2026-09-18T11:50:43.574+0700] {dag.py:3239} INFO - Sync 1 DAGs
[2026-09-18T11:50:43.580+0700] {logging_mixin.py:190} INFO - [2026-09-18T11:50:43.580+0700] {dag.py:4180} INFO - Setting next_dagrun for example_display_name to None, run_after=None
[2026-09-18T11:50:43.590+0700] {processor.py:208} INFO - Processing /Users/andreasanditya/Downloads/572392_Andreas_AirflowETL/code/.venv/lib/python3.9/site-packages/airflow/example_dags/example_display_name.py took 0.124 seconds
[2026-09-18T11:53:34.942+0700] {processor.py:186} INFO - Started process (PID=33232) to work on /Users/andreasanditya/Downloads/572392_Andreas_AirflowETL/code/.venv/lib/python3.9/site-packages/airflow/example_dags/example_display_name.py
[2026-09-18T11:53:34.943+0700] {processor.py:914} INFO - Processing file /Users/andreasanditya/Downloads/572392_Andreas_AirflowETL/code/.venv/lib/python3.9/site-packages/airflow/example_dags/example_display_name.py for tasks to queue
[2026-09-18T11:53:34.943+0700] {logging_mixin.py:190} INFO - [2026-09-18T11:53:34.943+0700] {dagbag.py:588} INFO - Filling up the DagBag from /Users/andreasanditya/Downloads/572392_Andreas_AirflowETL/code/.venv/lib/python3.9/site-packages/airflow/example_dags/example_display_name.py
[2026-09-18T11:53:34.989+0700] {processor.py:925} INFO - DAG(s) 'example_display_name' retrieved from /Users/andreasanditya/Downloads/572392_Andreas_AirflowETL/code/.venv/lib/python3.9/site-packages/airflow/example_dags/example_display_name.py
[2026-09-18T11:53:35.047+0700] {logging_mixin.py:190} INFO - [2026-09-18T11:53:35.047+0700] {dag.py:3239} INFO - Sync 1 DAGs
[2026-09-18T11:53:35.053+0700] {logging_mixin.py:190} INFO - [2026-09-18T11:53:35.053+0700] {dag.py:4180} INFO - Setting next_dagrun for example_display_name to None, run_after=None
[2026-09-18T11:53:35.062+0700] {processor.py:208} INFO - Processing /Users/andreasanditya/Downloads/572392_Andreas_AirflowETL/code/.venv/lib/python3.9/site-packages/airflow/example_dags/example_display_name.py took 0.123 seconds
[2026-09-18T11:56:29.362+0700] {processor.py:186} INFO - Started process (PID=34990) to work on /Users/andreasanditya/Downloads/572392_Andreas_AirflowETL/code/.venv/lib/python3.9/site-packages/airflow/example_dags/example_display_name.py
[2026-09-18T11:56:29.363+0700] {processor.py:914} INFO - Processing file /Users/andreasanditya/Downloads/572392_Andreas_AirflowETL/code/.venv/lib/python3.9/site-packages/airflow/example_dags/example_display_name.py for tasks to queue
[2026-09-18T11:56:29.363+0700] {logging_mixin.py:190} INFO - [2026-09-18T11:56:29.363+0700] {dagbag.py:588} INFO - Filling up the DagBag from /Users/andreasanditya/Downloads/572392_Andreas_AirflowETL/code/.venv/lib/python3.9/site-packages/airflow/example_dags/example_display_name.py
[2026-09-18T11:56:29.409+0700] {processor.py:925} INFO - DAG(s) 'example_display_name' retrieved from /Users/andreasanditya/Downloads/572392_Andreas_AirflowETL/code/.venv/lib/python3.9/site-packages/airflow/example_dags/example_display_name.py
[2026-09-18T11:56:29.469+0700] {logging_mixin.py:190} INFO - [2026-09-18T11:56:29.469+0700] {dag.py:3239} INFO - Sync 1 DAGs
[2026-09-18T11:56:29.475+0700] {logging_mixin.py:190} INFO - [2026-09-18T11:56:29.475+0700] {dag.py:4180} INFO - Setting next_dagrun for example_display_name to None, run_after=None
[2026-09-18T11:56:29.485+0700] {processor.py:208} INFO - Processing /Users/andreasanditya/Downloads/572392_Andreas_AirflowETL/code/.venv/lib/python3.9/site-packages/airflow/example_dags/example_display_name.py took 0.125 seconds
[2026-09-18T11:59:21.019+0700] {processor.py:186} INFO - Started process (PID=36714) to work on /Users/andreasanditya/Downloads/572392_Andreas_AirflowETL/code/.venv/lib/python3.9/site-packages/airflow/example_dags/example_display_name.py
[2026-09-18T11:59:21.020+0700] {processor.py:914} INFO - Processing file /Users/andreasanditya/Downloads/572392_Andreas_AirflowETL/code/.venv/lib/python3.9/site-packages/airflow/example_dags/example_display_name.py for tasks to queue
[2026-09-18T11:59:21.021+0700] {logging_mixin.py:190} INFO - [2026-09-18T11:59:21.021+0700] {dagbag.py:588} INFO - Filling up the DagBag from /Users/andreasanditya/Downloads/572392_Andreas_AirflowETL/code/.venv/lib/python3.9/site-packages/airflow/example_dags/example_display_name.py
[2026-09-18T11:59:21.066+0700] {processor.py:925} INFO - DAG(s) 'example_display_name' retrieved from /Users/andreasanditya/Downloads/572392_Andreas_AirflowETL/code/.venv/lib/python3.9/site-packages/airflow/example_dags/example_display_name.py
[2026-09-18T11:59:21.124+0700] {logging_mixin.py:190} INFO - [2026-09-18T11:59:21.124+0700] {dag.py:3239} INFO - Sync 1 DAGs
[2026-09-18T11:59:21.130+0700] {logging_mixin.py:190} INFO - [2026-09-18T11:59:21.130+0700] {dag.py:4180} INFO - Setting next_dagrun for example_display_name to None, run_after=None
[2026-09-18T11:59:21.146+0700] {processor.py:208} INFO - Processing /Users/andreasanditya/Downloads/572392_Andreas_AirflowETL/code/.venv/lib/python3.9/site-packages/airflow/example_dags/example_display_name.py took 0.128 seconds
[2026-09-18T12:02:14.951+0700] {processor.py:186} INFO - Started process (PID=38458) to work on /Users/andreasanditya/Downloads/572392_Andreas_AirflowETL/code/.venv/lib/python3.9/site-packages/airflow/example_dags/example_display_name.py
[2026-09-18T12:02:14.953+0700] {processor.py:914} INFO - Processing file /Users/andreasanditya/Downloads/572392_Andreas_AirflowETL/code/.venv/lib/python3.9/site-packages/airflow/example_dags/example_display_name.py for tasks to queue
[2026-09-18T12:02:14.954+0700] {logging_mixin.py:190} INFO - [2026-09-18T12:02:14.954+0700] {dagbag.py:588} INFO - Filling up the DagBag from /Users/andreasanditya/Downloads/572392_Andreas_AirflowETL/code/.venv/lib/python3.9/site-packages/airflow/example_dags/example_display_name.py
[2026-09-18T12:02:14.998+0700] {processor.py:925} INFO - DAG(s) 'example_display_name' retrieved from /Users/andreasanditya/Downloads/572392_Andreas_AirflowETL/code/.venv/lib/python3.9/site-packages/airflow/example_dags/example_display_name.py
[2026-09-18T12:02:15.056+0700] {logging_mixin.py:190} INFO - [2026-09-18T12:02:15.056+0700] {dag.py:3239} INFO - Sync 1 DAGs
[2026-09-18T12:02:15.062+0700] {logging_mixin.py:190} INFO - [2026-09-18T12:02:15.062+0700] {dag.py:4180} INFO - Setting next_dagrun for example_display_name to None, run_after=None
[2026-09-18T12:02:15.072+0700] {processor.py:208} INFO - Processing /Users/andreasanditya/Downloads/572392_Andreas_AirflowETL/code/.venv/lib/python3.9/site-packages/airflow/example_dags/example_display_name.py took 0.123 seconds
[2026-09-18T12:05:08.705+0700] {processor.py:186} INFO - Started process (PID=40205) to work on /Users/andreasanditya/Downloads/572392_Andreas_AirflowETL/code/.venv/lib/python3.9/site-packages/airflow/example_dags/example_display_name.py
[2026-09-18T12:05:08.707+0700] {processor.py:914} INFO - Processing file /Users/andreasanditya/Downloads/572392_Andreas_AirflowETL/code/.venv/lib/python3.9/site-packages/airflow/example_dags/example_display_name.py for tasks to queue
[2026-09-18T12:05:08.707+0700] {logging_mixin.py:190} INFO - [2026-09-18T12:05:08.707+0700] {dagbag.py:588} INFO - Filling up the DagBag from /Users/andreasanditya/Downloads/572392_Andreas_AirflowETL/code/.venv/lib/python3.9/site-packages/airflow/example_dags/example_display_name.py
[2026-09-18T12:05:08.753+0700] {processor.py:925} INFO - DAG(s) 'example_display_name' retrieved from /Users/andreasanditya/Downloads/572392_Andreas_AirflowETL/code/.venv/lib/python3.9/site-packages/airflow/example_dags/example_display_name.py
[2026-09-18T12:05:08.810+0700] {logging_mixin.py:190} INFO - [2026-09-18T12:05:08.809+0700] {dag.py:3239} INFO - Sync 1 DAGs
[2026-09-18T12:05:08.815+0700] {logging_mixin.py:190} INFO - [2026-09-18T12:05:08.815+0700] {dag.py:4180} INFO - Setting next_dagrun for example_display_name to None, run_after=None
[2026-09-18T12:05:08.825+0700] {processor.py:208} INFO - Processing /Users/andreasanditya/Downloads/572392_Andreas_AirflowETL/code/.venv/lib/python3.9/site-packages/airflow/example_dags/example_display_name.py took 0.122 seconds
[2026-09-18T12:08:04.355+0700] {processor.py:186} INFO - Started process (PID=42034) to work on /Users/andreasanditya/Downloads/572392_Andreas_AirflowETL/code/.venv/lib/python3.9/site-packages/airflow/example_dags/example_display_name.py
[2026-09-18T12:08:04.356+0700] {processor.py:914} INFO - Processing file /Users/andreasanditya/Downloads/572392_Andreas_AirflowETL/code/.venv/lib/python3.9/site-packages/airflow/example_dags/example_display_name.py for tasks to queue
[2026-09-18T12:08:04.357+0700] {logging_mixin.py:190} INFO - [2026-09-18T12:08:04.356+0700] {dagbag.py:588} INFO - Filling up the DagBag from /Users/andreasanditya/Downloads/572392_Andreas_AirflowETL/code/.venv/lib/python3.9/site-packages/airflow/example_dags/example_display_name.py
[2026-09-18T12:08:04.404+0700] {processor.py:925} INFO - DAG(s) 'example_display_name' retrieved from /Users/andreasanditya/Downloads/572392_Andreas_AirflowETL/code/.venv/lib/python3.9/site-packages/airflow/example_dags/example_display_name.py
[2026-09-18T12:08:04.465+0700] {logging_mixin.py:190} INFO - [2026-09-18T12:08:04.465+0700] {dag.py:3239} INFO - Sync 1 DAGs
[2026-09-18T12:08:04.471+0700] {logging_mixin.py:190} INFO - [2026-09-18T12:08:04.471+0700] {dag.py:4180} INFO - Setting next_dagrun for example_display_name to None, run_after=None
[2026-09-18T12:08:04.481+0700] {processor.py:208} INFO - Processing /Users/andreasanditya/Downloads/572392_Andreas_AirflowETL/code/.venv/lib/python3.9/site-packages/airflow/example_dags/example_display_name.py took 0.128 seconds
[2026-09-18T12:10:56.408+0700] {processor.py:186} INFO - Started process (PID=43774) to work on /Users/andreasanditya/Downloads/572392_Andreas_AirflowETL/code/.venv/lib/python3.9/site-packages/airflow/example_dags/example_display_name.py
[2026-09-18T12:10:56.410+0700] {processor.py:914} INFO - Processing file /Users/andreasanditya/Downloads/572392_Andreas_AirflowETL/code/.venv/lib/python3.9/site-packages/airflow/example_dags/example_display_name.py for tasks to queue
[2026-09-18T12:10:56.410+0700] {logging_mixin.py:190} INFO - [2026-09-18T12:10:56.410+0700] {dagbag.py:588} INFO - Filling up the DagBag from /Users/andreasanditya/Downloads/572392_Andreas_AirflowETL/code/.venv/lib/python3.9/site-packages/airflow/example_dags/example_display_name.py
[2026-09-18T12:10:56.459+0700] {processor.py:925} INFO - DAG(s) 'example_display_name' retrieved from /Users/andreasanditya/Downloads/572392_Andreas_AirflowETL/code/.venv/lib/python3.9/site-packages/airflow/example_dags/example_display_name.py
[2026-09-18T12:10:56.521+0700] {logging_mixin.py:190} INFO - [2026-09-18T12:10:56.520+0700] {dag.py:3239} INFO - Sync 1 DAGs
[2026-09-18T12:10:56.526+0700] {logging_mixin.py:190} INFO - [2026-09-18T12:10:56.526+0700] {dag.py:4180} INFO - Setting next_dagrun for example_display_name to None, run_after=None
[2026-09-18T12:10:56.538+0700] {processor.py:208} INFO - Processing /Users/andreasanditya/Downloads/572392_Andreas_AirflowETL/code/.venv/lib/python3.9/site-packages/airflow/example_dags/example_display_name.py took 0.132 seconds
[2026-09-18T12:13:55.089+0700] {processor.py:186} INFO - Started process (PID=46356) to work on /Users/andreasanditya/Downloads/572392_Andreas_AirflowETL/code/.venv/lib/python3.9/site-packages/airflow/example_dags/example_display_name.py
[2026-09-18T12:13:55.092+0700] {processor.py:914} INFO - Processing file /Users/andreasanditya/Downloads/572392_Andreas_AirflowETL/code/.venv/lib/python3.9/site-packages/airflow/example_dags/example_display_name.py for tasks to queue
[2026-09-18T12:13:55.092+0700] {logging_mixin.py:190} INFO - [2026-09-18T12:13:55.092+0700] {dagbag.py:588} INFO - Filling up the DagBag from /Users/andreasanditya/Downloads/572392_Andreas_AirflowETL/code/.venv/lib/python3.9/site-packages/airflow/example_dags/example_display_name.py
[2026-09-18T12:13:55.140+0700] {processor.py:925} INFO - DAG(s) 'example_display_name' retrieved from /Users/andreasanditya/Downloads/572392_Andreas_AirflowETL/code/.venv/lib/python3.9/site-packages/airflow/example_dags/example_display_name.py
[2026-09-18T12:13:55.204+0700] {logging_mixin.py:190} INFO - [2026-09-18T12:13:55.204+0700] {dag.py:3239} INFO - Sync 1 DAGs
[2026-09-18T12:13:55.211+0700] {logging_mixin.py:190} INFO - [2026-09-18T12:13:55.211+0700] {dag.py:4180} INFO - Setting next_dagrun for example_display_name to None, run_after=None
[2026-09-18T12:13:55.222+0700] {processor.py:208} INFO - Processing /Users/andreasanditya/Downloads/572392_Andreas_AirflowETL/code/.venv/lib/python3.9/site-packages/airflow/example_dags/example_display_name.py took 0.135 seconds
