[2026-09-18T11:18:29.791+0700] {processor.py:186} INFO - Started process (PID=11317) to work on /Users/andreasanditya/Downloads/572392_Andreas_AirflowETL/code/.venv/lib/python3.9/site-packages/airflow/example_dags/example_bash_decorator.py
[2026-09-18T11:18:29.792+0700] {processor.py:914} INFO - Processing file /Users/andreasanditya/Downloads/572392_Andreas_AirflowETL/code/.venv/lib/python3.9/site-packages/airflow/example_dags/example_bash_decorator.py for tasks to queue
[2026-09-18T11:18:29.793+0700] {logging_mixin.py:190} INFO - [2026-09-18T11:18:29.793+0700] {dagbag.py:588} INFO - Filling up the DagBag from /Users/andreasanditya/Downloads/572392_Andreas_AirflowETL/code/.venv/lib/python3.9/site-packages/airflow/example_dags/example_bash_decorator.py
[2026-09-18T11:18:29.846+0700] {processor.py:925} INFO - DAG(s) 'example_bash_decorator' retrieved from /Users/andreasanditya/Downloads/572392_Andreas_AirflowETL/code/.venv/lib/python3.9/site-packages/airflow/example_dags/example_bash_decorator.py
[2026-09-18T11:18:29.954+0700] {logging_mixin.py:190} INFO - [2026-09-18T11:18:29.954+0700] {override.py:1912} INFO - Created Permission View: can edit on DAG:example_bash_decorator
[2026-09-18T11:18:29.959+0700] {logging_mixin.py:190} INFO - [2026-09-18T11:18:29.958+0700] {override.py:1912} INFO - Created Permission View: can read on DAG:example_bash_decorator
[2026-09-18T11:18:29.962+0700] {logging_mixin.py:190} INFO - [2026-09-18T11:18:29.962+0700] {override.py:1912} INFO - Created Permission View: can delete on DAG:example_bash_decorator
[2026-09-18T11:18:29.965+0700] {logging_mixin.py:190} INFO - [2026-09-18T11:18:29.965+0700] {override.py:1912} INFO - Created Permission View: can delete on DAG Run:example_bash_decorator
[2026-09-18T11:18:29.968+0700] {logging_mixin.py:190} INFO - [2026-09-18T11:18:29.968+0700] {override.py:1912} INFO - Created Permission View: can create on DAG Run:example_bash_decorator
[2026-09-18T11:18:29.971+0700] {logging_mixin.py:190} INFO - [2026-09-18T11:18:29.971+0700] {override.py:1912} INFO - Created Permission View: can read on DAG Run:example_bash_decorator
[2026-09-18T11:18:29.974+0700] {logging_mixin.py:190} INFO - [2026-09-18T11:18:29.974+0700] {override.py:1912} INFO - Created Permission View: menu access on DAG Run:example_bash_decorator
[2026-09-18T11:18:29.974+0700] {logging_mixin.py:190} INFO - [2026-09-18T11:18:29.974+0700] {dag.py:3239} INFO - Sync 1 DAGs
[2026-09-18T11:18:29.981+0700] {logging_mixin.py:190} INFO - [2026-09-18T11:18:29.981+0700] {dag.py:3262} INFO - Creating ORM DAG for example_bash_decorator
[2026-09-18T11:18:29.981+0700] {logging_mixin.py:190} INFO - [2026-09-18T11:18:29.981+0700] {dag.py:4180} INFO - Setting next_dagrun for example_bash_decorator to None, run_after=None
[2026-09-18T11:18:29.989+0700] {processor.py:208} INFO - Processing /Users/andreasanditya/Downloads/572392_Andreas_AirflowETL/code/.venv/lib/python3.9/site-packages/airflow/example_dags/example_bash_decorator.py took 0.200 seconds
[2026-09-18T11:21:46.688+0700] {processor.py:186} INFO - Started process (PID=13480) to work on /Users/andreasanditya/Downloads/572392_Andreas_AirflowETL/code/.venv/lib/python3.9/site-packages/airflow/example_dags/example_bash_decorator.py
[2026-09-18T11:21:46.689+0700] {processor.py:914} INFO - Processing file /Users/andreasanditya/Downloads/572392_Andreas_AirflowETL/code/.venv/lib/python3.9/site-packages/airflow/example_dags/example_bash_decorator.py for tasks to queue
[2026-09-18T11:21:46.690+0700] {logging_mixin.py:190} INFO - [2026-09-18T11:21:46.690+0700] {dagbag.py:588} INFO - Filling up the DagBag from /Users/andreasanditya/Downloads/572392_Andreas_AirflowETL/code/.venv/lib/python3.9/site-packages/airflow/example_dags/example_bash_decorator.py
[2026-09-18T11:21:46.745+0700] {processor.py:925} INFO - DAG(s) 'example_bash_decorator' retrieved from /Users/andreasanditya/Downloads/572392_Andreas_AirflowETL/code/.venv/lib/python3.9/site-packages/airflow/example_dags/example_bash_decorator.py
[2026-09-18T11:21:46.877+0700] {logging_mixin.py:190} INFO - [2026-09-18T11:21:46.877+0700] {dag.py:3239} INFO - Sync 1 DAGs
[2026-09-18T11:21:46.883+0700] {logging_mixin.py:190} INFO - [2026-09-18T11:21:46.883+0700] {dag.py:4180} INFO - Setting next_dagrun for example_bash_decorator to None, run_after=None
[2026-09-18T11:21:46.894+0700] {processor.py:208} INFO - Processing /Users/andreasanditya/Downloads/572392_Andreas_AirflowETL/code/.venv/lib/python3.9/site-packages/airflow/example_dags/example_bash_decorator.py took 0.208 seconds
[2026-09-18T11:25:47.712+0700] {processor.py:186} INFO - Started process (PID=16081) to work on /Users/andreasanditya/Downloads/572392_Andreas_AirflowETL/code/.venv/lib/python3.9/site-packages/airflow/example_dags/example_bash_decorator.py
[2026-09-18T11:25:47.713+0700] {processor.py:914} INFO - Processing file /Users/andreasanditya/Downloads/572392_Andreas_AirflowETL/code/.venv/lib/python3.9/site-packages/airflow/example_dags/example_bash_decorator.py for tasks to queue
[2026-09-18T11:25:47.714+0700] {logging_mixin.py:190} INFO - [2026-09-18T11:25:47.713+0700] {dagbag.py:588} INFO - Filling up the DagBag from /Users/andreasanditya/Downloads/572392_Andreas_AirflowETL/code/.venv/lib/python3.9/site-packages/airflow/example_dags/example_bash_decorator.py
[2026-09-18T11:25:47.768+0700] {processor.py:925} INFO - DAG(s) 'example_bash_decorator' retrieved from /Users/andreasanditya/Downloads/572392_Andreas_AirflowETL/code/.venv/lib/python3.9/site-packages/airflow/example_dags/example_bash_decorator.py
[2026-09-18T11:25:47.909+0700] {logging_mixin.py:190} INFO - [2026-09-18T11:25:47.908+0700] {dag.py:3239} INFO - Sync 1 DAGs
[2026-09-18T11:25:47.914+0700] {logging_mixin.py:190} INFO - [2026-09-18T11:25:47.914+0700] {dag.py:4180} INFO - Setting next_dagrun for example_bash_decorator to None, run_after=None
[2026-09-18T11:25:47.924+0700] {processor.py:208} INFO - Processing /Users/andreasanditya/Downloads/572392_Andreas_AirflowETL/code/.venv/lib/python3.9/site-packages/airflow/example_dags/example_bash_decorator.py took 0.214 seconds
[2026-09-18T11:28:49.489+0700] {processor.py:186} INFO - Started process (PID=17916) to work on /Users/andreasanditya/Downloads/572392_Andreas_AirflowETL/code/.venv/lib/python3.9/site-packages/airflow/example_dags/example_bash_decorator.py
[2026-09-18T11:28:49.490+0700] {processor.py:914} INFO - Processing file /Users/andreasanditya/Downloads/572392_Andreas_AirflowETL/code/.venv/lib/python3.9/site-packages/airflow/example_dags/example_bash_decorator.py for tasks to queue
[2026-09-18T11:28:49.491+0700] {logging_mixin.py:190} INFO - [2026-09-18T11:28:49.491+0700] {dagbag.py:588} INFO - Filling up the DagBag from /Users/andreasanditya/Downloads/572392_Andreas_AirflowETL/code/.venv/lib/python3.9/site-packages/airflow/example_dags/example_bash_decorator.py
[2026-09-18T11:28:49.547+0700] {processor.py:925} INFO - DAG(s) 'example_bash_decorator' retrieved from /Users/andreasanditya/Downloads/572392_Andreas_AirflowETL/code/.venv/lib/python3.9/site-packages/airflow/example_dags/example_bash_decorator.py
[2026-09-18T11:28:49.681+0700] {logging_mixin.py:190} INFO - [2026-09-18T11:28:49.681+0700] {dag.py:3239} INFO - Sync 1 DAGs
[2026-09-18T11:28:49.686+0700] {logging_mixin.py:190} INFO - [2026-09-18T11:28:49.686+0700] {dag.py:4180} INFO - Setting next_dagrun for example_bash_decorator to None, run_after=None
[2026-09-18T11:28:49.697+0700] {processor.py:208} INFO - Processing /Users/andreasanditya/Downloads/572392_Andreas_AirflowETL/code/.venv/lib/python3.9/site-packages/airflow/example_dags/example_bash_decorator.py took 0.210 seconds
[2026-09-18T11:31:47.666+0700] {processor.py:186} INFO - Started process (PID=19795) to work on /Users/andreasanditya/Downloads/572392_Andreas_AirflowETL/code/.venv/lib/python3.9/site-packages/airflow/example_dags/example_bash_decorator.py
[2026-09-18T11:31:47.667+0700] {processor.py:914} INFO - Processing file /Users/andreasanditya/Downloads/572392_Andreas_AirflowETL/code/.venv/lib/python3.9/site-packages/airflow/example_dags/example_bash_decorator.py for tasks to queue
[2026-09-18T11:31:47.668+0700] {logging_mixin.py:190} INFO - [2026-09-18T11:31:47.668+0700] {dagbag.py:588} INFO - Filling up the DagBag from /Users/andreasanditya/Downloads/572392_Andreas_AirflowETL/code/.venv/lib/python3.9/site-packages/airflow/example_dags/example_bash_decorator.py
[2026-09-18T11:31:47.729+0700] {processor.py:925} INFO - DAG(s) 'example_bash_decorator' retrieved from /Users/andreasanditya/Downloads/572392_Andreas_AirflowETL/code/.venv/lib/python3.9/site-packages/airflow/example_dags/example_bash_decorator.py
[2026-09-18T11:31:47.860+0700] {logging_mixin.py:190} INFO - [2026-09-18T11:31:47.859+0700] {dag.py:3239} INFO - Sync 1 DAGs
[2026-09-18T11:31:47.865+0700] {logging_mixin.py:190} INFO - [2026-09-18T11:31:47.865+0700] {dag.py:4180} INFO - Setting next_dagrun for example_bash_decorator to None, run_after=None
[2026-09-18T11:31:47.876+0700] {processor.py:208} INFO - Processing /Users/andreasanditya/Downloads/572392_Andreas_AirflowETL/code/.venv/lib/python3.9/site-packages/airflow/example_dags/example_bash_decorator.py took 0.213 seconds
[2026-09-18T11:34:42.517+0700] {processor.py:186} INFO - Started process (PID=21667) to work on /Users/andreasanditya/Downloads/572392_Andreas_AirflowETL/code/.venv/lib/python3.9/site-packages/airflow/example_dags/example_bash_decorator.py
[2026-09-18T11:34:42.519+0700] {processor.py:914} INFO - Processing file /Users/andreasanditya/Downloads/572392_Andreas_AirflowETL/code/.venv/lib/python3.9/site-packages/airflow/example_dags/example_bash_decorator.py for tasks to queue
[2026-09-18T11:34:42.519+0700] {logging_mixin.py:190} INFO - [2026-09-18T11:34:42.519+0700] {dagbag.py:588} INFO - Filling up the DagBag from /Users/andreasanditya/Downloads/572392_Andreas_AirflowETL/code/.venv/lib/python3.9/site-packages/airflow/example_dags/example_bash_decorator.py
[2026-09-18T11:34:42.576+0700] {processor.py:925} INFO - DAG(s) 'example_bash_decorator' retrieved from /Users/andreasanditya/Downloads/572392_Andreas_AirflowETL/code/.venv/lib/python3.9/site-packages/airflow/example_dags/example_bash_decorator.py
[2026-09-18T11:34:42.705+0700] {logging_mixin.py:190} INFO - [2026-09-18T11:34:42.705+0700] {dag.py:3239} INFO - Sync 1 DAGs
[2026-09-18T11:34:42.711+0700] {logging_mixin.py:190} INFO - [2026-09-18T11:34:42.711+0700] {dag.py:4180} INFO - Setting next_dagrun for example_bash_decorator to None, run_after=None
[2026-09-18T11:34:42.724+0700] {processor.py:208} INFO - Processing /Users/andreasanditya/Downloads/572392_Andreas_AirflowETL/code/.venv/lib/python3.9/site-packages/airflow/example_dags/example_bash_decorator.py took 0.209 seconds
[2026-09-18T11:37:39.053+0700] {processor.py:186} INFO - Started process (PID=23537) to work on /Users/andreasanditya/Downloads/572392_Andreas_AirflowETL/code/.venv/lib/python3.9/site-packages/airflow/example_dags/example_bash_decorator.py
[2026-09-18T11:37:39.055+0700] {processor.py:914} INFO - Processing file /Users/andreasanditya/Downloads/572392_Andreas_AirflowETL/code/.venv/lib/python3.9/site-packages/airflow/example_dags/example_bash_decorator.py for tasks to queue
[2026-09-18T11:37:39.055+0700] {logging_mixin.py:190} INFO - [2026-09-18T11:37:39.055+0700] {dagbag.py:588} INFO - Filling up the DagBag from /Users/andreasanditya/Downloads/572392_Andreas_AirflowETL/code/.venv/lib/python3.9/site-packages/airflow/example_dags/example_bash_decorator.py
[2026-09-18T11:37:39.106+0700] {processor.py:925} INFO - DAG(s) 'example_bash_decorator' retrieved from /Users/andreasanditya/Downloads/572392_Andreas_AirflowETL/code/.venv/lib/python3.9/site-packages/airflow/example_dags/example_bash_decorator.py
[2026-09-18T11:37:39.237+0700] {logging_mixin.py:190} INFO - [2026-09-18T11:37:39.237+0700] {dag.py:3239} INFO - Sync 1 DAGs
[2026-09-18T11:37:39.242+0700] {logging_mixin.py:190} INFO - [2026-09-18T11:37:39.242+0700] {dag.py:4180} INFO - Setting next_dagrun for example_bash_decorator to None, run_after=None
[2026-09-18T11:37:39.253+0700] {processor.py:208} INFO - Processing /Users/andreasanditya/Downloads/572392_Andreas_AirflowETL/code/.venv/lib/python3.9/site-packages/airflow/example_dags/example_bash_decorator.py took 0.202 seconds
[2026-09-18T11:40:33.738+0700] {processor.py:186} INFO - Started process (PID=25357) to work on /Users/andreasanditya/Downloads/572392_Andreas_AirflowETL/code/.venv/lib/python3.9/site-packages/airflow/example_dags/example_bash_decorator.py
[2026-09-18T11:40:33.739+0700] {processor.py:914} INFO - Processing file /Users/andreasanditya/Downloads/572392_Andreas_AirflowETL/code/.venv/lib/python3.9/site-packages/airflow/example_dags/example_bash_decorator.py for tasks to queue
[2026-09-18T11:40:33.740+0700] {logging_mixin.py:190} INFO - [2026-09-18T11:40:33.740+0700] {dagbag.py:588} INFO - Filling up the DagBag from /Users/andreasanditya/Downloads/572392_Andreas_AirflowETL/code/.venv/lib/python3.9/site-packages/airflow/example_dags/example_bash_decorator.py
[2026-09-18T11:40:33.795+0700] {processor.py:925} INFO - DAG(s) 'example_bash_decorator' retrieved from /Users/andreasanditya/Downloads/572392_Andreas_AirflowETL/code/.venv/lib/python3.9/site-packages/airflow/example_dags/example_bash_decorator.py
[2026-09-18T11:40:33.923+0700] {logging_mixin.py:190} INFO - [2026-09-18T11:40:33.922+0700] {dag.py:3239} INFO - Sync 1 DAGs
[2026-09-18T11:40:33.928+0700] {logging_mixin.py:190} INFO - [2026-09-18T11:40:33.928+0700] {dag.py:4180} INFO - Setting next_dagrun for example_bash_decorator to None, run_after=None
[2026-09-18T11:40:33.939+0700] {processor.py:208} INFO - Processing /Users/andreasanditya/Downloads/572392_Andreas_AirflowETL/code/.venv/lib/python3.9/site-packages/airflow/example_dags/example_bash_decorator.py took 0.202 seconds
[2026-09-18T11:43:31.553+0700] {processor.py:186} INFO - Started process (PID=27145) to work on /Users/andreasanditya/Downloads/572392_Andreas_AirflowETL/code/.venv/lib/python3.9/site-packages/airflow/example_dags/example_bash_decorator.py
[2026-09-18T11:43:31.554+0700] {processor.py:914} INFO - Processing file /Users/andreasanditya/Downloads/572392_Andreas_AirflowETL/code/.venv/lib/python3.9/site-packages/airflow/example_dags/example_bash_decorator.py for tasks to queue
[2026-09-18T11:43:31.555+0700] {logging_mixin.py:190} INFO - [2026-09-18T11:43:31.555+0700] {dagbag.py:588} INFO - Filling up the DagBag from /Users/andreasanditya/Downloads/572392_Andreas_AirflowETL/code/.venv/lib/python3.9/site-packages/airflow/example_dags/example_bash_decorator.py
[2026-09-18T11:43:31.605+0700] {processor.py:925} INFO - DAG(s) 'example_bash_decorator' retrieved from /Users/andreasanditya/Downloads/572392_Andreas_AirflowETL/code/.venv/lib/python3.9/site-packages/airflow/example_dags/example_bash_decorator.py
[2026-09-18T11:43:31.712+0700] {logging_mixin.py:190} INFO - [2026-09-18T11:43:31.712+0700] {dag.py:3239} INFO - Sync 1 DAGs
[2026-09-18T11:43:31.718+0700] {logging_mixin.py:190} INFO - [2026-09-18T11:43:31.718+0700] {dag.py:4180} INFO - Setting next_dagrun for example_bash_decorator to None, run_after=None
[2026-09-18T11:43:31.728+0700] {processor.py:208} INFO - Processing /Users/andreasanditya/Downloads/572392_Andreas_AirflowETL/code/.venv/lib/python3.9/site-packages/airflow/example_dags/example_bash_decorator.py took 0.177 seconds
[2026-09-18T11:46:25.875+0700] {processor.py:186} INFO - Started process (PID=28869) to work on /Users/andreasanditya/Downloads/572392_Andreas_AirflowETL/code/.venv/lib/python3.9/site-packages/airflow/example_dags/example_bash_decorator.py
[2026-09-18T11:46:25.876+0700] {processor.py:914} INFO - Processing file /Users/andreasanditya/Downloads/572392_Andreas_AirflowETL/code/.venv/lib/python3.9/site-packages/airflow/example_dags/example_bash_decorator.py for tasks to queue
[2026-09-18T11:46:25.877+0700] {logging_mixin.py:190} INFO - [2026-09-18T11:46:25.877+0700] {dagbag.py:588} INFO - Filling up the DagBag from /Users/andreasanditya/Downloads/572392_Andreas_AirflowETL/code/.venv/lib/python3.9/site-packages/airflow/example_dags/example_bash_decorator.py
[2026-09-18T11:46:25.924+0700] {processor.py:925} INFO - DAG(s) 'example_bash_decorator' retrieved from /Users/andreasanditya/Downloads/572392_Andreas_AirflowETL/code/.venv/lib/python3.9/site-packages/airflow/example_dags/example_bash_decorator.py
[2026-09-18T11:46:26.030+0700] {logging_mixin.py:190} INFO - [2026-09-18T11:46:26.030+0700] {dag.py:3239} INFO - Sync 1 DAGs
[2026-09-18T11:46:26.036+0700] {logging_mixin.py:190} INFO - [2026-09-18T11:46:26.036+0700] {dag.py:4180} INFO - Setting next_dagrun for example_bash_decorator to None, run_after=None
[2026-09-18T11:46:26.046+0700] {processor.py:208} INFO - Processing /Users/andreasanditya/Downloads/572392_Andreas_AirflowETL/code/.venv/lib/python3.9/site-packages/airflow/example_dags/example_bash_decorator.py took 0.173 seconds
[2026-09-18T11:49:19.160+0700] {processor.py:186} INFO - Started process (PID=30695) to work on /Users/andreasanditya/Downloads/572392_Andreas_AirflowETL/code/.venv/lib/python3.9/site-packages/airflow/example_dags/example_bash_decorator.py
[2026-09-18T11:49:19.162+0700] {processor.py:914} INFO - Processing file /Users/andreasanditya/Downloads/572392_Andreas_AirflowETL/code/.venv/lib/python3.9/site-packages/airflow/example_dags/example_bash_decorator.py for tasks to queue
[2026-09-18T11:49:19.163+0700] {logging_mixin.py:190} INFO - [2026-09-18T11:49:19.163+0700] {dagbag.py:588} INFO - Filling up the DagBag from /Users/andreasanditya/Downloads/572392_Andreas_AirflowETL/code/.venv/lib/python3.9/site-packages/airflow/example_dags/example_bash_decorator.py
[2026-09-18T11:49:19.212+0700] {processor.py:925} INFO - DAG(s) 'example_bash_decorator' retrieved from /Users/andreasanditya/Downloads/572392_Andreas_AirflowETL/code/.venv/lib/python3.9/site-packages/airflow/example_dags/example_bash_decorator.py
[2026-09-18T11:49:19.318+0700] {logging_mixin.py:190} INFO - [2026-09-18T11:49:19.318+0700] {dag.py:3239} INFO - Sync 1 DAGs
[2026-09-18T11:49:19.324+0700] {logging_mixin.py:190} INFO - [2026-09-18T11:49:19.324+0700] {dag.py:4180} INFO - Setting next_dagrun for example_bash_decorator to None, run_after=None
[2026-09-18T11:49:19.334+0700] {processor.py:208} INFO - Processing /Users/andreasanditya/Downloads/572392_Andreas_AirflowETL/code/.venv/lib/python3.9/site-packages/airflow/example_dags/example_bash_decorator.py took 0.175 seconds
[2026-09-18T11:52:10.020+0700] {processor.py:186} INFO - Started process (PID=32345) to work on /Users/andreasanditya/Downloads/572392_Andreas_AirflowETL/code/.venv/lib/python3.9/site-packages/airflow/example_dags/example_bash_decorator.py
[2026-09-18T11:52:10.021+0700] {processor.py:914} INFO - Processing file /Users/andreasanditya/Downloads/572392_Andreas_AirflowETL/code/.venv/lib/python3.9/site-packages/airflow/example_dags/example_bash_decorator.py for tasks to queue
[2026-09-18T11:52:10.021+0700] {logging_mixin.py:190} INFO - [2026-09-18T11:52:10.021+0700] {dagbag.py:588} INFO - Filling up the DagBag from /Users/andreasanditya/Downloads/572392_Andreas_AirflowETL/code/.venv/lib/python3.9/site-packages/airflow/example_dags/example_bash_decorator.py
[2026-09-18T11:52:10.072+0700] {processor.py:925} INFO - DAG(s) 'example_bash_decorator' retrieved from /Users/andreasanditya/Downloads/572392_Andreas_AirflowETL/code/.venv/lib/python3.9/site-packages/airflow/example_dags/example_bash_decorator.py
[2026-09-18T11:52:10.181+0700] {logging_mixin.py:190} INFO - [2026-09-18T11:52:10.180+0700] {dag.py:3239} INFO - Sync 1 DAGs
[2026-09-18T11:52:10.186+0700] {logging_mixin.py:190} INFO - [2026-09-18T11:52:10.186+0700] {dag.py:4180} INFO - Setting next_dagrun for example_bash_decorator to None, run_after=None
[2026-09-18T11:52:10.196+0700] {processor.py:208} INFO - Processing /Users/andreasanditya/Downloads/572392_Andreas_AirflowETL/code/.venv/lib/python3.9/site-packages/airflow/example_dags/example_bash_decorator.py took 0.178 seconds
[2026-09-18T11:55:03.926+0700] {processor.py:186} INFO - Started process (PID=34154) to work on /Users/andreasanditya/Downloads/572392_Andreas_AirflowETL/code/.venv/lib/python3.9/site-packages/airflow/example_dags/example_bash_decorator.py
[2026-09-18T11:55:03.926+0700] {processor.py:914} INFO - Processing file /Users/andreasanditya/Downloads/572392_Andreas_AirflowETL/code/.venv/lib/python3.9/site-packages/airflow/example_dags/example_bash_decorator.py for tasks to queue
[2026-09-18T11:55:03.927+0700] {logging_mixin.py:190} INFO - [2026-09-18T11:55:03.927+0700] {dagbag.py:588} INFO - Filling up the DagBag from /Users/andreasanditya/Downloads/572392_Andreas_AirflowETL/code/.venv/lib/python3.9/site-packages/airflow/example_dags/example_bash_decorator.py
[2026-09-18T11:55:03.980+0700] {processor.py:925} INFO - DAG(s) 'example_bash_decorator' retrieved from /Users/andreasanditya/Downloads/572392_Andreas_AirflowETL/code/.venv/lib/python3.9/site-packages/airflow/example_dags/example_bash_decorator.py
[2026-09-18T11:55:04.105+0700] {logging_mixin.py:190} INFO - [2026-09-18T11:55:04.105+0700] {dag.py:3239} INFO - Sync 1 DAGs
[2026-09-18T11:55:04.111+0700] {logging_mixin.py:190} INFO - [2026-09-18T11:55:04.111+0700] {dag.py:4180} INFO - Setting next_dagrun for example_bash_decorator to None, run_after=None
[2026-09-18T11:55:04.121+0700] {processor.py:208} INFO - Processing /Users/andreasanditya/Downloads/572392_Andreas_AirflowETL/code/.venv/lib/python3.9/site-packages/airflow/example_dags/example_bash_decorator.py took 0.197 seconds
[2026-09-18T11:57:59.089+0700] {processor.py:186} INFO - Started process (PID=35906) to work on /Users/andreasanditya/Downloads/572392_Andreas_AirflowETL/code/.venv/lib/python3.9/site-packages/airflow/example_dags/example_bash_decorator.py
[2026-09-18T11:57:59.090+0700] {processor.py:914} INFO - Processing file /Users/andreasanditya/Downloads/572392_Andreas_AirflowETL/code/.venv/lib/python3.9/site-packages/airflow/example_dags/example_bash_decorator.py for tasks to queue
[2026-09-18T11:57:59.091+0700] {logging_mixin.py:190} INFO - [2026-09-18T11:57:59.091+0700] {dagbag.py:588} INFO - Filling up the DagBag from /Users/andreasanditya/Downloads/572392_Andreas_AirflowETL/code/.venv/lib/python3.9/site-packages/airflow/example_dags/example_bash_decorator.py
[2026-09-18T11:57:59.139+0700] {processor.py:925} INFO - DAG(s) 'example_bash_decorator' retrieved from /Users/andreasanditya/Downloads/572392_Andreas_AirflowETL/code/.venv/lib/python3.9/site-packages/airflow/example_dags/example_bash_decorator.py
[2026-09-18T11:57:59.245+0700] {logging_mixin.py:190} INFO - [2026-09-18T11:57:59.245+0700] {dag.py:3239} INFO - Sync 1 DAGs
[2026-09-18T11:57:59.250+0700] {logging_mixin.py:190} INFO - [2026-09-18T11:57:59.250+0700] {dag.py:4180} INFO - Setting next_dagrun for example_bash_decorator to None, run_after=None
[2026-09-18T11:57:59.261+0700] {processor.py:208} INFO - Processing /Users/andreasanditya/Downloads/572392_Andreas_AirflowETL/code/.venv/lib/python3.9/site-packages/airflow/example_dags/example_bash_decorator.py took 0.174 seconds
[2026-09-18T12:00:49.586+0700] {processor.py:186} INFO - Started process (PID=37637) to work on /Users/andreasanditya/Downloads/572392_Andreas_AirflowETL/code/.venv/lib/python3.9/site-packages/airflow/example_dags/example_bash_decorator.py
[2026-09-18T12:00:49.587+0700] {processor.py:914} INFO - Processing file /Users/andreasanditya/Downloads/572392_Andreas_AirflowETL/code/.venv/lib/python3.9/site-packages/airflow/example_dags/example_bash_decorator.py for tasks to queue
[2026-09-18T12:00:49.588+0700] {logging_mixin.py:190} INFO - [2026-09-18T12:00:49.588+0700] {dagbag.py:588} INFO - Filling up the DagBag from /Users/andreasanditya/Downloads/572392_Andreas_AirflowETL/code/.venv/lib/python3.9/site-packages/airflow/example_dags/example_bash_decorator.py
[2026-09-18T12:00:49.642+0700] {processor.py:925} INFO - DAG(s) 'example_bash_decorator' retrieved from /Users/andreasanditya/Downloads/572392_Andreas_AirflowETL/code/.venv/lib/python3.9/site-packages/airflow/example_dags/example_bash_decorator.py
[2026-09-18T12:00:49.770+0700] {logging_mixin.py:190} INFO - [2026-09-18T12:00:49.770+0700] {dag.py:3239} INFO - Sync 1 DAGs
[2026-09-18T12:00:49.776+0700] {logging_mixin.py:190} INFO - [2026-09-18T12:00:49.776+0700] {dag.py:4180} INFO - Setting next_dagrun for example_bash_decorator to None, run_after=None
[2026-09-18T12:00:49.786+0700] {processor.py:208} INFO - Processing /Users/andreasanditya/Downloads/572392_Andreas_AirflowETL/code/.venv/lib/python3.9/site-packages/airflow/example_dags/example_bash_decorator.py took 0.201 seconds
[2026-09-18T12:03:44.119+0700] {processor.py:186} INFO - Started process (PID=39396) to work on /Users/andreasanditya/Downloads/572392_Andreas_AirflowETL/code/.venv/lib/python3.9/site-packages/airflow/example_dags/example_bash_decorator.py
[2026-09-18T12:03:44.120+0700] {processor.py:914} INFO - Processing file /Users/andreasanditya/Downloads/572392_Andreas_AirflowETL/code/.venv/lib/python3.9/site-packages/airflow/example_dags/example_bash_decorator.py for tasks to queue
[2026-09-18T12:03:44.121+0700] {logging_mixin.py:190} INFO - [2026-09-18T12:03:44.121+0700] {dagbag.py:588} INFO - Filling up the DagBag from /Users/andreasanditya/Downloads/572392_Andreas_AirflowETL/code/.venv/lib/python3.9/site-packages/airflow/example_dags/example_bash_decorator.py
[2026-09-18T12:03:44.170+0700] {processor.py:925} INFO - DAG(s) 'example_bash_decorator' retrieved from /Users/andreasanditya/Downloads/572392_Andreas_AirflowETL/code/.venv/lib/python3.9/site-packages/airflow/example_dags/example_bash_decorator.py
[2026-09-18T12:03:44.277+0700] {logging_mixin.py:190} INFO - [2026-09-18T12:03:44.277+0700] {dag.py:3239} INFO - Sync 1 DAGs
[2026-09-18T12:03:44.283+0700] {logging_mixin.py:190} INFO - [2026-09-18T12:03:44.283+0700] {dag.py:4180} INFO - Setting next_dagrun for example_bash_decorator to None, run_after=None
[2026-09-18T12:03:44.293+0700] {processor.py:208} INFO - Processing /Users/andreasanditya/Downloads/572392_Andreas_AirflowETL/code/.venv/lib/python3.9/site-packages/airflow/example_dags/example_bash_decorator.py took 0.175 seconds
[2026-09-18T12:06:38.251+0700] {processor.py:186} INFO - Started process (PID=41125) to work on /Users/andreasanditya/Downloads/572392_Andreas_AirflowETL/code/.venv/lib/python3.9/site-packages/airflow/example_dags/example_bash_decorator.py
[2026-09-18T12:06:38.252+0700] {processor.py:914} INFO - Processing file /Users/andreasanditya/Downloads/572392_Andreas_AirflowETL/code/.venv/lib/python3.9/site-packages/airflow/example_dags/example_bash_decorator.py for tasks to queue
[2026-09-18T12:06:38.253+0700] {logging_mixin.py:190} INFO - [2026-09-18T12:06:38.253+0700] {dagbag.py:588} INFO - Filling up the DagBag from /Users/andreasanditya/Downloads/572392_Andreas_AirflowETL/code/.venv/lib/python3.9/site-packages/airflow/example_dags/example_bash_decorator.py
[2026-09-18T12:06:38.309+0700] {processor.py:925} INFO - DAG(s) 'example_bash_decorator' retrieved from /Users/andreasanditya/Downloads/572392_Andreas_AirflowETL/code/.venv/lib/python3.9/site-packages/airflow/example_dags/example_bash_decorator.py
[2026-09-18T12:06:38.417+0700] {logging_mixin.py:190} INFO - [2026-09-18T12:06:38.416+0700] {dag.py:3239} INFO - Sync 1 DAGs
[2026-09-18T12:06:38.422+0700] {logging_mixin.py:190} INFO - [2026-09-18T12:06:38.422+0700] {dag.py:4180} INFO - Setting next_dagrun for example_bash_decorator to None, run_after=None
[2026-09-18T12:06:38.433+0700] {processor.py:208} INFO - Processing /Users/andreasanditya/Downloads/572392_Andreas_AirflowETL/code/.venv/lib/python3.9/site-packages/airflow/example_dags/example_bash_decorator.py took 0.183 seconds
[2026-09-18T12:09:32.569+0700] {processor.py:186} INFO - Started process (PID=42871) to work on /Users/andreasanditya/Downloads/572392_Andreas_AirflowETL/code/.venv/lib/python3.9/site-packages/airflow/example_dags/example_bash_decorator.py
[2026-09-18T12:09:32.570+0700] {processor.py:914} INFO - Processing file /Users/andreasanditya/Downloads/572392_Andreas_AirflowETL/code/.venv/lib/python3.9/site-packages/airflow/example_dags/example_bash_decorator.py for tasks to queue
[2026-09-18T12:09:32.571+0700] {logging_mixin.py:190} INFO - [2026-09-18T12:09:32.571+0700] {dagbag.py:588} INFO - Filling up the DagBag from /Users/andreasanditya/Downloads/572392_Andreas_AirflowETL/code/.venv/lib/python3.9/site-packages/airflow/example_dags/example_bash_decorator.py
[2026-09-18T12:09:32.622+0700] {processor.py:925} INFO - DAG(s) 'example_bash_decorator' retrieved from /Users/andreasanditya/Downloads/572392_Andreas_AirflowETL/code/.venv/lib/python3.9/site-packages/airflow/example_dags/example_bash_decorator.py
[2026-09-18T12:09:32.730+0700] {logging_mixin.py:190} INFO - [2026-09-18T12:09:32.730+0700] {dag.py:3239} INFO - Sync 1 DAGs
[2026-09-18T12:09:32.735+0700] {logging_mixin.py:190} INFO - [2026-09-18T12:09:32.735+0700] {dag.py:4180} INFO - Setting next_dagrun for example_bash_decorator to None, run_after=None
[2026-09-18T12:09:32.745+0700] {processor.py:208} INFO - Processing /Users/andreasanditya/Downloads/572392_Andreas_AirflowETL/code/.venv/lib/python3.9/site-packages/airflow/example_dags/example_bash_decorator.py took 0.178 seconds
[2026-09-18T12:12:27.395+0700] {processor.py:186} INFO - Started process (PID=44691) to work on /Users/andreasanditya/Downloads/572392_Andreas_AirflowETL/code/.venv/lib/python3.9/site-packages/airflow/example_dags/example_bash_decorator.py
[2026-09-18T12:12:27.397+0700] {processor.py:914} INFO - Processing file /Users/andreasanditya/Downloads/572392_Andreas_AirflowETL/code/.venv/lib/python3.9/site-packages/airflow/example_dags/example_bash_decorator.py for tasks to queue
[2026-09-18T12:12:27.398+0700] {logging_mixin.py:190} INFO - [2026-09-18T12:12:27.398+0700] {dagbag.py:588} INFO - Filling up the DagBag from /Users/andreasanditya/Downloads/572392_Andreas_AirflowETL/code/.venv/lib/python3.9/site-packages/airflow/example_dags/example_bash_decorator.py
[2026-09-18T12:12:27.479+0700] {processor.py:925} INFO - DAG(s) 'example_bash_decorator' retrieved from /Users/andreasanditya/Downloads/572392_Andreas_AirflowETL/code/.venv/lib/python3.9/site-packages/airflow/example_dags/example_bash_decorator.py
[2026-09-18T12:12:27.616+0700] {logging_mixin.py:190} INFO - [2026-09-18T12:12:27.615+0700] {dag.py:3239} INFO - Sync 1 DAGs
[2026-09-18T12:12:27.621+0700] {logging_mixin.py:190} INFO - [2026-09-18T12:12:27.621+0700] {dag.py:4180} INFO - Setting next_dagrun for example_bash_decorator to None, run_after=None
[2026-09-18T12:12:27.645+0700] {processor.py:208} INFO - Processing /Users/andreasanditya/Downloads/572392_Andreas_AirflowETL/code/.venv/lib/python3.9/site-packages/airflow/example_dags/example_bash_decorator.py took 0.252 seconds
[2026-09-18T12:15:24.575+0700] {processor.py:186} INFO - Started process (PID=47540) to work on /Users/andreasanditya/Downloads/572392_Andreas_AirflowETL/code/.venv/lib/python3.9/site-packages/airflow/example_dags/example_bash_decorator.py
[2026-09-18T12:15:24.576+0700] {processor.py:914} INFO - Processing file /Users/andreasanditya/Downloads/572392_Andreas_AirflowETL/code/.venv/lib/python3.9/site-packages/airflow/example_dags/example_bash_decorator.py for tasks to queue
[2026-09-18T12:15:24.577+0700] {logging_mixin.py:190} INFO - [2026-09-18T12:15:24.577+0700] {dagbag.py:588} INFO - Filling up the DagBag from /Users/andreasanditya/Downloads/572392_Andreas_AirflowETL/code/.venv/lib/python3.9/site-packages/airflow/example_dags/example_bash_decorator.py
[2026-09-18T12:15:24.630+0700] {processor.py:925} INFO - DAG(s) 'example_bash_decorator' retrieved from /Users/andreasanditya/Downloads/572392_Andreas_AirflowETL/code/.venv/lib/python3.9/site-packages/airflow/example_dags/example_bash_decorator.py
[2026-09-18T12:15:24.744+0700] {logging_mixin.py:190} INFO - [2026-09-18T12:15:24.744+0700] {dag.py:3239} INFO - Sync 1 DAGs
[2026-09-18T12:15:24.750+0700] {logging_mixin.py:190} INFO - [2026-09-18T12:15:24.750+0700] {dag.py:4180} INFO - Setting next_dagrun for example_bash_decorator to None, run_after=None
[2026-09-18T12:15:24.763+0700] {processor.py:208} INFO - Processing /Users/andreasanditya/Downloads/572392_Andreas_AirflowETL/code/.venv/lib/python3.9/site-packages/airflow/example_dags/example_bash_decorator.py took 0.190 seconds
[2026-09-18T12:18:22.040+0700] {processor.py:186} INFO - Started process (PID=50557) to work on /Users/andreasanditya/Downloads/572392_Andreas_AirflowETL/code/.venv/lib/python3.9/site-packages/airflow/example_dags/example_bash_decorator.py
[2026-09-18T12:18:22.041+0700] {processor.py:914} INFO - Processing file /Users/andreasanditya/Downloads/572392_Andreas_AirflowETL/code/.venv/lib/python3.9/site-packages/airflow/example_dags/example_bash_decorator.py for tasks to queue
[2026-09-18T12:18:22.042+0700] {logging_mixin.py:190} INFO - [2026-09-18T12:18:22.042+0700] {dagbag.py:588} INFO - Filling up the DagBag from /Users/andreasanditya/Downloads/572392_Andreas_AirflowETL/code/.venv/lib/python3.9/site-packages/airflow/example_dags/example_bash_decorator.py
[2026-09-18T12:18:22.098+0700] {processor.py:925} INFO - DAG(s) 'example_bash_decorator' retrieved from /Users/andreasanditya/Downloads/572392_Andreas_AirflowETL/code/.venv/lib/python3.9/site-packages/airflow/example_dags/example_bash_decorator.py
[2026-09-18T12:18:22.237+0700] {logging_mixin.py:190} INFO - [2026-09-18T12:18:22.237+0700] {dag.py:3239} INFO - Sync 1 DAGs
[2026-09-18T12:18:22.244+0700] {logging_mixin.py:190} INFO - [2026-09-18T12:18:22.243+0700] {dag.py:4180} INFO - Setting next_dagrun for example_bash_decorator to None, run_after=None
[2026-09-18T12:18:22.255+0700] {processor.py:208} INFO - Processing /Users/andreasanditya/Downloads/572392_Andreas_AirflowETL/code/.venv/lib/python3.9/site-packages/airflow/example_dags/example_bash_decorator.py took 0.218 seconds
