[2026-09-18T11:18:17.509+0700] {processor.py:186} INFO - Started process (PID=11195) to work on /Users/andreasanditya/Downloads/572392_Andreas_AirflowETL/code/.venv/lib/python3.9/site-packages/airflow/example_dags/example_branch_operator_decorator.py
[2026-09-18T11:18:17.510+0700] {processor.py:914} INFO - Processing file /Users/andreasanditya/Downloads/572392_Andreas_AirflowETL/code/.venv/lib/python3.9/site-packages/airflow/example_dags/example_branch_operator_decorator.py for tasks to queue
[2026-09-18T11:18:17.511+0700] {logging_mixin.py:190} INFO - [2026-09-18T11:18:17.511+0700] {dagbag.py:588} INFO - Filling up the DagBag from /Users/andreasanditya/Downloads/572392_Andreas_AirflowETL/code/.venv/lib/python3.9/site-packages/airflow/example_dags/example_branch_operator_decorator.py
[2026-09-18T11:18:17.566+0700] {processor.py:925} INFO - DAG(s) 'example_branch_python_operator_decorator' retrieved from /Users/andreasanditya/Downloads/572392_Andreas_AirflowETL/code/.venv/lib/python3.9/site-packages/airflow/example_dags/example_branch_operator_decorator.py
[2026-09-18T11:18:17.682+0700] {logging_mixin.py:190} INFO - [2026-09-18T11:18:17.681+0700] {override.py:1912} INFO - Created Permission View: can delete on DAG:example_branch_python_operator_decorator
[2026-09-18T11:18:17.686+0700] {logging_mixin.py:190} INFO - [2026-09-18T11:18:17.686+0700] {override.py:1912} INFO - Created Permission View: can edit on DAG:example_branch_python_operator_decorator
[2026-09-18T11:18:17.689+0700] {logging_mixin.py:190} INFO - [2026-09-18T11:18:17.689+0700] {override.py:1912} INFO - Created Permission View: can read on DAG:example_branch_python_operator_decorator
[2026-09-18T11:18:17.693+0700] {logging_mixin.py:190} INFO - [2026-09-18T11:18:17.693+0700] {override.py:1912} INFO - Created Permission View: can create on DAG Run:example_branch_python_operator_decorator
[2026-09-18T11:18:17.696+0700] {logging_mixin.py:190} INFO - [2026-09-18T11:18:17.696+0700] {override.py:1912} INFO - Created Permission View: can delete on DAG Run:example_branch_python_operator_decorator
[2026-09-18T11:18:17.699+0700] {logging_mixin.py:190} INFO - [2026-09-18T11:18:17.699+0700] {override.py:1912} INFO - Created Permission View: menu access on DAG Run:example_branch_python_operator_decorator
[2026-09-18T11:18:17.702+0700] {logging_mixin.py:190} INFO - [2026-09-18T11:18:17.702+0700] {override.py:1912} INFO - Created Permission View: can read on DAG Run:example_branch_python_operator_decorator
[2026-09-18T11:18:17.702+0700] {logging_mixin.py:190} INFO - [2026-09-18T11:18:17.702+0700] {dag.py:3239} INFO - Sync 1 DAGs
[2026-09-18T11:18:17.709+0700] {logging_mixin.py:190} INFO - [2026-09-18T11:18:17.709+0700] {dag.py:3262} INFO - Creating ORM DAG for example_branch_python_operator_decorator
[2026-09-18T11:18:17.714+0700] {logging_mixin.py:190} INFO - [2026-09-18T11:18:17.714+0700] {dag.py:4180} INFO - Setting next_dagrun for example_branch_python_operator_decorator to 2026-09-17 00:00:00+00:00, run_after=2026-09-18 00:00:00+00:00
[2026-09-18T11:18:17.723+0700] {processor.py:208} INFO - Processing /Users/andreasanditya/Downloads/572392_Andreas_AirflowETL/code/.venv/lib/python3.9/site-packages/airflow/example_dags/example_branch_operator_decorator.py took 0.216 seconds
[2026-09-18T11:21:33.838+0700] {processor.py:186} INFO - Started process (PID=13284) to work on /Users/andreasanditya/Downloads/572392_Andreas_AirflowETL/code/.venv/lib/python3.9/site-packages/airflow/example_dags/example_branch_operator_decorator.py
[2026-09-18T11:21:33.839+0700] {processor.py:914} INFO - Processing file /Users/andreasanditya/Downloads/572392_Andreas_AirflowETL/code/.venv/lib/python3.9/site-packages/airflow/example_dags/example_branch_operator_decorator.py for tasks to queue
[2026-09-18T11:21:33.840+0700] {logging_mixin.py:190} INFO - [2026-09-18T11:21:33.839+0700] {dagbag.py:588} INFO - Filling up the DagBag from /Users/andreasanditya/Downloads/572392_Andreas_AirflowETL/code/.venv/lib/python3.9/site-packages/airflow/example_dags/example_branch_operator_decorator.py
[2026-09-18T11:21:33.894+0700] {processor.py:925} INFO - DAG(s) 'example_branch_python_operator_decorator' retrieved from /Users/andreasanditya/Downloads/572392_Andreas_AirflowETL/code/.venv/lib/python3.9/site-packages/airflow/example_dags/example_branch_operator_decorator.py
[2026-09-18T11:21:34.008+0700] {logging_mixin.py:190} INFO - [2026-09-18T11:21:34.008+0700] {dag.py:3239} INFO - Sync 1 DAGs
[2026-09-18T11:21:34.018+0700] {logging_mixin.py:190} INFO - [2026-09-18T11:21:34.018+0700] {dag.py:4180} INFO - Setting next_dagrun for example_branch_python_operator_decorator to 2026-09-17 00:00:00+00:00, run_after=2026-09-18 00:00:00+00:00
[2026-09-18T11:21:34.029+0700] {processor.py:208} INFO - Processing /Users/andreasanditya/Downloads/572392_Andreas_AirflowETL/code/.venv/lib/python3.9/site-packages/airflow/example_dags/example_branch_operator_decorator.py took 0.193 seconds
[2026-09-18T11:25:35.651+0700] {processor.py:186} INFO - Started process (PID=15971) to work on /Users/andreasanditya/Downloads/572392_Andreas_AirflowETL/code/.venv/lib/python3.9/site-packages/airflow/example_dags/example_branch_operator_decorator.py
[2026-09-18T11:25:35.652+0700] {processor.py:914} INFO - Processing file /Users/andreasanditya/Downloads/572392_Andreas_AirflowETL/code/.venv/lib/python3.9/site-packages/airflow/example_dags/example_branch_operator_decorator.py for tasks to queue
[2026-09-18T11:25:35.652+0700] {logging_mixin.py:190} INFO - [2026-09-18T11:25:35.652+0700] {dagbag.py:588} INFO - Filling up the DagBag from /Users/andreasanditya/Downloads/572392_Andreas_AirflowETL/code/.venv/lib/python3.9/site-packages/airflow/example_dags/example_branch_operator_decorator.py
[2026-09-18T11:25:35.707+0700] {processor.py:925} INFO - DAG(s) 'example_branch_python_operator_decorator' retrieved from /Users/andreasanditya/Downloads/572392_Andreas_AirflowETL/code/.venv/lib/python3.9/site-packages/airflow/example_dags/example_branch_operator_decorator.py
[2026-09-18T11:25:35.835+0700] {logging_mixin.py:190} INFO - [2026-09-18T11:25:35.835+0700] {dag.py:3239} INFO - Sync 1 DAGs
[2026-09-18T11:25:35.846+0700] {logging_mixin.py:190} INFO - [2026-09-18T11:25:35.846+0700] {dag.py:4180} INFO - Setting next_dagrun for example_branch_python_operator_decorator to 2026-09-17 00:00:00+00:00, run_after=2026-09-18 00:00:00+00:00
[2026-09-18T11:25:35.857+0700] {processor.py:208} INFO - Processing /Users/andreasanditya/Downloads/572392_Andreas_AirflowETL/code/.venv/lib/python3.9/site-packages/airflow/example_dags/example_branch_operator_decorator.py took 0.209 seconds
[2026-09-18T11:28:37.061+0700] {processor.py:186} INFO - Started process (PID=17803) to work on /Users/andreasanditya/Downloads/572392_Andreas_AirflowETL/code/.venv/lib/python3.9/site-packages/airflow/example_dags/example_branch_operator_decorator.py
[2026-09-18T11:28:37.062+0700] {processor.py:914} INFO - Processing file /Users/andreasanditya/Downloads/572392_Andreas_AirflowETL/code/.venv/lib/python3.9/site-packages/airflow/example_dags/example_branch_operator_decorator.py for tasks to queue
[2026-09-18T11:28:37.062+0700] {logging_mixin.py:190} INFO - [2026-09-18T11:28:37.062+0700] {dagbag.py:588} INFO - Filling up the DagBag from /Users/andreasanditya/Downloads/572392_Andreas_AirflowETL/code/.venv/lib/python3.9/site-packages/airflow/example_dags/example_branch_operator_decorator.py
[2026-09-18T11:28:37.119+0700] {processor.py:925} INFO - DAG(s) 'example_branch_python_operator_decorator' retrieved from /Users/andreasanditya/Downloads/572392_Andreas_AirflowETL/code/.venv/lib/python3.9/site-packages/airflow/example_dags/example_branch_operator_decorator.py
[2026-09-18T11:28:37.233+0700] {logging_mixin.py:190} INFO - [2026-09-18T11:28:37.233+0700] {dag.py:3239} INFO - Sync 1 DAGs
[2026-09-18T11:28:37.244+0700] {logging_mixin.py:190} INFO - [2026-09-18T11:28:37.243+0700] {dag.py:4180} INFO - Setting next_dagrun for example_branch_python_operator_decorator to 2026-09-17 00:00:00+00:00, run_after=2026-09-18 00:00:00+00:00
[2026-09-18T11:28:37.260+0700] {processor.py:208} INFO - Processing /Users/andreasanditya/Downloads/572392_Andreas_AirflowETL/code/.venv/lib/python3.9/site-packages/airflow/example_dags/example_branch_operator_decorator.py took 0.201 seconds
[2026-09-18T11:31:35.568+0700] {processor.py:186} INFO - Started process (PID=19682) to work on /Users/andreasanditya/Downloads/572392_Andreas_AirflowETL/code/.venv/lib/python3.9/site-packages/airflow/example_dags/example_branch_operator_decorator.py
[2026-09-18T11:31:35.569+0700] {processor.py:914} INFO - Processing file /Users/andreasanditya/Downloads/572392_Andreas_AirflowETL/code/.venv/lib/python3.9/site-packages/airflow/example_dags/example_branch_operator_decorator.py for tasks to queue
[2026-09-18T11:31:35.570+0700] {logging_mixin.py:190} INFO - [2026-09-18T11:31:35.570+0700] {dagbag.py:588} INFO - Filling up the DagBag from /Users/andreasanditya/Downloads/572392_Andreas_AirflowETL/code/.venv/lib/python3.9/site-packages/airflow/example_dags/example_branch_operator_decorator.py
[2026-09-18T11:31:35.625+0700] {processor.py:925} INFO - DAG(s) 'example_branch_python_operator_decorator' retrieved from /Users/andreasanditya/Downloads/572392_Andreas_AirflowETL/code/.venv/lib/python3.9/site-packages/airflow/example_dags/example_branch_operator_decorator.py
[2026-09-18T11:31:35.735+0700] {logging_mixin.py:190} INFO - [2026-09-18T11:31:35.735+0700] {dag.py:3239} INFO - Sync 1 DAGs
[2026-09-18T11:31:35.745+0700] {logging_mixin.py:190} INFO - [2026-09-18T11:31:35.745+0700] {dag.py:4180} INFO - Setting next_dagrun for example_branch_python_operator_decorator to 2026-09-17 00:00:00+00:00, run_after=2026-09-18 00:00:00+00:00
[2026-09-18T11:31:35.755+0700] {processor.py:208} INFO - Processing /Users/andreasanditya/Downloads/572392_Andreas_AirflowETL/code/.venv/lib/python3.9/site-packages/airflow/example_dags/example_branch_operator_decorator.py took 0.189 seconds
[2026-09-18T11:34:30.040+0700] {processor.py:186} INFO - Started process (PID=21553) to work on /Users/andreasanditya/Downloads/572392_Andreas_AirflowETL/code/.venv/lib/python3.9/site-packages/airflow/example_dags/example_branch_operator_decorator.py
[2026-09-18T11:34:30.041+0700] {processor.py:914} INFO - Processing file /Users/andreasanditya/Downloads/572392_Andreas_AirflowETL/code/.venv/lib/python3.9/site-packages/airflow/example_dags/example_branch_operator_decorator.py for tasks to queue
[2026-09-18T11:34:30.041+0700] {logging_mixin.py:190} INFO - [2026-09-18T11:34:30.041+0700] {dagbag.py:588} INFO - Filling up the DagBag from /Users/andreasanditya/Downloads/572392_Andreas_AirflowETL/code/.venv/lib/python3.9/site-packages/airflow/example_dags/example_branch_operator_decorator.py
[2026-09-18T11:34:30.096+0700] {processor.py:925} INFO - DAG(s) 'example_branch_python_operator_decorator' retrieved from /Users/andreasanditya/Downloads/572392_Andreas_AirflowETL/code/.venv/lib/python3.9/site-packages/airflow/example_dags/example_branch_operator_decorator.py
[2026-09-18T11:34:30.212+0700] {logging_mixin.py:190} INFO - [2026-09-18T11:34:30.212+0700] {dag.py:3239} INFO - Sync 1 DAGs
[2026-09-18T11:34:30.222+0700] {logging_mixin.py:190} INFO - [2026-09-18T11:34:30.222+0700] {dag.py:4180} INFO - Setting next_dagrun for example_branch_python_operator_decorator to 2026-09-17 00:00:00+00:00, run_after=2026-09-18 00:00:00+00:00
[2026-09-18T11:34:30.233+0700] {processor.py:208} INFO - Processing /Users/andreasanditya/Downloads/572392_Andreas_AirflowETL/code/.venv/lib/python3.9/site-packages/airflow/example_dags/example_branch_operator_decorator.py took 0.196 seconds
[2026-09-18T11:37:26.703+0700] {processor.py:186} INFO - Started process (PID=23422) to work on /Users/andreasanditya/Downloads/572392_Andreas_AirflowETL/code/.venv/lib/python3.9/site-packages/airflow/example_dags/example_branch_operator_decorator.py
[2026-09-18T11:37:26.704+0700] {processor.py:914} INFO - Processing file /Users/andreasanditya/Downloads/572392_Andreas_AirflowETL/code/.venv/lib/python3.9/site-packages/airflow/example_dags/example_branch_operator_decorator.py for tasks to queue
[2026-09-18T11:37:26.705+0700] {logging_mixin.py:190} INFO - [2026-09-18T11:37:26.705+0700] {dagbag.py:588} INFO - Filling up the DagBag from /Users/andreasanditya/Downloads/572392_Andreas_AirflowETL/code/.venv/lib/python3.9/site-packages/airflow/example_dags/example_branch_operator_decorator.py
[2026-09-18T11:37:26.757+0700] {processor.py:925} INFO - DAG(s) 'example_branch_python_operator_decorator' retrieved from /Users/andreasanditya/Downloads/572392_Andreas_AirflowETL/code/.venv/lib/python3.9/site-packages/airflow/example_dags/example_branch_operator_decorator.py
[2026-09-18T11:37:26.867+0700] {logging_mixin.py:190} INFO - [2026-09-18T11:37:26.866+0700] {dag.py:3239} INFO - Sync 1 DAGs
[2026-09-18T11:37:26.877+0700] {logging_mixin.py:190} INFO - [2026-09-18T11:37:26.877+0700] {dag.py:4180} INFO - Setting next_dagrun for example_branch_python_operator_decorator to 2026-09-17 00:00:00+00:00, run_after=2026-09-18 00:00:00+00:00
[2026-09-18T11:37:26.888+0700] {processor.py:208} INFO - Processing /Users/andreasanditya/Downloads/572392_Andreas_AirflowETL/code/.venv/lib/python3.9/site-packages/airflow/example_dags/example_branch_operator_decorator.py took 0.187 seconds
[2026-09-18T11:40:21.359+0700] {processor.py:186} INFO - Started process (PID=25249) to work on /Users/andreasanditya/Downloads/572392_Andreas_AirflowETL/code/.venv/lib/python3.9/site-packages/airflow/example_dags/example_branch_operator_decorator.py
[2026-09-18T11:40:21.360+0700] {processor.py:914} INFO - Processing file /Users/andreasanditya/Downloads/572392_Andreas_AirflowETL/code/.venv/lib/python3.9/site-packages/airflow/example_dags/example_branch_operator_decorator.py for tasks to queue
[2026-09-18T11:40:21.360+0700] {logging_mixin.py:190} INFO - [2026-09-18T11:40:21.360+0700] {dagbag.py:588} INFO - Filling up the DagBag from /Users/andreasanditya/Downloads/572392_Andreas_AirflowETL/code/.venv/lib/python3.9/site-packages/airflow/example_dags/example_branch_operator_decorator.py
[2026-09-18T11:40:21.415+0700] {processor.py:925} INFO - DAG(s) 'example_branch_python_operator_decorator' retrieved from /Users/andreasanditya/Downloads/572392_Andreas_AirflowETL/code/.venv/lib/python3.9/site-packages/airflow/example_dags/example_branch_operator_decorator.py
[2026-09-18T11:40:21.531+0700] {logging_mixin.py:190} INFO - [2026-09-18T11:40:21.531+0700] {dag.py:3239} INFO - Sync 1 DAGs
[2026-09-18T11:40:21.542+0700] {logging_mixin.py:190} INFO - [2026-09-18T11:40:21.542+0700] {dag.py:4180} INFO - Setting next_dagrun for example_branch_python_operator_decorator to 2026-09-17 00:00:00+00:00, run_after=2026-09-18 00:00:00+00:00
[2026-09-18T11:40:21.554+0700] {processor.py:208} INFO - Processing /Users/andreasanditya/Downloads/572392_Andreas_AirflowETL/code/.venv/lib/python3.9/site-packages/airflow/example_dags/example_branch_operator_decorator.py took 0.197 seconds
[2026-09-18T11:43:20.384+0700] {processor.py:186} INFO - Started process (PID=27038) to work on /Users/andreasanditya/Downloads/572392_Andreas_AirflowETL/code/.venv/lib/python3.9/site-packages/airflow/example_dags/example_branch_operator_decorator.py
[2026-09-18T11:43:20.385+0700] {processor.py:914} INFO - Processing file /Users/andreasanditya/Downloads/572392_Andreas_AirflowETL/code/.venv/lib/python3.9/site-packages/airflow/example_dags/example_branch_operator_decorator.py for tasks to queue
[2026-09-18T11:43:20.386+0700] {logging_mixin.py:190} INFO - [2026-09-18T11:43:20.386+0700] {dagbag.py:588} INFO - Filling up the DagBag from /Users/andreasanditya/Downloads/572392_Andreas_AirflowETL/code/.venv/lib/python3.9/site-packages/airflow/example_dags/example_branch_operator_decorator.py
[2026-09-18T11:43:20.438+0700] {processor.py:925} INFO - DAG(s) 'example_branch_python_operator_decorator' retrieved from /Users/andreasanditya/Downloads/572392_Andreas_AirflowETL/code/.venv/lib/python3.9/site-packages/airflow/example_dags/example_branch_operator_decorator.py
[2026-09-18T11:43:20.551+0700] {logging_mixin.py:190} INFO - [2026-09-18T11:43:20.550+0700] {dag.py:3239} INFO - Sync 1 DAGs
[2026-09-18T11:43:20.561+0700] {logging_mixin.py:190} INFO - [2026-09-18T11:43:20.561+0700] {dag.py:4180} INFO - Setting next_dagrun for example_branch_python_operator_decorator to 2026-09-17 00:00:00+00:00, run_after=2026-09-18 00:00:00+00:00
[2026-09-18T11:43:20.572+0700] {processor.py:208} INFO - Processing /Users/andreasanditya/Downloads/572392_Andreas_AirflowETL/code/.venv/lib/python3.9/site-packages/airflow/example_dags/example_branch_operator_decorator.py took 0.190 seconds
[2026-09-18T11:46:13.286+0700] {processor.py:186} INFO - Started process (PID=28763) to work on /Users/andreasanditya/Downloads/572392_Andreas_AirflowETL/code/.venv/lib/python3.9/site-packages/airflow/example_dags/example_branch_operator_decorator.py
[2026-09-18T11:46:13.287+0700] {processor.py:914} INFO - Processing file /Users/andreasanditya/Downloads/572392_Andreas_AirflowETL/code/.venv/lib/python3.9/site-packages/airflow/example_dags/example_branch_operator_decorator.py for tasks to queue
[2026-09-18T11:46:13.288+0700] {logging_mixin.py:190} INFO - [2026-09-18T11:46:13.288+0700] {dagbag.py:588} INFO - Filling up the DagBag from /Users/andreasanditya/Downloads/572392_Andreas_AirflowETL/code/.venv/lib/python3.9/site-packages/airflow/example_dags/example_branch_operator_decorator.py
[2026-09-18T11:46:13.340+0700] {processor.py:925} INFO - DAG(s) 'example_branch_python_operator_decorator' retrieved from /Users/andreasanditya/Downloads/572392_Andreas_AirflowETL/code/.venv/lib/python3.9/site-packages/airflow/example_dags/example_branch_operator_decorator.py
[2026-09-18T11:46:13.467+0700] {logging_mixin.py:190} INFO - [2026-09-18T11:46:13.466+0700] {dag.py:3239} INFO - Sync 1 DAGs
[2026-09-18T11:46:13.477+0700] {logging_mixin.py:190} INFO - [2026-09-18T11:46:13.477+0700] {dag.py:4180} INFO - Setting next_dagrun for example_branch_python_operator_decorator to 2026-09-17 00:00:00+00:00, run_after=2026-09-18 00:00:00+00:00
[2026-09-18T11:46:13.488+0700] {processor.py:208} INFO - Processing /Users/andreasanditya/Downloads/572392_Andreas_AirflowETL/code/.venv/lib/python3.9/site-packages/airflow/example_dags/example_branch_operator_decorator.py took 0.203 seconds
[2026-09-18T11:49:07.293+0700] {processor.py:186} INFO - Started process (PID=30506) to work on /Users/andreasanditya/Downloads/572392_Andreas_AirflowETL/code/.venv/lib/python3.9/site-packages/airflow/example_dags/example_branch_operator_decorator.py
[2026-09-18T11:49:07.294+0700] {processor.py:914} INFO - Processing file /Users/andreasanditya/Downloads/572392_Andreas_AirflowETL/code/.venv/lib/python3.9/site-packages/airflow/example_dags/example_branch_operator_decorator.py for tasks to queue
[2026-09-18T11:49:07.295+0700] {logging_mixin.py:190} INFO - [2026-09-18T11:49:07.294+0700] {dagbag.py:588} INFO - Filling up the DagBag from /Users/andreasanditya/Downloads/572392_Andreas_AirflowETL/code/.venv/lib/python3.9/site-packages/airflow/example_dags/example_branch_operator_decorator.py
[2026-09-18T11:49:07.346+0700] {processor.py:925} INFO - DAG(s) 'example_branch_python_operator_decorator' retrieved from /Users/andreasanditya/Downloads/572392_Andreas_AirflowETL/code/.venv/lib/python3.9/site-packages/airflow/example_dags/example_branch_operator_decorator.py
[2026-09-18T11:49:07.478+0700] {logging_mixin.py:190} INFO - [2026-09-18T11:49:07.477+0700] {dag.py:3239} INFO - Sync 1 DAGs
[2026-09-18T11:49:07.488+0700] {logging_mixin.py:190} INFO - [2026-09-18T11:49:07.488+0700] {dag.py:4180} INFO - Setting next_dagrun for example_branch_python_operator_decorator to 2026-09-17 00:00:00+00:00, run_after=2026-09-18 00:00:00+00:00
[2026-09-18T11:49:07.499+0700] {processor.py:208} INFO - Processing /Users/andreasanditya/Downloads/572392_Andreas_AirflowETL/code/.venv/lib/python3.9/site-packages/airflow/example_dags/example_branch_operator_decorator.py took 0.208 seconds
[2026-09-18T11:51:58.320+0700] {processor.py:186} INFO - Started process (PID=32236) to work on /Users/andreasanditya/Downloads/572392_Andreas_AirflowETL/code/.venv/lib/python3.9/site-packages/airflow/example_dags/example_branch_operator_decorator.py
[2026-09-18T11:51:58.321+0700] {processor.py:914} INFO - Processing file /Users/andreasanditya/Downloads/572392_Andreas_AirflowETL/code/.venv/lib/python3.9/site-packages/airflow/example_dags/example_branch_operator_decorator.py for tasks to queue
[2026-09-18T11:51:58.322+0700] {logging_mixin.py:190} INFO - [2026-09-18T11:51:58.321+0700] {dagbag.py:588} INFO - Filling up the DagBag from /Users/andreasanditya/Downloads/572392_Andreas_AirflowETL/code/.venv/lib/python3.9/site-packages/airflow/example_dags/example_branch_operator_decorator.py
[2026-09-18T11:51:58.376+0700] {processor.py:925} INFO - DAG(s) 'example_branch_python_operator_decorator' retrieved from /Users/andreasanditya/Downloads/572392_Andreas_AirflowETL/code/.venv/lib/python3.9/site-packages/airflow/example_dags/example_branch_operator_decorator.py
[2026-09-18T11:51:58.491+0700] {logging_mixin.py:190} INFO - [2026-09-18T11:51:58.491+0700] {dag.py:3239} INFO - Sync 1 DAGs
[2026-09-18T11:51:58.501+0700] {logging_mixin.py:190} INFO - [2026-09-18T11:51:58.501+0700] {dag.py:4180} INFO - Setting next_dagrun for example_branch_python_operator_decorator to 2026-09-17 00:00:00+00:00, run_after=2026-09-18 00:00:00+00:00
[2026-09-18T11:51:58.512+0700] {processor.py:208} INFO - Processing /Users/andreasanditya/Downloads/572392_Andreas_AirflowETL/code/.venv/lib/python3.9/site-packages/airflow/example_dags/example_branch_operator_decorator.py took 0.194 seconds
[2026-09-18T11:54:51.628+0700] {processor.py:186} INFO - Started process (PID=33966) to work on /Users/andreasanditya/Downloads/572392_Andreas_AirflowETL/code/.venv/lib/python3.9/site-packages/airflow/example_dags/example_branch_operator_decorator.py
[2026-09-18T11:54:51.630+0700] {processor.py:914} INFO - Processing file /Users/andreasanditya/Downloads/572392_Andreas_AirflowETL/code/.venv/lib/python3.9/site-packages/airflow/example_dags/example_branch_operator_decorator.py for tasks to queue
[2026-09-18T11:54:51.630+0700] {logging_mixin.py:190} INFO - [2026-09-18T11:54:51.630+0700] {dagbag.py:588} INFO - Filling up the DagBag from /Users/andreasanditya/Downloads/572392_Andreas_AirflowETL/code/.venv/lib/python3.9/site-packages/airflow/example_dags/example_branch_operator_decorator.py
[2026-09-18T11:54:51.689+0700] {processor.py:925} INFO - DAG(s) 'example_branch_python_operator_decorator' retrieved from /Users/andreasanditya/Downloads/572392_Andreas_AirflowETL/code/.venv/lib/python3.9/site-packages/airflow/example_dags/example_branch_operator_decorator.py
[2026-09-18T11:54:51.818+0700] {logging_mixin.py:190} INFO - [2026-09-18T11:54:51.818+0700] {dag.py:3239} INFO - Sync 1 DAGs
[2026-09-18T11:54:51.828+0700] {logging_mixin.py:190} INFO - [2026-09-18T11:54:51.828+0700] {dag.py:4180} INFO - Setting next_dagrun for example_branch_python_operator_decorator to 2026-09-17 00:00:00+00:00, run_after=2026-09-18 00:00:00+00:00
[2026-09-18T11:54:51.838+0700] {processor.py:208} INFO - Processing /Users/andreasanditya/Downloads/572392_Andreas_AirflowETL/code/.venv/lib/python3.9/site-packages/airflow/example_dags/example_branch_operator_decorator.py took 0.212 seconds
[2026-09-18T11:57:47.570+0700] {processor.py:186} INFO - Started process (PID=35800) to work on /Users/andreasanditya/Downloads/572392_Andreas_AirflowETL/code/.venv/lib/python3.9/site-packages/airflow/example_dags/example_branch_operator_decorator.py
[2026-09-18T11:57:47.571+0700] {processor.py:914} INFO - Processing file /Users/andreasanditya/Downloads/572392_Andreas_AirflowETL/code/.venv/lib/python3.9/site-packages/airflow/example_dags/example_branch_operator_decorator.py for tasks to queue
[2026-09-18T11:57:47.571+0700] {logging_mixin.py:190} INFO - [2026-09-18T11:57:47.571+0700] {dagbag.py:588} INFO - Filling up the DagBag from /Users/andreasanditya/Downloads/572392_Andreas_AirflowETL/code/.venv/lib/python3.9/site-packages/airflow/example_dags/example_branch_operator_decorator.py
[2026-09-18T11:57:47.628+0700] {processor.py:925} INFO - DAG(s) 'example_branch_python_operator_decorator' retrieved from /Users/andreasanditya/Downloads/572392_Andreas_AirflowETL/code/.venv/lib/python3.9/site-packages/airflow/example_dags/example_branch_operator_decorator.py
[2026-09-18T11:57:47.740+0700] {logging_mixin.py:190} INFO - [2026-09-18T11:57:47.740+0700] {dag.py:3239} INFO - Sync 1 DAGs
[2026-09-18T11:57:47.750+0700] {logging_mixin.py:190} INFO - [2026-09-18T11:57:47.750+0700] {dag.py:4180} INFO - Setting next_dagrun for example_branch_python_operator_decorator to 2026-09-17 00:00:00+00:00, run_after=2026-09-18 00:00:00+00:00
[2026-09-18T11:57:47.761+0700] {processor.py:208} INFO - Processing /Users/andreasanditya/Downloads/572392_Andreas_AirflowETL/code/.venv/lib/python3.9/site-packages/airflow/example_dags/example_branch_operator_decorator.py took 0.194 seconds
[2026-09-18T12:00:37.036+0700] {processor.py:186} INFO - Started process (PID=37528) to work on /Users/andreasanditya/Downloads/572392_Andreas_AirflowETL/code/.venv/lib/python3.9/site-packages/airflow/example_dags/example_branch_operator_decorator.py
[2026-09-18T12:00:37.038+0700] {processor.py:914} INFO - Processing file /Users/andreasanditya/Downloads/572392_Andreas_AirflowETL/code/.venv/lib/python3.9/site-packages/airflow/example_dags/example_branch_operator_decorator.py for tasks to queue
[2026-09-18T12:00:37.039+0700] {logging_mixin.py:190} INFO - [2026-09-18T12:00:37.038+0700] {dagbag.py:588} INFO - Filling up the DagBag from /Users/andreasanditya/Downloads/572392_Andreas_AirflowETL/code/.venv/lib/python3.9/site-packages/airflow/example_dags/example_branch_operator_decorator.py
[2026-09-18T12:00:37.091+0700] {processor.py:925} INFO - DAG(s) 'example_branch_python_operator_decorator' retrieved from /Users/andreasanditya/Downloads/572392_Andreas_AirflowETL/code/.venv/lib/python3.9/site-packages/airflow/example_dags/example_branch_operator_decorator.py
[2026-09-18T12:00:37.202+0700] {logging_mixin.py:190} INFO - [2026-09-18T12:00:37.202+0700] {dag.py:3239} INFO - Sync 1 DAGs
[2026-09-18T12:00:37.212+0700] {logging_mixin.py:190} INFO - [2026-09-18T12:00:37.212+0700] {dag.py:4180} INFO - Setting next_dagrun for example_branch_python_operator_decorator to 2026-09-17 00:00:00+00:00, run_after=2026-09-18 00:00:00+00:00
[2026-09-18T12:00:37.223+0700] {processor.py:208} INFO - Processing /Users/andreasanditya/Downloads/572392_Andreas_AirflowETL/code/.venv/lib/python3.9/site-packages/airflow/example_dags/example_branch_operator_decorator.py took 0.188 seconds
[2026-09-18T12:03:32.222+0700] {processor.py:186} INFO - Started process (PID=39286) to work on /Users/andreasanditya/Downloads/572392_Andreas_AirflowETL/code/.venv/lib/python3.9/site-packages/airflow/example_dags/example_branch_operator_decorator.py
[2026-09-18T12:03:32.223+0700] {processor.py:914} INFO - Processing file /Users/andreasanditya/Downloads/572392_Andreas_AirflowETL/code/.venv/lib/python3.9/site-packages/airflow/example_dags/example_branch_operator_decorator.py for tasks to queue
[2026-09-18T12:03:32.223+0700] {logging_mixin.py:190} INFO - [2026-09-18T12:03:32.223+0700] {dagbag.py:588} INFO - Filling up the DagBag from /Users/andreasanditya/Downloads/572392_Andreas_AirflowETL/code/.venv/lib/python3.9/site-packages/airflow/example_dags/example_branch_operator_decorator.py
[2026-09-18T12:03:32.276+0700] {processor.py:925} INFO - DAG(s) 'example_branch_python_operator_decorator' retrieved from /Users/andreasanditya/Downloads/572392_Andreas_AirflowETL/code/.venv/lib/python3.9/site-packages/airflow/example_dags/example_branch_operator_decorator.py
[2026-09-18T12:03:32.407+0700] {logging_mixin.py:190} INFO - [2026-09-18T12:03:32.407+0700] {dag.py:3239} INFO - Sync 1 DAGs
[2026-09-18T12:03:32.418+0700] {logging_mixin.py:190} INFO - [2026-09-18T12:03:32.417+0700] {dag.py:4180} INFO - Setting next_dagrun for example_branch_python_operator_decorator to 2026-09-17 00:00:00+00:00, run_after=2026-09-18 00:00:00+00:00
[2026-09-18T12:03:32.428+0700] {processor.py:208} INFO - Processing /Users/andreasanditya/Downloads/572392_Andreas_AirflowETL/code/.venv/lib/python3.9/site-packages/airflow/example_dags/example_branch_operator_decorator.py took 0.208 seconds
[2026-09-18T12:06:26.351+0700] {processor.py:186} INFO - Started process (PID=41029) to work on /Users/andreasanditya/Downloads/572392_Andreas_AirflowETL/code/.venv/lib/python3.9/site-packages/airflow/example_dags/example_branch_operator_decorator.py
[2026-09-18T12:06:26.352+0700] {processor.py:914} INFO - Processing file /Users/andreasanditya/Downloads/572392_Andreas_AirflowETL/code/.venv/lib/python3.9/site-packages/airflow/example_dags/example_branch_operator_decorator.py for tasks to queue
[2026-09-18T12:06:26.353+0700] {logging_mixin.py:190} INFO - [2026-09-18T12:06:26.353+0700] {dagbag.py:588} INFO - Filling up the DagBag from /Users/andreasanditya/Downloads/572392_Andreas_AirflowETL/code/.venv/lib/python3.9/site-packages/airflow/example_dags/example_branch_operator_decorator.py
[2026-09-18T12:06:26.406+0700] {processor.py:925} INFO - DAG(s) 'example_branch_python_operator_decorator' retrieved from /Users/andreasanditya/Downloads/572392_Andreas_AirflowETL/code/.venv/lib/python3.9/site-packages/airflow/example_dags/example_branch_operator_decorator.py
[2026-09-18T12:06:26.519+0700] {logging_mixin.py:190} INFO - [2026-09-18T12:06:26.518+0700] {dag.py:3239} INFO - Sync 1 DAGs
[2026-09-18T12:06:26.529+0700] {logging_mixin.py:190} INFO - [2026-09-18T12:06:26.529+0700] {dag.py:4180} INFO - Setting next_dagrun for example_branch_python_operator_decorator to 2026-09-17 00:00:00+00:00, run_after=2026-09-18 00:00:00+00:00
[2026-09-18T12:06:26.540+0700] {processor.py:208} INFO - Processing /Users/andreasanditya/Downloads/572392_Andreas_AirflowETL/code/.venv/lib/python3.9/site-packages/airflow/example_dags/example_branch_operator_decorator.py took 0.191 seconds
[2026-09-18T12:09:20.641+0700] {processor.py:186} INFO - Started process (PID=42765) to work on /Users/andreasanditya/Downloads/572392_Andreas_AirflowETL/code/.venv/lib/python3.9/site-packages/airflow/example_dags/example_branch_operator_decorator.py
[2026-09-18T12:09:20.642+0700] {processor.py:914} INFO - Processing file /Users/andreasanditya/Downloads/572392_Andreas_AirflowETL/code/.venv/lib/python3.9/site-packages/airflow/example_dags/example_branch_operator_decorator.py for tasks to queue
[2026-09-18T12:09:20.643+0700] {logging_mixin.py:190} INFO - [2026-09-18T12:09:20.643+0700] {dagbag.py:588} INFO - Filling up the DagBag from /Users/andreasanditya/Downloads/572392_Andreas_AirflowETL/code/.venv/lib/python3.9/site-packages/airflow/example_dags/example_branch_operator_decorator.py
[2026-09-18T12:09:20.696+0700] {processor.py:925} INFO - DAG(s) 'example_branch_python_operator_decorator' retrieved from /Users/andreasanditya/Downloads/572392_Andreas_AirflowETL/code/.venv/lib/python3.9/site-packages/airflow/example_dags/example_branch_operator_decorator.py
[2026-09-18T12:09:20.828+0700] {logging_mixin.py:190} INFO - [2026-09-18T12:09:20.828+0700] {dag.py:3239} INFO - Sync 1 DAGs
[2026-09-18T12:09:20.838+0700] {logging_mixin.py:190} INFO - [2026-09-18T12:09:20.838+0700] {dag.py:4180} INFO - Setting next_dagrun for example_branch_python_operator_decorator to 2026-09-17 00:00:00+00:00, run_after=2026-09-18 00:00:00+00:00
[2026-09-18T12:09:20.849+0700] {processor.py:208} INFO - Processing /Users/andreasanditya/Downloads/572392_Andreas_AirflowETL/code/.venv/lib/python3.9/site-packages/airflow/example_dags/example_branch_operator_decorator.py took 0.210 seconds
[2026-09-18T12:12:14.806+0700] {processor.py:186} INFO - Started process (PID=44502) to work on /Users/andreasanditya/Downloads/572392_Andreas_AirflowETL/code/.venv/lib/python3.9/site-packages/airflow/example_dags/example_branch_operator_decorator.py
[2026-09-18T12:12:14.808+0700] {processor.py:914} INFO - Processing file /Users/andreasanditya/Downloads/572392_Andreas_AirflowETL/code/.venv/lib/python3.9/site-packages/airflow/example_dags/example_branch_operator_decorator.py for tasks to queue
[2026-09-18T12:12:14.808+0700] {logging_mixin.py:190} INFO - [2026-09-18T12:12:14.808+0700] {dagbag.py:588} INFO - Filling up the DagBag from /Users/andreasanditya/Downloads/572392_Andreas_AirflowETL/code/.venv/lib/python3.9/site-packages/airflow/example_dags/example_branch_operator_decorator.py
[2026-09-18T12:12:14.861+0700] {processor.py:925} INFO - DAG(s) 'example_branch_python_operator_decorator' retrieved from /Users/andreasanditya/Downloads/572392_Andreas_AirflowETL/code/.venv/lib/python3.9/site-packages/airflow/example_dags/example_branch_operator_decorator.py
[2026-09-18T12:12:14.999+0700] {logging_mixin.py:190} INFO - [2026-09-18T12:12:14.998+0700] {dag.py:3239} INFO - Sync 1 DAGs
[2026-09-18T12:12:15.009+0700] {logging_mixin.py:190} INFO - [2026-09-18T12:12:15.009+0700] {dag.py:4180} INFO - Setting next_dagrun for example_branch_python_operator_decorator to 2026-09-17 00:00:00+00:00, run_after=2026-09-18 00:00:00+00:00
[2026-09-18T12:12:15.019+0700] {processor.py:208} INFO - Processing /Users/andreasanditya/Downloads/572392_Andreas_AirflowETL/code/.venv/lib/python3.9/site-packages/airflow/example_dags/example_branch_operator_decorator.py took 0.215 seconds
[2026-09-18T12:15:12.586+0700] {processor.py:186} INFO - Started process (PID=47278) to work on /Users/andreasanditya/Downloads/572392_Andreas_AirflowETL/code/.venv/lib/python3.9/site-packages/airflow/example_dags/example_branch_operator_decorator.py
[2026-09-18T12:15:12.587+0700] {processor.py:914} INFO - Processing file /Users/andreasanditya/Downloads/572392_Andreas_AirflowETL/code/.venv/lib/python3.9/site-packages/airflow/example_dags/example_branch_operator_decorator.py for tasks to queue
[2026-09-18T12:15:12.588+0700] {logging_mixin.py:190} INFO - [2026-09-18T12:15:12.588+0700] {dagbag.py:588} INFO - Filling up the DagBag from /Users/andreasanditya/Downloads/572392_Andreas_AirflowETL/code/.venv/lib/python3.9/site-packages/airflow/example_dags/example_branch_operator_decorator.py
[2026-09-18T12:15:12.640+0700] {processor.py:925} INFO - DAG(s) 'example_branch_python_operator_decorator' retrieved from /Users/andreasanditya/Downloads/572392_Andreas_AirflowETL/code/.venv/lib/python3.9/site-packages/airflow/example_dags/example_branch_operator_decorator.py
[2026-09-18T12:15:12.753+0700] {logging_mixin.py:190} INFO - [2026-09-18T12:15:12.752+0700] {dag.py:3239} INFO - Sync 1 DAGs
[2026-09-18T12:15:12.763+0700] {logging_mixin.py:190} INFO - [2026-09-18T12:15:12.763+0700] {dag.py:4180} INFO - Setting next_dagrun for example_branch_python_operator_decorator to 2026-09-17 00:00:00+00:00, run_after=2026-09-18 00:00:00+00:00
[2026-09-18T12:15:12.774+0700] {processor.py:208} INFO - Processing /Users/andreasanditya/Downloads/572392_Andreas_AirflowETL/code/.venv/lib/python3.9/site-packages/airflow/example_dags/example_branch_operator_decorator.py took 0.190 seconds
[2026-09-18T12:18:08.356+0700] {processor.py:186} INFO - Started process (PID=50154) to work on /Users/andreasanditya/Downloads/572392_Andreas_AirflowETL/code/.venv/lib/python3.9/site-packages/airflow/example_dags/example_branch_operator_decorator.py
[2026-09-18T12:18:08.357+0700] {processor.py:914} INFO - Processing file /Users/andreasanditya/Downloads/572392_Andreas_AirflowETL/code/.venv/lib/python3.9/site-packages/airflow/example_dags/example_branch_operator_decorator.py for tasks to queue
[2026-09-18T12:18:08.358+0700] {logging_mixin.py:190} INFO - [2026-09-18T12:18:08.357+0700] {dagbag.py:588} INFO - Filling up the DagBag from /Users/andreasanditya/Downloads/572392_Andreas_AirflowETL/code/.venv/lib/python3.9/site-packages/airflow/example_dags/example_branch_operator_decorator.py
[2026-09-18T12:18:08.416+0700] {processor.py:925} INFO - DAG(s) 'example_branch_python_operator_decorator' retrieved from /Users/andreasanditya/Downloads/572392_Andreas_AirflowETL/code/.venv/lib/python3.9/site-packages/airflow/example_dags/example_branch_operator_decorator.py
[2026-09-18T12:18:08.548+0700] {logging_mixin.py:190} INFO - [2026-09-18T12:18:08.548+0700] {dag.py:3239} INFO - Sync 1 DAGs
[2026-09-18T12:18:08.561+0700] {logging_mixin.py:190} INFO - [2026-09-18T12:18:08.561+0700] {dag.py:4180} INFO - Setting next_dagrun for example_branch_python_operator_decorator to 2026-09-17 00:00:00+00:00, run_after=2026-09-18 00:00:00+00:00
[2026-09-18T12:18:08.575+0700] {processor.py:208} INFO - Processing /Users/andreasanditya/Downloads/572392_Andreas_AirflowETL/code/.venv/lib/python3.9/site-packages/airflow/example_dags/example_branch_operator_decorator.py took 0.221 seconds
