[2026-09-18T11:17:52.166+0700] {processor.py:186} INFO - Started process (PID=10901) to work on /Users/andreasanditya/Downloads/572392_Andreas_AirflowETL/code/.venv/lib/python3.9/site-packages/airflow/example_dags/example_kubernetes_executor.py
[2026-09-18T11:17:52.167+0700] {processor.py:914} INFO - Processing file /Users/andreasanditya/Downloads/572392_Andreas_AirflowETL/code/.venv/lib/python3.9/site-packages/airflow/example_dags/example_kubernetes_executor.py for tasks to queue
[2026-09-18T11:17:52.168+0700] {logging_mixin.py:190} INFO - [2026-09-18T11:17:52.167+0700] {dagbag.py:588} INFO - Filling up the DagBag from /Users/andreasanditya/Downloads/572392_Andreas_AirflowETL/code/.venv/lib/python3.9/site-packages/airflow/example_dags/example_kubernetes_executor.py
[2026-09-18T11:17:52.214+0700] {logging_mixin.py:190} INFO - [2026-09-18T11:17:52.214+0700] {example_kubernetes_executor.py:39} WARNING - The example_kubernetes_executor example DAG requires the kubernetes provider. Please install it with: pip install apache-airflow[cncf.kubernetes]
[2026-09-18T11:17:52.214+0700] {processor.py:927} WARNING - No viable dags retrieved from /Users/andreasanditya/Downloads/572392_Andreas_AirflowETL/code/.venv/lib/python3.9/site-packages/airflow/example_dags/example_kubernetes_executor.py
[2026-09-18T11:17:52.268+0700] {processor.py:208} INFO - Processing /Users/andreasanditya/Downloads/572392_Andreas_AirflowETL/code/.venv/lib/python3.9/site-packages/airflow/example_dags/example_kubernetes_executor.py took 0.104 seconds
[2026-09-18T11:20:07.297+0700] {processor.py:186} INFO - Started process (PID=12389) to work on /Users/andreasanditya/Downloads/572392_Andreas_AirflowETL/code/.venv/lib/python3.9/site-packages/airflow/example_dags/example_kubernetes_executor.py
[2026-09-18T11:20:07.298+0700] {processor.py:914} INFO - Processing file /Users/andreasanditya/Downloads/572392_Andreas_AirflowETL/code/.venv/lib/python3.9/site-packages/airflow/example_dags/example_kubernetes_executor.py for tasks to queue
[2026-09-18T11:20:07.299+0700] {logging_mixin.py:190} INFO - [2026-09-18T11:20:07.299+0700] {dagbag.py:588} INFO - Filling up the DagBag from /Users/andreasanditya/Downloads/572392_Andreas_AirflowETL/code/.venv/lib/python3.9/site-packages/airflow/example_dags/example_kubernetes_executor.py
[2026-09-18T11:20:07.347+0700] {logging_mixin.py:190} INFO - [2026-09-18T11:20:07.347+0700] {example_kubernetes_executor.py:39} WARNING - The example_kubernetes_executor example DAG requires the kubernetes provider. Please install it with: pip install apache-airflow[cncf.kubernetes]
[2026-09-18T11:20:07.348+0700] {processor.py:927} WARNING - No viable dags retrieved from /Users/andreasanditya/Downloads/572392_Andreas_AirflowETL/code/.venv/lib/python3.9/site-packages/airflow/example_dags/example_kubernetes_executor.py
[2026-09-18T11:20:07.402+0700] {processor.py:208} INFO - Processing /Users/andreasanditya/Downloads/572392_Andreas_AirflowETL/code/.venv/lib/python3.9/site-packages/airflow/example_dags/example_kubernetes_executor.py took 0.107 seconds
[2026-09-18T11:25:05.262+0700] {processor.py:186} INFO - Started process (PID=15657) to work on /Users/andreasanditya/Downloads/572392_Andreas_AirflowETL/code/.venv/lib/python3.9/site-packages/airflow/example_dags/example_kubernetes_executor.py
[2026-09-18T11:25:05.263+0700] {processor.py:914} INFO - Processing file /Users/andreasanditya/Downloads/572392_Andreas_AirflowETL/code/.venv/lib/python3.9/site-packages/airflow/example_dags/example_kubernetes_executor.py for tasks to queue
[2026-09-18T11:25:05.264+0700] {logging_mixin.py:190} INFO - [2026-09-18T11:25:05.264+0700] {dagbag.py:588} INFO - Filling up the DagBag from /Users/andreasanditya/Downloads/572392_Andreas_AirflowETL/code/.venv/lib/python3.9/site-packages/airflow/example_dags/example_kubernetes_executor.py
[2026-09-18T11:25:05.308+0700] {logging_mixin.py:190} INFO - [2026-09-18T11:25:05.308+0700] {example_kubernetes_executor.py:39} WARNING - The example_kubernetes_executor example DAG requires the kubernetes provider. Please install it with: pip install apache-airflow[cncf.kubernetes]
[2026-09-18T11:25:05.309+0700] {processor.py:927} WARNING - No viable dags retrieved from /Users/andreasanditya/Downloads/572392_Andreas_AirflowETL/code/.venv/lib/python3.9/site-packages/airflow/example_dags/example_kubernetes_executor.py
[2026-09-18T11:25:05.362+0700] {processor.py:208} INFO - Processing /Users/andreasanditya/Downloads/572392_Andreas_AirflowETL/code/.venv/lib/python3.9/site-packages/airflow/example_dags/example_kubernetes_executor.py took 0.101 seconds
[2026-09-18T11:27:07.789+0700] {processor.py:186} INFO - Started process (PID=16881) to work on /Users/andreasanditya/Downloads/572392_Andreas_AirflowETL/code/.venv/lib/python3.9/site-packages/airflow/example_dags/example_kubernetes_executor.py
[2026-09-18T11:27:07.790+0700] {processor.py:914} INFO - Processing file /Users/andreasanditya/Downloads/572392_Andreas_AirflowETL/code/.venv/lib/python3.9/site-packages/airflow/example_dags/example_kubernetes_executor.py for tasks to queue
[2026-09-18T11:27:07.791+0700] {logging_mixin.py:190} INFO - [2026-09-18T11:27:07.791+0700] {dagbag.py:588} INFO - Filling up the DagBag from /Users/andreasanditya/Downloads/572392_Andreas_AirflowETL/code/.venv/lib/python3.9/site-packages/airflow/example_dags/example_kubernetes_executor.py
[2026-09-18T11:27:07.837+0700] {logging_mixin.py:190} INFO - [2026-09-18T11:27:07.837+0700] {example_kubernetes_executor.py:39} WARNING - The example_kubernetes_executor example DAG requires the kubernetes provider. Please install it with: pip install apache-airflow[cncf.kubernetes]
[2026-09-18T11:27:07.837+0700] {processor.py:927} WARNING - No viable dags retrieved from /Users/andreasanditya/Downloads/572392_Andreas_AirflowETL/code/.venv/lib/python3.9/site-packages/airflow/example_dags/example_kubernetes_executor.py
[2026-09-18T11:27:07.891+0700] {processor.py:208} INFO - Processing /Users/andreasanditya/Downloads/572392_Andreas_AirflowETL/code/.venv/lib/python3.9/site-packages/airflow/example_dags/example_kubernetes_executor.py took 0.104 seconds
[2026-09-18T11:30:05.371+0700] {processor.py:186} INFO - Started process (PID=18751) to work on /Users/andreasanditya/Downloads/572392_Andreas_AirflowETL/code/.venv/lib/python3.9/site-packages/airflow/example_dags/example_kubernetes_executor.py
[2026-09-18T11:30:05.372+0700] {processor.py:914} INFO - Processing file /Users/andreasanditya/Downloads/572392_Andreas_AirflowETL/code/.venv/lib/python3.9/site-packages/airflow/example_dags/example_kubernetes_executor.py for tasks to queue
[2026-09-18T11:30:05.373+0700] {logging_mixin.py:190} INFO - [2026-09-18T11:30:05.372+0700] {dagbag.py:588} INFO - Filling up the DagBag from /Users/andreasanditya/Downloads/572392_Andreas_AirflowETL/code/.venv/lib/python3.9/site-packages/airflow/example_dags/example_kubernetes_executor.py
[2026-09-18T11:30:05.417+0700] {logging_mixin.py:190} INFO - [2026-09-18T11:30:05.417+0700] {example_kubernetes_executor.py:39} WARNING - The example_kubernetes_executor example DAG requires the kubernetes provider. Please install it with: pip install apache-airflow[cncf.kubernetes]
[2026-09-18T11:30:05.418+0700] {processor.py:927} WARNING - No viable dags retrieved from /Users/andreasanditya/Downloads/572392_Andreas_AirflowETL/code/.venv/lib/python3.9/site-packages/airflow/example_dags/example_kubernetes_executor.py
[2026-09-18T11:30:05.472+0700] {processor.py:208} INFO - Processing /Users/andreasanditya/Downloads/572392_Andreas_AirflowETL/code/.venv/lib/python3.9/site-packages/airflow/example_dags/example_kubernetes_executor.py took 0.103 seconds
[2026-09-18T11:33:03.206+0700] {processor.py:186} INFO - Started process (PID=20588) to work on /Users/andreasanditya/Downloads/572392_Andreas_AirflowETL/code/.venv/lib/python3.9/site-packages/airflow/example_dags/example_kubernetes_executor.py
[2026-09-18T11:33:03.208+0700] {processor.py:914} INFO - Processing file /Users/andreasanditya/Downloads/572392_Andreas_AirflowETL/code/.venv/lib/python3.9/site-packages/airflow/example_dags/example_kubernetes_executor.py for tasks to queue
[2026-09-18T11:33:03.208+0700] {logging_mixin.py:190} INFO - [2026-09-18T11:33:03.208+0700] {dagbag.py:588} INFO - Filling up the DagBag from /Users/andreasanditya/Downloads/572392_Andreas_AirflowETL/code/.venv/lib/python3.9/site-packages/airflow/example_dags/example_kubernetes_executor.py
[2026-09-18T11:33:03.253+0700] {logging_mixin.py:190} INFO - [2026-09-18T11:33:03.253+0700] {example_kubernetes_executor.py:39} WARNING - The example_kubernetes_executor example DAG requires the kubernetes provider. Please install it with: pip install apache-airflow[cncf.kubernetes]
[2026-09-18T11:33:03.253+0700] {processor.py:927} WARNING - No viable dags retrieved from /Users/andreasanditya/Downloads/572392_Andreas_AirflowETL/code/.venv/lib/python3.9/site-packages/airflow/example_dags/example_kubernetes_executor.py
[2026-09-18T11:33:03.308+0700] {processor.py:208} INFO - Processing /Users/andreasanditya/Downloads/572392_Andreas_AirflowETL/code/.venv/lib/python3.9/site-packages/airflow/example_dags/example_kubernetes_executor.py took 0.103 seconds
[2026-09-18T11:35:57.657+0700] {processor.py:186} INFO - Started process (PID=22490) to work on /Users/andreasanditya/Downloads/572392_Andreas_AirflowETL/code/.venv/lib/python3.9/site-packages/airflow/example_dags/example_kubernetes_executor.py
[2026-09-18T11:35:57.658+0700] {processor.py:914} INFO - Processing file /Users/andreasanditya/Downloads/572392_Andreas_AirflowETL/code/.venv/lib/python3.9/site-packages/airflow/example_dags/example_kubernetes_executor.py for tasks to queue
[2026-09-18T11:35:57.659+0700] {logging_mixin.py:190} INFO - [2026-09-18T11:35:57.658+0700] {dagbag.py:588} INFO - Filling up the DagBag from /Users/andreasanditya/Downloads/572392_Andreas_AirflowETL/code/.venv/lib/python3.9/site-packages/airflow/example_dags/example_kubernetes_executor.py
[2026-09-18T11:35:57.707+0700] {logging_mixin.py:190} INFO - [2026-09-18T11:35:57.707+0700] {example_kubernetes_executor.py:39} WARNING - The example_kubernetes_executor example DAG requires the kubernetes provider. Please install it with: pip install apache-airflow[cncf.kubernetes]
[2026-09-18T11:35:57.707+0700] {processor.py:927} WARNING - No viable dags retrieved from /Users/andreasanditya/Downloads/572392_Andreas_AirflowETL/code/.venv/lib/python3.9/site-packages/airflow/example_dags/example_kubernetes_executor.py
[2026-09-18T11:35:57.761+0700] {processor.py:208} INFO - Processing /Users/andreasanditya/Downloads/572392_Andreas_AirflowETL/code/.venv/lib/python3.9/site-packages/airflow/example_dags/example_kubernetes_executor.py took 0.106 seconds
[2026-09-18T11:38:53.077+0700] {processor.py:186} INFO - Started process (PID=24324) to work on /Users/andreasanditya/Downloads/572392_Andreas_AirflowETL/code/.venv/lib/python3.9/site-packages/airflow/example_dags/example_kubernetes_executor.py
[2026-09-18T11:38:53.078+0700] {processor.py:914} INFO - Processing file /Users/andreasanditya/Downloads/572392_Andreas_AirflowETL/code/.venv/lib/python3.9/site-packages/airflow/example_dags/example_kubernetes_executor.py for tasks to queue
[2026-09-18T11:38:53.079+0700] {logging_mixin.py:190} INFO - [2026-09-18T11:38:53.079+0700] {dagbag.py:588} INFO - Filling up the DagBag from /Users/andreasanditya/Downloads/572392_Andreas_AirflowETL/code/.venv/lib/python3.9/site-packages/airflow/example_dags/example_kubernetes_executor.py
[2026-09-18T11:38:53.125+0700] {logging_mixin.py:190} INFO - [2026-09-18T11:38:53.125+0700] {example_kubernetes_executor.py:39} WARNING - The example_kubernetes_executor example DAG requires the kubernetes provider. Please install it with: pip install apache-airflow[cncf.kubernetes]
[2026-09-18T11:38:53.125+0700] {processor.py:927} WARNING - No viable dags retrieved from /Users/andreasanditya/Downloads/572392_Andreas_AirflowETL/code/.venv/lib/python3.9/site-packages/airflow/example_dags/example_kubernetes_executor.py
[2026-09-18T11:38:53.178+0700] {processor.py:208} INFO - Processing /Users/andreasanditya/Downloads/572392_Andreas_AirflowETL/code/.venv/lib/python3.9/site-packages/airflow/example_dags/example_kubernetes_executor.py took 0.103 seconds
[2026-09-18T11:41:51.594+0700] {processor.py:186} INFO - Started process (PID=26122) to work on /Users/andreasanditya/Downloads/572392_Andreas_AirflowETL/code/.venv/lib/python3.9/site-packages/airflow/example_dags/example_kubernetes_executor.py
[2026-09-18T11:41:51.595+0700] {processor.py:914} INFO - Processing file /Users/andreasanditya/Downloads/572392_Andreas_AirflowETL/code/.venv/lib/python3.9/site-packages/airflow/example_dags/example_kubernetes_executor.py for tasks to queue
[2026-09-18T11:41:51.596+0700] {logging_mixin.py:190} INFO - [2026-09-18T11:41:51.596+0700] {dagbag.py:588} INFO - Filling up the DagBag from /Users/andreasanditya/Downloads/572392_Andreas_AirflowETL/code/.venv/lib/python3.9/site-packages/airflow/example_dags/example_kubernetes_executor.py
[2026-09-18T11:41:51.644+0700] {logging_mixin.py:190} INFO - [2026-09-18T11:41:51.643+0700] {example_kubernetes_executor.py:39} WARNING - The example_kubernetes_executor example DAG requires the kubernetes provider. Please install it with: pip install apache-airflow[cncf.kubernetes]
[2026-09-18T11:41:51.644+0700] {processor.py:927} WARNING - No viable dags retrieved from /Users/andreasanditya/Downloads/572392_Andreas_AirflowETL/code/.venv/lib/python3.9/site-packages/airflow/example_dags/example_kubernetes_executor.py
[2026-09-18T11:41:51.698+0700] {processor.py:208} INFO - Processing /Users/andreasanditya/Downloads/572392_Andreas_AirflowETL/code/.venv/lib/python3.9/site-packages/airflow/example_dags/example_kubernetes_executor.py took 0.106 seconds
[2026-09-18T11:44:47.350+0700] {processor.py:186} INFO - Started process (PID=27944) to work on /Users/andreasanditya/Downloads/572392_Andreas_AirflowETL/code/.venv/lib/python3.9/site-packages/airflow/example_dags/example_kubernetes_executor.py
[2026-09-18T11:44:47.351+0700] {processor.py:914} INFO - Processing file /Users/andreasanditya/Downloads/572392_Andreas_AirflowETL/code/.venv/lib/python3.9/site-packages/airflow/example_dags/example_kubernetes_executor.py for tasks to queue
[2026-09-18T11:44:47.352+0700] {logging_mixin.py:190} INFO - [2026-09-18T11:44:47.352+0700] {dagbag.py:588} INFO - Filling up the DagBag from /Users/andreasanditya/Downloads/572392_Andreas_AirflowETL/code/.venv/lib/python3.9/site-packages/airflow/example_dags/example_kubernetes_executor.py
[2026-09-18T11:44:47.396+0700] {logging_mixin.py:190} INFO - [2026-09-18T11:44:47.396+0700] {example_kubernetes_executor.py:39} WARNING - The example_kubernetes_executor example DAG requires the kubernetes provider. Please install it with: pip install apache-airflow[cncf.kubernetes]
[2026-09-18T11:44:47.396+0700] {processor.py:927} WARNING - No viable dags retrieved from /Users/andreasanditya/Downloads/572392_Andreas_AirflowETL/code/.venv/lib/python3.9/site-packages/airflow/example_dags/example_kubernetes_executor.py
[2026-09-18T11:44:47.449+0700] {processor.py:208} INFO - Processing /Users/andreasanditya/Downloads/572392_Andreas_AirflowETL/code/.venv/lib/python3.9/site-packages/airflow/example_dags/example_kubernetes_executor.py took 0.101 seconds
[2026-09-18T11:47:40.352+0700] {processor.py:186} INFO - Started process (PID=29667) to work on /Users/andreasanditya/Downloads/572392_Andreas_AirflowETL/code/.venv/lib/python3.9/site-packages/airflow/example_dags/example_kubernetes_executor.py
[2026-09-18T11:47:40.353+0700] {processor.py:914} INFO - Processing file /Users/andreasanditya/Downloads/572392_Andreas_AirflowETL/code/.venv/lib/python3.9/site-packages/airflow/example_dags/example_kubernetes_executor.py for tasks to queue
[2026-09-18T11:47:40.354+0700] {logging_mixin.py:190} INFO - [2026-09-18T11:47:40.354+0700] {dagbag.py:588} INFO - Filling up the DagBag from /Users/andreasanditya/Downloads/572392_Andreas_AirflowETL/code/.venv/lib/python3.9/site-packages/airflow/example_dags/example_kubernetes_executor.py
[2026-09-18T11:47:40.398+0700] {logging_mixin.py:190} INFO - [2026-09-18T11:47:40.397+0700] {example_kubernetes_executor.py:39} WARNING - The example_kubernetes_executor example DAG requires the kubernetes provider. Please install it with: pip install apache-airflow[cncf.kubernetes]
[2026-09-18T11:47:40.398+0700] {processor.py:927} WARNING - No viable dags retrieved from /Users/andreasanditya/Downloads/572392_Andreas_AirflowETL/code/.venv/lib/python3.9/site-packages/airflow/example_dags/example_kubernetes_executor.py
[2026-09-18T11:47:40.451+0700] {processor.py:208} INFO - Processing /Users/andreasanditya/Downloads/572392_Andreas_AirflowETL/code/.venv/lib/python3.9/site-packages/airflow/example_dags/example_kubernetes_executor.py took 0.101 seconds
[2026-09-18T11:50:33.309+0700] {processor.py:186} INFO - Started process (PID=31415) to work on /Users/andreasanditya/Downloads/572392_Andreas_AirflowETL/code/.venv/lib/python3.9/site-packages/airflow/example_dags/example_kubernetes_executor.py
[2026-09-18T11:50:33.311+0700] {processor.py:914} INFO - Processing file /Users/andreasanditya/Downloads/572392_Andreas_AirflowETL/code/.venv/lib/python3.9/site-packages/airflow/example_dags/example_kubernetes_executor.py for tasks to queue
[2026-09-18T11:50:33.312+0700] {logging_mixin.py:190} INFO - [2026-09-18T11:50:33.311+0700] {dagbag.py:588} INFO - Filling up the DagBag from /Users/andreasanditya/Downloads/572392_Andreas_AirflowETL/code/.venv/lib/python3.9/site-packages/airflow/example_dags/example_kubernetes_executor.py
[2026-09-18T11:50:33.356+0700] {logging_mixin.py:190} INFO - [2026-09-18T11:50:33.356+0700] {example_kubernetes_executor.py:39} WARNING - The example_kubernetes_executor example DAG requires the kubernetes provider. Please install it with: pip install apache-airflow[cncf.kubernetes]
[2026-09-18T11:50:33.356+0700] {processor.py:927} WARNING - No viable dags retrieved from /Users/andreasanditya/Downloads/572392_Andreas_AirflowETL/code/.venv/lib/python3.9/site-packages/airflow/example_dags/example_kubernetes_executor.py
[2026-09-18T11:50:33.409+0700] {processor.py:208} INFO - Processing /Users/andreasanditya/Downloads/572392_Andreas_AirflowETL/code/.venv/lib/python3.9/site-packages/airflow/example_dags/example_kubernetes_executor.py took 0.101 seconds
[2026-09-18T11:53:24.930+0700] {processor.py:186} INFO - Started process (PID=33140) to work on /Users/andreasanditya/Downloads/572392_Andreas_AirflowETL/code/.venv/lib/python3.9/site-packages/airflow/example_dags/example_kubernetes_executor.py
[2026-09-18T11:53:24.931+0700] {processor.py:914} INFO - Processing file /Users/andreasanditya/Downloads/572392_Andreas_AirflowETL/code/.venv/lib/python3.9/site-packages/airflow/example_dags/example_kubernetes_executor.py for tasks to queue
[2026-09-18T11:53:24.932+0700] {logging_mixin.py:190} INFO - [2026-09-18T11:53:24.932+0700] {dagbag.py:588} INFO - Filling up the DagBag from /Users/andreasanditya/Downloads/572392_Andreas_AirflowETL/code/.venv/lib/python3.9/site-packages/airflow/example_dags/example_kubernetes_executor.py
[2026-09-18T11:53:24.976+0700] {logging_mixin.py:190} INFO - [2026-09-18T11:53:24.976+0700] {example_kubernetes_executor.py:39} WARNING - The example_kubernetes_executor example DAG requires the kubernetes provider. Please install it with: pip install apache-airflow[cncf.kubernetes]
[2026-09-18T11:53:24.976+0700] {processor.py:927} WARNING - No viable dags retrieved from /Users/andreasanditya/Downloads/572392_Andreas_AirflowETL/code/.venv/lib/python3.9/site-packages/airflow/example_dags/example_kubernetes_executor.py
[2026-09-18T11:53:25.029+0700] {processor.py:208} INFO - Processing /Users/andreasanditya/Downloads/572392_Andreas_AirflowETL/code/.venv/lib/python3.9/site-packages/airflow/example_dags/example_kubernetes_executor.py took 0.101 seconds
[2026-09-18T11:56:19.388+0700] {processor.py:186} INFO - Started process (PID=34886) to work on /Users/andreasanditya/Downloads/572392_Andreas_AirflowETL/code/.venv/lib/python3.9/site-packages/airflow/example_dags/example_kubernetes_executor.py
[2026-09-18T11:56:19.389+0700] {processor.py:914} INFO - Processing file /Users/andreasanditya/Downloads/572392_Andreas_AirflowETL/code/.venv/lib/python3.9/site-packages/airflow/example_dags/example_kubernetes_executor.py for tasks to queue
[2026-09-18T11:56:19.390+0700] {logging_mixin.py:190} INFO - [2026-09-18T11:56:19.390+0700] {dagbag.py:588} INFO - Filling up the DagBag from /Users/andreasanditya/Downloads/572392_Andreas_AirflowETL/code/.venv/lib/python3.9/site-packages/airflow/example_dags/example_kubernetes_executor.py
[2026-09-18T11:56:19.436+0700] {logging_mixin.py:190} INFO - [2026-09-18T11:56:19.436+0700] {example_kubernetes_executor.py:39} WARNING - The example_kubernetes_executor example DAG requires the kubernetes provider. Please install it with: pip install apache-airflow[cncf.kubernetes]
[2026-09-18T11:56:19.436+0700] {processor.py:927} WARNING - No viable dags retrieved from /Users/andreasanditya/Downloads/572392_Andreas_AirflowETL/code/.venv/lib/python3.9/site-packages/airflow/example_dags/example_kubernetes_executor.py
[2026-09-18T11:56:19.489+0700] {processor.py:208} INFO - Processing /Users/andreasanditya/Downloads/572392_Andreas_AirflowETL/code/.venv/lib/python3.9/site-packages/airflow/example_dags/example_kubernetes_executor.py took 0.103 seconds
[2026-09-18T11:59:10.555+0700] {processor.py:186} INFO - Started process (PID=36619) to work on /Users/andreasanditya/Downloads/572392_Andreas_AirflowETL/code/.venv/lib/python3.9/site-packages/airflow/example_dags/example_kubernetes_executor.py
[2026-09-18T11:59:10.556+0700] {processor.py:914} INFO - Processing file /Users/andreasanditya/Downloads/572392_Andreas_AirflowETL/code/.venv/lib/python3.9/site-packages/airflow/example_dags/example_kubernetes_executor.py for tasks to queue
[2026-09-18T11:59:10.556+0700] {logging_mixin.py:190} INFO - [2026-09-18T11:59:10.556+0700] {dagbag.py:588} INFO - Filling up the DagBag from /Users/andreasanditya/Downloads/572392_Andreas_AirflowETL/code/.venv/lib/python3.9/site-packages/airflow/example_dags/example_kubernetes_executor.py
[2026-09-18T11:59:10.600+0700] {logging_mixin.py:190} INFO - [2026-09-18T11:59:10.600+0700] {example_kubernetes_executor.py:39} WARNING - The example_kubernetes_executor example DAG requires the kubernetes provider. Please install it with: pip install apache-airflow[cncf.kubernetes]
[2026-09-18T11:59:10.601+0700] {processor.py:927} WARNING - No viable dags retrieved from /Users/andreasanditya/Downloads/572392_Andreas_AirflowETL/code/.venv/lib/python3.9/site-packages/airflow/example_dags/example_kubernetes_executor.py
[2026-09-18T11:59:10.658+0700] {processor.py:208} INFO - Processing /Users/andreasanditya/Downloads/572392_Andreas_AirflowETL/code/.venv/lib/python3.9/site-packages/airflow/example_dags/example_kubernetes_executor.py took 0.105 seconds
[2026-09-18T12:02:04.898+0700] {processor.py:186} INFO - Started process (PID=38353) to work on /Users/andreasanditya/Downloads/572392_Andreas_AirflowETL/code/.venv/lib/python3.9/site-packages/airflow/example_dags/example_kubernetes_executor.py
[2026-09-18T12:02:04.899+0700] {processor.py:914} INFO - Processing file /Users/andreasanditya/Downloads/572392_Andreas_AirflowETL/code/.venv/lib/python3.9/site-packages/airflow/example_dags/example_kubernetes_executor.py for tasks to queue
[2026-09-18T12:02:04.900+0700] {logging_mixin.py:190} INFO - [2026-09-18T12:02:04.900+0700] {dagbag.py:588} INFO - Filling up the DagBag from /Users/andreasanditya/Downloads/572392_Andreas_AirflowETL/code/.venv/lib/python3.9/site-packages/airflow/example_dags/example_kubernetes_executor.py
[2026-09-18T12:02:04.944+0700] {logging_mixin.py:190} INFO - [2026-09-18T12:02:04.944+0700] {example_kubernetes_executor.py:39} WARNING - The example_kubernetes_executor example DAG requires the kubernetes provider. Please install it with: pip install apache-airflow[cncf.kubernetes]
[2026-09-18T12:02:04.944+0700] {processor.py:927} WARNING - No viable dags retrieved from /Users/andreasanditya/Downloads/572392_Andreas_AirflowETL/code/.venv/lib/python3.9/site-packages/airflow/example_dags/example_kubernetes_executor.py
[2026-09-18T12:02:04.997+0700] {processor.py:208} INFO - Processing /Users/andreasanditya/Downloads/572392_Andreas_AirflowETL/code/.venv/lib/python3.9/site-packages/airflow/example_dags/example_kubernetes_executor.py took 0.101 seconds
[2026-09-18T12:04:58.490+0700] {processor.py:186} INFO - Started process (PID=40112) to work on /Users/andreasanditya/Downloads/572392_Andreas_AirflowETL/code/.venv/lib/python3.9/site-packages/airflow/example_dags/example_kubernetes_executor.py
[2026-09-18T12:04:58.491+0700] {processor.py:914} INFO - Processing file /Users/andreasanditya/Downloads/572392_Andreas_AirflowETL/code/.venv/lib/python3.9/site-packages/airflow/example_dags/example_kubernetes_executor.py for tasks to queue
[2026-09-18T12:04:58.491+0700] {logging_mixin.py:190} INFO - [2026-09-18T12:04:58.491+0700] {dagbag.py:588} INFO - Filling up the DagBag from /Users/andreasanditya/Downloads/572392_Andreas_AirflowETL/code/.venv/lib/python3.9/site-packages/airflow/example_dags/example_kubernetes_executor.py
[2026-09-18T12:04:58.535+0700] {logging_mixin.py:190} INFO - [2026-09-18T12:04:58.535+0700] {example_kubernetes_executor.py:39} WARNING - The example_kubernetes_executor example DAG requires the kubernetes provider. Please install it with: pip install apache-airflow[cncf.kubernetes]
[2026-09-18T12:04:58.535+0700] {processor.py:927} WARNING - No viable dags retrieved from /Users/andreasanditya/Downloads/572392_Andreas_AirflowETL/code/.venv/lib/python3.9/site-packages/airflow/example_dags/example_kubernetes_executor.py
[2026-09-18T12:04:58.589+0700] {processor.py:208} INFO - Processing /Users/andreasanditya/Downloads/572392_Andreas_AirflowETL/code/.venv/lib/python3.9/site-packages/airflow/example_dags/example_kubernetes_executor.py took 0.102 seconds
[2026-09-18T12:07:54.040+0700] {processor.py:186} INFO - Started process (PID=41930) to work on /Users/andreasanditya/Downloads/572392_Andreas_AirflowETL/code/.venv/lib/python3.9/site-packages/airflow/example_dags/example_kubernetes_executor.py
[2026-09-18T12:07:54.041+0700] {processor.py:914} INFO - Processing file /Users/andreasanditya/Downloads/572392_Andreas_AirflowETL/code/.venv/lib/python3.9/site-packages/airflow/example_dags/example_kubernetes_executor.py for tasks to queue
[2026-09-18T12:07:54.042+0700] {logging_mixin.py:190} INFO - [2026-09-18T12:07:54.042+0700] {dagbag.py:588} INFO - Filling up the DagBag from /Users/andreasanditya/Downloads/572392_Andreas_AirflowETL/code/.venv/lib/python3.9/site-packages/airflow/example_dags/example_kubernetes_executor.py
[2026-09-18T12:07:54.087+0700] {logging_mixin.py:190} INFO - [2026-09-18T12:07:54.087+0700] {example_kubernetes_executor.py:39} WARNING - The example_kubernetes_executor example DAG requires the kubernetes provider. Please install it with: pip install apache-airflow[cncf.kubernetes]
[2026-09-18T12:07:54.087+0700] {processor.py:927} WARNING - No viable dags retrieved from /Users/andreasanditya/Downloads/572392_Andreas_AirflowETL/code/.venv/lib/python3.9/site-packages/airflow/example_dags/example_kubernetes_executor.py
[2026-09-18T12:07:54.141+0700] {processor.py:208} INFO - Processing /Users/andreasanditya/Downloads/572392_Andreas_AirflowETL/code/.venv/lib/python3.9/site-packages/airflow/example_dags/example_kubernetes_executor.py took 0.102 seconds
[2026-09-18T12:10:45.856+0700] {processor.py:186} INFO - Started process (PID=43669) to work on /Users/andreasanditya/Downloads/572392_Andreas_AirflowETL/code/.venv/lib/python3.9/site-packages/airflow/example_dags/example_kubernetes_executor.py
[2026-09-18T12:10:45.859+0700] {processor.py:914} INFO - Processing file /Users/andreasanditya/Downloads/572392_Andreas_AirflowETL/code/.venv/lib/python3.9/site-packages/airflow/example_dags/example_kubernetes_executor.py for tasks to queue
[2026-09-18T12:10:45.860+0700] {logging_mixin.py:190} INFO - [2026-09-18T12:10:45.860+0700] {dagbag.py:588} INFO - Filling up the DagBag from /Users/andreasanditya/Downloads/572392_Andreas_AirflowETL/code/.venv/lib/python3.9/site-packages/airflow/example_dags/example_kubernetes_executor.py
[2026-09-18T12:10:45.904+0700] {logging_mixin.py:190} INFO - [2026-09-18T12:10:45.904+0700] {example_kubernetes_executor.py:39} WARNING - The example_kubernetes_executor example DAG requires the kubernetes provider. Please install it with: pip install apache-airflow[cncf.kubernetes]
[2026-09-18T12:10:45.905+0700] {processor.py:927} WARNING - No viable dags retrieved from /Users/andreasanditya/Downloads/572392_Andreas_AirflowETL/code/.venv/lib/python3.9/site-packages/airflow/example_dags/example_kubernetes_executor.py
[2026-09-18T12:10:45.958+0700] {processor.py:208} INFO - Processing /Users/andreasanditya/Downloads/572392_Andreas_AirflowETL/code/.venv/lib/python3.9/site-packages/airflow/example_dags/example_kubernetes_executor.py took 0.104 seconds
[2026-09-18T12:13:44.764+0700] {processor.py:186} INFO - Started process (PID=46245) to work on /Users/andreasanditya/Downloads/572392_Andreas_AirflowETL/code/.venv/lib/python3.9/site-packages/airflow/example_dags/example_kubernetes_executor.py
[2026-09-18T12:13:44.765+0700] {processor.py:914} INFO - Processing file /Users/andreasanditya/Downloads/572392_Andreas_AirflowETL/code/.venv/lib/python3.9/site-packages/airflow/example_dags/example_kubernetes_executor.py for tasks to queue
[2026-09-18T12:13:44.766+0700] {logging_mixin.py:190} INFO - [2026-09-18T12:13:44.766+0700] {dagbag.py:588} INFO - Filling up the DagBag from /Users/andreasanditya/Downloads/572392_Andreas_AirflowETL/code/.venv/lib/python3.9/site-packages/airflow/example_dags/example_kubernetes_executor.py
[2026-09-18T12:13:44.810+0700] {logging_mixin.py:190} INFO - [2026-09-18T12:13:44.810+0700] {example_kubernetes_executor.py:39} WARNING - The example_kubernetes_executor example DAG requires the kubernetes provider. Please install it with: pip install apache-airflow[cncf.kubernetes]
[2026-09-18T12:13:44.810+0700] {processor.py:927} WARNING - No viable dags retrieved from /Users/andreasanditya/Downloads/572392_Andreas_AirflowETL/code/.venv/lib/python3.9/site-packages/airflow/example_dags/example_kubernetes_executor.py
[2026-09-18T12:13:44.863+0700] {processor.py:208} INFO - Processing /Users/andreasanditya/Downloads/572392_Andreas_AirflowETL/code/.venv/lib/python3.9/site-packages/airflow/example_dags/example_kubernetes_executor.py took 0.100 seconds
[2026-09-18T12:16:39.917+0700] {processor.py:186} INFO - Started process (PID=49071) to work on /Users/andreasanditya/Downloads/572392_Andreas_AirflowETL/code/.venv/lib/python3.9/site-packages/airflow/example_dags/example_kubernetes_executor.py
[2026-09-18T12:16:39.918+0700] {processor.py:914} INFO - Processing file /Users/andreasanditya/Downloads/572392_Andreas_AirflowETL/code/.venv/lib/python3.9/site-packages/airflow/example_dags/example_kubernetes_executor.py for tasks to queue
[2026-09-18T12:16:39.919+0700] {logging_mixin.py:190} INFO - [2026-09-18T12:16:39.919+0700] {dagbag.py:588} INFO - Filling up the DagBag from /Users/andreasanditya/Downloads/572392_Andreas_AirflowETL/code/.venv/lib/python3.9/site-packages/airflow/example_dags/example_kubernetes_executor.py
[2026-09-18T12:16:39.963+0700] {logging_mixin.py:190} INFO - [2026-09-18T12:16:39.963+0700] {example_kubernetes_executor.py:39} WARNING - The example_kubernetes_executor example DAG requires the kubernetes provider. Please install it with: pip install apache-airflow[cncf.kubernetes]
[2026-09-18T12:16:39.963+0700] {processor.py:927} WARNING - No viable dags retrieved from /Users/andreasanditya/Downloads/572392_Andreas_AirflowETL/code/.venv/lib/python3.9/site-packages/airflow/example_dags/example_kubernetes_executor.py
[2026-09-18T12:16:40.016+0700] {processor.py:208} INFO - Processing /Users/andreasanditya/Downloads/572392_Andreas_AirflowETL/code/.venv/lib/python3.9/site-packages/airflow/example_dags/example_kubernetes_executor.py took 0.101 seconds
[2026-09-18T12:19:38.359+0700] {processor.py:186} INFO - Started process (PID=51969) to work on /Users/andreasanditya/Downloads/572392_Andreas_AirflowETL/code/.venv/lib/python3.9/site-packages/airflow/example_dags/example_kubernetes_executor.py
[2026-09-18T12:19:38.360+0700] {processor.py:914} INFO - Processing file /Users/andreasanditya/Downloads/572392_Andreas_AirflowETL/code/.venv/lib/python3.9/site-packages/airflow/example_dags/example_kubernetes_executor.py for tasks to queue
[2026-09-18T12:19:38.361+0700] {logging_mixin.py:190} INFO - [2026-09-18T12:19:38.361+0700] {dagbag.py:588} INFO - Filling up the DagBag from /Users/andreasanditya/Downloads/572392_Andreas_AirflowETL/code/.venv/lib/python3.9/site-packages/airflow/example_dags/example_kubernetes_executor.py
[2026-09-18T12:19:38.407+0700] {logging_mixin.py:190} INFO - [2026-09-18T12:19:38.407+0700] {example_kubernetes_executor.py:39} WARNING - The example_kubernetes_executor example DAG requires the kubernetes provider. Please install it with: pip install apache-airflow[cncf.kubernetes]
[2026-09-18T12:19:38.407+0700] {processor.py:927} WARNING - No viable dags retrieved from /Users/andreasanditya/Downloads/572392_Andreas_AirflowETL/code/.venv/lib/python3.9/site-packages/airflow/example_dags/example_kubernetes_executor.py
[2026-09-18T12:19:38.460+0700] {processor.py:208} INFO - Processing /Users/andreasanditya/Downloads/572392_Andreas_AirflowETL/code/.venv/lib/python3.9/site-packages/airflow/example_dags/example_kubernetes_executor.py took 0.103 seconds
[2026-09-18T12:22:32.974+0700] {processor.py:186} INFO - Started process (PID=54267) to work on /Users/andreasanditya/Downloads/572392_Andreas_AirflowETL/code/.venv/lib/python3.9/site-packages/airflow/example_dags/example_kubernetes_executor.py
[2026-09-18T12:22:32.975+0700] {processor.py:914} INFO - Processing file /Users/andreasanditya/Downloads/572392_Andreas_AirflowETL/code/.venv/lib/python3.9/site-packages/airflow/example_dags/example_kubernetes_executor.py for tasks to queue
[2026-09-18T12:22:32.975+0700] {logging_mixin.py:190} INFO - [2026-09-18T12:22:32.975+0700] {dagbag.py:588} INFO - Filling up the DagBag from /Users/andreasanditya/Downloads/572392_Andreas_AirflowETL/code/.venv/lib/python3.9/site-packages/airflow/example_dags/example_kubernetes_executor.py
[2026-09-18T12:22:33.026+0700] {logging_mixin.py:190} INFO - [2026-09-18T12:22:33.026+0700] {example_kubernetes_executor.py:39} WARNING - The example_kubernetes_executor example DAG requires the kubernetes provider. Please install it with: pip install apache-airflow[cncf.kubernetes]
[2026-09-18T12:22:33.026+0700] {processor.py:927} WARNING - No viable dags retrieved from /Users/andreasanditya/Downloads/572392_Andreas_AirflowETL/code/.venv/lib/python3.9/site-packages/airflow/example_dags/example_kubernetes_executor.py
[2026-09-18T12:22:33.083+0700] {processor.py:208} INFO - Processing /Users/andreasanditya/Downloads/572392_Andreas_AirflowETL/code/.venv/lib/python3.9/site-packages/airflow/example_dags/example_kubernetes_executor.py took 0.112 seconds
[2026-09-18T12:25:26.605+0700] {processor.py:186} INFO - Started process (PID=56107) to work on /Users/andreasanditya/Downloads/572392_Andreas_AirflowETL/code/.venv/lib/python3.9/site-packages/airflow/example_dags/example_kubernetes_executor.py
[2026-09-18T12:25:26.606+0700] {processor.py:914} INFO - Processing file /Users/andreasanditya/Downloads/572392_Andreas_AirflowETL/code/.venv/lib/python3.9/site-packages/airflow/example_dags/example_kubernetes_executor.py for tasks to queue
[2026-09-18T12:25:26.607+0700] {logging_mixin.py:190} INFO - [2026-09-18T12:25:26.606+0700] {dagbag.py:588} INFO - Filling up the DagBag from /Users/andreasanditya/Downloads/572392_Andreas_AirflowETL/code/.venv/lib/python3.9/site-packages/airflow/example_dags/example_kubernetes_executor.py
[2026-09-18T12:25:26.656+0700] {logging_mixin.py:190} INFO - [2026-09-18T12:25:26.656+0700] {example_kubernetes_executor.py:39} WARNING - The example_kubernetes_executor example DAG requires the kubernetes provider. Please install it with: pip install apache-airflow[cncf.kubernetes]
[2026-09-18T12:25:26.656+0700] {processor.py:927} WARNING - No viable dags retrieved from /Users/andreasanditya/Downloads/572392_Andreas_AirflowETL/code/.venv/lib/python3.9/site-packages/airflow/example_dags/example_kubernetes_executor.py
[2026-09-18T12:25:26.710+0700] {processor.py:208} INFO - Processing /Users/andreasanditya/Downloads/572392_Andreas_AirflowETL/code/.venv/lib/python3.9/site-packages/airflow/example_dags/example_kubernetes_executor.py took 0.107 seconds
[2026-09-18T12:28:19.741+0700] {processor.py:186} INFO - Started process (PID=57950) to work on /Users/andreasanditya/Downloads/572392_Andreas_AirflowETL/code/.venv/lib/python3.9/site-packages/airflow/example_dags/example_kubernetes_executor.py
[2026-09-18T12:28:19.742+0700] {processor.py:914} INFO - Processing file /Users/andreasanditya/Downloads/572392_Andreas_AirflowETL/code/.venv/lib/python3.9/site-packages/airflow/example_dags/example_kubernetes_executor.py for tasks to queue
[2026-09-18T12:28:19.743+0700] {logging_mixin.py:190} INFO - [2026-09-18T12:28:19.743+0700] {dagbag.py:588} INFO - Filling up the DagBag from /Users/andreasanditya/Downloads/572392_Andreas_AirflowETL/code/.venv/lib/python3.9/site-packages/airflow/example_dags/example_kubernetes_executor.py
[2026-09-18T12:28:19.786+0700] {logging_mixin.py:190} INFO - [2026-09-18T12:28:19.786+0700] {example_kubernetes_executor.py:39} WARNING - The example_kubernetes_executor example DAG requires the kubernetes provider. Please install it with: pip install apache-airflow[cncf.kubernetes]
[2026-09-18T12:28:19.786+0700] {processor.py:927} WARNING - No viable dags retrieved from /Users/andreasanditya/Downloads/572392_Andreas_AirflowETL/code/.venv/lib/python3.9/site-packages/airflow/example_dags/example_kubernetes_executor.py
[2026-09-18T12:28:19.840+0700] {processor.py:208} INFO - Processing /Users/andreasanditya/Downloads/572392_Andreas_AirflowETL/code/.venv/lib/python3.9/site-packages/airflow/example_dags/example_kubernetes_executor.py took 0.101 seconds
[2026-09-18T12:31:06.535+0700] {processor.py:186} INFO - Started process (PID=59622) to work on /Users/andreasanditya/Downloads/572392_Andreas_AirflowETL/code/.venv/lib/python3.9/site-packages/airflow/example_dags/example_kubernetes_executor.py
[2026-09-18T12:31:06.536+0700] {processor.py:914} INFO - Processing file /Users/andreasanditya/Downloads/572392_Andreas_AirflowETL/code/.venv/lib/python3.9/site-packages/airflow/example_dags/example_kubernetes_executor.py for tasks to queue
[2026-09-18T12:31:06.537+0700] {logging_mixin.py:190} INFO - [2026-09-18T12:31:06.537+0700] {dagbag.py:588} INFO - Filling up the DagBag from /Users/andreasanditya/Downloads/572392_Andreas_AirflowETL/code/.venv/lib/python3.9/site-packages/airflow/example_dags/example_kubernetes_executor.py
[2026-09-18T12:31:06.581+0700] {logging_mixin.py:190} INFO - [2026-09-18T12:31:06.581+0700] {example_kubernetes_executor.py:39} WARNING - The example_kubernetes_executor example DAG requires the kubernetes provider. Please install it with: pip install apache-airflow[cncf.kubernetes]
[2026-09-18T12:31:06.581+0700] {processor.py:927} WARNING - No viable dags retrieved from /Users/andreasanditya/Downloads/572392_Andreas_AirflowETL/code/.venv/lib/python3.9/site-packages/airflow/example_dags/example_kubernetes_executor.py
[2026-09-18T12:31:06.635+0700] {processor.py:208} INFO - Processing /Users/andreasanditya/Downloads/572392_Andreas_AirflowETL/code/.venv/lib/python3.9/site-packages/airflow/example_dags/example_kubernetes_executor.py took 0.102 seconds
[2026-09-18T12:33:55.922+0700] {processor.py:186} INFO - Started process (PID=61392) to work on /Users/andreasanditya/Downloads/572392_Andreas_AirflowETL/code/.venv/lib/python3.9/site-packages/airflow/example_dags/example_kubernetes_executor.py
[2026-09-18T12:33:55.923+0700] {processor.py:914} INFO - Processing file /Users/andreasanditya/Downloads/572392_Andreas_AirflowETL/code/.venv/lib/python3.9/site-packages/airflow/example_dags/example_kubernetes_executor.py for tasks to queue
[2026-09-18T12:33:55.924+0700] {logging_mixin.py:190} INFO - [2026-09-18T12:33:55.924+0700] {dagbag.py:588} INFO - Filling up the DagBag from /Users/andreasanditya/Downloads/572392_Andreas_AirflowETL/code/.venv/lib/python3.9/site-packages/airflow/example_dags/example_kubernetes_executor.py
[2026-09-18T12:33:55.967+0700] {logging_mixin.py:190} INFO - [2026-09-18T12:33:55.967+0700] {example_kubernetes_executor.py:39} WARNING - The example_kubernetes_executor example DAG requires the kubernetes provider. Please install it with: pip install apache-airflow[cncf.kubernetes]
[2026-09-18T12:33:55.967+0700] {processor.py:927} WARNING - No viable dags retrieved from /Users/andreasanditya/Downloads/572392_Andreas_AirflowETL/code/.venv/lib/python3.9/site-packages/airflow/example_dags/example_kubernetes_executor.py
[2026-09-18T12:33:56.019+0700] {processor.py:208} INFO - Processing /Users/andreasanditya/Downloads/572392_Andreas_AirflowETL/code/.venv/lib/python3.9/site-packages/airflow/example_dags/example_kubernetes_executor.py took 0.099 seconds
[2026-09-18T12:36:46.190+0700] {processor.py:186} INFO - Started process (PID=63144) to work on /Users/andreasanditya/Downloads/572392_Andreas_AirflowETL/code/.venv/lib/python3.9/site-packages/airflow/example_dags/example_kubernetes_executor.py
[2026-09-18T12:36:46.190+0700] {processor.py:914} INFO - Processing file /Users/andreasanditya/Downloads/572392_Andreas_AirflowETL/code/.venv/lib/python3.9/site-packages/airflow/example_dags/example_kubernetes_executor.py for tasks to queue
[2026-09-18T12:36:46.191+0700] {logging_mixin.py:190} INFO - [2026-09-18T12:36:46.191+0700] {dagbag.py:588} INFO - Filling up the DagBag from /Users/andreasanditya/Downloads/572392_Andreas_AirflowETL/code/.venv/lib/python3.9/site-packages/airflow/example_dags/example_kubernetes_executor.py
[2026-09-18T12:36:46.236+0700] {logging_mixin.py:190} INFO - [2026-09-18T12:36:46.235+0700] {example_kubernetes_executor.py:39} WARNING - The example_kubernetes_executor example DAG requires the kubernetes provider. Please install it with: pip install apache-airflow[cncf.kubernetes]
[2026-09-18T12:36:46.236+0700] {processor.py:927} WARNING - No viable dags retrieved from /Users/andreasanditya/Downloads/572392_Andreas_AirflowETL/code/.venv/lib/python3.9/site-packages/airflow/example_dags/example_kubernetes_executor.py
[2026-09-18T12:36:46.289+0700] {processor.py:208} INFO - Processing /Users/andreasanditya/Downloads/572392_Andreas_AirflowETL/code/.venv/lib/python3.9/site-packages/airflow/example_dags/example_kubernetes_executor.py took 0.102 seconds
[2026-09-18T12:39:40.564+0700] {processor.py:186} INFO - Started process (PID=64903) to work on /Users/andreasanditya/Downloads/572392_Andreas_AirflowETL/code/.venv/lib/python3.9/site-packages/airflow/example_dags/example_kubernetes_executor.py
[2026-09-18T12:39:40.564+0700] {processor.py:914} INFO - Processing file /Users/andreasanditya/Downloads/572392_Andreas_AirflowETL/code/.venv/lib/python3.9/site-packages/airflow/example_dags/example_kubernetes_executor.py for tasks to queue
[2026-09-18T12:39:40.565+0700] {logging_mixin.py:190} INFO - [2026-09-18T12:39:40.565+0700] {dagbag.py:588} INFO - Filling up the DagBag from /Users/andreasanditya/Downloads/572392_Andreas_AirflowETL/code/.venv/lib/python3.9/site-packages/airflow/example_dags/example_kubernetes_executor.py
[2026-09-18T12:39:40.616+0700] {logging_mixin.py:190} INFO - [2026-09-18T12:39:40.616+0700] {example_kubernetes_executor.py:39} WARNING - The example_kubernetes_executor example DAG requires the kubernetes provider. Please install it with: pip install apache-airflow[cncf.kubernetes]
[2026-09-18T12:39:40.616+0700] {processor.py:927} WARNING - No viable dags retrieved from /Users/andreasanditya/Downloads/572392_Andreas_AirflowETL/code/.venv/lib/python3.9/site-packages/airflow/example_dags/example_kubernetes_executor.py
[2026-09-18T12:39:40.669+0700] {processor.py:208} INFO - Processing /Users/andreasanditya/Downloads/572392_Andreas_AirflowETL/code/.venv/lib/python3.9/site-packages/airflow/example_dags/example_kubernetes_executor.py took 0.108 seconds
[2026-09-18T12:42:32.622+0700] {processor.py:186} INFO - Started process (PID=66652) to work on /Users/andreasanditya/Downloads/572392_Andreas_AirflowETL/code/.venv/lib/python3.9/site-packages/airflow/example_dags/example_kubernetes_executor.py
[2026-09-18T12:42:32.623+0700] {processor.py:914} INFO - Processing file /Users/andreasanditya/Downloads/572392_Andreas_AirflowETL/code/.venv/lib/python3.9/site-packages/airflow/example_dags/example_kubernetes_executor.py for tasks to queue
[2026-09-18T12:42:32.623+0700] {logging_mixin.py:190} INFO - [2026-09-18T12:42:32.623+0700] {dagbag.py:588} INFO - Filling up the DagBag from /Users/andreasanditya/Downloads/572392_Andreas_AirflowETL/code/.venv/lib/python3.9/site-packages/airflow/example_dags/example_kubernetes_executor.py
[2026-09-18T12:42:32.666+0700] {logging_mixin.py:190} INFO - [2026-09-18T12:42:32.666+0700] {example_kubernetes_executor.py:39} WARNING - The example_kubernetes_executor example DAG requires the kubernetes provider. Please install it with: pip install apache-airflow[cncf.kubernetes]
[2026-09-18T12:42:32.666+0700] {processor.py:927} WARNING - No viable dags retrieved from /Users/andreasanditya/Downloads/572392_Andreas_AirflowETL/code/.venv/lib/python3.9/site-packages/airflow/example_dags/example_kubernetes_executor.py
[2026-09-18T12:42:32.719+0700] {processor.py:208} INFO - Processing /Users/andreasanditya/Downloads/572392_Andreas_AirflowETL/code/.venv/lib/python3.9/site-packages/airflow/example_dags/example_kubernetes_executor.py took 0.099 seconds
[2026-09-18T12:45:26.954+0700] {processor.py:186} INFO - Started process (PID=68414) to work on /Users/andreasanditya/Downloads/572392_Andreas_AirflowETL/code/.venv/lib/python3.9/site-packages/airflow/example_dags/example_kubernetes_executor.py
[2026-09-18T12:45:26.955+0700] {processor.py:914} INFO - Processing file /Users/andreasanditya/Downloads/572392_Andreas_AirflowETL/code/.venv/lib/python3.9/site-packages/airflow/example_dags/example_kubernetes_executor.py for tasks to queue
[2026-09-18T12:45:26.956+0700] {logging_mixin.py:190} INFO - [2026-09-18T12:45:26.955+0700] {dagbag.py:588} INFO - Filling up the DagBag from /Users/andreasanditya/Downloads/572392_Andreas_AirflowETL/code/.venv/lib/python3.9/site-packages/airflow/example_dags/example_kubernetes_executor.py
[2026-09-18T12:45:26.999+0700] {logging_mixin.py:190} INFO - [2026-09-18T12:45:26.998+0700] {example_kubernetes_executor.py:39} WARNING - The example_kubernetes_executor example DAG requires the kubernetes provider. Please install it with: pip install apache-airflow[cncf.kubernetes]
[2026-09-18T12:45:26.999+0700] {processor.py:927} WARNING - No viable dags retrieved from /Users/andreasanditya/Downloads/572392_Andreas_AirflowETL/code/.venv/lib/python3.9/site-packages/airflow/example_dags/example_kubernetes_executor.py
[2026-09-18T12:45:27.051+0700] {processor.py:208} INFO - Processing /Users/andreasanditya/Downloads/572392_Andreas_AirflowETL/code/.venv/lib/python3.9/site-packages/airflow/example_dags/example_kubernetes_executor.py took 0.099 seconds
[2026-09-18T12:48:18.479+0700] {processor.py:186} INFO - Started process (PID=70153) to work on /Users/andreasanditya/Downloads/572392_Andreas_AirflowETL/code/.venv/lib/python3.9/site-packages/airflow/example_dags/example_kubernetes_executor.py
[2026-09-18T12:48:18.480+0700] {processor.py:914} INFO - Processing file /Users/andreasanditya/Downloads/572392_Andreas_AirflowETL/code/.venv/lib/python3.9/site-packages/airflow/example_dags/example_kubernetes_executor.py for tasks to queue
[2026-09-18T12:48:18.481+0700] {logging_mixin.py:190} INFO - [2026-09-18T12:48:18.481+0700] {dagbag.py:588} INFO - Filling up the DagBag from /Users/andreasanditya/Downloads/572392_Andreas_AirflowETL/code/.venv/lib/python3.9/site-packages/airflow/example_dags/example_kubernetes_executor.py
[2026-09-18T12:48:18.524+0700] {logging_mixin.py:190} INFO - [2026-09-18T12:48:18.524+0700] {example_kubernetes_executor.py:39} WARNING - The example_kubernetes_executor example DAG requires the kubernetes provider. Please install it with: pip install apache-airflow[cncf.kubernetes]
[2026-09-18T12:48:18.524+0700] {processor.py:927} WARNING - No viable dags retrieved from /Users/andreasanditya/Downloads/572392_Andreas_AirflowETL/code/.venv/lib/python3.9/site-packages/airflow/example_dags/example_kubernetes_executor.py
[2026-09-18T12:48:18.577+0700] {processor.py:208} INFO - Processing /Users/andreasanditya/Downloads/572392_Andreas_AirflowETL/code/.venv/lib/python3.9/site-packages/airflow/example_dags/example_kubernetes_executor.py took 0.100 seconds
[2026-09-18T12:51:07.691+0700] {processor.py:186} INFO - Started process (PID=71889) to work on /Users/andreasanditya/Downloads/572392_Andreas_AirflowETL/code/.venv/lib/python3.9/site-packages/airflow/example_dags/example_kubernetes_executor.py
[2026-09-18T12:51:07.691+0700] {processor.py:914} INFO - Processing file /Users/andreasanditya/Downloads/572392_Andreas_AirflowETL/code/.venv/lib/python3.9/site-packages/airflow/example_dags/example_kubernetes_executor.py for tasks to queue
[2026-09-18T12:51:07.692+0700] {logging_mixin.py:190} INFO - [2026-09-18T12:51:07.692+0700] {dagbag.py:588} INFO - Filling up the DagBag from /Users/andreasanditya/Downloads/572392_Andreas_AirflowETL/code/.venv/lib/python3.9/site-packages/airflow/example_dags/example_kubernetes_executor.py
[2026-09-18T12:51:07.736+0700] {logging_mixin.py:190} INFO - [2026-09-18T12:51:07.736+0700] {example_kubernetes_executor.py:39} WARNING - The example_kubernetes_executor example DAG requires the kubernetes provider. Please install it with: pip install apache-airflow[cncf.kubernetes]
[2026-09-18T12:51:07.736+0700] {processor.py:927} WARNING - No viable dags retrieved from /Users/andreasanditya/Downloads/572392_Andreas_AirflowETL/code/.venv/lib/python3.9/site-packages/airflow/example_dags/example_kubernetes_executor.py
[2026-09-18T12:51:07.789+0700] {processor.py:208} INFO - Processing /Users/andreasanditya/Downloads/572392_Andreas_AirflowETL/code/.venv/lib/python3.9/site-packages/airflow/example_dags/example_kubernetes_executor.py took 0.101 seconds
[2026-09-18T12:53:57.592+0700] {processor.py:186} INFO - Started process (PID=73568) to work on /Users/andreasanditya/Downloads/572392_Andreas_AirflowETL/code/.venv/lib/python3.9/site-packages/airflow/example_dags/example_kubernetes_executor.py
[2026-09-18T12:53:57.593+0700] {processor.py:914} INFO - Processing file /Users/andreasanditya/Downloads/572392_Andreas_AirflowETL/code/.venv/lib/python3.9/site-packages/airflow/example_dags/example_kubernetes_executor.py for tasks to queue
[2026-09-18T12:53:57.594+0700] {logging_mixin.py:190} INFO - [2026-09-18T12:53:57.594+0700] {dagbag.py:588} INFO - Filling up the DagBag from /Users/andreasanditya/Downloads/572392_Andreas_AirflowETL/code/.venv/lib/python3.9/site-packages/airflow/example_dags/example_kubernetes_executor.py
[2026-09-18T12:53:57.638+0700] {logging_mixin.py:190} INFO - [2026-09-18T12:53:57.638+0700] {example_kubernetes_executor.py:39} WARNING - The example_kubernetes_executor example DAG requires the kubernetes provider. Please install it with: pip install apache-airflow[cncf.kubernetes]
[2026-09-18T12:53:57.638+0700] {processor.py:927} WARNING - No viable dags retrieved from /Users/andreasanditya/Downloads/572392_Andreas_AirflowETL/code/.venv/lib/python3.9/site-packages/airflow/example_dags/example_kubernetes_executor.py
[2026-09-18T12:53:57.691+0700] {processor.py:208} INFO - Processing /Users/andreasanditya/Downloads/572392_Andreas_AirflowETL/code/.venv/lib/python3.9/site-packages/airflow/example_dags/example_kubernetes_executor.py took 0.101 seconds
[2026-09-18T12:56:47.688+0700] {processor.py:186} INFO - Started process (PID=75324) to work on /Users/andreasanditya/Downloads/572392_Andreas_AirflowETL/code/.venv/lib/python3.9/site-packages/airflow/example_dags/example_kubernetes_executor.py
[2026-09-18T12:56:47.690+0700] {processor.py:914} INFO - Processing file /Users/andreasanditya/Downloads/572392_Andreas_AirflowETL/code/.venv/lib/python3.9/site-packages/airflow/example_dags/example_kubernetes_executor.py for tasks to queue
[2026-09-18T12:56:47.691+0700] {logging_mixin.py:190} INFO - [2026-09-18T12:56:47.691+0700] {dagbag.py:588} INFO - Filling up the DagBag from /Users/andreasanditya/Downloads/572392_Andreas_AirflowETL/code/.venv/lib/python3.9/site-packages/airflow/example_dags/example_kubernetes_executor.py
[2026-09-18T12:56:47.735+0700] {logging_mixin.py:190} INFO - [2026-09-18T12:56:47.735+0700] {example_kubernetes_executor.py:39} WARNING - The example_kubernetes_executor example DAG requires the kubernetes provider. Please install it with: pip install apache-airflow[cncf.kubernetes]
[2026-09-18T12:56:47.736+0700] {processor.py:927} WARNING - No viable dags retrieved from /Users/andreasanditya/Downloads/572392_Andreas_AirflowETL/code/.venv/lib/python3.9/site-packages/airflow/example_dags/example_kubernetes_executor.py
[2026-09-18T12:56:47.788+0700] {processor.py:208} INFO - Processing /Users/andreasanditya/Downloads/572392_Andreas_AirflowETL/code/.venv/lib/python3.9/site-packages/airflow/example_dags/example_kubernetes_executor.py took 0.103 seconds
[2026-09-18T12:59:38.569+0700] {processor.py:186} INFO - Started process (PID=77098) to work on /Users/andreasanditya/Downloads/572392_Andreas_AirflowETL/code/.venv/lib/python3.9/site-packages/airflow/example_dags/example_kubernetes_executor.py
[2026-09-18T12:59:38.570+0700] {processor.py:914} INFO - Processing file /Users/andreasanditya/Downloads/572392_Andreas_AirflowETL/code/.venv/lib/python3.9/site-packages/airflow/example_dags/example_kubernetes_executor.py for tasks to queue
[2026-09-18T12:59:38.570+0700] {logging_mixin.py:190} INFO - [2026-09-18T12:59:38.570+0700] {dagbag.py:588} INFO - Filling up the DagBag from /Users/andreasanditya/Downloads/572392_Andreas_AirflowETL/code/.venv/lib/python3.9/site-packages/airflow/example_dags/example_kubernetes_executor.py
[2026-09-18T12:59:38.614+0700] {logging_mixin.py:190} INFO - [2026-09-18T12:59:38.614+0700] {example_kubernetes_executor.py:39} WARNING - The example_kubernetes_executor example DAG requires the kubernetes provider. Please install it with: pip install apache-airflow[cncf.kubernetes]
[2026-09-18T12:59:38.615+0700] {processor.py:927} WARNING - No viable dags retrieved from /Users/andreasanditya/Downloads/572392_Andreas_AirflowETL/code/.venv/lib/python3.9/site-packages/airflow/example_dags/example_kubernetes_executor.py
[2026-09-18T12:59:38.667+0700] {processor.py:208} INFO - Processing /Users/andreasanditya/Downloads/572392_Andreas_AirflowETL/code/.venv/lib/python3.9/site-packages/airflow/example_dags/example_kubernetes_executor.py took 0.100 seconds
[2026-09-18T13:02:31.727+0700] {processor.py:186} INFO - Started process (PID=78842) to work on /Users/andreasanditya/Downloads/572392_Andreas_AirflowETL/code/.venv/lib/python3.9/site-packages/airflow/example_dags/example_kubernetes_executor.py
[2026-09-18T13:02:31.730+0700] {processor.py:914} INFO - Processing file /Users/andreasanditya/Downloads/572392_Andreas_AirflowETL/code/.venv/lib/python3.9/site-packages/airflow/example_dags/example_kubernetes_executor.py for tasks to queue
[2026-09-18T13:02:31.731+0700] {logging_mixin.py:190} INFO - [2026-09-18T13:02:31.731+0700] {dagbag.py:588} INFO - Filling up the DagBag from /Users/andreasanditya/Downloads/572392_Andreas_AirflowETL/code/.venv/lib/python3.9/site-packages/airflow/example_dags/example_kubernetes_executor.py
[2026-09-18T13:02:31.776+0700] {logging_mixin.py:190} INFO - [2026-09-18T13:02:31.776+0700] {example_kubernetes_executor.py:39} WARNING - The example_kubernetes_executor example DAG requires the kubernetes provider. Please install it with: pip install apache-airflow[cncf.kubernetes]
[2026-09-18T13:02:31.776+0700] {processor.py:927} WARNING - No viable dags retrieved from /Users/andreasanditya/Downloads/572392_Andreas_AirflowETL/code/.venv/lib/python3.9/site-packages/airflow/example_dags/example_kubernetes_executor.py
[2026-09-18T13:02:31.829+0700] {processor.py:208} INFO - Processing /Users/andreasanditya/Downloads/572392_Andreas_AirflowETL/code/.venv/lib/python3.9/site-packages/airflow/example_dags/example_kubernetes_executor.py took 0.104 seconds
[2026-09-18T13:05:22.693+0700] {processor.py:186} INFO - Started process (PID=80620) to work on /Users/andreasanditya/Downloads/572392_Andreas_AirflowETL/code/.venv/lib/python3.9/site-packages/airflow/example_dags/example_kubernetes_executor.py
[2026-09-18T13:05:22.695+0700] {processor.py:914} INFO - Processing file /Users/andreasanditya/Downloads/572392_Andreas_AirflowETL/code/.venv/lib/python3.9/site-packages/airflow/example_dags/example_kubernetes_executor.py for tasks to queue
[2026-09-18T13:05:22.696+0700] {logging_mixin.py:190} INFO - [2026-09-18T13:05:22.696+0700] {dagbag.py:588} INFO - Filling up the DagBag from /Users/andreasanditya/Downloads/572392_Andreas_AirflowETL/code/.venv/lib/python3.9/site-packages/airflow/example_dags/example_kubernetes_executor.py
[2026-09-18T13:05:22.743+0700] {logging_mixin.py:190} INFO - [2026-09-18T13:05:22.743+0700] {example_kubernetes_executor.py:39} WARNING - The example_kubernetes_executor example DAG requires the kubernetes provider. Please install it with: pip install apache-airflow[cncf.kubernetes]
[2026-09-18T13:05:22.743+0700] {processor.py:927} WARNING - No viable dags retrieved from /Users/andreasanditya/Downloads/572392_Andreas_AirflowETL/code/.venv/lib/python3.9/site-packages/airflow/example_dags/example_kubernetes_executor.py
[2026-09-18T13:05:22.795+0700] {processor.py:208} INFO - Processing /Users/andreasanditya/Downloads/572392_Andreas_AirflowETL/code/.venv/lib/python3.9/site-packages/airflow/example_dags/example_kubernetes_executor.py took 0.104 seconds
[2026-09-18T13:08:10.402+0700] {processor.py:186} INFO - Started process (PID=82374) to work on /Users/andreasanditya/Downloads/572392_Andreas_AirflowETL/code/.venv/lib/python3.9/site-packages/airflow/example_dags/example_kubernetes_executor.py
[2026-09-18T13:08:10.403+0700] {processor.py:914} INFO - Processing file /Users/andreasanditya/Downloads/572392_Andreas_AirflowETL/code/.venv/lib/python3.9/site-packages/airflow/example_dags/example_kubernetes_executor.py for tasks to queue
[2026-09-18T13:08:10.403+0700] {logging_mixin.py:190} INFO - [2026-09-18T13:08:10.403+0700] {dagbag.py:588} INFO - Filling up the DagBag from /Users/andreasanditya/Downloads/572392_Andreas_AirflowETL/code/.venv/lib/python3.9/site-packages/airflow/example_dags/example_kubernetes_executor.py
[2026-09-18T13:08:10.449+0700] {logging_mixin.py:190} INFO - [2026-09-18T13:08:10.448+0700] {example_kubernetes_executor.py:39} WARNING - The example_kubernetes_executor example DAG requires the kubernetes provider. Please install it with: pip install apache-airflow[cncf.kubernetes]
[2026-09-18T13:08:10.449+0700] {processor.py:927} WARNING - No viable dags retrieved from /Users/andreasanditya/Downloads/572392_Andreas_AirflowETL/code/.venv/lib/python3.9/site-packages/airflow/example_dags/example_kubernetes_executor.py
[2026-09-18T13:08:10.502+0700] {processor.py:208} INFO - Processing /Users/andreasanditya/Downloads/572392_Andreas_AirflowETL/code/.venv/lib/python3.9/site-packages/airflow/example_dags/example_kubernetes_executor.py took 0.102 seconds
[2026-09-18T13:11:03.844+0700] {processor.py:186} INFO - Started process (PID=84137) to work on /Users/andreasanditya/Downloads/572392_Andreas_AirflowETL/code/.venv/lib/python3.9/site-packages/airflow/example_dags/example_kubernetes_executor.py
[2026-09-18T13:11:03.845+0700] {processor.py:914} INFO - Processing file /Users/andreasanditya/Downloads/572392_Andreas_AirflowETL/code/.venv/lib/python3.9/site-packages/airflow/example_dags/example_kubernetes_executor.py for tasks to queue
[2026-09-18T13:11:03.846+0700] {logging_mixin.py:190} INFO - [2026-09-18T13:11:03.846+0700] {dagbag.py:588} INFO - Filling up the DagBag from /Users/andreasanditya/Downloads/572392_Andreas_AirflowETL/code/.venv/lib/python3.9/site-packages/airflow/example_dags/example_kubernetes_executor.py
[2026-09-18T13:11:03.889+0700] {logging_mixin.py:190} INFO - [2026-09-18T13:11:03.889+0700] {example_kubernetes_executor.py:39} WARNING - The example_kubernetes_executor example DAG requires the kubernetes provider. Please install it with: pip install apache-airflow[cncf.kubernetes]
[2026-09-18T13:11:03.889+0700] {processor.py:927} WARNING - No viable dags retrieved from /Users/andreasanditya/Downloads/572392_Andreas_AirflowETL/code/.venv/lib/python3.9/site-packages/airflow/example_dags/example_kubernetes_executor.py
[2026-09-18T13:11:03.944+0700] {processor.py:208} INFO - Processing /Users/andreasanditya/Downloads/572392_Andreas_AirflowETL/code/.venv/lib/python3.9/site-packages/airflow/example_dags/example_kubernetes_executor.py took 0.102 seconds
[2026-09-18T13:13:55.944+0700] {processor.py:186} INFO - Started process (PID=85874) to work on /Users/andreasanditya/Downloads/572392_Andreas_AirflowETL/code/.venv/lib/python3.9/site-packages/airflow/example_dags/example_kubernetes_executor.py
[2026-09-18T13:13:55.946+0700] {processor.py:914} INFO - Processing file /Users/andreasanditya/Downloads/572392_Andreas_AirflowETL/code/.venv/lib/python3.9/site-packages/airflow/example_dags/example_kubernetes_executor.py for tasks to queue
[2026-09-18T13:13:55.946+0700] {logging_mixin.py:190} INFO - [2026-09-18T13:13:55.946+0700] {dagbag.py:588} INFO - Filling up the DagBag from /Users/andreasanditya/Downloads/572392_Andreas_AirflowETL/code/.venv/lib/python3.9/site-packages/airflow/example_dags/example_kubernetes_executor.py
[2026-09-18T13:13:55.990+0700] {logging_mixin.py:190} INFO - [2026-09-18T13:13:55.989+0700] {example_kubernetes_executor.py:39} WARNING - The example_kubernetes_executor example DAG requires the kubernetes provider. Please install it with: pip install apache-airflow[cncf.kubernetes]
[2026-09-18T13:13:55.990+0700] {processor.py:927} WARNING - No viable dags retrieved from /Users/andreasanditya/Downloads/572392_Andreas_AirflowETL/code/.venv/lib/python3.9/site-packages/airflow/example_dags/example_kubernetes_executor.py
[2026-09-18T13:13:56.044+0700] {processor.py:208} INFO - Processing /Users/andreasanditya/Downloads/572392_Andreas_AirflowETL/code/.venv/lib/python3.9/site-packages/airflow/example_dags/example_kubernetes_executor.py took 0.102 seconds
[2026-09-18T13:16:48.148+0700] {processor.py:186} INFO - Started process (PID=87623) to work on /Users/andreasanditya/Downloads/572392_Andreas_AirflowETL/code/.venv/lib/python3.9/site-packages/airflow/example_dags/example_kubernetes_executor.py
[2026-09-18T13:16:48.149+0700] {processor.py:914} INFO - Processing file /Users/andreasanditya/Downloads/572392_Andreas_AirflowETL/code/.venv/lib/python3.9/site-packages/airflow/example_dags/example_kubernetes_executor.py for tasks to queue
[2026-09-18T13:16:48.150+0700] {logging_mixin.py:190} INFO - [2026-09-18T13:16:48.150+0700] {dagbag.py:588} INFO - Filling up the DagBag from /Users/andreasanditya/Downloads/572392_Andreas_AirflowETL/code/.venv/lib/python3.9/site-packages/airflow/example_dags/example_kubernetes_executor.py
[2026-09-18T13:16:48.193+0700] {logging_mixin.py:190} INFO - [2026-09-18T13:16:48.193+0700] {example_kubernetes_executor.py:39} WARNING - The example_kubernetes_executor example DAG requires the kubernetes provider. Please install it with: pip install apache-airflow[cncf.kubernetes]
[2026-09-18T13:16:48.193+0700] {processor.py:927} WARNING - No viable dags retrieved from /Users/andreasanditya/Downloads/572392_Andreas_AirflowETL/code/.venv/lib/python3.9/site-packages/airflow/example_dags/example_kubernetes_executor.py
[2026-09-18T13:16:48.247+0700] {processor.py:208} INFO - Processing /Users/andreasanditya/Downloads/572392_Andreas_AirflowETL/code/.venv/lib/python3.9/site-packages/airflow/example_dags/example_kubernetes_executor.py took 0.100 seconds
[2026-09-18T13:19:38.668+0700] {processor.py:186} INFO - Started process (PID=89360) to work on /Users/andreasanditya/Downloads/572392_Andreas_AirflowETL/code/.venv/lib/python3.9/site-packages/airflow/example_dags/example_kubernetes_executor.py
[2026-09-18T13:19:38.670+0700] {processor.py:914} INFO - Processing file /Users/andreasanditya/Downloads/572392_Andreas_AirflowETL/code/.venv/lib/python3.9/site-packages/airflow/example_dags/example_kubernetes_executor.py for tasks to queue
[2026-09-18T13:19:38.671+0700] {logging_mixin.py:190} INFO - [2026-09-18T13:19:38.671+0700] {dagbag.py:588} INFO - Filling up the DagBag from /Users/andreasanditya/Downloads/572392_Andreas_AirflowETL/code/.venv/lib/python3.9/site-packages/airflow/example_dags/example_kubernetes_executor.py
[2026-09-18T13:19:38.716+0700] {logging_mixin.py:190} INFO - [2026-09-18T13:19:38.716+0700] {example_kubernetes_executor.py:39} WARNING - The example_kubernetes_executor example DAG requires the kubernetes provider. Please install it with: pip install apache-airflow[cncf.kubernetes]
[2026-09-18T13:19:38.716+0700] {processor.py:927} WARNING - No viable dags retrieved from /Users/andreasanditya/Downloads/572392_Andreas_AirflowETL/code/.venv/lib/python3.9/site-packages/airflow/example_dags/example_kubernetes_executor.py
[2026-09-18T13:19:38.769+0700] {processor.py:208} INFO - Processing /Users/andreasanditya/Downloads/572392_Andreas_AirflowETL/code/.venv/lib/python3.9/site-packages/airflow/example_dags/example_kubernetes_executor.py took 0.104 seconds
[2026-09-18T13:22:27.287+0700] {processor.py:186} INFO - Started process (PID=91010) to work on /Users/andreasanditya/Downloads/572392_Andreas_AirflowETL/code/.venv/lib/python3.9/site-packages/airflow/example_dags/example_kubernetes_executor.py
[2026-09-18T13:22:27.288+0700] {processor.py:914} INFO - Processing file /Users/andreasanditya/Downloads/572392_Andreas_AirflowETL/code/.venv/lib/python3.9/site-packages/airflow/example_dags/example_kubernetes_executor.py for tasks to queue
[2026-09-18T13:22:27.288+0700] {logging_mixin.py:190} INFO - [2026-09-18T13:22:27.288+0700] {dagbag.py:588} INFO - Filling up the DagBag from /Users/andreasanditya/Downloads/572392_Andreas_AirflowETL/code/.venv/lib/python3.9/site-packages/airflow/example_dags/example_kubernetes_executor.py
[2026-09-18T13:22:27.332+0700] {logging_mixin.py:190} INFO - [2026-09-18T13:22:27.332+0700] {example_kubernetes_executor.py:39} WARNING - The example_kubernetes_executor example DAG requires the kubernetes provider. Please install it with: pip install apache-airflow[cncf.kubernetes]
[2026-09-18T13:22:27.332+0700] {processor.py:927} WARNING - No viable dags retrieved from /Users/andreasanditya/Downloads/572392_Andreas_AirflowETL/code/.venv/lib/python3.9/site-packages/airflow/example_dags/example_kubernetes_executor.py
[2026-09-18T13:22:27.385+0700] {processor.py:208} INFO - Processing /Users/andreasanditya/Downloads/572392_Andreas_AirflowETL/code/.venv/lib/python3.9/site-packages/airflow/example_dags/example_kubernetes_executor.py took 0.100 seconds
[2026-09-18T13:25:16.398+0700] {processor.py:186} INFO - Started process (PID=92831) to work on /Users/andreasanditya/Downloads/572392_Andreas_AirflowETL/code/.venv/lib/python3.9/site-packages/airflow/example_dags/example_kubernetes_executor.py
[2026-09-18T13:25:16.399+0700] {processor.py:914} INFO - Processing file /Users/andreasanditya/Downloads/572392_Andreas_AirflowETL/code/.venv/lib/python3.9/site-packages/airflow/example_dags/example_kubernetes_executor.py for tasks to queue
[2026-09-18T13:25:16.400+0700] {logging_mixin.py:190} INFO - [2026-09-18T13:25:16.400+0700] {dagbag.py:588} INFO - Filling up the DagBag from /Users/andreasanditya/Downloads/572392_Andreas_AirflowETL/code/.venv/lib/python3.9/site-packages/airflow/example_dags/example_kubernetes_executor.py
[2026-09-18T13:25:16.443+0700] {logging_mixin.py:190} INFO - [2026-09-18T13:25:16.443+0700] {example_kubernetes_executor.py:39} WARNING - The example_kubernetes_executor example DAG requires the kubernetes provider. Please install it with: pip install apache-airflow[cncf.kubernetes]
[2026-09-18T13:25:16.443+0700] {processor.py:927} WARNING - No viable dags retrieved from /Users/andreasanditya/Downloads/572392_Andreas_AirflowETL/code/.venv/lib/python3.9/site-packages/airflow/example_dags/example_kubernetes_executor.py
[2026-09-18T13:25:16.496+0700] {processor.py:208} INFO - Processing /Users/andreasanditya/Downloads/572392_Andreas_AirflowETL/code/.venv/lib/python3.9/site-packages/airflow/example_dags/example_kubernetes_executor.py took 0.100 seconds
[2026-09-18T13:28:15.074+0700] {processor.py:186} INFO - Started process (PID=94875) to work on /Users/andreasanditya/Downloads/572392_Andreas_AirflowETL/code/.venv/lib/python3.9/site-packages/airflow/example_dags/example_kubernetes_executor.py
[2026-09-18T13:28:15.075+0700] {processor.py:914} INFO - Processing file /Users/andreasanditya/Downloads/572392_Andreas_AirflowETL/code/.venv/lib/python3.9/site-packages/airflow/example_dags/example_kubernetes_executor.py for tasks to queue
[2026-09-18T13:28:15.076+0700] {logging_mixin.py:190} INFO - [2026-09-18T13:28:15.076+0700] {dagbag.py:588} INFO - Filling up the DagBag from /Users/andreasanditya/Downloads/572392_Andreas_AirflowETL/code/.venv/lib/python3.9/site-packages/airflow/example_dags/example_kubernetes_executor.py
[2026-09-18T13:28:15.142+0700] {logging_mixin.py:190} INFO - [2026-09-18T13:28:15.142+0700] {example_kubernetes_executor.py:39} WARNING - The example_kubernetes_executor example DAG requires the kubernetes provider. Please install it with: pip install apache-airflow[cncf.kubernetes]
[2026-09-18T13:28:15.142+0700] {processor.py:927} WARNING - No viable dags retrieved from /Users/andreasanditya/Downloads/572392_Andreas_AirflowETL/code/.venv/lib/python3.9/site-packages/airflow/example_dags/example_kubernetes_executor.py
[2026-09-18T13:28:15.199+0700] {processor.py:208} INFO - Processing /Users/andreasanditya/Downloads/572392_Andreas_AirflowETL/code/.venv/lib/python3.9/site-packages/airflow/example_dags/example_kubernetes_executor.py took 0.127 seconds
[2026-09-18T13:31:15.325+0700] {processor.py:186} INFO - Started process (PID=96847) to work on /Users/andreasanditya/Downloads/572392_Andreas_AirflowETL/code/.venv/lib/python3.9/site-packages/airflow/example_dags/example_kubernetes_executor.py
[2026-09-18T13:31:15.327+0700] {processor.py:914} INFO - Processing file /Users/andreasanditya/Downloads/572392_Andreas_AirflowETL/code/.venv/lib/python3.9/site-packages/airflow/example_dags/example_kubernetes_executor.py for tasks to queue
[2026-09-18T13:31:15.327+0700] {logging_mixin.py:190} INFO - [2026-09-18T13:31:15.327+0700] {dagbag.py:588} INFO - Filling up the DagBag from /Users/andreasanditya/Downloads/572392_Andreas_AirflowETL/code/.venv/lib/python3.9/site-packages/airflow/example_dags/example_kubernetes_executor.py
[2026-09-18T13:31:15.376+0700] {logging_mixin.py:190} INFO - [2026-09-18T13:31:15.376+0700] {example_kubernetes_executor.py:39} WARNING - The example_kubernetes_executor example DAG requires the kubernetes provider. Please install it with: pip install apache-airflow[cncf.kubernetes]
[2026-09-18T13:31:15.376+0700] {processor.py:927} WARNING - No viable dags retrieved from /Users/andreasanditya/Downloads/572392_Andreas_AirflowETL/code/.venv/lib/python3.9/site-packages/airflow/example_dags/example_kubernetes_executor.py
[2026-09-18T13:31:15.433+0700] {processor.py:208} INFO - Processing /Users/andreasanditya/Downloads/572392_Andreas_AirflowETL/code/.venv/lib/python3.9/site-packages/airflow/example_dags/example_kubernetes_executor.py took 0.110 seconds
[2026-09-18T13:34:08.744+0700] {processor.py:186} INFO - Started process (PID=98641) to work on /Users/andreasanditya/Downloads/572392_Andreas_AirflowETL/code/.venv/lib/python3.9/site-packages/airflow/example_dags/example_kubernetes_executor.py
[2026-09-18T13:34:08.745+0700] {processor.py:914} INFO - Processing file /Users/andreasanditya/Downloads/572392_Andreas_AirflowETL/code/.venv/lib/python3.9/site-packages/airflow/example_dags/example_kubernetes_executor.py for tasks to queue
[2026-09-18T13:34:08.746+0700] {logging_mixin.py:190} INFO - [2026-09-18T13:34:08.745+0700] {dagbag.py:588} INFO - Filling up the DagBag from /Users/andreasanditya/Downloads/572392_Andreas_AirflowETL/code/.venv/lib/python3.9/site-packages/airflow/example_dags/example_kubernetes_executor.py
[2026-09-18T13:34:08.791+0700] {logging_mixin.py:190} INFO - [2026-09-18T13:34:08.791+0700] {example_kubernetes_executor.py:39} WARNING - The example_kubernetes_executor example DAG requires the kubernetes provider. Please install it with: pip install apache-airflow[cncf.kubernetes]
[2026-09-18T13:34:08.791+0700] {processor.py:927} WARNING - No viable dags retrieved from /Users/andreasanditya/Downloads/572392_Andreas_AirflowETL/code/.venv/lib/python3.9/site-packages/airflow/example_dags/example_kubernetes_executor.py
[2026-09-18T13:34:08.844+0700] {processor.py:208} INFO - Processing /Users/andreasanditya/Downloads/572392_Andreas_AirflowETL/code/.venv/lib/python3.9/site-packages/airflow/example_dags/example_kubernetes_executor.py took 0.102 seconds
[2026-09-18T13:37:04.237+0700] {processor.py:186} INFO - Started process (PID=692) to work on /Users/andreasanditya/Downloads/572392_Andreas_AirflowETL/code/.venv/lib/python3.9/site-packages/airflow/example_dags/example_kubernetes_executor.py
[2026-09-18T13:37:04.238+0700] {processor.py:914} INFO - Processing file /Users/andreasanditya/Downloads/572392_Andreas_AirflowETL/code/.venv/lib/python3.9/site-packages/airflow/example_dags/example_kubernetes_executor.py for tasks to queue
[2026-09-18T13:37:04.238+0700] {logging_mixin.py:190} INFO - [2026-09-18T13:37:04.238+0700] {dagbag.py:588} INFO - Filling up the DagBag from /Users/andreasanditya/Downloads/572392_Andreas_AirflowETL/code/.venv/lib/python3.9/site-packages/airflow/example_dags/example_kubernetes_executor.py
[2026-09-18T13:37:04.284+0700] {logging_mixin.py:190} INFO - [2026-09-18T13:37:04.284+0700] {example_kubernetes_executor.py:39} WARNING - The example_kubernetes_executor example DAG requires the kubernetes provider. Please install it with: pip install apache-airflow[cncf.kubernetes]
[2026-09-18T13:37:04.284+0700] {processor.py:927} WARNING - No viable dags retrieved from /Users/andreasanditya/Downloads/572392_Andreas_AirflowETL/code/.venv/lib/python3.9/site-packages/airflow/example_dags/example_kubernetes_executor.py
[2026-09-18T13:37:04.338+0700] {processor.py:208} INFO - Processing /Users/andreasanditya/Downloads/572392_Andreas_AirflowETL/code/.venv/lib/python3.9/site-packages/airflow/example_dags/example_kubernetes_executor.py took 0.103 seconds
