[2026-09-18T11:17:26.472+0700] {processor.py:186} INFO - Started process (PID=10679) to work on /Users/andreasanditya/Downloads/572392_Andreas_AirflowETL/code/.venv/lib/python3.9/site-packages/airflow/example_dags/example_sensors.py
[2026-09-18T11:17:26.473+0700] {processor.py:914} INFO - Processing file /Users/andreasanditya/Downloads/572392_Andreas_AirflowETL/code/.venv/lib/python3.9/site-packages/airflow/example_dags/example_sensors.py for tasks to queue
[2026-09-18T11:17:26.473+0700] {logging_mixin.py:190} INFO - [2026-09-18T11:17:26.473+0700] {dagbag.py:588} INFO - Filling up the DagBag from /Users/andreasanditya/Downloads/572392_Andreas_AirflowETL/code/.venv/lib/python3.9/site-packages/airflow/example_dags/example_sensors.py
[2026-09-18T11:17:26.482+0700] {processor.py:925} INFO - DAG(s) 'example_sensors' retrieved from /Users/andreasanditya/Downloads/572392_Andreas_AirflowETL/code/.venv/lib/python3.9/site-packages/airflow/example_dags/example_sensors.py
[2026-09-18T11:17:26.925+0700] {logging_mixin.py:190} INFO - [2026-09-18T11:17:26.924+0700] {override.py:1912} INFO - Created Permission View: can edit on DAG:example_sensors
[2026-09-18T11:17:26.929+0700] {logging_mixin.py:190} INFO - [2026-09-18T11:17:26.929+0700] {override.py:1912} INFO - Created Permission View: can delete on DAG:example_sensors
[2026-09-18T11:17:26.933+0700] {logging_mixin.py:190} INFO - [2026-09-18T11:17:26.932+0700] {override.py:1912} INFO - Created Permission View: can read on DAG:example_sensors
[2026-09-18T11:17:26.937+0700] {logging_mixin.py:190} INFO - [2026-09-18T11:17:26.936+0700] {override.py:1912} INFO - Created Permission View: menu access on DAG Run:example_sensors
[2026-09-18T11:17:26.939+0700] {logging_mixin.py:190} INFO - [2026-09-18T11:17:26.939+0700] {override.py:1912} INFO - Created Permission View: can create on DAG Run:example_sensors
[2026-09-18T11:17:26.942+0700] {logging_mixin.py:190} INFO - [2026-09-18T11:17:26.942+0700] {override.py:1912} INFO - Created Permission View: can delete on DAG Run:example_sensors
[2026-09-18T11:17:26.949+0700] {logging_mixin.py:190} INFO - [2026-09-18T11:17:26.949+0700] {override.py:1912} INFO - Created Permission View: can read on DAG Run:example_sensors
[2026-09-18T11:17:26.949+0700] {logging_mixin.py:190} INFO - [2026-09-18T11:17:26.949+0700] {dag.py:3239} INFO - Sync 1 DAGs
[2026-09-18T11:17:26.956+0700] {logging_mixin.py:190} INFO - [2026-09-18T11:17:26.956+0700] {dag.py:3262} INFO - Creating ORM DAG for example_sensors
[2026-09-18T11:17:26.956+0700] {logging_mixin.py:190} INFO - [2026-09-18T11:17:26.956+0700] {dag.py:4180} INFO - Setting next_dagrun for example_sensors to None, run_after=None
[2026-09-18T11:17:26.965+0700] {processor.py:208} INFO - Processing /Users/andreasanditya/Downloads/572392_Andreas_AirflowETL/code/.venv/lib/python3.9/site-packages/airflow/example_dags/example_sensors.py took 0.495 seconds
[2026-09-18T11:19:42.962+0700] {processor.py:186} INFO - Started process (PID=12082) to work on /Users/andreasanditya/Downloads/572392_Andreas_AirflowETL/code/.venv/lib/python3.9/site-packages/airflow/example_dags/example_sensors.py
[2026-09-18T11:19:42.963+0700] {processor.py:914} INFO - Processing file /Users/andreasanditya/Downloads/572392_Andreas_AirflowETL/code/.venv/lib/python3.9/site-packages/airflow/example_dags/example_sensors.py for tasks to queue
[2026-09-18T11:19:42.963+0700] {logging_mixin.py:190} INFO - [2026-09-18T11:19:42.963+0700] {dagbag.py:588} INFO - Filling up the DagBag from /Users/andreasanditya/Downloads/572392_Andreas_AirflowETL/code/.venv/lib/python3.9/site-packages/airflow/example_dags/example_sensors.py
[2026-09-18T11:19:42.972+0700] {processor.py:925} INFO - DAG(s) 'example_sensors' retrieved from /Users/andreasanditya/Downloads/572392_Andreas_AirflowETL/code/.venv/lib/python3.9/site-packages/airflow/example_dags/example_sensors.py
[2026-09-18T11:19:43.324+0700] {logging_mixin.py:190} INFO - [2026-09-18T11:19:43.324+0700] {dag.py:3239} INFO - Sync 1 DAGs
[2026-09-18T11:19:43.331+0700] {logging_mixin.py:190} INFO - [2026-09-18T11:19:43.331+0700] {dag.py:4180} INFO - Setting next_dagrun for example_sensors to None, run_after=None
[2026-09-18T11:19:43.372+0700] {processor.py:208} INFO - Processing /Users/andreasanditya/Downloads/572392_Andreas_AirflowETL/code/.venv/lib/python3.9/site-packages/airflow/example_dags/example_sensors.py took 0.413 seconds
[2026-09-18T11:21:15.628+0700] {processor.py:186} INFO - Started process (PID=13154) to work on /Users/andreasanditya/Downloads/572392_Andreas_AirflowETL/code/.venv/lib/python3.9/site-packages/airflow/example_dags/example_sensors.py
[2026-09-18T11:21:15.629+0700] {processor.py:914} INFO - Processing file /Users/andreasanditya/Downloads/572392_Andreas_AirflowETL/code/.venv/lib/python3.9/site-packages/airflow/example_dags/example_sensors.py for tasks to queue
[2026-09-18T11:21:15.629+0700] {logging_mixin.py:190} INFO - [2026-09-18T11:21:15.629+0700] {dagbag.py:588} INFO - Filling up the DagBag from /Users/andreasanditya/Downloads/572392_Andreas_AirflowETL/code/.venv/lib/python3.9/site-packages/airflow/example_dags/example_sensors.py
[2026-09-18T11:21:15.639+0700] {processor.py:925} INFO - DAG(s) 'example_sensors' retrieved from /Users/andreasanditya/Downloads/572392_Andreas_AirflowETL/code/.venv/lib/python3.9/site-packages/airflow/example_dags/example_sensors.py
[2026-09-18T11:21:15.937+0700] {logging_mixin.py:190} INFO - [2026-09-18T11:21:15.937+0700] {dag.py:3239} INFO - Sync 1 DAGs
[2026-09-18T11:21:15.944+0700] {logging_mixin.py:190} INFO - [2026-09-18T11:21:15.944+0700] {dag.py:4180} INFO - Setting next_dagrun for example_sensors to None, run_after=None
[2026-09-18T11:21:15.989+0700] {processor.py:208} INFO - Processing /Users/andreasanditya/Downloads/572392_Andreas_AirflowETL/code/.venv/lib/python3.9/site-packages/airflow/example_dags/example_sensors.py took 0.364 seconds
[2026-09-18T11:23:16.617+0700] {processor.py:186} INFO - Started process (PID=14469) to work on /Users/andreasanditya/Downloads/572392_Andreas_AirflowETL/code/.venv/lib/python3.9/site-packages/airflow/example_dags/example_sensors.py
[2026-09-18T11:23:16.618+0700] {processor.py:914} INFO - Processing file /Users/andreasanditya/Downloads/572392_Andreas_AirflowETL/code/.venv/lib/python3.9/site-packages/airflow/example_dags/example_sensors.py for tasks to queue
[2026-09-18T11:23:16.619+0700] {logging_mixin.py:190} INFO - [2026-09-18T11:23:16.619+0700] {dagbag.py:588} INFO - Filling up the DagBag from /Users/andreasanditya/Downloads/572392_Andreas_AirflowETL/code/.venv/lib/python3.9/site-packages/airflow/example_dags/example_sensors.py
[2026-09-18T11:23:16.628+0700] {processor.py:925} INFO - DAG(s) 'example_sensors' retrieved from /Users/andreasanditya/Downloads/572392_Andreas_AirflowETL/code/.venv/lib/python3.9/site-packages/airflow/example_dags/example_sensors.py
[2026-09-18T11:23:17.150+0700] {logging_mixin.py:190} INFO - [2026-09-18T11:23:17.149+0700] {dag.py:3239} INFO - Sync 1 DAGs
[2026-09-18T11:23:17.160+0700] {logging_mixin.py:190} INFO - [2026-09-18T11:23:17.160+0700] {dag.py:4180} INFO - Setting next_dagrun for example_sensors to None, run_after=None
[2026-09-18T11:23:17.219+0700] {processor.py:208} INFO - Processing /Users/andreasanditya/Downloads/572392_Andreas_AirflowETL/code/.venv/lib/python3.9/site-packages/airflow/example_dags/example_sensors.py took 0.605 seconds
[2026-09-18T11:24:41.175+0700] {processor.py:186} INFO - Started process (PID=15457) to work on /Users/andreasanditya/Downloads/572392_Andreas_AirflowETL/code/.venv/lib/python3.9/site-packages/airflow/example_dags/example_sensors.py
[2026-09-18T11:24:41.176+0700] {processor.py:914} INFO - Processing file /Users/andreasanditya/Downloads/572392_Andreas_AirflowETL/code/.venv/lib/python3.9/site-packages/airflow/example_dags/example_sensors.py for tasks to queue
[2026-09-18T11:24:41.177+0700] {logging_mixin.py:190} INFO - [2026-09-18T11:24:41.176+0700] {dagbag.py:588} INFO - Filling up the DagBag from /Users/andreasanditya/Downloads/572392_Andreas_AirflowETL/code/.venv/lib/python3.9/site-packages/airflow/example_dags/example_sensors.py
[2026-09-18T11:24:41.185+0700] {processor.py:925} INFO - DAG(s) 'example_sensors' retrieved from /Users/andreasanditya/Downloads/572392_Andreas_AirflowETL/code/.venv/lib/python3.9/site-packages/airflow/example_dags/example_sensors.py
[2026-09-18T11:24:41.541+0700] {logging_mixin.py:190} INFO - [2026-09-18T11:24:41.540+0700] {dag.py:3239} INFO - Sync 1 DAGs
[2026-09-18T11:24:41.547+0700] {logging_mixin.py:190} INFO - [2026-09-18T11:24:41.547+0700] {dag.py:4180} INFO - Setting next_dagrun for example_sensors to None, run_after=None
[2026-09-18T11:24:41.588+0700] {processor.py:208} INFO - Processing /Users/andreasanditya/Downloads/572392_Andreas_AirflowETL/code/.venv/lib/python3.9/site-packages/airflow/example_dags/example_sensors.py took 0.415 seconds
[2026-09-18T11:26:43.378+0700] {processor.py:186} INFO - Started process (PID=16681) to work on /Users/andreasanditya/Downloads/572392_Andreas_AirflowETL/code/.venv/lib/python3.9/site-packages/airflow/example_dags/example_sensors.py
[2026-09-18T11:26:43.379+0700] {processor.py:914} INFO - Processing file /Users/andreasanditya/Downloads/572392_Andreas_AirflowETL/code/.venv/lib/python3.9/site-packages/airflow/example_dags/example_sensors.py for tasks to queue
[2026-09-18T11:26:43.379+0700] {logging_mixin.py:190} INFO - [2026-09-18T11:26:43.379+0700] {dagbag.py:588} INFO - Filling up the DagBag from /Users/andreasanditya/Downloads/572392_Andreas_AirflowETL/code/.venv/lib/python3.9/site-packages/airflow/example_dags/example_sensors.py
[2026-09-18T11:26:43.391+0700] {processor.py:925} INFO - DAG(s) 'example_sensors' retrieved from /Users/andreasanditya/Downloads/572392_Andreas_AirflowETL/code/.venv/lib/python3.9/site-packages/airflow/example_dags/example_sensors.py
[2026-09-18T11:26:43.773+0700] {logging_mixin.py:190} INFO - [2026-09-18T11:26:43.773+0700] {dag.py:3239} INFO - Sync 1 DAGs
[2026-09-18T11:26:43.782+0700] {logging_mixin.py:190} INFO - [2026-09-18T11:26:43.782+0700] {dag.py:4180} INFO - Setting next_dagrun for example_sensors to None, run_after=None
[2026-09-18T11:26:43.832+0700] {processor.py:208} INFO - Processing /Users/andreasanditya/Downloads/572392_Andreas_AirflowETL/code/.venv/lib/python3.9/site-packages/airflow/example_dags/example_sensors.py took 0.456 seconds
[2026-09-18T11:28:17.851+0700] {processor.py:186} INFO - Started process (PID=17598) to work on /Users/andreasanditya/Downloads/572392_Andreas_AirflowETL/code/.venv/lib/python3.9/site-packages/airflow/example_dags/example_sensors.py
[2026-09-18T11:28:17.852+0700] {processor.py:914} INFO - Processing file /Users/andreasanditya/Downloads/572392_Andreas_AirflowETL/code/.venv/lib/python3.9/site-packages/airflow/example_dags/example_sensors.py for tasks to queue
[2026-09-18T11:28:17.853+0700] {logging_mixin.py:190} INFO - [2026-09-18T11:28:17.852+0700] {dagbag.py:588} INFO - Filling up the DagBag from /Users/andreasanditya/Downloads/572392_Andreas_AirflowETL/code/.venv/lib/python3.9/site-packages/airflow/example_dags/example_sensors.py
[2026-09-18T11:28:17.864+0700] {processor.py:925} INFO - DAG(s) 'example_sensors' retrieved from /Users/andreasanditya/Downloads/572392_Andreas_AirflowETL/code/.venv/lib/python3.9/site-packages/airflow/example_dags/example_sensors.py
[2026-09-18T11:28:18.245+0700] {logging_mixin.py:190} INFO - [2026-09-18T11:28:18.245+0700] {dag.py:3239} INFO - Sync 1 DAGs
[2026-09-18T11:28:18.252+0700] {logging_mixin.py:190} INFO - [2026-09-18T11:28:18.252+0700] {dag.py:4180} INFO - Setting next_dagrun for example_sensors to None, run_after=None
[2026-09-18T11:28:18.299+0700] {processor.py:208} INFO - Processing /Users/andreasanditya/Downloads/572392_Andreas_AirflowETL/code/.venv/lib/python3.9/site-packages/airflow/example_dags/example_sensors.py took 0.450 seconds
[2026-09-18T11:29:47.642+0700] {processor.py:186} INFO - Started process (PID=18538) to work on /Users/andreasanditya/Downloads/572392_Andreas_AirflowETL/code/.venv/lib/python3.9/site-packages/airflow/example_dags/example_sensors.py
[2026-09-18T11:29:47.643+0700] {processor.py:914} INFO - Processing file /Users/andreasanditya/Downloads/572392_Andreas_AirflowETL/code/.venv/lib/python3.9/site-packages/airflow/example_dags/example_sensors.py for tasks to queue
[2026-09-18T11:29:47.644+0700] {logging_mixin.py:190} INFO - [2026-09-18T11:29:47.643+0700] {dagbag.py:588} INFO - Filling up the DagBag from /Users/andreasanditya/Downloads/572392_Andreas_AirflowETL/code/.venv/lib/python3.9/site-packages/airflow/example_dags/example_sensors.py
[2026-09-18T11:29:47.654+0700] {processor.py:925} INFO - DAG(s) 'example_sensors' retrieved from /Users/andreasanditya/Downloads/572392_Andreas_AirflowETL/code/.venv/lib/python3.9/site-packages/airflow/example_dags/example_sensors.py
[2026-09-18T11:29:48.025+0700] {logging_mixin.py:190} INFO - [2026-09-18T11:29:48.024+0700] {dag.py:3239} INFO - Sync 1 DAGs
[2026-09-18T11:29:48.031+0700] {logging_mixin.py:190} INFO - [2026-09-18T11:29:48.031+0700] {dag.py:4180} INFO - Setting next_dagrun for example_sensors to None, run_after=None
[2026-09-18T11:29:48.073+0700] {processor.py:208} INFO - Processing /Users/andreasanditya/Downloads/572392_Andreas_AirflowETL/code/.venv/lib/python3.9/site-packages/airflow/example_dags/example_sensors.py took 0.437 seconds
[2026-09-18T11:31:15.712+0700] {processor.py:186} INFO - Started process (PID=19484) to work on /Users/andreasanditya/Downloads/572392_Andreas_AirflowETL/code/.venv/lib/python3.9/site-packages/airflow/example_dags/example_sensors.py
[2026-09-18T11:31:15.713+0700] {processor.py:914} INFO - Processing file /Users/andreasanditya/Downloads/572392_Andreas_AirflowETL/code/.venv/lib/python3.9/site-packages/airflow/example_dags/example_sensors.py for tasks to queue
[2026-09-18T11:31:15.714+0700] {logging_mixin.py:190} INFO - [2026-09-18T11:31:15.714+0700] {dagbag.py:588} INFO - Filling up the DagBag from /Users/andreasanditya/Downloads/572392_Andreas_AirflowETL/code/.venv/lib/python3.9/site-packages/airflow/example_dags/example_sensors.py
[2026-09-18T11:31:15.725+0700] {processor.py:925} INFO - DAG(s) 'example_sensors' retrieved from /Users/andreasanditya/Downloads/572392_Andreas_AirflowETL/code/.venv/lib/python3.9/site-packages/airflow/example_dags/example_sensors.py
[2026-09-18T11:31:16.095+0700] {logging_mixin.py:190} INFO - [2026-09-18T11:31:16.094+0700] {dag.py:3239} INFO - Sync 1 DAGs
[2026-09-18T11:31:16.101+0700] {logging_mixin.py:190} INFO - [2026-09-18T11:31:16.101+0700] {dag.py:4180} INFO - Setting next_dagrun for example_sensors to None, run_after=None
[2026-09-18T11:31:16.151+0700] {processor.py:208} INFO - Processing /Users/andreasanditya/Downloads/572392_Andreas_AirflowETL/code/.venv/lib/python3.9/site-packages/airflow/example_dags/example_sensors.py took 0.443 seconds
[2026-09-18T11:32:45.501+0700] {processor.py:186} INFO - Started process (PID=20470) to work on /Users/andreasanditya/Downloads/572392_Andreas_AirflowETL/code/.venv/lib/python3.9/site-packages/airflow/example_dags/example_sensors.py
[2026-09-18T11:32:45.502+0700] {processor.py:914} INFO - Processing file /Users/andreasanditya/Downloads/572392_Andreas_AirflowETL/code/.venv/lib/python3.9/site-packages/airflow/example_dags/example_sensors.py for tasks to queue
[2026-09-18T11:32:45.504+0700] {logging_mixin.py:190} INFO - [2026-09-18T11:32:45.504+0700] {dagbag.py:588} INFO - Filling up the DagBag from /Users/andreasanditya/Downloads/572392_Andreas_AirflowETL/code/.venv/lib/python3.9/site-packages/airflow/example_dags/example_sensors.py
[2026-09-18T11:32:45.514+0700] {processor.py:925} INFO - DAG(s) 'example_sensors' retrieved from /Users/andreasanditya/Downloads/572392_Andreas_AirflowETL/code/.venv/lib/python3.9/site-packages/airflow/example_dags/example_sensors.py
[2026-09-18T11:32:45.876+0700] {logging_mixin.py:190} INFO - [2026-09-18T11:32:45.876+0700] {dag.py:3239} INFO - Sync 1 DAGs
[2026-09-18T11:32:45.883+0700] {logging_mixin.py:190} INFO - [2026-09-18T11:32:45.883+0700] {dag.py:4180} INFO - Setting next_dagrun for example_sensors to None, run_after=None
[2026-09-18T11:32:45.924+0700] {processor.py:208} INFO - Processing /Users/andreasanditya/Downloads/572392_Andreas_AirflowETL/code/.venv/lib/python3.9/site-packages/airflow/example_dags/example_sensors.py took 0.428 seconds
[2026-09-18T11:35:39.599+0700] {processor.py:186} INFO - Started process (PID=22295) to work on /Users/andreasanditya/Downloads/572392_Andreas_AirflowETL/code/.venv/lib/python3.9/site-packages/airflow/example_dags/example_sensors.py
[2026-09-18T11:35:39.601+0700] {processor.py:914} INFO - Processing file /Users/andreasanditya/Downloads/572392_Andreas_AirflowETL/code/.venv/lib/python3.9/site-packages/airflow/example_dags/example_sensors.py for tasks to queue
[2026-09-18T11:35:39.603+0700] {logging_mixin.py:190} INFO - [2026-09-18T11:35:39.602+0700] {dagbag.py:588} INFO - Filling up the DagBag from /Users/andreasanditya/Downloads/572392_Andreas_AirflowETL/code/.venv/lib/python3.9/site-packages/airflow/example_dags/example_sensors.py
[2026-09-18T11:35:39.612+0700] {processor.py:925} INFO - DAG(s) 'example_sensors' retrieved from /Users/andreasanditya/Downloads/572392_Andreas_AirflowETL/code/.venv/lib/python3.9/site-packages/airflow/example_dags/example_sensors.py
[2026-09-18T11:35:39.959+0700] {logging_mixin.py:190} INFO - [2026-09-18T11:35:39.958+0700] {dag.py:3239} INFO - Sync 1 DAGs
[2026-09-18T11:35:39.965+0700] {logging_mixin.py:190} INFO - [2026-09-18T11:35:39.965+0700] {dag.py:4180} INFO - Setting next_dagrun for example_sensors to None, run_after=None
[2026-09-18T11:35:40.003+0700] {processor.py:208} INFO - Processing /Users/andreasanditya/Downloads/572392_Andreas_AirflowETL/code/.venv/lib/python3.9/site-packages/airflow/example_dags/example_sensors.py took 0.407 seconds
[2026-09-18T11:37:08.594+0700] {processor.py:186} INFO - Started process (PID=23213) to work on /Users/andreasanditya/Downloads/572392_Andreas_AirflowETL/code/.venv/lib/python3.9/site-packages/airflow/example_dags/example_sensors.py
[2026-09-18T11:37:08.595+0700] {processor.py:914} INFO - Processing file /Users/andreasanditya/Downloads/572392_Andreas_AirflowETL/code/.venv/lib/python3.9/site-packages/airflow/example_dags/example_sensors.py for tasks to queue
[2026-09-18T11:37:08.596+0700] {logging_mixin.py:190} INFO - [2026-09-18T11:37:08.596+0700] {dagbag.py:588} INFO - Filling up the DagBag from /Users/andreasanditya/Downloads/572392_Andreas_AirflowETL/code/.venv/lib/python3.9/site-packages/airflow/example_dags/example_sensors.py
[2026-09-18T11:37:08.606+0700] {processor.py:925} INFO - DAG(s) 'example_sensors' retrieved from /Users/andreasanditya/Downloads/572392_Andreas_AirflowETL/code/.venv/lib/python3.9/site-packages/airflow/example_dags/example_sensors.py
[2026-09-18T11:37:09.038+0700] {logging_mixin.py:190} INFO - [2026-09-18T11:37:09.037+0700] {dag.py:3239} INFO - Sync 1 DAGs
[2026-09-18T11:37:09.045+0700] {logging_mixin.py:190} INFO - [2026-09-18T11:37:09.045+0700] {dag.py:4180} INFO - Setting next_dagrun for example_sensors to None, run_after=None
[2026-09-18T11:37:09.092+0700] {processor.py:208} INFO - Processing /Users/andreasanditya/Downloads/572392_Andreas_AirflowETL/code/.venv/lib/python3.9/site-packages/airflow/example_dags/example_sensors.py took 0.499 seconds
[2026-09-18T11:38:35.256+0700] {processor.py:186} INFO - Started process (PID=24126) to work on /Users/andreasanditya/Downloads/572392_Andreas_AirflowETL/code/.venv/lib/python3.9/site-packages/airflow/example_dags/example_sensors.py
[2026-09-18T11:38:35.257+0700] {processor.py:914} INFO - Processing file /Users/andreasanditya/Downloads/572392_Andreas_AirflowETL/code/.venv/lib/python3.9/site-packages/airflow/example_dags/example_sensors.py for tasks to queue
[2026-09-18T11:38:35.258+0700] {logging_mixin.py:190} INFO - [2026-09-18T11:38:35.258+0700] {dagbag.py:588} INFO - Filling up the DagBag from /Users/andreasanditya/Downloads/572392_Andreas_AirflowETL/code/.venv/lib/python3.9/site-packages/airflow/example_dags/example_sensors.py
[2026-09-18T11:38:35.267+0700] {processor.py:925} INFO - DAG(s) 'example_sensors' retrieved from /Users/andreasanditya/Downloads/572392_Andreas_AirflowETL/code/.venv/lib/python3.9/site-packages/airflow/example_dags/example_sensors.py
[2026-09-18T11:38:35.567+0700] {logging_mixin.py:190} INFO - [2026-09-18T11:38:35.567+0700] {dag.py:3239} INFO - Sync 1 DAGs
[2026-09-18T11:38:35.574+0700] {logging_mixin.py:190} INFO - [2026-09-18T11:38:35.574+0700] {dag.py:4180} INFO - Setting next_dagrun for example_sensors to None, run_after=None
[2026-09-18T11:38:35.615+0700] {processor.py:208} INFO - Processing /Users/andreasanditya/Downloads/572392_Andreas_AirflowETL/code/.venv/lib/python3.9/site-packages/airflow/example_dags/example_sensors.py took 0.361 seconds
[2026-09-18T11:40:02.264+0700] {processor.py:186} INFO - Started process (PID=25055) to work on /Users/andreasanditya/Downloads/572392_Andreas_AirflowETL/code/.venv/lib/python3.9/site-packages/airflow/example_dags/example_sensors.py
[2026-09-18T11:40:02.265+0700] {processor.py:914} INFO - Processing file /Users/andreasanditya/Downloads/572392_Andreas_AirflowETL/code/.venv/lib/python3.9/site-packages/airflow/example_dags/example_sensors.py for tasks to queue
[2026-09-18T11:40:02.265+0700] {logging_mixin.py:190} INFO - [2026-09-18T11:40:02.265+0700] {dagbag.py:588} INFO - Filling up the DagBag from /Users/andreasanditya/Downloads/572392_Andreas_AirflowETL/code/.venv/lib/python3.9/site-packages/airflow/example_dags/example_sensors.py
[2026-09-18T11:40:02.275+0700] {processor.py:925} INFO - DAG(s) 'example_sensors' retrieved from /Users/andreasanditya/Downloads/572392_Andreas_AirflowETL/code/.venv/lib/python3.9/site-packages/airflow/example_dags/example_sensors.py
[2026-09-18T11:40:02.645+0700] {logging_mixin.py:190} INFO - [2026-09-18T11:40:02.645+0700] {dag.py:3239} INFO - Sync 1 DAGs
[2026-09-18T11:40:02.652+0700] {logging_mixin.py:190} INFO - [2026-09-18T11:40:02.652+0700] {dag.py:4180} INFO - Setting next_dagrun for example_sensors to None, run_after=None
[2026-09-18T11:40:02.694+0700] {processor.py:208} INFO - Processing /Users/andreasanditya/Downloads/572392_Andreas_AirflowETL/code/.venv/lib/python3.9/site-packages/airflow/example_dags/example_sensors.py took 0.433 seconds
[2026-09-18T11:41:31.345+0700] {processor.py:186} INFO - Started process (PID=25918) to work on /Users/andreasanditya/Downloads/572392_Andreas_AirflowETL/code/.venv/lib/python3.9/site-packages/airflow/example_dags/example_sensors.py
[2026-09-18T11:41:31.346+0700] {processor.py:914} INFO - Processing file /Users/andreasanditya/Downloads/572392_Andreas_AirflowETL/code/.venv/lib/python3.9/site-packages/airflow/example_dags/example_sensors.py for tasks to queue
[2026-09-18T11:41:31.347+0700] {logging_mixin.py:190} INFO - [2026-09-18T11:41:31.346+0700] {dagbag.py:588} INFO - Filling up the DagBag from /Users/andreasanditya/Downloads/572392_Andreas_AirflowETL/code/.venv/lib/python3.9/site-packages/airflow/example_dags/example_sensors.py
[2026-09-18T11:41:31.356+0700] {processor.py:925} INFO - DAG(s) 'example_sensors' retrieved from /Users/andreasanditya/Downloads/572392_Andreas_AirflowETL/code/.venv/lib/python3.9/site-packages/airflow/example_dags/example_sensors.py
[2026-09-18T11:41:31.707+0700] {logging_mixin.py:190} INFO - [2026-09-18T11:41:31.706+0700] {dag.py:3239} INFO - Sync 1 DAGs
[2026-09-18T11:41:31.714+0700] {logging_mixin.py:190} INFO - [2026-09-18T11:41:31.714+0700] {dag.py:4180} INFO - Setting next_dagrun for example_sensors to None, run_after=None
[2026-09-18T11:41:31.755+0700] {processor.py:208} INFO - Processing /Users/andreasanditya/Downloads/572392_Andreas_AirflowETL/code/.venv/lib/python3.9/site-packages/airflow/example_dags/example_sensors.py took 0.412 seconds
[2026-09-18T11:43:01.519+0700] {processor.py:186} INFO - Started process (PID=26842) to work on /Users/andreasanditya/Downloads/572392_Andreas_AirflowETL/code/.venv/lib/python3.9/site-packages/airflow/example_dags/example_sensors.py
[2026-09-18T11:43:01.520+0700] {processor.py:914} INFO - Processing file /Users/andreasanditya/Downloads/572392_Andreas_AirflowETL/code/.venv/lib/python3.9/site-packages/airflow/example_dags/example_sensors.py for tasks to queue
[2026-09-18T11:43:01.520+0700] {logging_mixin.py:190} INFO - [2026-09-18T11:43:01.520+0700] {dagbag.py:588} INFO - Filling up the DagBag from /Users/andreasanditya/Downloads/572392_Andreas_AirflowETL/code/.venv/lib/python3.9/site-packages/airflow/example_dags/example_sensors.py
[2026-09-18T11:43:01.530+0700] {processor.py:925} INFO - DAG(s) 'example_sensors' retrieved from /Users/andreasanditya/Downloads/572392_Andreas_AirflowETL/code/.venv/lib/python3.9/site-packages/airflow/example_dags/example_sensors.py
[2026-09-18T11:43:01.888+0700] {logging_mixin.py:190} INFO - [2026-09-18T11:43:01.888+0700] {dag.py:3239} INFO - Sync 1 DAGs
[2026-09-18T11:43:01.895+0700] {logging_mixin.py:190} INFO - [2026-09-18T11:43:01.895+0700] {dag.py:4180} INFO - Setting next_dagrun for example_sensors to None, run_after=None
[2026-09-18T11:43:01.935+0700] {processor.py:208} INFO - Processing /Users/andreasanditya/Downloads/572392_Andreas_AirflowETL/code/.venv/lib/python3.9/site-packages/airflow/example_dags/example_sensors.py took 0.419 seconds
[2026-09-18T11:44:29.383+0700] {processor.py:186} INFO - Started process (PID=27747) to work on /Users/andreasanditya/Downloads/572392_Andreas_AirflowETL/code/.venv/lib/python3.9/site-packages/airflow/example_dags/example_sensors.py
[2026-09-18T11:44:29.384+0700] {processor.py:914} INFO - Processing file /Users/andreasanditya/Downloads/572392_Andreas_AirflowETL/code/.venv/lib/python3.9/site-packages/airflow/example_dags/example_sensors.py for tasks to queue
[2026-09-18T11:44:29.385+0700] {logging_mixin.py:190} INFO - [2026-09-18T11:44:29.384+0700] {dagbag.py:588} INFO - Filling up the DagBag from /Users/andreasanditya/Downloads/572392_Andreas_AirflowETL/code/.venv/lib/python3.9/site-packages/airflow/example_dags/example_sensors.py
[2026-09-18T11:44:29.393+0700] {processor.py:925} INFO - DAG(s) 'example_sensors' retrieved from /Users/andreasanditya/Downloads/572392_Andreas_AirflowETL/code/.venv/lib/python3.9/site-packages/airflow/example_dags/example_sensors.py
[2026-09-18T11:44:29.753+0700] {logging_mixin.py:190} INFO - [2026-09-18T11:44:29.753+0700] {dag.py:3239} INFO - Sync 1 DAGs
[2026-09-18T11:44:29.760+0700] {logging_mixin.py:190} INFO - [2026-09-18T11:44:29.760+0700] {dag.py:4180} INFO - Setting next_dagrun for example_sensors to None, run_after=None
[2026-09-18T11:44:29.801+0700] {processor.py:208} INFO - Processing /Users/andreasanditya/Downloads/572392_Andreas_AirflowETL/code/.venv/lib/python3.9/site-packages/airflow/example_dags/example_sensors.py took 0.421 seconds
[2026-09-18T11:45:55.686+0700] {processor.py:186} INFO - Started process (PID=28587) to work on /Users/andreasanditya/Downloads/572392_Andreas_AirflowETL/code/.venv/lib/python3.9/site-packages/airflow/example_dags/example_sensors.py
[2026-09-18T11:45:55.687+0700] {processor.py:914} INFO - Processing file /Users/andreasanditya/Downloads/572392_Andreas_AirflowETL/code/.venv/lib/python3.9/site-packages/airflow/example_dags/example_sensors.py for tasks to queue
[2026-09-18T11:45:55.688+0700] {logging_mixin.py:190} INFO - [2026-09-18T11:45:55.688+0700] {dagbag.py:588} INFO - Filling up the DagBag from /Users/andreasanditya/Downloads/572392_Andreas_AirflowETL/code/.venv/lib/python3.9/site-packages/airflow/example_dags/example_sensors.py
[2026-09-18T11:45:55.697+0700] {processor.py:925} INFO - DAG(s) 'example_sensors' retrieved from /Users/andreasanditya/Downloads/572392_Andreas_AirflowETL/code/.venv/lib/python3.9/site-packages/airflow/example_dags/example_sensors.py
[2026-09-18T11:45:56.033+0700] {logging_mixin.py:190} INFO - [2026-09-18T11:45:56.032+0700] {dag.py:3239} INFO - Sync 1 DAGs
[2026-09-18T11:45:56.039+0700] {logging_mixin.py:190} INFO - [2026-09-18T11:45:56.039+0700] {dag.py:4180} INFO - Setting next_dagrun for example_sensors to None, run_after=None
[2026-09-18T11:45:56.080+0700] {processor.py:208} INFO - Processing /Users/andreasanditya/Downloads/572392_Andreas_AirflowETL/code/.venv/lib/python3.9/site-packages/airflow/example_dags/example_sensors.py took 0.395 seconds
[2026-09-18T11:47:21.898+0700] {processor.py:186} INFO - Started process (PID=29456) to work on /Users/andreasanditya/Downloads/572392_Andreas_AirflowETL/code/.venv/lib/python3.9/site-packages/airflow/example_dags/example_sensors.py
[2026-09-18T11:47:21.899+0700] {processor.py:914} INFO - Processing file /Users/andreasanditya/Downloads/572392_Andreas_AirflowETL/code/.venv/lib/python3.9/site-packages/airflow/example_dags/example_sensors.py for tasks to queue
[2026-09-18T11:47:21.899+0700] {logging_mixin.py:190} INFO - [2026-09-18T11:47:21.899+0700] {dagbag.py:588} INFO - Filling up the DagBag from /Users/andreasanditya/Downloads/572392_Andreas_AirflowETL/code/.venv/lib/python3.9/site-packages/airflow/example_dags/example_sensors.py
[2026-09-18T11:47:21.908+0700] {processor.py:925} INFO - DAG(s) 'example_sensors' retrieved from /Users/andreasanditya/Downloads/572392_Andreas_AirflowETL/code/.venv/lib/python3.9/site-packages/airflow/example_dags/example_sensors.py
[2026-09-18T11:47:22.259+0700] {logging_mixin.py:190} INFO - [2026-09-18T11:47:22.259+0700] {dag.py:3239} INFO - Sync 1 DAGs
[2026-09-18T11:47:22.266+0700] {logging_mixin.py:190} INFO - [2026-09-18T11:47:22.266+0700] {dag.py:4180} INFO - Setting next_dagrun for example_sensors to None, run_after=None
[2026-09-18T11:47:22.307+0700] {processor.py:208} INFO - Processing /Users/andreasanditya/Downloads/572392_Andreas_AirflowETL/code/.venv/lib/python3.9/site-packages/airflow/example_dags/example_sensors.py took 0.412 seconds
[2026-09-18T11:48:49.302+0700] {processor.py:186} INFO - Started process (PID=30390) to work on /Users/andreasanditya/Downloads/572392_Andreas_AirflowETL/code/.venv/lib/python3.9/site-packages/airflow/example_dags/example_sensors.py
[2026-09-18T11:48:49.303+0700] {processor.py:914} INFO - Processing file /Users/andreasanditya/Downloads/572392_Andreas_AirflowETL/code/.venv/lib/python3.9/site-packages/airflow/example_dags/example_sensors.py for tasks to queue
[2026-09-18T11:48:49.304+0700] {logging_mixin.py:190} INFO - [2026-09-18T11:48:49.304+0700] {dagbag.py:588} INFO - Filling up the DagBag from /Users/andreasanditya/Downloads/572392_Andreas_AirflowETL/code/.venv/lib/python3.9/site-packages/airflow/example_dags/example_sensors.py
[2026-09-18T11:48:49.313+0700] {processor.py:925} INFO - DAG(s) 'example_sensors' retrieved from /Users/andreasanditya/Downloads/572392_Andreas_AirflowETL/code/.venv/lib/python3.9/site-packages/airflow/example_dags/example_sensors.py
[2026-09-18T11:48:49.665+0700] {logging_mixin.py:190} INFO - [2026-09-18T11:48:49.664+0700] {dag.py:3239} INFO - Sync 1 DAGs
[2026-09-18T11:48:49.671+0700] {logging_mixin.py:190} INFO - [2026-09-18T11:48:49.671+0700] {dag.py:4180} INFO - Setting next_dagrun for example_sensors to None, run_after=None
[2026-09-18T11:48:49.712+0700] {processor.py:208} INFO - Processing /Users/andreasanditya/Downloads/572392_Andreas_AirflowETL/code/.venv/lib/python3.9/site-packages/airflow/example_dags/example_sensors.py took 0.412 seconds
[2026-09-18T11:50:15.587+0700] {processor.py:186} INFO - Started process (PID=31220) to work on /Users/andreasanditya/Downloads/572392_Andreas_AirflowETL/code/.venv/lib/python3.9/site-packages/airflow/example_dags/example_sensors.py
[2026-09-18T11:50:15.589+0700] {processor.py:914} INFO - Processing file /Users/andreasanditya/Downloads/572392_Andreas_AirflowETL/code/.venv/lib/python3.9/site-packages/airflow/example_dags/example_sensors.py for tasks to queue
[2026-09-18T11:50:15.590+0700] {logging_mixin.py:190} INFO - [2026-09-18T11:50:15.590+0700] {dagbag.py:588} INFO - Filling up the DagBag from /Users/andreasanditya/Downloads/572392_Andreas_AirflowETL/code/.venv/lib/python3.9/site-packages/airflow/example_dags/example_sensors.py
[2026-09-18T11:50:15.599+0700] {processor.py:925} INFO - DAG(s) 'example_sensors' retrieved from /Users/andreasanditya/Downloads/572392_Andreas_AirflowETL/code/.venv/lib/python3.9/site-packages/airflow/example_dags/example_sensors.py
[2026-09-18T11:50:15.897+0700] {logging_mixin.py:190} INFO - [2026-09-18T11:50:15.897+0700] {dag.py:3239} INFO - Sync 1 DAGs
[2026-09-18T11:50:15.904+0700] {logging_mixin.py:190} INFO - [2026-09-18T11:50:15.904+0700] {dag.py:4180} INFO - Setting next_dagrun for example_sensors to None, run_after=None
[2026-09-18T11:50:15.945+0700] {processor.py:208} INFO - Processing /Users/andreasanditya/Downloads/572392_Andreas_AirflowETL/code/.venv/lib/python3.9/site-packages/airflow/example_dags/example_sensors.py took 0.359 seconds
[2026-09-18T11:51:40.252+0700] {processor.py:186} INFO - Started process (PID=32124) to work on /Users/andreasanditya/Downloads/572392_Andreas_AirflowETL/code/.venv/lib/python3.9/site-packages/airflow/example_dags/example_sensors.py
[2026-09-18T11:51:40.253+0700] {processor.py:914} INFO - Processing file /Users/andreasanditya/Downloads/572392_Andreas_AirflowETL/code/.venv/lib/python3.9/site-packages/airflow/example_dags/example_sensors.py for tasks to queue
[2026-09-18T11:51:40.253+0700] {logging_mixin.py:190} INFO - [2026-09-18T11:51:40.253+0700] {dagbag.py:588} INFO - Filling up the DagBag from /Users/andreasanditya/Downloads/572392_Andreas_AirflowETL/code/.venv/lib/python3.9/site-packages/airflow/example_dags/example_sensors.py
[2026-09-18T11:51:40.262+0700] {processor.py:925} INFO - DAG(s) 'example_sensors' retrieved from /Users/andreasanditya/Downloads/572392_Andreas_AirflowETL/code/.venv/lib/python3.9/site-packages/airflow/example_dags/example_sensors.py
[2026-09-18T11:51:40.615+0700] {logging_mixin.py:190} INFO - [2026-09-18T11:51:40.615+0700] {dag.py:3239} INFO - Sync 1 DAGs
[2026-09-18T11:51:40.622+0700] {logging_mixin.py:190} INFO - [2026-09-18T11:51:40.621+0700] {dag.py:4180} INFO - Setting next_dagrun for example_sensors to None, run_after=None
[2026-09-18T11:51:40.663+0700] {processor.py:208} INFO - Processing /Users/andreasanditya/Downloads/572392_Andreas_AirflowETL/code/.venv/lib/python3.9/site-packages/airflow/example_dags/example_sensors.py took 0.413 seconds
[2026-09-18T11:53:06.871+0700] {processor.py:186} INFO - Started process (PID=32934) to work on /Users/andreasanditya/Downloads/572392_Andreas_AirflowETL/code/.venv/lib/python3.9/site-packages/airflow/example_dags/example_sensors.py
[2026-09-18T11:53:06.872+0700] {processor.py:914} INFO - Processing file /Users/andreasanditya/Downloads/572392_Andreas_AirflowETL/code/.venv/lib/python3.9/site-packages/airflow/example_dags/example_sensors.py for tasks to queue
[2026-09-18T11:53:06.873+0700] {logging_mixin.py:190} INFO - [2026-09-18T11:53:06.873+0700] {dagbag.py:588} INFO - Filling up the DagBag from /Users/andreasanditya/Downloads/572392_Andreas_AirflowETL/code/.venv/lib/python3.9/site-packages/airflow/example_dags/example_sensors.py
[2026-09-18T11:53:06.882+0700] {processor.py:925} INFO - DAG(s) 'example_sensors' retrieved from /Users/andreasanditya/Downloads/572392_Andreas_AirflowETL/code/.venv/lib/python3.9/site-packages/airflow/example_dags/example_sensors.py
[2026-09-18T11:53:07.230+0700] {logging_mixin.py:190} INFO - [2026-09-18T11:53:07.230+0700] {dag.py:3239} INFO - Sync 1 DAGs
[2026-09-18T11:53:07.237+0700] {logging_mixin.py:190} INFO - [2026-09-18T11:53:07.236+0700] {dag.py:4180} INFO - Setting next_dagrun for example_sensors to None, run_after=None
[2026-09-18T11:53:07.277+0700] {processor.py:208} INFO - Processing /Users/andreasanditya/Downloads/572392_Andreas_AirflowETL/code/.venv/lib/python3.9/site-packages/airflow/example_dags/example_sensors.py took 0.408 seconds
[2026-09-18T11:54:33.637+0700] {processor.py:186} INFO - Started process (PID=33847) to work on /Users/andreasanditya/Downloads/572392_Andreas_AirflowETL/code/.venv/lib/python3.9/site-packages/airflow/example_dags/example_sensors.py
[2026-09-18T11:54:33.638+0700] {processor.py:914} INFO - Processing file /Users/andreasanditya/Downloads/572392_Andreas_AirflowETL/code/.venv/lib/python3.9/site-packages/airflow/example_dags/example_sensors.py for tasks to queue
[2026-09-18T11:54:33.639+0700] {logging_mixin.py:190} INFO - [2026-09-18T11:54:33.639+0700] {dagbag.py:588} INFO - Filling up the DagBag from /Users/andreasanditya/Downloads/572392_Andreas_AirflowETL/code/.venv/lib/python3.9/site-packages/airflow/example_dags/example_sensors.py
[2026-09-18T11:54:33.648+0700] {processor.py:925} INFO - DAG(s) 'example_sensors' retrieved from /Users/andreasanditya/Downloads/572392_Andreas_AirflowETL/code/.venv/lib/python3.9/site-packages/airflow/example_dags/example_sensors.py
[2026-09-18T11:54:33.997+0700] {logging_mixin.py:190} INFO - [2026-09-18T11:54:33.997+0700] {dag.py:3239} INFO - Sync 1 DAGs
[2026-09-18T11:54:34.003+0700] {logging_mixin.py:190} INFO - [2026-09-18T11:54:34.003+0700] {dag.py:4180} INFO - Setting next_dagrun for example_sensors to None, run_after=None
[2026-09-18T11:54:34.042+0700] {processor.py:208} INFO - Processing /Users/andreasanditya/Downloads/572392_Andreas_AirflowETL/code/.venv/lib/python3.9/site-packages/airflow/example_dags/example_sensors.py took 0.407 seconds
[2026-09-18T11:56:00.863+0700] {processor.py:186} INFO - Started process (PID=34692) to work on /Users/andreasanditya/Downloads/572392_Andreas_AirflowETL/code/.venv/lib/python3.9/site-packages/airflow/example_dags/example_sensors.py
[2026-09-18T11:56:00.864+0700] {processor.py:914} INFO - Processing file /Users/andreasanditya/Downloads/572392_Andreas_AirflowETL/code/.venv/lib/python3.9/site-packages/airflow/example_dags/example_sensors.py for tasks to queue
[2026-09-18T11:56:00.865+0700] {logging_mixin.py:190} INFO - [2026-09-18T11:56:00.865+0700] {dagbag.py:588} INFO - Filling up the DagBag from /Users/andreasanditya/Downloads/572392_Andreas_AirflowETL/code/.venv/lib/python3.9/site-packages/airflow/example_dags/example_sensors.py
[2026-09-18T11:56:00.874+0700] {processor.py:925} INFO - DAG(s) 'example_sensors' retrieved from /Users/andreasanditya/Downloads/572392_Andreas_AirflowETL/code/.venv/lib/python3.9/site-packages/airflow/example_dags/example_sensors.py
[2026-09-18T11:56:01.218+0700] {logging_mixin.py:190} INFO - [2026-09-18T11:56:01.218+0700] {dag.py:3239} INFO - Sync 1 DAGs
[2026-09-18T11:56:01.225+0700] {logging_mixin.py:190} INFO - [2026-09-18T11:56:01.225+0700] {dag.py:4180} INFO - Setting next_dagrun for example_sensors to None, run_after=None
[2026-09-18T11:56:01.265+0700] {processor.py:208} INFO - Processing /Users/andreasanditya/Downloads/572392_Andreas_AirflowETL/code/.venv/lib/python3.9/site-packages/airflow/example_dags/example_sensors.py took 0.404 seconds
[2026-09-18T11:57:29.191+0700] {processor.py:186} INFO - Started process (PID=35603) to work on /Users/andreasanditya/Downloads/572392_Andreas_AirflowETL/code/.venv/lib/python3.9/site-packages/airflow/example_dags/example_sensors.py
[2026-09-18T11:57:29.192+0700] {processor.py:914} INFO - Processing file /Users/andreasanditya/Downloads/572392_Andreas_AirflowETL/code/.venv/lib/python3.9/site-packages/airflow/example_dags/example_sensors.py for tasks to queue
[2026-09-18T11:57:29.193+0700] {logging_mixin.py:190} INFO - [2026-09-18T11:57:29.193+0700] {dagbag.py:588} INFO - Filling up the DagBag from /Users/andreasanditya/Downloads/572392_Andreas_AirflowETL/code/.venv/lib/python3.9/site-packages/airflow/example_dags/example_sensors.py
[2026-09-18T11:57:29.202+0700] {processor.py:925} INFO - DAG(s) 'example_sensors' retrieved from /Users/andreasanditya/Downloads/572392_Andreas_AirflowETL/code/.venv/lib/python3.9/site-packages/airflow/example_dags/example_sensors.py
[2026-09-18T11:57:29.549+0700] {logging_mixin.py:190} INFO - [2026-09-18T11:57:29.549+0700] {dag.py:3239} INFO - Sync 1 DAGs
[2026-09-18T11:57:29.556+0700] {logging_mixin.py:190} INFO - [2026-09-18T11:57:29.556+0700] {dag.py:4180} INFO - Setting next_dagrun for example_sensors to None, run_after=None
[2026-09-18T11:57:29.598+0700] {processor.py:208} INFO - Processing /Users/andreasanditya/Downloads/572392_Andreas_AirflowETL/code/.venv/lib/python3.9/site-packages/airflow/example_dags/example_sensors.py took 0.409 seconds
[2026-09-18T11:58:52.892+0700] {processor.py:186} INFO - Started process (PID=36412) to work on /Users/andreasanditya/Downloads/572392_Andreas_AirflowETL/code/.venv/lib/python3.9/site-packages/airflow/example_dags/example_sensors.py
[2026-09-18T11:58:52.893+0700] {processor.py:914} INFO - Processing file /Users/andreasanditya/Downloads/572392_Andreas_AirflowETL/code/.venv/lib/python3.9/site-packages/airflow/example_dags/example_sensors.py for tasks to queue
[2026-09-18T11:58:52.894+0700] {logging_mixin.py:190} INFO - [2026-09-18T11:58:52.894+0700] {dagbag.py:588} INFO - Filling up the DagBag from /Users/andreasanditya/Downloads/572392_Andreas_AirflowETL/code/.venv/lib/python3.9/site-packages/airflow/example_dags/example_sensors.py
[2026-09-18T11:58:52.902+0700] {processor.py:925} INFO - DAG(s) 'example_sensors' retrieved from /Users/andreasanditya/Downloads/572392_Andreas_AirflowETL/code/.venv/lib/python3.9/site-packages/airflow/example_dags/example_sensors.py
[2026-09-18T11:58:53.208+0700] {logging_mixin.py:190} INFO - [2026-09-18T11:58:53.208+0700] {dag.py:3239} INFO - Sync 1 DAGs
[2026-09-18T11:58:53.215+0700] {logging_mixin.py:190} INFO - [2026-09-18T11:58:53.215+0700] {dag.py:4180} INFO - Setting next_dagrun for example_sensors to None, run_after=None
[2026-09-18T11:58:53.259+0700] {processor.py:208} INFO - Processing /Users/andreasanditya/Downloads/572392_Andreas_AirflowETL/code/.venv/lib/python3.9/site-packages/airflow/example_dags/example_sensors.py took 0.369 seconds
[2026-09-18T12:00:19.410+0700] {processor.py:186} INFO - Started process (PID=37324) to work on /Users/andreasanditya/Downloads/572392_Andreas_AirflowETL/code/.venv/lib/python3.9/site-packages/airflow/example_dags/example_sensors.py
[2026-09-18T12:00:19.411+0700] {processor.py:914} INFO - Processing file /Users/andreasanditya/Downloads/572392_Andreas_AirflowETL/code/.venv/lib/python3.9/site-packages/airflow/example_dags/example_sensors.py for tasks to queue
[2026-09-18T12:00:19.411+0700] {logging_mixin.py:190} INFO - [2026-09-18T12:00:19.411+0700] {dagbag.py:588} INFO - Filling up the DagBag from /Users/andreasanditya/Downloads/572392_Andreas_AirflowETL/code/.venv/lib/python3.9/site-packages/airflow/example_dags/example_sensors.py
[2026-09-18T12:00:19.421+0700] {processor.py:925} INFO - DAG(s) 'example_sensors' retrieved from /Users/andreasanditya/Downloads/572392_Andreas_AirflowETL/code/.venv/lib/python3.9/site-packages/airflow/example_dags/example_sensors.py
[2026-09-18T12:00:19.767+0700] {logging_mixin.py:190} INFO - [2026-09-18T12:00:19.767+0700] {dag.py:3239} INFO - Sync 1 DAGs
[2026-09-18T12:00:19.774+0700] {logging_mixin.py:190} INFO - [2026-09-18T12:00:19.774+0700] {dag.py:4180} INFO - Setting next_dagrun for example_sensors to None, run_after=None
[2026-09-18T12:00:19.815+0700] {processor.py:208} INFO - Processing /Users/andreasanditya/Downloads/572392_Andreas_AirflowETL/code/.venv/lib/python3.9/site-packages/airflow/example_dags/example_sensors.py took 0.407 seconds
[2026-09-18T12:01:46.460+0700] {processor.py:186} INFO - Started process (PID=38160) to work on /Users/andreasanditya/Downloads/572392_Andreas_AirflowETL/code/.venv/lib/python3.9/site-packages/airflow/example_dags/example_sensors.py
[2026-09-18T12:01:46.460+0700] {processor.py:914} INFO - Processing file /Users/andreasanditya/Downloads/572392_Andreas_AirflowETL/code/.venv/lib/python3.9/site-packages/airflow/example_dags/example_sensors.py for tasks to queue
[2026-09-18T12:01:46.461+0700] {logging_mixin.py:190} INFO - [2026-09-18T12:01:46.461+0700] {dagbag.py:588} INFO - Filling up the DagBag from /Users/andreasanditya/Downloads/572392_Andreas_AirflowETL/code/.venv/lib/python3.9/site-packages/airflow/example_dags/example_sensors.py
[2026-09-18T12:01:46.470+0700] {processor.py:925} INFO - DAG(s) 'example_sensors' retrieved from /Users/andreasanditya/Downloads/572392_Andreas_AirflowETL/code/.venv/lib/python3.9/site-packages/airflow/example_dags/example_sensors.py
[2026-09-18T12:01:46.814+0700] {logging_mixin.py:190} INFO - [2026-09-18T12:01:46.814+0700] {dag.py:3239} INFO - Sync 1 DAGs
[2026-09-18T12:01:46.821+0700] {logging_mixin.py:190} INFO - [2026-09-18T12:01:46.821+0700] {dag.py:4180} INFO - Setting next_dagrun for example_sensors to None, run_after=None
[2026-09-18T12:01:46.862+0700] {processor.py:208} INFO - Processing /Users/andreasanditya/Downloads/572392_Andreas_AirflowETL/code/.venv/lib/python3.9/site-packages/airflow/example_dags/example_sensors.py took 0.404 seconds
[2026-09-18T12:03:13.188+0700] {processor.py:186} INFO - Started process (PID=39087) to work on /Users/andreasanditya/Downloads/572392_Andreas_AirflowETL/code/.venv/lib/python3.9/site-packages/airflow/example_dags/example_sensors.py
[2026-09-18T12:03:13.189+0700] {processor.py:914} INFO - Processing file /Users/andreasanditya/Downloads/572392_Andreas_AirflowETL/code/.venv/lib/python3.9/site-packages/airflow/example_dags/example_sensors.py for tasks to queue
[2026-09-18T12:03:13.190+0700] {logging_mixin.py:190} INFO - [2026-09-18T12:03:13.190+0700] {dagbag.py:588} INFO - Filling up the DagBag from /Users/andreasanditya/Downloads/572392_Andreas_AirflowETL/code/.venv/lib/python3.9/site-packages/airflow/example_dags/example_sensors.py
[2026-09-18T12:03:13.199+0700] {processor.py:925} INFO - DAG(s) 'example_sensors' retrieved from /Users/andreasanditya/Downloads/572392_Andreas_AirflowETL/code/.venv/lib/python3.9/site-packages/airflow/example_dags/example_sensors.py
[2026-09-18T12:03:13.542+0700] {logging_mixin.py:190} INFO - [2026-09-18T12:03:13.541+0700] {dag.py:3239} INFO - Sync 1 DAGs
[2026-09-18T12:03:13.549+0700] {logging_mixin.py:190} INFO - [2026-09-18T12:03:13.549+0700] {dag.py:4180} INFO - Setting next_dagrun for example_sensors to None, run_after=None
[2026-09-18T12:03:13.592+0700] {processor.py:208} INFO - Processing /Users/andreasanditya/Downloads/572392_Andreas_AirflowETL/code/.venv/lib/python3.9/site-packages/airflow/example_dags/example_sensors.py took 0.406 seconds
[2026-09-18T12:04:39.721+0700] {processor.py:186} INFO - Started process (PID=39906) to work on /Users/andreasanditya/Downloads/572392_Andreas_AirflowETL/code/.venv/lib/python3.9/site-packages/airflow/example_dags/example_sensors.py
[2026-09-18T12:04:39.721+0700] {processor.py:914} INFO - Processing file /Users/andreasanditya/Downloads/572392_Andreas_AirflowETL/code/.venv/lib/python3.9/site-packages/airflow/example_dags/example_sensors.py for tasks to queue
[2026-09-18T12:04:39.722+0700] {logging_mixin.py:190} INFO - [2026-09-18T12:04:39.722+0700] {dagbag.py:588} INFO - Filling up the DagBag from /Users/andreasanditya/Downloads/572392_Andreas_AirflowETL/code/.venv/lib/python3.9/site-packages/airflow/example_dags/example_sensors.py
[2026-09-18T12:04:39.731+0700] {processor.py:925} INFO - DAG(s) 'example_sensors' retrieved from /Users/andreasanditya/Downloads/572392_Andreas_AirflowETL/code/.venv/lib/python3.9/site-packages/airflow/example_dags/example_sensors.py
[2026-09-18T12:04:40.077+0700] {logging_mixin.py:190} INFO - [2026-09-18T12:04:40.076+0700] {dag.py:3239} INFO - Sync 1 DAGs
[2026-09-18T12:04:40.083+0700] {logging_mixin.py:190} INFO - [2026-09-18T12:04:40.083+0700] {dag.py:4180} INFO - Setting next_dagrun for example_sensors to None, run_after=None
[2026-09-18T12:04:40.124+0700] {processor.py:208} INFO - Processing /Users/andreasanditya/Downloads/572392_Andreas_AirflowETL/code/.venv/lib/python3.9/site-packages/airflow/example_dags/example_sensors.py took 0.405 seconds
[2026-09-18T12:06:07.343+0700] {processor.py:186} INFO - Started process (PID=40823) to work on /Users/andreasanditya/Downloads/572392_Andreas_AirflowETL/code/.venv/lib/python3.9/site-packages/airflow/example_dags/example_sensors.py
[2026-09-18T12:06:07.345+0700] {processor.py:914} INFO - Processing file /Users/andreasanditya/Downloads/572392_Andreas_AirflowETL/code/.venv/lib/python3.9/site-packages/airflow/example_dags/example_sensors.py for tasks to queue
[2026-09-18T12:06:07.346+0700] {logging_mixin.py:190} INFO - [2026-09-18T12:06:07.345+0700] {dagbag.py:588} INFO - Filling up the DagBag from /Users/andreasanditya/Downloads/572392_Andreas_AirflowETL/code/.venv/lib/python3.9/site-packages/airflow/example_dags/example_sensors.py
[2026-09-18T12:06:07.355+0700] {processor.py:925} INFO - DAG(s) 'example_sensors' retrieved from /Users/andreasanditya/Downloads/572392_Andreas_AirflowETL/code/.venv/lib/python3.9/site-packages/airflow/example_dags/example_sensors.py
[2026-09-18T12:06:07.873+0700] {logging_mixin.py:190} INFO - [2026-09-18T12:06:07.873+0700] {dag.py:3239} INFO - Sync 1 DAGs
[2026-09-18T12:06:07.880+0700] {logging_mixin.py:190} INFO - [2026-09-18T12:06:07.880+0700] {dag.py:4180} INFO - Setting next_dagrun for example_sensors to None, run_after=None
[2026-09-18T12:06:07.921+0700] {processor.py:208} INFO - Processing /Users/andreasanditya/Downloads/572392_Andreas_AirflowETL/code/.venv/lib/python3.9/site-packages/airflow/example_dags/example_sensors.py took 0.580 seconds
[2026-09-18T12:07:36.124+0700] {processor.py:186} INFO - Started process (PID=41725) to work on /Users/andreasanditya/Downloads/572392_Andreas_AirflowETL/code/.venv/lib/python3.9/site-packages/airflow/example_dags/example_sensors.py
[2026-09-18T12:07:36.125+0700] {processor.py:914} INFO - Processing file /Users/andreasanditya/Downloads/572392_Andreas_AirflowETL/code/.venv/lib/python3.9/site-packages/airflow/example_dags/example_sensors.py for tasks to queue
[2026-09-18T12:07:36.126+0700] {logging_mixin.py:190} INFO - [2026-09-18T12:07:36.126+0700] {dagbag.py:588} INFO - Filling up the DagBag from /Users/andreasanditya/Downloads/572392_Andreas_AirflowETL/code/.venv/lib/python3.9/site-packages/airflow/example_dags/example_sensors.py
[2026-09-18T12:07:36.135+0700] {processor.py:925} INFO - DAG(s) 'example_sensors' retrieved from /Users/andreasanditya/Downloads/572392_Andreas_AirflowETL/code/.venv/lib/python3.9/site-packages/airflow/example_dags/example_sensors.py
[2026-09-18T12:07:36.490+0700] {logging_mixin.py:190} INFO - [2026-09-18T12:07:36.490+0700] {dag.py:3239} INFO - Sync 1 DAGs
[2026-09-18T12:07:36.497+0700] {logging_mixin.py:190} INFO - [2026-09-18T12:07:36.497+0700] {dag.py:4180} INFO - Setting next_dagrun for example_sensors to None, run_after=None
[2026-09-18T12:07:36.537+0700] {processor.py:208} INFO - Processing /Users/andreasanditya/Downloads/572392_Andreas_AirflowETL/code/.venv/lib/python3.9/site-packages/airflow/example_dags/example_sensors.py took 0.415 seconds
[2026-09-18T12:09:02.067+0700] {processor.py:186} INFO - Started process (PID=42554) to work on /Users/andreasanditya/Downloads/572392_Andreas_AirflowETL/code/.venv/lib/python3.9/site-packages/airflow/example_dags/example_sensors.py
[2026-09-18T12:09:02.068+0700] {processor.py:914} INFO - Processing file /Users/andreasanditya/Downloads/572392_Andreas_AirflowETL/code/.venv/lib/python3.9/site-packages/airflow/example_dags/example_sensors.py for tasks to queue
[2026-09-18T12:09:02.069+0700] {logging_mixin.py:190} INFO - [2026-09-18T12:09:02.069+0700] {dagbag.py:588} INFO - Filling up the DagBag from /Users/andreasanditya/Downloads/572392_Andreas_AirflowETL/code/.venv/lib/python3.9/site-packages/airflow/example_dags/example_sensors.py
[2026-09-18T12:09:02.081+0700] {processor.py:925} INFO - DAG(s) 'example_sensors' retrieved from /Users/andreasanditya/Downloads/572392_Andreas_AirflowETL/code/.venv/lib/python3.9/site-packages/airflow/example_dags/example_sensors.py
[2026-09-18T12:09:02.430+0700] {logging_mixin.py:190} INFO - [2026-09-18T12:09:02.429+0700] {dag.py:3239} INFO - Sync 1 DAGs
[2026-09-18T12:09:02.436+0700] {logging_mixin.py:190} INFO - [2026-09-18T12:09:02.436+0700] {dag.py:4180} INFO - Setting next_dagrun for example_sensors to None, run_after=None
[2026-09-18T12:09:02.476+0700] {processor.py:208} INFO - Processing /Users/andreasanditya/Downloads/572392_Andreas_AirflowETL/code/.venv/lib/python3.9/site-packages/airflow/example_dags/example_sensors.py took 0.412 seconds
[2026-09-18T12:10:27.984+0700] {processor.py:186} INFO - Started process (PID=43472) to work on /Users/andreasanditya/Downloads/572392_Andreas_AirflowETL/code/.venv/lib/python3.9/site-packages/airflow/example_dags/example_sensors.py
[2026-09-18T12:10:27.985+0700] {processor.py:914} INFO - Processing file /Users/andreasanditya/Downloads/572392_Andreas_AirflowETL/code/.venv/lib/python3.9/site-packages/airflow/example_dags/example_sensors.py for tasks to queue
[2026-09-18T12:10:27.985+0700] {logging_mixin.py:190} INFO - [2026-09-18T12:10:27.985+0700] {dagbag.py:588} INFO - Filling up the DagBag from /Users/andreasanditya/Downloads/572392_Andreas_AirflowETL/code/.venv/lib/python3.9/site-packages/airflow/example_dags/example_sensors.py
[2026-09-18T12:10:27.995+0700] {processor.py:925} INFO - DAG(s) 'example_sensors' retrieved from /Users/andreasanditya/Downloads/572392_Andreas_AirflowETL/code/.venv/lib/python3.9/site-packages/airflow/example_dags/example_sensors.py
[2026-09-18T12:10:28.345+0700] {logging_mixin.py:190} INFO - [2026-09-18T12:10:28.344+0700] {dag.py:3239} INFO - Sync 1 DAGs
[2026-09-18T12:10:28.351+0700] {logging_mixin.py:190} INFO - [2026-09-18T12:10:28.351+0700] {dag.py:4180} INFO - Setting next_dagrun for example_sensors to None, run_after=None
[2026-09-18T12:10:28.392+0700] {processor.py:208} INFO - Processing /Users/andreasanditya/Downloads/572392_Andreas_AirflowETL/code/.venv/lib/python3.9/site-packages/airflow/example_dags/example_sensors.py took 0.411 seconds
[2026-09-18T12:11:56.959+0700] {processor.py:186} INFO - Started process (PID=44390) to work on /Users/andreasanditya/Downloads/572392_Andreas_AirflowETL/code/.venv/lib/python3.9/site-packages/airflow/example_dags/example_sensors.py
[2026-09-18T12:11:56.960+0700] {processor.py:914} INFO - Processing file /Users/andreasanditya/Downloads/572392_Andreas_AirflowETL/code/.venv/lib/python3.9/site-packages/airflow/example_dags/example_sensors.py for tasks to queue
[2026-09-18T12:11:56.960+0700] {logging_mixin.py:190} INFO - [2026-09-18T12:11:56.960+0700] {dagbag.py:588} INFO - Filling up the DagBag from /Users/andreasanditya/Downloads/572392_Andreas_AirflowETL/code/.venv/lib/python3.9/site-packages/airflow/example_dags/example_sensors.py
[2026-09-18T12:11:56.970+0700] {processor.py:925} INFO - DAG(s) 'example_sensors' retrieved from /Users/andreasanditya/Downloads/572392_Andreas_AirflowETL/code/.venv/lib/python3.9/site-packages/airflow/example_dags/example_sensors.py
[2026-09-18T12:11:57.307+0700] {logging_mixin.py:190} INFO - [2026-09-18T12:11:57.307+0700] {dag.py:3239} INFO - Sync 1 DAGs
[2026-09-18T12:11:57.314+0700] {logging_mixin.py:190} INFO - [2026-09-18T12:11:57.314+0700] {dag.py:4180} INFO - Setting next_dagrun for example_sensors to None, run_after=None
[2026-09-18T12:11:57.352+0700] {processor.py:208} INFO - Processing /Users/andreasanditya/Downloads/572392_Andreas_AirflowETL/code/.venv/lib/python3.9/site-packages/airflow/example_dags/example_sensors.py took 0.395 seconds
[2026-09-18T12:13:26.149+0700] {processor.py:186} INFO - Started process (PID=46037) to work on /Users/andreasanditya/Downloads/572392_Andreas_AirflowETL/code/.venv/lib/python3.9/site-packages/airflow/example_dags/example_sensors.py
[2026-09-18T12:13:26.150+0700] {processor.py:914} INFO - Processing file /Users/andreasanditya/Downloads/572392_Andreas_AirflowETL/code/.venv/lib/python3.9/site-packages/airflow/example_dags/example_sensors.py for tasks to queue
[2026-09-18T12:13:26.150+0700] {logging_mixin.py:190} INFO - [2026-09-18T12:13:26.150+0700] {dagbag.py:588} INFO - Filling up the DagBag from /Users/andreasanditya/Downloads/572392_Andreas_AirflowETL/code/.venv/lib/python3.9/site-packages/airflow/example_dags/example_sensors.py
[2026-09-18T12:13:26.160+0700] {processor.py:925} INFO - DAG(s) 'example_sensors' retrieved from /Users/andreasanditya/Downloads/572392_Andreas_AirflowETL/code/.venv/lib/python3.9/site-packages/airflow/example_dags/example_sensors.py
[2026-09-18T12:13:26.488+0700] {logging_mixin.py:190} INFO - [2026-09-18T12:13:26.488+0700] {dag.py:3239} INFO - Sync 1 DAGs
[2026-09-18T12:13:26.495+0700] {logging_mixin.py:190} INFO - [2026-09-18T12:13:26.495+0700] {dag.py:4180} INFO - Setting next_dagrun for example_sensors to None, run_after=None
[2026-09-18T12:13:26.535+0700] {processor.py:208} INFO - Processing /Users/andreasanditya/Downloads/572392_Andreas_AirflowETL/code/.venv/lib/python3.9/site-packages/airflow/example_dags/example_sensors.py took 0.388 seconds
[2026-09-18T12:14:53.942+0700] {processor.py:186} INFO - Started process (PID=47050) to work on /Users/andreasanditya/Downloads/572392_Andreas_AirflowETL/code/.venv/lib/python3.9/site-packages/airflow/example_dags/example_sensors.py
[2026-09-18T12:14:53.943+0700] {processor.py:914} INFO - Processing file /Users/andreasanditya/Downloads/572392_Andreas_AirflowETL/code/.venv/lib/python3.9/site-packages/airflow/example_dags/example_sensors.py for tasks to queue
[2026-09-18T12:14:53.944+0700] {logging_mixin.py:190} INFO - [2026-09-18T12:14:53.944+0700] {dagbag.py:588} INFO - Filling up the DagBag from /Users/andreasanditya/Downloads/572392_Andreas_AirflowETL/code/.venv/lib/python3.9/site-packages/airflow/example_dags/example_sensors.py
[2026-09-18T12:14:53.953+0700] {processor.py:925} INFO - DAG(s) 'example_sensors' retrieved from /Users/andreasanditya/Downloads/572392_Andreas_AirflowETL/code/.venv/lib/python3.9/site-packages/airflow/example_dags/example_sensors.py
[2026-09-18T12:14:54.315+0700] {logging_mixin.py:190} INFO - [2026-09-18T12:14:54.315+0700] {dag.py:3239} INFO - Sync 1 DAGs
[2026-09-18T12:14:54.322+0700] {logging_mixin.py:190} INFO - [2026-09-18T12:14:54.322+0700] {dag.py:4180} INFO - Setting next_dagrun for example_sensors to None, run_after=None
[2026-09-18T12:14:54.362+0700] {processor.py:208} INFO - Processing /Users/andreasanditya/Downloads/572392_Andreas_AirflowETL/code/.venv/lib/python3.9/site-packages/airflow/example_dags/example_sensors.py took 0.422 seconds
