[2026-09-18T11:18:15.271+0700] {processor.py:186} INFO - Started process (PID=11193) to work on /Users/andreasanditya/Downloads/572392_Andreas_AirflowETL/code/.venv/lib/python3.9/site-packages/airflow/example_dags/example_branch_python_dop_operator_3.py
[2026-09-18T11:18:15.272+0700] {processor.py:914} INFO - Processing file /Users/andreasanditya/Downloads/572392_Andreas_AirflowETL/code/.venv/lib/python3.9/site-packages/airflow/example_dags/example_branch_python_dop_operator_3.py for tasks to queue
[2026-09-18T11:18:15.273+0700] {logging_mixin.py:190} INFO - [2026-09-18T11:18:15.273+0700] {dagbag.py:588} INFO - Filling up the DagBag from /Users/andreasanditya/Downloads/572392_Andreas_AirflowETL/code/.venv/lib/python3.9/site-packages/airflow/example_dags/example_branch_python_dop_operator_3.py
[2026-09-18T11:18:15.327+0700] {processor.py:925} INFO - DAG(s) 'example_branch_dop_operator_v3' retrieved from /Users/andreasanditya/Downloads/572392_Andreas_AirflowETL/code/.venv/lib/python3.9/site-packages/airflow/example_dags/example_branch_python_dop_operator_3.py
[2026-09-18T11:18:15.432+0700] {logging_mixin.py:190} INFO - [2026-09-18T11:18:15.432+0700] {override.py:1912} INFO - Created Permission View: can read on DAG:example_branch_dop_operator_v3
[2026-09-18T11:18:15.437+0700] {logging_mixin.py:190} INFO - [2026-09-18T11:18:15.437+0700] {override.py:1912} INFO - Created Permission View: can edit on DAG:example_branch_dop_operator_v3
[2026-09-18T11:18:15.440+0700] {logging_mixin.py:190} INFO - [2026-09-18T11:18:15.440+0700] {override.py:1912} INFO - Created Permission View: can delete on DAG:example_branch_dop_operator_v3
[2026-09-18T11:18:15.444+0700] {logging_mixin.py:190} INFO - [2026-09-18T11:18:15.444+0700] {override.py:1912} INFO - Created Permission View: can read on DAG Run:example_branch_dop_operator_v3
[2026-09-18T11:18:15.447+0700] {logging_mixin.py:190} INFO - [2026-09-18T11:18:15.447+0700] {override.py:1912} INFO - Created Permission View: menu access on DAG Run:example_branch_dop_operator_v3
[2026-09-18T11:18:15.450+0700] {logging_mixin.py:190} INFO - [2026-09-18T11:18:15.450+0700] {override.py:1912} INFO - Created Permission View: can delete on DAG Run:example_branch_dop_operator_v3
[2026-09-18T11:18:15.453+0700] {logging_mixin.py:190} INFO - [2026-09-18T11:18:15.453+0700] {override.py:1912} INFO - Created Permission View: can create on DAG Run:example_branch_dop_operator_v3
[2026-09-18T11:18:15.453+0700] {logging_mixin.py:190} INFO - [2026-09-18T11:18:15.453+0700] {dag.py:3239} INFO - Sync 1 DAGs
[2026-09-18T11:18:15.460+0700] {logging_mixin.py:190} INFO - [2026-09-18T11:18:15.460+0700] {dag.py:3262} INFO - Creating ORM DAG for example_branch_dop_operator_v3
[2026-09-18T11:18:15.468+0700] {logging_mixin.py:190} INFO - [2026-09-18T11:18:15.468+0700] {dag.py:4180} INFO - Setting next_dagrun for example_branch_dop_operator_v3 to 2026-09-18 04:17:00+00:00, run_after=2026-09-18 04:18:00+00:00
[2026-09-18T11:18:15.477+0700] {processor.py:208} INFO - Processing /Users/andreasanditya/Downloads/572392_Andreas_AirflowETL/code/.venv/lib/python3.9/site-packages/airflow/example_dags/example_branch_python_dop_operator_3.py took 0.208 seconds
[2026-09-18T11:21:31.631+0700] {processor.py:186} INFO - Started process (PID=13278) to work on /Users/andreasanditya/Downloads/572392_Andreas_AirflowETL/code/.venv/lib/python3.9/site-packages/airflow/example_dags/example_branch_python_dop_operator_3.py
[2026-09-18T11:21:31.632+0700] {processor.py:914} INFO - Processing file /Users/andreasanditya/Downloads/572392_Andreas_AirflowETL/code/.venv/lib/python3.9/site-packages/airflow/example_dags/example_branch_python_dop_operator_3.py for tasks to queue
[2026-09-18T11:21:31.632+0700] {logging_mixin.py:190} INFO - [2026-09-18T11:21:31.632+0700] {dagbag.py:588} INFO - Filling up the DagBag from /Users/andreasanditya/Downloads/572392_Andreas_AirflowETL/code/.venv/lib/python3.9/site-packages/airflow/example_dags/example_branch_python_dop_operator_3.py
[2026-09-18T11:21:31.685+0700] {processor.py:925} INFO - DAG(s) 'example_branch_dop_operator_v3' retrieved from /Users/andreasanditya/Downloads/572392_Andreas_AirflowETL/code/.venv/lib/python3.9/site-packages/airflow/example_dags/example_branch_python_dop_operator_3.py
[2026-09-18T11:21:31.748+0700] {logging_mixin.py:190} INFO - [2026-09-18T11:21:31.748+0700] {dag.py:3239} INFO - Sync 1 DAGs
[2026-09-18T11:21:31.761+0700] {logging_mixin.py:190} INFO - [2026-09-18T11:21:31.761+0700] {dag.py:4180} INFO - Setting next_dagrun for example_branch_dop_operator_v3 to 2026-09-18 04:20:00+00:00, run_after=2026-09-18 04:21:00+00:00
[2026-09-18T11:21:31.773+0700] {processor.py:208} INFO - Processing /Users/andreasanditya/Downloads/572392_Andreas_AirflowETL/code/.venv/lib/python3.9/site-packages/airflow/example_dags/example_branch_python_dop_operator_3.py took 0.144 seconds
[2026-09-18T11:25:32.062+0700] {processor.py:186} INFO - Started process (PID=15958) to work on /Users/andreasanditya/Downloads/572392_Andreas_AirflowETL/code/.venv/lib/python3.9/site-packages/airflow/example_dags/example_branch_python_dop_operator_3.py
[2026-09-18T11:25:32.063+0700] {processor.py:914} INFO - Processing file /Users/andreasanditya/Downloads/572392_Andreas_AirflowETL/code/.venv/lib/python3.9/site-packages/airflow/example_dags/example_branch_python_dop_operator_3.py for tasks to queue
[2026-09-18T11:25:32.064+0700] {logging_mixin.py:190} INFO - [2026-09-18T11:25:32.064+0700] {dagbag.py:588} INFO - Filling up the DagBag from /Users/andreasanditya/Downloads/572392_Andreas_AirflowETL/code/.venv/lib/python3.9/site-packages/airflow/example_dags/example_branch_python_dop_operator_3.py
[2026-09-18T11:25:32.118+0700] {processor.py:925} INFO - DAG(s) 'example_branch_dop_operator_v3' retrieved from /Users/andreasanditya/Downloads/572392_Andreas_AirflowETL/code/.venv/lib/python3.9/site-packages/airflow/example_dags/example_branch_python_dop_operator_3.py
[2026-09-18T11:25:32.177+0700] {logging_mixin.py:190} INFO - [2026-09-18T11:25:32.176+0700] {dag.py:3239} INFO - Sync 1 DAGs
[2026-09-18T11:25:32.190+0700] {logging_mixin.py:190} INFO - [2026-09-18T11:25:32.190+0700] {dag.py:4180} INFO - Setting next_dagrun for example_branch_dop_operator_v3 to 2026-09-18 04:24:00+00:00, run_after=2026-09-18 04:25:00+00:00
[2026-09-18T11:25:32.200+0700] {processor.py:208} INFO - Processing /Users/andreasanditya/Downloads/572392_Andreas_AirflowETL/code/.venv/lib/python3.9/site-packages/airflow/example_dags/example_branch_python_dop_operator_3.py took 0.141 seconds
[2026-09-18T11:28:35.223+0700] {processor.py:186} INFO - Started process (PID=17798) to work on /Users/andreasanditya/Downloads/572392_Andreas_AirflowETL/code/.venv/lib/python3.9/site-packages/airflow/example_dags/example_branch_python_dop_operator_3.py
[2026-09-18T11:28:35.224+0700] {processor.py:914} INFO - Processing file /Users/andreasanditya/Downloads/572392_Andreas_AirflowETL/code/.venv/lib/python3.9/site-packages/airflow/example_dags/example_branch_python_dop_operator_3.py for tasks to queue
[2026-09-18T11:28:35.224+0700] {logging_mixin.py:190} INFO - [2026-09-18T11:28:35.224+0700] {dagbag.py:588} INFO - Filling up the DagBag from /Users/andreasanditya/Downloads/572392_Andreas_AirflowETL/code/.venv/lib/python3.9/site-packages/airflow/example_dags/example_branch_python_dop_operator_3.py
[2026-09-18T11:28:35.274+0700] {processor.py:925} INFO - DAG(s) 'example_branch_dop_operator_v3' retrieved from /Users/andreasanditya/Downloads/572392_Andreas_AirflowETL/code/.venv/lib/python3.9/site-packages/airflow/example_dags/example_branch_python_dop_operator_3.py
[2026-09-18T11:28:35.334+0700] {logging_mixin.py:190} INFO - [2026-09-18T11:28:35.333+0700] {dag.py:3239} INFO - Sync 1 DAGs
[2026-09-18T11:28:35.347+0700] {logging_mixin.py:190} INFO - [2026-09-18T11:28:35.347+0700] {dag.py:4180} INFO - Setting next_dagrun for example_branch_dop_operator_v3 to 2026-09-18 04:27:00+00:00, run_after=2026-09-18 04:28:00+00:00
[2026-09-18T11:28:35.358+0700] {processor.py:208} INFO - Processing /Users/andreasanditya/Downloads/572392_Andreas_AirflowETL/code/.venv/lib/python3.9/site-packages/airflow/example_dags/example_branch_python_dop_operator_3.py took 0.137 seconds
[2026-09-18T11:31:34.201+0700] {processor.py:186} INFO - Started process (PID=19680) to work on /Users/andreasanditya/Downloads/572392_Andreas_AirflowETL/code/.venv/lib/python3.9/site-packages/airflow/example_dags/example_branch_python_dop_operator_3.py
[2026-09-18T11:31:34.202+0700] {processor.py:914} INFO - Processing file /Users/andreasanditya/Downloads/572392_Andreas_AirflowETL/code/.venv/lib/python3.9/site-packages/airflow/example_dags/example_branch_python_dop_operator_3.py for tasks to queue
[2026-09-18T11:31:34.202+0700] {logging_mixin.py:190} INFO - [2026-09-18T11:31:34.202+0700] {dagbag.py:588} INFO - Filling up the DagBag from /Users/andreasanditya/Downloads/572392_Andreas_AirflowETL/code/.venv/lib/python3.9/site-packages/airflow/example_dags/example_branch_python_dop_operator_3.py
[2026-09-18T11:31:34.250+0700] {processor.py:925} INFO - DAG(s) 'example_branch_dop_operator_v3' retrieved from /Users/andreasanditya/Downloads/572392_Andreas_AirflowETL/code/.venv/lib/python3.9/site-packages/airflow/example_dags/example_branch_python_dop_operator_3.py
[2026-09-18T11:31:34.309+0700] {logging_mixin.py:190} INFO - [2026-09-18T11:31:34.309+0700] {dag.py:3239} INFO - Sync 1 DAGs
[2026-09-18T11:31:34.322+0700] {logging_mixin.py:190} INFO - [2026-09-18T11:31:34.322+0700] {dag.py:4180} INFO - Setting next_dagrun for example_branch_dop_operator_v3 to 2026-09-18 04:30:00+00:00, run_after=2026-09-18 04:31:00+00:00
[2026-09-18T11:31:34.333+0700] {processor.py:208} INFO - Processing /Users/andreasanditya/Downloads/572392_Andreas_AirflowETL/code/.venv/lib/python3.9/site-packages/airflow/example_dags/example_branch_python_dop_operator_3.py took 0.135 seconds
[2026-09-18T11:34:27.814+0700] {processor.py:186} INFO - Started process (PID=21551) to work on /Users/andreasanditya/Downloads/572392_Andreas_AirflowETL/code/.venv/lib/python3.9/site-packages/airflow/example_dags/example_branch_python_dop_operator_3.py
[2026-09-18T11:34:27.815+0700] {processor.py:914} INFO - Processing file /Users/andreasanditya/Downloads/572392_Andreas_AirflowETL/code/.venv/lib/python3.9/site-packages/airflow/example_dags/example_branch_python_dop_operator_3.py for tasks to queue
[2026-09-18T11:34:27.816+0700] {logging_mixin.py:190} INFO - [2026-09-18T11:34:27.816+0700] {dagbag.py:588} INFO - Filling up the DagBag from /Users/andreasanditya/Downloads/572392_Andreas_AirflowETL/code/.venv/lib/python3.9/site-packages/airflow/example_dags/example_branch_python_dop_operator_3.py
[2026-09-18T11:34:27.867+0700] {processor.py:925} INFO - DAG(s) 'example_branch_dop_operator_v3' retrieved from /Users/andreasanditya/Downloads/572392_Andreas_AirflowETL/code/.venv/lib/python3.9/site-packages/airflow/example_dags/example_branch_python_dop_operator_3.py
[2026-09-18T11:34:27.928+0700] {logging_mixin.py:190} INFO - [2026-09-18T11:34:27.928+0700] {dag.py:3239} INFO - Sync 1 DAGs
[2026-09-18T11:34:27.946+0700] {logging_mixin.py:190} INFO - [2026-09-18T11:34:27.946+0700] {dag.py:4180} INFO - Setting next_dagrun for example_branch_dop_operator_v3 to 2026-09-18 04:33:00+00:00, run_after=2026-09-18 04:34:00+00:00
[2026-09-18T11:34:27.957+0700] {processor.py:208} INFO - Processing /Users/andreasanditya/Downloads/572392_Andreas_AirflowETL/code/.venv/lib/python3.9/site-packages/airflow/example_dags/example_branch_python_dop_operator_3.py took 0.145 seconds
[2026-09-18T11:37:24.568+0700] {processor.py:186} INFO - Started process (PID=23420) to work on /Users/andreasanditya/Downloads/572392_Andreas_AirflowETL/code/.venv/lib/python3.9/site-packages/airflow/example_dags/example_branch_python_dop_operator_3.py
[2026-09-18T11:37:24.569+0700] {processor.py:914} INFO - Processing file /Users/andreasanditya/Downloads/572392_Andreas_AirflowETL/code/.venv/lib/python3.9/site-packages/airflow/example_dags/example_branch_python_dop_operator_3.py for tasks to queue
[2026-09-18T11:37:24.569+0700] {logging_mixin.py:190} INFO - [2026-09-18T11:37:24.569+0700] {dagbag.py:588} INFO - Filling up the DagBag from /Users/andreasanditya/Downloads/572392_Andreas_AirflowETL/code/.venv/lib/python3.9/site-packages/airflow/example_dags/example_branch_python_dop_operator_3.py
[2026-09-18T11:37:24.616+0700] {processor.py:925} INFO - DAG(s) 'example_branch_dop_operator_v3' retrieved from /Users/andreasanditya/Downloads/572392_Andreas_AirflowETL/code/.venv/lib/python3.9/site-packages/airflow/example_dags/example_branch_python_dop_operator_3.py
[2026-09-18T11:37:24.675+0700] {logging_mixin.py:190} INFO - [2026-09-18T11:37:24.675+0700] {dag.py:3239} INFO - Sync 1 DAGs
[2026-09-18T11:37:24.688+0700] {logging_mixin.py:190} INFO - [2026-09-18T11:37:24.688+0700] {dag.py:4180} INFO - Setting next_dagrun for example_branch_dop_operator_v3 to 2026-09-18 04:36:00+00:00, run_after=2026-09-18 04:37:00+00:00
[2026-09-18T11:37:24.698+0700] {processor.py:208} INFO - Processing /Users/andreasanditya/Downloads/572392_Andreas_AirflowETL/code/.venv/lib/python3.9/site-packages/airflow/example_dags/example_branch_python_dop_operator_3.py took 0.132 seconds
[2026-09-18T11:40:19.490+0700] {processor.py:186} INFO - Started process (PID=25166) to work on /Users/andreasanditya/Downloads/572392_Andreas_AirflowETL/code/.venv/lib/python3.9/site-packages/airflow/example_dags/example_branch_python_dop_operator_3.py
[2026-09-18T11:40:19.491+0700] {processor.py:914} INFO - Processing file /Users/andreasanditya/Downloads/572392_Andreas_AirflowETL/code/.venv/lib/python3.9/site-packages/airflow/example_dags/example_branch_python_dop_operator_3.py for tasks to queue
[2026-09-18T11:40:19.492+0700] {logging_mixin.py:190} INFO - [2026-09-18T11:40:19.492+0700] {dagbag.py:588} INFO - Filling up the DagBag from /Users/andreasanditya/Downloads/572392_Andreas_AirflowETL/code/.venv/lib/python3.9/site-packages/airflow/example_dags/example_branch_python_dop_operator_3.py
[2026-09-18T11:40:19.545+0700] {processor.py:925} INFO - DAG(s) 'example_branch_dop_operator_v3' retrieved from /Users/andreasanditya/Downloads/572392_Andreas_AirflowETL/code/.venv/lib/python3.9/site-packages/airflow/example_dags/example_branch_python_dop_operator_3.py
[2026-09-18T11:40:19.607+0700] {logging_mixin.py:190} INFO - [2026-09-18T11:40:19.607+0700] {dag.py:3239} INFO - Sync 1 DAGs
[2026-09-18T11:40:19.620+0700] {logging_mixin.py:190} INFO - [2026-09-18T11:40:19.620+0700] {dag.py:4180} INFO - Setting next_dagrun for example_branch_dop_operator_v3 to 2026-09-18 04:39:00+00:00, run_after=2026-09-18 04:40:00+00:00
[2026-09-18T11:40:19.631+0700] {processor.py:208} INFO - Processing /Users/andreasanditya/Downloads/572392_Andreas_AirflowETL/code/.venv/lib/python3.9/site-packages/airflow/example_dags/example_branch_python_dop_operator_3.py took 0.143 seconds
[2026-09-18T11:43:18.471+0700] {processor.py:186} INFO - Started process (PID=27036) to work on /Users/andreasanditya/Downloads/572392_Andreas_AirflowETL/code/.venv/lib/python3.9/site-packages/airflow/example_dags/example_branch_python_dop_operator_3.py
[2026-09-18T11:43:18.472+0700] {processor.py:914} INFO - Processing file /Users/andreasanditya/Downloads/572392_Andreas_AirflowETL/code/.venv/lib/python3.9/site-packages/airflow/example_dags/example_branch_python_dop_operator_3.py for tasks to queue
[2026-09-18T11:43:18.473+0700] {logging_mixin.py:190} INFO - [2026-09-18T11:43:18.472+0700] {dagbag.py:588} INFO - Filling up the DagBag from /Users/andreasanditya/Downloads/572392_Andreas_AirflowETL/code/.venv/lib/python3.9/site-packages/airflow/example_dags/example_branch_python_dop_operator_3.py
[2026-09-18T11:43:18.521+0700] {processor.py:925} INFO - DAG(s) 'example_branch_dop_operator_v3' retrieved from /Users/andreasanditya/Downloads/572392_Andreas_AirflowETL/code/.venv/lib/python3.9/site-packages/airflow/example_dags/example_branch_python_dop_operator_3.py
[2026-09-18T11:43:18.583+0700] {logging_mixin.py:190} INFO - [2026-09-18T11:43:18.582+0700] {dag.py:3239} INFO - Sync 1 DAGs
[2026-09-18T11:43:18.595+0700] {logging_mixin.py:190} INFO - [2026-09-18T11:43:18.595+0700] {dag.py:4180} INFO - Setting next_dagrun for example_branch_dop_operator_v3 to 2026-09-18 04:42:00+00:00, run_after=2026-09-18 04:43:00+00:00
[2026-09-18T11:43:18.606+0700] {processor.py:208} INFO - Processing /Users/andreasanditya/Downloads/572392_Andreas_AirflowETL/code/.venv/lib/python3.9/site-packages/airflow/example_dags/example_branch_python_dop_operator_3.py took 0.137 seconds
[2026-09-18T11:46:11.178+0700] {processor.py:186} INFO - Started process (PID=28761) to work on /Users/andreasanditya/Downloads/572392_Andreas_AirflowETL/code/.venv/lib/python3.9/site-packages/airflow/example_dags/example_branch_python_dop_operator_3.py
[2026-09-18T11:46:11.179+0700] {processor.py:914} INFO - Processing file /Users/andreasanditya/Downloads/572392_Andreas_AirflowETL/code/.venv/lib/python3.9/site-packages/airflow/example_dags/example_branch_python_dop_operator_3.py for tasks to queue
[2026-09-18T11:46:11.180+0700] {logging_mixin.py:190} INFO - [2026-09-18T11:46:11.180+0700] {dagbag.py:588} INFO - Filling up the DagBag from /Users/andreasanditya/Downloads/572392_Andreas_AirflowETL/code/.venv/lib/python3.9/site-packages/airflow/example_dags/example_branch_python_dop_operator_3.py
[2026-09-18T11:46:11.227+0700] {processor.py:925} INFO - DAG(s) 'example_branch_dop_operator_v3' retrieved from /Users/andreasanditya/Downloads/572392_Andreas_AirflowETL/code/.venv/lib/python3.9/site-packages/airflow/example_dags/example_branch_python_dop_operator_3.py
[2026-09-18T11:46:11.288+0700] {logging_mixin.py:190} INFO - [2026-09-18T11:46:11.288+0700] {dag.py:3239} INFO - Sync 1 DAGs
[2026-09-18T11:46:11.301+0700] {logging_mixin.py:190} INFO - [2026-09-18T11:46:11.300+0700] {dag.py:4180} INFO - Setting next_dagrun for example_branch_dop_operator_v3 to 2026-09-18 04:45:00+00:00, run_after=2026-09-18 04:46:00+00:00
[2026-09-18T11:46:11.311+0700] {processor.py:208} INFO - Processing /Users/andreasanditya/Downloads/572392_Andreas_AirflowETL/code/.venv/lib/python3.9/site-packages/airflow/example_dags/example_branch_python_dop_operator_3.py took 0.135 seconds
[2026-09-18T11:49:05.141+0700] {processor.py:186} INFO - Started process (PID=30503) to work on /Users/andreasanditya/Downloads/572392_Andreas_AirflowETL/code/.venv/lib/python3.9/site-packages/airflow/example_dags/example_branch_python_dop_operator_3.py
[2026-09-18T11:49:05.145+0700] {processor.py:914} INFO - Processing file /Users/andreasanditya/Downloads/572392_Andreas_AirflowETL/code/.venv/lib/python3.9/site-packages/airflow/example_dags/example_branch_python_dop_operator_3.py for tasks to queue
[2026-09-18T11:49:05.145+0700] {logging_mixin.py:190} INFO - [2026-09-18T11:49:05.145+0700] {dagbag.py:588} INFO - Filling up the DagBag from /Users/andreasanditya/Downloads/572392_Andreas_AirflowETL/code/.venv/lib/python3.9/site-packages/airflow/example_dags/example_branch_python_dop_operator_3.py
[2026-09-18T11:49:05.192+0700] {processor.py:925} INFO - DAG(s) 'example_branch_dop_operator_v3' retrieved from /Users/andreasanditya/Downloads/572392_Andreas_AirflowETL/code/.venv/lib/python3.9/site-packages/airflow/example_dags/example_branch_python_dop_operator_3.py
[2026-09-18T11:49:05.249+0700] {logging_mixin.py:190} INFO - [2026-09-18T11:49:05.249+0700] {dag.py:3239} INFO - Sync 1 DAGs
[2026-09-18T11:49:05.264+0700] {logging_mixin.py:190} INFO - [2026-09-18T11:49:05.264+0700] {dag.py:4180} INFO - Setting next_dagrun for example_branch_dop_operator_v3 to 2026-09-18 04:48:00+00:00, run_after=2026-09-18 04:49:00+00:00
[2026-09-18T11:49:05.275+0700] {processor.py:208} INFO - Processing /Users/andreasanditya/Downloads/572392_Andreas_AirflowETL/code/.venv/lib/python3.9/site-packages/airflow/example_dags/example_branch_python_dop_operator_3.py took 0.136 seconds
[2026-09-18T11:51:56.184+0700] {processor.py:186} INFO - Started process (PID=32234) to work on /Users/andreasanditya/Downloads/572392_Andreas_AirflowETL/code/.venv/lib/python3.9/site-packages/airflow/example_dags/example_branch_python_dop_operator_3.py
[2026-09-18T11:51:56.188+0700] {processor.py:914} INFO - Processing file /Users/andreasanditya/Downloads/572392_Andreas_AirflowETL/code/.venv/lib/python3.9/site-packages/airflow/example_dags/example_branch_python_dop_operator_3.py for tasks to queue
[2026-09-18T11:51:56.188+0700] {logging_mixin.py:190} INFO - [2026-09-18T11:51:56.188+0700] {dagbag.py:588} INFO - Filling up the DagBag from /Users/andreasanditya/Downloads/572392_Andreas_AirflowETL/code/.venv/lib/python3.9/site-packages/airflow/example_dags/example_branch_python_dop_operator_3.py
[2026-09-18T11:51:56.235+0700] {processor.py:925} INFO - DAG(s) 'example_branch_dop_operator_v3' retrieved from /Users/andreasanditya/Downloads/572392_Andreas_AirflowETL/code/.venv/lib/python3.9/site-packages/airflow/example_dags/example_branch_python_dop_operator_3.py
[2026-09-18T11:51:56.294+0700] {logging_mixin.py:190} INFO - [2026-09-18T11:51:56.294+0700] {dag.py:3239} INFO - Sync 1 DAGs
[2026-09-18T11:51:56.307+0700] {logging_mixin.py:190} INFO - [2026-09-18T11:51:56.306+0700] {dag.py:4180} INFO - Setting next_dagrun for example_branch_dop_operator_v3 to 2026-09-18 04:50:00+00:00, run_after=2026-09-18 04:51:00+00:00
[2026-09-18T11:51:56.317+0700] {processor.py:208} INFO - Processing /Users/andreasanditya/Downloads/572392_Andreas_AirflowETL/code/.venv/lib/python3.9/site-packages/airflow/example_dags/example_branch_python_dop_operator_3.py took 0.134 seconds
[2026-09-18T11:54:49.489+0700] {processor.py:186} INFO - Started process (PID=33964) to work on /Users/andreasanditya/Downloads/572392_Andreas_AirflowETL/code/.venv/lib/python3.9/site-packages/airflow/example_dags/example_branch_python_dop_operator_3.py
[2026-09-18T11:54:49.490+0700] {processor.py:914} INFO - Processing file /Users/andreasanditya/Downloads/572392_Andreas_AirflowETL/code/.venv/lib/python3.9/site-packages/airflow/example_dags/example_branch_python_dop_operator_3.py for tasks to queue
[2026-09-18T11:54:49.490+0700] {logging_mixin.py:190} INFO - [2026-09-18T11:54:49.490+0700] {dagbag.py:588} INFO - Filling up the DagBag from /Users/andreasanditya/Downloads/572392_Andreas_AirflowETL/code/.venv/lib/python3.9/site-packages/airflow/example_dags/example_branch_python_dop_operator_3.py
[2026-09-18T11:54:49.537+0700] {processor.py:925} INFO - DAG(s) 'example_branch_dop_operator_v3' retrieved from /Users/andreasanditya/Downloads/572392_Andreas_AirflowETL/code/.venv/lib/python3.9/site-packages/airflow/example_dags/example_branch_python_dop_operator_3.py
[2026-09-18T11:54:49.597+0700] {logging_mixin.py:190} INFO - [2026-09-18T11:54:49.597+0700] {dag.py:3239} INFO - Sync 1 DAGs
[2026-09-18T11:54:49.610+0700] {logging_mixin.py:190} INFO - [2026-09-18T11:54:49.610+0700] {dag.py:4180} INFO - Setting next_dagrun for example_branch_dop_operator_v3 to 2026-09-18 04:53:00+00:00, run_after=2026-09-18 04:54:00+00:00
[2026-09-18T11:54:49.621+0700] {processor.py:208} INFO - Processing /Users/andreasanditya/Downloads/572392_Andreas_AirflowETL/code/.venv/lib/python3.9/site-packages/airflow/example_dags/example_branch_python_dop_operator_3.py took 0.134 seconds
[2026-09-18T11:57:45.447+0700] {processor.py:186} INFO - Started process (PID=35798) to work on /Users/andreasanditya/Downloads/572392_Andreas_AirflowETL/code/.venv/lib/python3.9/site-packages/airflow/example_dags/example_branch_python_dop_operator_3.py
[2026-09-18T11:57:45.449+0700] {processor.py:914} INFO - Processing file /Users/andreasanditya/Downloads/572392_Andreas_AirflowETL/code/.venv/lib/python3.9/site-packages/airflow/example_dags/example_branch_python_dop_operator_3.py for tasks to queue
[2026-09-18T11:57:45.450+0700] {logging_mixin.py:190} INFO - [2026-09-18T11:57:45.450+0700] {dagbag.py:588} INFO - Filling up the DagBag from /Users/andreasanditya/Downloads/572392_Andreas_AirflowETL/code/.venv/lib/python3.9/site-packages/airflow/example_dags/example_branch_python_dop_operator_3.py
[2026-09-18T11:57:45.497+0700] {processor.py:925} INFO - DAG(s) 'example_branch_dop_operator_v3' retrieved from /Users/andreasanditya/Downloads/572392_Andreas_AirflowETL/code/.venv/lib/python3.9/site-packages/airflow/example_dags/example_branch_python_dop_operator_3.py
[2026-09-18T11:57:45.556+0700] {logging_mixin.py:190} INFO - [2026-09-18T11:57:45.556+0700] {dag.py:3239} INFO - Sync 1 DAGs
[2026-09-18T11:57:45.570+0700] {logging_mixin.py:190} INFO - [2026-09-18T11:57:45.570+0700] {dag.py:4180} INFO - Setting next_dagrun for example_branch_dop_operator_v3 to 2026-09-18 04:56:00+00:00, run_after=2026-09-18 04:57:00+00:00
[2026-09-18T11:57:45.581+0700] {processor.py:208} INFO - Processing /Users/andreasanditya/Downloads/572392_Andreas_AirflowETL/code/.venv/lib/python3.9/site-packages/airflow/example_dags/example_branch_python_dop_operator_3.py took 0.136 seconds
[2026-09-18T12:00:34.895+0700] {processor.py:186} INFO - Started process (PID=37440) to work on /Users/andreasanditya/Downloads/572392_Andreas_AirflowETL/code/.venv/lib/python3.9/site-packages/airflow/example_dags/example_branch_python_dop_operator_3.py
[2026-09-18T12:00:34.896+0700] {processor.py:914} INFO - Processing file /Users/andreasanditya/Downloads/572392_Andreas_AirflowETL/code/.venv/lib/python3.9/site-packages/airflow/example_dags/example_branch_python_dop_operator_3.py for tasks to queue
[2026-09-18T12:00:34.897+0700] {logging_mixin.py:190} INFO - [2026-09-18T12:00:34.897+0700] {dagbag.py:588} INFO - Filling up the DagBag from /Users/andreasanditya/Downloads/572392_Andreas_AirflowETL/code/.venv/lib/python3.9/site-packages/airflow/example_dags/example_branch_python_dop_operator_3.py
[2026-09-18T12:00:34.943+0700] {processor.py:925} INFO - DAG(s) 'example_branch_dop_operator_v3' retrieved from /Users/andreasanditya/Downloads/572392_Andreas_AirflowETL/code/.venv/lib/python3.9/site-packages/airflow/example_dags/example_branch_python_dop_operator_3.py
[2026-09-18T12:00:35.002+0700] {logging_mixin.py:190} INFO - [2026-09-18T12:00:35.002+0700] {dag.py:3239} INFO - Sync 1 DAGs
[2026-09-18T12:00:35.016+0700] {logging_mixin.py:190} INFO - [2026-09-18T12:00:35.016+0700] {dag.py:4180} INFO - Setting next_dagrun for example_branch_dop_operator_v3 to 2026-09-18 04:59:00+00:00, run_after=2026-09-18 05:00:00+00:00
[2026-09-18T12:00:35.026+0700] {processor.py:208} INFO - Processing /Users/andreasanditya/Downloads/572392_Andreas_AirflowETL/code/.venv/lib/python3.9/site-packages/airflow/example_dags/example_branch_python_dop_operator_3.py took 0.133 seconds
[2026-09-18T12:03:30.084+0700] {processor.py:186} INFO - Started process (PID=39284) to work on /Users/andreasanditya/Downloads/572392_Andreas_AirflowETL/code/.venv/lib/python3.9/site-packages/airflow/example_dags/example_branch_python_dop_operator_3.py
[2026-09-18T12:03:30.085+0700] {processor.py:914} INFO - Processing file /Users/andreasanditya/Downloads/572392_Andreas_AirflowETL/code/.venv/lib/python3.9/site-packages/airflow/example_dags/example_branch_python_dop_operator_3.py for tasks to queue
[2026-09-18T12:03:30.085+0700] {logging_mixin.py:190} INFO - [2026-09-18T12:03:30.085+0700] {dagbag.py:588} INFO - Filling up the DagBag from /Users/andreasanditya/Downloads/572392_Andreas_AirflowETL/code/.venv/lib/python3.9/site-packages/airflow/example_dags/example_branch_python_dop_operator_3.py
[2026-09-18T12:03:30.132+0700] {processor.py:925} INFO - DAG(s) 'example_branch_dop_operator_v3' retrieved from /Users/andreasanditya/Downloads/572392_Andreas_AirflowETL/code/.venv/lib/python3.9/site-packages/airflow/example_dags/example_branch_python_dop_operator_3.py
[2026-09-18T12:03:30.190+0700] {logging_mixin.py:190} INFO - [2026-09-18T12:03:30.189+0700] {dag.py:3239} INFO - Sync 1 DAGs
[2026-09-18T12:03:30.203+0700] {logging_mixin.py:190} INFO - [2026-09-18T12:03:30.202+0700] {dag.py:4180} INFO - Setting next_dagrun for example_branch_dop_operator_v3 to 2026-09-18 05:02:00+00:00, run_after=2026-09-18 05:03:00+00:00
[2026-09-18T12:03:30.213+0700] {processor.py:208} INFO - Processing /Users/andreasanditya/Downloads/572392_Andreas_AirflowETL/code/.venv/lib/python3.9/site-packages/airflow/example_dags/example_branch_python_dop_operator_3.py took 0.131 seconds
[2026-09-18T12:06:24.220+0700] {processor.py:186} INFO - Started process (PID=41014) to work on /Users/andreasanditya/Downloads/572392_Andreas_AirflowETL/code/.venv/lib/python3.9/site-packages/airflow/example_dags/example_branch_python_dop_operator_3.py
[2026-09-18T12:06:24.221+0700] {processor.py:914} INFO - Processing file /Users/andreasanditya/Downloads/572392_Andreas_AirflowETL/code/.venv/lib/python3.9/site-packages/airflow/example_dags/example_branch_python_dop_operator_3.py for tasks to queue
[2026-09-18T12:06:24.222+0700] {logging_mixin.py:190} INFO - [2026-09-18T12:06:24.222+0700] {dagbag.py:588} INFO - Filling up the DagBag from /Users/andreasanditya/Downloads/572392_Andreas_AirflowETL/code/.venv/lib/python3.9/site-packages/airflow/example_dags/example_branch_python_dop_operator_3.py
[2026-09-18T12:06:24.275+0700] {processor.py:925} INFO - DAG(s) 'example_branch_dop_operator_v3' retrieved from /Users/andreasanditya/Downloads/572392_Andreas_AirflowETL/code/.venv/lib/python3.9/site-packages/airflow/example_dags/example_branch_python_dop_operator_3.py
[2026-09-18T12:06:24.334+0700] {logging_mixin.py:190} INFO - [2026-09-18T12:06:24.334+0700] {dag.py:3239} INFO - Sync 1 DAGs
[2026-09-18T12:06:24.347+0700] {logging_mixin.py:190} INFO - [2026-09-18T12:06:24.347+0700] {dag.py:4180} INFO - Setting next_dagrun for example_branch_dop_operator_v3 to 2026-09-18 05:05:00+00:00, run_after=2026-09-18 05:06:00+00:00
[2026-09-18T12:06:24.357+0700] {processor.py:208} INFO - Processing /Users/andreasanditya/Downloads/572392_Andreas_AirflowETL/code/.venv/lib/python3.9/site-packages/airflow/example_dags/example_branch_python_dop_operator_3.py took 0.139 seconds
[2026-09-18T12:09:18.507+0700] {processor.py:186} INFO - Started process (PID=42763) to work on /Users/andreasanditya/Downloads/572392_Andreas_AirflowETL/code/.venv/lib/python3.9/site-packages/airflow/example_dags/example_branch_python_dop_operator_3.py
[2026-09-18T12:09:18.508+0700] {processor.py:914} INFO - Processing file /Users/andreasanditya/Downloads/572392_Andreas_AirflowETL/code/.venv/lib/python3.9/site-packages/airflow/example_dags/example_branch_python_dop_operator_3.py for tasks to queue
[2026-09-18T12:09:18.509+0700] {logging_mixin.py:190} INFO - [2026-09-18T12:09:18.509+0700] {dagbag.py:588} INFO - Filling up the DagBag from /Users/andreasanditya/Downloads/572392_Andreas_AirflowETL/code/.venv/lib/python3.9/site-packages/airflow/example_dags/example_branch_python_dop_operator_3.py
[2026-09-18T12:09:18.561+0700] {processor.py:925} INFO - DAG(s) 'example_branch_dop_operator_v3' retrieved from /Users/andreasanditya/Downloads/572392_Andreas_AirflowETL/code/.venv/lib/python3.9/site-packages/airflow/example_dags/example_branch_python_dop_operator_3.py
[2026-09-18T12:09:18.619+0700] {logging_mixin.py:190} INFO - [2026-09-18T12:09:18.619+0700] {dag.py:3239} INFO - Sync 1 DAGs
[2026-09-18T12:09:18.633+0700] {logging_mixin.py:190} INFO - [2026-09-18T12:09:18.632+0700] {dag.py:4180} INFO - Setting next_dagrun for example_branch_dop_operator_v3 to 2026-09-18 05:08:00+00:00, run_after=2026-09-18 05:09:00+00:00
[2026-09-18T12:09:18.643+0700] {processor.py:208} INFO - Processing /Users/andreasanditya/Downloads/572392_Andreas_AirflowETL/code/.venv/lib/python3.9/site-packages/airflow/example_dags/example_branch_python_dop_operator_3.py took 0.139 seconds
[2026-09-18T12:12:12.750+0700] {processor.py:186} INFO - Started process (PID=44500) to work on /Users/andreasanditya/Downloads/572392_Andreas_AirflowETL/code/.venv/lib/python3.9/site-packages/airflow/example_dags/example_branch_python_dop_operator_3.py
[2026-09-18T12:12:12.751+0700] {processor.py:914} INFO - Processing file /Users/andreasanditya/Downloads/572392_Andreas_AirflowETL/code/.venv/lib/python3.9/site-packages/airflow/example_dags/example_branch_python_dop_operator_3.py for tasks to queue
[2026-09-18T12:12:12.751+0700] {logging_mixin.py:190} INFO - [2026-09-18T12:12:12.751+0700] {dagbag.py:588} INFO - Filling up the DagBag from /Users/andreasanditya/Downloads/572392_Andreas_AirflowETL/code/.venv/lib/python3.9/site-packages/airflow/example_dags/example_branch_python_dop_operator_3.py
[2026-09-18T12:12:12.797+0700] {processor.py:925} INFO - DAG(s) 'example_branch_dop_operator_v3' retrieved from /Users/andreasanditya/Downloads/572392_Andreas_AirflowETL/code/.venv/lib/python3.9/site-packages/airflow/example_dags/example_branch_python_dop_operator_3.py
[2026-09-18T12:12:12.855+0700] {logging_mixin.py:190} INFO - [2026-09-18T12:12:12.855+0700] {dag.py:3239} INFO - Sync 1 DAGs
[2026-09-18T12:12:12.869+0700] {logging_mixin.py:190} INFO - [2026-09-18T12:12:12.868+0700] {dag.py:4180} INFO - Setting next_dagrun for example_branch_dop_operator_v3 to 2026-09-18 05:11:00+00:00, run_after=2026-09-18 05:12:00+00:00
[2026-09-18T12:12:12.879+0700] {processor.py:208} INFO - Processing /Users/andreasanditya/Downloads/572392_Andreas_AirflowETL/code/.venv/lib/python3.9/site-packages/airflow/example_dags/example_branch_python_dop_operator_3.py took 0.131 seconds
[2026-09-18T12:15:10.406+0700] {processor.py:186} INFO - Started process (PID=47275) to work on /Users/andreasanditya/Downloads/572392_Andreas_AirflowETL/code/.venv/lib/python3.9/site-packages/airflow/example_dags/example_branch_python_dop_operator_3.py
[2026-09-18T12:15:10.407+0700] {processor.py:914} INFO - Processing file /Users/andreasanditya/Downloads/572392_Andreas_AirflowETL/code/.venv/lib/python3.9/site-packages/airflow/example_dags/example_branch_python_dop_operator_3.py for tasks to queue
[2026-09-18T12:15:10.408+0700] {logging_mixin.py:190} INFO - [2026-09-18T12:15:10.408+0700] {dagbag.py:588} INFO - Filling up the DagBag from /Users/andreasanditya/Downloads/572392_Andreas_AirflowETL/code/.venv/lib/python3.9/site-packages/airflow/example_dags/example_branch_python_dop_operator_3.py
[2026-09-18T12:15:10.462+0700] {processor.py:925} INFO - DAG(s) 'example_branch_dop_operator_v3' retrieved from /Users/andreasanditya/Downloads/572392_Andreas_AirflowETL/code/.venv/lib/python3.9/site-packages/airflow/example_dags/example_branch_python_dop_operator_3.py
[2026-09-18T12:15:10.521+0700] {logging_mixin.py:190} INFO - [2026-09-18T12:15:10.521+0700] {dag.py:3239} INFO - Sync 1 DAGs
[2026-09-18T12:15:10.535+0700] {logging_mixin.py:190} INFO - [2026-09-18T12:15:10.535+0700] {dag.py:4180} INFO - Setting next_dagrun for example_branch_dop_operator_v3 to 2026-09-18 05:14:00+00:00, run_after=2026-09-18 05:15:00+00:00
[2026-09-18T12:15:10.546+0700] {processor.py:208} INFO - Processing /Users/andreasanditya/Downloads/572392_Andreas_AirflowETL/code/.venv/lib/python3.9/site-packages/airflow/example_dags/example_branch_python_dop_operator_3.py took 0.143 seconds
[2026-09-18T12:18:06.380+0700] {processor.py:186} INFO - Started process (PID=50150) to work on /Users/andreasanditya/Downloads/572392_Andreas_AirflowETL/code/.venv/lib/python3.9/site-packages/airflow/example_dags/example_branch_python_dop_operator_3.py
[2026-09-18T12:18:06.381+0700] {processor.py:914} INFO - Processing file /Users/andreasanditya/Downloads/572392_Andreas_AirflowETL/code/.venv/lib/python3.9/site-packages/airflow/example_dags/example_branch_python_dop_operator_3.py for tasks to queue
[2026-09-18T12:18:06.382+0700] {logging_mixin.py:190} INFO - [2026-09-18T12:18:06.381+0700] {dagbag.py:588} INFO - Filling up the DagBag from /Users/andreasanditya/Downloads/572392_Andreas_AirflowETL/code/.venv/lib/python3.9/site-packages/airflow/example_dags/example_branch_python_dop_operator_3.py
[2026-09-18T12:18:06.436+0700] {processor.py:925} INFO - DAG(s) 'example_branch_dop_operator_v3' retrieved from /Users/andreasanditya/Downloads/572392_Andreas_AirflowETL/code/.venv/lib/python3.9/site-packages/airflow/example_dags/example_branch_python_dop_operator_3.py
[2026-09-18T12:18:06.499+0700] {logging_mixin.py:190} INFO - [2026-09-18T12:18:06.499+0700] {dag.py:3239} INFO - Sync 1 DAGs
[2026-09-18T12:18:06.512+0700] {logging_mixin.py:190} INFO - [2026-09-18T12:18:06.512+0700] {dag.py:4180} INFO - Setting next_dagrun for example_branch_dop_operator_v3 to 2026-09-18 05:17:00+00:00, run_after=2026-09-18 05:18:00+00:00
[2026-09-18T12:18:06.524+0700] {processor.py:208} INFO - Processing /Users/andreasanditya/Downloads/572392_Andreas_AirflowETL/code/.venv/lib/python3.9/site-packages/airflow/example_dags/example_branch_python_dop_operator_3.py took 0.146 seconds
[2026-09-18T12:21:03.649+0700] {processor.py:186} INFO - Started process (PID=53389) to work on /Users/andreasanditya/Downloads/572392_Andreas_AirflowETL/code/.venv/lib/python3.9/site-packages/airflow/example_dags/example_branch_python_dop_operator_3.py
[2026-09-18T12:21:03.650+0700] {processor.py:914} INFO - Processing file /Users/andreasanditya/Downloads/572392_Andreas_AirflowETL/code/.venv/lib/python3.9/site-packages/airflow/example_dags/example_branch_python_dop_operator_3.py for tasks to queue
[2026-09-18T12:21:03.651+0700] {logging_mixin.py:190} INFO - [2026-09-18T12:21:03.651+0700] {dagbag.py:588} INFO - Filling up the DagBag from /Users/andreasanditya/Downloads/572392_Andreas_AirflowETL/code/.venv/lib/python3.9/site-packages/airflow/example_dags/example_branch_python_dop_operator_3.py
[2026-09-18T12:21:03.702+0700] {processor.py:925} INFO - DAG(s) 'example_branch_dop_operator_v3' retrieved from /Users/andreasanditya/Downloads/572392_Andreas_AirflowETL/code/.venv/lib/python3.9/site-packages/airflow/example_dags/example_branch_python_dop_operator_3.py
[2026-09-18T12:21:03.761+0700] {logging_mixin.py:190} INFO - [2026-09-18T12:21:03.761+0700] {dag.py:3239} INFO - Sync 1 DAGs
[2026-09-18T12:21:03.775+0700] {logging_mixin.py:190} INFO - [2026-09-18T12:21:03.774+0700] {dag.py:4180} INFO - Setting next_dagrun for example_branch_dop_operator_v3 to 2026-09-18 05:20:00+00:00, run_after=2026-09-18 05:21:00+00:00
[2026-09-18T12:21:03.786+0700] {processor.py:208} INFO - Processing /Users/andreasanditya/Downloads/572392_Andreas_AirflowETL/code/.venv/lib/python3.9/site-packages/airflow/example_dags/example_branch_python_dop_operator_3.py took 0.139 seconds
[2026-09-18T12:23:57.817+0700] {processor.py:186} INFO - Started process (PID=55187) to work on /Users/andreasanditya/Downloads/572392_Andreas_AirflowETL/code/.venv/lib/python3.9/site-packages/airflow/example_dags/example_branch_python_dop_operator_3.py
[2026-09-18T12:23:57.819+0700] {processor.py:914} INFO - Processing file /Users/andreasanditya/Downloads/572392_Andreas_AirflowETL/code/.venv/lib/python3.9/site-packages/airflow/example_dags/example_branch_python_dop_operator_3.py for tasks to queue
[2026-09-18T12:23:57.819+0700] {logging_mixin.py:190} INFO - [2026-09-18T12:23:57.819+0700] {dagbag.py:588} INFO - Filling up the DagBag from /Users/andreasanditya/Downloads/572392_Andreas_AirflowETL/code/.venv/lib/python3.9/site-packages/airflow/example_dags/example_branch_python_dop_operator_3.py
[2026-09-18T12:23:57.870+0700] {processor.py:925} INFO - DAG(s) 'example_branch_dop_operator_v3' retrieved from /Users/andreasanditya/Downloads/572392_Andreas_AirflowETL/code/.venv/lib/python3.9/site-packages/airflow/example_dags/example_branch_python_dop_operator_3.py
[2026-09-18T12:23:57.928+0700] {logging_mixin.py:190} INFO - [2026-09-18T12:23:57.928+0700] {dag.py:3239} INFO - Sync 1 DAGs
[2026-09-18T12:23:57.941+0700] {logging_mixin.py:190} INFO - [2026-09-18T12:23:57.941+0700] {dag.py:4180} INFO - Setting next_dagrun for example_branch_dop_operator_v3 to 2026-09-18 05:22:00+00:00, run_after=2026-09-18 05:23:00+00:00
[2026-09-18T12:23:57.952+0700] {processor.py:208} INFO - Processing /Users/andreasanditya/Downloads/572392_Andreas_AirflowETL/code/.venv/lib/python3.9/site-packages/airflow/example_dags/example_branch_python_dop_operator_3.py took 0.136 seconds
[2026-09-18T12:26:50.865+0700] {processor.py:186} INFO - Started process (PID=57009) to work on /Users/andreasanditya/Downloads/572392_Andreas_AirflowETL/code/.venv/lib/python3.9/site-packages/airflow/example_dags/example_branch_python_dop_operator_3.py
[2026-09-18T12:26:50.866+0700] {processor.py:914} INFO - Processing file /Users/andreasanditya/Downloads/572392_Andreas_AirflowETL/code/.venv/lib/python3.9/site-packages/airflow/example_dags/example_branch_python_dop_operator_3.py for tasks to queue
[2026-09-18T12:26:50.867+0700] {logging_mixin.py:190} INFO - [2026-09-18T12:26:50.867+0700] {dagbag.py:588} INFO - Filling up the DagBag from /Users/andreasanditya/Downloads/572392_Andreas_AirflowETL/code/.venv/lib/python3.9/site-packages/airflow/example_dags/example_branch_python_dop_operator_3.py
[2026-09-18T12:26:50.917+0700] {processor.py:925} INFO - DAG(s) 'example_branch_dop_operator_v3' retrieved from /Users/andreasanditya/Downloads/572392_Andreas_AirflowETL/code/.venv/lib/python3.9/site-packages/airflow/example_dags/example_branch_python_dop_operator_3.py
[2026-09-18T12:26:50.983+0700] {logging_mixin.py:190} INFO - [2026-09-18T12:26:50.983+0700] {dag.py:3239} INFO - Sync 1 DAGs
[2026-09-18T12:26:50.997+0700] {logging_mixin.py:190} INFO - [2026-09-18T12:26:50.997+0700] {dag.py:4180} INFO - Setting next_dagrun for example_branch_dop_operator_v3 to 2026-09-18 05:25:00+00:00, run_after=2026-09-18 05:26:00+00:00
[2026-09-18T12:26:51.008+0700] {processor.py:208} INFO - Processing /Users/andreasanditya/Downloads/572392_Andreas_AirflowETL/code/.venv/lib/python3.9/site-packages/airflow/example_dags/example_branch_python_dop_operator_3.py took 0.145 seconds
[2026-09-18T12:29:39.472+0700] {processor.py:186} INFO - Started process (PID=58701) to work on /Users/andreasanditya/Downloads/572392_Andreas_AirflowETL/code/.venv/lib/python3.9/site-packages/airflow/example_dags/example_branch_python_dop_operator_3.py
[2026-09-18T12:29:39.474+0700] {processor.py:914} INFO - Processing file /Users/andreasanditya/Downloads/572392_Andreas_AirflowETL/code/.venv/lib/python3.9/site-packages/airflow/example_dags/example_branch_python_dop_operator_3.py for tasks to queue
[2026-09-18T12:29:39.474+0700] {logging_mixin.py:190} INFO - [2026-09-18T12:29:39.474+0700] {dagbag.py:588} INFO - Filling up the DagBag from /Users/andreasanditya/Downloads/572392_Andreas_AirflowETL/code/.venv/lib/python3.9/site-packages/airflow/example_dags/example_branch_python_dop_operator_3.py
[2026-09-18T12:29:39.520+0700] {processor.py:925} INFO - DAG(s) 'example_branch_dop_operator_v3' retrieved from /Users/andreasanditya/Downloads/572392_Andreas_AirflowETL/code/.venv/lib/python3.9/site-packages/airflow/example_dags/example_branch_python_dop_operator_3.py
[2026-09-18T12:29:39.578+0700] {logging_mixin.py:190} INFO - [2026-09-18T12:29:39.577+0700] {dag.py:3239} INFO - Sync 1 DAGs
[2026-09-18T12:29:39.590+0700] {logging_mixin.py:190} INFO - [2026-09-18T12:29:39.590+0700] {dag.py:4180} INFO - Setting next_dagrun for example_branch_dop_operator_v3 to 2026-09-18 05:28:00+00:00, run_after=2026-09-18 05:29:00+00:00
[2026-09-18T12:29:39.600+0700] {processor.py:208} INFO - Processing /Users/andreasanditya/Downloads/572392_Andreas_AirflowETL/code/.venv/lib/python3.9/site-packages/airflow/example_dags/example_branch_python_dop_operator_3.py took 0.130 seconds
[2026-09-18T12:32:28.302+0700] {processor.py:186} INFO - Started process (PID=60454) to work on /Users/andreasanditya/Downloads/572392_Andreas_AirflowETL/code/.venv/lib/python3.9/site-packages/airflow/example_dags/example_branch_python_dop_operator_3.py
[2026-09-18T12:32:28.304+0700] {processor.py:914} INFO - Processing file /Users/andreasanditya/Downloads/572392_Andreas_AirflowETL/code/.venv/lib/python3.9/site-packages/airflow/example_dags/example_branch_python_dop_operator_3.py for tasks to queue
[2026-09-18T12:32:28.305+0700] {logging_mixin.py:190} INFO - [2026-09-18T12:32:28.304+0700] {dagbag.py:588} INFO - Filling up the DagBag from /Users/andreasanditya/Downloads/572392_Andreas_AirflowETL/code/.venv/lib/python3.9/site-packages/airflow/example_dags/example_branch_python_dop_operator_3.py
[2026-09-18T12:32:28.351+0700] {processor.py:925} INFO - DAG(s) 'example_branch_dop_operator_v3' retrieved from /Users/andreasanditya/Downloads/572392_Andreas_AirflowETL/code/.venv/lib/python3.9/site-packages/airflow/example_dags/example_branch_python_dop_operator_3.py
[2026-09-18T12:32:28.409+0700] {logging_mixin.py:190} INFO - [2026-09-18T12:32:28.409+0700] {dag.py:3239} INFO - Sync 1 DAGs
[2026-09-18T12:32:28.423+0700] {logging_mixin.py:190} INFO - [2026-09-18T12:32:28.423+0700] {dag.py:4180} INFO - Setting next_dagrun for example_branch_dop_operator_v3 to 2026-09-18 05:31:00+00:00, run_after=2026-09-18 05:32:00+00:00
[2026-09-18T12:32:28.433+0700] {processor.py:208} INFO - Processing /Users/andreasanditya/Downloads/572392_Andreas_AirflowETL/code/.venv/lib/python3.9/site-packages/airflow/example_dags/example_branch_python_dop_operator_3.py took 0.133 seconds
[2026-09-18T12:35:19.712+0700] {processor.py:186} INFO - Started process (PID=62214) to work on /Users/andreasanditya/Downloads/572392_Andreas_AirflowETL/code/.venv/lib/python3.9/site-packages/airflow/example_dags/example_branch_python_dop_operator_3.py
[2026-09-18T12:35:19.713+0700] {processor.py:914} INFO - Processing file /Users/andreasanditya/Downloads/572392_Andreas_AirflowETL/code/.venv/lib/python3.9/site-packages/airflow/example_dags/example_branch_python_dop_operator_3.py for tasks to queue
[2026-09-18T12:35:19.713+0700] {logging_mixin.py:190} INFO - [2026-09-18T12:35:19.713+0700] {dagbag.py:588} INFO - Filling up the DagBag from /Users/andreasanditya/Downloads/572392_Andreas_AirflowETL/code/.venv/lib/python3.9/site-packages/airflow/example_dags/example_branch_python_dop_operator_3.py
[2026-09-18T12:35:19.759+0700] {processor.py:925} INFO - DAG(s) 'example_branch_dop_operator_v3' retrieved from /Users/andreasanditya/Downloads/572392_Andreas_AirflowETL/code/.venv/lib/python3.9/site-packages/airflow/example_dags/example_branch_python_dop_operator_3.py
[2026-09-18T12:35:19.817+0700] {logging_mixin.py:190} INFO - [2026-09-18T12:35:19.817+0700] {dag.py:3239} INFO - Sync 1 DAGs
[2026-09-18T12:35:19.830+0700] {logging_mixin.py:190} INFO - [2026-09-18T12:35:19.830+0700] {dag.py:4180} INFO - Setting next_dagrun for example_branch_dop_operator_v3 to 2026-09-18 05:34:00+00:00, run_after=2026-09-18 05:35:00+00:00
[2026-09-18T12:35:19.840+0700] {processor.py:208} INFO - Processing /Users/andreasanditya/Downloads/572392_Andreas_AirflowETL/code/.venv/lib/python3.9/site-packages/airflow/example_dags/example_branch_python_dop_operator_3.py took 0.131 seconds
[2026-09-18T12:38:11.266+0700] {processor.py:186} INFO - Started process (PID=64000) to work on /Users/andreasanditya/Downloads/572392_Andreas_AirflowETL/code/.venv/lib/python3.9/site-packages/airflow/example_dags/example_branch_python_dop_operator_3.py
[2026-09-18T12:38:11.267+0700] {processor.py:914} INFO - Processing file /Users/andreasanditya/Downloads/572392_Andreas_AirflowETL/code/.venv/lib/python3.9/site-packages/airflow/example_dags/example_branch_python_dop_operator_3.py for tasks to queue
[2026-09-18T12:38:11.268+0700] {logging_mixin.py:190} INFO - [2026-09-18T12:38:11.268+0700] {dagbag.py:588} INFO - Filling up the DagBag from /Users/andreasanditya/Downloads/572392_Andreas_AirflowETL/code/.venv/lib/python3.9/site-packages/airflow/example_dags/example_branch_python_dop_operator_3.py
[2026-09-18T12:38:11.314+0700] {processor.py:925} INFO - DAG(s) 'example_branch_dop_operator_v3' retrieved from /Users/andreasanditya/Downloads/572392_Andreas_AirflowETL/code/.venv/lib/python3.9/site-packages/airflow/example_dags/example_branch_python_dop_operator_3.py
[2026-09-18T12:38:11.372+0700] {logging_mixin.py:190} INFO - [2026-09-18T12:38:11.372+0700] {dag.py:3239} INFO - Sync 1 DAGs
[2026-09-18T12:38:11.385+0700] {logging_mixin.py:190} INFO - [2026-09-18T12:38:11.385+0700] {dag.py:4180} INFO - Setting next_dagrun for example_branch_dop_operator_v3 to 2026-09-18 05:37:00+00:00, run_after=2026-09-18 05:38:00+00:00
[2026-09-18T12:38:11.395+0700] {processor.py:208} INFO - Processing /Users/andreasanditya/Downloads/572392_Andreas_AirflowETL/code/.venv/lib/python3.9/site-packages/airflow/example_dags/example_branch_python_dop_operator_3.py took 0.131 seconds
[2026-09-18T12:41:06.413+0700] {processor.py:186} INFO - Started process (PID=65740) to work on /Users/andreasanditya/Downloads/572392_Andreas_AirflowETL/code/.venv/lib/python3.9/site-packages/airflow/example_dags/example_branch_python_dop_operator_3.py
[2026-09-18T12:41:06.414+0700] {processor.py:914} INFO - Processing file /Users/andreasanditya/Downloads/572392_Andreas_AirflowETL/code/.venv/lib/python3.9/site-packages/airflow/example_dags/example_branch_python_dop_operator_3.py for tasks to queue
[2026-09-18T12:41:06.415+0700] {logging_mixin.py:190} INFO - [2026-09-18T12:41:06.415+0700] {dagbag.py:588} INFO - Filling up the DagBag from /Users/andreasanditya/Downloads/572392_Andreas_AirflowETL/code/.venv/lib/python3.9/site-packages/airflow/example_dags/example_branch_python_dop_operator_3.py
[2026-09-18T12:41:06.461+0700] {processor.py:925} INFO - DAG(s) 'example_branch_dop_operator_v3' retrieved from /Users/andreasanditya/Downloads/572392_Andreas_AirflowETL/code/.venv/lib/python3.9/site-packages/airflow/example_dags/example_branch_python_dop_operator_3.py
[2026-09-18T12:41:06.519+0700] {logging_mixin.py:190} INFO - [2026-09-18T12:41:06.519+0700] {dag.py:3239} INFO - Sync 1 DAGs
[2026-09-18T12:41:06.532+0700] {logging_mixin.py:190} INFO - [2026-09-18T12:41:06.532+0700] {dag.py:4180} INFO - Setting next_dagrun for example_branch_dop_operator_v3 to 2026-09-18 05:40:00+00:00, run_after=2026-09-18 05:41:00+00:00
[2026-09-18T12:41:06.542+0700] {processor.py:208} INFO - Processing /Users/andreasanditya/Downloads/572392_Andreas_AirflowETL/code/.venv/lib/python3.9/site-packages/airflow/example_dags/example_branch_python_dop_operator_3.py took 0.131 seconds
[2026-09-18T12:43:58.314+0700] {processor.py:186} INFO - Started process (PID=67482) to work on /Users/andreasanditya/Downloads/572392_Andreas_AirflowETL/code/.venv/lib/python3.9/site-packages/airflow/example_dags/example_branch_python_dop_operator_3.py
[2026-09-18T12:43:58.314+0700] {processor.py:914} INFO - Processing file /Users/andreasanditya/Downloads/572392_Andreas_AirflowETL/code/.venv/lib/python3.9/site-packages/airflow/example_dags/example_branch_python_dop_operator_3.py for tasks to queue
[2026-09-18T12:43:58.315+0700] {logging_mixin.py:190} INFO - [2026-09-18T12:43:58.315+0700] {dagbag.py:588} INFO - Filling up the DagBag from /Users/andreasanditya/Downloads/572392_Andreas_AirflowETL/code/.venv/lib/python3.9/site-packages/airflow/example_dags/example_branch_python_dop_operator_3.py
[2026-09-18T12:43:58.363+0700] {processor.py:925} INFO - DAG(s) 'example_branch_dop_operator_v3' retrieved from /Users/andreasanditya/Downloads/572392_Andreas_AirflowETL/code/.venv/lib/python3.9/site-packages/airflow/example_dags/example_branch_python_dop_operator_3.py
[2026-09-18T12:43:58.422+0700] {logging_mixin.py:190} INFO - [2026-09-18T12:43:58.422+0700] {dag.py:3239} INFO - Sync 1 DAGs
[2026-09-18T12:43:58.436+0700] {logging_mixin.py:190} INFO - [2026-09-18T12:43:58.436+0700] {dag.py:4180} INFO - Setting next_dagrun for example_branch_dop_operator_v3 to 2026-09-18 05:42:00+00:00, run_after=2026-09-18 05:43:00+00:00
[2026-09-18T12:43:58.447+0700] {processor.py:208} INFO - Processing /Users/andreasanditya/Downloads/572392_Andreas_AirflowETL/code/.venv/lib/python3.9/site-packages/airflow/example_dags/example_branch_python_dop_operator_3.py took 0.135 seconds
[2026-09-18T12:46:51.855+0700] {processor.py:186} INFO - Started process (PID=69235) to work on /Users/andreasanditya/Downloads/572392_Andreas_AirflowETL/code/.venv/lib/python3.9/site-packages/airflow/example_dags/example_branch_python_dop_operator_3.py
[2026-09-18T12:46:51.857+0700] {processor.py:914} INFO - Processing file /Users/andreasanditya/Downloads/572392_Andreas_AirflowETL/code/.venv/lib/python3.9/site-packages/airflow/example_dags/example_branch_python_dop_operator_3.py for tasks to queue
[2026-09-18T12:46:51.858+0700] {logging_mixin.py:190} INFO - [2026-09-18T12:46:51.858+0700] {dagbag.py:588} INFO - Filling up the DagBag from /Users/andreasanditya/Downloads/572392_Andreas_AirflowETL/code/.venv/lib/python3.9/site-packages/airflow/example_dags/example_branch_python_dop_operator_3.py
[2026-09-18T12:46:51.905+0700] {processor.py:925} INFO - DAG(s) 'example_branch_dop_operator_v3' retrieved from /Users/andreasanditya/Downloads/572392_Andreas_AirflowETL/code/.venv/lib/python3.9/site-packages/airflow/example_dags/example_branch_python_dop_operator_3.py
[2026-09-18T12:46:51.963+0700] {logging_mixin.py:190} INFO - [2026-09-18T12:46:51.963+0700] {dag.py:3239} INFO - Sync 1 DAGs
[2026-09-18T12:46:51.976+0700] {logging_mixin.py:190} INFO - [2026-09-18T12:46:51.976+0700] {dag.py:4180} INFO - Setting next_dagrun for example_branch_dop_operator_v3 to 2026-09-18 05:45:00+00:00, run_after=2026-09-18 05:46:00+00:00
[2026-09-18T12:46:51.987+0700] {processor.py:208} INFO - Processing /Users/andreasanditya/Downloads/572392_Andreas_AirflowETL/code/.venv/lib/python3.9/site-packages/airflow/example_dags/example_branch_python_dop_operator_3.py took 0.133 seconds
[2026-09-18T12:49:40.955+0700] {processor.py:186} INFO - Started process (PID=70973) to work on /Users/andreasanditya/Downloads/572392_Andreas_AirflowETL/code/.venv/lib/python3.9/site-packages/airflow/example_dags/example_branch_python_dop_operator_3.py
[2026-09-18T12:49:40.957+0700] {processor.py:914} INFO - Processing file /Users/andreasanditya/Downloads/572392_Andreas_AirflowETL/code/.venv/lib/python3.9/site-packages/airflow/example_dags/example_branch_python_dop_operator_3.py for tasks to queue
[2026-09-18T12:49:40.957+0700] {logging_mixin.py:190} INFO - [2026-09-18T12:49:40.957+0700] {dagbag.py:588} INFO - Filling up the DagBag from /Users/andreasanditya/Downloads/572392_Andreas_AirflowETL/code/.venv/lib/python3.9/site-packages/airflow/example_dags/example_branch_python_dop_operator_3.py
[2026-09-18T12:49:41.003+0700] {processor.py:925} INFO - DAG(s) 'example_branch_dop_operator_v3' retrieved from /Users/andreasanditya/Downloads/572392_Andreas_AirflowETL/code/.venv/lib/python3.9/site-packages/airflow/example_dags/example_branch_python_dop_operator_3.py
[2026-09-18T12:49:41.063+0700] {logging_mixin.py:190} INFO - [2026-09-18T12:49:41.062+0700] {dag.py:3239} INFO - Sync 1 DAGs
[2026-09-18T12:49:41.078+0700] {logging_mixin.py:190} INFO - [2026-09-18T12:49:41.078+0700] {dag.py:4180} INFO - Setting next_dagrun for example_branch_dop_operator_v3 to 2026-09-18 05:48:00+00:00, run_after=2026-09-18 05:49:00+00:00
[2026-09-18T12:49:41.090+0700] {processor.py:208} INFO - Processing /Users/andreasanditya/Downloads/572392_Andreas_AirflowETL/code/.venv/lib/python3.9/site-packages/airflow/example_dags/example_branch_python_dop_operator_3.py took 0.137 seconds
[2026-09-18T12:52:30.055+0700] {processor.py:186} INFO - Started process (PID=72721) to work on /Users/andreasanditya/Downloads/572392_Andreas_AirflowETL/code/.venv/lib/python3.9/site-packages/airflow/example_dags/example_branch_python_dop_operator_3.py
[2026-09-18T12:52:30.056+0700] {processor.py:914} INFO - Processing file /Users/andreasanditya/Downloads/572392_Andreas_AirflowETL/code/.venv/lib/python3.9/site-packages/airflow/example_dags/example_branch_python_dop_operator_3.py for tasks to queue
[2026-09-18T12:52:30.057+0700] {logging_mixin.py:190} INFO - [2026-09-18T12:52:30.057+0700] {dagbag.py:588} INFO - Filling up the DagBag from /Users/andreasanditya/Downloads/572392_Andreas_AirflowETL/code/.venv/lib/python3.9/site-packages/airflow/example_dags/example_branch_python_dop_operator_3.py
[2026-09-18T12:52:30.104+0700] {processor.py:925} INFO - DAG(s) 'example_branch_dop_operator_v3' retrieved from /Users/andreasanditya/Downloads/572392_Andreas_AirflowETL/code/.venv/lib/python3.9/site-packages/airflow/example_dags/example_branch_python_dop_operator_3.py
[2026-09-18T12:52:30.161+0700] {logging_mixin.py:190} INFO - [2026-09-18T12:52:30.161+0700] {dag.py:3239} INFO - Sync 1 DAGs
[2026-09-18T12:52:30.173+0700] {logging_mixin.py:190} INFO - [2026-09-18T12:52:30.173+0700] {dag.py:4180} INFO - Setting next_dagrun for example_branch_dop_operator_v3 to 2026-09-18 05:51:00+00:00, run_after=2026-09-18 05:52:00+00:00
[2026-09-18T12:52:30.183+0700] {processor.py:208} INFO - Processing /Users/andreasanditya/Downloads/572392_Andreas_AirflowETL/code/.venv/lib/python3.9/site-packages/airflow/example_dags/example_branch_python_dop_operator_3.py took 0.130 seconds
[2026-09-18T12:55:19.330+0700] {processor.py:186} INFO - Started process (PID=74490) to work on /Users/andreasanditya/Downloads/572392_Andreas_AirflowETL/code/.venv/lib/python3.9/site-packages/airflow/example_dags/example_branch_python_dop_operator_3.py
[2026-09-18T12:55:19.331+0700] {processor.py:914} INFO - Processing file /Users/andreasanditya/Downloads/572392_Andreas_AirflowETL/code/.venv/lib/python3.9/site-packages/airflow/example_dags/example_branch_python_dop_operator_3.py for tasks to queue
[2026-09-18T12:55:19.331+0700] {logging_mixin.py:190} INFO - [2026-09-18T12:55:19.331+0700] {dagbag.py:588} INFO - Filling up the DagBag from /Users/andreasanditya/Downloads/572392_Andreas_AirflowETL/code/.venv/lib/python3.9/site-packages/airflow/example_dags/example_branch_python_dop_operator_3.py
[2026-09-18T12:55:19.380+0700] {processor.py:925} INFO - DAG(s) 'example_branch_dop_operator_v3' retrieved from /Users/andreasanditya/Downloads/572392_Andreas_AirflowETL/code/.venv/lib/python3.9/site-packages/airflow/example_dags/example_branch_python_dop_operator_3.py
[2026-09-18T12:55:19.440+0700] {logging_mixin.py:190} INFO - [2026-09-18T12:55:19.440+0700] {dag.py:3239} INFO - Sync 1 DAGs
[2026-09-18T12:55:19.454+0700] {logging_mixin.py:190} INFO - [2026-09-18T12:55:19.453+0700] {dag.py:4180} INFO - Setting next_dagrun for example_branch_dop_operator_v3 to 2026-09-18 05:54:00+00:00, run_after=2026-09-18 05:55:00+00:00
[2026-09-18T12:55:19.464+0700] {processor.py:208} INFO - Processing /Users/andreasanditya/Downloads/572392_Andreas_AirflowETL/code/.venv/lib/python3.9/site-packages/airflow/example_dags/example_branch_python_dop_operator_3.py took 0.136 seconds
[2026-09-18T12:58:09.182+0700] {processor.py:186} INFO - Started process (PID=76163) to work on /Users/andreasanditya/Downloads/572392_Andreas_AirflowETL/code/.venv/lib/python3.9/site-packages/airflow/example_dags/example_branch_python_dop_operator_3.py
[2026-09-18T12:58:09.183+0700] {processor.py:914} INFO - Processing file /Users/andreasanditya/Downloads/572392_Andreas_AirflowETL/code/.venv/lib/python3.9/site-packages/airflow/example_dags/example_branch_python_dop_operator_3.py for tasks to queue
[2026-09-18T12:58:09.183+0700] {logging_mixin.py:190} INFO - [2026-09-18T12:58:09.183+0700] {dagbag.py:588} INFO - Filling up the DagBag from /Users/andreasanditya/Downloads/572392_Andreas_AirflowETL/code/.venv/lib/python3.9/site-packages/airflow/example_dags/example_branch_python_dop_operator_3.py
[2026-09-18T12:58:09.230+0700] {processor.py:925} INFO - DAG(s) 'example_branch_dop_operator_v3' retrieved from /Users/andreasanditya/Downloads/572392_Andreas_AirflowETL/code/.venv/lib/python3.9/site-packages/airflow/example_dags/example_branch_python_dop_operator_3.py
[2026-09-18T12:58:09.289+0700] {logging_mixin.py:190} INFO - [2026-09-18T12:58:09.289+0700] {dag.py:3239} INFO - Sync 1 DAGs
[2026-09-18T12:58:09.302+0700] {logging_mixin.py:190} INFO - [2026-09-18T12:58:09.302+0700] {dag.py:4180} INFO - Setting next_dagrun for example_branch_dop_operator_v3 to 2026-09-18 05:57:00+00:00, run_after=2026-09-18 05:58:00+00:00
[2026-09-18T12:58:09.312+0700] {processor.py:208} INFO - Processing /Users/andreasanditya/Downloads/572392_Andreas_AirflowETL/code/.venv/lib/python3.9/site-packages/airflow/example_dags/example_branch_python_dop_operator_3.py took 0.132 seconds
[2026-09-18T13:01:03.587+0700] {processor.py:186} INFO - Started process (PID=78013) to work on /Users/andreasanditya/Downloads/572392_Andreas_AirflowETL/code/.venv/lib/python3.9/site-packages/airflow/example_dags/example_branch_python_dop_operator_3.py
[2026-09-18T13:01:03.588+0700] {processor.py:914} INFO - Processing file /Users/andreasanditya/Downloads/572392_Andreas_AirflowETL/code/.venv/lib/python3.9/site-packages/airflow/example_dags/example_branch_python_dop_operator_3.py for tasks to queue
[2026-09-18T13:01:03.589+0700] {logging_mixin.py:190} INFO - [2026-09-18T13:01:03.589+0700] {dagbag.py:588} INFO - Filling up the DagBag from /Users/andreasanditya/Downloads/572392_Andreas_AirflowETL/code/.venv/lib/python3.9/site-packages/airflow/example_dags/example_branch_python_dop_operator_3.py
[2026-09-18T13:01:03.635+0700] {processor.py:925} INFO - DAG(s) 'example_branch_dop_operator_v3' retrieved from /Users/andreasanditya/Downloads/572392_Andreas_AirflowETL/code/.venv/lib/python3.9/site-packages/airflow/example_dags/example_branch_python_dop_operator_3.py
[2026-09-18T13:01:03.692+0700] {logging_mixin.py:190} INFO - [2026-09-18T13:01:03.692+0700] {dag.py:3239} INFO - Sync 1 DAGs
[2026-09-18T13:01:03.705+0700] {logging_mixin.py:190} INFO - [2026-09-18T13:01:03.704+0700] {dag.py:4180} INFO - Setting next_dagrun for example_branch_dop_operator_v3 to 2026-09-18 06:00:00+00:00, run_after=2026-09-18 06:01:00+00:00
[2026-09-18T13:01:03.715+0700] {processor.py:208} INFO - Processing /Users/andreasanditya/Downloads/572392_Andreas_AirflowETL/code/.venv/lib/python3.9/site-packages/airflow/example_dags/example_branch_python_dop_operator_3.py took 0.130 seconds
[2026-09-18T13:03:56.380+0700] {processor.py:186} INFO - Started process (PID=79769) to work on /Users/andreasanditya/Downloads/572392_Andreas_AirflowETL/code/.venv/lib/python3.9/site-packages/airflow/example_dags/example_branch_python_dop_operator_3.py
[2026-09-18T13:03:56.381+0700] {processor.py:914} INFO - Processing file /Users/andreasanditya/Downloads/572392_Andreas_AirflowETL/code/.venv/lib/python3.9/site-packages/airflow/example_dags/example_branch_python_dop_operator_3.py for tasks to queue
[2026-09-18T13:03:56.382+0700] {logging_mixin.py:190} INFO - [2026-09-18T13:03:56.382+0700] {dagbag.py:588} INFO - Filling up the DagBag from /Users/andreasanditya/Downloads/572392_Andreas_AirflowETL/code/.venv/lib/python3.9/site-packages/airflow/example_dags/example_branch_python_dop_operator_3.py
[2026-09-18T13:03:56.429+0700] {processor.py:925} INFO - DAG(s) 'example_branch_dop_operator_v3' retrieved from /Users/andreasanditya/Downloads/572392_Andreas_AirflowETL/code/.venv/lib/python3.9/site-packages/airflow/example_dags/example_branch_python_dop_operator_3.py
[2026-09-18T13:03:56.486+0700] {logging_mixin.py:190} INFO - [2026-09-18T13:03:56.486+0700] {dag.py:3239} INFO - Sync 1 DAGs
[2026-09-18T13:03:56.499+0700] {logging_mixin.py:190} INFO - [2026-09-18T13:03:56.499+0700] {dag.py:4180} INFO - Setting next_dagrun for example_branch_dop_operator_v3 to 2026-09-18 06:02:00+00:00, run_after=2026-09-18 06:03:00+00:00
[2026-09-18T13:03:56.509+0700] {processor.py:208} INFO - Processing /Users/andreasanditya/Downloads/572392_Andreas_AirflowETL/code/.venv/lib/python3.9/site-packages/airflow/example_dags/example_branch_python_dop_operator_3.py took 0.131 seconds
[2026-09-18T13:06:47.227+0700] {processor.py:186} INFO - Started process (PID=81451) to work on /Users/andreasanditya/Downloads/572392_Andreas_AirflowETL/code/.venv/lib/python3.9/site-packages/airflow/example_dags/example_branch_python_dop_operator_3.py
[2026-09-18T13:06:47.229+0700] {processor.py:914} INFO - Processing file /Users/andreasanditya/Downloads/572392_Andreas_AirflowETL/code/.venv/lib/python3.9/site-packages/airflow/example_dags/example_branch_python_dop_operator_3.py for tasks to queue
[2026-09-18T13:06:47.229+0700] {logging_mixin.py:190} INFO - [2026-09-18T13:06:47.229+0700] {dagbag.py:588} INFO - Filling up the DagBag from /Users/andreasanditya/Downloads/572392_Andreas_AirflowETL/code/.venv/lib/python3.9/site-packages/airflow/example_dags/example_branch_python_dop_operator_3.py
[2026-09-18T13:06:47.277+0700] {processor.py:925} INFO - DAG(s) 'example_branch_dop_operator_v3' retrieved from /Users/andreasanditya/Downloads/572392_Andreas_AirflowETL/code/.venv/lib/python3.9/site-packages/airflow/example_dags/example_branch_python_dop_operator_3.py
[2026-09-18T13:06:47.335+0700] {logging_mixin.py:190} INFO - [2026-09-18T13:06:47.335+0700] {dag.py:3239} INFO - Sync 1 DAGs
[2026-09-18T13:06:47.348+0700] {logging_mixin.py:190} INFO - [2026-09-18T13:06:47.348+0700] {dag.py:4180} INFO - Setting next_dagrun for example_branch_dop_operator_v3 to 2026-09-18 06:05:00+00:00, run_after=2026-09-18 06:06:00+00:00
[2026-09-18T13:06:47.358+0700] {processor.py:208} INFO - Processing /Users/andreasanditya/Downloads/572392_Andreas_AirflowETL/code/.venv/lib/python3.9/site-packages/airflow/example_dags/example_branch_python_dop_operator_3.py took 0.134 seconds
[2026-09-18T13:09:35.510+0700] {processor.py:186} INFO - Started process (PID=83201) to work on /Users/andreasanditya/Downloads/572392_Andreas_AirflowETL/code/.venv/lib/python3.9/site-packages/airflow/example_dags/example_branch_python_dop_operator_3.py
[2026-09-18T13:09:35.511+0700] {processor.py:914} INFO - Processing file /Users/andreasanditya/Downloads/572392_Andreas_AirflowETL/code/.venv/lib/python3.9/site-packages/airflow/example_dags/example_branch_python_dop_operator_3.py for tasks to queue
[2026-09-18T13:09:35.511+0700] {logging_mixin.py:190} INFO - [2026-09-18T13:09:35.511+0700] {dagbag.py:588} INFO - Filling up the DagBag from /Users/andreasanditya/Downloads/572392_Andreas_AirflowETL/code/.venv/lib/python3.9/site-packages/airflow/example_dags/example_branch_python_dop_operator_3.py
[2026-09-18T13:09:35.558+0700] {processor.py:925} INFO - DAG(s) 'example_branch_dop_operator_v3' retrieved from /Users/andreasanditya/Downloads/572392_Andreas_AirflowETL/code/.venv/lib/python3.9/site-packages/airflow/example_dags/example_branch_python_dop_operator_3.py
[2026-09-18T13:09:35.616+0700] {logging_mixin.py:190} INFO - [2026-09-18T13:09:35.616+0700] {dag.py:3239} INFO - Sync 1 DAGs
[2026-09-18T13:09:35.629+0700] {logging_mixin.py:190} INFO - [2026-09-18T13:09:35.628+0700] {dag.py:4180} INFO - Setting next_dagrun for example_branch_dop_operator_v3 to 2026-09-18 06:08:00+00:00, run_after=2026-09-18 06:09:00+00:00
[2026-09-18T13:09:35.639+0700] {processor.py:208} INFO - Processing /Users/andreasanditya/Downloads/572392_Andreas_AirflowETL/code/.venv/lib/python3.9/site-packages/airflow/example_dags/example_branch_python_dop_operator_3.py took 0.131 seconds
[2026-09-18T13:12:28.078+0700] {processor.py:186} INFO - Started process (PID=84971) to work on /Users/andreasanditya/Downloads/572392_Andreas_AirflowETL/code/.venv/lib/python3.9/site-packages/airflow/example_dags/example_branch_python_dop_operator_3.py
[2026-09-18T13:12:28.079+0700] {processor.py:914} INFO - Processing file /Users/andreasanditya/Downloads/572392_Andreas_AirflowETL/code/.venv/lib/python3.9/site-packages/airflow/example_dags/example_branch_python_dop_operator_3.py for tasks to queue
[2026-09-18T13:12:28.080+0700] {logging_mixin.py:190} INFO - [2026-09-18T13:12:28.080+0700] {dagbag.py:588} INFO - Filling up the DagBag from /Users/andreasanditya/Downloads/572392_Andreas_AirflowETL/code/.venv/lib/python3.9/site-packages/airflow/example_dags/example_branch_python_dop_operator_3.py
[2026-09-18T13:12:28.126+0700] {processor.py:925} INFO - DAG(s) 'example_branch_dop_operator_v3' retrieved from /Users/andreasanditya/Downloads/572392_Andreas_AirflowETL/code/.venv/lib/python3.9/site-packages/airflow/example_dags/example_branch_python_dop_operator_3.py
[2026-09-18T13:12:28.184+0700] {logging_mixin.py:190} INFO - [2026-09-18T13:12:28.184+0700] {dag.py:3239} INFO - Sync 1 DAGs
[2026-09-18T13:12:28.197+0700] {logging_mixin.py:190} INFO - [2026-09-18T13:12:28.197+0700] {dag.py:4180} INFO - Setting next_dagrun for example_branch_dop_operator_v3 to 2026-09-18 06:11:00+00:00, run_after=2026-09-18 06:12:00+00:00
[2026-09-18T13:12:28.207+0700] {processor.py:208} INFO - Processing /Users/andreasanditya/Downloads/572392_Andreas_AirflowETL/code/.venv/lib/python3.9/site-packages/airflow/example_dags/example_branch_python_dop_operator_3.py took 0.131 seconds
[2026-09-18T13:15:20.242+0700] {processor.py:186} INFO - Started process (PID=86710) to work on /Users/andreasanditya/Downloads/572392_Andreas_AirflowETL/code/.venv/lib/python3.9/site-packages/airflow/example_dags/example_branch_python_dop_operator_3.py
[2026-09-18T13:15:20.244+0700] {processor.py:914} INFO - Processing file /Users/andreasanditya/Downloads/572392_Andreas_AirflowETL/code/.venv/lib/python3.9/site-packages/airflow/example_dags/example_branch_python_dop_operator_3.py for tasks to queue
[2026-09-18T13:15:20.244+0700] {logging_mixin.py:190} INFO - [2026-09-18T13:15:20.244+0700] {dagbag.py:588} INFO - Filling up the DagBag from /Users/andreasanditya/Downloads/572392_Andreas_AirflowETL/code/.venv/lib/python3.9/site-packages/airflow/example_dags/example_branch_python_dop_operator_3.py
[2026-09-18T13:15:20.290+0700] {processor.py:925} INFO - DAG(s) 'example_branch_dop_operator_v3' retrieved from /Users/andreasanditya/Downloads/572392_Andreas_AirflowETL/code/.venv/lib/python3.9/site-packages/airflow/example_dags/example_branch_python_dop_operator_3.py
[2026-09-18T13:15:20.348+0700] {logging_mixin.py:190} INFO - [2026-09-18T13:15:20.348+0700] {dag.py:3239} INFO - Sync 1 DAGs
[2026-09-18T13:15:20.360+0700] {logging_mixin.py:190} INFO - [2026-09-18T13:15:20.360+0700] {dag.py:4180} INFO - Setting next_dagrun for example_branch_dop_operator_v3 to 2026-09-18 06:14:00+00:00, run_after=2026-09-18 06:15:00+00:00
[2026-09-18T13:15:20.370+0700] {processor.py:208} INFO - Processing /Users/andreasanditya/Downloads/572392_Andreas_AirflowETL/code/.venv/lib/python3.9/site-packages/airflow/example_dags/example_branch_python_dop_operator_3.py took 0.130 seconds
[2026-09-18T13:18:12.872+0700] {processor.py:186} INFO - Started process (PID=88458) to work on /Users/andreasanditya/Downloads/572392_Andreas_AirflowETL/code/.venv/lib/python3.9/site-packages/airflow/example_dags/example_branch_python_dop_operator_3.py
[2026-09-18T13:18:12.874+0700] {processor.py:914} INFO - Processing file /Users/andreasanditya/Downloads/572392_Andreas_AirflowETL/code/.venv/lib/python3.9/site-packages/airflow/example_dags/example_branch_python_dop_operator_3.py for tasks to queue
[2026-09-18T13:18:12.875+0700] {logging_mixin.py:190} INFO - [2026-09-18T13:18:12.875+0700] {dagbag.py:588} INFO - Filling up the DagBag from /Users/andreasanditya/Downloads/572392_Andreas_AirflowETL/code/.venv/lib/python3.9/site-packages/airflow/example_dags/example_branch_python_dop_operator_3.py
[2026-09-18T13:18:12.921+0700] {processor.py:925} INFO - DAG(s) 'example_branch_dop_operator_v3' retrieved from /Users/andreasanditya/Downloads/572392_Andreas_AirflowETL/code/.venv/lib/python3.9/site-packages/airflow/example_dags/example_branch_python_dop_operator_3.py
[2026-09-18T13:18:12.978+0700] {logging_mixin.py:190} INFO - [2026-09-18T13:18:12.978+0700] {dag.py:3239} INFO - Sync 1 DAGs
[2026-09-18T13:18:12.991+0700] {logging_mixin.py:190} INFO - [2026-09-18T13:18:12.991+0700] {dag.py:4180} INFO - Setting next_dagrun for example_branch_dop_operator_v3 to 2026-09-18 06:17:00+00:00, run_after=2026-09-18 06:18:00+00:00
[2026-09-18T13:18:13.001+0700] {processor.py:208} INFO - Processing /Users/andreasanditya/Downloads/572392_Andreas_AirflowETL/code/.venv/lib/python3.9/site-packages/airflow/example_dags/example_branch_python_dop_operator_3.py took 0.131 seconds
[2026-09-18T13:21:03.024+0700] {processor.py:186} INFO - Started process (PID=90193) to work on /Users/andreasanditya/Downloads/572392_Andreas_AirflowETL/code/.venv/lib/python3.9/site-packages/airflow/example_dags/example_branch_python_dop_operator_3.py
[2026-09-18T13:21:03.027+0700] {processor.py:914} INFO - Processing file /Users/andreasanditya/Downloads/572392_Andreas_AirflowETL/code/.venv/lib/python3.9/site-packages/airflow/example_dags/example_branch_python_dop_operator_3.py for tasks to queue
[2026-09-18T13:21:03.027+0700] {logging_mixin.py:190} INFO - [2026-09-18T13:21:03.027+0700] {dagbag.py:588} INFO - Filling up the DagBag from /Users/andreasanditya/Downloads/572392_Andreas_AirflowETL/code/.venv/lib/python3.9/site-packages/airflow/example_dags/example_branch_python_dop_operator_3.py
[2026-09-18T13:21:03.073+0700] {processor.py:925} INFO - DAG(s) 'example_branch_dop_operator_v3' retrieved from /Users/andreasanditya/Downloads/572392_Andreas_AirflowETL/code/.venv/lib/python3.9/site-packages/airflow/example_dags/example_branch_python_dop_operator_3.py
[2026-09-18T13:21:03.131+0700] {logging_mixin.py:190} INFO - [2026-09-18T13:21:03.131+0700] {dag.py:3239} INFO - Sync 1 DAGs
[2026-09-18T13:21:03.143+0700] {logging_mixin.py:190} INFO - [2026-09-18T13:21:03.143+0700] {dag.py:4180} INFO - Setting next_dagrun for example_branch_dop_operator_v3 to 2026-09-18 06:20:00+00:00, run_after=2026-09-18 06:21:00+00:00
[2026-09-18T13:21:03.154+0700] {processor.py:208} INFO - Processing /Users/andreasanditya/Downloads/572392_Andreas_AirflowETL/code/.venv/lib/python3.9/site-packages/airflow/example_dags/example_branch_python_dop_operator_3.py took 0.132 seconds
[2026-09-18T13:23:49.462+0700] {processor.py:186} INFO - Started process (PID=91844) to work on /Users/andreasanditya/Downloads/572392_Andreas_AirflowETL/code/.venv/lib/python3.9/site-packages/airflow/example_dags/example_branch_python_dop_operator_3.py
[2026-09-18T13:23:49.463+0700] {processor.py:914} INFO - Processing file /Users/andreasanditya/Downloads/572392_Andreas_AirflowETL/code/.venv/lib/python3.9/site-packages/airflow/example_dags/example_branch_python_dop_operator_3.py for tasks to queue
[2026-09-18T13:23:49.464+0700] {logging_mixin.py:190} INFO - [2026-09-18T13:23:49.464+0700] {dagbag.py:588} INFO - Filling up the DagBag from /Users/andreasanditya/Downloads/572392_Andreas_AirflowETL/code/.venv/lib/python3.9/site-packages/airflow/example_dags/example_branch_python_dop_operator_3.py
[2026-09-18T13:23:49.511+0700] {processor.py:925} INFO - DAG(s) 'example_branch_dop_operator_v3' retrieved from /Users/andreasanditya/Downloads/572392_Andreas_AirflowETL/code/.venv/lib/python3.9/site-packages/airflow/example_dags/example_branch_python_dop_operator_3.py
[2026-09-18T13:23:49.570+0700] {logging_mixin.py:190} INFO - [2026-09-18T13:23:49.570+0700] {dag.py:3239} INFO - Sync 1 DAGs
[2026-09-18T13:23:49.583+0700] {logging_mixin.py:190} INFO - [2026-09-18T13:23:49.583+0700] {dag.py:4180} INFO - Setting next_dagrun for example_branch_dop_operator_v3 to 2026-09-18 06:22:00+00:00, run_after=2026-09-18 06:23:00+00:00
[2026-09-18T13:23:49.594+0700] {processor.py:208} INFO - Processing /Users/andreasanditya/Downloads/572392_Andreas_AirflowETL/code/.venv/lib/python3.9/site-packages/airflow/example_dags/example_branch_python_dop_operator_3.py took 0.133 seconds
[2026-09-18T13:26:39.741+0700] {processor.py:186} INFO - Started process (PID=93770) to work on /Users/andreasanditya/Downloads/572392_Andreas_AirflowETL/code/.venv/lib/python3.9/site-packages/airflow/example_dags/example_branch_python_dop_operator_3.py
[2026-09-18T13:26:39.742+0700] {processor.py:914} INFO - Processing file /Users/andreasanditya/Downloads/572392_Andreas_AirflowETL/code/.venv/lib/python3.9/site-packages/airflow/example_dags/example_branch_python_dop_operator_3.py for tasks to queue
[2026-09-18T13:26:39.743+0700] {logging_mixin.py:190} INFO - [2026-09-18T13:26:39.743+0700] {dagbag.py:588} INFO - Filling up the DagBag from /Users/andreasanditya/Downloads/572392_Andreas_AirflowETL/code/.venv/lib/python3.9/site-packages/airflow/example_dags/example_branch_python_dop_operator_3.py
[2026-09-18T13:26:39.792+0700] {processor.py:925} INFO - DAG(s) 'example_branch_dop_operator_v3' retrieved from /Users/andreasanditya/Downloads/572392_Andreas_AirflowETL/code/.venv/lib/python3.9/site-packages/airflow/example_dags/example_branch_python_dop_operator_3.py
[2026-09-18T13:26:39.852+0700] {logging_mixin.py:190} INFO - [2026-09-18T13:26:39.852+0700] {dag.py:3239} INFO - Sync 1 DAGs
[2026-09-18T13:26:39.865+0700] {logging_mixin.py:190} INFO - [2026-09-18T13:26:39.865+0700] {dag.py:4180} INFO - Setting next_dagrun for example_branch_dop_operator_v3 to 2026-09-18 06:25:00+00:00, run_after=2026-09-18 06:26:00+00:00
[2026-09-18T13:26:39.876+0700] {processor.py:208} INFO - Processing /Users/andreasanditya/Downloads/572392_Andreas_AirflowETL/code/.venv/lib/python3.9/site-packages/airflow/example_dags/example_branch_python_dop_operator_3.py took 0.137 seconds
[2026-09-18T13:29:42.490+0700] {processor.py:186} INFO - Started process (PID=95803) to work on /Users/andreasanditya/Downloads/572392_Andreas_AirflowETL/code/.venv/lib/python3.9/site-packages/airflow/example_dags/example_branch_python_dop_operator_3.py
[2026-09-18T13:29:42.491+0700] {processor.py:914} INFO - Processing file /Users/andreasanditya/Downloads/572392_Andreas_AirflowETL/code/.venv/lib/python3.9/site-packages/airflow/example_dags/example_branch_python_dop_operator_3.py for tasks to queue
[2026-09-18T13:29:42.492+0700] {logging_mixin.py:190} INFO - [2026-09-18T13:29:42.492+0700] {dagbag.py:588} INFO - Filling up the DagBag from /Users/andreasanditya/Downloads/572392_Andreas_AirflowETL/code/.venv/lib/python3.9/site-packages/airflow/example_dags/example_branch_python_dop_operator_3.py
[2026-09-18T13:29:42.550+0700] {processor.py:925} INFO - DAG(s) 'example_branch_dop_operator_v3' retrieved from /Users/andreasanditya/Downloads/572392_Andreas_AirflowETL/code/.venv/lib/python3.9/site-packages/airflow/example_dags/example_branch_python_dop_operator_3.py
[2026-09-18T13:29:42.615+0700] {logging_mixin.py:190} INFO - [2026-09-18T13:29:42.615+0700] {dag.py:3239} INFO - Sync 1 DAGs
[2026-09-18T13:29:42.629+0700] {logging_mixin.py:190} INFO - [2026-09-18T13:29:42.629+0700] {dag.py:4180} INFO - Setting next_dagrun for example_branch_dop_operator_v3 to 2026-09-18 06:28:00+00:00, run_after=2026-09-18 06:29:00+00:00
[2026-09-18T13:29:42.641+0700] {processor.py:208} INFO - Processing /Users/andreasanditya/Downloads/572392_Andreas_AirflowETL/code/.venv/lib/python3.9/site-packages/airflow/example_dags/example_branch_python_dop_operator_3.py took 0.153 seconds
[2026-09-18T13:32:40.798+0700] {processor.py:186} INFO - Started process (PID=97797) to work on /Users/andreasanditya/Downloads/572392_Andreas_AirflowETL/code/.venv/lib/python3.9/site-packages/airflow/example_dags/example_branch_python_dop_operator_3.py
[2026-09-18T13:32:40.799+0700] {processor.py:914} INFO - Processing file /Users/andreasanditya/Downloads/572392_Andreas_AirflowETL/code/.venv/lib/python3.9/site-packages/airflow/example_dags/example_branch_python_dop_operator_3.py for tasks to queue
[2026-09-18T13:32:40.800+0700] {logging_mixin.py:190} INFO - [2026-09-18T13:32:40.800+0700] {dagbag.py:588} INFO - Filling up the DagBag from /Users/andreasanditya/Downloads/572392_Andreas_AirflowETL/code/.venv/lib/python3.9/site-packages/airflow/example_dags/example_branch_python_dop_operator_3.py
[2026-09-18T13:32:40.847+0700] {processor.py:925} INFO - DAG(s) 'example_branch_dop_operator_v3' retrieved from /Users/andreasanditya/Downloads/572392_Andreas_AirflowETL/code/.venv/lib/python3.9/site-packages/airflow/example_dags/example_branch_python_dop_operator_3.py
[2026-09-18T13:32:40.905+0700] {logging_mixin.py:190} INFO - [2026-09-18T13:32:40.905+0700] {dag.py:3239} INFO - Sync 1 DAGs
[2026-09-18T13:32:40.919+0700] {logging_mixin.py:190} INFO - [2026-09-18T13:32:40.919+0700] {dag.py:4180} INFO - Setting next_dagrun for example_branch_dop_operator_v3 to 2026-09-18 06:31:00+00:00, run_after=2026-09-18 06:32:00+00:00
[2026-09-18T13:32:40.929+0700] {processor.py:208} INFO - Processing /Users/andreasanditya/Downloads/572392_Andreas_AirflowETL/code/.venv/lib/python3.9/site-packages/airflow/example_dags/example_branch_python_dop_operator_3.py took 0.133 seconds
[2026-09-18T13:35:35.597+0700] {processor.py:186} INFO - Started process (PID=99578) to work on /Users/andreasanditya/Downloads/572392_Andreas_AirflowETL/code/.venv/lib/python3.9/site-packages/airflow/example_dags/example_branch_python_dop_operator_3.py
[2026-09-18T13:35:35.598+0700] {processor.py:914} INFO - Processing file /Users/andreasanditya/Downloads/572392_Andreas_AirflowETL/code/.venv/lib/python3.9/site-packages/airflow/example_dags/example_branch_python_dop_operator_3.py for tasks to queue
[2026-09-18T13:35:35.599+0700] {logging_mixin.py:190} INFO - [2026-09-18T13:35:35.599+0700] {dagbag.py:588} INFO - Filling up the DagBag from /Users/andreasanditya/Downloads/572392_Andreas_AirflowETL/code/.venv/lib/python3.9/site-packages/airflow/example_dags/example_branch_python_dop_operator_3.py
[2026-09-18T13:35:35.648+0700] {processor.py:925} INFO - DAG(s) 'example_branch_dop_operator_v3' retrieved from /Users/andreasanditya/Downloads/572392_Andreas_AirflowETL/code/.venv/lib/python3.9/site-packages/airflow/example_dags/example_branch_python_dop_operator_3.py
[2026-09-18T13:35:35.708+0700] {logging_mixin.py:190} INFO - [2026-09-18T13:35:35.708+0700] {dag.py:3239} INFO - Sync 1 DAGs
[2026-09-18T13:35:35.721+0700] {logging_mixin.py:190} INFO - [2026-09-18T13:35:35.721+0700] {dag.py:4180} INFO - Setting next_dagrun for example_branch_dop_operator_v3 to 2026-09-18 06:34:00+00:00, run_after=2026-09-18 06:35:00+00:00
[2026-09-18T13:35:35.733+0700] {processor.py:208} INFO - Processing /Users/andreasanditya/Downloads/572392_Andreas_AirflowETL/code/.venv/lib/python3.9/site-packages/airflow/example_dags/example_branch_python_dop_operator_3.py took 0.137 seconds
[2026-09-18T13:38:30.357+0700] {processor.py:186} INFO - Started process (PID=1631) to work on /Users/andreasanditya/Downloads/572392_Andreas_AirflowETL/code/.venv/lib/python3.9/site-packages/airflow/example_dags/example_branch_python_dop_operator_3.py
[2026-09-18T13:38:30.358+0700] {processor.py:914} INFO - Processing file /Users/andreasanditya/Downloads/572392_Andreas_AirflowETL/code/.venv/lib/python3.9/site-packages/airflow/example_dags/example_branch_python_dop_operator_3.py for tasks to queue
[2026-09-18T13:38:30.359+0700] {logging_mixin.py:190} INFO - [2026-09-18T13:38:30.359+0700] {dagbag.py:588} INFO - Filling up the DagBag from /Users/andreasanditya/Downloads/572392_Andreas_AirflowETL/code/.venv/lib/python3.9/site-packages/airflow/example_dags/example_branch_python_dop_operator_3.py
[2026-09-18T13:38:30.408+0700] {processor.py:925} INFO - DAG(s) 'example_branch_dop_operator_v3' retrieved from /Users/andreasanditya/Downloads/572392_Andreas_AirflowETL/code/.venv/lib/python3.9/site-packages/airflow/example_dags/example_branch_python_dop_operator_3.py
[2026-09-18T13:38:30.467+0700] {logging_mixin.py:190} INFO - [2026-09-18T13:38:30.467+0700] {dag.py:3239} INFO - Sync 1 DAGs
[2026-09-18T13:38:30.480+0700] {logging_mixin.py:190} INFO - [2026-09-18T13:38:30.480+0700] {dag.py:4180} INFO - Setting next_dagrun for example_branch_dop_operator_v3 to 2026-09-18 06:37:00+00:00, run_after=2026-09-18 06:38:00+00:00
[2026-09-18T13:38:30.491+0700] {processor.py:208} INFO - Processing /Users/andreasanditya/Downloads/572392_Andreas_AirflowETL/code/.venv/lib/python3.9/site-packages/airflow/example_dags/example_branch_python_dop_operator_3.py took 0.135 seconds
