[2026-09-18T11:17:30.719+0700] {processor.py:186} INFO - Started process (PID=10683) to work on /Users/andreasanditya/Downloads/572392_Andreas_AirflowETL/code/.venv/lib/python3.9/site-packages/airflow/example_dags/example_python_operator.py
[2026-09-18T11:17:30.720+0700] {processor.py:914} INFO - Processing file /Users/andreasanditya/Downloads/572392_Andreas_AirflowETL/code/.venv/lib/python3.9/site-packages/airflow/example_dags/example_python_operator.py for tasks to queue
[2026-09-18T11:17:30.720+0700] {logging_mixin.py:190} INFO - [2026-09-18T11:17:30.720+0700] {dagbag.py:588} INFO - Filling up the DagBag from /Users/andreasanditya/Downloads/572392_Andreas_AirflowETL/code/.venv/lib/python3.9/site-packages/airflow/example_dags/example_python_operator.py
[2026-09-18T11:17:30.763+0700] {processor.py:925} INFO - DAG(s) 'example_python_operator' retrieved from /Users/andreasanditya/Downloads/572392_Andreas_AirflowETL/code/.venv/lib/python3.9/site-packages/airflow/example_dags/example_python_operator.py
[2026-09-18T11:17:30.871+0700] {logging_mixin.py:190} INFO - [2026-09-18T11:17:30.871+0700] {override.py:1912} INFO - Created Permission View: can edit on DAG:example_python_operator
[2026-09-18T11:17:30.876+0700] {logging_mixin.py:190} INFO - [2026-09-18T11:17:30.876+0700] {override.py:1912} INFO - Created Permission View: can read on DAG:example_python_operator
[2026-09-18T11:17:30.879+0700] {logging_mixin.py:190} INFO - [2026-09-18T11:17:30.879+0700] {override.py:1912} INFO - Created Permission View: can delete on DAG:example_python_operator
[2026-09-18T11:17:30.883+0700] {logging_mixin.py:190} INFO - [2026-09-18T11:17:30.883+0700] {override.py:1912} INFO - Created Permission View: menu access on DAG Run:example_python_operator
[2026-09-18T11:17:30.887+0700] {logging_mixin.py:190} INFO - [2026-09-18T11:17:30.886+0700] {override.py:1912} INFO - Created Permission View: can read on DAG Run:example_python_operator
[2026-09-18T11:17:30.890+0700] {logging_mixin.py:190} INFO - [2026-09-18T11:17:30.889+0700] {override.py:1912} INFO - Created Permission View: can delete on DAG Run:example_python_operator
[2026-09-18T11:17:30.893+0700] {logging_mixin.py:190} INFO - [2026-09-18T11:17:30.892+0700] {override.py:1912} INFO - Created Permission View: can create on DAG Run:example_python_operator
[2026-09-18T11:17:30.893+0700] {logging_mixin.py:190} INFO - [2026-09-18T11:17:30.893+0700] {dag.py:3239} INFO - Sync 1 DAGs
[2026-09-18T11:17:30.900+0700] {logging_mixin.py:190} INFO - [2026-09-18T11:17:30.900+0700] {dag.py:3262} INFO - Creating ORM DAG for example_python_operator
[2026-09-18T11:17:30.900+0700] {logging_mixin.py:190} INFO - [2026-09-18T11:17:30.900+0700] {dag.py:4180} INFO - Setting next_dagrun for example_python_operator to None, run_after=None
[2026-09-18T11:17:30.909+0700] {processor.py:208} INFO - Processing /Users/andreasanditya/Downloads/572392_Andreas_AirflowETL/code/.venv/lib/python3.9/site-packages/airflow/example_dags/example_python_operator.py took 0.192 seconds
[2026-09-18T11:19:47.062+0700] {processor.py:186} INFO - Started process (PID=12169) to work on /Users/andreasanditya/Downloads/572392_Andreas_AirflowETL/code/.venv/lib/python3.9/site-packages/airflow/example_dags/example_python_operator.py
[2026-09-18T11:19:47.063+0700] {processor.py:914} INFO - Processing file /Users/andreasanditya/Downloads/572392_Andreas_AirflowETL/code/.venv/lib/python3.9/site-packages/airflow/example_dags/example_python_operator.py for tasks to queue
[2026-09-18T11:19:47.063+0700] {logging_mixin.py:190} INFO - [2026-09-18T11:19:47.063+0700] {dagbag.py:588} INFO - Filling up the DagBag from /Users/andreasanditya/Downloads/572392_Andreas_AirflowETL/code/.venv/lib/python3.9/site-packages/airflow/example_dags/example_python_operator.py
[2026-09-18T11:19:47.108+0700] {processor.py:925} INFO - DAG(s) 'example_python_operator' retrieved from /Users/andreasanditya/Downloads/572392_Andreas_AirflowETL/code/.venv/lib/python3.9/site-packages/airflow/example_dags/example_python_operator.py
[2026-09-18T11:19:47.236+0700] {logging_mixin.py:190} INFO - [2026-09-18T11:19:47.236+0700] {dag.py:3239} INFO - Sync 1 DAGs
[2026-09-18T11:19:47.243+0700] {logging_mixin.py:190} INFO - [2026-09-18T11:19:47.242+0700] {dag.py:4180} INFO - Setting next_dagrun for example_python_operator to None, run_after=None
[2026-09-18T11:19:47.253+0700] {processor.py:208} INFO - Processing /Users/andreasanditya/Downloads/572392_Andreas_AirflowETL/code/.venv/lib/python3.9/site-packages/airflow/example_dags/example_python_operator.py took 0.193 seconds
[2026-09-18T11:21:19.923+0700] {processor.py:186} INFO - Started process (PID=13158) to work on /Users/andreasanditya/Downloads/572392_Andreas_AirflowETL/code/.venv/lib/python3.9/site-packages/airflow/example_dags/example_python_operator.py
[2026-09-18T11:21:19.924+0700] {processor.py:914} INFO - Processing file /Users/andreasanditya/Downloads/572392_Andreas_AirflowETL/code/.venv/lib/python3.9/site-packages/airflow/example_dags/example_python_operator.py for tasks to queue
[2026-09-18T11:21:19.925+0700] {logging_mixin.py:190} INFO - [2026-09-18T11:21:19.925+0700] {dagbag.py:588} INFO - Filling up the DagBag from /Users/andreasanditya/Downloads/572392_Andreas_AirflowETL/code/.venv/lib/python3.9/site-packages/airflow/example_dags/example_python_operator.py
[2026-09-18T11:21:19.976+0700] {processor.py:925} INFO - DAG(s) 'example_python_operator' retrieved from /Users/andreasanditya/Downloads/572392_Andreas_AirflowETL/code/.venv/lib/python3.9/site-packages/airflow/example_dags/example_python_operator.py
[2026-09-18T11:21:20.093+0700] {logging_mixin.py:190} INFO - [2026-09-18T11:21:20.093+0700] {dag.py:3239} INFO - Sync 1 DAGs
[2026-09-18T11:21:20.100+0700] {logging_mixin.py:190} INFO - [2026-09-18T11:21:20.100+0700] {dag.py:4180} INFO - Setting next_dagrun for example_python_operator to None, run_after=None
[2026-09-18T11:21:20.111+0700] {processor.py:208} INFO - Processing /Users/andreasanditya/Downloads/572392_Andreas_AirflowETL/code/.venv/lib/python3.9/site-packages/airflow/example_dags/example_python_operator.py took 0.190 seconds
[2026-09-18T11:23:21.353+0700] {processor.py:186} INFO - Started process (PID=14554) to work on /Users/andreasanditya/Downloads/572392_Andreas_AirflowETL/code/.venv/lib/python3.9/site-packages/airflow/example_dags/example_python_operator.py
[2026-09-18T11:23:21.354+0700] {processor.py:914} INFO - Processing file /Users/andreasanditya/Downloads/572392_Andreas_AirflowETL/code/.venv/lib/python3.9/site-packages/airflow/example_dags/example_python_operator.py for tasks to queue
[2026-09-18T11:23:21.355+0700] {logging_mixin.py:190} INFO - [2026-09-18T11:23:21.354+0700] {dagbag.py:588} INFO - Filling up the DagBag from /Users/andreasanditya/Downloads/572392_Andreas_AirflowETL/code/.venv/lib/python3.9/site-packages/airflow/example_dags/example_python_operator.py
[2026-09-18T11:23:21.400+0700] {processor.py:925} INFO - DAG(s) 'example_python_operator' retrieved from /Users/andreasanditya/Downloads/572392_Andreas_AirflowETL/code/.venv/lib/python3.9/site-packages/airflow/example_dags/example_python_operator.py
[2026-09-18T11:23:21.535+0700] {logging_mixin.py:190} INFO - [2026-09-18T11:23:21.535+0700] {dag.py:3239} INFO - Sync 1 DAGs
[2026-09-18T11:23:21.541+0700] {logging_mixin.py:190} INFO - [2026-09-18T11:23:21.541+0700] {dag.py:4180} INFO - Setting next_dagrun for example_python_operator to None, run_after=None
[2026-09-18T11:23:21.552+0700] {processor.py:208} INFO - Processing /Users/andreasanditya/Downloads/572392_Andreas_AirflowETL/code/.venv/lib/python3.9/site-packages/airflow/example_dags/example_python_operator.py took 0.202 seconds
[2026-09-18T11:24:45.447+0700] {processor.py:186} INFO - Started process (PID=15461) to work on /Users/andreasanditya/Downloads/572392_Andreas_AirflowETL/code/.venv/lib/python3.9/site-packages/airflow/example_dags/example_python_operator.py
[2026-09-18T11:24:45.448+0700] {processor.py:914} INFO - Processing file /Users/andreasanditya/Downloads/572392_Andreas_AirflowETL/code/.venv/lib/python3.9/site-packages/airflow/example_dags/example_python_operator.py for tasks to queue
[2026-09-18T11:24:45.449+0700] {logging_mixin.py:190} INFO - [2026-09-18T11:24:45.449+0700] {dagbag.py:588} INFO - Filling up the DagBag from /Users/andreasanditya/Downloads/572392_Andreas_AirflowETL/code/.venv/lib/python3.9/site-packages/airflow/example_dags/example_python_operator.py
[2026-09-18T11:24:45.492+0700] {processor.py:925} INFO - DAG(s) 'example_python_operator' retrieved from /Users/andreasanditya/Downloads/572392_Andreas_AirflowETL/code/.venv/lib/python3.9/site-packages/airflow/example_dags/example_python_operator.py
[2026-09-18T11:24:45.621+0700] {logging_mixin.py:190} INFO - [2026-09-18T11:24:45.620+0700] {dag.py:3239} INFO - Sync 1 DAGs
[2026-09-18T11:24:45.627+0700] {logging_mixin.py:190} INFO - [2026-09-18T11:24:45.627+0700] {dag.py:4180} INFO - Setting next_dagrun for example_python_operator to None, run_after=None
[2026-09-18T11:24:45.638+0700] {processor.py:208} INFO - Processing /Users/andreasanditya/Downloads/572392_Andreas_AirflowETL/code/.venv/lib/python3.9/site-packages/airflow/example_dags/example_python_operator.py took 0.193 seconds
[2026-09-18T11:26:47.306+0700] {processor.py:186} INFO - Started process (PID=16685) to work on /Users/andreasanditya/Downloads/572392_Andreas_AirflowETL/code/.venv/lib/python3.9/site-packages/airflow/example_dags/example_python_operator.py
[2026-09-18T11:26:47.307+0700] {processor.py:914} INFO - Processing file /Users/andreasanditya/Downloads/572392_Andreas_AirflowETL/code/.venv/lib/python3.9/site-packages/airflow/example_dags/example_python_operator.py for tasks to queue
[2026-09-18T11:26:47.307+0700] {logging_mixin.py:190} INFO - [2026-09-18T11:26:47.307+0700] {dagbag.py:588} INFO - Filling up the DagBag from /Users/andreasanditya/Downloads/572392_Andreas_AirflowETL/code/.venv/lib/python3.9/site-packages/airflow/example_dags/example_python_operator.py
[2026-09-18T11:26:47.361+0700] {processor.py:925} INFO - DAG(s) 'example_python_operator' retrieved from /Users/andreasanditya/Downloads/572392_Andreas_AirflowETL/code/.venv/lib/python3.9/site-packages/airflow/example_dags/example_python_operator.py
[2026-09-18T11:26:47.513+0700] {logging_mixin.py:190} INFO - [2026-09-18T11:26:47.512+0700] {dag.py:3239} INFO - Sync 1 DAGs
[2026-09-18T11:26:47.520+0700] {logging_mixin.py:190} INFO - [2026-09-18T11:26:47.520+0700] {dag.py:4180} INFO - Setting next_dagrun for example_python_operator to None, run_after=None
[2026-09-18T11:26:47.532+0700] {processor.py:208} INFO - Processing /Users/andreasanditya/Downloads/572392_Andreas_AirflowETL/code/.venv/lib/python3.9/site-packages/airflow/example_dags/example_python_operator.py took 0.229 seconds
[2026-09-18T11:28:22.843+0700] {processor.py:186} INFO - Started process (PID=17691) to work on /Users/andreasanditya/Downloads/572392_Andreas_AirflowETL/code/.venv/lib/python3.9/site-packages/airflow/example_dags/example_python_operator.py
[2026-09-18T11:28:22.844+0700] {processor.py:914} INFO - Processing file /Users/andreasanditya/Downloads/572392_Andreas_AirflowETL/code/.venv/lib/python3.9/site-packages/airflow/example_dags/example_python_operator.py for tasks to queue
[2026-09-18T11:28:22.845+0700] {logging_mixin.py:190} INFO - [2026-09-18T11:28:22.845+0700] {dagbag.py:588} INFO - Filling up the DagBag from /Users/andreasanditya/Downloads/572392_Andreas_AirflowETL/code/.venv/lib/python3.9/site-packages/airflow/example_dags/example_python_operator.py
[2026-09-18T11:28:22.894+0700] {processor.py:925} INFO - DAG(s) 'example_python_operator' retrieved from /Users/andreasanditya/Downloads/572392_Andreas_AirflowETL/code/.venv/lib/python3.9/site-packages/airflow/example_dags/example_python_operator.py
[2026-09-18T11:28:23.028+0700] {logging_mixin.py:190} INFO - [2026-09-18T11:28:23.028+0700] {dag.py:3239} INFO - Sync 1 DAGs
[2026-09-18T11:28:23.035+0700] {logging_mixin.py:190} INFO - [2026-09-18T11:28:23.035+0700] {dag.py:4180} INFO - Setting next_dagrun for example_python_operator to None, run_after=None
[2026-09-18T11:28:23.047+0700] {processor.py:208} INFO - Processing /Users/andreasanditya/Downloads/572392_Andreas_AirflowETL/code/.venv/lib/python3.9/site-packages/airflow/example_dags/example_python_operator.py took 0.206 seconds
[2026-09-18T11:31:20.681+0700] {processor.py:186} INFO - Started process (PID=19488) to work on /Users/andreasanditya/Downloads/572392_Andreas_AirflowETL/code/.venv/lib/python3.9/site-packages/airflow/example_dags/example_python_operator.py
[2026-09-18T11:31:20.682+0700] {processor.py:914} INFO - Processing file /Users/andreasanditya/Downloads/572392_Andreas_AirflowETL/code/.venv/lib/python3.9/site-packages/airflow/example_dags/example_python_operator.py for tasks to queue
[2026-09-18T11:31:20.683+0700] {logging_mixin.py:190} INFO - [2026-09-18T11:31:20.683+0700] {dagbag.py:588} INFO - Filling up the DagBag from /Users/andreasanditya/Downloads/572392_Andreas_AirflowETL/code/.venv/lib/python3.9/site-packages/airflow/example_dags/example_python_operator.py
[2026-09-18T11:31:20.728+0700] {processor.py:925} INFO - DAG(s) 'example_python_operator' retrieved from /Users/andreasanditya/Downloads/572392_Andreas_AirflowETL/code/.venv/lib/python3.9/site-packages/airflow/example_dags/example_python_operator.py
[2026-09-18T11:31:20.856+0700] {logging_mixin.py:190} INFO - [2026-09-18T11:31:20.856+0700] {dag.py:3239} INFO - Sync 1 DAGs
[2026-09-18T11:31:20.862+0700] {logging_mixin.py:190} INFO - [2026-09-18T11:31:20.862+0700] {dag.py:4180} INFO - Setting next_dagrun for example_python_operator to None, run_after=None
[2026-09-18T11:31:20.873+0700] {processor.py:208} INFO - Processing /Users/andreasanditya/Downloads/572392_Andreas_AirflowETL/code/.venv/lib/python3.9/site-packages/airflow/example_dags/example_python_operator.py took 0.194 seconds
[2026-09-18T11:34:13.045+0700] {processor.py:186} INFO - Started process (PID=21344) to work on /Users/andreasanditya/Downloads/572392_Andreas_AirflowETL/code/.venv/lib/python3.9/site-packages/airflow/example_dags/example_python_operator.py
[2026-09-18T11:34:13.046+0700] {processor.py:914} INFO - Processing file /Users/andreasanditya/Downloads/572392_Andreas_AirflowETL/code/.venv/lib/python3.9/site-packages/airflow/example_dags/example_python_operator.py for tasks to queue
[2026-09-18T11:34:13.047+0700] {logging_mixin.py:190} INFO - [2026-09-18T11:34:13.046+0700] {dagbag.py:588} INFO - Filling up the DagBag from /Users/andreasanditya/Downloads/572392_Andreas_AirflowETL/code/.venv/lib/python3.9/site-packages/airflow/example_dags/example_python_operator.py
[2026-09-18T11:34:13.103+0700] {processor.py:925} INFO - DAG(s) 'example_python_operator' retrieved from /Users/andreasanditya/Downloads/572392_Andreas_AirflowETL/code/.venv/lib/python3.9/site-packages/airflow/example_dags/example_python_operator.py
[2026-09-18T11:34:13.246+0700] {logging_mixin.py:190} INFO - [2026-09-18T11:34:13.246+0700] {dag.py:3239} INFO - Sync 1 DAGs
[2026-09-18T11:34:13.254+0700] {logging_mixin.py:190} INFO - [2026-09-18T11:34:13.254+0700] {dag.py:4180} INFO - Setting next_dagrun for example_python_operator to None, run_after=None
[2026-09-18T11:34:13.267+0700] {processor.py:208} INFO - Processing /Users/andreasanditya/Downloads/572392_Andreas_AirflowETL/code/.venv/lib/python3.9/site-packages/airflow/example_dags/example_python_operator.py took 0.224 seconds
[2026-09-18T11:37:11.209+0700] {processor.py:186} INFO - Started process (PID=23310) to work on /Users/andreasanditya/Downloads/572392_Andreas_AirflowETL/code/.venv/lib/python3.9/site-packages/airflow/example_dags/example_python_operator.py
[2026-09-18T11:37:11.210+0700] {processor.py:914} INFO - Processing file /Users/andreasanditya/Downloads/572392_Andreas_AirflowETL/code/.venv/lib/python3.9/site-packages/airflow/example_dags/example_python_operator.py for tasks to queue
[2026-09-18T11:37:11.211+0700] {logging_mixin.py:190} INFO - [2026-09-18T11:37:11.210+0700] {dagbag.py:588} INFO - Filling up the DagBag from /Users/andreasanditya/Downloads/572392_Andreas_AirflowETL/code/.venv/lib/python3.9/site-packages/airflow/example_dags/example_python_operator.py
[2026-09-18T11:37:11.256+0700] {processor.py:925} INFO - DAG(s) 'example_python_operator' retrieved from /Users/andreasanditya/Downloads/572392_Andreas_AirflowETL/code/.venv/lib/python3.9/site-packages/airflow/example_dags/example_python_operator.py
[2026-09-18T11:37:11.386+0700] {logging_mixin.py:190} INFO - [2026-09-18T11:37:11.386+0700] {dag.py:3239} INFO - Sync 1 DAGs
[2026-09-18T11:37:11.392+0700] {logging_mixin.py:190} INFO - [2026-09-18T11:37:11.392+0700] {dag.py:4180} INFO - Setting next_dagrun for example_python_operator to None, run_after=None
[2026-09-18T11:37:11.403+0700] {processor.py:208} INFO - Processing /Users/andreasanditya/Downloads/572392_Andreas_AirflowETL/code/.venv/lib/python3.9/site-packages/airflow/example_dags/example_python_operator.py took 0.196 seconds
[2026-09-18T11:40:04.749+0700] {processor.py:186} INFO - Started process (PID=25057) to work on /Users/andreasanditya/Downloads/572392_Andreas_AirflowETL/code/.venv/lib/python3.9/site-packages/airflow/example_dags/example_python_operator.py
[2026-09-18T11:40:04.751+0700] {processor.py:914} INFO - Processing file /Users/andreasanditya/Downloads/572392_Andreas_AirflowETL/code/.venv/lib/python3.9/site-packages/airflow/example_dags/example_python_operator.py for tasks to queue
[2026-09-18T11:40:04.752+0700] {logging_mixin.py:190} INFO - [2026-09-18T11:40:04.751+0700] {dagbag.py:588} INFO - Filling up the DagBag from /Users/andreasanditya/Downloads/572392_Andreas_AirflowETL/code/.venv/lib/python3.9/site-packages/airflow/example_dags/example_python_operator.py
[2026-09-18T11:40:04.796+0700] {processor.py:925} INFO - DAG(s) 'example_python_operator' retrieved from /Users/andreasanditya/Downloads/572392_Andreas_AirflowETL/code/.venv/lib/python3.9/site-packages/airflow/example_dags/example_python_operator.py
[2026-09-18T11:40:04.925+0700] {logging_mixin.py:190} INFO - [2026-09-18T11:40:04.925+0700] {dag.py:3239} INFO - Sync 1 DAGs
[2026-09-18T11:40:04.931+0700] {logging_mixin.py:190} INFO - [2026-09-18T11:40:04.931+0700] {dag.py:4180} INFO - Setting next_dagrun for example_python_operator to None, run_after=None
[2026-09-18T11:40:04.941+0700] {processor.py:208} INFO - Processing /Users/andreasanditya/Downloads/572392_Andreas_AirflowETL/code/.venv/lib/python3.9/site-packages/airflow/example_dags/example_python_operator.py took 0.194 seconds
[2026-09-18T11:41:35.303+0700] {processor.py:186} INFO - Started process (PID=26003) to work on /Users/andreasanditya/Downloads/572392_Andreas_AirflowETL/code/.venv/lib/python3.9/site-packages/airflow/example_dags/example_python_operator.py
[2026-09-18T11:41:35.304+0700] {processor.py:914} INFO - Processing file /Users/andreasanditya/Downloads/572392_Andreas_AirflowETL/code/.venv/lib/python3.9/site-packages/airflow/example_dags/example_python_operator.py for tasks to queue
[2026-09-18T11:41:35.305+0700] {logging_mixin.py:190} INFO - [2026-09-18T11:41:35.305+0700] {dagbag.py:588} INFO - Filling up the DagBag from /Users/andreasanditya/Downloads/572392_Andreas_AirflowETL/code/.venv/lib/python3.9/site-packages/airflow/example_dags/example_python_operator.py
[2026-09-18T11:41:35.364+0700] {processor.py:925} INFO - DAG(s) 'example_python_operator' retrieved from /Users/andreasanditya/Downloads/572392_Andreas_AirflowETL/code/.venv/lib/python3.9/site-packages/airflow/example_dags/example_python_operator.py
[2026-09-18T11:41:35.506+0700] {logging_mixin.py:190} INFO - [2026-09-18T11:41:35.506+0700] {dag.py:3239} INFO - Sync 1 DAGs
[2026-09-18T11:41:35.513+0700] {logging_mixin.py:190} INFO - [2026-09-18T11:41:35.513+0700] {dag.py:4180} INFO - Setting next_dagrun for example_python_operator to None, run_after=None
[2026-09-18T11:41:35.525+0700] {processor.py:208} INFO - Processing /Users/andreasanditya/Downloads/572392_Andreas_AirflowETL/code/.venv/lib/python3.9/site-packages/airflow/example_dags/example_python_operator.py took 0.224 seconds
[2026-09-18T11:44:31.816+0700] {processor.py:186} INFO - Started process (PID=27750) to work on /Users/andreasanditya/Downloads/572392_Andreas_AirflowETL/code/.venv/lib/python3.9/site-packages/airflow/example_dags/example_python_operator.py
[2026-09-18T11:44:31.818+0700] {processor.py:914} INFO - Processing file /Users/andreasanditya/Downloads/572392_Andreas_AirflowETL/code/.venv/lib/python3.9/site-packages/airflow/example_dags/example_python_operator.py for tasks to queue
[2026-09-18T11:44:31.819+0700] {logging_mixin.py:190} INFO - [2026-09-18T11:44:31.819+0700] {dagbag.py:588} INFO - Filling up the DagBag from /Users/andreasanditya/Downloads/572392_Andreas_AirflowETL/code/.venv/lib/python3.9/site-packages/airflow/example_dags/example_python_operator.py
[2026-09-18T11:44:31.861+0700] {processor.py:925} INFO - DAG(s) 'example_python_operator' retrieved from /Users/andreasanditya/Downloads/572392_Andreas_AirflowETL/code/.venv/lib/python3.9/site-packages/airflow/example_dags/example_python_operator.py
[2026-09-18T11:44:31.987+0700] {logging_mixin.py:190} INFO - [2026-09-18T11:44:31.987+0700] {dag.py:3239} INFO - Sync 1 DAGs
[2026-09-18T11:44:31.993+0700] {logging_mixin.py:190} INFO - [2026-09-18T11:44:31.993+0700] {dag.py:4180} INFO - Setting next_dagrun for example_python_operator to None, run_after=None
[2026-09-18T11:44:32.004+0700] {processor.py:208} INFO - Processing /Users/andreasanditya/Downloads/572392_Andreas_AirflowETL/code/.venv/lib/python3.9/site-packages/airflow/example_dags/example_python_operator.py took 0.190 seconds
[2026-09-18T11:47:24.168+0700] {processor.py:186} INFO - Started process (PID=29458) to work on /Users/andreasanditya/Downloads/572392_Andreas_AirflowETL/code/.venv/lib/python3.9/site-packages/airflow/example_dags/example_python_operator.py
[2026-09-18T11:47:24.169+0700] {processor.py:914} INFO - Processing file /Users/andreasanditya/Downloads/572392_Andreas_AirflowETL/code/.venv/lib/python3.9/site-packages/airflow/example_dags/example_python_operator.py for tasks to queue
[2026-09-18T11:47:24.170+0700] {logging_mixin.py:190} INFO - [2026-09-18T11:47:24.170+0700] {dagbag.py:588} INFO - Filling up the DagBag from /Users/andreasanditya/Downloads/572392_Andreas_AirflowETL/code/.venv/lib/python3.9/site-packages/airflow/example_dags/example_python_operator.py
[2026-09-18T11:47:24.211+0700] {processor.py:925} INFO - DAG(s) 'example_python_operator' retrieved from /Users/andreasanditya/Downloads/572392_Andreas_AirflowETL/code/.venv/lib/python3.9/site-packages/airflow/example_dags/example_python_operator.py
[2026-09-18T11:47:24.337+0700] {logging_mixin.py:190} INFO - [2026-09-18T11:47:24.336+0700] {dag.py:3239} INFO - Sync 1 DAGs
[2026-09-18T11:47:24.343+0700] {logging_mixin.py:190} INFO - [2026-09-18T11:47:24.343+0700] {dag.py:4180} INFO - Setting next_dagrun for example_python_operator to None, run_after=None
[2026-09-18T11:47:24.353+0700] {processor.py:208} INFO - Processing /Users/andreasanditya/Downloads/572392_Andreas_AirflowETL/code/.venv/lib/python3.9/site-packages/airflow/example_dags/example_python_operator.py took 0.187 seconds
[2026-09-18T11:50:17.504+0700] {processor.py:186} INFO - Started process (PID=31222) to work on /Users/andreasanditya/Downloads/572392_Andreas_AirflowETL/code/.venv/lib/python3.9/site-packages/airflow/example_dags/example_python_operator.py
[2026-09-18T11:50:17.505+0700] {processor.py:914} INFO - Processing file /Users/andreasanditya/Downloads/572392_Andreas_AirflowETL/code/.venv/lib/python3.9/site-packages/airflow/example_dags/example_python_operator.py for tasks to queue
[2026-09-18T11:50:17.506+0700] {logging_mixin.py:190} INFO - [2026-09-18T11:50:17.506+0700] {dagbag.py:588} INFO - Filling up the DagBag from /Users/andreasanditya/Downloads/572392_Andreas_AirflowETL/code/.venv/lib/python3.9/site-packages/airflow/example_dags/example_python_operator.py
[2026-09-18T11:50:17.549+0700] {processor.py:925} INFO - DAG(s) 'example_python_operator' retrieved from /Users/andreasanditya/Downloads/572392_Andreas_AirflowETL/code/.venv/lib/python3.9/site-packages/airflow/example_dags/example_python_operator.py
[2026-09-18T11:50:17.674+0700] {logging_mixin.py:190} INFO - [2026-09-18T11:50:17.674+0700] {dag.py:3239} INFO - Sync 1 DAGs
[2026-09-18T11:50:17.680+0700] {logging_mixin.py:190} INFO - [2026-09-18T11:50:17.680+0700] {dag.py:4180} INFO - Setting next_dagrun for example_python_operator to None, run_after=None
[2026-09-18T11:50:17.690+0700] {processor.py:208} INFO - Processing /Users/andreasanditya/Downloads/572392_Andreas_AirflowETL/code/.venv/lib/python3.9/site-packages/airflow/example_dags/example_python_operator.py took 0.189 seconds
[2026-09-18T11:53:08.569+0700] {processor.py:186} INFO - Started process (PID=32936) to work on /Users/andreasanditya/Downloads/572392_Andreas_AirflowETL/code/.venv/lib/python3.9/site-packages/airflow/example_dags/example_python_operator.py
[2026-09-18T11:53:08.570+0700] {processor.py:914} INFO - Processing file /Users/andreasanditya/Downloads/572392_Andreas_AirflowETL/code/.venv/lib/python3.9/site-packages/airflow/example_dags/example_python_operator.py for tasks to queue
[2026-09-18T11:53:08.571+0700] {logging_mixin.py:190} INFO - [2026-09-18T11:53:08.571+0700] {dagbag.py:588} INFO - Filling up the DagBag from /Users/andreasanditya/Downloads/572392_Andreas_AirflowETL/code/.venv/lib/python3.9/site-packages/airflow/example_dags/example_python_operator.py
[2026-09-18T11:53:08.612+0700] {processor.py:925} INFO - DAG(s) 'example_python_operator' retrieved from /Users/andreasanditya/Downloads/572392_Andreas_AirflowETL/code/.venv/lib/python3.9/site-packages/airflow/example_dags/example_python_operator.py
[2026-09-18T11:53:08.739+0700] {logging_mixin.py:190} INFO - [2026-09-18T11:53:08.739+0700] {dag.py:3239} INFO - Sync 1 DAGs
[2026-09-18T11:53:08.745+0700] {logging_mixin.py:190} INFO - [2026-09-18T11:53:08.745+0700] {dag.py:4180} INFO - Setting next_dagrun for example_python_operator to None, run_after=None
[2026-09-18T11:53:08.757+0700] {processor.py:208} INFO - Processing /Users/andreasanditya/Downloads/572392_Andreas_AirflowETL/code/.venv/lib/python3.9/site-packages/airflow/example_dags/example_python_operator.py took 0.190 seconds
[2026-09-18T11:56:03.327+0700] {processor.py:186} INFO - Started process (PID=34775) to work on /Users/andreasanditya/Downloads/572392_Andreas_AirflowETL/code/.venv/lib/python3.9/site-packages/airflow/example_dags/example_python_operator.py
[2026-09-18T11:56:03.327+0700] {processor.py:914} INFO - Processing file /Users/andreasanditya/Downloads/572392_Andreas_AirflowETL/code/.venv/lib/python3.9/site-packages/airflow/example_dags/example_python_operator.py for tasks to queue
[2026-09-18T11:56:03.328+0700] {logging_mixin.py:190} INFO - [2026-09-18T11:56:03.328+0700] {dagbag.py:588} INFO - Filling up the DagBag from /Users/andreasanditya/Downloads/572392_Andreas_AirflowETL/code/.venv/lib/python3.9/site-packages/airflow/example_dags/example_python_operator.py
[2026-09-18T11:56:03.371+0700] {processor.py:925} INFO - DAG(s) 'example_python_operator' retrieved from /Users/andreasanditya/Downloads/572392_Andreas_AirflowETL/code/.venv/lib/python3.9/site-packages/airflow/example_dags/example_python_operator.py
[2026-09-18T11:56:03.499+0700] {logging_mixin.py:190} INFO - [2026-09-18T11:56:03.499+0700] {dag.py:3239} INFO - Sync 1 DAGs
[2026-09-18T11:56:03.505+0700] {logging_mixin.py:190} INFO - [2026-09-18T11:56:03.505+0700] {dag.py:4180} INFO - Setting next_dagrun for example_python_operator to None, run_after=None
[2026-09-18T11:56:03.516+0700] {processor.py:208} INFO - Processing /Users/andreasanditya/Downloads/572392_Andreas_AirflowETL/code/.venv/lib/python3.9/site-packages/airflow/example_dags/example_python_operator.py took 0.191 seconds
[2026-09-18T11:58:55.334+0700] {processor.py:186} INFO - Started process (PID=36427) to work on /Users/andreasanditya/Downloads/572392_Andreas_AirflowETL/code/.venv/lib/python3.9/site-packages/airflow/example_dags/example_python_operator.py
[2026-09-18T11:58:55.335+0700] {processor.py:914} INFO - Processing file /Users/andreasanditya/Downloads/572392_Andreas_AirflowETL/code/.venv/lib/python3.9/site-packages/airflow/example_dags/example_python_operator.py for tasks to queue
[2026-09-18T11:58:55.335+0700] {logging_mixin.py:190} INFO - [2026-09-18T11:58:55.335+0700] {dagbag.py:588} INFO - Filling up the DagBag from /Users/andreasanditya/Downloads/572392_Andreas_AirflowETL/code/.venv/lib/python3.9/site-packages/airflow/example_dags/example_python_operator.py
[2026-09-18T11:58:55.378+0700] {processor.py:925} INFO - DAG(s) 'example_python_operator' retrieved from /Users/andreasanditya/Downloads/572392_Andreas_AirflowETL/code/.venv/lib/python3.9/site-packages/airflow/example_dags/example_python_operator.py
[2026-09-18T11:58:55.507+0700] {logging_mixin.py:190} INFO - [2026-09-18T11:58:55.506+0700] {dag.py:3239} INFO - Sync 1 DAGs
[2026-09-18T11:58:55.513+0700] {logging_mixin.py:190} INFO - [2026-09-18T11:58:55.513+0700] {dag.py:4180} INFO - Setting next_dagrun for example_python_operator to None, run_after=None
[2026-09-18T11:58:55.523+0700] {processor.py:208} INFO - Processing /Users/andreasanditya/Downloads/572392_Andreas_AirflowETL/code/.venv/lib/python3.9/site-packages/airflow/example_dags/example_python_operator.py took 0.191 seconds
[2026-09-18T12:01:48.704+0700] {processor.py:186} INFO - Started process (PID=38243) to work on /Users/andreasanditya/Downloads/572392_Andreas_AirflowETL/code/.venv/lib/python3.9/site-packages/airflow/example_dags/example_python_operator.py
[2026-09-18T12:01:48.705+0700] {processor.py:914} INFO - Processing file /Users/andreasanditya/Downloads/572392_Andreas_AirflowETL/code/.venv/lib/python3.9/site-packages/airflow/example_dags/example_python_operator.py for tasks to queue
[2026-09-18T12:01:48.706+0700] {logging_mixin.py:190} INFO - [2026-09-18T12:01:48.706+0700] {dagbag.py:588} INFO - Filling up the DagBag from /Users/andreasanditya/Downloads/572392_Andreas_AirflowETL/code/.venv/lib/python3.9/site-packages/airflow/example_dags/example_python_operator.py
[2026-09-18T12:01:48.748+0700] {processor.py:925} INFO - DAG(s) 'example_python_operator' retrieved from /Users/andreasanditya/Downloads/572392_Andreas_AirflowETL/code/.venv/lib/python3.9/site-packages/airflow/example_dags/example_python_operator.py
[2026-09-18T12:01:48.873+0700] {logging_mixin.py:190} INFO - [2026-09-18T12:01:48.873+0700] {dag.py:3239} INFO - Sync 1 DAGs
[2026-09-18T12:01:48.880+0700] {logging_mixin.py:190} INFO - [2026-09-18T12:01:48.879+0700] {dag.py:4180} INFO - Setting next_dagrun for example_python_operator to None, run_after=None
[2026-09-18T12:01:48.890+0700] {processor.py:208} INFO - Processing /Users/andreasanditya/Downloads/572392_Andreas_AirflowETL/code/.venv/lib/python3.9/site-packages/airflow/example_dags/example_python_operator.py took 0.187 seconds
[2026-09-18T12:04:42.124+0700] {processor.py:186} INFO - Started process (PID=40002) to work on /Users/andreasanditya/Downloads/572392_Andreas_AirflowETL/code/.venv/lib/python3.9/site-packages/airflow/example_dags/example_python_operator.py
[2026-09-18T12:04:42.125+0700] {processor.py:914} INFO - Processing file /Users/andreasanditya/Downloads/572392_Andreas_AirflowETL/code/.venv/lib/python3.9/site-packages/airflow/example_dags/example_python_operator.py for tasks to queue
[2026-09-18T12:04:42.126+0700] {logging_mixin.py:190} INFO - [2026-09-18T12:04:42.126+0700] {dagbag.py:588} INFO - Filling up the DagBag from /Users/andreasanditya/Downloads/572392_Andreas_AirflowETL/code/.venv/lib/python3.9/site-packages/airflow/example_dags/example_python_operator.py
[2026-09-18T12:04:42.167+0700] {processor.py:925} INFO - DAG(s) 'example_python_operator' retrieved from /Users/andreasanditya/Downloads/572392_Andreas_AirflowETL/code/.venv/lib/python3.9/site-packages/airflow/example_dags/example_python_operator.py
[2026-09-18T12:04:42.301+0700] {logging_mixin.py:190} INFO - [2026-09-18T12:04:42.300+0700] {dag.py:3239} INFO - Sync 1 DAGs
[2026-09-18T12:04:42.307+0700] {logging_mixin.py:190} INFO - [2026-09-18T12:04:42.307+0700] {dag.py:4180} INFO - Setting next_dagrun for example_python_operator to None, run_after=None
[2026-09-18T12:04:42.317+0700] {processor.py:208} INFO - Processing /Users/andreasanditya/Downloads/572392_Andreas_AirflowETL/code/.venv/lib/python3.9/site-packages/airflow/example_dags/example_python_operator.py took 0.195 seconds
[2026-09-18T12:07:38.612+0700] {processor.py:186} INFO - Started process (PID=41730) to work on /Users/andreasanditya/Downloads/572392_Andreas_AirflowETL/code/.venv/lib/python3.9/site-packages/airflow/example_dags/example_python_operator.py
[2026-09-18T12:07:38.613+0700] {processor.py:914} INFO - Processing file /Users/andreasanditya/Downloads/572392_Andreas_AirflowETL/code/.venv/lib/python3.9/site-packages/airflow/example_dags/example_python_operator.py for tasks to queue
[2026-09-18T12:07:38.613+0700] {logging_mixin.py:190} INFO - [2026-09-18T12:07:38.613+0700] {dagbag.py:588} INFO - Filling up the DagBag from /Users/andreasanditya/Downloads/572392_Andreas_AirflowETL/code/.venv/lib/python3.9/site-packages/airflow/example_dags/example_python_operator.py
[2026-09-18T12:07:38.658+0700] {processor.py:925} INFO - DAG(s) 'example_python_operator' retrieved from /Users/andreasanditya/Downloads/572392_Andreas_AirflowETL/code/.venv/lib/python3.9/site-packages/airflow/example_dags/example_python_operator.py
[2026-09-18T12:07:38.787+0700] {logging_mixin.py:190} INFO - [2026-09-18T12:07:38.787+0700] {dag.py:3239} INFO - Sync 1 DAGs
[2026-09-18T12:07:38.794+0700] {logging_mixin.py:190} INFO - [2026-09-18T12:07:38.794+0700] {dag.py:4180} INFO - Setting next_dagrun for example_python_operator to None, run_after=None
[2026-09-18T12:07:38.804+0700] {processor.py:208} INFO - Processing /Users/andreasanditya/Downloads/572392_Andreas_AirflowETL/code/.venv/lib/python3.9/site-packages/airflow/example_dags/example_python_operator.py took 0.195 seconds
[2026-09-18T12:10:30.414+0700] {processor.py:186} INFO - Started process (PID=43474) to work on /Users/andreasanditya/Downloads/572392_Andreas_AirflowETL/code/.venv/lib/python3.9/site-packages/airflow/example_dags/example_python_operator.py
[2026-09-18T12:10:30.415+0700] {processor.py:914} INFO - Processing file /Users/andreasanditya/Downloads/572392_Andreas_AirflowETL/code/.venv/lib/python3.9/site-packages/airflow/example_dags/example_python_operator.py for tasks to queue
[2026-09-18T12:10:30.416+0700] {logging_mixin.py:190} INFO - [2026-09-18T12:10:30.416+0700] {dagbag.py:588} INFO - Filling up the DagBag from /Users/andreasanditya/Downloads/572392_Andreas_AirflowETL/code/.venv/lib/python3.9/site-packages/airflow/example_dags/example_python_operator.py
[2026-09-18T12:10:30.459+0700] {processor.py:925} INFO - DAG(s) 'example_python_operator' retrieved from /Users/andreasanditya/Downloads/572392_Andreas_AirflowETL/code/.venv/lib/python3.9/site-packages/airflow/example_dags/example_python_operator.py
[2026-09-18T12:10:30.585+0700] {logging_mixin.py:190} INFO - [2026-09-18T12:10:30.585+0700] {dag.py:3239} INFO - Sync 1 DAGs
[2026-09-18T12:10:30.591+0700] {logging_mixin.py:190} INFO - [2026-09-18T12:10:30.591+0700] {dag.py:4180} INFO - Setting next_dagrun for example_python_operator to None, run_after=None
[2026-09-18T12:10:30.602+0700] {processor.py:208} INFO - Processing /Users/andreasanditya/Downloads/572392_Andreas_AirflowETL/code/.venv/lib/python3.9/site-packages/airflow/example_dags/example_python_operator.py took 0.190 seconds
[2026-09-18T12:13:28.582+0700] {processor.py:186} INFO - Started process (PID=46122) to work on /Users/andreasanditya/Downloads/572392_Andreas_AirflowETL/code/.venv/lib/python3.9/site-packages/airflow/example_dags/example_python_operator.py
[2026-09-18T12:13:28.583+0700] {processor.py:914} INFO - Processing file /Users/andreasanditya/Downloads/572392_Andreas_AirflowETL/code/.venv/lib/python3.9/site-packages/airflow/example_dags/example_python_operator.py for tasks to queue
[2026-09-18T12:13:28.583+0700] {logging_mixin.py:190} INFO - [2026-09-18T12:13:28.583+0700] {dagbag.py:588} INFO - Filling up the DagBag from /Users/andreasanditya/Downloads/572392_Andreas_AirflowETL/code/.venv/lib/python3.9/site-packages/airflow/example_dags/example_python_operator.py
[2026-09-18T12:13:28.626+0700] {processor.py:925} INFO - DAG(s) 'example_python_operator' retrieved from /Users/andreasanditya/Downloads/572392_Andreas_AirflowETL/code/.venv/lib/python3.9/site-packages/airflow/example_dags/example_python_operator.py
[2026-09-18T12:13:28.752+0700] {logging_mixin.py:190} INFO - [2026-09-18T12:13:28.752+0700] {dag.py:3239} INFO - Sync 1 DAGs
[2026-09-18T12:13:28.758+0700] {logging_mixin.py:190} INFO - [2026-09-18T12:13:28.758+0700] {dag.py:4180} INFO - Setting next_dagrun for example_python_operator to None, run_after=None
[2026-09-18T12:13:28.768+0700] {processor.py:208} INFO - Processing /Users/andreasanditya/Downloads/572392_Andreas_AirflowETL/code/.venv/lib/python3.9/site-packages/airflow/example_dags/example_python_operator.py took 0.188 seconds
[2026-09-18T12:16:23.370+0700] {processor.py:186} INFO - Started process (PID=48876) to work on /Users/andreasanditya/Downloads/572392_Andreas_AirflowETL/code/.venv/lib/python3.9/site-packages/airflow/example_dags/example_python_operator.py
[2026-09-18T12:16:23.370+0700] {processor.py:914} INFO - Processing file /Users/andreasanditya/Downloads/572392_Andreas_AirflowETL/code/.venv/lib/python3.9/site-packages/airflow/example_dags/example_python_operator.py for tasks to queue
[2026-09-18T12:16:23.371+0700] {logging_mixin.py:190} INFO - [2026-09-18T12:16:23.371+0700] {dagbag.py:588} INFO - Filling up the DagBag from /Users/andreasanditya/Downloads/572392_Andreas_AirflowETL/code/.venv/lib/python3.9/site-packages/airflow/example_dags/example_python_operator.py
[2026-09-18T12:16:23.414+0700] {processor.py:925} INFO - DAG(s) 'example_python_operator' retrieved from /Users/andreasanditya/Downloads/572392_Andreas_AirflowETL/code/.venv/lib/python3.9/site-packages/airflow/example_dags/example_python_operator.py
[2026-09-18T12:16:23.547+0700] {logging_mixin.py:190} INFO - [2026-09-18T12:16:23.546+0700] {dag.py:3239} INFO - Sync 1 DAGs
[2026-09-18T12:16:23.553+0700] {logging_mixin.py:190} INFO - [2026-09-18T12:16:23.553+0700] {dag.py:4180} INFO - Setting next_dagrun for example_python_operator to None, run_after=None
[2026-09-18T12:16:23.563+0700] {processor.py:208} INFO - Processing /Users/andreasanditya/Downloads/572392_Andreas_AirflowETL/code/.venv/lib/python3.9/site-packages/airflow/example_dags/example_python_operator.py took 0.196 seconds
