[2026-09-18T11:16:55.204+0700] {processor.py:186} INFO - Started process (PID=10359) to work on /Users/andreasanditya/Downloads/572392_Andreas_AirflowETL/code/.venv/lib/python3.9/site-packages/airflow/example_dags/example_xcomargs.py
[2026-09-18T11:16:55.205+0700] {processor.py:914} INFO - Processing file /Users/andreasanditya/Downloads/572392_Andreas_AirflowETL/code/.venv/lib/python3.9/site-packages/airflow/example_dags/example_xcomargs.py for tasks to queue
[2026-09-18T11:16:55.206+0700] {logging_mixin.py:190} INFO - [2026-09-18T11:16:55.205+0700] {dagbag.py:588} INFO - Filling up the DagBag from /Users/andreasanditya/Downloads/572392_Andreas_AirflowETL/code/.venv/lib/python3.9/site-packages/airflow/example_dags/example_xcomargs.py
[2026-09-18T11:16:55.254+0700] {processor.py:925} INFO - DAG(s) 'example_xcom_args', 'example_xcom_args_with_operators' retrieved from /Users/andreasanditya/Downloads/572392_Andreas_AirflowETL/code/.venv/lib/python3.9/site-packages/airflow/example_dags/example_xcomargs.py
[2026-09-18T11:16:55.359+0700] {logging_mixin.py:190} INFO - [2026-09-18T11:16:55.359+0700] {override.py:1912} INFO - Created Permission View: can delete on DAG:example_xcom_args
[2026-09-18T11:16:55.364+0700] {logging_mixin.py:190} INFO - [2026-09-18T11:16:55.364+0700] {override.py:1912} INFO - Created Permission View: can read on DAG:example_xcom_args
[2026-09-18T11:16:55.367+0700] {logging_mixin.py:190} INFO - [2026-09-18T11:16:55.367+0700] {override.py:1912} INFO - Created Permission View: can edit on DAG:example_xcom_args
[2026-09-18T11:16:55.371+0700] {logging_mixin.py:190} INFO - [2026-09-18T11:16:55.371+0700] {override.py:1912} INFO - Created Permission View: can delete on DAG Run:example_xcom_args
[2026-09-18T11:16:55.374+0700] {logging_mixin.py:190} INFO - [2026-09-18T11:16:55.374+0700] {override.py:1912} INFO - Created Permission View: can create on DAG Run:example_xcom_args
[2026-09-18T11:16:55.378+0700] {logging_mixin.py:190} INFO - [2026-09-18T11:16:55.378+0700] {override.py:1912} INFO - Created Permission View: can read on DAG Run:example_xcom_args
[2026-09-18T11:16:55.382+0700] {logging_mixin.py:190} INFO - [2026-09-18T11:16:55.382+0700] {override.py:1912} INFO - Created Permission View: menu access on DAG Run:example_xcom_args
[2026-09-18T11:16:55.389+0700] {logging_mixin.py:190} INFO - [2026-09-18T11:16:55.389+0700] {override.py:1912} INFO - Created Permission View: can delete on DAG:example_xcom_args_with_operators
[2026-09-18T11:16:55.392+0700] {logging_mixin.py:190} INFO - [2026-09-18T11:16:55.392+0700] {override.py:1912} INFO - Created Permission View: can read on DAG:example_xcom_args_with_operators
[2026-09-18T11:16:55.395+0700] {logging_mixin.py:190} INFO - [2026-09-18T11:16:55.395+0700] {override.py:1912} INFO - Created Permission View: can edit on DAG:example_xcom_args_with_operators
[2026-09-18T11:16:55.399+0700] {logging_mixin.py:190} INFO - [2026-09-18T11:16:55.399+0700] {override.py:1912} INFO - Created Permission View: can delete on DAG Run:example_xcom_args_with_operators
[2026-09-18T11:16:55.402+0700] {logging_mixin.py:190} INFO - [2026-09-18T11:16:55.402+0700] {override.py:1912} INFO - Created Permission View: can create on DAG Run:example_xcom_args_with_operators
[2026-09-18T11:16:55.405+0700] {logging_mixin.py:190} INFO - [2026-09-18T11:16:55.405+0700] {override.py:1912} INFO - Created Permission View: can read on DAG Run:example_xcom_args_with_operators
[2026-09-18T11:16:55.408+0700] {logging_mixin.py:190} INFO - [2026-09-18T11:16:55.408+0700] {override.py:1912} INFO - Created Permission View: menu access on DAG Run:example_xcom_args_with_operators
[2026-09-18T11:16:55.408+0700] {logging_mixin.py:190} INFO - [2026-09-18T11:16:55.408+0700] {dag.py:3239} INFO - Sync 2 DAGs
[2026-09-18T11:16:55.414+0700] {logging_mixin.py:190} INFO - [2026-09-18T11:16:55.414+0700] {dag.py:3262} INFO - Creating ORM DAG for example_xcom_args
[2026-09-18T11:16:55.415+0700] {logging_mixin.py:190} INFO - [2026-09-18T11:16:55.415+0700] {dag.py:3262} INFO - Creating ORM DAG for example_xcom_args_with_operators
[2026-09-18T11:16:55.415+0700] {logging_mixin.py:190} INFO - [2026-09-18T11:16:55.415+0700] {dag.py:4180} INFO - Setting next_dagrun for example_xcom_args to None, run_after=None
[2026-09-18T11:16:55.415+0700] {logging_mixin.py:190} INFO - [2026-09-18T11:16:55.415+0700] {dag.py:4180} INFO - Setting next_dagrun for example_xcom_args_with_operators to None, run_after=None
[2026-09-18T11:16:55.424+0700] {processor.py:208} INFO - Processing /Users/andreasanditya/Downloads/572392_Andreas_AirflowETL/code/.venv/lib/python3.9/site-packages/airflow/example_dags/example_xcomargs.py took 0.223 seconds
[2026-09-18T11:19:12.771+0700] {processor.py:186} INFO - Started process (PID=11764) to work on /Users/andreasanditya/Downloads/572392_Andreas_AirflowETL/code/.venv/lib/python3.9/site-packages/airflow/example_dags/example_xcomargs.py
[2026-09-18T11:19:12.772+0700] {processor.py:914} INFO - Processing file /Users/andreasanditya/Downloads/572392_Andreas_AirflowETL/code/.venv/lib/python3.9/site-packages/airflow/example_dags/example_xcomargs.py for tasks to queue
[2026-09-18T11:19:12.773+0700] {logging_mixin.py:190} INFO - [2026-09-18T11:19:12.773+0700] {dagbag.py:588} INFO - Filling up the DagBag from /Users/andreasanditya/Downloads/572392_Andreas_AirflowETL/code/.venv/lib/python3.9/site-packages/airflow/example_dags/example_xcomargs.py
[2026-09-18T11:19:12.825+0700] {processor.py:925} INFO - DAG(s) 'example_xcom_args', 'example_xcom_args_with_operators' retrieved from /Users/andreasanditya/Downloads/572392_Andreas_AirflowETL/code/.venv/lib/python3.9/site-packages/airflow/example_dags/example_xcomargs.py
[2026-09-18T11:19:12.891+0700] {logging_mixin.py:190} INFO - [2026-09-18T11:19:12.890+0700] {dag.py:3239} INFO - Sync 2 DAGs
[2026-09-18T11:19:12.899+0700] {logging_mixin.py:190} INFO - [2026-09-18T11:19:12.899+0700] {dag.py:4180} INFO - Setting next_dagrun for example_xcom_args to None, run_after=None
[2026-09-18T11:19:12.901+0700] {logging_mixin.py:190} INFO - [2026-09-18T11:19:12.901+0700] {dag.py:4180} INFO - Setting next_dagrun for example_xcom_args_with_operators to None, run_after=None
[2026-09-18T11:19:12.911+0700] {processor.py:208} INFO - Processing /Users/andreasanditya/Downloads/572392_Andreas_AirflowETL/code/.venv/lib/python3.9/site-packages/airflow/example_dags/example_xcomargs.py took 0.142 seconds
[2026-09-18T11:20:44.953+0700] {processor.py:186} INFO - Started process (PID=12822) to work on /Users/andreasanditya/Downloads/572392_Andreas_AirflowETL/code/.venv/lib/python3.9/site-packages/airflow/example_dags/example_xcomargs.py
[2026-09-18T11:20:44.955+0700] {processor.py:914} INFO - Processing file /Users/andreasanditya/Downloads/572392_Andreas_AirflowETL/code/.venv/lib/python3.9/site-packages/airflow/example_dags/example_xcomargs.py for tasks to queue
[2026-09-18T11:20:44.956+0700] {logging_mixin.py:190} INFO - [2026-09-18T11:20:44.956+0700] {dagbag.py:588} INFO - Filling up the DagBag from /Users/andreasanditya/Downloads/572392_Andreas_AirflowETL/code/.venv/lib/python3.9/site-packages/airflow/example_dags/example_xcomargs.py
[2026-09-18T11:20:45.005+0700] {processor.py:925} INFO - DAG(s) 'example_xcom_args_with_operators', 'example_xcom_args' retrieved from /Users/andreasanditya/Downloads/572392_Andreas_AirflowETL/code/.venv/lib/python3.9/site-packages/airflow/example_dags/example_xcomargs.py
[2026-09-18T11:20:45.065+0700] {logging_mixin.py:190} INFO - [2026-09-18T11:20:45.065+0700] {dag.py:3239} INFO - Sync 2 DAGs
[2026-09-18T11:20:45.072+0700] {logging_mixin.py:190} INFO - [2026-09-18T11:20:45.071+0700] {dag.py:4180} INFO - Setting next_dagrun for example_xcom_args to None, run_after=None
[2026-09-18T11:20:45.073+0700] {logging_mixin.py:190} INFO - [2026-09-18T11:20:45.073+0700] {dag.py:4180} INFO - Setting next_dagrun for example_xcom_args_with_operators to None, run_after=None
[2026-09-18T11:20:45.084+0700] {processor.py:208} INFO - Processing /Users/andreasanditya/Downloads/572392_Andreas_AirflowETL/code/.venv/lib/python3.9/site-packages/airflow/example_dags/example_xcomargs.py took 0.133 seconds
[2026-09-18T11:22:44.845+0700] {processor.py:186} INFO - Started process (PID=14056) to work on /Users/andreasanditya/Downloads/572392_Andreas_AirflowETL/code/.venv/lib/python3.9/site-packages/airflow/example_dags/example_xcomargs.py
[2026-09-18T11:22:44.846+0700] {processor.py:914} INFO - Processing file /Users/andreasanditya/Downloads/572392_Andreas_AirflowETL/code/.venv/lib/python3.9/site-packages/airflow/example_dags/example_xcomargs.py for tasks to queue
[2026-09-18T11:22:44.846+0700] {logging_mixin.py:190} INFO - [2026-09-18T11:22:44.846+0700] {dagbag.py:588} INFO - Filling up the DagBag from /Users/andreasanditya/Downloads/572392_Andreas_AirflowETL/code/.venv/lib/python3.9/site-packages/airflow/example_dags/example_xcomargs.py
[2026-09-18T11:22:44.902+0700] {processor.py:925} INFO - DAG(s) 'example_xcom_args', 'example_xcom_args_with_operators' retrieved from /Users/andreasanditya/Downloads/572392_Andreas_AirflowETL/code/.venv/lib/python3.9/site-packages/airflow/example_dags/example_xcomargs.py
[2026-09-18T11:22:44.966+0700] {logging_mixin.py:190} INFO - [2026-09-18T11:22:44.966+0700] {dag.py:3239} INFO - Sync 2 DAGs
[2026-09-18T11:22:44.973+0700] {logging_mixin.py:190} INFO - [2026-09-18T11:22:44.972+0700] {dag.py:4180} INFO - Setting next_dagrun for example_xcom_args to None, run_after=None
[2026-09-18T11:22:44.974+0700] {logging_mixin.py:190} INFO - [2026-09-18T11:22:44.974+0700] {dag.py:4180} INFO - Setting next_dagrun for example_xcom_args_with_operators to None, run_after=None
[2026-09-18T11:22:44.985+0700] {processor.py:208} INFO - Processing /Users/andreasanditya/Downloads/572392_Andreas_AirflowETL/code/.venv/lib/python3.9/site-packages/airflow/example_dags/example_xcomargs.py took 0.143 seconds
[2026-09-18T11:24:10.342+0700] {processor.py:186} INFO - Started process (PID=15128) to work on /Users/andreasanditya/Downloads/572392_Andreas_AirflowETL/code/.venv/lib/python3.9/site-packages/airflow/example_dags/example_xcomargs.py
[2026-09-18T11:24:10.343+0700] {processor.py:914} INFO - Processing file /Users/andreasanditya/Downloads/572392_Andreas_AirflowETL/code/.venv/lib/python3.9/site-packages/airflow/example_dags/example_xcomargs.py for tasks to queue
[2026-09-18T11:24:10.344+0700] {logging_mixin.py:190} INFO - [2026-09-18T11:24:10.343+0700] {dagbag.py:588} INFO - Filling up the DagBag from /Users/andreasanditya/Downloads/572392_Andreas_AirflowETL/code/.venv/lib/python3.9/site-packages/airflow/example_dags/example_xcomargs.py
[2026-09-18T11:24:10.398+0700] {processor.py:925} INFO - DAG(s) 'example_xcom_args', 'example_xcom_args_with_operators' retrieved from /Users/andreasanditya/Downloads/572392_Andreas_AirflowETL/code/.venv/lib/python3.9/site-packages/airflow/example_dags/example_xcomargs.py
[2026-09-18T11:24:10.463+0700] {logging_mixin.py:190} INFO - [2026-09-18T11:24:10.463+0700] {dag.py:3239} INFO - Sync 2 DAGs
[2026-09-18T11:24:10.470+0700] {logging_mixin.py:190} INFO - [2026-09-18T11:24:10.470+0700] {dag.py:4180} INFO - Setting next_dagrun for example_xcom_args to None, run_after=None
[2026-09-18T11:24:10.471+0700] {logging_mixin.py:190} INFO - [2026-09-18T11:24:10.471+0700] {dag.py:4180} INFO - Setting next_dagrun for example_xcom_args_with_operators to None, run_after=None
[2026-09-18T11:24:10.480+0700] {processor.py:208} INFO - Processing /Users/andreasanditya/Downloads/572392_Andreas_AirflowETL/code/.venv/lib/python3.9/site-packages/airflow/example_dags/example_xcomargs.py took 0.141 seconds
[2026-09-18T11:26:14.517+0700] {processor.py:186} INFO - Started process (PID=16378) to work on /Users/andreasanditya/Downloads/572392_Andreas_AirflowETL/code/.venv/lib/python3.9/site-packages/airflow/example_dags/example_xcomargs.py
[2026-09-18T11:26:14.517+0700] {processor.py:914} INFO - Processing file /Users/andreasanditya/Downloads/572392_Andreas_AirflowETL/code/.venv/lib/python3.9/site-packages/airflow/example_dags/example_xcomargs.py for tasks to queue
[2026-09-18T11:26:14.518+0700] {logging_mixin.py:190} INFO - [2026-09-18T11:26:14.518+0700] {dagbag.py:588} INFO - Filling up the DagBag from /Users/andreasanditya/Downloads/572392_Andreas_AirflowETL/code/.venv/lib/python3.9/site-packages/airflow/example_dags/example_xcomargs.py
[2026-09-18T11:26:14.578+0700] {processor.py:925} INFO - DAG(s) 'example_xcom_args_with_operators', 'example_xcom_args' retrieved from /Users/andreasanditya/Downloads/572392_Andreas_AirflowETL/code/.venv/lib/python3.9/site-packages/airflow/example_dags/example_xcomargs.py
[2026-09-18T11:26:14.642+0700] {logging_mixin.py:190} INFO - [2026-09-18T11:26:14.642+0700] {dag.py:3239} INFO - Sync 2 DAGs
[2026-09-18T11:26:14.649+0700] {logging_mixin.py:190} INFO - [2026-09-18T11:26:14.648+0700] {dag.py:4180} INFO - Setting next_dagrun for example_xcom_args to None, run_after=None
[2026-09-18T11:26:14.650+0700] {logging_mixin.py:190} INFO - [2026-09-18T11:26:14.650+0700] {dag.py:4180} INFO - Setting next_dagrun for example_xcom_args_with_operators to None, run_after=None
[2026-09-18T11:26:14.659+0700] {processor.py:208} INFO - Processing /Users/andreasanditya/Downloads/572392_Andreas_AirflowETL/code/.venv/lib/python3.9/site-packages/airflow/example_dags/example_xcomargs.py took 0.145 seconds
[2026-09-18T11:27:47.008+0700] {processor.py:186} INFO - Started process (PID=17287) to work on /Users/andreasanditya/Downloads/572392_Andreas_AirflowETL/code/.venv/lib/python3.9/site-packages/airflow/example_dags/example_xcomargs.py
[2026-09-18T11:27:47.009+0700] {processor.py:914} INFO - Processing file /Users/andreasanditya/Downloads/572392_Andreas_AirflowETL/code/.venv/lib/python3.9/site-packages/airflow/example_dags/example_xcomargs.py for tasks to queue
[2026-09-18T11:27:47.010+0700] {logging_mixin.py:190} INFO - [2026-09-18T11:27:47.009+0700] {dagbag.py:588} INFO - Filling up the DagBag from /Users/andreasanditya/Downloads/572392_Andreas_AirflowETL/code/.venv/lib/python3.9/site-packages/airflow/example_dags/example_xcomargs.py
[2026-09-18T11:27:47.057+0700] {processor.py:925} INFO - DAG(s) 'example_xcom_args_with_operators', 'example_xcom_args' retrieved from /Users/andreasanditya/Downloads/572392_Andreas_AirflowETL/code/.venv/lib/python3.9/site-packages/airflow/example_dags/example_xcomargs.py
[2026-09-18T11:27:47.117+0700] {logging_mixin.py:190} INFO - [2026-09-18T11:27:47.117+0700] {dag.py:3239} INFO - Sync 2 DAGs
[2026-09-18T11:27:47.123+0700] {logging_mixin.py:190} INFO - [2026-09-18T11:27:47.123+0700] {dag.py:4180} INFO - Setting next_dagrun for example_xcom_args to None, run_after=None
[2026-09-18T11:27:47.125+0700] {logging_mixin.py:190} INFO - [2026-09-18T11:27:47.125+0700] {dag.py:4180} INFO - Setting next_dagrun for example_xcom_args_with_operators to None, run_after=None
[2026-09-18T11:27:47.134+0700] {processor.py:208} INFO - Processing /Users/andreasanditya/Downloads/572392_Andreas_AirflowETL/code/.venv/lib/python3.9/site-packages/airflow/example_dags/example_xcomargs.py took 0.128 seconds
[2026-09-18T11:29:15.999+0700] {processor.py:186} INFO - Started process (PID=18220) to work on /Users/andreasanditya/Downloads/572392_Andreas_AirflowETL/code/.venv/lib/python3.9/site-packages/airflow/example_dags/example_xcomargs.py
[2026-09-18T11:29:16.000+0700] {processor.py:914} INFO - Processing file /Users/andreasanditya/Downloads/572392_Andreas_AirflowETL/code/.venv/lib/python3.9/site-packages/airflow/example_dags/example_xcomargs.py for tasks to queue
[2026-09-18T11:29:16.000+0700] {logging_mixin.py:190} INFO - [2026-09-18T11:29:16.000+0700] {dagbag.py:588} INFO - Filling up the DagBag from /Users/andreasanditya/Downloads/572392_Andreas_AirflowETL/code/.venv/lib/python3.9/site-packages/airflow/example_dags/example_xcomargs.py
[2026-09-18T11:29:16.049+0700] {processor.py:925} INFO - DAG(s) 'example_xcom_args', 'example_xcom_args_with_operators' retrieved from /Users/andreasanditya/Downloads/572392_Andreas_AirflowETL/code/.venv/lib/python3.9/site-packages/airflow/example_dags/example_xcomargs.py
[2026-09-18T11:29:16.113+0700] {logging_mixin.py:190} INFO - [2026-09-18T11:29:16.113+0700] {dag.py:3239} INFO - Sync 2 DAGs
[2026-09-18T11:29:16.120+0700] {logging_mixin.py:190} INFO - [2026-09-18T11:29:16.120+0700] {dag.py:4180} INFO - Setting next_dagrun for example_xcom_args to None, run_after=None
[2026-09-18T11:29:16.121+0700] {logging_mixin.py:190} INFO - [2026-09-18T11:29:16.121+0700] {dag.py:4180} INFO - Setting next_dagrun for example_xcom_args_with_operators to None, run_after=None
[2026-09-18T11:29:16.131+0700] {processor.py:208} INFO - Processing /Users/andreasanditya/Downloads/572392_Andreas_AirflowETL/code/.venv/lib/python3.9/site-packages/airflow/example_dags/example_xcomargs.py took 0.134 seconds
[2026-09-18T11:30:45.146+0700] {processor.py:186} INFO - Started process (PID=19181) to work on /Users/andreasanditya/Downloads/572392_Andreas_AirflowETL/code/.venv/lib/python3.9/site-packages/airflow/example_dags/example_xcomargs.py
[2026-09-18T11:30:45.147+0700] {processor.py:914} INFO - Processing file /Users/andreasanditya/Downloads/572392_Andreas_AirflowETL/code/.venv/lib/python3.9/site-packages/airflow/example_dags/example_xcomargs.py for tasks to queue
[2026-09-18T11:30:45.147+0700] {logging_mixin.py:190} INFO - [2026-09-18T11:30:45.147+0700] {dagbag.py:588} INFO - Filling up the DagBag from /Users/andreasanditya/Downloads/572392_Andreas_AirflowETL/code/.venv/lib/python3.9/site-packages/airflow/example_dags/example_xcomargs.py
[2026-09-18T11:30:45.197+0700] {processor.py:925} INFO - DAG(s) 'example_xcom_args', 'example_xcom_args_with_operators' retrieved from /Users/andreasanditya/Downloads/572392_Andreas_AirflowETL/code/.venv/lib/python3.9/site-packages/airflow/example_dags/example_xcomargs.py
[2026-09-18T11:30:45.259+0700] {logging_mixin.py:190} INFO - [2026-09-18T11:30:45.259+0700] {dag.py:3239} INFO - Sync 2 DAGs
[2026-09-18T11:30:45.265+0700] {logging_mixin.py:190} INFO - [2026-09-18T11:30:45.265+0700] {dag.py:4180} INFO - Setting next_dagrun for example_xcom_args to None, run_after=None
[2026-09-18T11:30:45.267+0700] {logging_mixin.py:190} INFO - [2026-09-18T11:30:45.267+0700] {dag.py:4180} INFO - Setting next_dagrun for example_xcom_args_with_operators to None, run_after=None
[2026-09-18T11:30:45.276+0700] {processor.py:208} INFO - Processing /Users/andreasanditya/Downloads/572392_Andreas_AirflowETL/code/.venv/lib/python3.9/site-packages/airflow/example_dags/example_xcomargs.py took 0.133 seconds
[2026-09-18T11:32:14.072+0700] {processor.py:186} INFO - Started process (PID=20090) to work on /Users/andreasanditya/Downloads/572392_Andreas_AirflowETL/code/.venv/lib/python3.9/site-packages/airflow/example_dags/example_xcomargs.py
[2026-09-18T11:32:14.073+0700] {processor.py:914} INFO - Processing file /Users/andreasanditya/Downloads/572392_Andreas_AirflowETL/code/.venv/lib/python3.9/site-packages/airflow/example_dags/example_xcomargs.py for tasks to queue
[2026-09-18T11:32:14.074+0700] {logging_mixin.py:190} INFO - [2026-09-18T11:32:14.074+0700] {dagbag.py:588} INFO - Filling up the DagBag from /Users/andreasanditya/Downloads/572392_Andreas_AirflowETL/code/.venv/lib/python3.9/site-packages/airflow/example_dags/example_xcomargs.py
[2026-09-18T11:32:14.121+0700] {processor.py:925} INFO - DAG(s) 'example_xcom_args_with_operators', 'example_xcom_args' retrieved from /Users/andreasanditya/Downloads/572392_Andreas_AirflowETL/code/.venv/lib/python3.9/site-packages/airflow/example_dags/example_xcomargs.py
[2026-09-18T11:32:14.181+0700] {logging_mixin.py:190} INFO - [2026-09-18T11:32:14.181+0700] {dag.py:3239} INFO - Sync 2 DAGs
[2026-09-18T11:32:14.187+0700] {logging_mixin.py:190} INFO - [2026-09-18T11:32:14.187+0700] {dag.py:4180} INFO - Setting next_dagrun for example_xcom_args to None, run_after=None
[2026-09-18T11:32:14.189+0700] {logging_mixin.py:190} INFO - [2026-09-18T11:32:14.189+0700] {dag.py:4180} INFO - Setting next_dagrun for example_xcom_args_with_operators to None, run_after=None
[2026-09-18T11:32:14.198+0700] {processor.py:208} INFO - Processing /Users/andreasanditya/Downloads/572392_Andreas_AirflowETL/code/.venv/lib/python3.9/site-packages/airflow/example_dags/example_xcomargs.py took 0.127 seconds
[2026-09-18T11:33:42.012+0700] {processor.py:186} INFO - Started process (PID=21028) to work on /Users/andreasanditya/Downloads/572392_Andreas_AirflowETL/code/.venv/lib/python3.9/site-packages/airflow/example_dags/example_xcomargs.py
[2026-09-18T11:33:42.013+0700] {processor.py:914} INFO - Processing file /Users/andreasanditya/Downloads/572392_Andreas_AirflowETL/code/.venv/lib/python3.9/site-packages/airflow/example_dags/example_xcomargs.py for tasks to queue
[2026-09-18T11:33:42.013+0700] {logging_mixin.py:190} INFO - [2026-09-18T11:33:42.013+0700] {dagbag.py:588} INFO - Filling up the DagBag from /Users/andreasanditya/Downloads/572392_Andreas_AirflowETL/code/.venv/lib/python3.9/site-packages/airflow/example_dags/example_xcomargs.py
[2026-09-18T11:33:42.063+0700] {processor.py:925} INFO - DAG(s) 'example_xcom_args', 'example_xcom_args_with_operators' retrieved from /Users/andreasanditya/Downloads/572392_Andreas_AirflowETL/code/.venv/lib/python3.9/site-packages/airflow/example_dags/example_xcomargs.py
[2026-09-18T11:33:42.124+0700] {logging_mixin.py:190} INFO - [2026-09-18T11:33:42.124+0700] {dag.py:3239} INFO - Sync 2 DAGs
[2026-09-18T11:33:42.130+0700] {logging_mixin.py:190} INFO - [2026-09-18T11:33:42.130+0700] {dag.py:4180} INFO - Setting next_dagrun for example_xcom_args to None, run_after=None
[2026-09-18T11:33:42.132+0700] {logging_mixin.py:190} INFO - [2026-09-18T11:33:42.132+0700] {dag.py:4180} INFO - Setting next_dagrun for example_xcom_args_with_operators to None, run_after=None
[2026-09-18T11:33:42.141+0700] {processor.py:208} INFO - Processing /Users/andreasanditya/Downloads/572392_Andreas_AirflowETL/code/.venv/lib/python3.9/site-packages/airflow/example_dags/example_xcomargs.py took 0.132 seconds
[2026-09-18T11:35:09.519+0700] {processor.py:186} INFO - Started process (PID=21988) to work on /Users/andreasanditya/Downloads/572392_Andreas_AirflowETL/code/.venv/lib/python3.9/site-packages/airflow/example_dags/example_xcomargs.py
[2026-09-18T11:35:09.520+0700] {processor.py:914} INFO - Processing file /Users/andreasanditya/Downloads/572392_Andreas_AirflowETL/code/.venv/lib/python3.9/site-packages/airflow/example_dags/example_xcomargs.py for tasks to queue
[2026-09-18T11:35:09.521+0700] {logging_mixin.py:190} INFO - [2026-09-18T11:35:09.521+0700] {dagbag.py:588} INFO - Filling up the DagBag from /Users/andreasanditya/Downloads/572392_Andreas_AirflowETL/code/.venv/lib/python3.9/site-packages/airflow/example_dags/example_xcomargs.py
[2026-09-18T11:35:09.574+0700] {processor.py:925} INFO - DAG(s) 'example_xcom_args_with_operators', 'example_xcom_args' retrieved from /Users/andreasanditya/Downloads/572392_Andreas_AirflowETL/code/.venv/lib/python3.9/site-packages/airflow/example_dags/example_xcomargs.py
[2026-09-18T11:35:09.637+0700] {logging_mixin.py:190} INFO - [2026-09-18T11:35:09.637+0700] {dag.py:3239} INFO - Sync 2 DAGs
[2026-09-18T11:35:09.643+0700] {logging_mixin.py:190} INFO - [2026-09-18T11:35:09.643+0700] {dag.py:4180} INFO - Setting next_dagrun for example_xcom_args to None, run_after=None
[2026-09-18T11:35:09.645+0700] {logging_mixin.py:190} INFO - [2026-09-18T11:35:09.645+0700] {dag.py:4180} INFO - Setting next_dagrun for example_xcom_args_with_operators to None, run_after=None
[2026-09-18T11:35:09.656+0700] {processor.py:208} INFO - Processing /Users/andreasanditya/Downloads/572392_Andreas_AirflowETL/code/.venv/lib/python3.9/site-packages/airflow/example_dags/example_xcomargs.py took 0.139 seconds
[2026-09-18T11:36:37.256+0700] {processor.py:186} INFO - Started process (PID=22856) to work on /Users/andreasanditya/Downloads/572392_Andreas_AirflowETL/code/.venv/lib/python3.9/site-packages/airflow/example_dags/example_xcomargs.py
[2026-09-18T11:36:37.257+0700] {processor.py:914} INFO - Processing file /Users/andreasanditya/Downloads/572392_Andreas_AirflowETL/code/.venv/lib/python3.9/site-packages/airflow/example_dags/example_xcomargs.py for tasks to queue
[2026-09-18T11:36:37.258+0700] {logging_mixin.py:190} INFO - [2026-09-18T11:36:37.258+0700] {dagbag.py:588} INFO - Filling up the DagBag from /Users/andreasanditya/Downloads/572392_Andreas_AirflowETL/code/.venv/lib/python3.9/site-packages/airflow/example_dags/example_xcomargs.py
[2026-09-18T11:36:37.315+0700] {processor.py:925} INFO - DAG(s) 'example_xcom_args', 'example_xcom_args_with_operators' retrieved from /Users/andreasanditya/Downloads/572392_Andreas_AirflowETL/code/.venv/lib/python3.9/site-packages/airflow/example_dags/example_xcomargs.py
[2026-09-18T11:36:37.379+0700] {logging_mixin.py:190} INFO - [2026-09-18T11:36:37.379+0700] {dag.py:3239} INFO - Sync 2 DAGs
[2026-09-18T11:36:37.386+0700] {logging_mixin.py:190} INFO - [2026-09-18T11:36:37.386+0700] {dag.py:4180} INFO - Setting next_dagrun for example_xcom_args to None, run_after=None
[2026-09-18T11:36:37.388+0700] {logging_mixin.py:190} INFO - [2026-09-18T11:36:37.388+0700] {dag.py:4180} INFO - Setting next_dagrun for example_xcom_args_with_operators to None, run_after=None
[2026-09-18T11:36:37.397+0700] {processor.py:208} INFO - Processing /Users/andreasanditya/Downloads/572392_Andreas_AirflowETL/code/.venv/lib/python3.9/site-packages/airflow/example_dags/example_xcomargs.py took 0.143 seconds
[2026-09-18T11:38:04.885+0700] {processor.py:186} INFO - Started process (PID=23826) to work on /Users/andreasanditya/Downloads/572392_Andreas_AirflowETL/code/.venv/lib/python3.9/site-packages/airflow/example_dags/example_xcomargs.py
[2026-09-18T11:38:04.886+0700] {processor.py:914} INFO - Processing file /Users/andreasanditya/Downloads/572392_Andreas_AirflowETL/code/.venv/lib/python3.9/site-packages/airflow/example_dags/example_xcomargs.py for tasks to queue
[2026-09-18T11:38:04.886+0700] {logging_mixin.py:190} INFO - [2026-09-18T11:38:04.886+0700] {dagbag.py:588} INFO - Filling up the DagBag from /Users/andreasanditya/Downloads/572392_Andreas_AirflowETL/code/.venv/lib/python3.9/site-packages/airflow/example_dags/example_xcomargs.py
[2026-09-18T11:38:04.932+0700] {processor.py:925} INFO - DAG(s) 'example_xcom_args_with_operators', 'example_xcom_args' retrieved from /Users/andreasanditya/Downloads/572392_Andreas_AirflowETL/code/.venv/lib/python3.9/site-packages/airflow/example_dags/example_xcomargs.py
[2026-09-18T11:38:04.991+0700] {logging_mixin.py:190} INFO - [2026-09-18T11:38:04.991+0700] {dag.py:3239} INFO - Sync 2 DAGs
[2026-09-18T11:38:04.997+0700] {logging_mixin.py:190} INFO - [2026-09-18T11:38:04.997+0700] {dag.py:4180} INFO - Setting next_dagrun for example_xcom_args to None, run_after=None
[2026-09-18T11:38:04.999+0700] {logging_mixin.py:190} INFO - [2026-09-18T11:38:04.999+0700] {dag.py:4180} INFO - Setting next_dagrun for example_xcom_args_with_operators to None, run_after=None
[2026-09-18T11:38:05.008+0700] {processor.py:208} INFO - Processing /Users/andreasanditya/Downloads/572392_Andreas_AirflowETL/code/.venv/lib/python3.9/site-packages/airflow/example_dags/example_xcomargs.py took 0.125 seconds
[2026-09-18T11:39:31.415+0700] {processor.py:186} INFO - Started process (PID=24739) to work on /Users/andreasanditya/Downloads/572392_Andreas_AirflowETL/code/.venv/lib/python3.9/site-packages/airflow/example_dags/example_xcomargs.py
[2026-09-18T11:39:31.416+0700] {processor.py:914} INFO - Processing file /Users/andreasanditya/Downloads/572392_Andreas_AirflowETL/code/.venv/lib/python3.9/site-packages/airflow/example_dags/example_xcomargs.py for tasks to queue
[2026-09-18T11:39:31.417+0700] {logging_mixin.py:190} INFO - [2026-09-18T11:39:31.417+0700] {dagbag.py:588} INFO - Filling up the DagBag from /Users/andreasanditya/Downloads/572392_Andreas_AirflowETL/code/.venv/lib/python3.9/site-packages/airflow/example_dags/example_xcomargs.py
[2026-09-18T11:39:31.467+0700] {processor.py:925} INFO - DAG(s) 'example_xcom_args_with_operators', 'example_xcom_args' retrieved from /Users/andreasanditya/Downloads/572392_Andreas_AirflowETL/code/.venv/lib/python3.9/site-packages/airflow/example_dags/example_xcomargs.py
[2026-09-18T11:39:31.528+0700] {logging_mixin.py:190} INFO - [2026-09-18T11:39:31.528+0700] {dag.py:3239} INFO - Sync 2 DAGs
[2026-09-18T11:39:31.535+0700] {logging_mixin.py:190} INFO - [2026-09-18T11:39:31.535+0700] {dag.py:4180} INFO - Setting next_dagrun for example_xcom_args to None, run_after=None
[2026-09-18T11:39:31.537+0700] {logging_mixin.py:190} INFO - [2026-09-18T11:39:31.537+0700] {dag.py:4180} INFO - Setting next_dagrun for example_xcom_args_with_operators to None, run_after=None
[2026-09-18T11:39:31.546+0700] {processor.py:208} INFO - Processing /Users/andreasanditya/Downloads/572392_Andreas_AirflowETL/code/.venv/lib/python3.9/site-packages/airflow/example_dags/example_xcomargs.py took 0.133 seconds
[2026-09-18T11:40:59.734+0700] {processor.py:186} INFO - Started process (PID=25601) to work on /Users/andreasanditya/Downloads/572392_Andreas_AirflowETL/code/.venv/lib/python3.9/site-packages/airflow/example_dags/example_xcomargs.py
[2026-09-18T11:40:59.736+0700] {processor.py:914} INFO - Processing file /Users/andreasanditya/Downloads/572392_Andreas_AirflowETL/code/.venv/lib/python3.9/site-packages/airflow/example_dags/example_xcomargs.py for tasks to queue
[2026-09-18T11:40:59.736+0700] {logging_mixin.py:190} INFO - [2026-09-18T11:40:59.736+0700] {dagbag.py:588} INFO - Filling up the DagBag from /Users/andreasanditya/Downloads/572392_Andreas_AirflowETL/code/.venv/lib/python3.9/site-packages/airflow/example_dags/example_xcomargs.py
[2026-09-18T11:40:59.788+0700] {processor.py:925} INFO - DAG(s) 'example_xcom_args_with_operators', 'example_xcom_args' retrieved from /Users/andreasanditya/Downloads/572392_Andreas_AirflowETL/code/.venv/lib/python3.9/site-packages/airflow/example_dags/example_xcomargs.py
[2026-09-18T11:40:59.852+0700] {logging_mixin.py:190} INFO - [2026-09-18T11:40:59.851+0700] {dag.py:3239} INFO - Sync 2 DAGs
[2026-09-18T11:40:59.859+0700] {logging_mixin.py:190} INFO - [2026-09-18T11:40:59.858+0700] {dag.py:4180} INFO - Setting next_dagrun for example_xcom_args to None, run_after=None
[2026-09-18T11:40:59.860+0700] {logging_mixin.py:190} INFO - [2026-09-18T11:40:59.860+0700] {dag.py:4180} INFO - Setting next_dagrun for example_xcom_args_with_operators to None, run_after=None
[2026-09-18T11:40:59.870+0700] {processor.py:208} INFO - Processing /Users/andreasanditya/Downloads/572392_Andreas_AirflowETL/code/.venv/lib/python3.9/site-packages/airflow/example_dags/example_xcomargs.py took 0.138 seconds
[2026-09-18T11:42:31.384+0700] {processor.py:186} INFO - Started process (PID=26533) to work on /Users/andreasanditya/Downloads/572392_Andreas_AirflowETL/code/.venv/lib/python3.9/site-packages/airflow/example_dags/example_xcomargs.py
[2026-09-18T11:42:31.387+0700] {processor.py:914} INFO - Processing file /Users/andreasanditya/Downloads/572392_Andreas_AirflowETL/code/.venv/lib/python3.9/site-packages/airflow/example_dags/example_xcomargs.py for tasks to queue
[2026-09-18T11:42:31.387+0700] {logging_mixin.py:190} INFO - [2026-09-18T11:42:31.387+0700] {dagbag.py:588} INFO - Filling up the DagBag from /Users/andreasanditya/Downloads/572392_Andreas_AirflowETL/code/.venv/lib/python3.9/site-packages/airflow/example_dags/example_xcomargs.py
[2026-09-18T11:42:31.436+0700] {processor.py:925} INFO - DAG(s) 'example_xcom_args', 'example_xcom_args_with_operators' retrieved from /Users/andreasanditya/Downloads/572392_Andreas_AirflowETL/code/.venv/lib/python3.9/site-packages/airflow/example_dags/example_xcomargs.py
[2026-09-18T11:42:31.497+0700] {logging_mixin.py:190} INFO - [2026-09-18T11:42:31.497+0700] {dag.py:3239} INFO - Sync 2 DAGs
[2026-09-18T11:42:31.503+0700] {logging_mixin.py:190} INFO - [2026-09-18T11:42:31.503+0700] {dag.py:4180} INFO - Setting next_dagrun for example_xcom_args to None, run_after=None
[2026-09-18T11:42:31.505+0700] {logging_mixin.py:190} INFO - [2026-09-18T11:42:31.505+0700] {dag.py:4180} INFO - Setting next_dagrun for example_xcom_args_with_operators to None, run_after=None
[2026-09-18T11:42:31.515+0700] {processor.py:208} INFO - Processing /Users/andreasanditya/Downloads/572392_Andreas_AirflowETL/code/.venv/lib/python3.9/site-packages/airflow/example_dags/example_xcomargs.py took 0.132 seconds
[2026-09-18T11:43:58.238+0700] {processor.py:186} INFO - Started process (PID=27445) to work on /Users/andreasanditya/Downloads/572392_Andreas_AirflowETL/code/.venv/lib/python3.9/site-packages/airflow/example_dags/example_xcomargs.py
[2026-09-18T11:43:58.240+0700] {processor.py:914} INFO - Processing file /Users/andreasanditya/Downloads/572392_Andreas_AirflowETL/code/.venv/lib/python3.9/site-packages/airflow/example_dags/example_xcomargs.py for tasks to queue
[2026-09-18T11:43:58.241+0700] {logging_mixin.py:190} INFO - [2026-09-18T11:43:58.241+0700] {dagbag.py:588} INFO - Filling up the DagBag from /Users/andreasanditya/Downloads/572392_Andreas_AirflowETL/code/.venv/lib/python3.9/site-packages/airflow/example_dags/example_xcomargs.py
[2026-09-18T11:43:58.286+0700] {processor.py:925} INFO - DAG(s) 'example_xcom_args', 'example_xcom_args_with_operators' retrieved from /Users/andreasanditya/Downloads/572392_Andreas_AirflowETL/code/.venv/lib/python3.9/site-packages/airflow/example_dags/example_xcomargs.py
[2026-09-18T11:43:58.346+0700] {logging_mixin.py:190} INFO - [2026-09-18T11:43:58.346+0700] {dag.py:3239} INFO - Sync 2 DAGs
[2026-09-18T11:43:58.352+0700] {logging_mixin.py:190} INFO - [2026-09-18T11:43:58.352+0700] {dag.py:4180} INFO - Setting next_dagrun for example_xcom_args to None, run_after=None
[2026-09-18T11:43:58.353+0700] {logging_mixin.py:190} INFO - [2026-09-18T11:43:58.353+0700] {dag.py:4180} INFO - Setting next_dagrun for example_xcom_args_with_operators to None, run_after=None
[2026-09-18T11:43:58.362+0700] {processor.py:208} INFO - Processing /Users/andreasanditya/Downloads/572392_Andreas_AirflowETL/code/.venv/lib/python3.9/site-packages/airflow/example_dags/example_xcomargs.py took 0.126 seconds
[2026-09-18T11:45:25.780+0700] {processor.py:186} INFO - Started process (PID=28347) to work on /Users/andreasanditya/Downloads/572392_Andreas_AirflowETL/code/.venv/lib/python3.9/site-packages/airflow/example_dags/example_xcomargs.py
[2026-09-18T11:45:25.781+0700] {processor.py:914} INFO - Processing file /Users/andreasanditya/Downloads/572392_Andreas_AirflowETL/code/.venv/lib/python3.9/site-packages/airflow/example_dags/example_xcomargs.py for tasks to queue
[2026-09-18T11:45:25.782+0700] {logging_mixin.py:190} INFO - [2026-09-18T11:45:25.782+0700] {dagbag.py:588} INFO - Filling up the DagBag from /Users/andreasanditya/Downloads/572392_Andreas_AirflowETL/code/.venv/lib/python3.9/site-packages/airflow/example_dags/example_xcomargs.py
[2026-09-18T11:45:25.828+0700] {processor.py:925} INFO - DAG(s) 'example_xcom_args', 'example_xcom_args_with_operators' retrieved from /Users/andreasanditya/Downloads/572392_Andreas_AirflowETL/code/.venv/lib/python3.9/site-packages/airflow/example_dags/example_xcomargs.py
[2026-09-18T11:45:25.889+0700] {logging_mixin.py:190} INFO - [2026-09-18T11:45:25.889+0700] {dag.py:3239} INFO - Sync 2 DAGs
[2026-09-18T11:45:25.896+0700] {logging_mixin.py:190} INFO - [2026-09-18T11:45:25.895+0700] {dag.py:4180} INFO - Setting next_dagrun for example_xcom_args to None, run_after=None
[2026-09-18T11:45:25.897+0700] {logging_mixin.py:190} INFO - [2026-09-18T11:45:25.897+0700] {dag.py:4180} INFO - Setting next_dagrun for example_xcom_args_with_operators to None, run_after=None
[2026-09-18T11:45:25.906+0700] {processor.py:208} INFO - Processing /Users/andreasanditya/Downloads/572392_Andreas_AirflowETL/code/.venv/lib/python3.9/site-packages/airflow/example_dags/example_xcomargs.py took 0.128 seconds
[2026-09-18T11:46:51.687+0700] {processor.py:186} INFO - Started process (PID=29155) to work on /Users/andreasanditya/Downloads/572392_Andreas_AirflowETL/code/.venv/lib/python3.9/site-packages/airflow/example_dags/example_xcomargs.py
[2026-09-18T11:46:51.688+0700] {processor.py:914} INFO - Processing file /Users/andreasanditya/Downloads/572392_Andreas_AirflowETL/code/.venv/lib/python3.9/site-packages/airflow/example_dags/example_xcomargs.py for tasks to queue
[2026-09-18T11:46:51.689+0700] {logging_mixin.py:190} INFO - [2026-09-18T11:46:51.689+0700] {dagbag.py:588} INFO - Filling up the DagBag from /Users/andreasanditya/Downloads/572392_Andreas_AirflowETL/code/.venv/lib/python3.9/site-packages/airflow/example_dags/example_xcomargs.py
[2026-09-18T11:46:51.736+0700] {processor.py:925} INFO - DAG(s) 'example_xcom_args_with_operators', 'example_xcom_args' retrieved from /Users/andreasanditya/Downloads/572392_Andreas_AirflowETL/code/.venv/lib/python3.9/site-packages/airflow/example_dags/example_xcomargs.py
[2026-09-18T11:46:51.797+0700] {logging_mixin.py:190} INFO - [2026-09-18T11:46:51.797+0700] {dag.py:3239} INFO - Sync 2 DAGs
[2026-09-18T11:46:51.803+0700] {logging_mixin.py:190} INFO - [2026-09-18T11:46:51.803+0700] {dag.py:4180} INFO - Setting next_dagrun for example_xcom_args to None, run_after=None
[2026-09-18T11:46:51.805+0700] {logging_mixin.py:190} INFO - [2026-09-18T11:46:51.805+0700] {dag.py:4180} INFO - Setting next_dagrun for example_xcom_args_with_operators to None, run_after=None
[2026-09-18T11:46:51.814+0700] {processor.py:208} INFO - Processing /Users/andreasanditya/Downloads/572392_Andreas_AirflowETL/code/.venv/lib/python3.9/site-packages/airflow/example_dags/example_xcomargs.py took 0.129 seconds
[2026-09-18T11:48:18.822+0700] {processor.py:186} INFO - Started process (PID=30069) to work on /Users/andreasanditya/Downloads/572392_Andreas_AirflowETL/code/.venv/lib/python3.9/site-packages/airflow/example_dags/example_xcomargs.py
[2026-09-18T11:48:18.823+0700] {processor.py:914} INFO - Processing file /Users/andreasanditya/Downloads/572392_Andreas_AirflowETL/code/.venv/lib/python3.9/site-packages/airflow/example_dags/example_xcomargs.py for tasks to queue
[2026-09-18T11:48:18.824+0700] {logging_mixin.py:190} INFO - [2026-09-18T11:48:18.823+0700] {dagbag.py:588} INFO - Filling up the DagBag from /Users/andreasanditya/Downloads/572392_Andreas_AirflowETL/code/.venv/lib/python3.9/site-packages/airflow/example_dags/example_xcomargs.py
[2026-09-18T11:48:18.869+0700] {processor.py:925} INFO - DAG(s) 'example_xcom_args', 'example_xcom_args_with_operators' retrieved from /Users/andreasanditya/Downloads/572392_Andreas_AirflowETL/code/.venv/lib/python3.9/site-packages/airflow/example_dags/example_xcomargs.py
[2026-09-18T11:48:18.930+0700] {logging_mixin.py:190} INFO - [2026-09-18T11:48:18.930+0700] {dag.py:3239} INFO - Sync 2 DAGs
[2026-09-18T11:48:18.936+0700] {logging_mixin.py:190} INFO - [2026-09-18T11:48:18.936+0700] {dag.py:4180} INFO - Setting next_dagrun for example_xcom_args to None, run_after=None
[2026-09-18T11:48:18.937+0700] {logging_mixin.py:190} INFO - [2026-09-18T11:48:18.937+0700] {dag.py:4180} INFO - Setting next_dagrun for example_xcom_args_with_operators to None, run_after=None
[2026-09-18T11:48:18.946+0700] {processor.py:208} INFO - Processing /Users/andreasanditya/Downloads/572392_Andreas_AirflowETL/code/.venv/lib/python3.9/site-packages/airflow/example_dags/example_xcomargs.py took 0.127 seconds
[2026-09-18T11:49:45.668+0700] {processor.py:186} INFO - Started process (PID=30918) to work on /Users/andreasanditya/Downloads/572392_Andreas_AirflowETL/code/.venv/lib/python3.9/site-packages/airflow/example_dags/example_xcomargs.py
[2026-09-18T11:49:45.669+0700] {processor.py:914} INFO - Processing file /Users/andreasanditya/Downloads/572392_Andreas_AirflowETL/code/.venv/lib/python3.9/site-packages/airflow/example_dags/example_xcomargs.py for tasks to queue
[2026-09-18T11:49:45.670+0700] {logging_mixin.py:190} INFO - [2026-09-18T11:49:45.670+0700] {dagbag.py:588} INFO - Filling up the DagBag from /Users/andreasanditya/Downloads/572392_Andreas_AirflowETL/code/.venv/lib/python3.9/site-packages/airflow/example_dags/example_xcomargs.py
[2026-09-18T11:49:45.717+0700] {processor.py:925} INFO - DAG(s) 'example_xcom_args', 'example_xcom_args_with_operators' retrieved from /Users/andreasanditya/Downloads/572392_Andreas_AirflowETL/code/.venv/lib/python3.9/site-packages/airflow/example_dags/example_xcomargs.py
[2026-09-18T11:49:45.779+0700] {logging_mixin.py:190} INFO - [2026-09-18T11:49:45.779+0700] {dag.py:3239} INFO - Sync 2 DAGs
[2026-09-18T11:49:45.785+0700] {logging_mixin.py:190} INFO - [2026-09-18T11:49:45.785+0700] {dag.py:4180} INFO - Setting next_dagrun for example_xcom_args to None, run_after=None
[2026-09-18T11:49:45.787+0700] {logging_mixin.py:190} INFO - [2026-09-18T11:49:45.787+0700] {dag.py:4180} INFO - Setting next_dagrun for example_xcom_args_with_operators to None, run_after=None
[2026-09-18T11:49:45.797+0700] {processor.py:208} INFO - Processing /Users/andreasanditya/Downloads/572392_Andreas_AirflowETL/code/.venv/lib/python3.9/site-packages/airflow/example_dags/example_xcomargs.py took 0.131 seconds
[2026-09-18T11:51:10.280+0700] {processor.py:186} INFO - Started process (PID=31821) to work on /Users/andreasanditya/Downloads/572392_Andreas_AirflowETL/code/.venv/lib/python3.9/site-packages/airflow/example_dags/example_xcomargs.py
[2026-09-18T11:51:10.281+0700] {processor.py:914} INFO - Processing file /Users/andreasanditya/Downloads/572392_Andreas_AirflowETL/code/.venv/lib/python3.9/site-packages/airflow/example_dags/example_xcomargs.py for tasks to queue
[2026-09-18T11:51:10.281+0700] {logging_mixin.py:190} INFO - [2026-09-18T11:51:10.281+0700] {dagbag.py:588} INFO - Filling up the DagBag from /Users/andreasanditya/Downloads/572392_Andreas_AirflowETL/code/.venv/lib/python3.9/site-packages/airflow/example_dags/example_xcomargs.py
[2026-09-18T11:51:10.327+0700] {processor.py:925} INFO - DAG(s) 'example_xcom_args_with_operators', 'example_xcom_args' retrieved from /Users/andreasanditya/Downloads/572392_Andreas_AirflowETL/code/.venv/lib/python3.9/site-packages/airflow/example_dags/example_xcomargs.py
[2026-09-18T11:51:10.390+0700] {logging_mixin.py:190} INFO - [2026-09-18T11:51:10.390+0700] {dag.py:3239} INFO - Sync 2 DAGs
[2026-09-18T11:51:10.396+0700] {logging_mixin.py:190} INFO - [2026-09-18T11:51:10.396+0700] {dag.py:4180} INFO - Setting next_dagrun for example_xcom_args to None, run_after=None
[2026-09-18T11:51:10.398+0700] {logging_mixin.py:190} INFO - [2026-09-18T11:51:10.398+0700] {dag.py:4180} INFO - Setting next_dagrun for example_xcom_args_with_operators to None, run_after=None
[2026-09-18T11:51:10.407+0700] {processor.py:208} INFO - Processing /Users/andreasanditya/Downloads/572392_Andreas_AirflowETL/code/.venv/lib/python3.9/site-packages/airflow/example_dags/example_xcomargs.py took 0.130 seconds
[2026-09-18T11:52:36.495+0700] {processor.py:186} INFO - Started process (PID=32632) to work on /Users/andreasanditya/Downloads/572392_Andreas_AirflowETL/code/.venv/lib/python3.9/site-packages/airflow/example_dags/example_xcomargs.py
[2026-09-18T11:52:36.496+0700] {processor.py:914} INFO - Processing file /Users/andreasanditya/Downloads/572392_Andreas_AirflowETL/code/.venv/lib/python3.9/site-packages/airflow/example_dags/example_xcomargs.py for tasks to queue
[2026-09-18T11:52:36.497+0700] {logging_mixin.py:190} INFO - [2026-09-18T11:52:36.497+0700] {dagbag.py:588} INFO - Filling up the DagBag from /Users/andreasanditya/Downloads/572392_Andreas_AirflowETL/code/.venv/lib/python3.9/site-packages/airflow/example_dags/example_xcomargs.py
[2026-09-18T11:52:36.542+0700] {processor.py:925} INFO - DAG(s) 'example_xcom_args_with_operators', 'example_xcom_args' retrieved from /Users/andreasanditya/Downloads/572392_Andreas_AirflowETL/code/.venv/lib/python3.9/site-packages/airflow/example_dags/example_xcomargs.py
[2026-09-18T11:52:36.604+0700] {logging_mixin.py:190} INFO - [2026-09-18T11:52:36.604+0700] {dag.py:3239} INFO - Sync 2 DAGs
[2026-09-18T11:52:36.610+0700] {logging_mixin.py:190} INFO - [2026-09-18T11:52:36.610+0700] {dag.py:4180} INFO - Setting next_dagrun for example_xcom_args to None, run_after=None
[2026-09-18T11:52:36.612+0700] {logging_mixin.py:190} INFO - [2026-09-18T11:52:36.612+0700] {dag.py:4180} INFO - Setting next_dagrun for example_xcom_args_with_operators to None, run_after=None
[2026-09-18T11:52:36.621+0700] {processor.py:208} INFO - Processing /Users/andreasanditya/Downloads/572392_Andreas_AirflowETL/code/.venv/lib/python3.9/site-packages/airflow/example_dags/example_xcomargs.py took 0.128 seconds
[2026-09-18T11:54:03.557+0700] {processor.py:186} INFO - Started process (PID=33535) to work on /Users/andreasanditya/Downloads/572392_Andreas_AirflowETL/code/.venv/lib/python3.9/site-packages/airflow/example_dags/example_xcomargs.py
[2026-09-18T11:54:03.560+0700] {processor.py:914} INFO - Processing file /Users/andreasanditya/Downloads/572392_Andreas_AirflowETL/code/.venv/lib/python3.9/site-packages/airflow/example_dags/example_xcomargs.py for tasks to queue
[2026-09-18T11:54:03.561+0700] {logging_mixin.py:190} INFO - [2026-09-18T11:54:03.561+0700] {dagbag.py:588} INFO - Filling up the DagBag from /Users/andreasanditya/Downloads/572392_Andreas_AirflowETL/code/.venv/lib/python3.9/site-packages/airflow/example_dags/example_xcomargs.py
[2026-09-18T11:54:03.607+0700] {processor.py:925} INFO - DAG(s) 'example_xcom_args', 'example_xcom_args_with_operators' retrieved from /Users/andreasanditya/Downloads/572392_Andreas_AirflowETL/code/.venv/lib/python3.9/site-packages/airflow/example_dags/example_xcomargs.py
[2026-09-18T11:54:03.672+0700] {logging_mixin.py:190} INFO - [2026-09-18T11:54:03.672+0700] {dag.py:3239} INFO - Sync 2 DAGs
[2026-09-18T11:54:03.678+0700] {logging_mixin.py:190} INFO - [2026-09-18T11:54:03.678+0700] {dag.py:4180} INFO - Setting next_dagrun for example_xcom_args to None, run_after=None
[2026-09-18T11:54:03.680+0700] {logging_mixin.py:190} INFO - [2026-09-18T11:54:03.680+0700] {dag.py:4180} INFO - Setting next_dagrun for example_xcom_args_with_operators to None, run_after=None
[2026-09-18T11:54:03.689+0700] {processor.py:208} INFO - Processing /Users/andreasanditya/Downloads/572392_Andreas_AirflowETL/code/.venv/lib/python3.9/site-packages/airflow/example_dags/example_xcomargs.py took 0.134 seconds
[2026-09-18T11:55:30.857+0700] {processor.py:186} INFO - Started process (PID=34384) to work on /Users/andreasanditya/Downloads/572392_Andreas_AirflowETL/code/.venv/lib/python3.9/site-packages/airflow/example_dags/example_xcomargs.py
[2026-09-18T11:55:30.858+0700] {processor.py:914} INFO - Processing file /Users/andreasanditya/Downloads/572392_Andreas_AirflowETL/code/.venv/lib/python3.9/site-packages/airflow/example_dags/example_xcomargs.py for tasks to queue
[2026-09-18T11:55:30.859+0700] {logging_mixin.py:190} INFO - [2026-09-18T11:55:30.859+0700] {dagbag.py:588} INFO - Filling up the DagBag from /Users/andreasanditya/Downloads/572392_Andreas_AirflowETL/code/.venv/lib/python3.9/site-packages/airflow/example_dags/example_xcomargs.py
[2026-09-18T11:55:30.905+0700] {processor.py:925} INFO - DAG(s) 'example_xcom_args', 'example_xcom_args_with_operators' retrieved from /Users/andreasanditya/Downloads/572392_Andreas_AirflowETL/code/.venv/lib/python3.9/site-packages/airflow/example_dags/example_xcomargs.py
[2026-09-18T11:55:30.964+0700] {logging_mixin.py:190} INFO - [2026-09-18T11:55:30.964+0700] {dag.py:3239} INFO - Sync 2 DAGs
[2026-09-18T11:55:30.970+0700] {logging_mixin.py:190} INFO - [2026-09-18T11:55:30.970+0700] {dag.py:4180} INFO - Setting next_dagrun for example_xcom_args to None, run_after=None
[2026-09-18T11:55:30.971+0700] {logging_mixin.py:190} INFO - [2026-09-18T11:55:30.971+0700] {dag.py:4180} INFO - Setting next_dagrun for example_xcom_args_with_operators to None, run_after=None
[2026-09-18T11:55:30.980+0700] {processor.py:208} INFO - Processing /Users/andreasanditya/Downloads/572392_Andreas_AirflowETL/code/.venv/lib/python3.9/site-packages/airflow/example_dags/example_xcomargs.py took 0.125 seconds
[2026-09-18T11:56:58.101+0700] {processor.py:186} INFO - Started process (PID=35292) to work on /Users/andreasanditya/Downloads/572392_Andreas_AirflowETL/code/.venv/lib/python3.9/site-packages/airflow/example_dags/example_xcomargs.py
[2026-09-18T11:56:58.103+0700] {processor.py:914} INFO - Processing file /Users/andreasanditya/Downloads/572392_Andreas_AirflowETL/code/.venv/lib/python3.9/site-packages/airflow/example_dags/example_xcomargs.py for tasks to queue
[2026-09-18T11:56:58.104+0700] {logging_mixin.py:190} INFO - [2026-09-18T11:56:58.104+0700] {dagbag.py:588} INFO - Filling up the DagBag from /Users/andreasanditya/Downloads/572392_Andreas_AirflowETL/code/.venv/lib/python3.9/site-packages/airflow/example_dags/example_xcomargs.py
[2026-09-18T11:56:58.153+0700] {processor.py:925} INFO - DAG(s) 'example_xcom_args', 'example_xcom_args_with_operators' retrieved from /Users/andreasanditya/Downloads/572392_Andreas_AirflowETL/code/.venv/lib/python3.9/site-packages/airflow/example_dags/example_xcomargs.py
[2026-09-18T11:56:58.213+0700] {logging_mixin.py:190} INFO - [2026-09-18T11:56:58.213+0700] {dag.py:3239} INFO - Sync 2 DAGs
[2026-09-18T11:56:58.219+0700] {logging_mixin.py:190} INFO - [2026-09-18T11:56:58.219+0700] {dag.py:4180} INFO - Setting next_dagrun for example_xcom_args to None, run_after=None
[2026-09-18T11:56:58.220+0700] {logging_mixin.py:190} INFO - [2026-09-18T11:56:58.220+0700] {dag.py:4180} INFO - Setting next_dagrun for example_xcom_args_with_operators to None, run_after=None
[2026-09-18T11:56:58.229+0700] {processor.py:208} INFO - Processing /Users/andreasanditya/Downloads/572392_Andreas_AirflowETL/code/.venv/lib/python3.9/site-packages/airflow/example_dags/example_xcomargs.py took 0.130 seconds
[2026-09-18T11:58:24.916+0700] {processor.py:186} INFO - Started process (PID=36122) to work on /Users/andreasanditya/Downloads/572392_Andreas_AirflowETL/code/.venv/lib/python3.9/site-packages/airflow/example_dags/example_xcomargs.py
[2026-09-18T11:58:24.917+0700] {processor.py:914} INFO - Processing file /Users/andreasanditya/Downloads/572392_Andreas_AirflowETL/code/.venv/lib/python3.9/site-packages/airflow/example_dags/example_xcomargs.py for tasks to queue
[2026-09-18T11:58:24.918+0700] {logging_mixin.py:190} INFO - [2026-09-18T11:58:24.918+0700] {dagbag.py:588} INFO - Filling up the DagBag from /Users/andreasanditya/Downloads/572392_Andreas_AirflowETL/code/.venv/lib/python3.9/site-packages/airflow/example_dags/example_xcomargs.py
[2026-09-18T11:58:24.964+0700] {processor.py:925} INFO - DAG(s) 'example_xcom_args', 'example_xcom_args_with_operators' retrieved from /Users/andreasanditya/Downloads/572392_Andreas_AirflowETL/code/.venv/lib/python3.9/site-packages/airflow/example_dags/example_xcomargs.py
[2026-09-18T11:58:25.027+0700] {logging_mixin.py:190} INFO - [2026-09-18T11:58:25.026+0700] {dag.py:3239} INFO - Sync 2 DAGs
[2026-09-18T11:58:25.033+0700] {logging_mixin.py:190} INFO - [2026-09-18T11:58:25.033+0700] {dag.py:4180} INFO - Setting next_dagrun for example_xcom_args to None, run_after=None
[2026-09-18T11:58:25.034+0700] {logging_mixin.py:190} INFO - [2026-09-18T11:58:25.034+0700] {dag.py:4180} INFO - Setting next_dagrun for example_xcom_args_with_operators to None, run_after=None
[2026-09-18T11:58:25.043+0700] {processor.py:208} INFO - Processing /Users/andreasanditya/Downloads/572392_Andreas_AirflowETL/code/.venv/lib/python3.9/site-packages/airflow/example_dags/example_xcomargs.py took 0.128 seconds
[2026-09-18T11:59:48.946+0700] {processor.py:186} INFO - Started process (PID=37016) to work on /Users/andreasanditya/Downloads/572392_Andreas_AirflowETL/code/.venv/lib/python3.9/site-packages/airflow/example_dags/example_xcomargs.py
[2026-09-18T11:59:48.947+0700] {processor.py:914} INFO - Processing file /Users/andreasanditya/Downloads/572392_Andreas_AirflowETL/code/.venv/lib/python3.9/site-packages/airflow/example_dags/example_xcomargs.py for tasks to queue
[2026-09-18T11:59:48.947+0700] {logging_mixin.py:190} INFO - [2026-09-18T11:59:48.947+0700] {dagbag.py:588} INFO - Filling up the DagBag from /Users/andreasanditya/Downloads/572392_Andreas_AirflowETL/code/.venv/lib/python3.9/site-packages/airflow/example_dags/example_xcomargs.py
[2026-09-18T11:59:48.995+0700] {processor.py:925} INFO - DAG(s) 'example_xcom_args', 'example_xcom_args_with_operators' retrieved from /Users/andreasanditya/Downloads/572392_Andreas_AirflowETL/code/.venv/lib/python3.9/site-packages/airflow/example_dags/example_xcomargs.py
[2026-09-18T11:59:49.055+0700] {logging_mixin.py:190} INFO - [2026-09-18T11:59:49.055+0700] {dag.py:3239} INFO - Sync 2 DAGs
[2026-09-18T11:59:49.061+0700] {logging_mixin.py:190} INFO - [2026-09-18T11:59:49.061+0700] {dag.py:4180} INFO - Setting next_dagrun for example_xcom_args to None, run_after=None
[2026-09-18T11:59:49.062+0700] {logging_mixin.py:190} INFO - [2026-09-18T11:59:49.062+0700] {dag.py:4180} INFO - Setting next_dagrun for example_xcom_args_with_operators to None, run_after=None
[2026-09-18T11:59:49.071+0700] {processor.py:208} INFO - Processing /Users/andreasanditya/Downloads/572392_Andreas_AirflowETL/code/.venv/lib/python3.9/site-packages/airflow/example_dags/example_xcomargs.py took 0.128 seconds
[2026-09-18T12:01:15.748+0700] {processor.py:186} INFO - Started process (PID=37855) to work on /Users/andreasanditya/Downloads/572392_Andreas_AirflowETL/code/.venv/lib/python3.9/site-packages/airflow/example_dags/example_xcomargs.py
[2026-09-18T12:01:15.749+0700] {processor.py:914} INFO - Processing file /Users/andreasanditya/Downloads/572392_Andreas_AirflowETL/code/.venv/lib/python3.9/site-packages/airflow/example_dags/example_xcomargs.py for tasks to queue
[2026-09-18T12:01:15.750+0700] {logging_mixin.py:190} INFO - [2026-09-18T12:01:15.750+0700] {dagbag.py:588} INFO - Filling up the DagBag from /Users/andreasanditya/Downloads/572392_Andreas_AirflowETL/code/.venv/lib/python3.9/site-packages/airflow/example_dags/example_xcomargs.py
[2026-09-18T12:01:15.796+0700] {processor.py:925} INFO - DAG(s) 'example_xcom_args', 'example_xcom_args_with_operators' retrieved from /Users/andreasanditya/Downloads/572392_Andreas_AirflowETL/code/.venv/lib/python3.9/site-packages/airflow/example_dags/example_xcomargs.py
[2026-09-18T12:01:15.856+0700] {logging_mixin.py:190} INFO - [2026-09-18T12:01:15.856+0700] {dag.py:3239} INFO - Sync 2 DAGs
[2026-09-18T12:01:15.862+0700] {logging_mixin.py:190} INFO - [2026-09-18T12:01:15.862+0700] {dag.py:4180} INFO - Setting next_dagrun for example_xcom_args to None, run_after=None
[2026-09-18T12:01:15.864+0700] {logging_mixin.py:190} INFO - [2026-09-18T12:01:15.864+0700] {dag.py:4180} INFO - Setting next_dagrun for example_xcom_args_with_operators to None, run_after=None
[2026-09-18T12:01:15.873+0700] {processor.py:208} INFO - Processing /Users/andreasanditya/Downloads/572392_Andreas_AirflowETL/code/.venv/lib/python3.9/site-packages/airflow/example_dags/example_xcomargs.py took 0.126 seconds
[2026-09-18T12:02:43.463+0700] {processor.py:186} INFO - Started process (PID=38783) to work on /Users/andreasanditya/Downloads/572392_Andreas_AirflowETL/code/.venv/lib/python3.9/site-packages/airflow/example_dags/example_xcomargs.py
[2026-09-18T12:02:43.465+0700] {processor.py:914} INFO - Processing file /Users/andreasanditya/Downloads/572392_Andreas_AirflowETL/code/.venv/lib/python3.9/site-packages/airflow/example_dags/example_xcomargs.py for tasks to queue
[2026-09-18T12:02:43.466+0700] {logging_mixin.py:190} INFO - [2026-09-18T12:02:43.465+0700] {dagbag.py:588} INFO - Filling up the DagBag from /Users/andreasanditya/Downloads/572392_Andreas_AirflowETL/code/.venv/lib/python3.9/site-packages/airflow/example_dags/example_xcomargs.py
[2026-09-18T12:02:43.512+0700] {processor.py:925} INFO - DAG(s) 'example_xcom_args_with_operators', 'example_xcom_args' retrieved from /Users/andreasanditya/Downloads/572392_Andreas_AirflowETL/code/.venv/lib/python3.9/site-packages/airflow/example_dags/example_xcomargs.py
[2026-09-18T12:02:43.573+0700] {logging_mixin.py:190} INFO - [2026-09-18T12:02:43.573+0700] {dag.py:3239} INFO - Sync 2 DAGs
[2026-09-18T12:02:43.579+0700] {logging_mixin.py:190} INFO - [2026-09-18T12:02:43.579+0700] {dag.py:4180} INFO - Setting next_dagrun for example_xcom_args to None, run_after=None
[2026-09-18T12:02:43.581+0700] {logging_mixin.py:190} INFO - [2026-09-18T12:02:43.581+0700] {dag.py:4180} INFO - Setting next_dagrun for example_xcom_args_with_operators to None, run_after=None
[2026-09-18T12:02:43.590+0700] {processor.py:208} INFO - Processing /Users/andreasanditya/Downloads/572392_Andreas_AirflowETL/code/.venv/lib/python3.9/site-packages/airflow/example_dags/example_xcomargs.py took 0.129 seconds
[2026-09-18T12:04:10.010+0700] {processor.py:186} INFO - Started process (PID=39694) to work on /Users/andreasanditya/Downloads/572392_Andreas_AirflowETL/code/.venv/lib/python3.9/site-packages/airflow/example_dags/example_xcomargs.py
[2026-09-18T12:04:10.011+0700] {processor.py:914} INFO - Processing file /Users/andreasanditya/Downloads/572392_Andreas_AirflowETL/code/.venv/lib/python3.9/site-packages/airflow/example_dags/example_xcomargs.py for tasks to queue
[2026-09-18T12:04:10.012+0700] {logging_mixin.py:190} INFO - [2026-09-18T12:04:10.012+0700] {dagbag.py:588} INFO - Filling up the DagBag from /Users/andreasanditya/Downloads/572392_Andreas_AirflowETL/code/.venv/lib/python3.9/site-packages/airflow/example_dags/example_xcomargs.py
[2026-09-18T12:04:10.064+0700] {processor.py:925} INFO - DAG(s) 'example_xcom_args_with_operators', 'example_xcom_args' retrieved from /Users/andreasanditya/Downloads/572392_Andreas_AirflowETL/code/.venv/lib/python3.9/site-packages/airflow/example_dags/example_xcomargs.py
[2026-09-18T12:04:10.124+0700] {logging_mixin.py:190} INFO - [2026-09-18T12:04:10.124+0700] {dag.py:3239} INFO - Sync 2 DAGs
[2026-09-18T12:04:10.130+0700] {logging_mixin.py:190} INFO - [2026-09-18T12:04:10.130+0700] {dag.py:4180} INFO - Setting next_dagrun for example_xcom_args to None, run_after=None
[2026-09-18T12:04:10.132+0700] {logging_mixin.py:190} INFO - [2026-09-18T12:04:10.132+0700] {dag.py:4180} INFO - Setting next_dagrun for example_xcom_args_with_operators to None, run_after=None
[2026-09-18T12:04:10.141+0700] {processor.py:208} INFO - Processing /Users/andreasanditya/Downloads/572392_Andreas_AirflowETL/code/.venv/lib/python3.9/site-packages/airflow/example_dags/example_xcomargs.py took 0.133 seconds
[2026-09-18T12:05:36.335+0700] {processor.py:186} INFO - Started process (PID=40507) to work on /Users/andreasanditya/Downloads/572392_Andreas_AirflowETL/code/.venv/lib/python3.9/site-packages/airflow/example_dags/example_xcomargs.py
[2026-09-18T12:05:36.336+0700] {processor.py:914} INFO - Processing file /Users/andreasanditya/Downloads/572392_Andreas_AirflowETL/code/.venv/lib/python3.9/site-packages/airflow/example_dags/example_xcomargs.py for tasks to queue
[2026-09-18T12:05:36.336+0700] {logging_mixin.py:190} INFO - [2026-09-18T12:05:36.336+0700] {dagbag.py:588} INFO - Filling up the DagBag from /Users/andreasanditya/Downloads/572392_Andreas_AirflowETL/code/.venv/lib/python3.9/site-packages/airflow/example_dags/example_xcomargs.py
[2026-09-18T12:05:36.386+0700] {processor.py:925} INFO - DAG(s) 'example_xcom_args', 'example_xcom_args_with_operators' retrieved from /Users/andreasanditya/Downloads/572392_Andreas_AirflowETL/code/.venv/lib/python3.9/site-packages/airflow/example_dags/example_xcomargs.py
[2026-09-18T12:05:36.448+0700] {logging_mixin.py:190} INFO - [2026-09-18T12:05:36.448+0700] {dag.py:3239} INFO - Sync 2 DAGs
[2026-09-18T12:05:36.454+0700] {logging_mixin.py:190} INFO - [2026-09-18T12:05:36.454+0700] {dag.py:4180} INFO - Setting next_dagrun for example_xcom_args to None, run_after=None
[2026-09-18T12:05:36.456+0700] {logging_mixin.py:190} INFO - [2026-09-18T12:05:36.456+0700] {dag.py:4180} INFO - Setting next_dagrun for example_xcom_args_with_operators to None, run_after=None
[2026-09-18T12:05:36.465+0700] {processor.py:208} INFO - Processing /Users/andreasanditya/Downloads/572392_Andreas_AirflowETL/code/.venv/lib/python3.9/site-packages/airflow/example_dags/example_xcomargs.py took 0.132 seconds
[2026-09-18T12:07:04.276+0700] {processor.py:186} INFO - Started process (PID=41425) to work on /Users/andreasanditya/Downloads/572392_Andreas_AirflowETL/code/.venv/lib/python3.9/site-packages/airflow/example_dags/example_xcomargs.py
[2026-09-18T12:07:04.277+0700] {processor.py:914} INFO - Processing file /Users/andreasanditya/Downloads/572392_Andreas_AirflowETL/code/.venv/lib/python3.9/site-packages/airflow/example_dags/example_xcomargs.py for tasks to queue
[2026-09-18T12:07:04.277+0700] {logging_mixin.py:190} INFO - [2026-09-18T12:07:04.277+0700] {dagbag.py:588} INFO - Filling up the DagBag from /Users/andreasanditya/Downloads/572392_Andreas_AirflowETL/code/.venv/lib/python3.9/site-packages/airflow/example_dags/example_xcomargs.py
[2026-09-18T12:07:04.326+0700] {processor.py:925} INFO - DAG(s) 'example_xcom_args_with_operators', 'example_xcom_args' retrieved from /Users/andreasanditya/Downloads/572392_Andreas_AirflowETL/code/.venv/lib/python3.9/site-packages/airflow/example_dags/example_xcomargs.py
[2026-09-18T12:07:04.386+0700] {logging_mixin.py:190} INFO - [2026-09-18T12:07:04.386+0700] {dag.py:3239} INFO - Sync 2 DAGs
[2026-09-18T12:07:04.392+0700] {logging_mixin.py:190} INFO - [2026-09-18T12:07:04.392+0700] {dag.py:4180} INFO - Setting next_dagrun for example_xcom_args to None, run_after=None
[2026-09-18T12:07:04.394+0700] {logging_mixin.py:190} INFO - [2026-09-18T12:07:04.393+0700] {dag.py:4180} INFO - Setting next_dagrun for example_xcom_args_with_operators to None, run_after=None
[2026-09-18T12:07:04.402+0700] {processor.py:208} INFO - Processing /Users/andreasanditya/Downloads/572392_Andreas_AirflowETL/code/.venv/lib/python3.9/site-packages/airflow/example_dags/example_xcomargs.py took 0.129 seconds
[2026-09-18T12:08:31.963+0700] {processor.py:186} INFO - Started process (PID=42251) to work on /Users/andreasanditya/Downloads/572392_Andreas_AirflowETL/code/.venv/lib/python3.9/site-packages/airflow/example_dags/example_xcomargs.py
[2026-09-18T12:08:31.964+0700] {processor.py:914} INFO - Processing file /Users/andreasanditya/Downloads/572392_Andreas_AirflowETL/code/.venv/lib/python3.9/site-packages/airflow/example_dags/example_xcomargs.py for tasks to queue
[2026-09-18T12:08:31.964+0700] {logging_mixin.py:190} INFO - [2026-09-18T12:08:31.964+0700] {dagbag.py:588} INFO - Filling up the DagBag from /Users/andreasanditya/Downloads/572392_Andreas_AirflowETL/code/.venv/lib/python3.9/site-packages/airflow/example_dags/example_xcomargs.py
[2026-09-18T12:08:32.011+0700] {processor.py:925} INFO - DAG(s) 'example_xcom_args', 'example_xcom_args_with_operators' retrieved from /Users/andreasanditya/Downloads/572392_Andreas_AirflowETL/code/.venv/lib/python3.9/site-packages/airflow/example_dags/example_xcomargs.py
[2026-09-18T12:08:32.071+0700] {logging_mixin.py:190} INFO - [2026-09-18T12:08:32.071+0700] {dag.py:3239} INFO - Sync 2 DAGs
[2026-09-18T12:08:32.077+0700] {logging_mixin.py:190} INFO - [2026-09-18T12:08:32.077+0700] {dag.py:4180} INFO - Setting next_dagrun for example_xcom_args to None, run_after=None
[2026-09-18T12:08:32.079+0700] {logging_mixin.py:190} INFO - [2026-09-18T12:08:32.079+0700] {dag.py:4180} INFO - Setting next_dagrun for example_xcom_args_with_operators to None, run_after=None
[2026-09-18T12:08:32.088+0700] {processor.py:208} INFO - Processing /Users/andreasanditya/Downloads/572392_Andreas_AirflowETL/code/.venv/lib/python3.9/site-packages/airflow/example_dags/example_xcomargs.py took 0.127 seconds
[2026-09-18T12:09:58.362+0700] {processor.py:186} INFO - Started process (PID=43170) to work on /Users/andreasanditya/Downloads/572392_Andreas_AirflowETL/code/.venv/lib/python3.9/site-packages/airflow/example_dags/example_xcomargs.py
[2026-09-18T12:09:58.364+0700] {processor.py:914} INFO - Processing file /Users/andreasanditya/Downloads/572392_Andreas_AirflowETL/code/.venv/lib/python3.9/site-packages/airflow/example_dags/example_xcomargs.py for tasks to queue
[2026-09-18T12:09:58.365+0700] {logging_mixin.py:190} INFO - [2026-09-18T12:09:58.365+0700] {dagbag.py:588} INFO - Filling up the DagBag from /Users/andreasanditya/Downloads/572392_Andreas_AirflowETL/code/.venv/lib/python3.9/site-packages/airflow/example_dags/example_xcomargs.py
[2026-09-18T12:09:58.411+0700] {processor.py:925} INFO - DAG(s) 'example_xcom_args', 'example_xcom_args_with_operators' retrieved from /Users/andreasanditya/Downloads/572392_Andreas_AirflowETL/code/.venv/lib/python3.9/site-packages/airflow/example_dags/example_xcomargs.py
[2026-09-18T12:09:58.472+0700] {logging_mixin.py:190} INFO - [2026-09-18T12:09:58.472+0700] {dag.py:3239} INFO - Sync 2 DAGs
[2026-09-18T12:09:58.478+0700] {logging_mixin.py:190} INFO - [2026-09-18T12:09:58.478+0700] {dag.py:4180} INFO - Setting next_dagrun for example_xcom_args to None, run_after=None
[2026-09-18T12:09:58.479+0700] {logging_mixin.py:190} INFO - [2026-09-18T12:09:58.479+0700] {dag.py:4180} INFO - Setting next_dagrun for example_xcom_args_with_operators to None, run_after=None
[2026-09-18T12:09:58.488+0700] {processor.py:208} INFO - Processing /Users/andreasanditya/Downloads/572392_Andreas_AirflowETL/code/.venv/lib/python3.9/site-packages/airflow/example_dags/example_xcomargs.py took 0.129 seconds
[2026-09-18T12:11:24.939+0700] {processor.py:186} INFO - Started process (PID=43993) to work on /Users/andreasanditya/Downloads/572392_Andreas_AirflowETL/code/.venv/lib/python3.9/site-packages/airflow/example_dags/example_xcomargs.py
[2026-09-18T12:11:24.939+0700] {processor.py:914} INFO - Processing file /Users/andreasanditya/Downloads/572392_Andreas_AirflowETL/code/.venv/lib/python3.9/site-packages/airflow/example_dags/example_xcomargs.py for tasks to queue
[2026-09-18T12:11:24.940+0700] {logging_mixin.py:190} INFO - [2026-09-18T12:11:24.940+0700] {dagbag.py:588} INFO - Filling up the DagBag from /Users/andreasanditya/Downloads/572392_Andreas_AirflowETL/code/.venv/lib/python3.9/site-packages/airflow/example_dags/example_xcomargs.py
[2026-09-18T12:11:24.987+0700] {processor.py:925} INFO - DAG(s) 'example_xcom_args', 'example_xcom_args_with_operators' retrieved from /Users/andreasanditya/Downloads/572392_Andreas_AirflowETL/code/.venv/lib/python3.9/site-packages/airflow/example_dags/example_xcomargs.py
[2026-09-18T12:11:25.047+0700] {logging_mixin.py:190} INFO - [2026-09-18T12:11:25.047+0700] {dag.py:3239} INFO - Sync 2 DAGs
[2026-09-18T12:11:25.053+0700] {logging_mixin.py:190} INFO - [2026-09-18T12:11:25.053+0700] {dag.py:4180} INFO - Setting next_dagrun for example_xcom_args to None, run_after=None
[2026-09-18T12:11:25.055+0700] {logging_mixin.py:190} INFO - [2026-09-18T12:11:25.055+0700] {dag.py:4180} INFO - Setting next_dagrun for example_xcom_args_with_operators to None, run_after=None
[2026-09-18T12:11:25.064+0700] {processor.py:208} INFO - Processing /Users/andreasanditya/Downloads/572392_Andreas_AirflowETL/code/.venv/lib/python3.9/site-packages/airflow/example_dags/example_xcomargs.py took 0.128 seconds
[2026-09-18T12:12:55.155+0700] {processor.py:186} INFO - Started process (PID=45553) to work on /Users/andreasanditya/Downloads/572392_Andreas_AirflowETL/code/.venv/lib/python3.9/site-packages/airflow/example_dags/example_xcomargs.py
[2026-09-18T12:12:55.157+0700] {processor.py:914} INFO - Processing file /Users/andreasanditya/Downloads/572392_Andreas_AirflowETL/code/.venv/lib/python3.9/site-packages/airflow/example_dags/example_xcomargs.py for tasks to queue
[2026-09-18T12:12:55.157+0700] {logging_mixin.py:190} INFO - [2026-09-18T12:12:55.157+0700] {dagbag.py:588} INFO - Filling up the DagBag from /Users/andreasanditya/Downloads/572392_Andreas_AirflowETL/code/.venv/lib/python3.9/site-packages/airflow/example_dags/example_xcomargs.py
[2026-09-18T12:12:55.208+0700] {processor.py:925} INFO - DAG(s) 'example_xcom_args', 'example_xcom_args_with_operators' retrieved from /Users/andreasanditya/Downloads/572392_Andreas_AirflowETL/code/.venv/lib/python3.9/site-packages/airflow/example_dags/example_xcomargs.py
[2026-09-18T12:12:55.269+0700] {logging_mixin.py:190} INFO - [2026-09-18T12:12:55.269+0700] {dag.py:3239} INFO - Sync 2 DAGs
[2026-09-18T12:12:55.276+0700] {logging_mixin.py:190} INFO - [2026-09-18T12:12:55.276+0700] {dag.py:4180} INFO - Setting next_dagrun for example_xcom_args to None, run_after=None
[2026-09-18T12:12:55.278+0700] {logging_mixin.py:190} INFO - [2026-09-18T12:12:55.278+0700] {dag.py:4180} INFO - Setting next_dagrun for example_xcom_args_with_operators to None, run_after=None
[2026-09-18T12:12:55.289+0700] {processor.py:208} INFO - Processing /Users/andreasanditya/Downloads/572392_Andreas_AirflowETL/code/.venv/lib/python3.9/site-packages/airflow/example_dags/example_xcomargs.py took 0.136 seconds
[2026-09-18T12:14:23.884+0700] {processor.py:186} INFO - Started process (PID=46654) to work on /Users/andreasanditya/Downloads/572392_Andreas_AirflowETL/code/.venv/lib/python3.9/site-packages/airflow/example_dags/example_xcomargs.py
[2026-09-18T12:14:23.885+0700] {processor.py:914} INFO - Processing file /Users/andreasanditya/Downloads/572392_Andreas_AirflowETL/code/.venv/lib/python3.9/site-packages/airflow/example_dags/example_xcomargs.py for tasks to queue
[2026-09-18T12:14:23.885+0700] {logging_mixin.py:190} INFO - [2026-09-18T12:14:23.885+0700] {dagbag.py:588} INFO - Filling up the DagBag from /Users/andreasanditya/Downloads/572392_Andreas_AirflowETL/code/.venv/lib/python3.9/site-packages/airflow/example_dags/example_xcomargs.py
[2026-09-18T12:14:23.938+0700] {processor.py:925} INFO - DAG(s) 'example_xcom_args', 'example_xcom_args_with_operators' retrieved from /Users/andreasanditya/Downloads/572392_Andreas_AirflowETL/code/.venv/lib/python3.9/site-packages/airflow/example_dags/example_xcomargs.py
[2026-09-18T12:14:24.001+0700] {logging_mixin.py:190} INFO - [2026-09-18T12:14:24.001+0700] {dag.py:3239} INFO - Sync 2 DAGs
[2026-09-18T12:14:24.008+0700] {logging_mixin.py:190} INFO - [2026-09-18T12:14:24.008+0700] {dag.py:4180} INFO - Setting next_dagrun for example_xcom_args to None, run_after=None
[2026-09-18T12:14:24.010+0700] {logging_mixin.py:190} INFO - [2026-09-18T12:14:24.010+0700] {dag.py:4180} INFO - Setting next_dagrun for example_xcom_args_with_operators to None, run_after=None
[2026-09-18T12:14:24.020+0700] {processor.py:208} INFO - Processing /Users/andreasanditya/Downloads/572392_Andreas_AirflowETL/code/.venv/lib/python3.9/site-packages/airflow/example_dags/example_xcomargs.py took 0.138 seconds
