[2026-09-18T11:17:32.956+0700] {processor.py:186} INFO - Started process (PID=10766) to work on /Users/andreasanditya/Downloads/572392_Andreas_AirflowETL/code/.venv/lib/python3.9/site-packages/airflow/example_dags/example_python_decorator.py
[2026-09-18T11:17:32.957+0700] {processor.py:914} INFO - Processing file /Users/andreasanditya/Downloads/572392_Andreas_AirflowETL/code/.venv/lib/python3.9/site-packages/airflow/example_dags/example_python_decorator.py for tasks to queue
[2026-09-18T11:17:32.957+0700] {logging_mixin.py:190} INFO - [2026-09-18T11:17:32.957+0700] {dagbag.py:588} INFO - Filling up the DagBag from /Users/andreasanditya/Downloads/572392_Andreas_AirflowETL/code/.venv/lib/python3.9/site-packages/airflow/example_dags/example_python_decorator.py
[2026-09-18T11:17:33.007+0700] {processor.py:925} INFO - DAG(s) 'example_python_decorator' retrieved from /Users/andreasanditya/Downloads/572392_Andreas_AirflowETL/code/.venv/lib/python3.9/site-packages/airflow/example_dags/example_python_decorator.py
[2026-09-18T11:17:33.115+0700] {logging_mixin.py:190} INFO - [2026-09-18T11:17:33.115+0700] {override.py:1912} INFO - Created Permission View: can delete on DAG:example_python_decorator
[2026-09-18T11:17:33.120+0700] {logging_mixin.py:190} INFO - [2026-09-18T11:17:33.119+0700] {override.py:1912} INFO - Created Permission View: can read on DAG:example_python_decorator
[2026-09-18T11:17:33.123+0700] {logging_mixin.py:190} INFO - [2026-09-18T11:17:33.122+0700] {override.py:1912} INFO - Created Permission View: can edit on DAG:example_python_decorator
[2026-09-18T11:17:33.126+0700] {logging_mixin.py:190} INFO - [2026-09-18T11:17:33.126+0700] {override.py:1912} INFO - Created Permission View: can create on DAG Run:example_python_decorator
[2026-09-18T11:17:33.129+0700] {logging_mixin.py:190} INFO - [2026-09-18T11:17:33.129+0700] {override.py:1912} INFO - Created Permission View: can delete on DAG Run:example_python_decorator
[2026-09-18T11:17:33.132+0700] {logging_mixin.py:190} INFO - [2026-09-18T11:17:33.132+0700] {override.py:1912} INFO - Created Permission View: can read on DAG Run:example_python_decorator
[2026-09-18T11:17:33.135+0700] {logging_mixin.py:190} INFO - [2026-09-18T11:17:33.135+0700] {override.py:1912} INFO - Created Permission View: menu access on DAG Run:example_python_decorator
[2026-09-18T11:17:33.135+0700] {logging_mixin.py:190} INFO - [2026-09-18T11:17:33.135+0700] {dag.py:3239} INFO - Sync 1 DAGs
[2026-09-18T11:17:33.142+0700] {logging_mixin.py:190} INFO - [2026-09-18T11:17:33.142+0700] {dag.py:3262} INFO - Creating ORM DAG for example_python_decorator
[2026-09-18T11:17:33.142+0700] {logging_mixin.py:190} INFO - [2026-09-18T11:17:33.142+0700] {dag.py:4180} INFO - Setting next_dagrun for example_python_decorator to None, run_after=None
[2026-09-18T11:17:33.151+0700] {processor.py:208} INFO - Processing /Users/andreasanditya/Downloads/572392_Andreas_AirflowETL/code/.venv/lib/python3.9/site-packages/airflow/example_dags/example_python_decorator.py took 0.197 seconds
[2026-09-18T11:19:49.331+0700] {processor.py:186} INFO - Started process (PID=12177) to work on /Users/andreasanditya/Downloads/572392_Andreas_AirflowETL/code/.venv/lib/python3.9/site-packages/airflow/example_dags/example_python_decorator.py
[2026-09-18T11:19:49.332+0700] {processor.py:914} INFO - Processing file /Users/andreasanditya/Downloads/572392_Andreas_AirflowETL/code/.venv/lib/python3.9/site-packages/airflow/example_dags/example_python_decorator.py for tasks to queue
[2026-09-18T11:19:49.333+0700] {logging_mixin.py:190} INFO - [2026-09-18T11:19:49.333+0700] {dagbag.py:588} INFO - Filling up the DagBag from /Users/andreasanditya/Downloads/572392_Andreas_AirflowETL/code/.venv/lib/python3.9/site-packages/airflow/example_dags/example_python_decorator.py
[2026-09-18T11:19:49.383+0700] {processor.py:925} INFO - DAG(s) 'example_python_decorator' retrieved from /Users/andreasanditya/Downloads/572392_Andreas_AirflowETL/code/.venv/lib/python3.9/site-packages/airflow/example_dags/example_python_decorator.py
[2026-09-18T11:19:49.495+0700] {logging_mixin.py:190} INFO - [2026-09-18T11:19:49.495+0700] {dag.py:3239} INFO - Sync 1 DAGs
[2026-09-18T11:19:49.501+0700] {logging_mixin.py:190} INFO - [2026-09-18T11:19:49.501+0700] {dag.py:4180} INFO - Setting next_dagrun for example_python_decorator to None, run_after=None
[2026-09-18T11:19:49.511+0700] {processor.py:208} INFO - Processing /Users/andreasanditya/Downloads/572392_Andreas_AirflowETL/code/.venv/lib/python3.9/site-packages/airflow/example_dags/example_python_decorator.py took 0.182 seconds
[2026-09-18T11:23:23.387+0700] {processor.py:186} INFO - Started process (PID=14562) to work on /Users/andreasanditya/Downloads/572392_Andreas_AirflowETL/code/.venv/lib/python3.9/site-packages/airflow/example_dags/example_python_decorator.py
[2026-09-18T11:23:23.387+0700] {processor.py:914} INFO - Processing file /Users/andreasanditya/Downloads/572392_Andreas_AirflowETL/code/.venv/lib/python3.9/site-packages/airflow/example_dags/example_python_decorator.py for tasks to queue
[2026-09-18T11:23:23.388+0700] {logging_mixin.py:190} INFO - [2026-09-18T11:23:23.388+0700] {dagbag.py:588} INFO - Filling up the DagBag from /Users/andreasanditya/Downloads/572392_Andreas_AirflowETL/code/.venv/lib/python3.9/site-packages/airflow/example_dags/example_python_decorator.py
[2026-09-18T11:23:23.444+0700] {processor.py:925} INFO - DAG(s) 'example_python_decorator' retrieved from /Users/andreasanditya/Downloads/572392_Andreas_AirflowETL/code/.venv/lib/python3.9/site-packages/airflow/example_dags/example_python_decorator.py
[2026-09-18T11:23:23.560+0700] {logging_mixin.py:190} INFO - [2026-09-18T11:23:23.560+0700] {dag.py:3239} INFO - Sync 1 DAGs
[2026-09-18T11:23:23.566+0700] {logging_mixin.py:190} INFO - [2026-09-18T11:23:23.565+0700] {dag.py:4180} INFO - Setting next_dagrun for example_python_decorator to None, run_after=None
[2026-09-18T11:23:23.577+0700] {processor.py:208} INFO - Processing /Users/andreasanditya/Downloads/572392_Andreas_AirflowETL/code/.venv/lib/python3.9/site-packages/airflow/example_dags/example_python_decorator.py took 0.192 seconds
[2026-09-18T11:24:46.940+0700] {processor.py:186} INFO - Started process (PID=15463) to work on /Users/andreasanditya/Downloads/572392_Andreas_AirflowETL/code/.venv/lib/python3.9/site-packages/airflow/example_dags/example_python_decorator.py
[2026-09-18T11:24:46.941+0700] {processor.py:914} INFO - Processing file /Users/andreasanditya/Downloads/572392_Andreas_AirflowETL/code/.venv/lib/python3.9/site-packages/airflow/example_dags/example_python_decorator.py for tasks to queue
[2026-09-18T11:24:46.942+0700] {logging_mixin.py:190} INFO - [2026-09-18T11:24:46.942+0700] {dagbag.py:588} INFO - Filling up the DagBag from /Users/andreasanditya/Downloads/572392_Andreas_AirflowETL/code/.venv/lib/python3.9/site-packages/airflow/example_dags/example_python_decorator.py
[2026-09-18T11:24:46.997+0700] {processor.py:925} INFO - DAG(s) 'example_python_decorator' retrieved from /Users/andreasanditya/Downloads/572392_Andreas_AirflowETL/code/.venv/lib/python3.9/site-packages/airflow/example_dags/example_python_decorator.py
[2026-09-18T11:24:47.109+0700] {logging_mixin.py:190} INFO - [2026-09-18T11:24:47.109+0700] {dag.py:3239} INFO - Sync 1 DAGs
[2026-09-18T11:24:47.115+0700] {logging_mixin.py:190} INFO - [2026-09-18T11:24:47.115+0700] {dag.py:4180} INFO - Setting next_dagrun for example_python_decorator to None, run_after=None
[2026-09-18T11:24:47.125+0700] {processor.py:208} INFO - Processing /Users/andreasanditya/Downloads/572392_Andreas_AirflowETL/code/.venv/lib/python3.9/site-packages/airflow/example_dags/example_python_decorator.py took 0.187 seconds
[2026-09-18T11:26:49.632+0700] {processor.py:186} INFO - Started process (PID=16768) to work on /Users/andreasanditya/Downloads/572392_Andreas_AirflowETL/code/.venv/lib/python3.9/site-packages/airflow/example_dags/example_python_decorator.py
[2026-09-18T11:26:49.633+0700] {processor.py:914} INFO - Processing file /Users/andreasanditya/Downloads/572392_Andreas_AirflowETL/code/.venv/lib/python3.9/site-packages/airflow/example_dags/example_python_decorator.py for tasks to queue
[2026-09-18T11:26:49.634+0700] {logging_mixin.py:190} INFO - [2026-09-18T11:26:49.633+0700] {dagbag.py:588} INFO - Filling up the DagBag from /Users/andreasanditya/Downloads/572392_Andreas_AirflowETL/code/.venv/lib/python3.9/site-packages/airflow/example_dags/example_python_decorator.py
[2026-09-18T11:26:49.687+0700] {processor.py:925} INFO - DAG(s) 'example_python_decorator' retrieved from /Users/andreasanditya/Downloads/572392_Andreas_AirflowETL/code/.venv/lib/python3.9/site-packages/airflow/example_dags/example_python_decorator.py
[2026-09-18T11:26:49.798+0700] {logging_mixin.py:190} INFO - [2026-09-18T11:26:49.798+0700] {dag.py:3239} INFO - Sync 1 DAGs
[2026-09-18T11:26:49.803+0700] {logging_mixin.py:190} INFO - [2026-09-18T11:26:49.803+0700] {dag.py:4180} INFO - Setting next_dagrun for example_python_decorator to None, run_after=None
[2026-09-18T11:26:49.814+0700] {processor.py:208} INFO - Processing /Users/andreasanditya/Downloads/572392_Andreas_AirflowETL/code/.venv/lib/python3.9/site-packages/airflow/example_dags/example_python_decorator.py took 0.184 seconds
[2026-09-18T11:28:24.492+0700] {processor.py:186} INFO - Started process (PID=17706) to work on /Users/andreasanditya/Downloads/572392_Andreas_AirflowETL/code/.venv/lib/python3.9/site-packages/airflow/example_dags/example_python_decorator.py
[2026-09-18T11:28:24.493+0700] {processor.py:914} INFO - Processing file /Users/andreasanditya/Downloads/572392_Andreas_AirflowETL/code/.venv/lib/python3.9/site-packages/airflow/example_dags/example_python_decorator.py for tasks to queue
[2026-09-18T11:28:24.494+0700] {logging_mixin.py:190} INFO - [2026-09-18T11:28:24.493+0700] {dagbag.py:588} INFO - Filling up the DagBag from /Users/andreasanditya/Downloads/572392_Andreas_AirflowETL/code/.venv/lib/python3.9/site-packages/airflow/example_dags/example_python_decorator.py
[2026-09-18T11:28:24.546+0700] {processor.py:925} INFO - DAG(s) 'example_python_decorator' retrieved from /Users/andreasanditya/Downloads/572392_Andreas_AirflowETL/code/.venv/lib/python3.9/site-packages/airflow/example_dags/example_python_decorator.py
[2026-09-18T11:28:24.663+0700] {logging_mixin.py:190} INFO - [2026-09-18T11:28:24.662+0700] {dag.py:3239} INFO - Sync 1 DAGs
[2026-09-18T11:28:24.669+0700] {logging_mixin.py:190} INFO - [2026-09-18T11:28:24.668+0700] {dag.py:4180} INFO - Setting next_dagrun for example_python_decorator to None, run_after=None
[2026-09-18T11:28:24.680+0700] {processor.py:208} INFO - Processing /Users/andreasanditya/Downloads/572392_Andreas_AirflowETL/code/.venv/lib/python3.9/site-packages/airflow/example_dags/example_python_decorator.py took 0.190 seconds
[2026-09-18T11:31:22.198+0700] {processor.py:186} INFO - Started process (PID=19490) to work on /Users/andreasanditya/Downloads/572392_Andreas_AirflowETL/code/.venv/lib/python3.9/site-packages/airflow/example_dags/example_python_decorator.py
[2026-09-18T11:31:22.199+0700] {processor.py:914} INFO - Processing file /Users/andreasanditya/Downloads/572392_Andreas_AirflowETL/code/.venv/lib/python3.9/site-packages/airflow/example_dags/example_python_decorator.py for tasks to queue
[2026-09-18T11:31:22.200+0700] {logging_mixin.py:190} INFO - [2026-09-18T11:31:22.200+0700] {dagbag.py:588} INFO - Filling up the DagBag from /Users/andreasanditya/Downloads/572392_Andreas_AirflowETL/code/.venv/lib/python3.9/site-packages/airflow/example_dags/example_python_decorator.py
[2026-09-18T11:31:22.254+0700] {processor.py:925} INFO - DAG(s) 'example_python_decorator' retrieved from /Users/andreasanditya/Downloads/572392_Andreas_AirflowETL/code/.venv/lib/python3.9/site-packages/airflow/example_dags/example_python_decorator.py
[2026-09-18T11:31:22.364+0700] {logging_mixin.py:190} INFO - [2026-09-18T11:31:22.364+0700] {dag.py:3239} INFO - Sync 1 DAGs
[2026-09-18T11:31:22.371+0700] {logging_mixin.py:190} INFO - [2026-09-18T11:31:22.370+0700] {dag.py:4180} INFO - Setting next_dagrun for example_python_decorator to None, run_after=None
[2026-09-18T11:31:22.382+0700] {processor.py:208} INFO - Processing /Users/andreasanditya/Downloads/572392_Andreas_AirflowETL/code/.venv/lib/python3.9/site-packages/airflow/example_dags/example_python_decorator.py took 0.187 seconds
[2026-09-18T11:34:15.430+0700] {processor.py:186} INFO - Started process (PID=21356) to work on /Users/andreasanditya/Downloads/572392_Andreas_AirflowETL/code/.venv/lib/python3.9/site-packages/airflow/example_dags/example_python_decorator.py
[2026-09-18T11:34:15.431+0700] {processor.py:914} INFO - Processing file /Users/andreasanditya/Downloads/572392_Andreas_AirflowETL/code/.venv/lib/python3.9/site-packages/airflow/example_dags/example_python_decorator.py for tasks to queue
[2026-09-18T11:34:15.431+0700] {logging_mixin.py:190} INFO - [2026-09-18T11:34:15.431+0700] {dagbag.py:588} INFO - Filling up the DagBag from /Users/andreasanditya/Downloads/572392_Andreas_AirflowETL/code/.venv/lib/python3.9/site-packages/airflow/example_dags/example_python_decorator.py
[2026-09-18T11:34:15.489+0700] {processor.py:925} INFO - DAG(s) 'example_python_decorator' retrieved from /Users/andreasanditya/Downloads/572392_Andreas_AirflowETL/code/.venv/lib/python3.9/site-packages/airflow/example_dags/example_python_decorator.py
[2026-09-18T11:34:15.603+0700] {logging_mixin.py:190} INFO - [2026-09-18T11:34:15.603+0700] {dag.py:3239} INFO - Sync 1 DAGs
[2026-09-18T11:34:15.609+0700] {logging_mixin.py:190} INFO - [2026-09-18T11:34:15.609+0700] {dag.py:4180} INFO - Setting next_dagrun for example_python_decorator to None, run_after=None
[2026-09-18T11:34:15.620+0700] {processor.py:208} INFO - Processing /Users/andreasanditya/Downloads/572392_Andreas_AirflowETL/code/.venv/lib/python3.9/site-packages/airflow/example_dags/example_python_decorator.py took 0.192 seconds
[2026-09-18T11:37:12.703+0700] {processor.py:186} INFO - Started process (PID=23314) to work on /Users/andreasanditya/Downloads/572392_Andreas_AirflowETL/code/.venv/lib/python3.9/site-packages/airflow/example_dags/example_python_decorator.py
[2026-09-18T11:37:12.704+0700] {processor.py:914} INFO - Processing file /Users/andreasanditya/Downloads/572392_Andreas_AirflowETL/code/.venv/lib/python3.9/site-packages/airflow/example_dags/example_python_decorator.py for tasks to queue
[2026-09-18T11:37:12.705+0700] {logging_mixin.py:190} INFO - [2026-09-18T11:37:12.705+0700] {dagbag.py:588} INFO - Filling up the DagBag from /Users/andreasanditya/Downloads/572392_Andreas_AirflowETL/code/.venv/lib/python3.9/site-packages/airflow/example_dags/example_python_decorator.py
[2026-09-18T11:37:12.755+0700] {processor.py:925} INFO - DAG(s) 'example_python_decorator' retrieved from /Users/andreasanditya/Downloads/572392_Andreas_AirflowETL/code/.venv/lib/python3.9/site-packages/airflow/example_dags/example_python_decorator.py
[2026-09-18T11:37:12.874+0700] {logging_mixin.py:190} INFO - [2026-09-18T11:37:12.874+0700] {dag.py:3239} INFO - Sync 1 DAGs
[2026-09-18T11:37:12.880+0700] {logging_mixin.py:190} INFO - [2026-09-18T11:37:12.880+0700] {dag.py:4180} INFO - Setting next_dagrun for example_python_decorator to None, run_after=None
[2026-09-18T11:37:12.892+0700] {processor.py:208} INFO - Processing /Users/andreasanditya/Downloads/572392_Andreas_AirflowETL/code/.venv/lib/python3.9/site-packages/airflow/example_dags/example_python_decorator.py took 0.191 seconds
[2026-09-18T11:40:06.986+0700] {processor.py:186} INFO - Started process (PID=25059) to work on /Users/andreasanditya/Downloads/572392_Andreas_AirflowETL/code/.venv/lib/python3.9/site-packages/airflow/example_dags/example_python_decorator.py
[2026-09-18T11:40:06.987+0700] {processor.py:914} INFO - Processing file /Users/andreasanditya/Downloads/572392_Andreas_AirflowETL/code/.venv/lib/python3.9/site-packages/airflow/example_dags/example_python_decorator.py for tasks to queue
[2026-09-18T11:40:06.988+0700] {logging_mixin.py:190} INFO - [2026-09-18T11:40:06.987+0700] {dagbag.py:588} INFO - Filling up the DagBag from /Users/andreasanditya/Downloads/572392_Andreas_AirflowETL/code/.venv/lib/python3.9/site-packages/airflow/example_dags/example_python_decorator.py
[2026-09-18T11:40:07.037+0700] {processor.py:925} INFO - DAG(s) 'example_python_decorator' retrieved from /Users/andreasanditya/Downloads/572392_Andreas_AirflowETL/code/.venv/lib/python3.9/site-packages/airflow/example_dags/example_python_decorator.py
[2026-09-18T11:40:07.146+0700] {logging_mixin.py:190} INFO - [2026-09-18T11:40:07.146+0700] {dag.py:3239} INFO - Sync 1 DAGs
[2026-09-18T11:40:07.152+0700] {logging_mixin.py:190} INFO - [2026-09-18T11:40:07.152+0700] {dag.py:4180} INFO - Setting next_dagrun for example_python_decorator to None, run_after=None
[2026-09-18T11:40:07.163+0700] {processor.py:208} INFO - Processing /Users/andreasanditya/Downloads/572392_Andreas_AirflowETL/code/.venv/lib/python3.9/site-packages/airflow/example_dags/example_python_decorator.py took 0.180 seconds
[2026-09-18T11:43:06.341+0700] {processor.py:186} INFO - Started process (PID=26930) to work on /Users/andreasanditya/Downloads/572392_Andreas_AirflowETL/code/.venv/lib/python3.9/site-packages/airflow/example_dags/example_python_decorator.py
[2026-09-18T11:43:06.342+0700] {processor.py:914} INFO - Processing file /Users/andreasanditya/Downloads/572392_Andreas_AirflowETL/code/.venv/lib/python3.9/site-packages/airflow/example_dags/example_python_decorator.py for tasks to queue
[2026-09-18T11:43:06.343+0700] {logging_mixin.py:190} INFO - [2026-09-18T11:43:06.343+0700] {dagbag.py:588} INFO - Filling up the DagBag from /Users/andreasanditya/Downloads/572392_Andreas_AirflowETL/code/.venv/lib/python3.9/site-packages/airflow/example_dags/example_python_decorator.py
[2026-09-18T11:43:06.391+0700] {processor.py:925} INFO - DAG(s) 'example_python_decorator' retrieved from /Users/andreasanditya/Downloads/572392_Andreas_AirflowETL/code/.venv/lib/python3.9/site-packages/airflow/example_dags/example_python_decorator.py
[2026-09-18T11:43:06.517+0700] {logging_mixin.py:190} INFO - [2026-09-18T11:43:06.516+0700] {dag.py:3239} INFO - Sync 1 DAGs
[2026-09-18T11:43:06.522+0700] {logging_mixin.py:190} INFO - [2026-09-18T11:43:06.522+0700] {dag.py:4180} INFO - Setting next_dagrun for example_python_decorator to None, run_after=None
[2026-09-18T11:43:06.533+0700] {processor.py:208} INFO - Processing /Users/andreasanditya/Downloads/572392_Andreas_AirflowETL/code/.venv/lib/python3.9/site-packages/airflow/example_dags/example_python_decorator.py took 0.194 seconds
[2026-09-18T11:45:59.985+0700] {processor.py:186} INFO - Started process (PID=28654) to work on /Users/andreasanditya/Downloads/572392_Andreas_AirflowETL/code/.venv/lib/python3.9/site-packages/airflow/example_dags/example_python_decorator.py
[2026-09-18T11:45:59.987+0700] {processor.py:914} INFO - Processing file /Users/andreasanditya/Downloads/572392_Andreas_AirflowETL/code/.venv/lib/python3.9/site-packages/airflow/example_dags/example_python_decorator.py for tasks to queue
[2026-09-18T11:45:59.988+0700] {logging_mixin.py:190} INFO - [2026-09-18T11:45:59.988+0700] {dagbag.py:588} INFO - Filling up the DagBag from /Users/andreasanditya/Downloads/572392_Andreas_AirflowETL/code/.venv/lib/python3.9/site-packages/airflow/example_dags/example_python_decorator.py
[2026-09-18T11:46:00.037+0700] {processor.py:925} INFO - DAG(s) 'example_python_decorator' retrieved from /Users/andreasanditya/Downloads/572392_Andreas_AirflowETL/code/.venv/lib/python3.9/site-packages/airflow/example_dags/example_python_decorator.py
[2026-09-18T11:46:00.168+0700] {logging_mixin.py:190} INFO - [2026-09-18T11:46:00.167+0700] {dag.py:3239} INFO - Sync 1 DAGs
[2026-09-18T11:46:00.173+0700] {logging_mixin.py:190} INFO - [2026-09-18T11:46:00.173+0700] {dag.py:4180} INFO - Setting next_dagrun for example_python_decorator to None, run_after=None
[2026-09-18T11:46:00.184+0700] {processor.py:208} INFO - Processing /Users/andreasanditya/Downloads/572392_Andreas_AirflowETL/code/.venv/lib/python3.9/site-packages/airflow/example_dags/example_python_decorator.py took 0.200 seconds
[2026-09-18T11:48:53.260+0700] {processor.py:186} INFO - Started process (PID=30394) to work on /Users/andreasanditya/Downloads/572392_Andreas_AirflowETL/code/.venv/lib/python3.9/site-packages/airflow/example_dags/example_python_decorator.py
[2026-09-18T11:48:53.261+0700] {processor.py:914} INFO - Processing file /Users/andreasanditya/Downloads/572392_Andreas_AirflowETL/code/.venv/lib/python3.9/site-packages/airflow/example_dags/example_python_decorator.py for tasks to queue
[2026-09-18T11:48:53.262+0700] {logging_mixin.py:190} INFO - [2026-09-18T11:48:53.262+0700] {dagbag.py:588} INFO - Filling up the DagBag from /Users/andreasanditya/Downloads/572392_Andreas_AirflowETL/code/.venv/lib/python3.9/site-packages/airflow/example_dags/example_python_decorator.py
[2026-09-18T11:48:53.310+0700] {processor.py:925} INFO - DAG(s) 'example_python_decorator' retrieved from /Users/andreasanditya/Downloads/572392_Andreas_AirflowETL/code/.venv/lib/python3.9/site-packages/airflow/example_dags/example_python_decorator.py
[2026-09-18T11:48:53.436+0700] {logging_mixin.py:190} INFO - [2026-09-18T11:48:53.435+0700] {dag.py:3239} INFO - Sync 1 DAGs
[2026-09-18T11:48:53.441+0700] {logging_mixin.py:190} INFO - [2026-09-18T11:48:53.441+0700] {dag.py:4180} INFO - Setting next_dagrun for example_python_decorator to None, run_after=None
[2026-09-18T11:48:53.451+0700] {processor.py:208} INFO - Processing /Users/andreasanditya/Downloads/572392_Andreas_AirflowETL/code/.venv/lib/python3.9/site-packages/airflow/example_dags/example_python_decorator.py took 0.193 seconds
[2026-09-18T11:51:45.077+0700] {processor.py:186} INFO - Started process (PID=32128) to work on /Users/andreasanditya/Downloads/572392_Andreas_AirflowETL/code/.venv/lib/python3.9/site-packages/airflow/example_dags/example_python_decorator.py
[2026-09-18T11:51:45.078+0700] {processor.py:914} INFO - Processing file /Users/andreasanditya/Downloads/572392_Andreas_AirflowETL/code/.venv/lib/python3.9/site-packages/airflow/example_dags/example_python_decorator.py for tasks to queue
[2026-09-18T11:51:45.079+0700] {logging_mixin.py:190} INFO - [2026-09-18T11:51:45.079+0700] {dagbag.py:588} INFO - Filling up the DagBag from /Users/andreasanditya/Downloads/572392_Andreas_AirflowETL/code/.venv/lib/python3.9/site-packages/airflow/example_dags/example_python_decorator.py
[2026-09-18T11:51:45.127+0700] {processor.py:925} INFO - DAG(s) 'example_python_decorator' retrieved from /Users/andreasanditya/Downloads/572392_Andreas_AirflowETL/code/.venv/lib/python3.9/site-packages/airflow/example_dags/example_python_decorator.py
[2026-09-18T11:51:45.253+0700] {logging_mixin.py:190} INFO - [2026-09-18T11:51:45.252+0700] {dag.py:3239} INFO - Sync 1 DAGs
[2026-09-18T11:51:45.258+0700] {logging_mixin.py:190} INFO - [2026-09-18T11:51:45.258+0700] {dag.py:4180} INFO - Setting next_dagrun for example_python_decorator to None, run_after=None
[2026-09-18T11:51:45.268+0700] {processor.py:208} INFO - Processing /Users/andreasanditya/Downloads/572392_Andreas_AirflowETL/code/.venv/lib/python3.9/site-packages/airflow/example_dags/example_python_decorator.py took 0.193 seconds
[2026-09-18T11:54:37.278+0700] {processor.py:186} INFO - Started process (PID=33857) to work on /Users/andreasanditya/Downloads/572392_Andreas_AirflowETL/code/.venv/lib/python3.9/site-packages/airflow/example_dags/example_python_decorator.py
[2026-09-18T11:54:37.279+0700] {processor.py:914} INFO - Processing file /Users/andreasanditya/Downloads/572392_Andreas_AirflowETL/code/.venv/lib/python3.9/site-packages/airflow/example_dags/example_python_decorator.py for tasks to queue
[2026-09-18T11:54:37.279+0700] {logging_mixin.py:190} INFO - [2026-09-18T11:54:37.279+0700] {dagbag.py:588} INFO - Filling up the DagBag from /Users/andreasanditya/Downloads/572392_Andreas_AirflowETL/code/.venv/lib/python3.9/site-packages/airflow/example_dags/example_python_decorator.py
[2026-09-18T11:54:37.328+0700] {processor.py:925} INFO - DAG(s) 'example_python_decorator' retrieved from /Users/andreasanditya/Downloads/572392_Andreas_AirflowETL/code/.venv/lib/python3.9/site-packages/airflow/example_dags/example_python_decorator.py
[2026-09-18T11:54:37.458+0700] {logging_mixin.py:190} INFO - [2026-09-18T11:54:37.458+0700] {dag.py:3239} INFO - Sync 1 DAGs
[2026-09-18T11:54:37.464+0700] {logging_mixin.py:190} INFO - [2026-09-18T11:54:37.463+0700] {dag.py:4180} INFO - Setting next_dagrun for example_python_decorator to None, run_after=None
[2026-09-18T11:54:37.474+0700] {processor.py:208} INFO - Processing /Users/andreasanditya/Downloads/572392_Andreas_AirflowETL/code/.venv/lib/python3.9/site-packages/airflow/example_dags/example_python_decorator.py took 0.198 seconds
[2026-09-18T11:57:33.094+0700] {processor.py:186} INFO - Started process (PID=35607) to work on /Users/andreasanditya/Downloads/572392_Andreas_AirflowETL/code/.venv/lib/python3.9/site-packages/airflow/example_dags/example_python_decorator.py
[2026-09-18T11:57:33.095+0700] {processor.py:914} INFO - Processing file /Users/andreasanditya/Downloads/572392_Andreas_AirflowETL/code/.venv/lib/python3.9/site-packages/airflow/example_dags/example_python_decorator.py for tasks to queue
[2026-09-18T11:57:33.096+0700] {logging_mixin.py:190} INFO - [2026-09-18T11:57:33.096+0700] {dagbag.py:588} INFO - Filling up the DagBag from /Users/andreasanditya/Downloads/572392_Andreas_AirflowETL/code/.venv/lib/python3.9/site-packages/airflow/example_dags/example_python_decorator.py
[2026-09-18T11:57:33.146+0700] {processor.py:925} INFO - DAG(s) 'example_python_decorator' retrieved from /Users/andreasanditya/Downloads/572392_Andreas_AirflowETL/code/.venv/lib/python3.9/site-packages/airflow/example_dags/example_python_decorator.py
[2026-09-18T11:57:33.271+0700] {logging_mixin.py:190} INFO - [2026-09-18T11:57:33.271+0700] {dag.py:3239} INFO - Sync 1 DAGs
[2026-09-18T11:57:33.276+0700] {logging_mixin.py:190} INFO - [2026-09-18T11:57:33.276+0700] {dag.py:4180} INFO - Setting next_dagrun for example_python_decorator to None, run_after=None
[2026-09-18T11:57:33.287+0700] {processor.py:208} INFO - Processing /Users/andreasanditya/Downloads/572392_Andreas_AirflowETL/code/.venv/lib/python3.9/site-packages/airflow/example_dags/example_python_decorator.py took 0.194 seconds
[2026-09-18T12:00:23.680+0700] {processor.py:186} INFO - Started process (PID=37332) to work on /Users/andreasanditya/Downloads/572392_Andreas_AirflowETL/code/.venv/lib/python3.9/site-packages/airflow/example_dags/example_python_decorator.py
[2026-09-18T12:00:23.681+0700] {processor.py:914} INFO - Processing file /Users/andreasanditya/Downloads/572392_Andreas_AirflowETL/code/.venv/lib/python3.9/site-packages/airflow/example_dags/example_python_decorator.py for tasks to queue
[2026-09-18T12:00:23.682+0700] {logging_mixin.py:190} INFO - [2026-09-18T12:00:23.682+0700] {dagbag.py:588} INFO - Filling up the DagBag from /Users/andreasanditya/Downloads/572392_Andreas_AirflowETL/code/.venv/lib/python3.9/site-packages/airflow/example_dags/example_python_decorator.py
[2026-09-18T12:00:23.730+0700] {processor.py:925} INFO - DAG(s) 'example_python_decorator' retrieved from /Users/andreasanditya/Downloads/572392_Andreas_AirflowETL/code/.venv/lib/python3.9/site-packages/airflow/example_dags/example_python_decorator.py
[2026-09-18T12:00:23.857+0700] {logging_mixin.py:190} INFO - [2026-09-18T12:00:23.856+0700] {dag.py:3239} INFO - Sync 1 DAGs
[2026-09-18T12:00:23.862+0700] {logging_mixin.py:190} INFO - [2026-09-18T12:00:23.862+0700] {dag.py:4180} INFO - Setting next_dagrun for example_python_decorator to None, run_after=None
[2026-09-18T12:00:23.873+0700] {processor.py:208} INFO - Processing /Users/andreasanditya/Downloads/572392_Andreas_AirflowETL/code/.venv/lib/python3.9/site-packages/airflow/example_dags/example_python_decorator.py took 0.194 seconds
[2026-09-18T12:03:17.802+0700] {processor.py:186} INFO - Started process (PID=39091) to work on /Users/andreasanditya/Downloads/572392_Andreas_AirflowETL/code/.venv/lib/python3.9/site-packages/airflow/example_dags/example_python_decorator.py
[2026-09-18T12:03:17.803+0700] {processor.py:914} INFO - Processing file /Users/andreasanditya/Downloads/572392_Andreas_AirflowETL/code/.venv/lib/python3.9/site-packages/airflow/example_dags/example_python_decorator.py for tasks to queue
[2026-09-18T12:03:17.804+0700] {logging_mixin.py:190} INFO - [2026-09-18T12:03:17.804+0700] {dagbag.py:588} INFO - Filling up the DagBag from /Users/andreasanditya/Downloads/572392_Andreas_AirflowETL/code/.venv/lib/python3.9/site-packages/airflow/example_dags/example_python_decorator.py
[2026-09-18T12:03:17.854+0700] {processor.py:925} INFO - DAG(s) 'example_python_decorator' retrieved from /Users/andreasanditya/Downloads/572392_Andreas_AirflowETL/code/.venv/lib/python3.9/site-packages/airflow/example_dags/example_python_decorator.py
[2026-09-18T12:03:17.983+0700] {logging_mixin.py:190} INFO - [2026-09-18T12:03:17.983+0700] {dag.py:3239} INFO - Sync 1 DAGs
[2026-09-18T12:03:17.989+0700] {logging_mixin.py:190} INFO - [2026-09-18T12:03:17.989+0700] {dag.py:4180} INFO - Setting next_dagrun for example_python_decorator to None, run_after=None
[2026-09-18T12:03:17.999+0700] {processor.py:208} INFO - Processing /Users/andreasanditya/Downloads/572392_Andreas_AirflowETL/code/.venv/lib/python3.9/site-packages/airflow/example_dags/example_python_decorator.py took 0.199 seconds
[2026-09-18T12:06:12.511+0700] {processor.py:186} INFO - Started process (PID=40921) to work on /Users/andreasanditya/Downloads/572392_Andreas_AirflowETL/code/.venv/lib/python3.9/site-packages/airflow/example_dags/example_python_decorator.py
[2026-09-18T12:06:12.512+0700] {processor.py:914} INFO - Processing file /Users/andreasanditya/Downloads/572392_Andreas_AirflowETL/code/.venv/lib/python3.9/site-packages/airflow/example_dags/example_python_decorator.py for tasks to queue
[2026-09-18T12:06:12.513+0700] {logging_mixin.py:190} INFO - [2026-09-18T12:06:12.513+0700] {dagbag.py:588} INFO - Filling up the DagBag from /Users/andreasanditya/Downloads/572392_Andreas_AirflowETL/code/.venv/lib/python3.9/site-packages/airflow/example_dags/example_python_decorator.py
[2026-09-18T12:06:12.564+0700] {processor.py:925} INFO - DAG(s) 'example_python_decorator' retrieved from /Users/andreasanditya/Downloads/572392_Andreas_AirflowETL/code/.venv/lib/python3.9/site-packages/airflow/example_dags/example_python_decorator.py
[2026-09-18T12:06:12.696+0700] {logging_mixin.py:190} INFO - [2026-09-18T12:06:12.696+0700] {dag.py:3239} INFO - Sync 1 DAGs
[2026-09-18T12:06:12.702+0700] {logging_mixin.py:190} INFO - [2026-09-18T12:06:12.702+0700] {dag.py:4180} INFO - Setting next_dagrun for example_python_decorator to None, run_after=None
[2026-09-18T12:06:12.713+0700] {processor.py:208} INFO - Processing /Users/andreasanditya/Downloads/572392_Andreas_AirflowETL/code/.venv/lib/python3.9/site-packages/airflow/example_dags/example_python_decorator.py took 0.204 seconds
[2026-09-18T12:09:06.581+0700] {processor.py:186} INFO - Started process (PID=42639) to work on /Users/andreasanditya/Downloads/572392_Andreas_AirflowETL/code/.venv/lib/python3.9/site-packages/airflow/example_dags/example_python_decorator.py
[2026-09-18T12:09:06.582+0700] {processor.py:914} INFO - Processing file /Users/andreasanditya/Downloads/572392_Andreas_AirflowETL/code/.venv/lib/python3.9/site-packages/airflow/example_dags/example_python_decorator.py for tasks to queue
[2026-09-18T12:09:06.583+0700] {logging_mixin.py:190} INFO - [2026-09-18T12:09:06.583+0700] {dagbag.py:588} INFO - Filling up the DagBag from /Users/andreasanditya/Downloads/572392_Andreas_AirflowETL/code/.venv/lib/python3.9/site-packages/airflow/example_dags/example_python_decorator.py
[2026-09-18T12:09:06.633+0700] {processor.py:925} INFO - DAG(s) 'example_python_decorator' retrieved from /Users/andreasanditya/Downloads/572392_Andreas_AirflowETL/code/.venv/lib/python3.9/site-packages/airflow/example_dags/example_python_decorator.py
[2026-09-18T12:09:06.760+0700] {logging_mixin.py:190} INFO - [2026-09-18T12:09:06.760+0700] {dag.py:3239} INFO - Sync 1 DAGs
[2026-09-18T12:09:06.767+0700] {logging_mixin.py:190} INFO - [2026-09-18T12:09:06.766+0700] {dag.py:4180} INFO - Setting next_dagrun for example_python_decorator to None, run_after=None
[2026-09-18T12:09:06.778+0700] {processor.py:208} INFO - Processing /Users/andreasanditya/Downloads/572392_Andreas_AirflowETL/code/.venv/lib/python3.9/site-packages/airflow/example_dags/example_python_decorator.py took 0.199 seconds
[2026-09-18T12:12:00.787+0700] {processor.py:186} INFO - Started process (PID=44394) to work on /Users/andreasanditya/Downloads/572392_Andreas_AirflowETL/code/.venv/lib/python3.9/site-packages/airflow/example_dags/example_python_decorator.py
[2026-09-18T12:12:00.788+0700] {processor.py:914} INFO - Processing file /Users/andreasanditya/Downloads/572392_Andreas_AirflowETL/code/.venv/lib/python3.9/site-packages/airflow/example_dags/example_python_decorator.py for tasks to queue
[2026-09-18T12:12:00.789+0700] {logging_mixin.py:190} INFO - [2026-09-18T12:12:00.789+0700] {dagbag.py:588} INFO - Filling up the DagBag from /Users/andreasanditya/Downloads/572392_Andreas_AirflowETL/code/.venv/lib/python3.9/site-packages/airflow/example_dags/example_python_decorator.py
[2026-09-18T12:12:00.837+0700] {processor.py:925} INFO - DAG(s) 'example_python_decorator' retrieved from /Users/andreasanditya/Downloads/572392_Andreas_AirflowETL/code/.venv/lib/python3.9/site-packages/airflow/example_dags/example_python_decorator.py
[2026-09-18T12:12:00.964+0700] {logging_mixin.py:190} INFO - [2026-09-18T12:12:00.964+0700] {dag.py:3239} INFO - Sync 1 DAGs
[2026-09-18T12:12:00.970+0700] {logging_mixin.py:190} INFO - [2026-09-18T12:12:00.969+0700] {dag.py:4180} INFO - Setting next_dagrun for example_python_decorator to None, run_after=None
[2026-09-18T12:12:00.980+0700] {processor.py:208} INFO - Processing /Users/andreasanditya/Downloads/572392_Andreas_AirflowETL/code/.venv/lib/python3.9/site-packages/airflow/example_dags/example_python_decorator.py took 0.194 seconds
[2026-09-18T12:14:58.186+0700] {processor.py:186} INFO - Started process (PID=47067) to work on /Users/andreasanditya/Downloads/572392_Andreas_AirflowETL/code/.venv/lib/python3.9/site-packages/airflow/example_dags/example_python_decorator.py
[2026-09-18T12:14:58.187+0700] {processor.py:914} INFO - Processing file /Users/andreasanditya/Downloads/572392_Andreas_AirflowETL/code/.venv/lib/python3.9/site-packages/airflow/example_dags/example_python_decorator.py for tasks to queue
[2026-09-18T12:14:58.187+0700] {logging_mixin.py:190} INFO - [2026-09-18T12:14:58.187+0700] {dagbag.py:588} INFO - Filling up the DagBag from /Users/andreasanditya/Downloads/572392_Andreas_AirflowETL/code/.venv/lib/python3.9/site-packages/airflow/example_dags/example_python_decorator.py
[2026-09-18T12:14:58.259+0700] {processor.py:925} INFO - DAG(s) 'example_python_decorator' retrieved from /Users/andreasanditya/Downloads/572392_Andreas_AirflowETL/code/.venv/lib/python3.9/site-packages/airflow/example_dags/example_python_decorator.py
[2026-09-18T12:14:58.433+0700] {logging_mixin.py:190} INFO - [2026-09-18T12:14:58.432+0700] {dag.py:3239} INFO - Sync 1 DAGs
[2026-09-18T12:14:58.439+0700] {logging_mixin.py:190} INFO - [2026-09-18T12:14:58.439+0700] {dag.py:4180} INFO - Setting next_dagrun for example_python_decorator to None, run_after=None
[2026-09-18T12:14:58.450+0700] {processor.py:208} INFO - Processing /Users/andreasanditya/Downloads/572392_Andreas_AirflowETL/code/.venv/lib/python3.9/site-packages/airflow/example_dags/example_python_decorator.py took 0.267 seconds
