[2026-09-18T11:18:06.407+0700] {processor.py:186} INFO - Started process (PID=11091) to work on /Users/andreasanditya/Downloads/572392_Andreas_AirflowETL/code/.venv/lib/python3.9/site-packages/airflow/example_dags/example_dataset_alias_with_no_taskflow.py
[2026-09-18T11:18:06.408+0700] {processor.py:914} INFO - Processing file /Users/andreasanditya/Downloads/572392_Andreas_AirflowETL/code/.venv/lib/python3.9/site-packages/airflow/example_dags/example_dataset_alias_with_no_taskflow.py for tasks to queue
[2026-09-18T11:18:06.409+0700] {logging_mixin.py:190} INFO - [2026-09-18T11:18:06.409+0700] {dagbag.py:588} INFO - Filling up the DagBag from /Users/andreasanditya/Downloads/572392_Andreas_AirflowETL/code/.venv/lib/python3.9/site-packages/airflow/example_dags/example_dataset_alias_with_no_taskflow.py
[2026-09-18T11:18:06.522+0700] {processor.py:925} INFO - DAG(s) 'dataset_s3_bucket_consumer_with_no_taskflow', 'dataset_alias_example_alias_consumer_with_no_taskflow', 'dataset_alias_example_alias_producer_with_no_taskflow', 'dataset_s3_bucket_producer_with_no_taskflow' retrieved from /Users/andreasanditya/Downloads/572392_Andreas_AirflowETL/code/.venv/lib/python3.9/site-packages/airflow/example_dags/example_dataset_alias_with_no_taskflow.py
[2026-09-18T11:18:06.576+0700] {logging_mixin.py:190} INFO - [2026-09-18T11:18:06.575+0700] {override.py:1912} INFO - Created Permission View: can read on DAG:dataset_s3_bucket_consumer_with_no_taskflow
[2026-09-18T11:18:06.581+0700] {logging_mixin.py:190} INFO - [2026-09-18T11:18:06.581+0700] {override.py:1912} INFO - Created Permission View: can edit on DAG:dataset_s3_bucket_consumer_with_no_taskflow
[2026-09-18T11:18:06.584+0700] {logging_mixin.py:190} INFO - [2026-09-18T11:18:06.584+0700] {override.py:1912} INFO - Created Permission View: can delete on DAG:dataset_s3_bucket_consumer_with_no_taskflow
[2026-09-18T11:18:06.588+0700] {logging_mixin.py:190} INFO - [2026-09-18T11:18:06.588+0700] {override.py:1912} INFO - Created Permission View: can read on DAG Run:dataset_s3_bucket_consumer_with_no_taskflow
[2026-09-18T11:18:06.591+0700] {logging_mixin.py:190} INFO - [2026-09-18T11:18:06.591+0700] {override.py:1912} INFO - Created Permission View: menu access on DAG Run:dataset_s3_bucket_consumer_with_no_taskflow
[2026-09-18T11:18:06.594+0700] {logging_mixin.py:190} INFO - [2026-09-18T11:18:06.593+0700] {override.py:1912} INFO - Created Permission View: can delete on DAG Run:dataset_s3_bucket_consumer_with_no_taskflow
[2026-09-18T11:18:06.597+0700] {logging_mixin.py:190} INFO - [2026-09-18T11:18:06.596+0700] {override.py:1912} INFO - Created Permission View: can create on DAG Run:dataset_s3_bucket_consumer_with_no_taskflow
[2026-09-18T11:18:06.603+0700] {logging_mixin.py:190} INFO - [2026-09-18T11:18:06.603+0700] {override.py:1912} INFO - Created Permission View: can read on DAG:dataset_alias_example_alias_consumer_with_no_taskflow
[2026-09-18T11:18:06.606+0700] {logging_mixin.py:190} INFO - [2026-09-18T11:18:06.605+0700] {override.py:1912} INFO - Created Permission View: can edit on DAG:dataset_alias_example_alias_consumer_with_no_taskflow
[2026-09-18T11:18:06.608+0700] {logging_mixin.py:190} INFO - [2026-09-18T11:18:06.608+0700] {override.py:1912} INFO - Created Permission View: can delete on DAG:dataset_alias_example_alias_consumer_with_no_taskflow
[2026-09-18T11:18:06.612+0700] {logging_mixin.py:190} INFO - [2026-09-18T11:18:06.612+0700] {override.py:1912} INFO - Created Permission View: can read on DAG Run:dataset_alias_example_alias_consumer_with_no_taskflow
[2026-09-18T11:18:06.615+0700] {logging_mixin.py:190} INFO - [2026-09-18T11:18:06.615+0700] {override.py:1912} INFO - Created Permission View: menu access on DAG Run:dataset_alias_example_alias_consumer_with_no_taskflow
[2026-09-18T11:18:06.618+0700] {logging_mixin.py:190} INFO - [2026-09-18T11:18:06.617+0700] {override.py:1912} INFO - Created Permission View: can delete on DAG Run:dataset_alias_example_alias_consumer_with_no_taskflow
[2026-09-18T11:18:06.621+0700] {logging_mixin.py:190} INFO - [2026-09-18T11:18:06.620+0700] {override.py:1912} INFO - Created Permission View: can create on DAG Run:dataset_alias_example_alias_consumer_with_no_taskflow
[2026-09-18T11:18:06.628+0700] {logging_mixin.py:190} INFO - [2026-09-18T11:18:06.628+0700] {override.py:1912} INFO - Created Permission View: can read on DAG:dataset_alias_example_alias_producer_with_no_taskflow
[2026-09-18T11:18:06.631+0700] {logging_mixin.py:190} INFO - [2026-09-18T11:18:06.631+0700] {override.py:1912} INFO - Created Permission View: can edit on DAG:dataset_alias_example_alias_producer_with_no_taskflow
[2026-09-18T11:18:06.634+0700] {logging_mixin.py:190} INFO - [2026-09-18T11:18:06.634+0700] {override.py:1912} INFO - Created Permission View: can delete on DAG:dataset_alias_example_alias_producer_with_no_taskflow
[2026-09-18T11:18:06.638+0700] {logging_mixin.py:190} INFO - [2026-09-18T11:18:06.637+0700] {override.py:1912} INFO - Created Permission View: can read on DAG Run:dataset_alias_example_alias_producer_with_no_taskflow
[2026-09-18T11:18:06.640+0700] {logging_mixin.py:190} INFO - [2026-09-18T11:18:06.640+0700] {override.py:1912} INFO - Created Permission View: menu access on DAG Run:dataset_alias_example_alias_producer_with_no_taskflow
[2026-09-18T11:18:06.643+0700] {logging_mixin.py:190} INFO - [2026-09-18T11:18:06.643+0700] {override.py:1912} INFO - Created Permission View: can delete on DAG Run:dataset_alias_example_alias_producer_with_no_taskflow
[2026-09-18T11:18:06.646+0700] {logging_mixin.py:190} INFO - [2026-09-18T11:18:06.646+0700] {override.py:1912} INFO - Created Permission View: can create on DAG Run:dataset_alias_example_alias_producer_with_no_taskflow
[2026-09-18T11:18:06.652+0700] {logging_mixin.py:190} INFO - [2026-09-18T11:18:06.652+0700] {override.py:1912} INFO - Created Permission View: can read on DAG:dataset_s3_bucket_producer_with_no_taskflow
[2026-09-18T11:18:06.655+0700] {logging_mixin.py:190} INFO - [2026-09-18T11:18:06.655+0700] {override.py:1912} INFO - Created Permission View: can edit on DAG:dataset_s3_bucket_producer_with_no_taskflow
[2026-09-18T11:18:06.658+0700] {logging_mixin.py:190} INFO - [2026-09-18T11:18:06.658+0700] {override.py:1912} INFO - Created Permission View: can delete on DAG:dataset_s3_bucket_producer_with_no_taskflow
[2026-09-18T11:18:06.661+0700] {logging_mixin.py:190} INFO - [2026-09-18T11:18:06.661+0700] {override.py:1912} INFO - Created Permission View: can read on DAG Run:dataset_s3_bucket_producer_with_no_taskflow
[2026-09-18T11:18:06.664+0700] {logging_mixin.py:190} INFO - [2026-09-18T11:18:06.664+0700] {override.py:1912} INFO - Created Permission View: menu access on DAG Run:dataset_s3_bucket_producer_with_no_taskflow
[2026-09-18T11:18:06.667+0700] {logging_mixin.py:190} INFO - [2026-09-18T11:18:06.667+0700] {override.py:1912} INFO - Created Permission View: can delete on DAG Run:dataset_s3_bucket_producer_with_no_taskflow
[2026-09-18T11:18:06.670+0700] {logging_mixin.py:190} INFO - [2026-09-18T11:18:06.670+0700] {override.py:1912} INFO - Created Permission View: can create on DAG Run:dataset_s3_bucket_producer_with_no_taskflow
[2026-09-18T11:18:06.670+0700] {logging_mixin.py:190} INFO - [2026-09-18T11:18:06.670+0700] {dag.py:3239} INFO - Sync 4 DAGs
[2026-09-18T11:18:06.676+0700] {logging_mixin.py:190} INFO - [2026-09-18T11:18:06.676+0700] {dag.py:3262} INFO - Creating ORM DAG for dataset_alias_example_alias_consumer_with_no_taskflow
[2026-09-18T11:18:06.677+0700] {logging_mixin.py:190} INFO - [2026-09-18T11:18:06.677+0700] {dag.py:3262} INFO - Creating ORM DAG for dataset_s3_bucket_consumer_with_no_taskflow
[2026-09-18T11:18:06.677+0700] {logging_mixin.py:190} INFO - [2026-09-18T11:18:06.677+0700] {dag.py:3262} INFO - Creating ORM DAG for dataset_alias_example_alias_producer_with_no_taskflow
[2026-09-18T11:18:06.677+0700] {logging_mixin.py:190} INFO - [2026-09-18T11:18:06.677+0700] {dag.py:3262} INFO - Creating ORM DAG for dataset_s3_bucket_producer_with_no_taskflow
[2026-09-18T11:18:06.682+0700] {logging_mixin.py:190} INFO - [2026-09-18T11:18:06.682+0700] {dag.py:4180} INFO - Setting next_dagrun for dataset_alias_example_alias_consumer_with_no_taskflow to None, run_after=None
[2026-09-18T11:18:06.682+0700] {logging_mixin.py:190} INFO - [2026-09-18T11:18:06.682+0700] {dag.py:4180} INFO - Setting next_dagrun for dataset_alias_example_alias_producer_with_no_taskflow to None, run_after=None
[2026-09-18T11:18:06.683+0700] {logging_mixin.py:190} INFO - [2026-09-18T11:18:06.682+0700] {dag.py:4180} INFO - Setting next_dagrun for dataset_s3_bucket_consumer_with_no_taskflow to None, run_after=None
[2026-09-18T11:18:06.683+0700] {logging_mixin.py:190} INFO - [2026-09-18T11:18:06.683+0700] {dag.py:4180} INFO - Setting next_dagrun for dataset_s3_bucket_producer_with_no_taskflow to None, run_after=None
[2026-09-18T11:18:06.935+0700] {processor.py:208} INFO - Processing /Users/andreasanditya/Downloads/572392_Andreas_AirflowETL/code/.venv/lib/python3.9/site-packages/airflow/example_dags/example_dataset_alias_with_no_taskflow.py took 0.529 seconds
[2026-09-18T11:21:23.932+0700] {processor.py:186} INFO - Started process (PID=13181) to work on /Users/andreasanditya/Downloads/572392_Andreas_AirflowETL/code/.venv/lib/python3.9/site-packages/airflow/example_dags/example_dataset_alias_with_no_taskflow.py
[2026-09-18T11:21:23.933+0700] {processor.py:914} INFO - Processing file /Users/andreasanditya/Downloads/572392_Andreas_AirflowETL/code/.venv/lib/python3.9/site-packages/airflow/example_dags/example_dataset_alias_with_no_taskflow.py for tasks to queue
[2026-09-18T11:21:23.933+0700] {logging_mixin.py:190} INFO - [2026-09-18T11:21:23.933+0700] {dagbag.py:588} INFO - Filling up the DagBag from /Users/andreasanditya/Downloads/572392_Andreas_AirflowETL/code/.venv/lib/python3.9/site-packages/airflow/example_dags/example_dataset_alias_with_no_taskflow.py
[2026-09-18T11:21:24.058+0700] {processor.py:925} INFO - DAG(s) 'dataset_s3_bucket_producer_with_no_taskflow', 'dataset_alias_example_alias_consumer_with_no_taskflow', 'dataset_s3_bucket_consumer_with_no_taskflow', 'dataset_alias_example_alias_producer_with_no_taskflow' retrieved from /Users/andreasanditya/Downloads/572392_Andreas_AirflowETL/code/.venv/lib/python3.9/site-packages/airflow/example_dags/example_dataset_alias_with_no_taskflow.py
[2026-09-18T11:21:24.072+0700] {logging_mixin.py:190} INFO - [2026-09-18T11:21:24.072+0700] {dag.py:3239} INFO - Sync 4 DAGs
[2026-09-18T11:21:24.082+0700] {logging_mixin.py:190} INFO - [2026-09-18T11:21:24.082+0700] {dag.py:4180} INFO - Setting next_dagrun for dataset_alias_example_alias_consumer_with_no_taskflow to None, run_after=None
[2026-09-18T11:21:24.084+0700] {logging_mixin.py:190} INFO - [2026-09-18T11:21:24.083+0700] {dag.py:4180} INFO - Setting next_dagrun for dataset_alias_example_alias_producer_with_no_taskflow to None, run_after=None
[2026-09-18T11:21:24.084+0700] {logging_mixin.py:190} INFO - [2026-09-18T11:21:24.084+0700] {dag.py:4180} INFO - Setting next_dagrun for dataset_s3_bucket_consumer_with_no_taskflow to None, run_after=None
[2026-09-18T11:21:24.085+0700] {logging_mixin.py:190} INFO - [2026-09-18T11:21:24.085+0700] {dag.py:4180} INFO - Setting next_dagrun for dataset_s3_bucket_producer_with_no_taskflow to None, run_after=None
[2026-09-18T11:21:24.097+0700] {processor.py:208} INFO - Processing /Users/andreasanditya/Downloads/572392_Andreas_AirflowETL/code/.venv/lib/python3.9/site-packages/airflow/example_dags/example_dataset_alias_with_no_taskflow.py took 0.167 seconds
[2026-09-18T11:25:19.307+0700] {processor.py:186} INFO - Started process (PID=15846) to work on /Users/andreasanditya/Downloads/572392_Andreas_AirflowETL/code/.venv/lib/python3.9/site-packages/airflow/example_dags/example_dataset_alias_with_no_taskflow.py
[2026-09-18T11:25:19.308+0700] {processor.py:914} INFO - Processing file /Users/andreasanditya/Downloads/572392_Andreas_AirflowETL/code/.venv/lib/python3.9/site-packages/airflow/example_dags/example_dataset_alias_with_no_taskflow.py for tasks to queue
[2026-09-18T11:25:19.309+0700] {logging_mixin.py:190} INFO - [2026-09-18T11:25:19.309+0700] {dagbag.py:588} INFO - Filling up the DagBag from /Users/andreasanditya/Downloads/572392_Andreas_AirflowETL/code/.venv/lib/python3.9/site-packages/airflow/example_dags/example_dataset_alias_with_no_taskflow.py
[2026-09-18T11:25:19.440+0700] {processor.py:925} INFO - DAG(s) 'dataset_s3_bucket_consumer_with_no_taskflow', 'dataset_s3_bucket_producer_with_no_taskflow', 'dataset_alias_example_alias_producer_with_no_taskflow', 'dataset_alias_example_alias_consumer_with_no_taskflow' retrieved from /Users/andreasanditya/Downloads/572392_Andreas_AirflowETL/code/.venv/lib/python3.9/site-packages/airflow/example_dags/example_dataset_alias_with_no_taskflow.py
[2026-09-18T11:25:19.453+0700] {logging_mixin.py:190} INFO - [2026-09-18T11:25:19.453+0700] {dag.py:3239} INFO - Sync 4 DAGs
[2026-09-18T11:25:19.464+0700] {logging_mixin.py:190} INFO - [2026-09-18T11:25:19.463+0700] {dag.py:4180} INFO - Setting next_dagrun for dataset_alias_example_alias_consumer_with_no_taskflow to None, run_after=None
[2026-09-18T11:25:19.465+0700] {logging_mixin.py:190} INFO - [2026-09-18T11:25:19.465+0700] {dag.py:4180} INFO - Setting next_dagrun for dataset_alias_example_alias_producer_with_no_taskflow to None, run_after=None
[2026-09-18T11:25:19.465+0700] {logging_mixin.py:190} INFO - [2026-09-18T11:25:19.465+0700] {dag.py:4180} INFO - Setting next_dagrun for dataset_s3_bucket_consumer_with_no_taskflow to None, run_after=None
[2026-09-18T11:25:19.466+0700] {logging_mixin.py:190} INFO - [2026-09-18T11:25:19.466+0700] {dag.py:4180} INFO - Setting next_dagrun for dataset_s3_bucket_producer_with_no_taskflow to None, run_after=None
[2026-09-18T11:25:19.478+0700] {processor.py:208} INFO - Processing /Users/andreasanditya/Downloads/572392_Andreas_AirflowETL/code/.venv/lib/python3.9/site-packages/airflow/example_dags/example_dataset_alias_with_no_taskflow.py took 0.173 seconds
[2026-09-18T11:28:26.736+0700] {processor.py:186} INFO - Started process (PID=17708) to work on /Users/andreasanditya/Downloads/572392_Andreas_AirflowETL/code/.venv/lib/python3.9/site-packages/airflow/example_dags/example_dataset_alias_with_no_taskflow.py
[2026-09-18T11:28:26.737+0700] {processor.py:914} INFO - Processing file /Users/andreasanditya/Downloads/572392_Andreas_AirflowETL/code/.venv/lib/python3.9/site-packages/airflow/example_dags/example_dataset_alias_with_no_taskflow.py for tasks to queue
[2026-09-18T11:28:26.738+0700] {logging_mixin.py:190} INFO - [2026-09-18T11:28:26.738+0700] {dagbag.py:588} INFO - Filling up the DagBag from /Users/andreasanditya/Downloads/572392_Andreas_AirflowETL/code/.venv/lib/python3.9/site-packages/airflow/example_dags/example_dataset_alias_with_no_taskflow.py
[2026-09-18T11:28:26.865+0700] {processor.py:925} INFO - DAG(s) 'dataset_alias_example_alias_producer_with_no_taskflow', 'dataset_s3_bucket_producer_with_no_taskflow', 'dataset_s3_bucket_consumer_with_no_taskflow', 'dataset_alias_example_alias_consumer_with_no_taskflow' retrieved from /Users/andreasanditya/Downloads/572392_Andreas_AirflowETL/code/.venv/lib/python3.9/site-packages/airflow/example_dags/example_dataset_alias_with_no_taskflow.py
[2026-09-18T11:28:26.878+0700] {logging_mixin.py:190} INFO - [2026-09-18T11:28:26.878+0700] {dag.py:3239} INFO - Sync 4 DAGs
[2026-09-18T11:28:26.888+0700] {logging_mixin.py:190} INFO - [2026-09-18T11:28:26.888+0700] {dag.py:4180} INFO - Setting next_dagrun for dataset_alias_example_alias_consumer_with_no_taskflow to None, run_after=None
[2026-09-18T11:28:26.889+0700] {logging_mixin.py:190} INFO - [2026-09-18T11:28:26.889+0700] {dag.py:4180} INFO - Setting next_dagrun for dataset_alias_example_alias_producer_with_no_taskflow to None, run_after=None
[2026-09-18T11:28:26.890+0700] {logging_mixin.py:190} INFO - [2026-09-18T11:28:26.890+0700] {dag.py:4180} INFO - Setting next_dagrun for dataset_s3_bucket_consumer_with_no_taskflow to None, run_after=None
[2026-09-18T11:28:26.890+0700] {logging_mixin.py:190} INFO - [2026-09-18T11:28:26.890+0700] {dag.py:4180} INFO - Setting next_dagrun for dataset_s3_bucket_producer_with_no_taskflow to None, run_after=None
[2026-09-18T11:28:26.903+0700] {processor.py:208} INFO - Processing /Users/andreasanditya/Downloads/572392_Andreas_AirflowETL/code/.venv/lib/python3.9/site-packages/airflow/example_dags/example_dataset_alias_with_no_taskflow.py took 0.169 seconds
[2026-09-18T11:31:25.700+0700] {processor.py:186} INFO - Started process (PID=19588) to work on /Users/andreasanditya/Downloads/572392_Andreas_AirflowETL/code/.venv/lib/python3.9/site-packages/airflow/example_dags/example_dataset_alias_with_no_taskflow.py
[2026-09-18T11:31:25.701+0700] {processor.py:914} INFO - Processing file /Users/andreasanditya/Downloads/572392_Andreas_AirflowETL/code/.venv/lib/python3.9/site-packages/airflow/example_dags/example_dataset_alias_with_no_taskflow.py for tasks to queue
[2026-09-18T11:31:25.702+0700] {logging_mixin.py:190} INFO - [2026-09-18T11:31:25.702+0700] {dagbag.py:588} INFO - Filling up the DagBag from /Users/andreasanditya/Downloads/572392_Andreas_AirflowETL/code/.venv/lib/python3.9/site-packages/airflow/example_dags/example_dataset_alias_with_no_taskflow.py
[2026-09-18T11:31:25.834+0700] {processor.py:925} INFO - DAG(s) 'dataset_s3_bucket_consumer_with_no_taskflow', 'dataset_alias_example_alias_consumer_with_no_taskflow', 'dataset_alias_example_alias_producer_with_no_taskflow', 'dataset_s3_bucket_producer_with_no_taskflow' retrieved from /Users/andreasanditya/Downloads/572392_Andreas_AirflowETL/code/.venv/lib/python3.9/site-packages/airflow/example_dags/example_dataset_alias_with_no_taskflow.py
[2026-09-18T11:31:25.847+0700] {logging_mixin.py:190} INFO - [2026-09-18T11:31:25.847+0700] {dag.py:3239} INFO - Sync 4 DAGs
[2026-09-18T11:31:25.858+0700] {logging_mixin.py:190} INFO - [2026-09-18T11:31:25.858+0700] {dag.py:4180} INFO - Setting next_dagrun for dataset_alias_example_alias_consumer_with_no_taskflow to None, run_after=None
[2026-09-18T11:31:25.860+0700] {logging_mixin.py:190} INFO - [2026-09-18T11:31:25.859+0700] {dag.py:4180} INFO - Setting next_dagrun for dataset_alias_example_alias_producer_with_no_taskflow to None, run_after=None
[2026-09-18T11:31:25.860+0700] {logging_mixin.py:190} INFO - [2026-09-18T11:31:25.860+0700] {dag.py:4180} INFO - Setting next_dagrun for dataset_s3_bucket_consumer_with_no_taskflow to None, run_after=None
[2026-09-18T11:31:25.861+0700] {logging_mixin.py:190} INFO - [2026-09-18T11:31:25.861+0700] {dag.py:4180} INFO - Setting next_dagrun for dataset_s3_bucket_producer_with_no_taskflow to None, run_after=None
[2026-09-18T11:31:25.875+0700] {processor.py:208} INFO - Processing /Users/andreasanditya/Downloads/572392_Andreas_AirflowETL/code/.venv/lib/python3.9/site-packages/airflow/example_dags/example_dataset_alias_with_no_taskflow.py took 0.177 seconds
[2026-09-18T11:34:19.341+0700] {processor.py:186} INFO - Started process (PID=21449) to work on /Users/andreasanditya/Downloads/572392_Andreas_AirflowETL/code/.venv/lib/python3.9/site-packages/airflow/example_dags/example_dataset_alias_with_no_taskflow.py
[2026-09-18T11:34:19.342+0700] {processor.py:914} INFO - Processing file /Users/andreasanditya/Downloads/572392_Andreas_AirflowETL/code/.venv/lib/python3.9/site-packages/airflow/example_dags/example_dataset_alias_with_no_taskflow.py for tasks to queue
[2026-09-18T11:34:19.342+0700] {logging_mixin.py:190} INFO - [2026-09-18T11:34:19.342+0700] {dagbag.py:588} INFO - Filling up the DagBag from /Users/andreasanditya/Downloads/572392_Andreas_AirflowETL/code/.venv/lib/python3.9/site-packages/airflow/example_dags/example_dataset_alias_with_no_taskflow.py
[2026-09-18T11:34:19.479+0700] {processor.py:925} INFO - DAG(s) 'dataset_s3_bucket_producer_with_no_taskflow', 'dataset_alias_example_alias_producer_with_no_taskflow', 'dataset_s3_bucket_consumer_with_no_taskflow', 'dataset_alias_example_alias_consumer_with_no_taskflow' retrieved from /Users/andreasanditya/Downloads/572392_Andreas_AirflowETL/code/.venv/lib/python3.9/site-packages/airflow/example_dags/example_dataset_alias_with_no_taskflow.py
[2026-09-18T11:34:19.494+0700] {logging_mixin.py:190} INFO - [2026-09-18T11:34:19.494+0700] {dag.py:3239} INFO - Sync 4 DAGs
[2026-09-18T11:34:19.505+0700] {logging_mixin.py:190} INFO - [2026-09-18T11:34:19.505+0700] {dag.py:4180} INFO - Setting next_dagrun for dataset_alias_example_alias_consumer_with_no_taskflow to None, run_after=None
[2026-09-18T11:34:19.506+0700] {logging_mixin.py:190} INFO - [2026-09-18T11:34:19.506+0700] {dag.py:4180} INFO - Setting next_dagrun for dataset_alias_example_alias_producer_with_no_taskflow to None, run_after=None
[2026-09-18T11:34:19.507+0700] {logging_mixin.py:190} INFO - [2026-09-18T11:34:19.507+0700] {dag.py:4180} INFO - Setting next_dagrun for dataset_s3_bucket_consumer_with_no_taskflow to None, run_after=None
[2026-09-18T11:34:19.507+0700] {logging_mixin.py:190} INFO - [2026-09-18T11:34:19.507+0700] {dag.py:4180} INFO - Setting next_dagrun for dataset_s3_bucket_producer_with_no_taskflow to None, run_after=None
[2026-09-18T11:34:19.522+0700] {processor.py:208} INFO - Processing /Users/andreasanditya/Downloads/572392_Andreas_AirflowETL/code/.venv/lib/python3.9/site-packages/airflow/example_dags/example_dataset_alias_with_no_taskflow.py took 0.184 seconds
[2026-09-18T11:37:16.447+0700] {processor.py:186} INFO - Started process (PID=23318) to work on /Users/andreasanditya/Downloads/572392_Andreas_AirflowETL/code/.venv/lib/python3.9/site-packages/airflow/example_dags/example_dataset_alias_with_no_taskflow.py
[2026-09-18T11:37:16.448+0700] {processor.py:914} INFO - Processing file /Users/andreasanditya/Downloads/572392_Andreas_AirflowETL/code/.venv/lib/python3.9/site-packages/airflow/example_dags/example_dataset_alias_with_no_taskflow.py for tasks to queue
[2026-09-18T11:37:16.449+0700] {logging_mixin.py:190} INFO - [2026-09-18T11:37:16.449+0700] {dagbag.py:588} INFO - Filling up the DagBag from /Users/andreasanditya/Downloads/572392_Andreas_AirflowETL/code/.venv/lib/python3.9/site-packages/airflow/example_dags/example_dataset_alias_with_no_taskflow.py
[2026-09-18T11:37:16.576+0700] {processor.py:925} INFO - DAG(s) 'dataset_s3_bucket_producer_with_no_taskflow', 'dataset_s3_bucket_consumer_with_no_taskflow', 'dataset_alias_example_alias_consumer_with_no_taskflow', 'dataset_alias_example_alias_producer_with_no_taskflow' retrieved from /Users/andreasanditya/Downloads/572392_Andreas_AirflowETL/code/.venv/lib/python3.9/site-packages/airflow/example_dags/example_dataset_alias_with_no_taskflow.py
[2026-09-18T11:37:16.589+0700] {logging_mixin.py:190} INFO - [2026-09-18T11:37:16.589+0700] {dag.py:3239} INFO - Sync 4 DAGs
[2026-09-18T11:37:16.600+0700] {logging_mixin.py:190} INFO - [2026-09-18T11:37:16.600+0700] {dag.py:4180} INFO - Setting next_dagrun for dataset_alias_example_alias_consumer_with_no_taskflow to None, run_after=None
[2026-09-18T11:37:16.602+0700] {logging_mixin.py:190} INFO - [2026-09-18T11:37:16.601+0700] {dag.py:4180} INFO - Setting next_dagrun for dataset_alias_example_alias_producer_with_no_taskflow to None, run_after=None
[2026-09-18T11:37:16.602+0700] {logging_mixin.py:190} INFO - [2026-09-18T11:37:16.602+0700] {dag.py:4180} INFO - Setting next_dagrun for dataset_s3_bucket_consumer_with_no_taskflow to None, run_after=None
[2026-09-18T11:37:16.603+0700] {logging_mixin.py:190} INFO - [2026-09-18T11:37:16.603+0700] {dag.py:4180} INFO - Setting next_dagrun for dataset_s3_bucket_producer_with_no_taskflow to None, run_after=None
[2026-09-18T11:37:16.616+0700] {processor.py:208} INFO - Processing /Users/andreasanditya/Downloads/572392_Andreas_AirflowETL/code/.venv/lib/python3.9/site-packages/airflow/example_dags/example_dataset_alias_with_no_taskflow.py took 0.171 seconds
[2026-09-18T11:40:11.018+0700] {processor.py:186} INFO - Started process (PID=25120) to work on /Users/andreasanditya/Downloads/572392_Andreas_AirflowETL/code/.venv/lib/python3.9/site-packages/airflow/example_dags/example_dataset_alias_with_no_taskflow.py
[2026-09-18T11:40:11.019+0700] {processor.py:914} INFO - Processing file /Users/andreasanditya/Downloads/572392_Andreas_AirflowETL/code/.venv/lib/python3.9/site-packages/airflow/example_dags/example_dataset_alias_with_no_taskflow.py for tasks to queue
[2026-09-18T11:40:11.020+0700] {logging_mixin.py:190} INFO - [2026-09-18T11:40:11.020+0700] {dagbag.py:588} INFO - Filling up the DagBag from /Users/andreasanditya/Downloads/572392_Andreas_AirflowETL/code/.venv/lib/python3.9/site-packages/airflow/example_dags/example_dataset_alias_with_no_taskflow.py
[2026-09-18T11:40:11.148+0700] {processor.py:925} INFO - DAG(s) 'dataset_alias_example_alias_consumer_with_no_taskflow', 'dataset_s3_bucket_consumer_with_no_taskflow', 'dataset_s3_bucket_producer_with_no_taskflow', 'dataset_alias_example_alias_producer_with_no_taskflow' retrieved from /Users/andreasanditya/Downloads/572392_Andreas_AirflowETL/code/.venv/lib/python3.9/site-packages/airflow/example_dags/example_dataset_alias_with_no_taskflow.py
[2026-09-18T11:40:11.161+0700] {logging_mixin.py:190} INFO - [2026-09-18T11:40:11.161+0700] {dag.py:3239} INFO - Sync 4 DAGs
[2026-09-18T11:40:11.173+0700] {logging_mixin.py:190} INFO - [2026-09-18T11:40:11.173+0700] {dag.py:4180} INFO - Setting next_dagrun for dataset_alias_example_alias_consumer_with_no_taskflow to None, run_after=None
[2026-09-18T11:40:11.174+0700] {logging_mixin.py:190} INFO - [2026-09-18T11:40:11.174+0700] {dag.py:4180} INFO - Setting next_dagrun for dataset_alias_example_alias_producer_with_no_taskflow to None, run_after=None
[2026-09-18T11:40:11.175+0700] {logging_mixin.py:190} INFO - [2026-09-18T11:40:11.175+0700] {dag.py:4180} INFO - Setting next_dagrun for dataset_s3_bucket_consumer_with_no_taskflow to None, run_after=None
[2026-09-18T11:40:11.175+0700] {logging_mixin.py:190} INFO - [2026-09-18T11:40:11.175+0700] {dag.py:4180} INFO - Setting next_dagrun for dataset_s3_bucket_producer_with_no_taskflow to None, run_after=None
[2026-09-18T11:40:11.188+0700] {processor.py:208} INFO - Processing /Users/andreasanditya/Downloads/572392_Andreas_AirflowETL/code/.venv/lib/python3.9/site-packages/airflow/example_dags/example_dataset_alias_with_no_taskflow.py took 0.172 seconds
[2026-09-18T11:43:10.099+0700] {processor.py:186} INFO - Started process (PID=26947) to work on /Users/andreasanditya/Downloads/572392_Andreas_AirflowETL/code/.venv/lib/python3.9/site-packages/airflow/example_dags/example_dataset_alias_with_no_taskflow.py
[2026-09-18T11:43:10.100+0700] {processor.py:914} INFO - Processing file /Users/andreasanditya/Downloads/572392_Andreas_AirflowETL/code/.venv/lib/python3.9/site-packages/airflow/example_dags/example_dataset_alias_with_no_taskflow.py for tasks to queue
[2026-09-18T11:43:10.100+0700] {logging_mixin.py:190} INFO - [2026-09-18T11:43:10.100+0700] {dagbag.py:588} INFO - Filling up the DagBag from /Users/andreasanditya/Downloads/572392_Andreas_AirflowETL/code/.venv/lib/python3.9/site-packages/airflow/example_dags/example_dataset_alias_with_no_taskflow.py
[2026-09-18T11:43:10.219+0700] {processor.py:925} INFO - DAG(s) 'dataset_alias_example_alias_producer_with_no_taskflow', 'dataset_s3_bucket_producer_with_no_taskflow', 'dataset_s3_bucket_consumer_with_no_taskflow', 'dataset_alias_example_alias_consumer_with_no_taskflow' retrieved from /Users/andreasanditya/Downloads/572392_Andreas_AirflowETL/code/.venv/lib/python3.9/site-packages/airflow/example_dags/example_dataset_alias_with_no_taskflow.py
[2026-09-18T11:43:10.231+0700] {logging_mixin.py:190} INFO - [2026-09-18T11:43:10.231+0700] {dag.py:3239} INFO - Sync 4 DAGs
[2026-09-18T11:43:10.241+0700] {logging_mixin.py:190} INFO - [2026-09-18T11:43:10.241+0700] {dag.py:4180} INFO - Setting next_dagrun for dataset_alias_example_alias_consumer_with_no_taskflow to None, run_after=None
[2026-09-18T11:43:10.242+0700] {logging_mixin.py:190} INFO - [2026-09-18T11:43:10.242+0700] {dag.py:4180} INFO - Setting next_dagrun for dataset_alias_example_alias_producer_with_no_taskflow to None, run_after=None
[2026-09-18T11:43:10.243+0700] {logging_mixin.py:190} INFO - [2026-09-18T11:43:10.243+0700] {dag.py:4180} INFO - Setting next_dagrun for dataset_s3_bucket_consumer_with_no_taskflow to None, run_after=None
[2026-09-18T11:43:10.243+0700] {logging_mixin.py:190} INFO - [2026-09-18T11:43:10.243+0700] {dag.py:4180} INFO - Setting next_dagrun for dataset_s3_bucket_producer_with_no_taskflow to None, run_after=None
[2026-09-18T11:43:10.255+0700] {processor.py:208} INFO - Processing /Users/andreasanditya/Downloads/572392_Andreas_AirflowETL/code/.venv/lib/python3.9/site-packages/airflow/example_dags/example_dataset_alias_with_no_taskflow.py took 0.159 seconds
[2026-09-18T11:46:03.332+0700] {processor.py:186} INFO - Started process (PID=28659) to work on /Users/andreasanditya/Downloads/572392_Andreas_AirflowETL/code/.venv/lib/python3.9/site-packages/airflow/example_dags/example_dataset_alias_with_no_taskflow.py
[2026-09-18T11:46:03.333+0700] {processor.py:914} INFO - Processing file /Users/andreasanditya/Downloads/572392_Andreas_AirflowETL/code/.venv/lib/python3.9/site-packages/airflow/example_dags/example_dataset_alias_with_no_taskflow.py for tasks to queue
[2026-09-18T11:46:03.334+0700] {logging_mixin.py:190} INFO - [2026-09-18T11:46:03.334+0700] {dagbag.py:588} INFO - Filling up the DagBag from /Users/andreasanditya/Downloads/572392_Andreas_AirflowETL/code/.venv/lib/python3.9/site-packages/airflow/example_dags/example_dataset_alias_with_no_taskflow.py
[2026-09-18T11:46:03.456+0700] {processor.py:925} INFO - DAG(s) 'dataset_s3_bucket_consumer_with_no_taskflow', 'dataset_alias_example_alias_consumer_with_no_taskflow', 'dataset_s3_bucket_producer_with_no_taskflow', 'dataset_alias_example_alias_producer_with_no_taskflow' retrieved from /Users/andreasanditya/Downloads/572392_Andreas_AirflowETL/code/.venv/lib/python3.9/site-packages/airflow/example_dags/example_dataset_alias_with_no_taskflow.py
[2026-09-18T11:46:03.468+0700] {logging_mixin.py:190} INFO - [2026-09-18T11:46:03.468+0700] {dag.py:3239} INFO - Sync 4 DAGs
[2026-09-18T11:46:03.478+0700] {logging_mixin.py:190} INFO - [2026-09-18T11:46:03.478+0700] {dag.py:4180} INFO - Setting next_dagrun for dataset_alias_example_alias_consumer_with_no_taskflow to None, run_after=None
[2026-09-18T11:46:03.479+0700] {logging_mixin.py:190} INFO - [2026-09-18T11:46:03.479+0700] {dag.py:4180} INFO - Setting next_dagrun for dataset_alias_example_alias_producer_with_no_taskflow to None, run_after=None
[2026-09-18T11:46:03.480+0700] {logging_mixin.py:190} INFO - [2026-09-18T11:46:03.480+0700] {dag.py:4180} INFO - Setting next_dagrun for dataset_s3_bucket_consumer_with_no_taskflow to None, run_after=None
[2026-09-18T11:46:03.480+0700] {logging_mixin.py:190} INFO - [2026-09-18T11:46:03.480+0700] {dag.py:4180} INFO - Setting next_dagrun for dataset_s3_bucket_producer_with_no_taskflow to None, run_after=None
[2026-09-18T11:46:03.492+0700] {processor.py:208} INFO - Processing /Users/andreasanditya/Downloads/572392_Andreas_AirflowETL/code/.venv/lib/python3.9/site-packages/airflow/example_dags/example_dataset_alias_with_no_taskflow.py took 0.162 seconds
[2026-09-18T11:48:57.573+0700] {processor.py:186} INFO - Started process (PID=30411) to work on /Users/andreasanditya/Downloads/572392_Andreas_AirflowETL/code/.venv/lib/python3.9/site-packages/airflow/example_dags/example_dataset_alias_with_no_taskflow.py
[2026-09-18T11:48:57.577+0700] {processor.py:914} INFO - Processing file /Users/andreasanditya/Downloads/572392_Andreas_AirflowETL/code/.venv/lib/python3.9/site-packages/airflow/example_dags/example_dataset_alias_with_no_taskflow.py for tasks to queue
[2026-09-18T11:48:57.577+0700] {logging_mixin.py:190} INFO - [2026-09-18T11:48:57.577+0700] {dagbag.py:588} INFO - Filling up the DagBag from /Users/andreasanditya/Downloads/572392_Andreas_AirflowETL/code/.venv/lib/python3.9/site-packages/airflow/example_dags/example_dataset_alias_with_no_taskflow.py
[2026-09-18T11:48:57.700+0700] {processor.py:925} INFO - DAG(s) 'dataset_alias_example_alias_producer_with_no_taskflow', 'dataset_alias_example_alias_consumer_with_no_taskflow', 'dataset_s3_bucket_producer_with_no_taskflow', 'dataset_s3_bucket_consumer_with_no_taskflow' retrieved from /Users/andreasanditya/Downloads/572392_Andreas_AirflowETL/code/.venv/lib/python3.9/site-packages/airflow/example_dags/example_dataset_alias_with_no_taskflow.py
[2026-09-18T11:48:57.713+0700] {logging_mixin.py:190} INFO - [2026-09-18T11:48:57.713+0700] {dag.py:3239} INFO - Sync 4 DAGs
[2026-09-18T11:48:57.723+0700] {logging_mixin.py:190} INFO - [2026-09-18T11:48:57.723+0700] {dag.py:4180} INFO - Setting next_dagrun for dataset_alias_example_alias_consumer_with_no_taskflow to None, run_after=None
[2026-09-18T11:48:57.724+0700] {logging_mixin.py:190} INFO - [2026-09-18T11:48:57.724+0700] {dag.py:4180} INFO - Setting next_dagrun for dataset_alias_example_alias_producer_with_no_taskflow to None, run_after=None
[2026-09-18T11:48:57.724+0700] {logging_mixin.py:190} INFO - [2026-09-18T11:48:57.724+0700] {dag.py:4180} INFO - Setting next_dagrun for dataset_s3_bucket_consumer_with_no_taskflow to None, run_after=None
[2026-09-18T11:48:57.725+0700] {logging_mixin.py:190} INFO - [2026-09-18T11:48:57.725+0700] {dag.py:4180} INFO - Setting next_dagrun for dataset_s3_bucket_producer_with_no_taskflow to None, run_after=None
[2026-09-18T11:48:57.737+0700] {processor.py:208} INFO - Processing /Users/andreasanditya/Downloads/572392_Andreas_AirflowETL/code/.venv/lib/python3.9/site-packages/airflow/example_dags/example_dataset_alias_with_no_taskflow.py took 0.166 seconds
[2026-09-18T11:51:48.830+0700] {processor.py:186} INFO - Started process (PID=32132) to work on /Users/andreasanditya/Downloads/572392_Andreas_AirflowETL/code/.venv/lib/python3.9/site-packages/airflow/example_dags/example_dataset_alias_with_no_taskflow.py
[2026-09-18T11:51:48.831+0700] {processor.py:914} INFO - Processing file /Users/andreasanditya/Downloads/572392_Andreas_AirflowETL/code/.venv/lib/python3.9/site-packages/airflow/example_dags/example_dataset_alias_with_no_taskflow.py for tasks to queue
[2026-09-18T11:51:48.832+0700] {logging_mixin.py:190} INFO - [2026-09-18T11:51:48.832+0700] {dagbag.py:588} INFO - Filling up the DagBag from /Users/andreasanditya/Downloads/572392_Andreas_AirflowETL/code/.venv/lib/python3.9/site-packages/airflow/example_dags/example_dataset_alias_with_no_taskflow.py
[2026-09-18T11:51:48.958+0700] {processor.py:925} INFO - DAG(s) 'dataset_s3_bucket_consumer_with_no_taskflow', 'dataset_alias_example_alias_producer_with_no_taskflow', 'dataset_s3_bucket_producer_with_no_taskflow', 'dataset_alias_example_alias_consumer_with_no_taskflow' retrieved from /Users/andreasanditya/Downloads/572392_Andreas_AirflowETL/code/.venv/lib/python3.9/site-packages/airflow/example_dags/example_dataset_alias_with_no_taskflow.py
[2026-09-18T11:51:48.970+0700] {logging_mixin.py:190} INFO - [2026-09-18T11:51:48.970+0700] {dag.py:3239} INFO - Sync 4 DAGs
[2026-09-18T11:51:48.980+0700] {logging_mixin.py:190} INFO - [2026-09-18T11:51:48.980+0700] {dag.py:4180} INFO - Setting next_dagrun for dataset_alias_example_alias_consumer_with_no_taskflow to None, run_after=None
[2026-09-18T11:51:48.982+0700] {logging_mixin.py:190} INFO - [2026-09-18T11:51:48.981+0700] {dag.py:4180} INFO - Setting next_dagrun for dataset_alias_example_alias_producer_with_no_taskflow to None, run_after=None
[2026-09-18T11:51:48.982+0700] {logging_mixin.py:190} INFO - [2026-09-18T11:51:48.982+0700] {dag.py:4180} INFO - Setting next_dagrun for dataset_s3_bucket_consumer_with_no_taskflow to None, run_after=None
[2026-09-18T11:51:48.983+0700] {logging_mixin.py:190} INFO - [2026-09-18T11:51:48.983+0700] {dag.py:4180} INFO - Setting next_dagrun for dataset_s3_bucket_producer_with_no_taskflow to None, run_after=None
[2026-09-18T11:51:48.996+0700] {processor.py:208} INFO - Processing /Users/andreasanditya/Downloads/572392_Andreas_AirflowETL/code/.venv/lib/python3.9/site-packages/airflow/example_dags/example_dataset_alias_with_no_taskflow.py took 0.168 seconds
[2026-09-18T11:54:41.604+0700] {processor.py:186} INFO - Started process (PID=33874) to work on /Users/andreasanditya/Downloads/572392_Andreas_AirflowETL/code/.venv/lib/python3.9/site-packages/airflow/example_dags/example_dataset_alias_with_no_taskflow.py
[2026-09-18T11:54:41.605+0700] {processor.py:914} INFO - Processing file /Users/andreasanditya/Downloads/572392_Andreas_AirflowETL/code/.venv/lib/python3.9/site-packages/airflow/example_dags/example_dataset_alias_with_no_taskflow.py for tasks to queue
[2026-09-18T11:54:41.605+0700] {logging_mixin.py:190} INFO - [2026-09-18T11:54:41.605+0700] {dagbag.py:588} INFO - Filling up the DagBag from /Users/andreasanditya/Downloads/572392_Andreas_AirflowETL/code/.venv/lib/python3.9/site-packages/airflow/example_dags/example_dataset_alias_with_no_taskflow.py
[2026-09-18T11:54:41.723+0700] {processor.py:925} INFO - DAG(s) 'dataset_s3_bucket_consumer_with_no_taskflow', 'dataset_alias_example_alias_consumer_with_no_taskflow', 'dataset_alias_example_alias_producer_with_no_taskflow', 'dataset_s3_bucket_producer_with_no_taskflow' retrieved from /Users/andreasanditya/Downloads/572392_Andreas_AirflowETL/code/.venv/lib/python3.9/site-packages/airflow/example_dags/example_dataset_alias_with_no_taskflow.py
[2026-09-18T11:54:41.737+0700] {logging_mixin.py:190} INFO - [2026-09-18T11:54:41.737+0700] {dag.py:3239} INFO - Sync 4 DAGs
[2026-09-18T11:54:41.748+0700] {logging_mixin.py:190} INFO - [2026-09-18T11:54:41.748+0700] {dag.py:4180} INFO - Setting next_dagrun for dataset_alias_example_alias_consumer_with_no_taskflow to None, run_after=None
[2026-09-18T11:54:41.749+0700] {logging_mixin.py:190} INFO - [2026-09-18T11:54:41.749+0700] {dag.py:4180} INFO - Setting next_dagrun for dataset_alias_example_alias_producer_with_no_taskflow to None, run_after=None
[2026-09-18T11:54:41.750+0700] {logging_mixin.py:190} INFO - [2026-09-18T11:54:41.750+0700] {dag.py:4180} INFO - Setting next_dagrun for dataset_s3_bucket_consumer_with_no_taskflow to None, run_after=None
[2026-09-18T11:54:41.750+0700] {logging_mixin.py:190} INFO - [2026-09-18T11:54:41.750+0700] {dag.py:4180} INFO - Setting next_dagrun for dataset_s3_bucket_producer_with_no_taskflow to None, run_after=None
[2026-09-18T11:54:41.763+0700] {processor.py:208} INFO - Processing /Users/andreasanditya/Downloads/572392_Andreas_AirflowETL/code/.venv/lib/python3.9/site-packages/airflow/example_dags/example_dataset_alias_with_no_taskflow.py took 0.161 seconds
[2026-09-18T11:57:37.405+0700] {processor.py:186} INFO - Started process (PID=35696) to work on /Users/andreasanditya/Downloads/572392_Andreas_AirflowETL/code/.venv/lib/python3.9/site-packages/airflow/example_dags/example_dataset_alias_with_no_taskflow.py
[2026-09-18T11:57:37.406+0700] {processor.py:914} INFO - Processing file /Users/andreasanditya/Downloads/572392_Andreas_AirflowETL/code/.venv/lib/python3.9/site-packages/airflow/example_dags/example_dataset_alias_with_no_taskflow.py for tasks to queue
[2026-09-18T11:57:37.407+0700] {logging_mixin.py:190} INFO - [2026-09-18T11:57:37.407+0700] {dagbag.py:588} INFO - Filling up the DagBag from /Users/andreasanditya/Downloads/572392_Andreas_AirflowETL/code/.venv/lib/python3.9/site-packages/airflow/example_dags/example_dataset_alias_with_no_taskflow.py
[2026-09-18T11:57:37.531+0700] {processor.py:925} INFO - DAG(s) 'dataset_s3_bucket_producer_with_no_taskflow', 'dataset_alias_example_alias_consumer_with_no_taskflow', 'dataset_alias_example_alias_producer_with_no_taskflow', 'dataset_s3_bucket_consumer_with_no_taskflow' retrieved from /Users/andreasanditya/Downloads/572392_Andreas_AirflowETL/code/.venv/lib/python3.9/site-packages/airflow/example_dags/example_dataset_alias_with_no_taskflow.py
[2026-09-18T11:57:37.544+0700] {logging_mixin.py:190} INFO - [2026-09-18T11:57:37.544+0700] {dag.py:3239} INFO - Sync 4 DAGs
[2026-09-18T11:57:37.554+0700] {logging_mixin.py:190} INFO - [2026-09-18T11:57:37.554+0700] {dag.py:4180} INFO - Setting next_dagrun for dataset_alias_example_alias_consumer_with_no_taskflow to None, run_after=None
[2026-09-18T11:57:37.555+0700] {logging_mixin.py:190} INFO - [2026-09-18T11:57:37.555+0700] {dag.py:4180} INFO - Setting next_dagrun for dataset_alias_example_alias_producer_with_no_taskflow to None, run_after=None
[2026-09-18T11:57:37.556+0700] {logging_mixin.py:190} INFO - [2026-09-18T11:57:37.555+0700] {dag.py:4180} INFO - Setting next_dagrun for dataset_s3_bucket_consumer_with_no_taskflow to None, run_after=None
[2026-09-18T11:57:37.556+0700] {logging_mixin.py:190} INFO - [2026-09-18T11:57:37.556+0700] {dag.py:4180} INFO - Setting next_dagrun for dataset_s3_bucket_producer_with_no_taskflow to None, run_after=None
[2026-09-18T11:57:37.569+0700] {processor.py:208} INFO - Processing /Users/andreasanditya/Downloads/572392_Andreas_AirflowETL/code/.venv/lib/python3.9/site-packages/airflow/example_dags/example_dataset_alias_with_no_taskflow.py took 0.165 seconds
[2026-09-18T12:00:27.682+0700] {processor.py:186} INFO - Started process (PID=37430) to work on /Users/andreasanditya/Downloads/572392_Andreas_AirflowETL/code/.venv/lib/python3.9/site-packages/airflow/example_dags/example_dataset_alias_with_no_taskflow.py
[2026-09-18T12:00:27.684+0700] {processor.py:914} INFO - Processing file /Users/andreasanditya/Downloads/572392_Andreas_AirflowETL/code/.venv/lib/python3.9/site-packages/airflow/example_dags/example_dataset_alias_with_no_taskflow.py for tasks to queue
[2026-09-18T12:00:27.684+0700] {logging_mixin.py:190} INFO - [2026-09-18T12:00:27.684+0700] {dagbag.py:588} INFO - Filling up the DagBag from /Users/andreasanditya/Downloads/572392_Andreas_AirflowETL/code/.venv/lib/python3.9/site-packages/airflow/example_dags/example_dataset_alias_with_no_taskflow.py
[2026-09-18T12:00:27.804+0700] {processor.py:925} INFO - DAG(s) 'dataset_alias_example_alias_consumer_with_no_taskflow', 'dataset_s3_bucket_consumer_with_no_taskflow', 'dataset_alias_example_alias_producer_with_no_taskflow', 'dataset_s3_bucket_producer_with_no_taskflow' retrieved from /Users/andreasanditya/Downloads/572392_Andreas_AirflowETL/code/.venv/lib/python3.9/site-packages/airflow/example_dags/example_dataset_alias_with_no_taskflow.py
[2026-09-18T12:00:27.817+0700] {logging_mixin.py:190} INFO - [2026-09-18T12:00:27.817+0700] {dag.py:3239} INFO - Sync 4 DAGs
[2026-09-18T12:00:27.827+0700] {logging_mixin.py:190} INFO - [2026-09-18T12:00:27.827+0700] {dag.py:4180} INFO - Setting next_dagrun for dataset_alias_example_alias_consumer_with_no_taskflow to None, run_after=None
[2026-09-18T12:00:27.828+0700] {logging_mixin.py:190} INFO - [2026-09-18T12:00:27.828+0700] {dag.py:4180} INFO - Setting next_dagrun for dataset_alias_example_alias_producer_with_no_taskflow to None, run_after=None
[2026-09-18T12:00:27.828+0700] {logging_mixin.py:190} INFO - [2026-09-18T12:00:27.828+0700] {dag.py:4180} INFO - Setting next_dagrun for dataset_s3_bucket_consumer_with_no_taskflow to None, run_after=None
[2026-09-18T12:00:27.829+0700] {logging_mixin.py:190} INFO - [2026-09-18T12:00:27.829+0700] {dag.py:4180} INFO - Setting next_dagrun for dataset_s3_bucket_producer_with_no_taskflow to None, run_after=None
[2026-09-18T12:00:27.841+0700] {processor.py:208} INFO - Processing /Users/andreasanditya/Downloads/572392_Andreas_AirflowETL/code/.venv/lib/python3.9/site-packages/airflow/example_dags/example_dataset_alias_with_no_taskflow.py took 0.160 seconds
[2026-09-18T12:03:22.164+0700] {processor.py:186} INFO - Started process (PID=39178) to work on /Users/andreasanditya/Downloads/572392_Andreas_AirflowETL/code/.venv/lib/python3.9/site-packages/airflow/example_dags/example_dataset_alias_with_no_taskflow.py
[2026-09-18T12:03:22.165+0700] {processor.py:914} INFO - Processing file /Users/andreasanditya/Downloads/572392_Andreas_AirflowETL/code/.venv/lib/python3.9/site-packages/airflow/example_dags/example_dataset_alias_with_no_taskflow.py for tasks to queue
[2026-09-18T12:03:22.166+0700] {logging_mixin.py:190} INFO - [2026-09-18T12:03:22.166+0700] {dagbag.py:588} INFO - Filling up the DagBag from /Users/andreasanditya/Downloads/572392_Andreas_AirflowETL/code/.venv/lib/python3.9/site-packages/airflow/example_dags/example_dataset_alias_with_no_taskflow.py
[2026-09-18T12:03:22.286+0700] {processor.py:925} INFO - DAG(s) 'dataset_s3_bucket_consumer_with_no_taskflow', 'dataset_s3_bucket_producer_with_no_taskflow', 'dataset_alias_example_alias_producer_with_no_taskflow', 'dataset_alias_example_alias_consumer_with_no_taskflow' retrieved from /Users/andreasanditya/Downloads/572392_Andreas_AirflowETL/code/.venv/lib/python3.9/site-packages/airflow/example_dags/example_dataset_alias_with_no_taskflow.py
[2026-09-18T12:03:22.299+0700] {logging_mixin.py:190} INFO - [2026-09-18T12:03:22.299+0700] {dag.py:3239} INFO - Sync 4 DAGs
[2026-09-18T12:03:22.308+0700] {logging_mixin.py:190} INFO - [2026-09-18T12:03:22.308+0700] {dag.py:4180} INFO - Setting next_dagrun for dataset_alias_example_alias_consumer_with_no_taskflow to None, run_after=None
[2026-09-18T12:03:22.310+0700] {logging_mixin.py:190} INFO - [2026-09-18T12:03:22.310+0700] {dag.py:4180} INFO - Setting next_dagrun for dataset_alias_example_alias_producer_with_no_taskflow to None, run_after=None
[2026-09-18T12:03:22.310+0700] {logging_mixin.py:190} INFO - [2026-09-18T12:03:22.310+0700] {dag.py:4180} INFO - Setting next_dagrun for dataset_s3_bucket_consumer_with_no_taskflow to None, run_after=None
[2026-09-18T12:03:22.311+0700] {logging_mixin.py:190} INFO - [2026-09-18T12:03:22.311+0700] {dag.py:4180} INFO - Setting next_dagrun for dataset_s3_bucket_producer_with_no_taskflow to None, run_after=None
[2026-09-18T12:03:22.323+0700] {processor.py:208} INFO - Processing /Users/andreasanditya/Downloads/572392_Andreas_AirflowETL/code/.venv/lib/python3.9/site-packages/airflow/example_dags/example_dataset_alias_with_no_taskflow.py took 0.160 seconds
[2026-09-18T12:06:16.111+0700] {processor.py:186} INFO - Started process (PID=40925) to work on /Users/andreasanditya/Downloads/572392_Andreas_AirflowETL/code/.venv/lib/python3.9/site-packages/airflow/example_dags/example_dataset_alias_with_no_taskflow.py
[2026-09-18T12:06:16.112+0700] {processor.py:914} INFO - Processing file /Users/andreasanditya/Downloads/572392_Andreas_AirflowETL/code/.venv/lib/python3.9/site-packages/airflow/example_dags/example_dataset_alias_with_no_taskflow.py for tasks to queue
[2026-09-18T12:06:16.113+0700] {logging_mixin.py:190} INFO - [2026-09-18T12:06:16.113+0700] {dagbag.py:588} INFO - Filling up the DagBag from /Users/andreasanditya/Downloads/572392_Andreas_AirflowETL/code/.venv/lib/python3.9/site-packages/airflow/example_dags/example_dataset_alias_with_no_taskflow.py
[2026-09-18T12:06:16.242+0700] {processor.py:925} INFO - DAG(s) 'dataset_alias_example_alias_producer_with_no_taskflow', 'dataset_s3_bucket_consumer_with_no_taskflow', 'dataset_alias_example_alias_consumer_with_no_taskflow', 'dataset_s3_bucket_producer_with_no_taskflow' retrieved from /Users/andreasanditya/Downloads/572392_Andreas_AirflowETL/code/.venv/lib/python3.9/site-packages/airflow/example_dags/example_dataset_alias_with_no_taskflow.py
[2026-09-18T12:06:16.260+0700] {logging_mixin.py:190} INFO - [2026-09-18T12:06:16.260+0700] {dag.py:3239} INFO - Sync 4 DAGs
[2026-09-18T12:06:16.271+0700] {logging_mixin.py:190} INFO - [2026-09-18T12:06:16.271+0700] {dag.py:4180} INFO - Setting next_dagrun for dataset_alias_example_alias_consumer_with_no_taskflow to None, run_after=None
[2026-09-18T12:06:16.272+0700] {logging_mixin.py:190} INFO - [2026-09-18T12:06:16.272+0700] {dag.py:4180} INFO - Setting next_dagrun for dataset_alias_example_alias_producer_with_no_taskflow to None, run_after=None
[2026-09-18T12:06:16.273+0700] {logging_mixin.py:190} INFO - [2026-09-18T12:06:16.273+0700] {dag.py:4180} INFO - Setting next_dagrun for dataset_s3_bucket_consumer_with_no_taskflow to None, run_after=None
[2026-09-18T12:06:16.273+0700] {logging_mixin.py:190} INFO - [2026-09-18T12:06:16.273+0700] {dag.py:4180} INFO - Setting next_dagrun for dataset_s3_bucket_producer_with_no_taskflow to None, run_after=None
[2026-09-18T12:06:16.287+0700] {processor.py:208} INFO - Processing /Users/andreasanditya/Downloads/572392_Andreas_AirflowETL/code/.venv/lib/python3.9/site-packages/airflow/example_dags/example_dataset_alias_with_no_taskflow.py took 0.178 seconds
[2026-09-18T12:09:10.462+0700] {processor.py:186} INFO - Started process (PID=42666) to work on /Users/andreasanditya/Downloads/572392_Andreas_AirflowETL/code/.venv/lib/python3.9/site-packages/airflow/example_dags/example_dataset_alias_with_no_taskflow.py
[2026-09-18T12:09:10.463+0700] {processor.py:914} INFO - Processing file /Users/andreasanditya/Downloads/572392_Andreas_AirflowETL/code/.venv/lib/python3.9/site-packages/airflow/example_dags/example_dataset_alias_with_no_taskflow.py for tasks to queue
[2026-09-18T12:09:10.464+0700] {logging_mixin.py:190} INFO - [2026-09-18T12:09:10.464+0700] {dagbag.py:588} INFO - Filling up the DagBag from /Users/andreasanditya/Downloads/572392_Andreas_AirflowETL/code/.venv/lib/python3.9/site-packages/airflow/example_dags/example_dataset_alias_with_no_taskflow.py
[2026-09-18T12:09:10.588+0700] {processor.py:925} INFO - DAG(s) 'dataset_s3_bucket_producer_with_no_taskflow', 'dataset_alias_example_alias_producer_with_no_taskflow', 'dataset_s3_bucket_consumer_with_no_taskflow', 'dataset_alias_example_alias_consumer_with_no_taskflow' retrieved from /Users/andreasanditya/Downloads/572392_Andreas_AirflowETL/code/.venv/lib/python3.9/site-packages/airflow/example_dags/example_dataset_alias_with_no_taskflow.py
[2026-09-18T12:09:10.601+0700] {logging_mixin.py:190} INFO - [2026-09-18T12:09:10.601+0700] {dag.py:3239} INFO - Sync 4 DAGs
[2026-09-18T12:09:10.611+0700] {logging_mixin.py:190} INFO - [2026-09-18T12:09:10.611+0700] {dag.py:4180} INFO - Setting next_dagrun for dataset_alias_example_alias_consumer_with_no_taskflow to None, run_after=None
[2026-09-18T12:09:10.612+0700] {logging_mixin.py:190} INFO - [2026-09-18T12:09:10.612+0700] {dag.py:4180} INFO - Setting next_dagrun for dataset_alias_example_alias_producer_with_no_taskflow to None, run_after=None
[2026-09-18T12:09:10.612+0700] {logging_mixin.py:190} INFO - [2026-09-18T12:09:10.612+0700] {dag.py:4180} INFO - Setting next_dagrun for dataset_s3_bucket_consumer_with_no_taskflow to None, run_after=None
[2026-09-18T12:09:10.613+0700] {logging_mixin.py:190} INFO - [2026-09-18T12:09:10.613+0700] {dag.py:4180} INFO - Setting next_dagrun for dataset_s3_bucket_producer_with_no_taskflow to None, run_after=None
[2026-09-18T12:09:10.625+0700] {processor.py:208} INFO - Processing /Users/andreasanditya/Downloads/572392_Andreas_AirflowETL/code/.venv/lib/python3.9/site-packages/airflow/example_dags/example_dataset_alias_with_no_taskflow.py took 0.165 seconds
[2026-09-18T12:12:05.166+0700] {processor.py:186} INFO - Started process (PID=44398) to work on /Users/andreasanditya/Downloads/572392_Andreas_AirflowETL/code/.venv/lib/python3.9/site-packages/airflow/example_dags/example_dataset_alias_with_no_taskflow.py
[2026-09-18T12:12:05.167+0700] {processor.py:914} INFO - Processing file /Users/andreasanditya/Downloads/572392_Andreas_AirflowETL/code/.venv/lib/python3.9/site-packages/airflow/example_dags/example_dataset_alias_with_no_taskflow.py for tasks to queue
[2026-09-18T12:12:05.168+0700] {logging_mixin.py:190} INFO - [2026-09-18T12:12:05.167+0700] {dagbag.py:588} INFO - Filling up the DagBag from /Users/andreasanditya/Downloads/572392_Andreas_AirflowETL/code/.venv/lib/python3.9/site-packages/airflow/example_dags/example_dataset_alias_with_no_taskflow.py
[2026-09-18T12:12:05.290+0700] {processor.py:925} INFO - DAG(s) 'dataset_s3_bucket_producer_with_no_taskflow', 'dataset_alias_example_alias_consumer_with_no_taskflow', 'dataset_s3_bucket_consumer_with_no_taskflow', 'dataset_alias_example_alias_producer_with_no_taskflow' retrieved from /Users/andreasanditya/Downloads/572392_Andreas_AirflowETL/code/.venv/lib/python3.9/site-packages/airflow/example_dags/example_dataset_alias_with_no_taskflow.py
[2026-09-18T12:12:05.302+0700] {logging_mixin.py:190} INFO - [2026-09-18T12:12:05.302+0700] {dag.py:3239} INFO - Sync 4 DAGs
[2026-09-18T12:12:05.312+0700] {logging_mixin.py:190} INFO - [2026-09-18T12:12:05.312+0700] {dag.py:4180} INFO - Setting next_dagrun for dataset_alias_example_alias_consumer_with_no_taskflow to None, run_after=None
[2026-09-18T12:12:05.314+0700] {logging_mixin.py:190} INFO - [2026-09-18T12:12:05.313+0700] {dag.py:4180} INFO - Setting next_dagrun for dataset_alias_example_alias_producer_with_no_taskflow to None, run_after=None
[2026-09-18T12:12:05.314+0700] {logging_mixin.py:190} INFO - [2026-09-18T12:12:05.314+0700] {dag.py:4180} INFO - Setting next_dagrun for dataset_s3_bucket_consumer_with_no_taskflow to None, run_after=None
[2026-09-18T12:12:05.315+0700] {logging_mixin.py:190} INFO - [2026-09-18T12:12:05.315+0700] {dag.py:4180} INFO - Setting next_dagrun for dataset_s3_bucket_producer_with_no_taskflow to None, run_after=None
[2026-09-18T12:12:05.327+0700] {processor.py:208} INFO - Processing /Users/andreasanditya/Downloads/572392_Andreas_AirflowETL/code/.venv/lib/python3.9/site-packages/airflow/example_dags/example_dataset_alias_with_no_taskflow.py took 0.163 seconds
[2026-09-18T12:15:02.713+0700] {processor.py:186} INFO - Started process (PID=47168) to work on /Users/andreasanditya/Downloads/572392_Andreas_AirflowETL/code/.venv/lib/python3.9/site-packages/airflow/example_dags/example_dataset_alias_with_no_taskflow.py
[2026-09-18T12:15:02.715+0700] {processor.py:914} INFO - Processing file /Users/andreasanditya/Downloads/572392_Andreas_AirflowETL/code/.venv/lib/python3.9/site-packages/airflow/example_dags/example_dataset_alias_with_no_taskflow.py for tasks to queue
[2026-09-18T12:15:02.715+0700] {logging_mixin.py:190} INFO - [2026-09-18T12:15:02.715+0700] {dagbag.py:588} INFO - Filling up the DagBag from /Users/andreasanditya/Downloads/572392_Andreas_AirflowETL/code/.venv/lib/python3.9/site-packages/airflow/example_dags/example_dataset_alias_with_no_taskflow.py
[2026-09-18T12:15:02.841+0700] {processor.py:925} INFO - DAG(s) 'dataset_s3_bucket_consumer_with_no_taskflow', 'dataset_s3_bucket_producer_with_no_taskflow', 'dataset_alias_example_alias_producer_with_no_taskflow', 'dataset_alias_example_alias_consumer_with_no_taskflow' retrieved from /Users/andreasanditya/Downloads/572392_Andreas_AirflowETL/code/.venv/lib/python3.9/site-packages/airflow/example_dags/example_dataset_alias_with_no_taskflow.py
[2026-09-18T12:15:02.854+0700] {logging_mixin.py:190} INFO - [2026-09-18T12:15:02.854+0700] {dag.py:3239} INFO - Sync 4 DAGs
[2026-09-18T12:15:02.864+0700] {logging_mixin.py:190} INFO - [2026-09-18T12:15:02.864+0700] {dag.py:4180} INFO - Setting next_dagrun for dataset_alias_example_alias_consumer_with_no_taskflow to None, run_after=None
[2026-09-18T12:15:02.865+0700] {logging_mixin.py:190} INFO - [2026-09-18T12:15:02.865+0700] {dag.py:4180} INFO - Setting next_dagrun for dataset_alias_example_alias_producer_with_no_taskflow to None, run_after=None
[2026-09-18T12:15:02.866+0700] {logging_mixin.py:190} INFO - [2026-09-18T12:15:02.865+0700] {dag.py:4180} INFO - Setting next_dagrun for dataset_s3_bucket_consumer_with_no_taskflow to None, run_after=None
[2026-09-18T12:15:02.866+0700] {logging_mixin.py:190} INFO - [2026-09-18T12:15:02.866+0700] {dag.py:4180} INFO - Setting next_dagrun for dataset_s3_bucket_producer_with_no_taskflow to None, run_after=None
[2026-09-18T12:15:02.878+0700] {processor.py:208} INFO - Processing /Users/andreasanditya/Downloads/572392_Andreas_AirflowETL/code/.venv/lib/python3.9/site-packages/airflow/example_dags/example_dataset_alias_with_no_taskflow.py took 0.167 seconds
