[2026-09-18T11:18:21.483+0700] {processor.py:186} INFO - Started process (PID=11203) to work on /Users/andreasanditya/Downloads/572392_Andreas_AirflowETL/code/.venv/lib/python3.9/site-packages/airflow/example_dags/example_branch_labels.py
[2026-09-18T11:18:21.484+0700] {processor.py:914} INFO - Processing file /Users/andreasanditya/Downloads/572392_Andreas_AirflowETL/code/.venv/lib/python3.9/site-packages/airflow/example_dags/example_branch_labels.py for tasks to queue
[2026-09-18T11:18:21.486+0700] {logging_mixin.py:190} INFO - [2026-09-18T11:18:21.485+0700] {dagbag.py:588} INFO - Filling up the DagBag from /Users/andreasanditya/Downloads/572392_Andreas_AirflowETL/code/.venv/lib/python3.9/site-packages/airflow/example_dags/example_branch_labels.py
[2026-09-18T11:18:21.491+0700] {processor.py:925} INFO - DAG(s) 'example_branch_labels' retrieved from /Users/andreasanditya/Downloads/572392_Andreas_AirflowETL/code/.venv/lib/python3.9/site-packages/airflow/example_dags/example_branch_labels.py
[2026-09-18T11:18:21.642+0700] {logging_mixin.py:190} INFO - [2026-09-18T11:18:21.642+0700] {override.py:1912} INFO - Created Permission View: can edit on DAG:example_branch_labels
[2026-09-18T11:18:21.647+0700] {logging_mixin.py:190} INFO - [2026-09-18T11:18:21.647+0700] {override.py:1912} INFO - Created Permission View: can delete on DAG:example_branch_labels
[2026-09-18T11:18:21.650+0700] {logging_mixin.py:190} INFO - [2026-09-18T11:18:21.650+0700] {override.py:1912} INFO - Created Permission View: can read on DAG:example_branch_labels
[2026-09-18T11:18:21.654+0700] {logging_mixin.py:190} INFO - [2026-09-18T11:18:21.654+0700] {override.py:1912} INFO - Created Permission View: menu access on DAG Run:example_branch_labels
[2026-09-18T11:18:21.657+0700] {logging_mixin.py:190} INFO - [2026-09-18T11:18:21.656+0700] {override.py:1912} INFO - Created Permission View: can delete on DAG Run:example_branch_labels
[2026-09-18T11:18:21.660+0700] {logging_mixin.py:190} INFO - [2026-09-18T11:18:21.660+0700] {override.py:1912} INFO - Created Permission View: can create on DAG Run:example_branch_labels
[2026-09-18T11:18:21.663+0700] {logging_mixin.py:190} INFO - [2026-09-18T11:18:21.663+0700] {override.py:1912} INFO - Created Permission View: can read on DAG Run:example_branch_labels
[2026-09-18T11:18:21.663+0700] {logging_mixin.py:190} INFO - [2026-09-18T11:18:21.663+0700] {dag.py:3239} INFO - Sync 1 DAGs
[2026-09-18T11:18:21.670+0700] {logging_mixin.py:190} INFO - [2026-09-18T11:18:21.670+0700] {dag.py:3262} INFO - Creating ORM DAG for example_branch_labels
[2026-09-18T11:18:21.675+0700] {logging_mixin.py:190} INFO - [2026-09-18T11:18:21.675+0700] {dag.py:4180} INFO - Setting next_dagrun for example_branch_labels to 2026-09-17 00:00:00+00:00, run_after=2026-09-18 00:00:00+00:00
[2026-09-18T11:18:21.684+0700] {processor.py:208} INFO - Processing /Users/andreasanditya/Downloads/572392_Andreas_AirflowETL/code/.venv/lib/python3.9/site-packages/airflow/example_dags/example_branch_labels.py took 0.204 seconds
[2026-09-18T11:21:38.331+0700] {processor.py:186} INFO - Started process (PID=13377) to work on /Users/andreasanditya/Downloads/572392_Andreas_AirflowETL/code/.venv/lib/python3.9/site-packages/airflow/example_dags/example_branch_labels.py
[2026-09-18T11:21:38.332+0700] {processor.py:914} INFO - Processing file /Users/andreasanditya/Downloads/572392_Andreas_AirflowETL/code/.venv/lib/python3.9/site-packages/airflow/example_dags/example_branch_labels.py for tasks to queue
[2026-09-18T11:21:38.333+0700] {logging_mixin.py:190} INFO - [2026-09-18T11:21:38.333+0700] {dagbag.py:588} INFO - Filling up the DagBag from /Users/andreasanditya/Downloads/572392_Andreas_AirflowETL/code/.venv/lib/python3.9/site-packages/airflow/example_dags/example_branch_labels.py
[2026-09-18T11:21:38.338+0700] {processor.py:925} INFO - DAG(s) 'example_branch_labels' retrieved from /Users/andreasanditya/Downloads/572392_Andreas_AirflowETL/code/.venv/lib/python3.9/site-packages/airflow/example_dags/example_branch_labels.py
[2026-09-18T11:21:38.428+0700] {logging_mixin.py:190} INFO - [2026-09-18T11:21:38.428+0700] {dag.py:3239} INFO - Sync 1 DAGs
[2026-09-18T11:21:38.439+0700] {logging_mixin.py:190} INFO - [2026-09-18T11:21:38.439+0700] {dag.py:4180} INFO - Setting next_dagrun for example_branch_labels to 2026-09-17 00:00:00+00:00, run_after=2026-09-18 00:00:00+00:00
[2026-09-18T11:21:38.449+0700] {processor.py:208} INFO - Processing /Users/andreasanditya/Downloads/572392_Andreas_AirflowETL/code/.venv/lib/python3.9/site-packages/airflow/example_dags/example_branch_labels.py took 0.121 seconds
[2026-09-18T11:25:40.256+0700] {processor.py:186} INFO - Started process (PID=16073) to work on /Users/andreasanditya/Downloads/572392_Andreas_AirflowETL/code/.venv/lib/python3.9/site-packages/airflow/example_dags/example_branch_labels.py
[2026-09-18T11:25:40.257+0700] {processor.py:914} INFO - Processing file /Users/andreasanditya/Downloads/572392_Andreas_AirflowETL/code/.venv/lib/python3.9/site-packages/airflow/example_dags/example_branch_labels.py for tasks to queue
[2026-09-18T11:25:40.258+0700] {logging_mixin.py:190} INFO - [2026-09-18T11:25:40.258+0700] {dagbag.py:588} INFO - Filling up the DagBag from /Users/andreasanditya/Downloads/572392_Andreas_AirflowETL/code/.venv/lib/python3.9/site-packages/airflow/example_dags/example_branch_labels.py
[2026-09-18T11:25:40.263+0700] {processor.py:925} INFO - DAG(s) 'example_branch_labels' retrieved from /Users/andreasanditya/Downloads/572392_Andreas_AirflowETL/code/.venv/lib/python3.9/site-packages/airflow/example_dags/example_branch_labels.py
[2026-09-18T11:25:40.356+0700] {logging_mixin.py:190} INFO - [2026-09-18T11:25:40.356+0700] {dag.py:3239} INFO - Sync 1 DAGs
[2026-09-18T11:25:40.369+0700] {logging_mixin.py:190} INFO - [2026-09-18T11:25:40.369+0700] {dag.py:4180} INFO - Setting next_dagrun for example_branch_labels to 2026-09-17 00:00:00+00:00, run_after=2026-09-18 00:00:00+00:00
[2026-09-18T11:25:40.381+0700] {processor.py:208} INFO - Processing /Users/andreasanditya/Downloads/572392_Andreas_AirflowETL/code/.venv/lib/python3.9/site-packages/airflow/example_dags/example_branch_labels.py took 0.127 seconds
[2026-09-18T11:28:41.593+0700] {processor.py:186} INFO - Started process (PID=17906) to work on /Users/andreasanditya/Downloads/572392_Andreas_AirflowETL/code/.venv/lib/python3.9/site-packages/airflow/example_dags/example_branch_labels.py
[2026-09-18T11:28:41.594+0700] {processor.py:914} INFO - Processing file /Users/andreasanditya/Downloads/572392_Andreas_AirflowETL/code/.venv/lib/python3.9/site-packages/airflow/example_dags/example_branch_labels.py for tasks to queue
[2026-09-18T11:28:41.595+0700] {logging_mixin.py:190} INFO - [2026-09-18T11:28:41.595+0700] {dagbag.py:588} INFO - Filling up the DagBag from /Users/andreasanditya/Downloads/572392_Andreas_AirflowETL/code/.venv/lib/python3.9/site-packages/airflow/example_dags/example_branch_labels.py
[2026-09-18T11:28:41.600+0700] {processor.py:925} INFO - DAG(s) 'example_branch_labels' retrieved from /Users/andreasanditya/Downloads/572392_Andreas_AirflowETL/code/.venv/lib/python3.9/site-packages/airflow/example_dags/example_branch_labels.py
[2026-09-18T11:28:41.690+0700] {logging_mixin.py:190} INFO - [2026-09-18T11:28:41.690+0700] {dag.py:3239} INFO - Sync 1 DAGs
[2026-09-18T11:28:41.702+0700] {logging_mixin.py:190} INFO - [2026-09-18T11:28:41.702+0700] {dag.py:4180} INFO - Setting next_dagrun for example_branch_labels to 2026-09-17 00:00:00+00:00, run_after=2026-09-18 00:00:00+00:00
[2026-09-18T11:28:41.712+0700] {processor.py:208} INFO - Processing /Users/andreasanditya/Downloads/572392_Andreas_AirflowETL/code/.venv/lib/python3.9/site-packages/airflow/example_dags/example_branch_labels.py took 0.121 seconds
[2026-09-18T11:31:39.971+0700] {processor.py:186} INFO - Started process (PID=19706) to work on /Users/andreasanditya/Downloads/572392_Andreas_AirflowETL/code/.venv/lib/python3.9/site-packages/airflow/example_dags/example_branch_labels.py
[2026-09-18T11:31:39.973+0700] {processor.py:914} INFO - Processing file /Users/andreasanditya/Downloads/572392_Andreas_AirflowETL/code/.venv/lib/python3.9/site-packages/airflow/example_dags/example_branch_labels.py for tasks to queue
[2026-09-18T11:31:39.974+0700] {logging_mixin.py:190} INFO - [2026-09-18T11:31:39.974+0700] {dagbag.py:588} INFO - Filling up the DagBag from /Users/andreasanditya/Downloads/572392_Andreas_AirflowETL/code/.venv/lib/python3.9/site-packages/airflow/example_dags/example_branch_labels.py
[2026-09-18T11:31:39.980+0700] {processor.py:925} INFO - DAG(s) 'example_branch_labels' retrieved from /Users/andreasanditya/Downloads/572392_Andreas_AirflowETL/code/.venv/lib/python3.9/site-packages/airflow/example_dags/example_branch_labels.py
[2026-09-18T11:31:40.067+0700] {logging_mixin.py:190} INFO - [2026-09-18T11:31:40.067+0700] {dag.py:3239} INFO - Sync 1 DAGs
[2026-09-18T11:31:40.078+0700] {logging_mixin.py:190} INFO - [2026-09-18T11:31:40.078+0700] {dag.py:4180} INFO - Setting next_dagrun for example_branch_labels to 2026-09-17 00:00:00+00:00, run_after=2026-09-18 00:00:00+00:00
[2026-09-18T11:31:40.088+0700] {processor.py:208} INFO - Processing /Users/andreasanditya/Downloads/572392_Andreas_AirflowETL/code/.venv/lib/python3.9/site-packages/airflow/example_dags/example_branch_labels.py took 0.119 seconds
[2026-09-18T11:34:34.010+0700] {processor.py:186} INFO - Started process (PID=21557) to work on /Users/andreasanditya/Downloads/572392_Andreas_AirflowETL/code/.venv/lib/python3.9/site-packages/airflow/example_dags/example_branch_labels.py
[2026-09-18T11:34:34.011+0700] {processor.py:914} INFO - Processing file /Users/andreasanditya/Downloads/572392_Andreas_AirflowETL/code/.venv/lib/python3.9/site-packages/airflow/example_dags/example_branch_labels.py for tasks to queue
[2026-09-18T11:34:34.012+0700] {logging_mixin.py:190} INFO - [2026-09-18T11:34:34.011+0700] {dagbag.py:588} INFO - Filling up the DagBag from /Users/andreasanditya/Downloads/572392_Andreas_AirflowETL/code/.venv/lib/python3.9/site-packages/airflow/example_dags/example_branch_labels.py
[2026-09-18T11:34:34.018+0700] {processor.py:925} INFO - DAG(s) 'example_branch_labels' retrieved from /Users/andreasanditya/Downloads/572392_Andreas_AirflowETL/code/.venv/lib/python3.9/site-packages/airflow/example_dags/example_branch_labels.py
[2026-09-18T11:34:34.108+0700] {logging_mixin.py:190} INFO - [2026-09-18T11:34:34.108+0700] {dag.py:3239} INFO - Sync 1 DAGs
[2026-09-18T11:34:34.120+0700] {logging_mixin.py:190} INFO - [2026-09-18T11:34:34.120+0700] {dag.py:4180} INFO - Setting next_dagrun for example_branch_labels to 2026-09-17 00:00:00+00:00, run_after=2026-09-18 00:00:00+00:00
[2026-09-18T11:34:34.130+0700] {processor.py:208} INFO - Processing /Users/andreasanditya/Downloads/572392_Andreas_AirflowETL/code/.venv/lib/python3.9/site-packages/airflow/example_dags/example_branch_labels.py took 0.122 seconds
[2026-09-18T11:37:30.796+0700] {processor.py:186} INFO - Started process (PID=23509) to work on /Users/andreasanditya/Downloads/572392_Andreas_AirflowETL/code/.venv/lib/python3.9/site-packages/airflow/example_dags/example_branch_labels.py
[2026-09-18T11:37:30.797+0700] {processor.py:914} INFO - Processing file /Users/andreasanditya/Downloads/572392_Andreas_AirflowETL/code/.venv/lib/python3.9/site-packages/airflow/example_dags/example_branch_labels.py for tasks to queue
[2026-09-18T11:37:30.798+0700] {logging_mixin.py:190} INFO - [2026-09-18T11:37:30.798+0700] {dagbag.py:588} INFO - Filling up the DagBag from /Users/andreasanditya/Downloads/572392_Andreas_AirflowETL/code/.venv/lib/python3.9/site-packages/airflow/example_dags/example_branch_labels.py
[2026-09-18T11:37:30.804+0700] {processor.py:925} INFO - DAG(s) 'example_branch_labels' retrieved from /Users/andreasanditya/Downloads/572392_Andreas_AirflowETL/code/.venv/lib/python3.9/site-packages/airflow/example_dags/example_branch_labels.py
[2026-09-18T11:37:30.895+0700] {logging_mixin.py:190} INFO - [2026-09-18T11:37:30.895+0700] {dag.py:3239} INFO - Sync 1 DAGs
[2026-09-18T11:37:30.907+0700] {logging_mixin.py:190} INFO - [2026-09-18T11:37:30.907+0700] {dag.py:4180} INFO - Setting next_dagrun for example_branch_labels to 2026-09-17 00:00:00+00:00, run_after=2026-09-18 00:00:00+00:00
[2026-09-18T11:37:30.917+0700] {processor.py:208} INFO - Processing /Users/andreasanditya/Downloads/572392_Andreas_AirflowETL/code/.venv/lib/python3.9/site-packages/airflow/example_dags/example_branch_labels.py took 0.123 seconds
[2026-09-18T11:40:25.844+0700] {processor.py:186} INFO - Started process (PID=25266) to work on /Users/andreasanditya/Downloads/572392_Andreas_AirflowETL/code/.venv/lib/python3.9/site-packages/airflow/example_dags/example_branch_labels.py
[2026-09-18T11:40:25.845+0700] {processor.py:914} INFO - Processing file /Users/andreasanditya/Downloads/572392_Andreas_AirflowETL/code/.venv/lib/python3.9/site-packages/airflow/example_dags/example_branch_labels.py for tasks to queue
[2026-09-18T11:40:25.846+0700] {logging_mixin.py:190} INFO - [2026-09-18T11:40:25.846+0700] {dagbag.py:588} INFO - Filling up the DagBag from /Users/andreasanditya/Downloads/572392_Andreas_AirflowETL/code/.venv/lib/python3.9/site-packages/airflow/example_dags/example_branch_labels.py
[2026-09-18T11:40:25.851+0700] {processor.py:925} INFO - DAG(s) 'example_branch_labels' retrieved from /Users/andreasanditya/Downloads/572392_Andreas_AirflowETL/code/.venv/lib/python3.9/site-packages/airflow/example_dags/example_branch_labels.py
[2026-09-18T11:40:25.941+0700] {logging_mixin.py:190} INFO - [2026-09-18T11:40:25.941+0700] {dag.py:3239} INFO - Sync 1 DAGs
[2026-09-18T11:40:25.953+0700] {logging_mixin.py:190} INFO - [2026-09-18T11:40:25.953+0700] {dag.py:4180} INFO - Setting next_dagrun for example_branch_labels to 2026-09-17 00:00:00+00:00, run_after=2026-09-18 00:00:00+00:00
[2026-09-18T11:40:25.965+0700] {processor.py:208} INFO - Processing /Users/andreasanditya/Downloads/572392_Andreas_AirflowETL/code/.venv/lib/python3.9/site-packages/airflow/example_dags/example_branch_labels.py took 0.123 seconds
[2026-09-18T11:43:24.098+0700] {processor.py:186} INFO - Started process (PID=27123) to work on /Users/andreasanditya/Downloads/572392_Andreas_AirflowETL/code/.venv/lib/python3.9/site-packages/airflow/example_dags/example_branch_labels.py
[2026-09-18T11:43:24.101+0700] {processor.py:914} INFO - Processing file /Users/andreasanditya/Downloads/572392_Andreas_AirflowETL/code/.venv/lib/python3.9/site-packages/airflow/example_dags/example_branch_labels.py for tasks to queue
[2026-09-18T11:43:24.102+0700] {logging_mixin.py:190} INFO - [2026-09-18T11:43:24.102+0700] {dagbag.py:588} INFO - Filling up the DagBag from /Users/andreasanditya/Downloads/572392_Andreas_AirflowETL/code/.venv/lib/python3.9/site-packages/airflow/example_dags/example_branch_labels.py
[2026-09-18T11:43:24.107+0700] {processor.py:925} INFO - DAG(s) 'example_branch_labels' retrieved from /Users/andreasanditya/Downloads/572392_Andreas_AirflowETL/code/.venv/lib/python3.9/site-packages/airflow/example_dags/example_branch_labels.py
[2026-09-18T11:43:24.192+0700] {logging_mixin.py:190} INFO - [2026-09-18T11:43:24.192+0700] {dag.py:3239} INFO - Sync 1 DAGs
[2026-09-18T11:43:24.203+0700] {logging_mixin.py:190} INFO - [2026-09-18T11:43:24.203+0700] {dag.py:4180} INFO - Setting next_dagrun for example_branch_labels to 2026-09-17 00:00:00+00:00, run_after=2026-09-18 00:00:00+00:00
[2026-09-18T11:43:24.213+0700] {processor.py:208} INFO - Processing /Users/andreasanditya/Downloads/572392_Andreas_AirflowETL/code/.venv/lib/python3.9/site-packages/airflow/example_dags/example_branch_labels.py took 0.117 seconds
[2026-09-18T11:46:17.681+0700] {processor.py:186} INFO - Started process (PID=28848) to work on /Users/andreasanditya/Downloads/572392_Andreas_AirflowETL/code/.venv/lib/python3.9/site-packages/airflow/example_dags/example_branch_labels.py
[2026-09-18T11:46:17.682+0700] {processor.py:914} INFO - Processing file /Users/andreasanditya/Downloads/572392_Andreas_AirflowETL/code/.venv/lib/python3.9/site-packages/airflow/example_dags/example_branch_labels.py for tasks to queue
[2026-09-18T11:46:17.682+0700] {logging_mixin.py:190} INFO - [2026-09-18T11:46:17.682+0700] {dagbag.py:588} INFO - Filling up the DagBag from /Users/andreasanditya/Downloads/572392_Andreas_AirflowETL/code/.venv/lib/python3.9/site-packages/airflow/example_dags/example_branch_labels.py
[2026-09-18T11:46:17.688+0700] {processor.py:925} INFO - DAG(s) 'example_branch_labels' retrieved from /Users/andreasanditya/Downloads/572392_Andreas_AirflowETL/code/.venv/lib/python3.9/site-packages/airflow/example_dags/example_branch_labels.py
[2026-09-18T11:46:17.776+0700] {logging_mixin.py:190} INFO - [2026-09-18T11:46:17.776+0700] {dag.py:3239} INFO - Sync 1 DAGs
[2026-09-18T11:46:17.787+0700] {logging_mixin.py:190} INFO - [2026-09-18T11:46:17.787+0700] {dag.py:4180} INFO - Setting next_dagrun for example_branch_labels to 2026-09-17 00:00:00+00:00, run_after=2026-09-18 00:00:00+00:00
[2026-09-18T11:46:17.797+0700] {processor.py:208} INFO - Processing /Users/andreasanditya/Downloads/572392_Andreas_AirflowETL/code/.venv/lib/python3.9/site-packages/airflow/example_dags/example_branch_labels.py took 0.118 seconds
[2026-09-18T11:49:11.316+0700] {processor.py:186} INFO - Started process (PID=30605) to work on /Users/andreasanditya/Downloads/572392_Andreas_AirflowETL/code/.venv/lib/python3.9/site-packages/airflow/example_dags/example_branch_labels.py
[2026-09-18T11:49:11.317+0700] {processor.py:914} INFO - Processing file /Users/andreasanditya/Downloads/572392_Andreas_AirflowETL/code/.venv/lib/python3.9/site-packages/airflow/example_dags/example_branch_labels.py for tasks to queue
[2026-09-18T11:49:11.318+0700] {logging_mixin.py:190} INFO - [2026-09-18T11:49:11.317+0700] {dagbag.py:588} INFO - Filling up the DagBag from /Users/andreasanditya/Downloads/572392_Andreas_AirflowETL/code/.venv/lib/python3.9/site-packages/airflow/example_dags/example_branch_labels.py
[2026-09-18T11:49:11.323+0700] {processor.py:925} INFO - DAG(s) 'example_branch_labels' retrieved from /Users/andreasanditya/Downloads/572392_Andreas_AirflowETL/code/.venv/lib/python3.9/site-packages/airflow/example_dags/example_branch_labels.py
[2026-09-18T11:49:11.410+0700] {logging_mixin.py:190} INFO - [2026-09-18T11:49:11.410+0700] {dag.py:3239} INFO - Sync 1 DAGs
[2026-09-18T11:49:11.421+0700] {logging_mixin.py:190} INFO - [2026-09-18T11:49:11.421+0700] {dag.py:4180} INFO - Setting next_dagrun for example_branch_labels to 2026-09-17 00:00:00+00:00, run_after=2026-09-18 00:00:00+00:00
[2026-09-18T11:49:11.431+0700] {processor.py:208} INFO - Processing /Users/andreasanditya/Downloads/572392_Andreas_AirflowETL/code/.venv/lib/python3.9/site-packages/airflow/example_dags/example_branch_labels.py took 0.117 seconds
[2026-09-18T11:52:02.726+0700] {processor.py:186} INFO - Started process (PID=32321) to work on /Users/andreasanditya/Downloads/572392_Andreas_AirflowETL/code/.venv/lib/python3.9/site-packages/airflow/example_dags/example_branch_labels.py
[2026-09-18T11:52:02.728+0700] {processor.py:914} INFO - Processing file /Users/andreasanditya/Downloads/572392_Andreas_AirflowETL/code/.venv/lib/python3.9/site-packages/airflow/example_dags/example_branch_labels.py for tasks to queue
[2026-09-18T11:52:02.728+0700] {logging_mixin.py:190} INFO - [2026-09-18T11:52:02.728+0700] {dagbag.py:588} INFO - Filling up the DagBag from /Users/andreasanditya/Downloads/572392_Andreas_AirflowETL/code/.venv/lib/python3.9/site-packages/airflow/example_dags/example_branch_labels.py
[2026-09-18T11:52:02.734+0700] {processor.py:925} INFO - DAG(s) 'example_branch_labels' retrieved from /Users/andreasanditya/Downloads/572392_Andreas_AirflowETL/code/.venv/lib/python3.9/site-packages/airflow/example_dags/example_branch_labels.py
[2026-09-18T11:52:02.821+0700] {logging_mixin.py:190} INFO - [2026-09-18T11:52:02.821+0700] {dag.py:3239} INFO - Sync 1 DAGs
[2026-09-18T11:52:02.833+0700] {logging_mixin.py:190} INFO - [2026-09-18T11:52:02.833+0700] {dag.py:4180} INFO - Setting next_dagrun for example_branch_labels to 2026-09-17 00:00:00+00:00, run_after=2026-09-18 00:00:00+00:00
[2026-09-18T11:52:02.844+0700] {processor.py:208} INFO - Processing /Users/andreasanditya/Downloads/572392_Andreas_AirflowETL/code/.venv/lib/python3.9/site-packages/airflow/example_dags/example_branch_labels.py took 0.120 seconds
[2026-09-18T11:54:55.662+0700] {processor.py:186} INFO - Started process (PID=34064) to work on /Users/andreasanditya/Downloads/572392_Andreas_AirflowETL/code/.venv/lib/python3.9/site-packages/airflow/example_dags/example_branch_labels.py
[2026-09-18T11:54:55.664+0700] {processor.py:914} INFO - Processing file /Users/andreasanditya/Downloads/572392_Andreas_AirflowETL/code/.venv/lib/python3.9/site-packages/airflow/example_dags/example_branch_labels.py for tasks to queue
[2026-09-18T11:54:55.664+0700] {logging_mixin.py:190} INFO - [2026-09-18T11:54:55.664+0700] {dagbag.py:588} INFO - Filling up the DagBag from /Users/andreasanditya/Downloads/572392_Andreas_AirflowETL/code/.venv/lib/python3.9/site-packages/airflow/example_dags/example_branch_labels.py
[2026-09-18T11:54:55.670+0700] {processor.py:925} INFO - DAG(s) 'example_branch_labels' retrieved from /Users/andreasanditya/Downloads/572392_Andreas_AirflowETL/code/.venv/lib/python3.9/site-packages/airflow/example_dags/example_branch_labels.py
[2026-09-18T11:54:55.755+0700] {logging_mixin.py:190} INFO - [2026-09-18T11:54:55.755+0700] {dag.py:3239} INFO - Sync 1 DAGs
[2026-09-18T11:54:55.766+0700] {logging_mixin.py:190} INFO - [2026-09-18T11:54:55.766+0700] {dag.py:4180} INFO - Setting next_dagrun for example_branch_labels to 2026-09-17 00:00:00+00:00, run_after=2026-09-18 00:00:00+00:00
[2026-09-18T11:54:55.776+0700] {processor.py:208} INFO - Processing /Users/andreasanditya/Downloads/572392_Andreas_AirflowETL/code/.venv/lib/python3.9/site-packages/airflow/example_dags/example_branch_labels.py took 0.115 seconds
[2026-09-18T11:57:51.454+0700] {processor.py:186} INFO - Started process (PID=35804) to work on /Users/andreasanditya/Downloads/572392_Andreas_AirflowETL/code/.venv/lib/python3.9/site-packages/airflow/example_dags/example_branch_labels.py
[2026-09-18T11:57:51.455+0700] {processor.py:914} INFO - Processing file /Users/andreasanditya/Downloads/572392_Andreas_AirflowETL/code/.venv/lib/python3.9/site-packages/airflow/example_dags/example_branch_labels.py for tasks to queue
[2026-09-18T11:57:51.456+0700] {logging_mixin.py:190} INFO - [2026-09-18T11:57:51.456+0700] {dagbag.py:588} INFO - Filling up the DagBag from /Users/andreasanditya/Downloads/572392_Andreas_AirflowETL/code/.venv/lib/python3.9/site-packages/airflow/example_dags/example_branch_labels.py
[2026-09-18T11:57:51.461+0700] {processor.py:925} INFO - DAG(s) 'example_branch_labels' retrieved from /Users/andreasanditya/Downloads/572392_Andreas_AirflowETL/code/.venv/lib/python3.9/site-packages/airflow/example_dags/example_branch_labels.py
[2026-09-18T11:57:51.549+0700] {logging_mixin.py:190} INFO - [2026-09-18T11:57:51.549+0700] {dag.py:3239} INFO - Sync 1 DAGs
[2026-09-18T11:57:51.561+0700] {logging_mixin.py:190} INFO - [2026-09-18T11:57:51.560+0700] {dag.py:4180} INFO - Setting next_dagrun for example_branch_labels to 2026-09-17 00:00:00+00:00, run_after=2026-09-18 00:00:00+00:00
[2026-09-18T11:57:51.571+0700] {processor.py:208} INFO - Processing /Users/andreasanditya/Downloads/572392_Andreas_AirflowETL/code/.venv/lib/python3.9/site-packages/airflow/example_dags/example_branch_labels.py took 0.119 seconds
[2026-09-18T12:00:41.422+0700] {processor.py:186} INFO - Started process (PID=37546) to work on /Users/andreasanditya/Downloads/572392_Andreas_AirflowETL/code/.venv/lib/python3.9/site-packages/airflow/example_dags/example_branch_labels.py
[2026-09-18T12:00:41.423+0700] {processor.py:914} INFO - Processing file /Users/andreasanditya/Downloads/572392_Andreas_AirflowETL/code/.venv/lib/python3.9/site-packages/airflow/example_dags/example_branch_labels.py for tasks to queue
[2026-09-18T12:00:41.424+0700] {logging_mixin.py:190} INFO - [2026-09-18T12:00:41.424+0700] {dagbag.py:588} INFO - Filling up the DagBag from /Users/andreasanditya/Downloads/572392_Andreas_AirflowETL/code/.venv/lib/python3.9/site-packages/airflow/example_dags/example_branch_labels.py
[2026-09-18T12:00:41.429+0700] {processor.py:925} INFO - DAG(s) 'example_branch_labels' retrieved from /Users/andreasanditya/Downloads/572392_Andreas_AirflowETL/code/.venv/lib/python3.9/site-packages/airflow/example_dags/example_branch_labels.py
[2026-09-18T12:00:41.515+0700] {logging_mixin.py:190} INFO - [2026-09-18T12:00:41.515+0700] {dag.py:3239} INFO - Sync 1 DAGs
[2026-09-18T12:00:41.529+0700] {logging_mixin.py:190} INFO - [2026-09-18T12:00:41.528+0700] {dag.py:4180} INFO - Setting next_dagrun for example_branch_labels to 2026-09-17 00:00:00+00:00, run_after=2026-09-18 00:00:00+00:00
[2026-09-18T12:00:41.539+0700] {processor.py:208} INFO - Processing /Users/andreasanditya/Downloads/572392_Andreas_AirflowETL/code/.venv/lib/python3.9/site-packages/airflow/example_dags/example_branch_labels.py took 0.119 seconds
[2026-09-18T12:03:36.246+0700] {processor.py:186} INFO - Started process (PID=39291) to work on /Users/andreasanditya/Downloads/572392_Andreas_AirflowETL/code/.venv/lib/python3.9/site-packages/airflow/example_dags/example_branch_labels.py
[2026-09-18T12:03:36.247+0700] {processor.py:914} INFO - Processing file /Users/andreasanditya/Downloads/572392_Andreas_AirflowETL/code/.venv/lib/python3.9/site-packages/airflow/example_dags/example_branch_labels.py for tasks to queue
[2026-09-18T12:03:36.248+0700] {logging_mixin.py:190} INFO - [2026-09-18T12:03:36.248+0700] {dagbag.py:588} INFO - Filling up the DagBag from /Users/andreasanditya/Downloads/572392_Andreas_AirflowETL/code/.venv/lib/python3.9/site-packages/airflow/example_dags/example_branch_labels.py
[2026-09-18T12:03:36.253+0700] {processor.py:925} INFO - DAG(s) 'example_branch_labels' retrieved from /Users/andreasanditya/Downloads/572392_Andreas_AirflowETL/code/.venv/lib/python3.9/site-packages/airflow/example_dags/example_branch_labels.py
[2026-09-18T12:03:36.339+0700] {logging_mixin.py:190} INFO - [2026-09-18T12:03:36.339+0700] {dag.py:3239} INFO - Sync 1 DAGs
[2026-09-18T12:03:36.352+0700] {logging_mixin.py:190} INFO - [2026-09-18T12:03:36.351+0700] {dag.py:4180} INFO - Setting next_dagrun for example_branch_labels to 2026-09-17 00:00:00+00:00, run_after=2026-09-18 00:00:00+00:00
[2026-09-18T12:03:36.361+0700] {processor.py:208} INFO - Processing /Users/andreasanditya/Downloads/572392_Andreas_AirflowETL/code/.venv/lib/python3.9/site-packages/airflow/example_dags/example_branch_labels.py took 0.117 seconds
[2026-09-18T12:06:30.781+0700] {processor.py:186} INFO - Started process (PID=41033) to work on /Users/andreasanditya/Downloads/572392_Andreas_AirflowETL/code/.venv/lib/python3.9/site-packages/airflow/example_dags/example_branch_labels.py
[2026-09-18T12:06:30.782+0700] {processor.py:914} INFO - Processing file /Users/andreasanditya/Downloads/572392_Andreas_AirflowETL/code/.venv/lib/python3.9/site-packages/airflow/example_dags/example_branch_labels.py for tasks to queue
[2026-09-18T12:06:30.783+0700] {logging_mixin.py:190} INFO - [2026-09-18T12:06:30.783+0700] {dagbag.py:588} INFO - Filling up the DagBag from /Users/andreasanditya/Downloads/572392_Andreas_AirflowETL/code/.venv/lib/python3.9/site-packages/airflow/example_dags/example_branch_labels.py
[2026-09-18T12:06:30.788+0700] {processor.py:925} INFO - DAG(s) 'example_branch_labels' retrieved from /Users/andreasanditya/Downloads/572392_Andreas_AirflowETL/code/.venv/lib/python3.9/site-packages/airflow/example_dags/example_branch_labels.py
[2026-09-18T12:06:30.877+0700] {logging_mixin.py:190} INFO - [2026-09-18T12:06:30.877+0700] {dag.py:3239} INFO - Sync 1 DAGs
[2026-09-18T12:06:30.888+0700] {logging_mixin.py:190} INFO - [2026-09-18T12:06:30.888+0700] {dag.py:4180} INFO - Setting next_dagrun for example_branch_labels to 2026-09-17 00:00:00+00:00, run_after=2026-09-18 00:00:00+00:00
[2026-09-18T12:06:30.898+0700] {processor.py:208} INFO - Processing /Users/andreasanditya/Downloads/572392_Andreas_AirflowETL/code/.venv/lib/python3.9/site-packages/airflow/example_dags/example_branch_labels.py took 0.119 seconds
[2026-09-18T12:09:25.047+0700] {processor.py:186} INFO - Started process (PID=42863) to work on /Users/andreasanditya/Downloads/572392_Andreas_AirflowETL/code/.venv/lib/python3.9/site-packages/airflow/example_dags/example_branch_labels.py
[2026-09-18T12:09:25.048+0700] {processor.py:914} INFO - Processing file /Users/andreasanditya/Downloads/572392_Andreas_AirflowETL/code/.venv/lib/python3.9/site-packages/airflow/example_dags/example_branch_labels.py for tasks to queue
[2026-09-18T12:09:25.049+0700] {logging_mixin.py:190} INFO - [2026-09-18T12:09:25.048+0700] {dagbag.py:588} INFO - Filling up the DagBag from /Users/andreasanditya/Downloads/572392_Andreas_AirflowETL/code/.venv/lib/python3.9/site-packages/airflow/example_dags/example_branch_labels.py
[2026-09-18T12:09:25.054+0700] {processor.py:925} INFO - DAG(s) 'example_branch_labels' retrieved from /Users/andreasanditya/Downloads/572392_Andreas_AirflowETL/code/.venv/lib/python3.9/site-packages/airflow/example_dags/example_branch_labels.py
[2026-09-18T12:09:25.142+0700] {logging_mixin.py:190} INFO - [2026-09-18T12:09:25.141+0700] {dag.py:3239} INFO - Sync 1 DAGs
[2026-09-18T12:09:25.153+0700] {logging_mixin.py:190} INFO - [2026-09-18T12:09:25.153+0700] {dag.py:4180} INFO - Setting next_dagrun for example_branch_labels to 2026-09-17 00:00:00+00:00, run_after=2026-09-18 00:00:00+00:00
[2026-09-18T12:09:25.163+0700] {processor.py:208} INFO - Processing /Users/andreasanditya/Downloads/572392_Andreas_AirflowETL/code/.venv/lib/python3.9/site-packages/airflow/example_dags/example_branch_labels.py took 0.118 seconds
[2026-09-18T12:12:18.956+0700] {processor.py:186} INFO - Started process (PID=44588) to work on /Users/andreasanditya/Downloads/572392_Andreas_AirflowETL/code/.venv/lib/python3.9/site-packages/airflow/example_dags/example_branch_labels.py
[2026-09-18T12:12:18.957+0700] {processor.py:914} INFO - Processing file /Users/andreasanditya/Downloads/572392_Andreas_AirflowETL/code/.venv/lib/python3.9/site-packages/airflow/example_dags/example_branch_labels.py for tasks to queue
[2026-09-18T12:12:18.958+0700] {logging_mixin.py:190} INFO - [2026-09-18T12:12:18.958+0700] {dagbag.py:588} INFO - Filling up the DagBag from /Users/andreasanditya/Downloads/572392_Andreas_AirflowETL/code/.venv/lib/python3.9/site-packages/airflow/example_dags/example_branch_labels.py
[2026-09-18T12:12:18.963+0700] {processor.py:925} INFO - DAG(s) 'example_branch_labels' retrieved from /Users/andreasanditya/Downloads/572392_Andreas_AirflowETL/code/.venv/lib/python3.9/site-packages/airflow/example_dags/example_branch_labels.py
[2026-09-18T12:12:19.053+0700] {logging_mixin.py:190} INFO - [2026-09-18T12:12:19.053+0700] {dag.py:3239} INFO - Sync 1 DAGs
[2026-09-18T12:12:19.064+0700] {logging_mixin.py:190} INFO - [2026-09-18T12:12:19.064+0700] {dag.py:4180} INFO - Setting next_dagrun for example_branch_labels to 2026-09-17 00:00:00+00:00, run_after=2026-09-18 00:00:00+00:00
[2026-09-18T12:12:19.074+0700] {processor.py:208} INFO - Processing /Users/andreasanditya/Downloads/572392_Andreas_AirflowETL/code/.venv/lib/python3.9/site-packages/airflow/example_dags/example_branch_labels.py took 0.120 seconds
[2026-09-18T12:15:16.600+0700] {processor.py:186} INFO - Started process (PID=47374) to work on /Users/andreasanditya/Downloads/572392_Andreas_AirflowETL/code/.venv/lib/python3.9/site-packages/airflow/example_dags/example_branch_labels.py
[2026-09-18T12:15:16.601+0700] {processor.py:914} INFO - Processing file /Users/andreasanditya/Downloads/572392_Andreas_AirflowETL/code/.venv/lib/python3.9/site-packages/airflow/example_dags/example_branch_labels.py for tasks to queue
[2026-09-18T12:15:16.602+0700] {logging_mixin.py:190} INFO - [2026-09-18T12:15:16.602+0700] {dagbag.py:588} INFO - Filling up the DagBag from /Users/andreasanditya/Downloads/572392_Andreas_AirflowETL/code/.venv/lib/python3.9/site-packages/airflow/example_dags/example_branch_labels.py
[2026-09-18T12:15:16.607+0700] {processor.py:925} INFO - DAG(s) 'example_branch_labels' retrieved from /Users/andreasanditya/Downloads/572392_Andreas_AirflowETL/code/.venv/lib/python3.9/site-packages/airflow/example_dags/example_branch_labels.py
[2026-09-18T12:15:16.696+0700] {logging_mixin.py:190} INFO - [2026-09-18T12:15:16.696+0700] {dag.py:3239} INFO - Sync 1 DAGs
[2026-09-18T12:15:16.707+0700] {logging_mixin.py:190} INFO - [2026-09-18T12:15:16.707+0700] {dag.py:4180} INFO - Setting next_dagrun for example_branch_labels to 2026-09-17 00:00:00+00:00, run_after=2026-09-18 00:00:00+00:00
[2026-09-18T12:15:16.717+0700] {processor.py:208} INFO - Processing /Users/andreasanditya/Downloads/572392_Andreas_AirflowETL/code/.venv/lib/python3.9/site-packages/airflow/example_dags/example_branch_labels.py took 0.119 seconds
[2026-09-18T12:18:13.772+0700] {processor.py:186} INFO - Started process (PID=50364) to work on /Users/andreasanditya/Downloads/572392_Andreas_AirflowETL/code/.venv/lib/python3.9/site-packages/airflow/example_dags/example_branch_labels.py
[2026-09-18T12:18:13.773+0700] {processor.py:914} INFO - Processing file /Users/andreasanditya/Downloads/572392_Andreas_AirflowETL/code/.venv/lib/python3.9/site-packages/airflow/example_dags/example_branch_labels.py for tasks to queue
[2026-09-18T12:18:13.774+0700] {logging_mixin.py:190} INFO - [2026-09-18T12:18:13.774+0700] {dagbag.py:588} INFO - Filling up the DagBag from /Users/andreasanditya/Downloads/572392_Andreas_AirflowETL/code/.venv/lib/python3.9/site-packages/airflow/example_dags/example_branch_labels.py
[2026-09-18T12:18:13.780+0700] {processor.py:925} INFO - DAG(s) 'example_branch_labels' retrieved from /Users/andreasanditya/Downloads/572392_Andreas_AirflowETL/code/.venv/lib/python3.9/site-packages/airflow/example_dags/example_branch_labels.py
[2026-09-18T12:18:13.874+0700] {logging_mixin.py:190} INFO - [2026-09-18T12:18:13.874+0700] {dag.py:3239} INFO - Sync 1 DAGs
[2026-09-18T12:18:13.886+0700] {logging_mixin.py:190} INFO - [2026-09-18T12:18:13.886+0700] {dag.py:4180} INFO - Setting next_dagrun for example_branch_labels to 2026-09-17 00:00:00+00:00, run_after=2026-09-18 00:00:00+00:00
[2026-09-18T12:18:13.897+0700] {processor.py:208} INFO - Processing /Users/andreasanditya/Downloads/572392_Andreas_AirflowETL/code/.venv/lib/python3.9/site-packages/airflow/example_dags/example_branch_labels.py took 0.127 seconds
[2026-09-18T12:21:09.380+0700] {processor.py:186} INFO - Started process (PID=53416) to work on /Users/andreasanditya/Downloads/572392_Andreas_AirflowETL/code/.venv/lib/python3.9/site-packages/airflow/example_dags/example_branch_labels.py
[2026-09-18T12:21:09.381+0700] {processor.py:914} INFO - Processing file /Users/andreasanditya/Downloads/572392_Andreas_AirflowETL/code/.venv/lib/python3.9/site-packages/airflow/example_dags/example_branch_labels.py for tasks to queue
[2026-09-18T12:21:09.381+0700] {logging_mixin.py:190} INFO - [2026-09-18T12:21:09.381+0700] {dagbag.py:588} INFO - Filling up the DagBag from /Users/andreasanditya/Downloads/572392_Andreas_AirflowETL/code/.venv/lib/python3.9/site-packages/airflow/example_dags/example_branch_labels.py
[2026-09-18T12:21:09.387+0700] {processor.py:925} INFO - DAG(s) 'example_branch_labels' retrieved from /Users/andreasanditya/Downloads/572392_Andreas_AirflowETL/code/.venv/lib/python3.9/site-packages/airflow/example_dags/example_branch_labels.py
[2026-09-18T12:21:09.481+0700] {logging_mixin.py:190} INFO - [2026-09-18T12:21:09.481+0700] {dag.py:3239} INFO - Sync 1 DAGs
[2026-09-18T12:21:09.493+0700] {logging_mixin.py:190} INFO - [2026-09-18T12:21:09.493+0700] {dag.py:4180} INFO - Setting next_dagrun for example_branch_labels to 2026-09-17 00:00:00+00:00, run_after=2026-09-18 00:00:00+00:00
[2026-09-18T12:21:09.503+0700] {processor.py:208} INFO - Processing /Users/andreasanditya/Downloads/572392_Andreas_AirflowETL/code/.venv/lib/python3.9/site-packages/airflow/example_dags/example_branch_labels.py took 0.126 seconds
[2026-09-18T12:24:03.484+0700] {processor.py:186} INFO - Started process (PID=55204) to work on /Users/andreasanditya/Downloads/572392_Andreas_AirflowETL/code/.venv/lib/python3.9/site-packages/airflow/example_dags/example_branch_labels.py
[2026-09-18T12:24:03.485+0700] {processor.py:914} INFO - Processing file /Users/andreasanditya/Downloads/572392_Andreas_AirflowETL/code/.venv/lib/python3.9/site-packages/airflow/example_dags/example_branch_labels.py for tasks to queue
[2026-09-18T12:24:03.485+0700] {logging_mixin.py:190} INFO - [2026-09-18T12:24:03.485+0700] {dagbag.py:588} INFO - Filling up the DagBag from /Users/andreasanditya/Downloads/572392_Andreas_AirflowETL/code/.venv/lib/python3.9/site-packages/airflow/example_dags/example_branch_labels.py
[2026-09-18T12:24:03.490+0700] {processor.py:925} INFO - DAG(s) 'example_branch_labels' retrieved from /Users/andreasanditya/Downloads/572392_Andreas_AirflowETL/code/.venv/lib/python3.9/site-packages/airflow/example_dags/example_branch_labels.py
[2026-09-18T12:24:03.576+0700] {logging_mixin.py:190} INFO - [2026-09-18T12:24:03.576+0700] {dag.py:3239} INFO - Sync 1 DAGs
[2026-09-18T12:24:03.587+0700] {logging_mixin.py:190} INFO - [2026-09-18T12:24:03.587+0700] {dag.py:4180} INFO - Setting next_dagrun for example_branch_labels to 2026-09-17 00:00:00+00:00, run_after=2026-09-18 00:00:00+00:00
[2026-09-18T12:24:03.596+0700] {processor.py:208} INFO - Processing /Users/andreasanditya/Downloads/572392_Andreas_AirflowETL/code/.venv/lib/python3.9/site-packages/airflow/example_dags/example_branch_labels.py took 0.114 seconds
[2026-09-18T12:26:56.484+0700] {processor.py:186} INFO - Started process (PID=57029) to work on /Users/andreasanditya/Downloads/572392_Andreas_AirflowETL/code/.venv/lib/python3.9/site-packages/airflow/example_dags/example_branch_labels.py
[2026-09-18T12:26:56.485+0700] {processor.py:914} INFO - Processing file /Users/andreasanditya/Downloads/572392_Andreas_AirflowETL/code/.venv/lib/python3.9/site-packages/airflow/example_dags/example_branch_labels.py for tasks to queue
[2026-09-18T12:26:56.486+0700] {logging_mixin.py:190} INFO - [2026-09-18T12:26:56.486+0700] {dagbag.py:588} INFO - Filling up the DagBag from /Users/andreasanditya/Downloads/572392_Andreas_AirflowETL/code/.venv/lib/python3.9/site-packages/airflow/example_dags/example_branch_labels.py
[2026-09-18T12:26:56.491+0700] {processor.py:925} INFO - DAG(s) 'example_branch_labels' retrieved from /Users/andreasanditya/Downloads/572392_Andreas_AirflowETL/code/.venv/lib/python3.9/site-packages/airflow/example_dags/example_branch_labels.py
[2026-09-18T12:26:56.579+0700] {logging_mixin.py:190} INFO - [2026-09-18T12:26:56.579+0700] {dag.py:3239} INFO - Sync 1 DAGs
[2026-09-18T12:26:56.590+0700] {logging_mixin.py:190} INFO - [2026-09-18T12:26:56.590+0700] {dag.py:4180} INFO - Setting next_dagrun for example_branch_labels to 2026-09-17 00:00:00+00:00, run_after=2026-09-18 00:00:00+00:00
[2026-09-18T12:26:56.599+0700] {processor.py:208} INFO - Processing /Users/andreasanditya/Downloads/572392_Andreas_AirflowETL/code/.venv/lib/python3.9/site-packages/airflow/example_dags/example_branch_labels.py took 0.117 seconds
[2026-09-18T12:29:45.944+0700] {processor.py:186} INFO - Started process (PID=58801) to work on /Users/andreasanditya/Downloads/572392_Andreas_AirflowETL/code/.venv/lib/python3.9/site-packages/airflow/example_dags/example_branch_labels.py
[2026-09-18T12:29:45.944+0700] {processor.py:914} INFO - Processing file /Users/andreasanditya/Downloads/572392_Andreas_AirflowETL/code/.venv/lib/python3.9/site-packages/airflow/example_dags/example_branch_labels.py for tasks to queue
[2026-09-18T12:29:45.945+0700] {logging_mixin.py:190} INFO - [2026-09-18T12:29:45.945+0700] {dagbag.py:588} INFO - Filling up the DagBag from /Users/andreasanditya/Downloads/572392_Andreas_AirflowETL/code/.venv/lib/python3.9/site-packages/airflow/example_dags/example_branch_labels.py
[2026-09-18T12:29:45.950+0700] {processor.py:925} INFO - DAG(s) 'example_branch_labels' retrieved from /Users/andreasanditya/Downloads/572392_Andreas_AirflowETL/code/.venv/lib/python3.9/site-packages/airflow/example_dags/example_branch_labels.py
[2026-09-18T12:29:46.035+0700] {logging_mixin.py:190} INFO - [2026-09-18T12:29:46.035+0700] {dag.py:3239} INFO - Sync 1 DAGs
[2026-09-18T12:29:46.046+0700] {logging_mixin.py:190} INFO - [2026-09-18T12:29:46.046+0700] {dag.py:4180} INFO - Setting next_dagrun for example_branch_labels to 2026-09-17 00:00:00+00:00, run_after=2026-09-18 00:00:00+00:00
[2026-09-18T12:29:46.055+0700] {processor.py:208} INFO - Processing /Users/andreasanditya/Downloads/572392_Andreas_AirflowETL/code/.venv/lib/python3.9/site-packages/airflow/example_dags/example_branch_labels.py took 0.114 seconds
[2026-09-18T12:32:34.342+0700] {processor.py:186} INFO - Started process (PID=60547) to work on /Users/andreasanditya/Downloads/572392_Andreas_AirflowETL/code/.venv/lib/python3.9/site-packages/airflow/example_dags/example_branch_labels.py
[2026-09-18T12:32:34.343+0700] {processor.py:914} INFO - Processing file /Users/andreasanditya/Downloads/572392_Andreas_AirflowETL/code/.venv/lib/python3.9/site-packages/airflow/example_dags/example_branch_labels.py for tasks to queue
[2026-09-18T12:32:34.344+0700] {logging_mixin.py:190} INFO - [2026-09-18T12:32:34.344+0700] {dagbag.py:588} INFO - Filling up the DagBag from /Users/andreasanditya/Downloads/572392_Andreas_AirflowETL/code/.venv/lib/python3.9/site-packages/airflow/example_dags/example_branch_labels.py
[2026-09-18T12:32:34.349+0700] {processor.py:925} INFO - DAG(s) 'example_branch_labels' retrieved from /Users/andreasanditya/Downloads/572392_Andreas_AirflowETL/code/.venv/lib/python3.9/site-packages/airflow/example_dags/example_branch_labels.py
[2026-09-18T12:32:34.435+0700] {logging_mixin.py:190} INFO - [2026-09-18T12:32:34.434+0700] {dag.py:3239} INFO - Sync 1 DAGs
[2026-09-18T12:32:34.445+0700] {logging_mixin.py:190} INFO - [2026-09-18T12:32:34.445+0700] {dag.py:4180} INFO - Setting next_dagrun for example_branch_labels to 2026-09-17 00:00:00+00:00, run_after=2026-09-18 00:00:00+00:00
[2026-09-18T12:32:34.455+0700] {processor.py:208} INFO - Processing /Users/andreasanditya/Downloads/572392_Andreas_AirflowETL/code/.venv/lib/python3.9/site-packages/airflow/example_dags/example_branch_labels.py took 0.115 seconds
[2026-09-18T12:35:25.953+0700] {processor.py:186} INFO - Started process (PID=62314) to work on /Users/andreasanditya/Downloads/572392_Andreas_AirflowETL/code/.venv/lib/python3.9/site-packages/airflow/example_dags/example_branch_labels.py
[2026-09-18T12:35:25.954+0700] {processor.py:914} INFO - Processing file /Users/andreasanditya/Downloads/572392_Andreas_AirflowETL/code/.venv/lib/python3.9/site-packages/airflow/example_dags/example_branch_labels.py for tasks to queue
[2026-09-18T12:35:25.955+0700] {logging_mixin.py:190} INFO - [2026-09-18T12:35:25.955+0700] {dagbag.py:588} INFO - Filling up the DagBag from /Users/andreasanditya/Downloads/572392_Andreas_AirflowETL/code/.venv/lib/python3.9/site-packages/airflow/example_dags/example_branch_labels.py
[2026-09-18T12:35:25.960+0700] {processor.py:925} INFO - DAG(s) 'example_branch_labels' retrieved from /Users/andreasanditya/Downloads/572392_Andreas_AirflowETL/code/.venv/lib/python3.9/site-packages/airflow/example_dags/example_branch_labels.py
[2026-09-18T12:35:26.044+0700] {logging_mixin.py:190} INFO - [2026-09-18T12:35:26.044+0700] {dag.py:3239} INFO - Sync 1 DAGs
[2026-09-18T12:35:26.055+0700] {logging_mixin.py:190} INFO - [2026-09-18T12:35:26.055+0700] {dag.py:4180} INFO - Setting next_dagrun for example_branch_labels to 2026-09-17 00:00:00+00:00, run_after=2026-09-18 00:00:00+00:00
[2026-09-18T12:35:26.064+0700] {processor.py:208} INFO - Processing /Users/andreasanditya/Downloads/572392_Andreas_AirflowETL/code/.venv/lib/python3.9/site-packages/airflow/example_dags/example_branch_labels.py took 0.114 seconds
[2026-09-18T12:38:17.388+0700] {processor.py:186} INFO - Started process (PID=64087) to work on /Users/andreasanditya/Downloads/572392_Andreas_AirflowETL/code/.venv/lib/python3.9/site-packages/airflow/example_dags/example_branch_labels.py
[2026-09-18T12:38:17.389+0700] {processor.py:914} INFO - Processing file /Users/andreasanditya/Downloads/572392_Andreas_AirflowETL/code/.venv/lib/python3.9/site-packages/airflow/example_dags/example_branch_labels.py for tasks to queue
[2026-09-18T12:38:17.389+0700] {logging_mixin.py:190} INFO - [2026-09-18T12:38:17.389+0700] {dagbag.py:588} INFO - Filling up the DagBag from /Users/andreasanditya/Downloads/572392_Andreas_AirflowETL/code/.venv/lib/python3.9/site-packages/airflow/example_dags/example_branch_labels.py
[2026-09-18T12:38:17.395+0700] {processor.py:925} INFO - DAG(s) 'example_branch_labels' retrieved from /Users/andreasanditya/Downloads/572392_Andreas_AirflowETL/code/.venv/lib/python3.9/site-packages/airflow/example_dags/example_branch_labels.py
[2026-09-18T12:38:17.483+0700] {logging_mixin.py:190} INFO - [2026-09-18T12:38:17.483+0700] {dag.py:3239} INFO - Sync 1 DAGs
[2026-09-18T12:38:17.495+0700] {logging_mixin.py:190} INFO - [2026-09-18T12:38:17.495+0700] {dag.py:4180} INFO - Setting next_dagrun for example_branch_labels to 2026-09-17 00:00:00+00:00, run_after=2026-09-18 00:00:00+00:00
[2026-09-18T12:38:17.504+0700] {processor.py:208} INFO - Processing /Users/andreasanditya/Downloads/572392_Andreas_AirflowETL/code/.venv/lib/python3.9/site-packages/airflow/example_dags/example_branch_labels.py took 0.119 seconds
[2026-09-18T12:41:12.848+0700] {processor.py:186} INFO - Started process (PID=65840) to work on /Users/andreasanditya/Downloads/572392_Andreas_AirflowETL/code/.venv/lib/python3.9/site-packages/airflow/example_dags/example_branch_labels.py
[2026-09-18T12:41:12.852+0700] {processor.py:914} INFO - Processing file /Users/andreasanditya/Downloads/572392_Andreas_AirflowETL/code/.venv/lib/python3.9/site-packages/airflow/example_dags/example_branch_labels.py for tasks to queue
[2026-09-18T12:41:12.852+0700] {logging_mixin.py:190} INFO - [2026-09-18T12:41:12.852+0700] {dagbag.py:588} INFO - Filling up the DagBag from /Users/andreasanditya/Downloads/572392_Andreas_AirflowETL/code/.venv/lib/python3.9/site-packages/airflow/example_dags/example_branch_labels.py
[2026-09-18T12:41:12.858+0700] {processor.py:925} INFO - DAG(s) 'example_branch_labels' retrieved from /Users/andreasanditya/Downloads/572392_Andreas_AirflowETL/code/.venv/lib/python3.9/site-packages/airflow/example_dags/example_branch_labels.py
[2026-09-18T12:41:12.943+0700] {logging_mixin.py:190} INFO - [2026-09-18T12:41:12.943+0700] {dag.py:3239} INFO - Sync 1 DAGs
[2026-09-18T12:41:12.954+0700] {logging_mixin.py:190} INFO - [2026-09-18T12:41:12.954+0700] {dag.py:4180} INFO - Setting next_dagrun for example_branch_labels to 2026-09-17 00:00:00+00:00, run_after=2026-09-18 00:00:00+00:00
[2026-09-18T12:41:12.963+0700] {processor.py:208} INFO - Processing /Users/andreasanditya/Downloads/572392_Andreas_AirflowETL/code/.venv/lib/python3.9/site-packages/airflow/example_dags/example_branch_labels.py took 0.117 seconds
[2026-09-18T12:44:04.447+0700] {processor.py:186} INFO - Started process (PID=67578) to work on /Users/andreasanditya/Downloads/572392_Andreas_AirflowETL/code/.venv/lib/python3.9/site-packages/airflow/example_dags/example_branch_labels.py
[2026-09-18T12:44:04.448+0700] {processor.py:914} INFO - Processing file /Users/andreasanditya/Downloads/572392_Andreas_AirflowETL/code/.venv/lib/python3.9/site-packages/airflow/example_dags/example_branch_labels.py for tasks to queue
[2026-09-18T12:44:04.449+0700] {logging_mixin.py:190} INFO - [2026-09-18T12:44:04.449+0700] {dagbag.py:588} INFO - Filling up the DagBag from /Users/andreasanditya/Downloads/572392_Andreas_AirflowETL/code/.venv/lib/python3.9/site-packages/airflow/example_dags/example_branch_labels.py
[2026-09-18T12:44:04.454+0700] {processor.py:925} INFO - DAG(s) 'example_branch_labels' retrieved from /Users/andreasanditya/Downloads/572392_Andreas_AirflowETL/code/.venv/lib/python3.9/site-packages/airflow/example_dags/example_branch_labels.py
[2026-09-18T12:44:04.541+0700] {logging_mixin.py:190} INFO - [2026-09-18T12:44:04.541+0700] {dag.py:3239} INFO - Sync 1 DAGs
[2026-09-18T12:44:04.552+0700] {logging_mixin.py:190} INFO - [2026-09-18T12:44:04.552+0700] {dag.py:4180} INFO - Setting next_dagrun for example_branch_labels to 2026-09-17 00:00:00+00:00, run_after=2026-09-18 00:00:00+00:00
[2026-09-18T12:44:04.563+0700] {processor.py:208} INFO - Processing /Users/andreasanditya/Downloads/572392_Andreas_AirflowETL/code/.venv/lib/python3.9/site-packages/airflow/example_dags/example_branch_labels.py took 0.118 seconds
[2026-09-18T12:46:57.372+0700] {processor.py:186} INFO - Started process (PID=69335) to work on /Users/andreasanditya/Downloads/572392_Andreas_AirflowETL/code/.venv/lib/python3.9/site-packages/airflow/example_dags/example_branch_labels.py
[2026-09-18T12:46:57.373+0700] {processor.py:914} INFO - Processing file /Users/andreasanditya/Downloads/572392_Andreas_AirflowETL/code/.venv/lib/python3.9/site-packages/airflow/example_dags/example_branch_labels.py for tasks to queue
[2026-09-18T12:46:57.374+0700] {logging_mixin.py:190} INFO - [2026-09-18T12:46:57.374+0700] {dagbag.py:588} INFO - Filling up the DagBag from /Users/andreasanditya/Downloads/572392_Andreas_AirflowETL/code/.venv/lib/python3.9/site-packages/airflow/example_dags/example_branch_labels.py
[2026-09-18T12:46:57.379+0700] {processor.py:925} INFO - DAG(s) 'example_branch_labels' retrieved from /Users/andreasanditya/Downloads/572392_Andreas_AirflowETL/code/.venv/lib/python3.9/site-packages/airflow/example_dags/example_branch_labels.py
[2026-09-18T12:46:57.465+0700] {logging_mixin.py:190} INFO - [2026-09-18T12:46:57.465+0700] {dag.py:3239} INFO - Sync 1 DAGs
[2026-09-18T12:46:57.476+0700] {logging_mixin.py:190} INFO - [2026-09-18T12:46:57.476+0700] {dag.py:4180} INFO - Setting next_dagrun for example_branch_labels to 2026-09-17 00:00:00+00:00, run_after=2026-09-18 00:00:00+00:00
[2026-09-18T12:46:57.485+0700] {processor.py:208} INFO - Processing /Users/andreasanditya/Downloads/572392_Andreas_AirflowETL/code/.venv/lib/python3.9/site-packages/airflow/example_dags/example_branch_labels.py took 0.115 seconds
[2026-09-18T12:49:47.103+0700] {processor.py:186} INFO - Started process (PID=71073) to work on /Users/andreasanditya/Downloads/572392_Andreas_AirflowETL/code/.venv/lib/python3.9/site-packages/airflow/example_dags/example_branch_labels.py
[2026-09-18T12:49:47.104+0700] {processor.py:914} INFO - Processing file /Users/andreasanditya/Downloads/572392_Andreas_AirflowETL/code/.venv/lib/python3.9/site-packages/airflow/example_dags/example_branch_labels.py for tasks to queue
[2026-09-18T12:49:47.105+0700] {logging_mixin.py:190} INFO - [2026-09-18T12:49:47.105+0700] {dagbag.py:588} INFO - Filling up the DagBag from /Users/andreasanditya/Downloads/572392_Andreas_AirflowETL/code/.venv/lib/python3.9/site-packages/airflow/example_dags/example_branch_labels.py
[2026-09-18T12:49:47.110+0700] {processor.py:925} INFO - DAG(s) 'example_branch_labels' retrieved from /Users/andreasanditya/Downloads/572392_Andreas_AirflowETL/code/.venv/lib/python3.9/site-packages/airflow/example_dags/example_branch_labels.py
[2026-09-18T12:49:47.194+0700] {logging_mixin.py:190} INFO - [2026-09-18T12:49:47.194+0700] {dag.py:3239} INFO - Sync 1 DAGs
[2026-09-18T12:49:47.205+0700] {logging_mixin.py:190} INFO - [2026-09-18T12:49:47.205+0700] {dag.py:4180} INFO - Setting next_dagrun for example_branch_labels to 2026-09-17 00:00:00+00:00, run_after=2026-09-18 00:00:00+00:00
[2026-09-18T12:49:47.214+0700] {processor.py:208} INFO - Processing /Users/andreasanditya/Downloads/572392_Andreas_AirflowETL/code/.venv/lib/python3.9/site-packages/airflow/example_dags/example_branch_labels.py took 0.114 seconds
[2026-09-18T12:52:36.192+0700] {processor.py:186} INFO - Started process (PID=72728) to work on /Users/andreasanditya/Downloads/572392_Andreas_AirflowETL/code/.venv/lib/python3.9/site-packages/airflow/example_dags/example_branch_labels.py
[2026-09-18T12:52:36.192+0700] {processor.py:914} INFO - Processing file /Users/andreasanditya/Downloads/572392_Andreas_AirflowETL/code/.venv/lib/python3.9/site-packages/airflow/example_dags/example_branch_labels.py for tasks to queue
[2026-09-18T12:52:36.193+0700] {logging_mixin.py:190} INFO - [2026-09-18T12:52:36.193+0700] {dagbag.py:588} INFO - Filling up the DagBag from /Users/andreasanditya/Downloads/572392_Andreas_AirflowETL/code/.venv/lib/python3.9/site-packages/airflow/example_dags/example_branch_labels.py
[2026-09-18T12:52:36.198+0700] {processor.py:925} INFO - DAG(s) 'example_branch_labels' retrieved from /Users/andreasanditya/Downloads/572392_Andreas_AirflowETL/code/.venv/lib/python3.9/site-packages/airflow/example_dags/example_branch_labels.py
[2026-09-18T12:52:36.286+0700] {logging_mixin.py:190} INFO - [2026-09-18T12:52:36.286+0700] {dag.py:3239} INFO - Sync 1 DAGs
[2026-09-18T12:52:36.297+0700] {logging_mixin.py:190} INFO - [2026-09-18T12:52:36.297+0700] {dag.py:4180} INFO - Setting next_dagrun for example_branch_labels to 2026-09-17 00:00:00+00:00, run_after=2026-09-18 00:00:00+00:00
[2026-09-18T12:52:36.306+0700] {processor.py:208} INFO - Processing /Users/andreasanditya/Downloads/572392_Andreas_AirflowETL/code/.venv/lib/python3.9/site-packages/airflow/example_dags/example_branch_labels.py took 0.117 seconds
[2026-09-18T12:55:25.446+0700] {processor.py:186} INFO - Started process (PID=74497) to work on /Users/andreasanditya/Downloads/572392_Andreas_AirflowETL/code/.venv/lib/python3.9/site-packages/airflow/example_dags/example_branch_labels.py
[2026-09-18T12:55:25.449+0700] {processor.py:914} INFO - Processing file /Users/andreasanditya/Downloads/572392_Andreas_AirflowETL/code/.venv/lib/python3.9/site-packages/airflow/example_dags/example_branch_labels.py for tasks to queue
[2026-09-18T12:55:25.450+0700] {logging_mixin.py:190} INFO - [2026-09-18T12:55:25.450+0700] {dagbag.py:588} INFO - Filling up the DagBag from /Users/andreasanditya/Downloads/572392_Andreas_AirflowETL/code/.venv/lib/python3.9/site-packages/airflow/example_dags/example_branch_labels.py
[2026-09-18T12:55:25.455+0700] {processor.py:925} INFO - DAG(s) 'example_branch_labels' retrieved from /Users/andreasanditya/Downloads/572392_Andreas_AirflowETL/code/.venv/lib/python3.9/site-packages/airflow/example_dags/example_branch_labels.py
[2026-09-18T12:55:25.540+0700] {logging_mixin.py:190} INFO - [2026-09-18T12:55:25.540+0700] {dag.py:3239} INFO - Sync 1 DAGs
[2026-09-18T12:55:25.551+0700] {logging_mixin.py:190} INFO - [2026-09-18T12:55:25.551+0700] {dag.py:4180} INFO - Setting next_dagrun for example_branch_labels to 2026-09-17 00:00:00+00:00, run_after=2026-09-18 00:00:00+00:00
[2026-09-18T12:55:25.561+0700] {processor.py:208} INFO - Processing /Users/andreasanditya/Downloads/572392_Andreas_AirflowETL/code/.venv/lib/python3.9/site-packages/airflow/example_dags/example_branch_labels.py took 0.117 seconds
[2026-09-18T12:58:14.991+0700] {processor.py:186} INFO - Started process (PID=76265) to work on /Users/andreasanditya/Downloads/572392_Andreas_AirflowETL/code/.venv/lib/python3.9/site-packages/airflow/example_dags/example_branch_labels.py
[2026-09-18T12:58:14.991+0700] {processor.py:914} INFO - Processing file /Users/andreasanditya/Downloads/572392_Andreas_AirflowETL/code/.venv/lib/python3.9/site-packages/airflow/example_dags/example_branch_labels.py for tasks to queue
[2026-09-18T12:58:14.992+0700] {logging_mixin.py:190} INFO - [2026-09-18T12:58:14.992+0700] {dagbag.py:588} INFO - Filling up the DagBag from /Users/andreasanditya/Downloads/572392_Andreas_AirflowETL/code/.venv/lib/python3.9/site-packages/airflow/example_dags/example_branch_labels.py
[2026-09-18T12:58:14.997+0700] {processor.py:925} INFO - DAG(s) 'example_branch_labels' retrieved from /Users/andreasanditya/Downloads/572392_Andreas_AirflowETL/code/.venv/lib/python3.9/site-packages/airflow/example_dags/example_branch_labels.py
[2026-09-18T12:58:15.084+0700] {logging_mixin.py:190} INFO - [2026-09-18T12:58:15.084+0700] {dag.py:3239} INFO - Sync 1 DAGs
[2026-09-18T12:58:15.095+0700] {logging_mixin.py:190} INFO - [2026-09-18T12:58:15.095+0700] {dag.py:4180} INFO - Setting next_dagrun for example_branch_labels to 2026-09-17 00:00:00+00:00, run_after=2026-09-18 00:00:00+00:00
[2026-09-18T12:58:15.105+0700] {processor.py:208} INFO - Processing /Users/andreasanditya/Downloads/572392_Andreas_AirflowETL/code/.venv/lib/python3.9/site-packages/airflow/example_dags/example_branch_labels.py took 0.117 seconds
[2026-09-18T13:01:09.113+0700] {processor.py:186} INFO - Started process (PID=78020) to work on /Users/andreasanditya/Downloads/572392_Andreas_AirflowETL/code/.venv/lib/python3.9/site-packages/airflow/example_dags/example_branch_labels.py
[2026-09-18T13:01:09.114+0700] {processor.py:914} INFO - Processing file /Users/andreasanditya/Downloads/572392_Andreas_AirflowETL/code/.venv/lib/python3.9/site-packages/airflow/example_dags/example_branch_labels.py for tasks to queue
[2026-09-18T13:01:09.114+0700] {logging_mixin.py:190} INFO - [2026-09-18T13:01:09.114+0700] {dagbag.py:588} INFO - Filling up the DagBag from /Users/andreasanditya/Downloads/572392_Andreas_AirflowETL/code/.venv/lib/python3.9/site-packages/airflow/example_dags/example_branch_labels.py
[2026-09-18T13:01:09.119+0700] {processor.py:925} INFO - DAG(s) 'example_branch_labels' retrieved from /Users/andreasanditya/Downloads/572392_Andreas_AirflowETL/code/.venv/lib/python3.9/site-packages/airflow/example_dags/example_branch_labels.py
[2026-09-18T13:01:09.204+0700] {logging_mixin.py:190} INFO - [2026-09-18T13:01:09.204+0700] {dag.py:3239} INFO - Sync 1 DAGs
[2026-09-18T13:01:09.215+0700] {logging_mixin.py:190} INFO - [2026-09-18T13:01:09.215+0700] {dag.py:4180} INFO - Setting next_dagrun for example_branch_labels to 2026-09-17 00:00:00+00:00, run_after=2026-09-18 00:00:00+00:00
[2026-09-18T13:01:09.224+0700] {processor.py:208} INFO - Processing /Users/andreasanditya/Downloads/572392_Andreas_AirflowETL/code/.venv/lib/python3.9/site-packages/airflow/example_dags/example_branch_labels.py took 0.113 seconds
[2026-09-18T13:04:02.558+0700] {processor.py:186} INFO - Started process (PID=79796) to work on /Users/andreasanditya/Downloads/572392_Andreas_AirflowETL/code/.venv/lib/python3.9/site-packages/airflow/example_dags/example_branch_labels.py
[2026-09-18T13:04:02.561+0700] {processor.py:914} INFO - Processing file /Users/andreasanditya/Downloads/572392_Andreas_AirflowETL/code/.venv/lib/python3.9/site-packages/airflow/example_dags/example_branch_labels.py for tasks to queue
[2026-09-18T13:04:02.561+0700] {logging_mixin.py:190} INFO - [2026-09-18T13:04:02.561+0700] {dagbag.py:588} INFO - Filling up the DagBag from /Users/andreasanditya/Downloads/572392_Andreas_AirflowETL/code/.venv/lib/python3.9/site-packages/airflow/example_dags/example_branch_labels.py
[2026-09-18T13:04:02.567+0700] {processor.py:925} INFO - DAG(s) 'example_branch_labels' retrieved from /Users/andreasanditya/Downloads/572392_Andreas_AirflowETL/code/.venv/lib/python3.9/site-packages/airflow/example_dags/example_branch_labels.py
[2026-09-18T13:04:02.652+0700] {logging_mixin.py:190} INFO - [2026-09-18T13:04:02.652+0700] {dag.py:3239} INFO - Sync 1 DAGs
[2026-09-18T13:04:02.663+0700] {logging_mixin.py:190} INFO - [2026-09-18T13:04:02.663+0700] {dag.py:4180} INFO - Setting next_dagrun for example_branch_labels to 2026-09-17 00:00:00+00:00, run_after=2026-09-18 00:00:00+00:00
[2026-09-18T13:04:02.673+0700] {processor.py:208} INFO - Processing /Users/andreasanditya/Downloads/572392_Andreas_AirflowETL/code/.venv/lib/python3.9/site-packages/airflow/example_dags/example_branch_labels.py took 0.116 seconds
[2026-09-18T13:06:52.822+0700] {processor.py:186} INFO - Started process (PID=81545) to work on /Users/andreasanditya/Downloads/572392_Andreas_AirflowETL/code/.venv/lib/python3.9/site-packages/airflow/example_dags/example_branch_labels.py
[2026-09-18T13:06:52.824+0700] {processor.py:914} INFO - Processing file /Users/andreasanditya/Downloads/572392_Andreas_AirflowETL/code/.venv/lib/python3.9/site-packages/airflow/example_dags/example_branch_labels.py for tasks to queue
[2026-09-18T13:06:52.825+0700] {logging_mixin.py:190} INFO - [2026-09-18T13:06:52.825+0700] {dagbag.py:588} INFO - Filling up the DagBag from /Users/andreasanditya/Downloads/572392_Andreas_AirflowETL/code/.venv/lib/python3.9/site-packages/airflow/example_dags/example_branch_labels.py
[2026-09-18T13:06:52.833+0700] {processor.py:925} INFO - DAG(s) 'example_branch_labels' retrieved from /Users/andreasanditya/Downloads/572392_Andreas_AirflowETL/code/.venv/lib/python3.9/site-packages/airflow/example_dags/example_branch_labels.py
[2026-09-18T13:06:52.920+0700] {logging_mixin.py:190} INFO - [2026-09-18T13:06:52.920+0700] {dag.py:3239} INFO - Sync 1 DAGs
[2026-09-18T13:06:52.932+0700] {logging_mixin.py:190} INFO - [2026-09-18T13:06:52.931+0700] {dag.py:4180} INFO - Setting next_dagrun for example_branch_labels to 2026-09-17 00:00:00+00:00, run_after=2026-09-18 00:00:00+00:00
[2026-09-18T13:06:52.941+0700] {processor.py:208} INFO - Processing /Users/andreasanditya/Downloads/572392_Andreas_AirflowETL/code/.venv/lib/python3.9/site-packages/airflow/example_dags/example_branch_labels.py took 0.121 seconds
[2026-09-18T13:09:41.717+0700] {processor.py:186} INFO - Started process (PID=83292) to work on /Users/andreasanditya/Downloads/572392_Andreas_AirflowETL/code/.venv/lib/python3.9/site-packages/airflow/example_dags/example_branch_labels.py
[2026-09-18T13:09:41.718+0700] {processor.py:914} INFO - Processing file /Users/andreasanditya/Downloads/572392_Andreas_AirflowETL/code/.venv/lib/python3.9/site-packages/airflow/example_dags/example_branch_labels.py for tasks to queue
[2026-09-18T13:09:41.719+0700] {logging_mixin.py:190} INFO - [2026-09-18T13:09:41.719+0700] {dagbag.py:588} INFO - Filling up the DagBag from /Users/andreasanditya/Downloads/572392_Andreas_AirflowETL/code/.venv/lib/python3.9/site-packages/airflow/example_dags/example_branch_labels.py
[2026-09-18T13:09:41.724+0700] {processor.py:925} INFO - DAG(s) 'example_branch_labels' retrieved from /Users/andreasanditya/Downloads/572392_Andreas_AirflowETL/code/.venv/lib/python3.9/site-packages/airflow/example_dags/example_branch_labels.py
[2026-09-18T13:09:41.809+0700] {logging_mixin.py:190} INFO - [2026-09-18T13:09:41.809+0700] {dag.py:3239} INFO - Sync 1 DAGs
[2026-09-18T13:09:41.820+0700] {logging_mixin.py:190} INFO - [2026-09-18T13:09:41.820+0700] {dag.py:4180} INFO - Setting next_dagrun for example_branch_labels to 2026-09-17 00:00:00+00:00, run_after=2026-09-18 00:00:00+00:00
[2026-09-18T13:09:41.830+0700] {processor.py:208} INFO - Processing /Users/andreasanditya/Downloads/572392_Andreas_AirflowETL/code/.venv/lib/python3.9/site-packages/airflow/example_dags/example_branch_labels.py took 0.115 seconds
[2026-09-18T13:12:34.193+0700] {processor.py:186} INFO - Started process (PID=85058) to work on /Users/andreasanditya/Downloads/572392_Andreas_AirflowETL/code/.venv/lib/python3.9/site-packages/airflow/example_dags/example_branch_labels.py
[2026-09-18T13:12:34.195+0700] {processor.py:914} INFO - Processing file /Users/andreasanditya/Downloads/572392_Andreas_AirflowETL/code/.venv/lib/python3.9/site-packages/airflow/example_dags/example_branch_labels.py for tasks to queue
[2026-09-18T13:12:34.195+0700] {logging_mixin.py:190} INFO - [2026-09-18T13:12:34.195+0700] {dagbag.py:588} INFO - Filling up the DagBag from /Users/andreasanditya/Downloads/572392_Andreas_AirflowETL/code/.venv/lib/python3.9/site-packages/airflow/example_dags/example_branch_labels.py
[2026-09-18T13:12:34.200+0700] {processor.py:925} INFO - DAG(s) 'example_branch_labels' retrieved from /Users/andreasanditya/Downloads/572392_Andreas_AirflowETL/code/.venv/lib/python3.9/site-packages/airflow/example_dags/example_branch_labels.py
[2026-09-18T13:12:34.285+0700] {logging_mixin.py:190} INFO - [2026-09-18T13:12:34.285+0700] {dag.py:3239} INFO - Sync 1 DAGs
[2026-09-18T13:12:34.296+0700] {logging_mixin.py:190} INFO - [2026-09-18T13:12:34.296+0700] {dag.py:4180} INFO - Setting next_dagrun for example_branch_labels to 2026-09-17 00:00:00+00:00, run_after=2026-09-18 00:00:00+00:00
[2026-09-18T13:12:34.306+0700] {processor.py:208} INFO - Processing /Users/andreasanditya/Downloads/572392_Andreas_AirflowETL/code/.venv/lib/python3.9/site-packages/airflow/example_dags/example_branch_labels.py took 0.115 seconds
[2026-09-18T13:15:26.504+0700] {processor.py:186} INFO - Started process (PID=86797) to work on /Users/andreasanditya/Downloads/572392_Andreas_AirflowETL/code/.venv/lib/python3.9/site-packages/airflow/example_dags/example_branch_labels.py
[2026-09-18T13:15:26.505+0700] {processor.py:914} INFO - Processing file /Users/andreasanditya/Downloads/572392_Andreas_AirflowETL/code/.venv/lib/python3.9/site-packages/airflow/example_dags/example_branch_labels.py for tasks to queue
[2026-09-18T13:15:26.506+0700] {logging_mixin.py:190} INFO - [2026-09-18T13:15:26.506+0700] {dagbag.py:588} INFO - Filling up the DagBag from /Users/andreasanditya/Downloads/572392_Andreas_AirflowETL/code/.venv/lib/python3.9/site-packages/airflow/example_dags/example_branch_labels.py
[2026-09-18T13:15:26.511+0700] {processor.py:925} INFO - DAG(s) 'example_branch_labels' retrieved from /Users/andreasanditya/Downloads/572392_Andreas_AirflowETL/code/.venv/lib/python3.9/site-packages/airflow/example_dags/example_branch_labels.py
[2026-09-18T13:15:26.597+0700] {logging_mixin.py:190} INFO - [2026-09-18T13:15:26.597+0700] {dag.py:3239} INFO - Sync 1 DAGs
[2026-09-18T13:15:26.608+0700] {logging_mixin.py:190} INFO - [2026-09-18T13:15:26.608+0700] {dag.py:4180} INFO - Setting next_dagrun for example_branch_labels to 2026-09-17 00:00:00+00:00, run_after=2026-09-18 00:00:00+00:00
[2026-09-18T13:15:26.618+0700] {processor.py:208} INFO - Processing /Users/andreasanditya/Downloads/572392_Andreas_AirflowETL/code/.venv/lib/python3.9/site-packages/airflow/example_dags/example_branch_labels.py took 0.116 seconds
[2026-09-18T13:18:18.674+0700] {processor.py:186} INFO - Started process (PID=88546) to work on /Users/andreasanditya/Downloads/572392_Andreas_AirflowETL/code/.venv/lib/python3.9/site-packages/airflow/example_dags/example_branch_labels.py
[2026-09-18T13:18:18.675+0700] {processor.py:914} INFO - Processing file /Users/andreasanditya/Downloads/572392_Andreas_AirflowETL/code/.venv/lib/python3.9/site-packages/airflow/example_dags/example_branch_labels.py for tasks to queue
[2026-09-18T13:18:18.676+0700] {logging_mixin.py:190} INFO - [2026-09-18T13:18:18.676+0700] {dagbag.py:588} INFO - Filling up the DagBag from /Users/andreasanditya/Downloads/572392_Andreas_AirflowETL/code/.venv/lib/python3.9/site-packages/airflow/example_dags/example_branch_labels.py
[2026-09-18T13:18:18.681+0700] {processor.py:925} INFO - DAG(s) 'example_branch_labels' retrieved from /Users/andreasanditya/Downloads/572392_Andreas_AirflowETL/code/.venv/lib/python3.9/site-packages/airflow/example_dags/example_branch_labels.py
[2026-09-18T13:18:18.765+0700] {logging_mixin.py:190} INFO - [2026-09-18T13:18:18.765+0700] {dag.py:3239} INFO - Sync 1 DAGs
[2026-09-18T13:18:18.776+0700] {logging_mixin.py:190} INFO - [2026-09-18T13:18:18.776+0700] {dag.py:4180} INFO - Setting next_dagrun for example_branch_labels to 2026-09-17 00:00:00+00:00, run_after=2026-09-18 00:00:00+00:00
[2026-09-18T13:18:18.786+0700] {processor.py:208} INFO - Processing /Users/andreasanditya/Downloads/572392_Andreas_AirflowETL/code/.venv/lib/python3.9/site-packages/airflow/example_dags/example_branch_labels.py took 0.114 seconds
[2026-09-18T13:21:07.838+0700] {processor.py:186} INFO - Started process (PID=90199) to work on /Users/andreasanditya/Downloads/572392_Andreas_AirflowETL/code/.venv/lib/python3.9/site-packages/airflow/example_dags/example_branch_labels.py
[2026-09-18T13:21:07.841+0700] {processor.py:914} INFO - Processing file /Users/andreasanditya/Downloads/572392_Andreas_AirflowETL/code/.venv/lib/python3.9/site-packages/airflow/example_dags/example_branch_labels.py for tasks to queue
[2026-09-18T13:21:07.841+0700] {logging_mixin.py:190} INFO - [2026-09-18T13:21:07.841+0700] {dagbag.py:588} INFO - Filling up the DagBag from /Users/andreasanditya/Downloads/572392_Andreas_AirflowETL/code/.venv/lib/python3.9/site-packages/airflow/example_dags/example_branch_labels.py
[2026-09-18T13:21:07.846+0700] {processor.py:925} INFO - DAG(s) 'example_branch_labels' retrieved from /Users/andreasanditya/Downloads/572392_Andreas_AirflowETL/code/.venv/lib/python3.9/site-packages/airflow/example_dags/example_branch_labels.py
[2026-09-18T13:21:07.931+0700] {logging_mixin.py:190} INFO - [2026-09-18T13:21:07.931+0700] {dag.py:3239} INFO - Sync 1 DAGs
[2026-09-18T13:21:07.942+0700] {logging_mixin.py:190} INFO - [2026-09-18T13:21:07.942+0700] {dag.py:4180} INFO - Setting next_dagrun for example_branch_labels to 2026-09-17 00:00:00+00:00, run_after=2026-09-18 00:00:00+00:00
[2026-09-18T13:21:07.951+0700] {processor.py:208} INFO - Processing /Users/andreasanditya/Downloads/572392_Andreas_AirflowETL/code/.venv/lib/python3.9/site-packages/airflow/example_dags/example_branch_labels.py took 0.116 seconds
[2026-09-18T13:23:55.653+0700] {processor.py:186} INFO - Started process (PID=91935) to work on /Users/andreasanditya/Downloads/572392_Andreas_AirflowETL/code/.venv/lib/python3.9/site-packages/airflow/example_dags/example_branch_labels.py
[2026-09-18T13:23:55.654+0700] {processor.py:914} INFO - Processing file /Users/andreasanditya/Downloads/572392_Andreas_AirflowETL/code/.venv/lib/python3.9/site-packages/airflow/example_dags/example_branch_labels.py for tasks to queue
[2026-09-18T13:23:55.654+0700] {logging_mixin.py:190} INFO - [2026-09-18T13:23:55.654+0700] {dagbag.py:588} INFO - Filling up the DagBag from /Users/andreasanditya/Downloads/572392_Andreas_AirflowETL/code/.venv/lib/python3.9/site-packages/airflow/example_dags/example_branch_labels.py
[2026-09-18T13:23:55.660+0700] {processor.py:925} INFO - DAG(s) 'example_branch_labels' retrieved from /Users/andreasanditya/Downloads/572392_Andreas_AirflowETL/code/.venv/lib/python3.9/site-packages/airflow/example_dags/example_branch_labels.py
[2026-09-18T13:23:55.746+0700] {logging_mixin.py:190} INFO - [2026-09-18T13:23:55.746+0700] {dag.py:3239} INFO - Sync 1 DAGs
[2026-09-18T13:23:55.758+0700] {logging_mixin.py:190} INFO - [2026-09-18T13:23:55.757+0700] {dag.py:4180} INFO - Setting next_dagrun for example_branch_labels to 2026-09-17 00:00:00+00:00, run_after=2026-09-18 00:00:00+00:00
[2026-09-18T13:23:55.767+0700] {processor.py:208} INFO - Processing /Users/andreasanditya/Downloads/572392_Andreas_AirflowETL/code/.venv/lib/python3.9/site-packages/airflow/example_dags/example_branch_labels.py took 0.116 seconds
[2026-09-18T13:26:46.309+0700] {processor.py:186} INFO - Started process (PID=93872) to work on /Users/andreasanditya/Downloads/572392_Andreas_AirflowETL/code/.venv/lib/python3.9/site-packages/airflow/example_dags/example_branch_labels.py
[2026-09-18T13:26:46.310+0700] {processor.py:914} INFO - Processing file /Users/andreasanditya/Downloads/572392_Andreas_AirflowETL/code/.venv/lib/python3.9/site-packages/airflow/example_dags/example_branch_labels.py for tasks to queue
[2026-09-18T13:26:46.311+0700] {logging_mixin.py:190} INFO - [2026-09-18T13:26:46.310+0700] {dagbag.py:588} INFO - Filling up the DagBag from /Users/andreasanditya/Downloads/572392_Andreas_AirflowETL/code/.venv/lib/python3.9/site-packages/airflow/example_dags/example_branch_labels.py
[2026-09-18T13:26:46.316+0700] {processor.py:925} INFO - DAG(s) 'example_branch_labels' retrieved from /Users/andreasanditya/Downloads/572392_Andreas_AirflowETL/code/.venv/lib/python3.9/site-packages/airflow/example_dags/example_branch_labels.py
[2026-09-18T13:26:46.409+0700] {logging_mixin.py:190} INFO - [2026-09-18T13:26:46.409+0700] {dag.py:3239} INFO - Sync 1 DAGs
[2026-09-18T13:26:46.420+0700] {logging_mixin.py:190} INFO - [2026-09-18T13:26:46.420+0700] {dag.py:4180} INFO - Setting next_dagrun for example_branch_labels to 2026-09-17 00:00:00+00:00, run_after=2026-09-18 00:00:00+00:00
[2026-09-18T13:26:46.430+0700] {processor.py:208} INFO - Processing /Users/andreasanditya/Downloads/572392_Andreas_AirflowETL/code/.venv/lib/python3.9/site-packages/airflow/example_dags/example_branch_labels.py took 0.123 seconds
[2026-09-18T13:29:48.508+0700] {processor.py:186} INFO - Started process (PID=95943) to work on /Users/andreasanditya/Downloads/572392_Andreas_AirflowETL/code/.venv/lib/python3.9/site-packages/airflow/example_dags/example_branch_labels.py
[2026-09-18T13:29:48.509+0700] {processor.py:914} INFO - Processing file /Users/andreasanditya/Downloads/572392_Andreas_AirflowETL/code/.venv/lib/python3.9/site-packages/airflow/example_dags/example_branch_labels.py for tasks to queue
[2026-09-18T13:29:48.510+0700] {logging_mixin.py:190} INFO - [2026-09-18T13:29:48.509+0700] {dagbag.py:588} INFO - Filling up the DagBag from /Users/andreasanditya/Downloads/572392_Andreas_AirflowETL/code/.venv/lib/python3.9/site-packages/airflow/example_dags/example_branch_labels.py
[2026-09-18T13:29:48.516+0700] {processor.py:925} INFO - DAG(s) 'example_branch_labels' retrieved from /Users/andreasanditya/Downloads/572392_Andreas_AirflowETL/code/.venv/lib/python3.9/site-packages/airflow/example_dags/example_branch_labels.py
[2026-09-18T13:29:48.604+0700] {logging_mixin.py:190} INFO - [2026-09-18T13:29:48.604+0700] {dag.py:3239} INFO - Sync 1 DAGs
[2026-09-18T13:29:48.615+0700] {logging_mixin.py:190} INFO - [2026-09-18T13:29:48.615+0700] {dag.py:4180} INFO - Setting next_dagrun for example_branch_labels to 2026-09-17 00:00:00+00:00, run_after=2026-09-18 00:00:00+00:00
[2026-09-18T13:29:48.625+0700] {processor.py:208} INFO - Processing /Users/andreasanditya/Downloads/572392_Andreas_AirflowETL/code/.venv/lib/python3.9/site-packages/airflow/example_dags/example_branch_labels.py took 0.119 seconds
[2026-09-18T13:32:46.948+0700] {processor.py:186} INFO - Started process (PID=97816) to work on /Users/andreasanditya/Downloads/572392_Andreas_AirflowETL/code/.venv/lib/python3.9/site-packages/airflow/example_dags/example_branch_labels.py
[2026-09-18T13:32:46.949+0700] {processor.py:914} INFO - Processing file /Users/andreasanditya/Downloads/572392_Andreas_AirflowETL/code/.venv/lib/python3.9/site-packages/airflow/example_dags/example_branch_labels.py for tasks to queue
[2026-09-18T13:32:46.949+0700] {logging_mixin.py:190} INFO - [2026-09-18T13:32:46.949+0700] {dagbag.py:588} INFO - Filling up the DagBag from /Users/andreasanditya/Downloads/572392_Andreas_AirflowETL/code/.venv/lib/python3.9/site-packages/airflow/example_dags/example_branch_labels.py
[2026-09-18T13:32:46.955+0700] {processor.py:925} INFO - DAG(s) 'example_branch_labels' retrieved from /Users/andreasanditya/Downloads/572392_Andreas_AirflowETL/code/.venv/lib/python3.9/site-packages/airflow/example_dags/example_branch_labels.py
[2026-09-18T13:32:47.044+0700] {logging_mixin.py:190} INFO - [2026-09-18T13:32:47.044+0700] {dag.py:3239} INFO - Sync 1 DAGs
[2026-09-18T13:32:47.055+0700] {logging_mixin.py:190} INFO - [2026-09-18T13:32:47.055+0700] {dag.py:4180} INFO - Setting next_dagrun for example_branch_labels to 2026-09-17 00:00:00+00:00, run_after=2026-09-18 00:00:00+00:00
[2026-09-18T13:32:47.065+0700] {processor.py:208} INFO - Processing /Users/andreasanditya/Downloads/572392_Andreas_AirflowETL/code/.venv/lib/python3.9/site-packages/airflow/example_dags/example_branch_labels.py took 0.119 seconds
[2026-09-18T13:35:41.738+0700] {processor.py:186} INFO - Started process (PID=99669) to work on /Users/andreasanditya/Downloads/572392_Andreas_AirflowETL/code/.venv/lib/python3.9/site-packages/airflow/example_dags/example_branch_labels.py
[2026-09-18T13:35:41.739+0700] {processor.py:914} INFO - Processing file /Users/andreasanditya/Downloads/572392_Andreas_AirflowETL/code/.venv/lib/python3.9/site-packages/airflow/example_dags/example_branch_labels.py for tasks to queue
[2026-09-18T13:35:41.739+0700] {logging_mixin.py:190} INFO - [2026-09-18T13:35:41.739+0700] {dagbag.py:588} INFO - Filling up the DagBag from /Users/andreasanditya/Downloads/572392_Andreas_AirflowETL/code/.venv/lib/python3.9/site-packages/airflow/example_dags/example_branch_labels.py
[2026-09-18T13:35:41.745+0700] {processor.py:925} INFO - DAG(s) 'example_branch_labels' retrieved from /Users/andreasanditya/Downloads/572392_Andreas_AirflowETL/code/.venv/lib/python3.9/site-packages/airflow/example_dags/example_branch_labels.py
[2026-09-18T13:35:41.832+0700] {logging_mixin.py:190} INFO - [2026-09-18T13:35:41.832+0700] {dag.py:3239} INFO - Sync 1 DAGs
[2026-09-18T13:35:41.844+0700] {logging_mixin.py:190} INFO - [2026-09-18T13:35:41.843+0700] {dag.py:4180} INFO - Setting next_dagrun for example_branch_labels to 2026-09-17 00:00:00+00:00, run_after=2026-09-18 00:00:00+00:00
[2026-09-18T13:35:41.853+0700] {processor.py:208} INFO - Processing /Users/andreasanditya/Downloads/572392_Andreas_AirflowETL/code/.venv/lib/python3.9/site-packages/airflow/example_dags/example_branch_labels.py took 0.118 seconds
[2026-09-18T13:38:34.923+0700] {processor.py:186} INFO - Started process (PID=1724) to work on /Users/andreasanditya/Downloads/572392_Andreas_AirflowETL/code/.venv/lib/python3.9/site-packages/airflow/example_dags/example_branch_labels.py
[2026-09-18T13:38:34.924+0700] {processor.py:914} INFO - Processing file /Users/andreasanditya/Downloads/572392_Andreas_AirflowETL/code/.venv/lib/python3.9/site-packages/airflow/example_dags/example_branch_labels.py for tasks to queue
[2026-09-18T13:38:34.925+0700] {logging_mixin.py:190} INFO - [2026-09-18T13:38:34.925+0700] {dagbag.py:588} INFO - Filling up the DagBag from /Users/andreasanditya/Downloads/572392_Andreas_AirflowETL/code/.venv/lib/python3.9/site-packages/airflow/example_dags/example_branch_labels.py
[2026-09-18T13:38:34.930+0700] {processor.py:925} INFO - DAG(s) 'example_branch_labels' retrieved from /Users/andreasanditya/Downloads/572392_Andreas_AirflowETL/code/.venv/lib/python3.9/site-packages/airflow/example_dags/example_branch_labels.py
[2026-09-18T13:38:35.018+0700] {logging_mixin.py:190} INFO - [2026-09-18T13:38:35.017+0700] {dag.py:3239} INFO - Sync 1 DAGs
[2026-09-18T13:38:35.029+0700] {logging_mixin.py:190} INFO - [2026-09-18T13:38:35.028+0700] {dag.py:4180} INFO - Setting next_dagrun for example_branch_labels to 2026-09-17 00:00:00+00:00, run_after=2026-09-18 00:00:00+00:00
[2026-09-18T13:38:35.038+0700] {processor.py:208} INFO - Processing /Users/andreasanditya/Downloads/572392_Andreas_AirflowETL/code/.venv/lib/python3.9/site-packages/airflow/example_dags/example_branch_labels.py took 0.117 seconds
[2026-09-18T13:41:29.390+0700] {processor.py:186} INFO - Started process (PID=4414) to work on /Users/andreasanditya/Downloads/572392_Andreas_AirflowETL/code/.venv/lib/python3.9/site-packages/airflow/example_dags/example_branch_labels.py
[2026-09-18T13:41:29.391+0700] {processor.py:914} INFO - Processing file /Users/andreasanditya/Downloads/572392_Andreas_AirflowETL/code/.venv/lib/python3.9/site-packages/airflow/example_dags/example_branch_labels.py for tasks to queue
[2026-09-18T13:41:29.392+0700] {logging_mixin.py:190} INFO - [2026-09-18T13:41:29.392+0700] {dagbag.py:588} INFO - Filling up the DagBag from /Users/andreasanditya/Downloads/572392_Andreas_AirflowETL/code/.venv/lib/python3.9/site-packages/airflow/example_dags/example_branch_labels.py
[2026-09-18T13:41:29.398+0700] {processor.py:925} INFO - DAG(s) 'example_branch_labels' retrieved from /Users/andreasanditya/Downloads/572392_Andreas_AirflowETL/code/.venv/lib/python3.9/site-packages/airflow/example_dags/example_branch_labels.py
[2026-09-18T13:41:29.488+0700] {logging_mixin.py:190} INFO - [2026-09-18T13:41:29.488+0700] {dag.py:3239} INFO - Sync 1 DAGs
[2026-09-18T13:41:29.499+0700] {logging_mixin.py:190} INFO - [2026-09-18T13:41:29.499+0700] {dag.py:4180} INFO - Setting next_dagrun for example_branch_labels to 2026-09-17 00:00:00+00:00, run_after=2026-09-18 00:00:00+00:00
[2026-09-18T13:41:29.509+0700] {processor.py:208} INFO - Processing /Users/andreasanditya/Downloads/572392_Andreas_AirflowETL/code/.venv/lib/python3.9/site-packages/airflow/example_dags/example_branch_labels.py took 0.121 seconds
[2026-09-18T13:44:25.768+0700] {processor.py:186} INFO - Started process (PID=6166) to work on /Users/andreasanditya/Downloads/572392_Andreas_AirflowETL/code/.venv/lib/python3.9/site-packages/airflow/example_dags/example_branch_labels.py
[2026-09-18T13:44:25.769+0700] {processor.py:914} INFO - Processing file /Users/andreasanditya/Downloads/572392_Andreas_AirflowETL/code/.venv/lib/python3.9/site-packages/airflow/example_dags/example_branch_labels.py for tasks to queue
[2026-09-18T13:44:25.770+0700] {logging_mixin.py:190} INFO - [2026-09-18T13:44:25.770+0700] {dagbag.py:588} INFO - Filling up the DagBag from /Users/andreasanditya/Downloads/572392_Andreas_AirflowETL/code/.venv/lib/python3.9/site-packages/airflow/example_dags/example_branch_labels.py
[2026-09-18T13:44:25.775+0700] {processor.py:925} INFO - DAG(s) 'example_branch_labels' retrieved from /Users/andreasanditya/Downloads/572392_Andreas_AirflowETL/code/.venv/lib/python3.9/site-packages/airflow/example_dags/example_branch_labels.py
[2026-09-18T13:44:25.863+0700] {logging_mixin.py:190} INFO - [2026-09-18T13:44:25.863+0700] {dag.py:3239} INFO - Sync 1 DAGs
[2026-09-18T13:44:25.874+0700] {logging_mixin.py:190} INFO - [2026-09-18T13:44:25.874+0700] {dag.py:4180} INFO - Setting next_dagrun for example_branch_labels to 2026-09-17 00:00:00+00:00, run_after=2026-09-18 00:00:00+00:00
[2026-09-18T13:44:25.884+0700] {processor.py:208} INFO - Processing /Users/andreasanditya/Downloads/572392_Andreas_AirflowETL/code/.venv/lib/python3.9/site-packages/airflow/example_dags/example_branch_labels.py took 0.118 seconds
[2026-09-18T13:47:25.726+0700] {processor.py:186} INFO - Started process (PID=8037) to work on /Users/andreasanditya/Downloads/572392_Andreas_AirflowETL/code/.venv/lib/python3.9/site-packages/airflow/example_dags/example_branch_labels.py
[2026-09-18T13:47:25.727+0700] {processor.py:914} INFO - Processing file /Users/andreasanditya/Downloads/572392_Andreas_AirflowETL/code/.venv/lib/python3.9/site-packages/airflow/example_dags/example_branch_labels.py for tasks to queue
[2026-09-18T13:47:25.728+0700] {logging_mixin.py:190} INFO - [2026-09-18T13:47:25.728+0700] {dagbag.py:588} INFO - Filling up the DagBag from /Users/andreasanditya/Downloads/572392_Andreas_AirflowETL/code/.venv/lib/python3.9/site-packages/airflow/example_dags/example_branch_labels.py
[2026-09-18T13:47:25.735+0700] {processor.py:925} INFO - DAG(s) 'example_branch_labels' retrieved from /Users/andreasanditya/Downloads/572392_Andreas_AirflowETL/code/.venv/lib/python3.9/site-packages/airflow/example_dags/example_branch_labels.py
[2026-09-18T13:47:25.827+0700] {logging_mixin.py:190} INFO - [2026-09-18T13:47:25.827+0700] {dag.py:3239} INFO - Sync 1 DAGs
[2026-09-18T13:47:25.838+0700] {logging_mixin.py:190} INFO - [2026-09-18T13:47:25.838+0700] {dag.py:4180} INFO - Setting next_dagrun for example_branch_labels to 2026-09-17 00:00:00+00:00, run_after=2026-09-18 00:00:00+00:00
[2026-09-18T13:47:25.848+0700] {processor.py:208} INFO - Processing /Users/andreasanditya/Downloads/572392_Andreas_AirflowETL/code/.venv/lib/python3.9/site-packages/airflow/example_dags/example_branch_labels.py took 0.124 seconds
[2026-09-18T13:50:21.782+0700] {processor.py:186} INFO - Started process (PID=10131) to work on /Users/andreasanditya/Downloads/572392_Andreas_AirflowETL/code/.venv/lib/python3.9/site-packages/airflow/example_dags/example_branch_labels.py
[2026-09-18T13:50:21.783+0700] {processor.py:914} INFO - Processing file /Users/andreasanditya/Downloads/572392_Andreas_AirflowETL/code/.venv/lib/python3.9/site-packages/airflow/example_dags/example_branch_labels.py for tasks to queue
[2026-09-18T13:50:21.784+0700] {logging_mixin.py:190} INFO - [2026-09-18T13:50:21.783+0700] {dagbag.py:588} INFO - Filling up the DagBag from /Users/andreasanditya/Downloads/572392_Andreas_AirflowETL/code/.venv/lib/python3.9/site-packages/airflow/example_dags/example_branch_labels.py
[2026-09-18T13:50:21.789+0700] {processor.py:925} INFO - DAG(s) 'example_branch_labels' retrieved from /Users/andreasanditya/Downloads/572392_Andreas_AirflowETL/code/.venv/lib/python3.9/site-packages/airflow/example_dags/example_branch_labels.py
[2026-09-18T13:50:21.879+0700] {logging_mixin.py:190} INFO - [2026-09-18T13:50:21.879+0700] {dag.py:3239} INFO - Sync 1 DAGs
[2026-09-18T13:50:21.891+0700] {logging_mixin.py:190} INFO - [2026-09-18T13:50:21.890+0700] {dag.py:4180} INFO - Setting next_dagrun for example_branch_labels to 2026-09-17 00:00:00+00:00, run_after=2026-09-18 00:00:00+00:00
[2026-09-18T13:50:21.901+0700] {processor.py:208} INFO - Processing /Users/andreasanditya/Downloads/572392_Andreas_AirflowETL/code/.venv/lib/python3.9/site-packages/airflow/example_dags/example_branch_labels.py took 0.121 seconds
[2026-09-18T13:53:16.451+0700] {processor.py:186} INFO - Started process (PID=12239) to work on /Users/andreasanditya/Downloads/572392_Andreas_AirflowETL/code/.venv/lib/python3.9/site-packages/airflow/example_dags/example_branch_labels.py
[2026-09-18T13:53:16.452+0700] {processor.py:914} INFO - Processing file /Users/andreasanditya/Downloads/572392_Andreas_AirflowETL/code/.venv/lib/python3.9/site-packages/airflow/example_dags/example_branch_labels.py for tasks to queue
[2026-09-18T13:53:16.453+0700] {logging_mixin.py:190} INFO - [2026-09-18T13:53:16.453+0700] {dagbag.py:588} INFO - Filling up the DagBag from /Users/andreasanditya/Downloads/572392_Andreas_AirflowETL/code/.venv/lib/python3.9/site-packages/airflow/example_dags/example_branch_labels.py
[2026-09-18T13:53:16.458+0700] {processor.py:925} INFO - DAG(s) 'example_branch_labels' retrieved from /Users/andreasanditya/Downloads/572392_Andreas_AirflowETL/code/.venv/lib/python3.9/site-packages/airflow/example_dags/example_branch_labels.py
[2026-09-18T13:53:16.549+0700] {logging_mixin.py:190} INFO - [2026-09-18T13:53:16.548+0700] {dag.py:3239} INFO - Sync 1 DAGs
[2026-09-18T13:53:16.561+0700] {logging_mixin.py:190} INFO - [2026-09-18T13:53:16.560+0700] {dag.py:4180} INFO - Setting next_dagrun for example_branch_labels to 2026-09-17 00:00:00+00:00, run_after=2026-09-18 00:00:00+00:00
[2026-09-18T13:53:16.571+0700] {processor.py:208} INFO - Processing /Users/andreasanditya/Downloads/572392_Andreas_AirflowETL/code/.venv/lib/python3.9/site-packages/airflow/example_dags/example_branch_labels.py took 0.122 seconds
