[2026-09-18T11:17:14.407+0700] {processor.py:186} INFO - Started process (PID=10565) to work on /Users/andreasanditya/Downloads/572392_Andreas_AirflowETL/code/.venv/lib/python3.9/site-packages/airflow/example_dags/example_sla_dag.py
[2026-09-18T11:17:14.407+0700] {processor.py:914} INFO - Processing file /Users/andreasanditya/Downloads/572392_Andreas_AirflowETL/code/.venv/lib/python3.9/site-packages/airflow/example_dags/example_sla_dag.py for tasks to queue
[2026-09-18T11:17:14.408+0700] {logging_mixin.py:190} INFO - [2026-09-18T11:17:14.408+0700] {dagbag.py:588} INFO - Filling up the DagBag from /Users/andreasanditya/Downloads/572392_Andreas_AirflowETL/code/.venv/lib/python3.9/site-packages/airflow/example_dags/example_sla_dag.py
[2026-09-18T11:17:14.462+0700] {processor.py:925} INFO - DAG(s) 'example_sla_dag' retrieved from /Users/andreasanditya/Downloads/572392_Andreas_AirflowETL/code/.venv/lib/python3.9/site-packages/airflow/example_dags/example_sla_dag.py
[2026-09-18T11:17:14.581+0700] {logging_mixin.py:190} INFO - [2026-09-18T11:17:14.580+0700] {override.py:1912} INFO - Created Permission View: can read on DAG:example_sla_dag
[2026-09-18T11:17:14.587+0700] {logging_mixin.py:190} INFO - [2026-09-18T11:17:14.586+0700] {override.py:1912} INFO - Created Permission View: can edit on DAG:example_sla_dag
[2026-09-18T11:17:14.590+0700] {logging_mixin.py:190} INFO - [2026-09-18T11:17:14.590+0700] {override.py:1912} INFO - Created Permission View: can delete on DAG:example_sla_dag
[2026-09-18T11:17:14.595+0700] {logging_mixin.py:190} INFO - [2026-09-18T11:17:14.594+0700] {override.py:1912} INFO - Created Permission View: can read on DAG Run:example_sla_dag
[2026-09-18T11:17:14.598+0700] {logging_mixin.py:190} INFO - [2026-09-18T11:17:14.598+0700] {override.py:1912} INFO - Created Permission View: can create on DAG Run:example_sla_dag
[2026-09-18T11:17:14.601+0700] {logging_mixin.py:190} INFO - [2026-09-18T11:17:14.601+0700] {override.py:1912} INFO - Created Permission View: can delete on DAG Run:example_sla_dag
[2026-09-18T11:17:14.604+0700] {logging_mixin.py:190} INFO - [2026-09-18T11:17:14.604+0700] {override.py:1912} INFO - Created Permission View: menu access on DAG Run:example_sla_dag
[2026-09-18T11:17:14.605+0700] {logging_mixin.py:190} INFO - [2026-09-18T11:17:14.605+0700] {dag.py:3239} INFO - Sync 1 DAGs
[2026-09-18T11:17:14.612+0700] {logging_mixin.py:190} INFO - [2026-09-18T11:17:14.612+0700] {dag.py:3262} INFO - Creating ORM DAG for example_sla_dag
[2026-09-18T11:17:14.620+0700] {logging_mixin.py:190} INFO - [2026-09-18T11:17:14.619+0700] {dag.py:4180} INFO - Setting next_dagrun for example_sla_dag to 2026-09-18 04:14:00+00:00, run_after=2026-09-18 04:16:00+00:00
[2026-09-18T11:17:14.629+0700] {processor.py:208} INFO - Processing /Users/andreasanditya/Downloads/572392_Andreas_AirflowETL/code/.venv/lib/python3.9/site-packages/airflow/example_dags/example_sla_dag.py took 0.224 seconds
[2026-09-18T11:19:30.279+0700] {processor.py:186} INFO - Started process (PID=11971) to work on /Users/andreasanditya/Downloads/572392_Andreas_AirflowETL/code/.venv/lib/python3.9/site-packages/airflow/example_dags/example_sla_dag.py
[2026-09-18T11:19:30.280+0700] {processor.py:914} INFO - Processing file /Users/andreasanditya/Downloads/572392_Andreas_AirflowETL/code/.venv/lib/python3.9/site-packages/airflow/example_dags/example_sla_dag.py for tasks to queue
[2026-09-18T11:19:30.280+0700] {logging_mixin.py:190} INFO - [2026-09-18T11:19:30.280+0700] {dagbag.py:588} INFO - Filling up the DagBag from /Users/andreasanditya/Downloads/572392_Andreas_AirflowETL/code/.venv/lib/python3.9/site-packages/airflow/example_dags/example_sla_dag.py
[2026-09-18T11:19:30.329+0700] {processor.py:925} INFO - DAG(s) 'example_sla_dag' retrieved from /Users/andreasanditya/Downloads/572392_Andreas_AirflowETL/code/.venv/lib/python3.9/site-packages/airflow/example_dags/example_sla_dag.py
[2026-09-18T11:19:30.388+0700] {logging_mixin.py:190} INFO - [2026-09-18T11:19:30.387+0700] {dag.py:3239} INFO - Sync 1 DAGs
[2026-09-18T11:19:30.401+0700] {logging_mixin.py:190} INFO - [2026-09-18T11:19:30.401+0700] {dag.py:4180} INFO - Setting next_dagrun for example_sla_dag to 2026-09-18 04:16:00+00:00, run_after=2026-09-18 04:18:00+00:00
[2026-09-18T11:19:30.412+0700] {processor.py:208} INFO - Processing /Users/andreasanditya/Downloads/572392_Andreas_AirflowETL/code/.venv/lib/python3.9/site-packages/airflow/example_dags/example_sla_dag.py took 0.135 seconds
[2026-09-18T11:21:03.615+0700] {processor.py:186} INFO - Started process (PID=12944) to work on /Users/andreasanditya/Downloads/572392_Andreas_AirflowETL/code/.venv/lib/python3.9/site-packages/airflow/example_dags/example_sla_dag.py
[2026-09-18T11:21:03.616+0700] {processor.py:914} INFO - Processing file /Users/andreasanditya/Downloads/572392_Andreas_AirflowETL/code/.venv/lib/python3.9/site-packages/airflow/example_dags/example_sla_dag.py for tasks to queue
[2026-09-18T11:21:03.617+0700] {logging_mixin.py:190} INFO - [2026-09-18T11:21:03.616+0700] {dagbag.py:588} INFO - Filling up the DagBag from /Users/andreasanditya/Downloads/572392_Andreas_AirflowETL/code/.venv/lib/python3.9/site-packages/airflow/example_dags/example_sla_dag.py
[2026-09-18T11:21:03.664+0700] {processor.py:925} INFO - DAG(s) 'example_sla_dag' retrieved from /Users/andreasanditya/Downloads/572392_Andreas_AirflowETL/code/.venv/lib/python3.9/site-packages/airflow/example_dags/example_sla_dag.py
[2026-09-18T11:21:03.723+0700] {logging_mixin.py:190} INFO - [2026-09-18T11:21:03.723+0700] {dag.py:3239} INFO - Sync 1 DAGs
[2026-09-18T11:21:03.736+0700] {logging_mixin.py:190} INFO - [2026-09-18T11:21:03.736+0700] {dag.py:4180} INFO - Setting next_dagrun for example_sla_dag to 2026-09-18 04:18:00+00:00, run_after=2026-09-18 04:20:00+00:00
[2026-09-18T11:21:03.748+0700] {processor.py:208} INFO - Processing /Users/andreasanditya/Downloads/572392_Andreas_AirflowETL/code/.venv/lib/python3.9/site-packages/airflow/example_dags/example_sla_dag.py took 0.135 seconds
[2026-09-18T11:23:04.160+0700] {processor.py:186} INFO - Started process (PID=14324) to work on /Users/andreasanditya/Downloads/572392_Andreas_AirflowETL/code/.venv/lib/python3.9/site-packages/airflow/example_dags/example_sla_dag.py
[2026-09-18T11:23:04.161+0700] {processor.py:914} INFO - Processing file /Users/andreasanditya/Downloads/572392_Andreas_AirflowETL/code/.venv/lib/python3.9/site-packages/airflow/example_dags/example_sla_dag.py for tasks to queue
[2026-09-18T11:23:04.162+0700] {logging_mixin.py:190} INFO - [2026-09-18T11:23:04.162+0700] {dagbag.py:588} INFO - Filling up the DagBag from /Users/andreasanditya/Downloads/572392_Andreas_AirflowETL/code/.venv/lib/python3.9/site-packages/airflow/example_dags/example_sla_dag.py
[2026-09-18T11:23:04.222+0700] {processor.py:925} INFO - DAG(s) 'example_sla_dag' retrieved from /Users/andreasanditya/Downloads/572392_Andreas_AirflowETL/code/.venv/lib/python3.9/site-packages/airflow/example_dags/example_sla_dag.py
[2026-09-18T11:23:04.286+0700] {logging_mixin.py:190} INFO - [2026-09-18T11:23:04.286+0700] {dag.py:3239} INFO - Sync 1 DAGs
[2026-09-18T11:23:04.298+0700] {logging_mixin.py:190} INFO - [2026-09-18T11:23:04.298+0700] {dag.py:4180} INFO - Setting next_dagrun for example_sla_dag to 2026-09-18 04:20:00+00:00, run_after=2026-09-18 04:22:00+00:00
[2026-09-18T11:23:04.309+0700] {processor.py:208} INFO - Processing /Users/andreasanditya/Downloads/572392_Andreas_AirflowETL/code/.venv/lib/python3.9/site-packages/airflow/example_dags/example_sla_dag.py took 0.151 seconds
[2026-09-18T11:24:29.256+0700] {processor.py:186} INFO - Started process (PID=15348) to work on /Users/andreasanditya/Downloads/572392_Andreas_AirflowETL/code/.venv/lib/python3.9/site-packages/airflow/example_dags/example_sla_dag.py
[2026-09-18T11:24:29.257+0700] {processor.py:914} INFO - Processing file /Users/andreasanditya/Downloads/572392_Andreas_AirflowETL/code/.venv/lib/python3.9/site-packages/airflow/example_dags/example_sla_dag.py for tasks to queue
[2026-09-18T11:24:29.258+0700] {logging_mixin.py:190} INFO - [2026-09-18T11:24:29.257+0700] {dagbag.py:588} INFO - Filling up the DagBag from /Users/andreasanditya/Downloads/572392_Andreas_AirflowETL/code/.venv/lib/python3.9/site-packages/airflow/example_dags/example_sla_dag.py
[2026-09-18T11:24:29.304+0700] {processor.py:925} INFO - DAG(s) 'example_sla_dag' retrieved from /Users/andreasanditya/Downloads/572392_Andreas_AirflowETL/code/.venv/lib/python3.9/site-packages/airflow/example_dags/example_sla_dag.py
[2026-09-18T11:24:29.362+0700] {logging_mixin.py:190} INFO - [2026-09-18T11:24:29.362+0700] {dag.py:3239} INFO - Sync 1 DAGs
[2026-09-18T11:24:29.374+0700] {logging_mixin.py:190} INFO - [2026-09-18T11:24:29.374+0700] {dag.py:4180} INFO - Setting next_dagrun for example_sla_dag to 2026-09-18 04:22:00+00:00, run_after=2026-09-18 04:24:00+00:00
[2026-09-18T11:24:29.384+0700] {processor.py:208} INFO - Processing /Users/andreasanditya/Downloads/572392_Andreas_AirflowETL/code/.venv/lib/python3.9/site-packages/airflow/example_dags/example_sla_dag.py took 0.131 seconds
[2026-09-18T11:26:33.222+0700] {processor.py:186} INFO - Started process (PID=16571) to work on /Users/andreasanditya/Downloads/572392_Andreas_AirflowETL/code/.venv/lib/python3.9/site-packages/airflow/example_dags/example_sla_dag.py
[2026-09-18T11:26:33.223+0700] {processor.py:914} INFO - Processing file /Users/andreasanditya/Downloads/572392_Andreas_AirflowETL/code/.venv/lib/python3.9/site-packages/airflow/example_dags/example_sla_dag.py for tasks to queue
[2026-09-18T11:26:33.223+0700] {logging_mixin.py:190} INFO - [2026-09-18T11:26:33.223+0700] {dagbag.py:588} INFO - Filling up the DagBag from /Users/andreasanditya/Downloads/572392_Andreas_AirflowETL/code/.venv/lib/python3.9/site-packages/airflow/example_dags/example_sla_dag.py
[2026-09-18T11:26:33.272+0700] {processor.py:925} INFO - DAG(s) 'example_sla_dag' retrieved from /Users/andreasanditya/Downloads/572392_Andreas_AirflowETL/code/.venv/lib/python3.9/site-packages/airflow/example_dags/example_sla_dag.py
[2026-09-18T11:26:33.332+0700] {logging_mixin.py:190} INFO - [2026-09-18T11:26:33.332+0700] {dag.py:3239} INFO - Sync 1 DAGs
[2026-09-18T11:26:33.344+0700] {logging_mixin.py:190} INFO - [2026-09-18T11:26:33.344+0700] {dag.py:4180} INFO - Setting next_dagrun for example_sla_dag to 2026-09-18 04:24:00+00:00, run_after=2026-09-18 04:26:00+00:00
[2026-09-18T11:26:33.354+0700] {processor.py:208} INFO - Processing /Users/andreasanditya/Downloads/572392_Andreas_AirflowETL/code/.venv/lib/python3.9/site-packages/airflow/example_dags/example_sla_dag.py took 0.134 seconds
[2026-09-18T11:28:05.430+0700] {processor.py:186} INFO - Started process (PID=17480) to work on /Users/andreasanditya/Downloads/572392_Andreas_AirflowETL/code/.venv/lib/python3.9/site-packages/airflow/example_dags/example_sla_dag.py
[2026-09-18T11:28:05.430+0700] {processor.py:914} INFO - Processing file /Users/andreasanditya/Downloads/572392_Andreas_AirflowETL/code/.venv/lib/python3.9/site-packages/airflow/example_dags/example_sla_dag.py for tasks to queue
[2026-09-18T11:28:05.431+0700] {logging_mixin.py:190} INFO - [2026-09-18T11:28:05.431+0700] {dagbag.py:588} INFO - Filling up the DagBag from /Users/andreasanditya/Downloads/572392_Andreas_AirflowETL/code/.venv/lib/python3.9/site-packages/airflow/example_dags/example_sla_dag.py
[2026-09-18T11:28:05.479+0700] {processor.py:925} INFO - DAG(s) 'example_sla_dag' retrieved from /Users/andreasanditya/Downloads/572392_Andreas_AirflowETL/code/.venv/lib/python3.9/site-packages/airflow/example_dags/example_sla_dag.py
[2026-09-18T11:28:05.539+0700] {logging_mixin.py:190} INFO - [2026-09-18T11:28:05.539+0700] {dag.py:3239} INFO - Sync 1 DAGs
[2026-09-18T11:28:05.552+0700] {logging_mixin.py:190} INFO - [2026-09-18T11:28:05.552+0700] {dag.py:4180} INFO - Setting next_dagrun for example_sla_dag to 2026-09-18 04:26:00+00:00, run_after=2026-09-18 04:28:00+00:00
[2026-09-18T11:28:05.563+0700] {processor.py:208} INFO - Processing /Users/andreasanditya/Downloads/572392_Andreas_AirflowETL/code/.venv/lib/python3.9/site-packages/airflow/example_dags/example_sla_dag.py took 0.135 seconds
[2026-09-18T11:29:35.168+0700] {processor.py:186} INFO - Started process (PID=18418) to work on /Users/andreasanditya/Downloads/572392_Andreas_AirflowETL/code/.venv/lib/python3.9/site-packages/airflow/example_dags/example_sla_dag.py
[2026-09-18T11:29:35.169+0700] {processor.py:914} INFO - Processing file /Users/andreasanditya/Downloads/572392_Andreas_AirflowETL/code/.venv/lib/python3.9/site-packages/airflow/example_dags/example_sla_dag.py for tasks to queue
[2026-09-18T11:29:35.169+0700] {logging_mixin.py:190} INFO - [2026-09-18T11:29:35.169+0700] {dagbag.py:588} INFO - Filling up the DagBag from /Users/andreasanditya/Downloads/572392_Andreas_AirflowETL/code/.venv/lib/python3.9/site-packages/airflow/example_dags/example_sla_dag.py
[2026-09-18T11:29:35.220+0700] {processor.py:925} INFO - DAG(s) 'example_sla_dag' retrieved from /Users/andreasanditya/Downloads/572392_Andreas_AirflowETL/code/.venv/lib/python3.9/site-packages/airflow/example_dags/example_sla_dag.py
[2026-09-18T11:29:35.281+0700] {logging_mixin.py:190} INFO - [2026-09-18T11:29:35.280+0700] {dag.py:3239} INFO - Sync 1 DAGs
[2026-09-18T11:29:35.293+0700] {logging_mixin.py:190} INFO - [2026-09-18T11:29:35.293+0700] {dag.py:4180} INFO - Setting next_dagrun for example_sla_dag to 2026-09-18 04:26:00+00:00, run_after=2026-09-18 04:28:00+00:00
[2026-09-18T11:29:35.303+0700] {processor.py:208} INFO - Processing /Users/andreasanditya/Downloads/572392_Andreas_AirflowETL/code/.venv/lib/python3.9/site-packages/airflow/example_dags/example_sla_dag.py took 0.138 seconds
[2026-09-18T11:31:03.682+0700] {processor.py:186} INFO - Started process (PID=19376) to work on /Users/andreasanditya/Downloads/572392_Andreas_AirflowETL/code/.venv/lib/python3.9/site-packages/airflow/example_dags/example_sla_dag.py
[2026-09-18T11:31:03.683+0700] {processor.py:914} INFO - Processing file /Users/andreasanditya/Downloads/572392_Andreas_AirflowETL/code/.venv/lib/python3.9/site-packages/airflow/example_dags/example_sla_dag.py for tasks to queue
[2026-09-18T11:31:03.683+0700] {logging_mixin.py:190} INFO - [2026-09-18T11:31:03.683+0700] {dagbag.py:588} INFO - Filling up the DagBag from /Users/andreasanditya/Downloads/572392_Andreas_AirflowETL/code/.venv/lib/python3.9/site-packages/airflow/example_dags/example_sla_dag.py
[2026-09-18T11:31:03.731+0700] {processor.py:925} INFO - DAG(s) 'example_sla_dag' retrieved from /Users/andreasanditya/Downloads/572392_Andreas_AirflowETL/code/.venv/lib/python3.9/site-packages/airflow/example_dags/example_sla_dag.py
[2026-09-18T11:31:03.790+0700] {logging_mixin.py:190} INFO - [2026-09-18T11:31:03.790+0700] {dag.py:3239} INFO - Sync 1 DAGs
[2026-09-18T11:31:03.803+0700] {logging_mixin.py:190} INFO - [2026-09-18T11:31:03.802+0700] {dag.py:4180} INFO - Setting next_dagrun for example_sla_dag to 2026-09-18 04:28:00+00:00, run_after=2026-09-18 04:30:00+00:00
[2026-09-18T11:31:03.813+0700] {processor.py:208} INFO - Processing /Users/andreasanditya/Downloads/572392_Andreas_AirflowETL/code/.venv/lib/python3.9/site-packages/airflow/example_dags/example_sla_dag.py took 0.133 seconds
[2026-09-18T11:32:32.013+0700] {processor.py:186} INFO - Started process (PID=20206) to work on /Users/andreasanditya/Downloads/572392_Andreas_AirflowETL/code/.venv/lib/python3.9/site-packages/airflow/example_dags/example_sla_dag.py
[2026-09-18T11:32:32.015+0700] {processor.py:914} INFO - Processing file /Users/andreasanditya/Downloads/572392_Andreas_AirflowETL/code/.venv/lib/python3.9/site-packages/airflow/example_dags/example_sla_dag.py for tasks to queue
[2026-09-18T11:32:32.016+0700] {logging_mixin.py:190} INFO - [2026-09-18T11:32:32.016+0700] {dagbag.py:588} INFO - Filling up the DagBag from /Users/andreasanditya/Downloads/572392_Andreas_AirflowETL/code/.venv/lib/python3.9/site-packages/airflow/example_dags/example_sla_dag.py
[2026-09-18T11:32:32.118+0700] {processor.py:925} INFO - DAG(s) 'example_sla_dag' retrieved from /Users/andreasanditya/Downloads/572392_Andreas_AirflowETL/code/.venv/lib/python3.9/site-packages/airflow/example_dags/example_sla_dag.py
[2026-09-18T11:32:32.191+0700] {logging_mixin.py:190} INFO - [2026-09-18T11:32:32.190+0700] {dag.py:3239} INFO - Sync 1 DAGs
[2026-09-18T11:32:32.204+0700] {logging_mixin.py:190} INFO - [2026-09-18T11:32:32.203+0700] {dag.py:4180} INFO - Setting next_dagrun for example_sla_dag to 2026-09-18 04:30:00+00:00, run_after=2026-09-18 04:32:00+00:00
[2026-09-18T11:32:32.215+0700] {processor.py:208} INFO - Processing /Users/andreasanditya/Downloads/572392_Andreas_AirflowETL/code/.venv/lib/python3.9/site-packages/airflow/example_dags/example_sla_dag.py took 0.205 seconds
[2026-09-18T11:34:00.350+0700] {processor.py:186} INFO - Started process (PID=21237) to work on /Users/andreasanditya/Downloads/572392_Andreas_AirflowETL/code/.venv/lib/python3.9/site-packages/airflow/example_dags/example_sla_dag.py
[2026-09-18T11:34:00.351+0700] {processor.py:914} INFO - Processing file /Users/andreasanditya/Downloads/572392_Andreas_AirflowETL/code/.venv/lib/python3.9/site-packages/airflow/example_dags/example_sla_dag.py for tasks to queue
[2026-09-18T11:34:00.352+0700] {logging_mixin.py:190} INFO - [2026-09-18T11:34:00.351+0700] {dagbag.py:588} INFO - Filling up the DagBag from /Users/andreasanditya/Downloads/572392_Andreas_AirflowETL/code/.venv/lib/python3.9/site-packages/airflow/example_dags/example_sla_dag.py
[2026-09-18T11:34:00.409+0700] {processor.py:925} INFO - DAG(s) 'example_sla_dag' retrieved from /Users/andreasanditya/Downloads/572392_Andreas_AirflowETL/code/.venv/lib/python3.9/site-packages/airflow/example_dags/example_sla_dag.py
[2026-09-18T11:34:00.468+0700] {logging_mixin.py:190} INFO - [2026-09-18T11:34:00.468+0700] {dag.py:3239} INFO - Sync 1 DAGs
[2026-09-18T11:34:00.481+0700] {logging_mixin.py:190} INFO - [2026-09-18T11:34:00.481+0700] {dag.py:4180} INFO - Setting next_dagrun for example_sla_dag to 2026-09-18 04:32:00+00:00, run_after=2026-09-18 04:34:00+00:00
[2026-09-18T11:34:00.492+0700] {processor.py:208} INFO - Processing /Users/andreasanditya/Downloads/572392_Andreas_AirflowETL/code/.venv/lib/python3.9/site-packages/airflow/example_dags/example_sla_dag.py took 0.144 seconds
[2026-09-18T11:35:27.901+0700] {processor.py:186} INFO - Started process (PID=22186) to work on /Users/andreasanditya/Downloads/572392_Andreas_AirflowETL/code/.venv/lib/python3.9/site-packages/airflow/example_dags/example_sla_dag.py
[2026-09-18T11:35:27.902+0700] {processor.py:914} INFO - Processing file /Users/andreasanditya/Downloads/572392_Andreas_AirflowETL/code/.venv/lib/python3.9/site-packages/airflow/example_dags/example_sla_dag.py for tasks to queue
[2026-09-18T11:35:27.903+0700] {logging_mixin.py:190} INFO - [2026-09-18T11:35:27.903+0700] {dagbag.py:588} INFO - Filling up the DagBag from /Users/andreasanditya/Downloads/572392_Andreas_AirflowETL/code/.venv/lib/python3.9/site-packages/airflow/example_dags/example_sla_dag.py
[2026-09-18T11:35:27.958+0700] {processor.py:925} INFO - DAG(s) 'example_sla_dag' retrieved from /Users/andreasanditya/Downloads/572392_Andreas_AirflowETL/code/.venv/lib/python3.9/site-packages/airflow/example_dags/example_sla_dag.py
[2026-09-18T11:35:28.018+0700] {logging_mixin.py:190} INFO - [2026-09-18T11:35:28.017+0700] {dag.py:3239} INFO - Sync 1 DAGs
[2026-09-18T11:35:28.030+0700] {logging_mixin.py:190} INFO - [2026-09-18T11:35:28.030+0700] {dag.py:4180} INFO - Setting next_dagrun for example_sla_dag to 2026-09-18 04:32:00+00:00, run_after=2026-09-18 04:34:00+00:00
[2026-09-18T11:35:28.040+0700] {processor.py:208} INFO - Processing /Users/andreasanditya/Downloads/572392_Andreas_AirflowETL/code/.venv/lib/python3.9/site-packages/airflow/example_dags/example_sla_dag.py took 0.141 seconds
[2026-09-18T11:36:56.258+0700] {processor.py:186} INFO - Started process (PID=23099) to work on /Users/andreasanditya/Downloads/572392_Andreas_AirflowETL/code/.venv/lib/python3.9/site-packages/airflow/example_dags/example_sla_dag.py
[2026-09-18T11:36:56.259+0700] {processor.py:914} INFO - Processing file /Users/andreasanditya/Downloads/572392_Andreas_AirflowETL/code/.venv/lib/python3.9/site-packages/airflow/example_dags/example_sla_dag.py for tasks to queue
[2026-09-18T11:36:56.260+0700] {logging_mixin.py:190} INFO - [2026-09-18T11:36:56.260+0700] {dagbag.py:588} INFO - Filling up the DagBag from /Users/andreasanditya/Downloads/572392_Andreas_AirflowETL/code/.venv/lib/python3.9/site-packages/airflow/example_dags/example_sla_dag.py
[2026-09-18T11:36:56.309+0700] {processor.py:925} INFO - DAG(s) 'example_sla_dag' retrieved from /Users/andreasanditya/Downloads/572392_Andreas_AirflowETL/code/.venv/lib/python3.9/site-packages/airflow/example_dags/example_sla_dag.py
[2026-09-18T11:36:56.370+0700] {logging_mixin.py:190} INFO - [2026-09-18T11:36:56.370+0700] {dag.py:3239} INFO - Sync 1 DAGs
[2026-09-18T11:36:56.383+0700] {logging_mixin.py:190} INFO - [2026-09-18T11:36:56.383+0700] {dag.py:4180} INFO - Setting next_dagrun for example_sla_dag to 2026-09-18 04:34:00+00:00, run_after=2026-09-18 04:36:00+00:00
[2026-09-18T11:36:56.394+0700] {processor.py:208} INFO - Processing /Users/andreasanditya/Downloads/572392_Andreas_AirflowETL/code/.venv/lib/python3.9/site-packages/airflow/example_dags/example_sla_dag.py took 0.138 seconds
[2026-09-18T11:38:23.359+0700] {processor.py:186} INFO - Started process (PID=24019) to work on /Users/andreasanditya/Downloads/572392_Andreas_AirflowETL/code/.venv/lib/python3.9/site-packages/airflow/example_dags/example_sla_dag.py
[2026-09-18T11:38:23.360+0700] {processor.py:914} INFO - Processing file /Users/andreasanditya/Downloads/572392_Andreas_AirflowETL/code/.venv/lib/python3.9/site-packages/airflow/example_dags/example_sla_dag.py for tasks to queue
[2026-09-18T11:38:23.360+0700] {logging_mixin.py:190} INFO - [2026-09-18T11:38:23.360+0700] {dagbag.py:588} INFO - Filling up the DagBag from /Users/andreasanditya/Downloads/572392_Andreas_AirflowETL/code/.venv/lib/python3.9/site-packages/airflow/example_dags/example_sla_dag.py
[2026-09-18T11:38:23.406+0700] {processor.py:925} INFO - DAG(s) 'example_sla_dag' retrieved from /Users/andreasanditya/Downloads/572392_Andreas_AirflowETL/code/.venv/lib/python3.9/site-packages/airflow/example_dags/example_sla_dag.py
[2026-09-18T11:38:23.465+0700] {logging_mixin.py:190} INFO - [2026-09-18T11:38:23.464+0700] {dag.py:3239} INFO - Sync 1 DAGs
[2026-09-18T11:38:23.477+0700] {logging_mixin.py:190} INFO - [2026-09-18T11:38:23.477+0700] {dag.py:4180} INFO - Setting next_dagrun for example_sla_dag to 2026-09-18 04:36:00+00:00, run_after=2026-09-18 04:38:00+00:00
[2026-09-18T11:38:23.487+0700] {processor.py:208} INFO - Processing /Users/andreasanditya/Downloads/572392_Andreas_AirflowETL/code/.venv/lib/python3.9/site-packages/airflow/example_dags/example_sla_dag.py took 0.130 seconds
[2026-09-18T11:39:49.948+0700] {processor.py:186} INFO - Started process (PID=24867) to work on /Users/andreasanditya/Downloads/572392_Andreas_AirflowETL/code/.venv/lib/python3.9/site-packages/airflow/example_dags/example_sla_dag.py
[2026-09-18T11:39:49.949+0700] {processor.py:914} INFO - Processing file /Users/andreasanditya/Downloads/572392_Andreas_AirflowETL/code/.venv/lib/python3.9/site-packages/airflow/example_dags/example_sla_dag.py for tasks to queue
[2026-09-18T11:39:49.950+0700] {logging_mixin.py:190} INFO - [2026-09-18T11:39:49.950+0700] {dagbag.py:588} INFO - Filling up the DagBag from /Users/andreasanditya/Downloads/572392_Andreas_AirflowETL/code/.venv/lib/python3.9/site-packages/airflow/example_dags/example_sla_dag.py
[2026-09-18T11:39:49.998+0700] {processor.py:925} INFO - DAG(s) 'example_sla_dag' retrieved from /Users/andreasanditya/Downloads/572392_Andreas_AirflowETL/code/.venv/lib/python3.9/site-packages/airflow/example_dags/example_sla_dag.py
[2026-09-18T11:39:50.059+0700] {logging_mixin.py:190} INFO - [2026-09-18T11:39:50.059+0700] {dag.py:3239} INFO - Sync 1 DAGs
[2026-09-18T11:39:50.071+0700] {logging_mixin.py:190} INFO - [2026-09-18T11:39:50.071+0700] {dag.py:4180} INFO - Setting next_dagrun for example_sla_dag to 2026-09-18 04:36:00+00:00, run_after=2026-09-18 04:38:00+00:00
[2026-09-18T11:39:50.081+0700] {processor.py:208} INFO - Processing /Users/andreasanditya/Downloads/572392_Andreas_AirflowETL/code/.venv/lib/python3.9/site-packages/airflow/example_dags/example_sla_dag.py took 0.135 seconds
[2026-09-18T11:41:19.010+0700] {processor.py:186} INFO - Started process (PID=25810) to work on /Users/andreasanditya/Downloads/572392_Andreas_AirflowETL/code/.venv/lib/python3.9/site-packages/airflow/example_dags/example_sla_dag.py
[2026-09-18T11:41:19.011+0700] {processor.py:914} INFO - Processing file /Users/andreasanditya/Downloads/572392_Andreas_AirflowETL/code/.venv/lib/python3.9/site-packages/airflow/example_dags/example_sla_dag.py for tasks to queue
[2026-09-18T11:41:19.012+0700] {logging_mixin.py:190} INFO - [2026-09-18T11:41:19.011+0700] {dagbag.py:588} INFO - Filling up the DagBag from /Users/andreasanditya/Downloads/572392_Andreas_AirflowETL/code/.venv/lib/python3.9/site-packages/airflow/example_dags/example_sla_dag.py
[2026-09-18T11:41:19.062+0700] {processor.py:925} INFO - DAG(s) 'example_sla_dag' retrieved from /Users/andreasanditya/Downloads/572392_Andreas_AirflowETL/code/.venv/lib/python3.9/site-packages/airflow/example_dags/example_sla_dag.py
[2026-09-18T11:41:19.122+0700] {logging_mixin.py:190} INFO - [2026-09-18T11:41:19.121+0700] {dag.py:3239} INFO - Sync 1 DAGs
[2026-09-18T11:41:19.134+0700] {logging_mixin.py:190} INFO - [2026-09-18T11:41:19.133+0700] {dag.py:4180} INFO - Setting next_dagrun for example_sla_dag to 2026-09-18 04:38:00+00:00, run_after=2026-09-18 04:40:00+00:00
[2026-09-18T11:41:19.144+0700] {processor.py:208} INFO - Processing /Users/andreasanditya/Downloads/572392_Andreas_AirflowETL/code/.venv/lib/python3.9/site-packages/airflow/example_dags/example_sla_dag.py took 0.136 seconds
[2026-09-18T11:42:49.809+0700] {processor.py:186} INFO - Started process (PID=26734) to work on /Users/andreasanditya/Downloads/572392_Andreas_AirflowETL/code/.venv/lib/python3.9/site-packages/airflow/example_dags/example_sla_dag.py
[2026-09-18T11:42:49.810+0700] {processor.py:914} INFO - Processing file /Users/andreasanditya/Downloads/572392_Andreas_AirflowETL/code/.venv/lib/python3.9/site-packages/airflow/example_dags/example_sla_dag.py for tasks to queue
[2026-09-18T11:42:49.811+0700] {logging_mixin.py:190} INFO - [2026-09-18T11:42:49.811+0700] {dagbag.py:588} INFO - Filling up the DagBag from /Users/andreasanditya/Downloads/572392_Andreas_AirflowETL/code/.venv/lib/python3.9/site-packages/airflow/example_dags/example_sla_dag.py
[2026-09-18T11:42:49.857+0700] {processor.py:925} INFO - DAG(s) 'example_sla_dag' retrieved from /Users/andreasanditya/Downloads/572392_Andreas_AirflowETL/code/.venv/lib/python3.9/site-packages/airflow/example_dags/example_sla_dag.py
[2026-09-18T11:42:49.915+0700] {logging_mixin.py:190} INFO - [2026-09-18T11:42:49.915+0700] {dag.py:3239} INFO - Sync 1 DAGs
[2026-09-18T11:42:49.927+0700] {logging_mixin.py:190} INFO - [2026-09-18T11:42:49.927+0700] {dag.py:4180} INFO - Setting next_dagrun for example_sla_dag to 2026-09-18 04:40:00+00:00, run_after=2026-09-18 04:42:00+00:00
[2026-09-18T11:42:49.937+0700] {processor.py:208} INFO - Processing /Users/andreasanditya/Downloads/572392_Andreas_AirflowETL/code/.venv/lib/python3.9/site-packages/airflow/example_dags/example_sla_dag.py took 0.130 seconds
[2026-09-18T11:44:17.556+0700] {processor.py:186} INFO - Started process (PID=27641) to work on /Users/andreasanditya/Downloads/572392_Andreas_AirflowETL/code/.venv/lib/python3.9/site-packages/airflow/example_dags/example_sla_dag.py
[2026-09-18T11:44:17.557+0700] {processor.py:914} INFO - Processing file /Users/andreasanditya/Downloads/572392_Andreas_AirflowETL/code/.venv/lib/python3.9/site-packages/airflow/example_dags/example_sla_dag.py for tasks to queue
[2026-09-18T11:44:17.558+0700] {logging_mixin.py:190} INFO - [2026-09-18T11:44:17.558+0700] {dagbag.py:588} INFO - Filling up the DagBag from /Users/andreasanditya/Downloads/572392_Andreas_AirflowETL/code/.venv/lib/python3.9/site-packages/airflow/example_dags/example_sla_dag.py
[2026-09-18T11:44:17.605+0700] {processor.py:925} INFO - DAG(s) 'example_sla_dag' retrieved from /Users/andreasanditya/Downloads/572392_Andreas_AirflowETL/code/.venv/lib/python3.9/site-packages/airflow/example_dags/example_sla_dag.py
[2026-09-18T11:44:17.663+0700] {logging_mixin.py:190} INFO - [2026-09-18T11:44:17.663+0700] {dag.py:3239} INFO - Sync 1 DAGs
[2026-09-18T11:44:17.674+0700] {logging_mixin.py:190} INFO - [2026-09-18T11:44:17.674+0700] {dag.py:4180} INFO - Setting next_dagrun for example_sla_dag to 2026-09-18 04:42:00+00:00, run_after=2026-09-18 04:44:00+00:00
[2026-09-18T11:44:17.684+0700] {processor.py:208} INFO - Processing /Users/andreasanditya/Downloads/572392_Andreas_AirflowETL/code/.venv/lib/python3.9/site-packages/airflow/example_dags/example_sla_dag.py took 0.130 seconds
[2026-09-18T11:45:44.299+0700] {processor.py:186} INFO - Started process (PID=28463) to work on /Users/andreasanditya/Downloads/572392_Andreas_AirflowETL/code/.venv/lib/python3.9/site-packages/airflow/example_dags/example_sla_dag.py
[2026-09-18T11:45:44.300+0700] {processor.py:914} INFO - Processing file /Users/andreasanditya/Downloads/572392_Andreas_AirflowETL/code/.venv/lib/python3.9/site-packages/airflow/example_dags/example_sla_dag.py for tasks to queue
[2026-09-18T11:45:44.301+0700] {logging_mixin.py:190} INFO - [2026-09-18T11:45:44.301+0700] {dagbag.py:588} INFO - Filling up the DagBag from /Users/andreasanditya/Downloads/572392_Andreas_AirflowETL/code/.venv/lib/python3.9/site-packages/airflow/example_dags/example_sla_dag.py
[2026-09-18T11:45:44.347+0700] {processor.py:925} INFO - DAG(s) 'example_sla_dag' retrieved from /Users/andreasanditya/Downloads/572392_Andreas_AirflowETL/code/.venv/lib/python3.9/site-packages/airflow/example_dags/example_sla_dag.py
[2026-09-18T11:45:44.405+0700] {logging_mixin.py:190} INFO - [2026-09-18T11:45:44.404+0700] {dag.py:3239} INFO - Sync 1 DAGs
[2026-09-18T11:45:44.417+0700] {logging_mixin.py:190} INFO - [2026-09-18T11:45:44.416+0700] {dag.py:4180} INFO - Setting next_dagrun for example_sla_dag to 2026-09-18 04:42:00+00:00, run_after=2026-09-18 04:44:00+00:00
[2026-09-18T11:45:44.426+0700] {processor.py:208} INFO - Processing /Users/andreasanditya/Downloads/572392_Andreas_AirflowETL/code/.venv/lib/python3.9/site-packages/airflow/example_dags/example_sla_dag.py took 0.129 seconds
[2026-09-18T11:47:09.622+0700] {processor.py:186} INFO - Started process (PID=29363) to work on /Users/andreasanditya/Downloads/572392_Andreas_AirflowETL/code/.venv/lib/python3.9/site-packages/airflow/example_dags/example_sla_dag.py
[2026-09-18T11:47:09.623+0700] {processor.py:914} INFO - Processing file /Users/andreasanditya/Downloads/572392_Andreas_AirflowETL/code/.venv/lib/python3.9/site-packages/airflow/example_dags/example_sla_dag.py for tasks to queue
[2026-09-18T11:47:09.624+0700] {logging_mixin.py:190} INFO - [2026-09-18T11:47:09.624+0700] {dagbag.py:588} INFO - Filling up the DagBag from /Users/andreasanditya/Downloads/572392_Andreas_AirflowETL/code/.venv/lib/python3.9/site-packages/airflow/example_dags/example_sla_dag.py
[2026-09-18T11:47:09.670+0700] {processor.py:925} INFO - DAG(s) 'example_sla_dag' retrieved from /Users/andreasanditya/Downloads/572392_Andreas_AirflowETL/code/.venv/lib/python3.9/site-packages/airflow/example_dags/example_sla_dag.py
[2026-09-18T11:47:09.729+0700] {logging_mixin.py:190} INFO - [2026-09-18T11:47:09.729+0700] {dag.py:3239} INFO - Sync 1 DAGs
[2026-09-18T11:47:09.742+0700] {logging_mixin.py:190} INFO - [2026-09-18T11:47:09.742+0700] {dag.py:4180} INFO - Setting next_dagrun for example_sla_dag to 2026-09-18 04:44:00+00:00, run_after=2026-09-18 04:46:00+00:00
[2026-09-18T11:47:09.752+0700] {processor.py:208} INFO - Processing /Users/andreasanditya/Downloads/572392_Andreas_AirflowETL/code/.venv/lib/python3.9/site-packages/airflow/example_dags/example_sla_dag.py took 0.132 seconds
[2026-09-18T11:48:37.430+0700] {processor.py:186} INFO - Started process (PID=30197) to work on /Users/andreasanditya/Downloads/572392_Andreas_AirflowETL/code/.venv/lib/python3.9/site-packages/airflow/example_dags/example_sla_dag.py
[2026-09-18T11:48:37.431+0700] {processor.py:914} INFO - Processing file /Users/andreasanditya/Downloads/572392_Andreas_AirflowETL/code/.venv/lib/python3.9/site-packages/airflow/example_dags/example_sla_dag.py for tasks to queue
[2026-09-18T11:48:37.432+0700] {logging_mixin.py:190} INFO - [2026-09-18T11:48:37.431+0700] {dagbag.py:588} INFO - Filling up the DagBag from /Users/andreasanditya/Downloads/572392_Andreas_AirflowETL/code/.venv/lib/python3.9/site-packages/airflow/example_dags/example_sla_dag.py
[2026-09-18T11:48:37.479+0700] {processor.py:925} INFO - DAG(s) 'example_sla_dag' retrieved from /Users/andreasanditya/Downloads/572392_Andreas_AirflowETL/code/.venv/lib/python3.9/site-packages/airflow/example_dags/example_sla_dag.py
[2026-09-18T11:48:37.539+0700] {logging_mixin.py:190} INFO - [2026-09-18T11:48:37.539+0700] {dag.py:3239} INFO - Sync 1 DAGs
[2026-09-18T11:48:37.552+0700] {logging_mixin.py:190} INFO - [2026-09-18T11:48:37.551+0700] {dag.py:4180} INFO - Setting next_dagrun for example_sla_dag to 2026-09-18 04:46:00+00:00, run_after=2026-09-18 04:48:00+00:00
[2026-09-18T11:48:37.562+0700] {processor.py:208} INFO - Processing /Users/andreasanditya/Downloads/572392_Andreas_AirflowETL/code/.venv/lib/python3.9/site-packages/airflow/example_dags/example_sla_dag.py took 0.134 seconds
[2026-09-18T11:50:03.663+0700] {processor.py:186} INFO - Started process (PID=31112) to work on /Users/andreasanditya/Downloads/572392_Andreas_AirflowETL/code/.venv/lib/python3.9/site-packages/airflow/example_dags/example_sla_dag.py
[2026-09-18T11:50:03.664+0700] {processor.py:914} INFO - Processing file /Users/andreasanditya/Downloads/572392_Andreas_AirflowETL/code/.venv/lib/python3.9/site-packages/airflow/example_dags/example_sla_dag.py for tasks to queue
[2026-09-18T11:50:03.664+0700] {logging_mixin.py:190} INFO - [2026-09-18T11:50:03.664+0700] {dagbag.py:588} INFO - Filling up the DagBag from /Users/andreasanditya/Downloads/572392_Andreas_AirflowETL/code/.venv/lib/python3.9/site-packages/airflow/example_dags/example_sla_dag.py
[2026-09-18T11:50:03.712+0700] {processor.py:925} INFO - DAG(s) 'example_sla_dag' retrieved from /Users/andreasanditya/Downloads/572392_Andreas_AirflowETL/code/.venv/lib/python3.9/site-packages/airflow/example_dags/example_sla_dag.py
[2026-09-18T11:50:03.771+0700] {logging_mixin.py:190} INFO - [2026-09-18T11:50:03.771+0700] {dag.py:3239} INFO - Sync 1 DAGs
[2026-09-18T11:50:03.783+0700] {logging_mixin.py:190} INFO - [2026-09-18T11:50:03.783+0700] {dag.py:4180} INFO - Setting next_dagrun for example_sla_dag to 2026-09-18 04:48:00+00:00, run_after=2026-09-18 04:50:00+00:00
[2026-09-18T11:50:03.793+0700] {processor.py:208} INFO - Processing /Users/andreasanditya/Downloads/572392_Andreas_AirflowETL/code/.venv/lib/python3.9/site-packages/airflow/example_dags/example_sla_dag.py took 0.133 seconds
[2026-09-18T11:51:28.685+0700] {processor.py:186} INFO - Started process (PID=31933) to work on /Users/andreasanditya/Downloads/572392_Andreas_AirflowETL/code/.venv/lib/python3.9/site-packages/airflow/example_dags/example_sla_dag.py
[2026-09-18T11:51:28.686+0700] {processor.py:914} INFO - Processing file /Users/andreasanditya/Downloads/572392_Andreas_AirflowETL/code/.venv/lib/python3.9/site-packages/airflow/example_dags/example_sla_dag.py for tasks to queue
[2026-09-18T11:51:28.687+0700] {logging_mixin.py:190} INFO - [2026-09-18T11:51:28.687+0700] {dagbag.py:588} INFO - Filling up the DagBag from /Users/andreasanditya/Downloads/572392_Andreas_AirflowETL/code/.venv/lib/python3.9/site-packages/airflow/example_dags/example_sla_dag.py
[2026-09-18T11:51:28.736+0700] {processor.py:925} INFO - DAG(s) 'example_sla_dag' retrieved from /Users/andreasanditya/Downloads/572392_Andreas_AirflowETL/code/.venv/lib/python3.9/site-packages/airflow/example_dags/example_sla_dag.py
[2026-09-18T11:51:28.799+0700] {logging_mixin.py:190} INFO - [2026-09-18T11:51:28.799+0700] {dag.py:3239} INFO - Sync 1 DAGs
[2026-09-18T11:51:28.811+0700] {logging_mixin.py:190} INFO - [2026-09-18T11:51:28.811+0700] {dag.py:4180} INFO - Setting next_dagrun for example_sla_dag to 2026-09-18 04:48:00+00:00, run_after=2026-09-18 04:50:00+00:00
[2026-09-18T11:51:28.821+0700] {processor.py:208} INFO - Processing /Users/andreasanditya/Downloads/572392_Andreas_AirflowETL/code/.venv/lib/python3.9/site-packages/airflow/example_dags/example_sla_dag.py took 0.137 seconds
[2026-09-18T11:52:55.347+0700] {processor.py:186} INFO - Started process (PID=32838) to work on /Users/andreasanditya/Downloads/572392_Andreas_AirflowETL/code/.venv/lib/python3.9/site-packages/airflow/example_dags/example_sla_dag.py
[2026-09-18T11:52:55.348+0700] {processor.py:914} INFO - Processing file /Users/andreasanditya/Downloads/572392_Andreas_AirflowETL/code/.venv/lib/python3.9/site-packages/airflow/example_dags/example_sla_dag.py for tasks to queue
[2026-09-18T11:52:55.348+0700] {logging_mixin.py:190} INFO - [2026-09-18T11:52:55.348+0700] {dagbag.py:588} INFO - Filling up the DagBag from /Users/andreasanditya/Downloads/572392_Andreas_AirflowETL/code/.venv/lib/python3.9/site-packages/airflow/example_dags/example_sla_dag.py
[2026-09-18T11:52:55.395+0700] {processor.py:925} INFO - DAG(s) 'example_sla_dag' retrieved from /Users/andreasanditya/Downloads/572392_Andreas_AirflowETL/code/.venv/lib/python3.9/site-packages/airflow/example_dags/example_sla_dag.py
[2026-09-18T11:52:55.454+0700] {logging_mixin.py:190} INFO - [2026-09-18T11:52:55.454+0700] {dag.py:3239} INFO - Sync 1 DAGs
[2026-09-18T11:52:55.467+0700] {logging_mixin.py:190} INFO - [2026-09-18T11:52:55.467+0700] {dag.py:4180} INFO - Setting next_dagrun for example_sla_dag to 2026-09-18 04:50:00+00:00, run_after=2026-09-18 04:52:00+00:00
[2026-09-18T11:52:55.477+0700] {processor.py:208} INFO - Processing /Users/andreasanditya/Downloads/572392_Andreas_AirflowETL/code/.venv/lib/python3.9/site-packages/airflow/example_dags/example_sla_dag.py took 0.132 seconds
[2026-09-18T11:54:21.169+0700] {processor.py:186} INFO - Started process (PID=33660) to work on /Users/andreasanditya/Downloads/572392_Andreas_AirflowETL/code/.venv/lib/python3.9/site-packages/airflow/example_dags/example_sla_dag.py
[2026-09-18T11:54:21.169+0700] {processor.py:914} INFO - Processing file /Users/andreasanditya/Downloads/572392_Andreas_AirflowETL/code/.venv/lib/python3.9/site-packages/airflow/example_dags/example_sla_dag.py for tasks to queue
[2026-09-18T11:54:21.170+0700] {logging_mixin.py:190} INFO - [2026-09-18T11:54:21.170+0700] {dagbag.py:588} INFO - Filling up the DagBag from /Users/andreasanditya/Downloads/572392_Andreas_AirflowETL/code/.venv/lib/python3.9/site-packages/airflow/example_dags/example_sla_dag.py
[2026-09-18T11:54:21.216+0700] {processor.py:925} INFO - DAG(s) 'example_sla_dag' retrieved from /Users/andreasanditya/Downloads/572392_Andreas_AirflowETL/code/.venv/lib/python3.9/site-packages/airflow/example_dags/example_sla_dag.py
[2026-09-18T11:54:21.274+0700] {logging_mixin.py:190} INFO - [2026-09-18T11:54:21.274+0700] {dag.py:3239} INFO - Sync 1 DAGs
[2026-09-18T11:54:21.286+0700] {logging_mixin.py:190} INFO - [2026-09-18T11:54:21.286+0700] {dag.py:4180} INFO - Setting next_dagrun for example_sla_dag to 2026-09-18 04:52:00+00:00, run_after=2026-09-18 04:54:00+00:00
[2026-09-18T11:54:21.296+0700] {processor.py:208} INFO - Processing /Users/andreasanditya/Downloads/572392_Andreas_AirflowETL/code/.venv/lib/python3.9/site-packages/airflow/example_dags/example_sla_dag.py took 0.130 seconds
[2026-09-18T11:55:49.262+0700] {processor.py:186} INFO - Started process (PID=34586) to work on /Users/andreasanditya/Downloads/572392_Andreas_AirflowETL/code/.venv/lib/python3.9/site-packages/airflow/example_dags/example_sla_dag.py
[2026-09-18T11:55:49.263+0700] {processor.py:914} INFO - Processing file /Users/andreasanditya/Downloads/572392_Andreas_AirflowETL/code/.venv/lib/python3.9/site-packages/airflow/example_dags/example_sla_dag.py for tasks to queue
[2026-09-18T11:55:49.264+0700] {logging_mixin.py:190} INFO - [2026-09-18T11:55:49.264+0700] {dagbag.py:588} INFO - Filling up the DagBag from /Users/andreasanditya/Downloads/572392_Andreas_AirflowETL/code/.venv/lib/python3.9/site-packages/airflow/example_dags/example_sla_dag.py
[2026-09-18T11:55:49.309+0700] {processor.py:925} INFO - DAG(s) 'example_sla_dag' retrieved from /Users/andreasanditya/Downloads/572392_Andreas_AirflowETL/code/.venv/lib/python3.9/site-packages/airflow/example_dags/example_sla_dag.py
[2026-09-18T11:55:49.368+0700] {logging_mixin.py:190} INFO - [2026-09-18T11:55:49.368+0700] {dag.py:3239} INFO - Sync 1 DAGs
[2026-09-18T11:55:49.380+0700] {logging_mixin.py:190} INFO - [2026-09-18T11:55:49.380+0700] {dag.py:4180} INFO - Setting next_dagrun for example_sla_dag to 2026-09-18 04:52:00+00:00, run_after=2026-09-18 04:54:00+00:00
[2026-09-18T11:55:49.390+0700] {processor.py:208} INFO - Processing /Users/andreasanditya/Downloads/572392_Andreas_AirflowETL/code/.venv/lib/python3.9/site-packages/airflow/example_dags/example_sla_dag.py took 0.130 seconds
[2026-09-18T11:57:16.987+0700] {processor.py:186} INFO - Started process (PID=35497) to work on /Users/andreasanditya/Downloads/572392_Andreas_AirflowETL/code/.venv/lib/python3.9/site-packages/airflow/example_dags/example_sla_dag.py
[2026-09-18T11:57:16.990+0700] {processor.py:914} INFO - Processing file /Users/andreasanditya/Downloads/572392_Andreas_AirflowETL/code/.venv/lib/python3.9/site-packages/airflow/example_dags/example_sla_dag.py for tasks to queue
[2026-09-18T11:57:16.991+0700] {logging_mixin.py:190} INFO - [2026-09-18T11:57:16.991+0700] {dagbag.py:588} INFO - Filling up the DagBag from /Users/andreasanditya/Downloads/572392_Andreas_AirflowETL/code/.venv/lib/python3.9/site-packages/airflow/example_dags/example_sla_dag.py
[2026-09-18T11:57:17.037+0700] {processor.py:925} INFO - DAG(s) 'example_sla_dag' retrieved from /Users/andreasanditya/Downloads/572392_Andreas_AirflowETL/code/.venv/lib/python3.9/site-packages/airflow/example_dags/example_sla_dag.py
[2026-09-18T11:57:17.096+0700] {logging_mixin.py:190} INFO - [2026-09-18T11:57:17.095+0700] {dag.py:3239} INFO - Sync 1 DAGs
[2026-09-18T11:57:17.108+0700] {logging_mixin.py:190} INFO - [2026-09-18T11:57:17.108+0700] {dag.py:4180} INFO - Setting next_dagrun for example_sla_dag to 2026-09-18 04:54:00+00:00, run_after=2026-09-18 04:56:00+00:00
[2026-09-18T11:57:17.118+0700] {processor.py:208} INFO - Processing /Users/andreasanditya/Downloads/572392_Andreas_AirflowETL/code/.venv/lib/python3.9/site-packages/airflow/example_dags/example_sla_dag.py took 0.133 seconds
[2026-09-18T11:58:41.407+0700] {processor.py:186} INFO - Started process (PID=36319) to work on /Users/andreasanditya/Downloads/572392_Andreas_AirflowETL/code/.venv/lib/python3.9/site-packages/airflow/example_dags/example_sla_dag.py
[2026-09-18T11:58:41.408+0700] {processor.py:914} INFO - Processing file /Users/andreasanditya/Downloads/572392_Andreas_AirflowETL/code/.venv/lib/python3.9/site-packages/airflow/example_dags/example_sla_dag.py for tasks to queue
[2026-09-18T11:58:41.409+0700] {logging_mixin.py:190} INFO - [2026-09-18T11:58:41.408+0700] {dagbag.py:588} INFO - Filling up the DagBag from /Users/andreasanditya/Downloads/572392_Andreas_AirflowETL/code/.venv/lib/python3.9/site-packages/airflow/example_dags/example_sla_dag.py
[2026-09-18T11:58:41.455+0700] {processor.py:925} INFO - DAG(s) 'example_sla_dag' retrieved from /Users/andreasanditya/Downloads/572392_Andreas_AirflowETL/code/.venv/lib/python3.9/site-packages/airflow/example_dags/example_sla_dag.py
[2026-09-18T11:58:41.516+0700] {logging_mixin.py:190} INFO - [2026-09-18T11:58:41.516+0700] {dag.py:3239} INFO - Sync 1 DAGs
[2026-09-18T11:58:41.528+0700] {logging_mixin.py:190} INFO - [2026-09-18T11:58:41.528+0700] {dag.py:4180} INFO - Setting next_dagrun for example_sla_dag to 2026-09-18 04:56:00+00:00, run_after=2026-09-18 04:58:00+00:00
[2026-09-18T11:58:41.538+0700] {processor.py:208} INFO - Processing /Users/andreasanditya/Downloads/572392_Andreas_AirflowETL/code/.venv/lib/python3.9/site-packages/airflow/example_dags/example_sla_dag.py took 0.133 seconds
[2026-09-18T12:00:07.656+0700] {processor.py:186} INFO - Started process (PID=37211) to work on /Users/andreasanditya/Downloads/572392_Andreas_AirflowETL/code/.venv/lib/python3.9/site-packages/airflow/example_dags/example_sla_dag.py
[2026-09-18T12:00:07.657+0700] {processor.py:914} INFO - Processing file /Users/andreasanditya/Downloads/572392_Andreas_AirflowETL/code/.venv/lib/python3.9/site-packages/airflow/example_dags/example_sla_dag.py for tasks to queue
[2026-09-18T12:00:07.658+0700] {logging_mixin.py:190} INFO - [2026-09-18T12:00:07.658+0700] {dagbag.py:588} INFO - Filling up the DagBag from /Users/andreasanditya/Downloads/572392_Andreas_AirflowETL/code/.venv/lib/python3.9/site-packages/airflow/example_dags/example_sla_dag.py
[2026-09-18T12:00:07.708+0700] {processor.py:925} INFO - DAG(s) 'example_sla_dag' retrieved from /Users/andreasanditya/Downloads/572392_Andreas_AirflowETL/code/.venv/lib/python3.9/site-packages/airflow/example_dags/example_sla_dag.py
[2026-09-18T12:00:07.773+0700] {logging_mixin.py:190} INFO - [2026-09-18T12:00:07.773+0700] {dag.py:3239} INFO - Sync 1 DAGs
[2026-09-18T12:00:07.787+0700] {logging_mixin.py:190} INFO - [2026-09-18T12:00:07.787+0700] {dag.py:4180} INFO - Setting next_dagrun for example_sla_dag to 2026-09-18 04:58:00+00:00, run_after=2026-09-18 05:00:00+00:00
[2026-09-18T12:00:07.799+0700] {processor.py:208} INFO - Processing /Users/andreasanditya/Downloads/572392_Andreas_AirflowETL/code/.venv/lib/python3.9/site-packages/airflow/example_dags/example_sla_dag.py took 0.146 seconds
[2026-09-18T12:01:34.189+0700] {processor.py:186} INFO - Started process (PID=38049) to work on /Users/andreasanditya/Downloads/572392_Andreas_AirflowETL/code/.venv/lib/python3.9/site-packages/airflow/example_dags/example_sla_dag.py
[2026-09-18T12:01:34.190+0700] {processor.py:914} INFO - Processing file /Users/andreasanditya/Downloads/572392_Andreas_AirflowETL/code/.venv/lib/python3.9/site-packages/airflow/example_dags/example_sla_dag.py for tasks to queue
[2026-09-18T12:01:34.191+0700] {logging_mixin.py:190} INFO - [2026-09-18T12:01:34.191+0700] {dagbag.py:588} INFO - Filling up the DagBag from /Users/andreasanditya/Downloads/572392_Andreas_AirflowETL/code/.venv/lib/python3.9/site-packages/airflow/example_dags/example_sla_dag.py
[2026-09-18T12:01:34.237+0700] {processor.py:925} INFO - DAG(s) 'example_sla_dag' retrieved from /Users/andreasanditya/Downloads/572392_Andreas_AirflowETL/code/.venv/lib/python3.9/site-packages/airflow/example_dags/example_sla_dag.py
[2026-09-18T12:01:34.296+0700] {logging_mixin.py:190} INFO - [2026-09-18T12:01:34.295+0700] {dag.py:3239} INFO - Sync 1 DAGs
[2026-09-18T12:01:34.307+0700] {logging_mixin.py:190} INFO - [2026-09-18T12:01:34.307+0700] {dag.py:4180} INFO - Setting next_dagrun for example_sla_dag to 2026-09-18 04:58:00+00:00, run_after=2026-09-18 05:00:00+00:00
[2026-09-18T12:01:34.317+0700] {processor.py:208} INFO - Processing /Users/andreasanditya/Downloads/572392_Andreas_AirflowETL/code/.venv/lib/python3.9/site-packages/airflow/example_dags/example_sla_dag.py took 0.130 seconds
[2026-09-18T12:03:02.047+0700] {processor.py:186} INFO - Started process (PID=38977) to work on /Users/andreasanditya/Downloads/572392_Andreas_AirflowETL/code/.venv/lib/python3.9/site-packages/airflow/example_dags/example_sla_dag.py
[2026-09-18T12:03:02.048+0700] {processor.py:914} INFO - Processing file /Users/andreasanditya/Downloads/572392_Andreas_AirflowETL/code/.venv/lib/python3.9/site-packages/airflow/example_dags/example_sla_dag.py for tasks to queue
[2026-09-18T12:03:02.049+0700] {logging_mixin.py:190} INFO - [2026-09-18T12:03:02.049+0700] {dagbag.py:588} INFO - Filling up the DagBag from /Users/andreasanditya/Downloads/572392_Andreas_AirflowETL/code/.venv/lib/python3.9/site-packages/airflow/example_dags/example_sla_dag.py
[2026-09-18T12:03:02.096+0700] {processor.py:925} INFO - DAG(s) 'example_sla_dag' retrieved from /Users/andreasanditya/Downloads/572392_Andreas_AirflowETL/code/.venv/lib/python3.9/site-packages/airflow/example_dags/example_sla_dag.py
[2026-09-18T12:03:02.154+0700] {logging_mixin.py:190} INFO - [2026-09-18T12:03:02.154+0700] {dag.py:3239} INFO - Sync 1 DAGs
[2026-09-18T12:03:02.166+0700] {logging_mixin.py:190} INFO - [2026-09-18T12:03:02.166+0700] {dag.py:4180} INFO - Setting next_dagrun for example_sla_dag to 2026-09-18 05:00:00+00:00, run_after=2026-09-18 05:02:00+00:00
[2026-09-18T12:03:02.176+0700] {processor.py:208} INFO - Processing /Users/andreasanditya/Downloads/572392_Andreas_AirflowETL/code/.venv/lib/python3.9/site-packages/airflow/example_dags/example_sla_dag.py took 0.131 seconds
[2026-09-18T12:04:28.584+0700] {processor.py:186} INFO - Started process (PID=39809) to work on /Users/andreasanditya/Downloads/572392_Andreas_AirflowETL/code/.venv/lib/python3.9/site-packages/airflow/example_dags/example_sla_dag.py
[2026-09-18T12:04:28.585+0700] {processor.py:914} INFO - Processing file /Users/andreasanditya/Downloads/572392_Andreas_AirflowETL/code/.venv/lib/python3.9/site-packages/airflow/example_dags/example_sla_dag.py for tasks to queue
[2026-09-18T12:04:28.586+0700] {logging_mixin.py:190} INFO - [2026-09-18T12:04:28.585+0700] {dagbag.py:588} INFO - Filling up the DagBag from /Users/andreasanditya/Downloads/572392_Andreas_AirflowETL/code/.venv/lib/python3.9/site-packages/airflow/example_dags/example_sla_dag.py
[2026-09-18T12:04:28.633+0700] {processor.py:925} INFO - DAG(s) 'example_sla_dag' retrieved from /Users/andreasanditya/Downloads/572392_Andreas_AirflowETL/code/.venv/lib/python3.9/site-packages/airflow/example_dags/example_sla_dag.py
[2026-09-18T12:04:28.693+0700] {logging_mixin.py:190} INFO - [2026-09-18T12:04:28.693+0700] {dag.py:3239} INFO - Sync 1 DAGs
[2026-09-18T12:04:28.706+0700] {logging_mixin.py:190} INFO - [2026-09-18T12:04:28.706+0700] {dag.py:4180} INFO - Setting next_dagrun for example_sla_dag to 2026-09-18 05:02:00+00:00, run_after=2026-09-18 05:04:00+00:00
[2026-09-18T12:04:28.716+0700] {processor.py:208} INFO - Processing /Users/andreasanditya/Downloads/572392_Andreas_AirflowETL/code/.venv/lib/python3.9/site-packages/airflow/example_dags/example_sla_dag.py took 0.134 seconds
[2026-09-18T12:05:54.666+0700] {processor.py:186} INFO - Started process (PID=40705) to work on /Users/andreasanditya/Downloads/572392_Andreas_AirflowETL/code/.venv/lib/python3.9/site-packages/airflow/example_dags/example_sla_dag.py
[2026-09-18T12:05:54.668+0700] {processor.py:914} INFO - Processing file /Users/andreasanditya/Downloads/572392_Andreas_AirflowETL/code/.venv/lib/python3.9/site-packages/airflow/example_dags/example_sla_dag.py for tasks to queue
[2026-09-18T12:05:54.669+0700] {logging_mixin.py:190} INFO - [2026-09-18T12:05:54.669+0700] {dagbag.py:588} INFO - Filling up the DagBag from /Users/andreasanditya/Downloads/572392_Andreas_AirflowETL/code/.venv/lib/python3.9/site-packages/airflow/example_dags/example_sla_dag.py
[2026-09-18T12:05:54.715+0700] {processor.py:925} INFO - DAG(s) 'example_sla_dag' retrieved from /Users/andreasanditya/Downloads/572392_Andreas_AirflowETL/code/.venv/lib/python3.9/site-packages/airflow/example_dags/example_sla_dag.py
[2026-09-18T12:05:54.774+0700] {logging_mixin.py:190} INFO - [2026-09-18T12:05:54.774+0700] {dag.py:3239} INFO - Sync 1 DAGs
[2026-09-18T12:05:54.788+0700] {logging_mixin.py:190} INFO - [2026-09-18T12:05:54.788+0700] {dag.py:4180} INFO - Setting next_dagrun for example_sla_dag to 2026-09-18 05:02:00+00:00, run_after=2026-09-18 05:04:00+00:00
[2026-09-18T12:05:54.797+0700] {processor.py:208} INFO - Processing /Users/andreasanditya/Downloads/572392_Andreas_AirflowETL/code/.venv/lib/python3.9/site-packages/airflow/example_dags/example_sla_dag.py took 0.133 seconds
[2026-09-18T12:07:23.619+0700] {processor.py:186} INFO - Started process (PID=41619) to work on /Users/andreasanditya/Downloads/572392_Andreas_AirflowETL/code/.venv/lib/python3.9/site-packages/airflow/example_dags/example_sla_dag.py
[2026-09-18T12:07:23.620+0700] {processor.py:914} INFO - Processing file /Users/andreasanditya/Downloads/572392_Andreas_AirflowETL/code/.venv/lib/python3.9/site-packages/airflow/example_dags/example_sla_dag.py for tasks to queue
[2026-09-18T12:07:23.621+0700] {logging_mixin.py:190} INFO - [2026-09-18T12:07:23.621+0700] {dagbag.py:588} INFO - Filling up the DagBag from /Users/andreasanditya/Downloads/572392_Andreas_AirflowETL/code/.venv/lib/python3.9/site-packages/airflow/example_dags/example_sla_dag.py
[2026-09-18T12:07:23.668+0700] {processor.py:925} INFO - DAG(s) 'example_sla_dag' retrieved from /Users/andreasanditya/Downloads/572392_Andreas_AirflowETL/code/.venv/lib/python3.9/site-packages/airflow/example_dags/example_sla_dag.py
[2026-09-18T12:07:23.728+0700] {logging_mixin.py:190} INFO - [2026-09-18T12:07:23.728+0700] {dag.py:3239} INFO - Sync 1 DAGs
[2026-09-18T12:07:23.740+0700] {logging_mixin.py:190} INFO - [2026-09-18T12:07:23.740+0700] {dag.py:4180} INFO - Setting next_dagrun for example_sla_dag to 2026-09-18 05:04:00+00:00, run_after=2026-09-18 05:06:00+00:00
[2026-09-18T12:07:23.750+0700] {processor.py:208} INFO - Processing /Users/andreasanditya/Downloads/572392_Andreas_AirflowETL/code/.venv/lib/python3.9/site-packages/airflow/example_dags/example_sla_dag.py took 0.134 seconds
[2026-09-18T12:08:50.525+0700] {processor.py:186} INFO - Started process (PID=42448) to work on /Users/andreasanditya/Downloads/572392_Andreas_AirflowETL/code/.venv/lib/python3.9/site-packages/airflow/example_dags/example_sla_dag.py
[2026-09-18T12:08:50.526+0700] {processor.py:914} INFO - Processing file /Users/andreasanditya/Downloads/572392_Andreas_AirflowETL/code/.venv/lib/python3.9/site-packages/airflow/example_dags/example_sla_dag.py for tasks to queue
[2026-09-18T12:08:50.527+0700] {logging_mixin.py:190} INFO - [2026-09-18T12:08:50.526+0700] {dagbag.py:588} INFO - Filling up the DagBag from /Users/andreasanditya/Downloads/572392_Andreas_AirflowETL/code/.venv/lib/python3.9/site-packages/airflow/example_dags/example_sla_dag.py
[2026-09-18T12:08:50.574+0700] {processor.py:925} INFO - DAG(s) 'example_sla_dag' retrieved from /Users/andreasanditya/Downloads/572392_Andreas_AirflowETL/code/.venv/lib/python3.9/site-packages/airflow/example_dags/example_sla_dag.py
[2026-09-18T12:08:50.633+0700] {logging_mixin.py:190} INFO - [2026-09-18T12:08:50.633+0700] {dag.py:3239} INFO - Sync 1 DAGs
[2026-09-18T12:08:50.645+0700] {logging_mixin.py:190} INFO - [2026-09-18T12:08:50.645+0700] {dag.py:4180} INFO - Setting next_dagrun for example_sla_dag to 2026-09-18 05:06:00+00:00, run_after=2026-09-18 05:08:00+00:00
[2026-09-18T12:08:50.655+0700] {processor.py:208} INFO - Processing /Users/andreasanditya/Downloads/572392_Andreas_AirflowETL/code/.venv/lib/python3.9/site-packages/airflow/example_dags/example_sla_dag.py took 0.133 seconds
[2026-09-18T12:10:16.775+0700] {processor.py:186} INFO - Started process (PID=43366) to work on /Users/andreasanditya/Downloads/572392_Andreas_AirflowETL/code/.venv/lib/python3.9/site-packages/airflow/example_dags/example_sla_dag.py
[2026-09-18T12:10:16.776+0700] {processor.py:914} INFO - Processing file /Users/andreasanditya/Downloads/572392_Andreas_AirflowETL/code/.venv/lib/python3.9/site-packages/airflow/example_dags/example_sla_dag.py for tasks to queue
[2026-09-18T12:10:16.777+0700] {logging_mixin.py:190} INFO - [2026-09-18T12:10:16.777+0700] {dagbag.py:588} INFO - Filling up the DagBag from /Users/andreasanditya/Downloads/572392_Andreas_AirflowETL/code/.venv/lib/python3.9/site-packages/airflow/example_dags/example_sla_dag.py
[2026-09-18T12:10:16.824+0700] {processor.py:925} INFO - DAG(s) 'example_sla_dag' retrieved from /Users/andreasanditya/Downloads/572392_Andreas_AirflowETL/code/.venv/lib/python3.9/site-packages/airflow/example_dags/example_sla_dag.py
[2026-09-18T12:10:16.884+0700] {logging_mixin.py:190} INFO - [2026-09-18T12:10:16.884+0700] {dag.py:3239} INFO - Sync 1 DAGs
[2026-09-18T12:10:16.896+0700] {logging_mixin.py:190} INFO - [2026-09-18T12:10:16.896+0700] {dag.py:4180} INFO - Setting next_dagrun for example_sla_dag to 2026-09-18 05:08:00+00:00, run_after=2026-09-18 05:10:00+00:00
[2026-09-18T12:10:16.907+0700] {processor.py:208} INFO - Processing /Users/andreasanditya/Downloads/572392_Andreas_AirflowETL/code/.venv/lib/python3.9/site-packages/airflow/example_dags/example_sla_dag.py took 0.134 seconds
[2026-09-18T12:11:44.512+0700] {processor.py:186} INFO - Started process (PID=44203) to work on /Users/andreasanditya/Downloads/572392_Andreas_AirflowETL/code/.venv/lib/python3.9/site-packages/airflow/example_dags/example_sla_dag.py
[2026-09-18T12:11:44.513+0700] {processor.py:914} INFO - Processing file /Users/andreasanditya/Downloads/572392_Andreas_AirflowETL/code/.venv/lib/python3.9/site-packages/airflow/example_dags/example_sla_dag.py for tasks to queue
[2026-09-18T12:11:44.514+0700] {logging_mixin.py:190} INFO - [2026-09-18T12:11:44.514+0700] {dagbag.py:588} INFO - Filling up the DagBag from /Users/andreasanditya/Downloads/572392_Andreas_AirflowETL/code/.venv/lib/python3.9/site-packages/airflow/example_dags/example_sla_dag.py
[2026-09-18T12:11:44.567+0700] {processor.py:925} INFO - DAG(s) 'example_sla_dag' retrieved from /Users/andreasanditya/Downloads/572392_Andreas_AirflowETL/code/.venv/lib/python3.9/site-packages/airflow/example_dags/example_sla_dag.py
[2026-09-18T12:11:44.630+0700] {logging_mixin.py:190} INFO - [2026-09-18T12:11:44.630+0700] {dag.py:3239} INFO - Sync 1 DAGs
[2026-09-18T12:11:44.642+0700] {logging_mixin.py:190} INFO - [2026-09-18T12:11:44.642+0700] {dag.py:4180} INFO - Setting next_dagrun for example_sla_dag to 2026-09-18 05:08:00+00:00, run_after=2026-09-18 05:10:00+00:00
[2026-09-18T12:11:44.652+0700] {processor.py:208} INFO - Processing /Users/andreasanditya/Downloads/572392_Andreas_AirflowETL/code/.venv/lib/python3.9/site-packages/airflow/example_dags/example_sla_dag.py took 0.142 seconds
[2026-09-18T12:13:13.735+0700] {processor.py:186} INFO - Started process (PID=45850) to work on /Users/andreasanditya/Downloads/572392_Andreas_AirflowETL/code/.venv/lib/python3.9/site-packages/airflow/example_dags/example_sla_dag.py
[2026-09-18T12:13:13.736+0700] {processor.py:914} INFO - Processing file /Users/andreasanditya/Downloads/572392_Andreas_AirflowETL/code/.venv/lib/python3.9/site-packages/airflow/example_dags/example_sla_dag.py for tasks to queue
[2026-09-18T12:13:13.737+0700] {logging_mixin.py:190} INFO - [2026-09-18T12:13:13.737+0700] {dagbag.py:588} INFO - Filling up the DagBag from /Users/andreasanditya/Downloads/572392_Andreas_AirflowETL/code/.venv/lib/python3.9/site-packages/airflow/example_dags/example_sla_dag.py
[2026-09-18T12:13:13.790+0700] {processor.py:925} INFO - DAG(s) 'example_sla_dag' retrieved from /Users/andreasanditya/Downloads/572392_Andreas_AirflowETL/code/.venv/lib/python3.9/site-packages/airflow/example_dags/example_sla_dag.py
[2026-09-18T12:13:13.852+0700] {logging_mixin.py:190} INFO - [2026-09-18T12:13:13.852+0700] {dag.py:3239} INFO - Sync 1 DAGs
[2026-09-18T12:13:13.865+0700] {logging_mixin.py:190} INFO - [2026-09-18T12:13:13.865+0700] {dag.py:4180} INFO - Setting next_dagrun for example_sla_dag to 2026-09-18 05:10:00+00:00, run_after=2026-09-18 05:12:00+00:00
[2026-09-18T12:13:13.876+0700] {processor.py:208} INFO - Processing /Users/andreasanditya/Downloads/572392_Andreas_AirflowETL/code/.venv/lib/python3.9/site-packages/airflow/example_dags/example_sla_dag.py took 0.143 seconds
[2026-09-18T12:14:42.458+0700] {processor.py:186} INFO - Started process (PID=46871) to work on /Users/andreasanditya/Downloads/572392_Andreas_AirflowETL/code/.venv/lib/python3.9/site-packages/airflow/example_dags/example_sla_dag.py
[2026-09-18T12:14:42.459+0700] {processor.py:914} INFO - Processing file /Users/andreasanditya/Downloads/572392_Andreas_AirflowETL/code/.venv/lib/python3.9/site-packages/airflow/example_dags/example_sla_dag.py for tasks to queue
[2026-09-18T12:14:42.460+0700] {logging_mixin.py:190} INFO - [2026-09-18T12:14:42.460+0700] {dagbag.py:588} INFO - Filling up the DagBag from /Users/andreasanditya/Downloads/572392_Andreas_AirflowETL/code/.venv/lib/python3.9/site-packages/airflow/example_dags/example_sla_dag.py
[2026-09-18T12:14:42.506+0700] {processor.py:925} INFO - DAG(s) 'example_sla_dag' retrieved from /Users/andreasanditya/Downloads/572392_Andreas_AirflowETL/code/.venv/lib/python3.9/site-packages/airflow/example_dags/example_sla_dag.py
[2026-09-18T12:14:42.564+0700] {logging_mixin.py:190} INFO - [2026-09-18T12:14:42.563+0700] {dag.py:3239} INFO - Sync 1 DAGs
[2026-09-18T12:14:42.575+0700] {logging_mixin.py:190} INFO - [2026-09-18T12:14:42.575+0700] {dag.py:4180} INFO - Setting next_dagrun for example_sla_dag to 2026-09-18 05:12:00+00:00, run_after=2026-09-18 05:14:00+00:00
[2026-09-18T12:14:42.586+0700] {processor.py:208} INFO - Processing /Users/andreasanditya/Downloads/572392_Andreas_AirflowETL/code/.venv/lib/python3.9/site-packages/airflow/example_dags/example_sla_dag.py took 0.129 seconds
[2026-09-18T12:16:09.842+0700] {processor.py:186} INFO - Started process (PID=48504) to work on /Users/andreasanditya/Downloads/572392_Andreas_AirflowETL/code/.venv/lib/python3.9/site-packages/airflow/example_dags/example_sla_dag.py
[2026-09-18T12:16:09.843+0700] {processor.py:914} INFO - Processing file /Users/andreasanditya/Downloads/572392_Andreas_AirflowETL/code/.venv/lib/python3.9/site-packages/airflow/example_dags/example_sla_dag.py for tasks to queue
[2026-09-18T12:16:09.844+0700] {logging_mixin.py:190} INFO - [2026-09-18T12:16:09.844+0700] {dagbag.py:588} INFO - Filling up the DagBag from /Users/andreasanditya/Downloads/572392_Andreas_AirflowETL/code/.venv/lib/python3.9/site-packages/airflow/example_dags/example_sla_dag.py
[2026-09-18T12:16:09.889+0700] {processor.py:925} INFO - DAG(s) 'example_sla_dag' retrieved from /Users/andreasanditya/Downloads/572392_Andreas_AirflowETL/code/.venv/lib/python3.9/site-packages/airflow/example_dags/example_sla_dag.py
[2026-09-18T12:16:09.948+0700] {logging_mixin.py:190} INFO - [2026-09-18T12:16:09.947+0700] {dag.py:3239} INFO - Sync 1 DAGs
[2026-09-18T12:16:09.959+0700] {logging_mixin.py:190} INFO - [2026-09-18T12:16:09.959+0700] {dag.py:4180} INFO - Setting next_dagrun for example_sla_dag to 2026-09-18 05:14:00+00:00, run_after=2026-09-18 05:16:00+00:00
[2026-09-18T12:16:09.970+0700] {processor.py:208} INFO - Processing /Users/andreasanditya/Downloads/572392_Andreas_AirflowETL/code/.venv/lib/python3.9/site-packages/airflow/example_dags/example_sla_dag.py took 0.130 seconds
[2026-09-18T12:17:37.047+0700] {processor.py:186} INFO - Started process (PID=49803) to work on /Users/andreasanditya/Downloads/572392_Andreas_AirflowETL/code/.venv/lib/python3.9/site-packages/airflow/example_dags/example_sla_dag.py
[2026-09-18T12:17:37.048+0700] {processor.py:914} INFO - Processing file /Users/andreasanditya/Downloads/572392_Andreas_AirflowETL/code/.venv/lib/python3.9/site-packages/airflow/example_dags/example_sla_dag.py for tasks to queue
[2026-09-18T12:17:37.049+0700] {logging_mixin.py:190} INFO - [2026-09-18T12:17:37.049+0700] {dagbag.py:588} INFO - Filling up the DagBag from /Users/andreasanditya/Downloads/572392_Andreas_AirflowETL/code/.venv/lib/python3.9/site-packages/airflow/example_dags/example_sla_dag.py
[2026-09-18T12:17:37.098+0700] {processor.py:925} INFO - DAG(s) 'example_sla_dag' retrieved from /Users/andreasanditya/Downloads/572392_Andreas_AirflowETL/code/.venv/lib/python3.9/site-packages/airflow/example_dags/example_sla_dag.py
[2026-09-18T12:17:37.157+0700] {logging_mixin.py:190} INFO - [2026-09-18T12:17:37.157+0700] {dag.py:3239} INFO - Sync 1 DAGs
[2026-09-18T12:17:37.169+0700] {logging_mixin.py:190} INFO - [2026-09-18T12:17:37.169+0700] {dag.py:4180} INFO - Setting next_dagrun for example_sla_dag to 2026-09-18 05:14:00+00:00, run_after=2026-09-18 05:16:00+00:00
[2026-09-18T12:17:37.179+0700] {processor.py:208} INFO - Processing /Users/andreasanditya/Downloads/572392_Andreas_AirflowETL/code/.venv/lib/python3.9/site-packages/airflow/example_dags/example_sla_dag.py took 0.134 seconds
