[2026-09-18T11:17:18.044+0700] {processor.py:186} INFO - Started process (PID=10575) to work on /Users/andreasanditya/Downloads/572392_Andreas_AirflowETL/code/.venv/lib/python3.9/site-packages/airflow/example_dags/example_short_circuit_operator.py
[2026-09-18T11:17:18.045+0700] {processor.py:914} INFO - Processing file /Users/andreasanditya/Downloads/572392_Andreas_AirflowETL/code/.venv/lib/python3.9/site-packages/airflow/example_dags/example_short_circuit_operator.py for tasks to queue
[2026-09-18T11:17:18.045+0700] {logging_mixin.py:190} INFO - [2026-09-18T11:17:18.045+0700] {dagbag.py:588} INFO - Filling up the DagBag from /Users/andreasanditya/Downloads/572392_Andreas_AirflowETL/code/.venv/lib/python3.9/site-packages/airflow/example_dags/example_short_circuit_operator.py
[2026-09-18T11:17:18.088+0700] {processor.py:925} INFO - DAG(s) 'example_short_circuit_operator' retrieved from /Users/andreasanditya/Downloads/572392_Andreas_AirflowETL/code/.venv/lib/python3.9/site-packages/airflow/example_dags/example_short_circuit_operator.py
[2026-09-18T11:17:18.198+0700] {logging_mixin.py:190} INFO - [2026-09-18T11:17:18.198+0700] {override.py:1912} INFO - Created Permission View: can read on DAG:example_short_circuit_operator
[2026-09-18T11:17:18.203+0700] {logging_mixin.py:190} INFO - [2026-09-18T11:17:18.203+0700] {override.py:1912} INFO - Created Permission View: can edit on DAG:example_short_circuit_operator
[2026-09-18T11:17:18.206+0700] {logging_mixin.py:190} INFO - [2026-09-18T11:17:18.206+0700] {override.py:1912} INFO - Created Permission View: can delete on DAG:example_short_circuit_operator
[2026-09-18T11:17:18.211+0700] {logging_mixin.py:190} INFO - [2026-09-18T11:17:18.211+0700] {override.py:1912} INFO - Created Permission View: can create on DAG Run:example_short_circuit_operator
[2026-09-18T11:17:18.215+0700] {logging_mixin.py:190} INFO - [2026-09-18T11:17:18.215+0700] {override.py:1912} INFO - Created Permission View: can read on DAG Run:example_short_circuit_operator
[2026-09-18T11:17:18.218+0700] {logging_mixin.py:190} INFO - [2026-09-18T11:17:18.218+0700] {override.py:1912} INFO - Created Permission View: menu access on DAG Run:example_short_circuit_operator
[2026-09-18T11:17:18.221+0700] {logging_mixin.py:190} INFO - [2026-09-18T11:17:18.221+0700] {override.py:1912} INFO - Created Permission View: can delete on DAG Run:example_short_circuit_operator
[2026-09-18T11:17:18.221+0700] {logging_mixin.py:190} INFO - [2026-09-18T11:17:18.221+0700] {dag.py:3239} INFO - Sync 1 DAGs
[2026-09-18T11:17:18.229+0700] {logging_mixin.py:190} INFO - [2026-09-18T11:17:18.228+0700] {dag.py:3262} INFO - Creating ORM DAG for example_short_circuit_operator
[2026-09-18T11:17:18.229+0700] {logging_mixin.py:190} INFO - [2026-09-18T11:17:18.229+0700] {dag.py:4180} INFO - Setting next_dagrun for example_short_circuit_operator to None, run_after=None
[2026-09-18T11:17:18.238+0700] {processor.py:208} INFO - Processing /Users/andreasanditya/Downloads/572392_Andreas_AirflowETL/code/.venv/lib/python3.9/site-packages/airflow/example_dags/example_short_circuit_operator.py took 0.196 seconds
[2026-09-18T11:19:34.605+0700] {processor.py:186} INFO - Started process (PID=12056) to work on /Users/andreasanditya/Downloads/572392_Andreas_AirflowETL/code/.venv/lib/python3.9/site-packages/airflow/example_dags/example_short_circuit_operator.py
[2026-09-18T11:19:34.606+0700] {processor.py:914} INFO - Processing file /Users/andreasanditya/Downloads/572392_Andreas_AirflowETL/code/.venv/lib/python3.9/site-packages/airflow/example_dags/example_short_circuit_operator.py for tasks to queue
[2026-09-18T11:19:34.607+0700] {logging_mixin.py:190} INFO - [2026-09-18T11:19:34.607+0700] {dagbag.py:588} INFO - Filling up the DagBag from /Users/andreasanditya/Downloads/572392_Andreas_AirflowETL/code/.venv/lib/python3.9/site-packages/airflow/example_dags/example_short_circuit_operator.py
[2026-09-18T11:19:34.648+0700] {processor.py:925} INFO - DAG(s) 'example_short_circuit_operator' retrieved from /Users/andreasanditya/Downloads/572392_Andreas_AirflowETL/code/.venv/lib/python3.9/site-packages/airflow/example_dags/example_short_circuit_operator.py
[2026-09-18T11:19:34.711+0700] {logging_mixin.py:190} INFO - [2026-09-18T11:19:34.711+0700] {dag.py:3239} INFO - Sync 1 DAGs
[2026-09-18T11:19:34.717+0700] {logging_mixin.py:190} INFO - [2026-09-18T11:19:34.717+0700] {dag.py:4180} INFO - Setting next_dagrun for example_short_circuit_operator to None, run_after=None
[2026-09-18T11:19:34.727+0700] {processor.py:208} INFO - Processing /Users/andreasanditya/Downloads/572392_Andreas_AirflowETL/code/.venv/lib/python3.9/site-packages/airflow/example_dags/example_short_circuit_operator.py took 0.125 seconds
[2026-09-18T11:21:06.747+0700] {processor.py:186} INFO - Started process (PID=13031) to work on /Users/andreasanditya/Downloads/572392_Andreas_AirflowETL/code/.venv/lib/python3.9/site-packages/airflow/example_dags/example_short_circuit_operator.py
[2026-09-18T11:21:06.748+0700] {processor.py:914} INFO - Processing file /Users/andreasanditya/Downloads/572392_Andreas_AirflowETL/code/.venv/lib/python3.9/site-packages/airflow/example_dags/example_short_circuit_operator.py for tasks to queue
[2026-09-18T11:21:06.749+0700] {logging_mixin.py:190} INFO - [2026-09-18T11:21:06.749+0700] {dagbag.py:588} INFO - Filling up the DagBag from /Users/andreasanditya/Downloads/572392_Andreas_AirflowETL/code/.venv/lib/python3.9/site-packages/airflow/example_dags/example_short_circuit_operator.py
[2026-09-18T11:21:06.794+0700] {processor.py:925} INFO - DAG(s) 'example_short_circuit_operator' retrieved from /Users/andreasanditya/Downloads/572392_Andreas_AirflowETL/code/.venv/lib/python3.9/site-packages/airflow/example_dags/example_short_circuit_operator.py
[2026-09-18T11:21:06.856+0700] {logging_mixin.py:190} INFO - [2026-09-18T11:21:06.856+0700] {dag.py:3239} INFO - Sync 1 DAGs
[2026-09-18T11:21:06.862+0700] {logging_mixin.py:190} INFO - [2026-09-18T11:21:06.862+0700] {dag.py:4180} INFO - Setting next_dagrun for example_short_circuit_operator to None, run_after=None
[2026-09-18T11:21:06.872+0700] {processor.py:208} INFO - Processing /Users/andreasanditya/Downloads/572392_Andreas_AirflowETL/code/.venv/lib/python3.9/site-packages/airflow/example_dags/example_short_circuit_operator.py took 0.127 seconds
[2026-09-18T11:23:08.669+0700] {processor.py:186} INFO - Started process (PID=14431) to work on /Users/andreasanditya/Downloads/572392_Andreas_AirflowETL/code/.venv/lib/python3.9/site-packages/airflow/example_dags/example_short_circuit_operator.py
[2026-09-18T11:23:08.670+0700] {processor.py:914} INFO - Processing file /Users/andreasanditya/Downloads/572392_Andreas_AirflowETL/code/.venv/lib/python3.9/site-packages/airflow/example_dags/example_short_circuit_operator.py for tasks to queue
[2026-09-18T11:23:08.670+0700] {logging_mixin.py:190} INFO - [2026-09-18T11:23:08.670+0700] {dagbag.py:588} INFO - Filling up the DagBag from /Users/andreasanditya/Downloads/572392_Andreas_AirflowETL/code/.venv/lib/python3.9/site-packages/airflow/example_dags/example_short_circuit_operator.py
[2026-09-18T11:23:08.717+0700] {processor.py:925} INFO - DAG(s) 'example_short_circuit_operator' retrieved from /Users/andreasanditya/Downloads/572392_Andreas_AirflowETL/code/.venv/lib/python3.9/site-packages/airflow/example_dags/example_short_circuit_operator.py
[2026-09-18T11:23:08.782+0700] {logging_mixin.py:190} INFO - [2026-09-18T11:23:08.782+0700] {dag.py:3239} INFO - Sync 1 DAGs
[2026-09-18T11:23:08.791+0700] {logging_mixin.py:190} INFO - [2026-09-18T11:23:08.791+0700] {dag.py:4180} INFO - Setting next_dagrun for example_short_circuit_operator to None, run_after=None
[2026-09-18T11:23:08.805+0700] {processor.py:208} INFO - Processing /Users/andreasanditya/Downloads/572392_Andreas_AirflowETL/code/.venv/lib/python3.9/site-packages/airflow/example_dags/example_short_circuit_operator.py took 0.139 seconds
[2026-09-18T11:24:32.938+0700] {processor.py:186} INFO - Started process (PID=15352) to work on /Users/andreasanditya/Downloads/572392_Andreas_AirflowETL/code/.venv/lib/python3.9/site-packages/airflow/example_dags/example_short_circuit_operator.py
[2026-09-18T11:24:32.939+0700] {processor.py:914} INFO - Processing file /Users/andreasanditya/Downloads/572392_Andreas_AirflowETL/code/.venv/lib/python3.9/site-packages/airflow/example_dags/example_short_circuit_operator.py for tasks to queue
[2026-09-18T11:24:32.939+0700] {logging_mixin.py:190} INFO - [2026-09-18T11:24:32.939+0700] {dagbag.py:588} INFO - Filling up the DagBag from /Users/andreasanditya/Downloads/572392_Andreas_AirflowETL/code/.venv/lib/python3.9/site-packages/airflow/example_dags/example_short_circuit_operator.py
[2026-09-18T11:24:32.980+0700] {processor.py:925} INFO - DAG(s) 'example_short_circuit_operator' retrieved from /Users/andreasanditya/Downloads/572392_Andreas_AirflowETL/code/.venv/lib/python3.9/site-packages/airflow/example_dags/example_short_circuit_operator.py
[2026-09-18T11:24:33.043+0700] {logging_mixin.py:190} INFO - [2026-09-18T11:24:33.042+0700] {dag.py:3239} INFO - Sync 1 DAGs
[2026-09-18T11:24:33.049+0700] {logging_mixin.py:190} INFO - [2026-09-18T11:24:33.048+0700] {dag.py:4180} INFO - Setting next_dagrun for example_short_circuit_operator to None, run_after=None
[2026-09-18T11:24:33.058+0700] {processor.py:208} INFO - Processing /Users/andreasanditya/Downloads/572392_Andreas_AirflowETL/code/.venv/lib/python3.9/site-packages/airflow/example_dags/example_short_circuit_operator.py took 0.123 seconds
[2026-09-18T11:26:36.015+0700] {processor.py:186} INFO - Started process (PID=16575) to work on /Users/andreasanditya/Downloads/572392_Andreas_AirflowETL/code/.venv/lib/python3.9/site-packages/airflow/example_dags/example_short_circuit_operator.py
[2026-09-18T11:26:36.016+0700] {processor.py:914} INFO - Processing file /Users/andreasanditya/Downloads/572392_Andreas_AirflowETL/code/.venv/lib/python3.9/site-packages/airflow/example_dags/example_short_circuit_operator.py for tasks to queue
[2026-09-18T11:26:36.017+0700] {logging_mixin.py:190} INFO - [2026-09-18T11:26:36.017+0700] {dagbag.py:588} INFO - Filling up the DagBag from /Users/andreasanditya/Downloads/572392_Andreas_AirflowETL/code/.venv/lib/python3.9/site-packages/airflow/example_dags/example_short_circuit_operator.py
[2026-09-18T11:26:36.060+0700] {processor.py:925} INFO - DAG(s) 'example_short_circuit_operator' retrieved from /Users/andreasanditya/Downloads/572392_Andreas_AirflowETL/code/.venv/lib/python3.9/site-packages/airflow/example_dags/example_short_circuit_operator.py
[2026-09-18T11:26:36.124+0700] {logging_mixin.py:190} INFO - [2026-09-18T11:26:36.123+0700] {dag.py:3239} INFO - Sync 1 DAGs
[2026-09-18T11:26:36.130+0700] {logging_mixin.py:190} INFO - [2026-09-18T11:26:36.130+0700] {dag.py:4180} INFO - Setting next_dagrun for example_short_circuit_operator to None, run_after=None
[2026-09-18T11:26:36.140+0700] {processor.py:208} INFO - Processing /Users/andreasanditya/Downloads/572392_Andreas_AirflowETL/code/.venv/lib/python3.9/site-packages/airflow/example_dags/example_short_circuit_operator.py took 0.127 seconds
[2026-09-18T11:28:09.706+0700] {processor.py:186} INFO - Started process (PID=17497) to work on /Users/andreasanditya/Downloads/572392_Andreas_AirflowETL/code/.venv/lib/python3.9/site-packages/airflow/example_dags/example_short_circuit_operator.py
[2026-09-18T11:28:09.707+0700] {processor.py:914} INFO - Processing file /Users/andreasanditya/Downloads/572392_Andreas_AirflowETL/code/.venv/lib/python3.9/site-packages/airflow/example_dags/example_short_circuit_operator.py for tasks to queue
[2026-09-18T11:28:09.708+0700] {logging_mixin.py:190} INFO - [2026-09-18T11:28:09.708+0700] {dagbag.py:588} INFO - Filling up the DagBag from /Users/andreasanditya/Downloads/572392_Andreas_AirflowETL/code/.venv/lib/python3.9/site-packages/airflow/example_dags/example_short_circuit_operator.py
[2026-09-18T11:28:09.749+0700] {processor.py:925} INFO - DAG(s) 'example_short_circuit_operator' retrieved from /Users/andreasanditya/Downloads/572392_Andreas_AirflowETL/code/.venv/lib/python3.9/site-packages/airflow/example_dags/example_short_circuit_operator.py
[2026-09-18T11:28:09.810+0700] {logging_mixin.py:190} INFO - [2026-09-18T11:28:09.809+0700] {dag.py:3239} INFO - Sync 1 DAGs
[2026-09-18T11:28:09.815+0700] {logging_mixin.py:190} INFO - [2026-09-18T11:28:09.815+0700] {dag.py:4180} INFO - Setting next_dagrun for example_short_circuit_operator to None, run_after=None
[2026-09-18T11:28:09.825+0700] {processor.py:208} INFO - Processing /Users/andreasanditya/Downloads/572392_Andreas_AirflowETL/code/.venv/lib/python3.9/site-packages/airflow/example_dags/example_short_circuit_operator.py took 0.121 seconds
[2026-09-18T11:29:39.156+0700] {processor.py:186} INFO - Started process (PID=18438) to work on /Users/andreasanditya/Downloads/572392_Andreas_AirflowETL/code/.venv/lib/python3.9/site-packages/airflow/example_dags/example_short_circuit_operator.py
[2026-09-18T11:29:39.157+0700] {processor.py:914} INFO - Processing file /Users/andreasanditya/Downloads/572392_Andreas_AirflowETL/code/.venv/lib/python3.9/site-packages/airflow/example_dags/example_short_circuit_operator.py for tasks to queue
[2026-09-18T11:29:39.158+0700] {logging_mixin.py:190} INFO - [2026-09-18T11:29:39.158+0700] {dagbag.py:588} INFO - Filling up the DagBag from /Users/andreasanditya/Downloads/572392_Andreas_AirflowETL/code/.venv/lib/python3.9/site-packages/airflow/example_dags/example_short_circuit_operator.py
[2026-09-18T11:29:39.200+0700] {processor.py:925} INFO - DAG(s) 'example_short_circuit_operator' retrieved from /Users/andreasanditya/Downloads/572392_Andreas_AirflowETL/code/.venv/lib/python3.9/site-packages/airflow/example_dags/example_short_circuit_operator.py
[2026-09-18T11:29:39.261+0700] {logging_mixin.py:190} INFO - [2026-09-18T11:29:39.261+0700] {dag.py:3239} INFO - Sync 1 DAGs
[2026-09-18T11:29:39.268+0700] {logging_mixin.py:190} INFO - [2026-09-18T11:29:39.267+0700] {dag.py:4180} INFO - Setting next_dagrun for example_short_circuit_operator to None, run_after=None
[2026-09-18T11:29:39.278+0700] {processor.py:208} INFO - Processing /Users/andreasanditya/Downloads/572392_Andreas_AirflowETL/code/.venv/lib/python3.9/site-packages/airflow/example_dags/example_short_circuit_operator.py took 0.125 seconds
[2026-09-18T11:31:08.243+0700] {processor.py:186} INFO - Started process (PID=19380) to work on /Users/andreasanditya/Downloads/572392_Andreas_AirflowETL/code/.venv/lib/python3.9/site-packages/airflow/example_dags/example_short_circuit_operator.py
[2026-09-18T11:31:08.245+0700] {processor.py:914} INFO - Processing file /Users/andreasanditya/Downloads/572392_Andreas_AirflowETL/code/.venv/lib/python3.9/site-packages/airflow/example_dags/example_short_circuit_operator.py for tasks to queue
[2026-09-18T11:31:08.246+0700] {logging_mixin.py:190} INFO - [2026-09-18T11:31:08.246+0700] {dagbag.py:588} INFO - Filling up the DagBag from /Users/andreasanditya/Downloads/572392_Andreas_AirflowETL/code/.venv/lib/python3.9/site-packages/airflow/example_dags/example_short_circuit_operator.py
[2026-09-18T11:31:08.287+0700] {processor.py:925} INFO - DAG(s) 'example_short_circuit_operator' retrieved from /Users/andreasanditya/Downloads/572392_Andreas_AirflowETL/code/.venv/lib/python3.9/site-packages/airflow/example_dags/example_short_circuit_operator.py
[2026-09-18T11:31:08.349+0700] {logging_mixin.py:190} INFO - [2026-09-18T11:31:08.349+0700] {dag.py:3239} INFO - Sync 1 DAGs
[2026-09-18T11:31:08.355+0700] {logging_mixin.py:190} INFO - [2026-09-18T11:31:08.355+0700] {dag.py:4180} INFO - Setting next_dagrun for example_short_circuit_operator to None, run_after=None
[2026-09-18T11:31:08.364+0700] {processor.py:208} INFO - Processing /Users/andreasanditya/Downloads/572392_Andreas_AirflowETL/code/.venv/lib/python3.9/site-packages/airflow/example_dags/example_short_circuit_operator.py took 0.123 seconds
[2026-09-18T11:32:36.532+0700] {processor.py:186} INFO - Started process (PID=20294) to work on /Users/andreasanditya/Downloads/572392_Andreas_AirflowETL/code/.venv/lib/python3.9/site-packages/airflow/example_dags/example_short_circuit_operator.py
[2026-09-18T11:32:36.533+0700] {processor.py:914} INFO - Processing file /Users/andreasanditya/Downloads/572392_Andreas_AirflowETL/code/.venv/lib/python3.9/site-packages/airflow/example_dags/example_short_circuit_operator.py for tasks to queue
[2026-09-18T11:32:36.533+0700] {logging_mixin.py:190} INFO - [2026-09-18T11:32:36.533+0700] {dagbag.py:588} INFO - Filling up the DagBag from /Users/andreasanditya/Downloads/572392_Andreas_AirflowETL/code/.venv/lib/python3.9/site-packages/airflow/example_dags/example_short_circuit_operator.py
[2026-09-18T11:32:36.577+0700] {processor.py:925} INFO - DAG(s) 'example_short_circuit_operator' retrieved from /Users/andreasanditya/Downloads/572392_Andreas_AirflowETL/code/.venv/lib/python3.9/site-packages/airflow/example_dags/example_short_circuit_operator.py
[2026-09-18T11:32:36.641+0700] {logging_mixin.py:190} INFO - [2026-09-18T11:32:36.641+0700] {dag.py:3239} INFO - Sync 1 DAGs
[2026-09-18T11:32:36.647+0700] {logging_mixin.py:190} INFO - [2026-09-18T11:32:36.647+0700] {dag.py:4180} INFO - Setting next_dagrun for example_short_circuit_operator to None, run_after=None
[2026-09-18T11:32:36.657+0700] {processor.py:208} INFO - Processing /Users/andreasanditya/Downloads/572392_Andreas_AirflowETL/code/.venv/lib/python3.9/site-packages/airflow/example_dags/example_short_circuit_operator.py took 0.128 seconds
[2026-09-18T11:34:04.741+0700] {processor.py:186} INFO - Started process (PID=21241) to work on /Users/andreasanditya/Downloads/572392_Andreas_AirflowETL/code/.venv/lib/python3.9/site-packages/airflow/example_dags/example_short_circuit_operator.py
[2026-09-18T11:34:04.742+0700] {processor.py:914} INFO - Processing file /Users/andreasanditya/Downloads/572392_Andreas_AirflowETL/code/.venv/lib/python3.9/site-packages/airflow/example_dags/example_short_circuit_operator.py for tasks to queue
[2026-09-18T11:34:04.742+0700] {logging_mixin.py:190} INFO - [2026-09-18T11:34:04.742+0700] {dagbag.py:588} INFO - Filling up the DagBag from /Users/andreasanditya/Downloads/572392_Andreas_AirflowETL/code/.venv/lib/python3.9/site-packages/airflow/example_dags/example_short_circuit_operator.py
[2026-09-18T11:34:04.786+0700] {processor.py:925} INFO - DAG(s) 'example_short_circuit_operator' retrieved from /Users/andreasanditya/Downloads/572392_Andreas_AirflowETL/code/.venv/lib/python3.9/site-packages/airflow/example_dags/example_short_circuit_operator.py
[2026-09-18T11:34:04.848+0700] {logging_mixin.py:190} INFO - [2026-09-18T11:34:04.847+0700] {dag.py:3239} INFO - Sync 1 DAGs
[2026-09-18T11:34:04.854+0700] {logging_mixin.py:190} INFO - [2026-09-18T11:34:04.853+0700] {dag.py:4180} INFO - Setting next_dagrun for example_short_circuit_operator to None, run_after=None
[2026-09-18T11:34:04.864+0700] {processor.py:208} INFO - Processing /Users/andreasanditya/Downloads/572392_Andreas_AirflowETL/code/.venv/lib/python3.9/site-packages/airflow/example_dags/example_short_circuit_operator.py took 0.125 seconds
[2026-09-18T11:35:32.259+0700] {processor.py:186} INFO - Started process (PID=22190) to work on /Users/andreasanditya/Downloads/572392_Andreas_AirflowETL/code/.venv/lib/python3.9/site-packages/airflow/example_dags/example_short_circuit_operator.py
[2026-09-18T11:35:32.260+0700] {processor.py:914} INFO - Processing file /Users/andreasanditya/Downloads/572392_Andreas_AirflowETL/code/.venv/lib/python3.9/site-packages/airflow/example_dags/example_short_circuit_operator.py for tasks to queue
[2026-09-18T11:35:32.261+0700] {logging_mixin.py:190} INFO - [2026-09-18T11:35:32.261+0700] {dagbag.py:588} INFO - Filling up the DagBag from /Users/andreasanditya/Downloads/572392_Andreas_AirflowETL/code/.venv/lib/python3.9/site-packages/airflow/example_dags/example_short_circuit_operator.py
[2026-09-18T11:35:32.303+0700] {processor.py:925} INFO - DAG(s) 'example_short_circuit_operator' retrieved from /Users/andreasanditya/Downloads/572392_Andreas_AirflowETL/code/.venv/lib/python3.9/site-packages/airflow/example_dags/example_short_circuit_operator.py
[2026-09-18T11:35:32.364+0700] {logging_mixin.py:190} INFO - [2026-09-18T11:35:32.364+0700] {dag.py:3239} INFO - Sync 1 DAGs
[2026-09-18T11:35:32.370+0700] {logging_mixin.py:190} INFO - [2026-09-18T11:35:32.370+0700] {dag.py:4180} INFO - Setting next_dagrun for example_short_circuit_operator to None, run_after=None
[2026-09-18T11:35:32.380+0700] {processor.py:208} INFO - Processing /Users/andreasanditya/Downloads/572392_Andreas_AirflowETL/code/.venv/lib/python3.9/site-packages/airflow/example_dags/example_short_circuit_operator.py took 0.123 seconds
[2026-09-18T11:37:00.297+0700] {processor.py:186} INFO - Started process (PID=23193) to work on /Users/andreasanditya/Downloads/572392_Andreas_AirflowETL/code/.venv/lib/python3.9/site-packages/airflow/example_dags/example_short_circuit_operator.py
[2026-09-18T11:37:00.298+0700] {processor.py:914} INFO - Processing file /Users/andreasanditya/Downloads/572392_Andreas_AirflowETL/code/.venv/lib/python3.9/site-packages/airflow/example_dags/example_short_circuit_operator.py for tasks to queue
[2026-09-18T11:37:00.299+0700] {logging_mixin.py:190} INFO - [2026-09-18T11:37:00.299+0700] {dagbag.py:588} INFO - Filling up the DagBag from /Users/andreasanditya/Downloads/572392_Andreas_AirflowETL/code/.venv/lib/python3.9/site-packages/airflow/example_dags/example_short_circuit_operator.py
[2026-09-18T11:37:00.341+0700] {processor.py:925} INFO - DAG(s) 'example_short_circuit_operator' retrieved from /Users/andreasanditya/Downloads/572392_Andreas_AirflowETL/code/.venv/lib/python3.9/site-packages/airflow/example_dags/example_short_circuit_operator.py
[2026-09-18T11:37:00.404+0700] {logging_mixin.py:190} INFO - [2026-09-18T11:37:00.404+0700] {dag.py:3239} INFO - Sync 1 DAGs
[2026-09-18T11:37:00.410+0700] {logging_mixin.py:190} INFO - [2026-09-18T11:37:00.410+0700] {dag.py:4180} INFO - Setting next_dagrun for example_short_circuit_operator to None, run_after=None
[2026-09-18T11:37:00.420+0700] {processor.py:208} INFO - Processing /Users/andreasanditya/Downloads/572392_Andreas_AirflowETL/code/.venv/lib/python3.9/site-packages/airflow/example_dags/example_short_circuit_operator.py took 0.125 seconds
[2026-09-18T11:38:27.031+0700] {processor.py:186} INFO - Started process (PID=24036) to work on /Users/andreasanditya/Downloads/572392_Andreas_AirflowETL/code/.venv/lib/python3.9/site-packages/airflow/example_dags/example_short_circuit_operator.py
[2026-09-18T11:38:27.032+0700] {processor.py:914} INFO - Processing file /Users/andreasanditya/Downloads/572392_Andreas_AirflowETL/code/.venv/lib/python3.9/site-packages/airflow/example_dags/example_short_circuit_operator.py for tasks to queue
[2026-09-18T11:38:27.032+0700] {logging_mixin.py:190} INFO - [2026-09-18T11:38:27.032+0700] {dagbag.py:588} INFO - Filling up the DagBag from /Users/andreasanditya/Downloads/572392_Andreas_AirflowETL/code/.venv/lib/python3.9/site-packages/airflow/example_dags/example_short_circuit_operator.py
[2026-09-18T11:38:27.072+0700] {processor.py:925} INFO - DAG(s) 'example_short_circuit_operator' retrieved from /Users/andreasanditya/Downloads/572392_Andreas_AirflowETL/code/.venv/lib/python3.9/site-packages/airflow/example_dags/example_short_circuit_operator.py
[2026-09-18T11:38:27.132+0700] {logging_mixin.py:190} INFO - [2026-09-18T11:38:27.132+0700] {dag.py:3239} INFO - Sync 1 DAGs
[2026-09-18T11:38:27.138+0700] {logging_mixin.py:190} INFO - [2026-09-18T11:38:27.138+0700] {dag.py:4180} INFO - Setting next_dagrun for example_short_circuit_operator to None, run_after=None
[2026-09-18T11:38:27.148+0700] {processor.py:208} INFO - Processing /Users/andreasanditya/Downloads/572392_Andreas_AirflowETL/code/.venv/lib/python3.9/site-packages/airflow/example_dags/example_short_circuit_operator.py took 0.119 seconds
[2026-09-18T11:39:54.198+0700] {processor.py:186} INFO - Started process (PID=24965) to work on /Users/andreasanditya/Downloads/572392_Andreas_AirflowETL/code/.venv/lib/python3.9/site-packages/airflow/example_dags/example_short_circuit_operator.py
[2026-09-18T11:39:54.199+0700] {processor.py:914} INFO - Processing file /Users/andreasanditya/Downloads/572392_Andreas_AirflowETL/code/.venv/lib/python3.9/site-packages/airflow/example_dags/example_short_circuit_operator.py for tasks to queue
[2026-09-18T11:39:54.200+0700] {logging_mixin.py:190} INFO - [2026-09-18T11:39:54.200+0700] {dagbag.py:588} INFO - Filling up the DagBag from /Users/andreasanditya/Downloads/572392_Andreas_AirflowETL/code/.venv/lib/python3.9/site-packages/airflow/example_dags/example_short_circuit_operator.py
[2026-09-18T11:39:54.246+0700] {processor.py:925} INFO - DAG(s) 'example_short_circuit_operator' retrieved from /Users/andreasanditya/Downloads/572392_Andreas_AirflowETL/code/.venv/lib/python3.9/site-packages/airflow/example_dags/example_short_circuit_operator.py
[2026-09-18T11:39:54.309+0700] {logging_mixin.py:190} INFO - [2026-09-18T11:39:54.309+0700] {dag.py:3239} INFO - Sync 1 DAGs
[2026-09-18T11:39:54.316+0700] {logging_mixin.py:190} INFO - [2026-09-18T11:39:54.316+0700] {dag.py:4180} INFO - Setting next_dagrun for example_short_circuit_operator to None, run_after=None
[2026-09-18T11:39:54.326+0700] {processor.py:208} INFO - Processing /Users/andreasanditya/Downloads/572392_Andreas_AirflowETL/code/.venv/lib/python3.9/site-packages/airflow/example_dags/example_short_circuit_operator.py took 0.129 seconds
[2026-09-18T11:41:23.004+0700] {processor.py:186} INFO - Started process (PID=25896) to work on /Users/andreasanditya/Downloads/572392_Andreas_AirflowETL/code/.venv/lib/python3.9/site-packages/airflow/example_dags/example_short_circuit_operator.py
[2026-09-18T11:41:23.005+0700] {processor.py:914} INFO - Processing file /Users/andreasanditya/Downloads/572392_Andreas_AirflowETL/code/.venv/lib/python3.9/site-packages/airflow/example_dags/example_short_circuit_operator.py for tasks to queue
[2026-09-18T11:41:23.006+0700] {logging_mixin.py:190} INFO - [2026-09-18T11:41:23.006+0700] {dagbag.py:588} INFO - Filling up the DagBag from /Users/andreasanditya/Downloads/572392_Andreas_AirflowETL/code/.venv/lib/python3.9/site-packages/airflow/example_dags/example_short_circuit_operator.py
[2026-09-18T11:41:23.049+0700] {processor.py:925} INFO - DAG(s) 'example_short_circuit_operator' retrieved from /Users/andreasanditya/Downloads/572392_Andreas_AirflowETL/code/.venv/lib/python3.9/site-packages/airflow/example_dags/example_short_circuit_operator.py
[2026-09-18T11:41:23.112+0700] {logging_mixin.py:190} INFO - [2026-09-18T11:41:23.112+0700] {dag.py:3239} INFO - Sync 1 DAGs
[2026-09-18T11:41:23.118+0700] {logging_mixin.py:190} INFO - [2026-09-18T11:41:23.118+0700] {dag.py:4180} INFO - Setting next_dagrun for example_short_circuit_operator to None, run_after=None
[2026-09-18T11:41:23.128+0700] {processor.py:208} INFO - Processing /Users/andreasanditya/Downloads/572392_Andreas_AirflowETL/code/.venv/lib/python3.9/site-packages/airflow/example_dags/example_short_circuit_operator.py took 0.126 seconds
[2026-09-18T11:42:54.103+0700] {processor.py:186} INFO - Started process (PID=26820) to work on /Users/andreasanditya/Downloads/572392_Andreas_AirflowETL/code/.venv/lib/python3.9/site-packages/airflow/example_dags/example_short_circuit_operator.py
[2026-09-18T11:42:54.106+0700] {processor.py:914} INFO - Processing file /Users/andreasanditya/Downloads/572392_Andreas_AirflowETL/code/.venv/lib/python3.9/site-packages/airflow/example_dags/example_short_circuit_operator.py for tasks to queue
[2026-09-18T11:42:54.107+0700] {logging_mixin.py:190} INFO - [2026-09-18T11:42:54.106+0700] {dagbag.py:588} INFO - Filling up the DagBag from /Users/andreasanditya/Downloads/572392_Andreas_AirflowETL/code/.venv/lib/python3.9/site-packages/airflow/example_dags/example_short_circuit_operator.py
[2026-09-18T11:42:54.147+0700] {processor.py:925} INFO - DAG(s) 'example_short_circuit_operator' retrieved from /Users/andreasanditya/Downloads/572392_Andreas_AirflowETL/code/.venv/lib/python3.9/site-packages/airflow/example_dags/example_short_circuit_operator.py
[2026-09-18T11:42:54.209+0700] {logging_mixin.py:190} INFO - [2026-09-18T11:42:54.209+0700] {dag.py:3239} INFO - Sync 1 DAGs
[2026-09-18T11:42:54.215+0700] {logging_mixin.py:190} INFO - [2026-09-18T11:42:54.215+0700] {dag.py:4180} INFO - Setting next_dagrun for example_short_circuit_operator to None, run_after=None
[2026-09-18T11:42:54.225+0700] {processor.py:208} INFO - Processing /Users/andreasanditya/Downloads/572392_Andreas_AirflowETL/code/.venv/lib/python3.9/site-packages/airflow/example_dags/example_short_circuit_operator.py took 0.124 seconds
[2026-09-18T11:44:21.566+0700] {processor.py:186} INFO - Started process (PID=27645) to work on /Users/andreasanditya/Downloads/572392_Andreas_AirflowETL/code/.venv/lib/python3.9/site-packages/airflow/example_dags/example_short_circuit_operator.py
[2026-09-18T11:44:21.567+0700] {processor.py:914} INFO - Processing file /Users/andreasanditya/Downloads/572392_Andreas_AirflowETL/code/.venv/lib/python3.9/site-packages/airflow/example_dags/example_short_circuit_operator.py for tasks to queue
[2026-09-18T11:44:21.568+0700] {logging_mixin.py:190} INFO - [2026-09-18T11:44:21.568+0700] {dagbag.py:588} INFO - Filling up the DagBag from /Users/andreasanditya/Downloads/572392_Andreas_AirflowETL/code/.venv/lib/python3.9/site-packages/airflow/example_dags/example_short_circuit_operator.py
[2026-09-18T11:44:21.608+0700] {processor.py:925} INFO - DAG(s) 'example_short_circuit_operator' retrieved from /Users/andreasanditya/Downloads/572392_Andreas_AirflowETL/code/.venv/lib/python3.9/site-packages/airflow/example_dags/example_short_circuit_operator.py
[2026-09-18T11:44:21.669+0700] {logging_mixin.py:190} INFO - [2026-09-18T11:44:21.669+0700] {dag.py:3239} INFO - Sync 1 DAGs
[2026-09-18T11:44:21.675+0700] {logging_mixin.py:190} INFO - [2026-09-18T11:44:21.675+0700] {dag.py:4180} INFO - Setting next_dagrun for example_short_circuit_operator to None, run_after=None
[2026-09-18T11:44:21.685+0700] {processor.py:208} INFO - Processing /Users/andreasanditya/Downloads/572392_Andreas_AirflowETL/code/.venv/lib/python3.9/site-packages/airflow/example_dags/example_short_circuit_operator.py took 0.122 seconds
[2026-09-18T11:45:47.242+0700] {processor.py:186} INFO - Started process (PID=28548) to work on /Users/andreasanditya/Downloads/572392_Andreas_AirflowETL/code/.venv/lib/python3.9/site-packages/airflow/example_dags/example_short_circuit_operator.py
[2026-09-18T11:45:47.244+0700] {processor.py:914} INFO - Processing file /Users/andreasanditya/Downloads/572392_Andreas_AirflowETL/code/.venv/lib/python3.9/site-packages/airflow/example_dags/example_short_circuit_operator.py for tasks to queue
[2026-09-18T11:45:47.245+0700] {logging_mixin.py:190} INFO - [2026-09-18T11:45:47.244+0700] {dagbag.py:588} INFO - Filling up the DagBag from /Users/andreasanditya/Downloads/572392_Andreas_AirflowETL/code/.venv/lib/python3.9/site-packages/airflow/example_dags/example_short_circuit_operator.py
[2026-09-18T11:45:47.284+0700] {processor.py:925} INFO - DAG(s) 'example_short_circuit_operator' retrieved from /Users/andreasanditya/Downloads/572392_Andreas_AirflowETL/code/.venv/lib/python3.9/site-packages/airflow/example_dags/example_short_circuit_operator.py
[2026-09-18T11:45:47.344+0700] {logging_mixin.py:190} INFO - [2026-09-18T11:45:47.344+0700] {dag.py:3239} INFO - Sync 1 DAGs
[2026-09-18T11:45:47.350+0700] {logging_mixin.py:190} INFO - [2026-09-18T11:45:47.350+0700] {dag.py:4180} INFO - Setting next_dagrun for example_short_circuit_operator to None, run_after=None
[2026-09-18T11:45:47.360+0700] {processor.py:208} INFO - Processing /Users/andreasanditya/Downloads/572392_Andreas_AirflowETL/code/.venv/lib/python3.9/site-packages/airflow/example_dags/example_short_circuit_operator.py took 0.120 seconds
[2026-09-18T11:47:13.872+0700] {processor.py:186} INFO - Started process (PID=29367) to work on /Users/andreasanditya/Downloads/572392_Andreas_AirflowETL/code/.venv/lib/python3.9/site-packages/airflow/example_dags/example_short_circuit_operator.py
[2026-09-18T11:47:13.874+0700] {processor.py:914} INFO - Processing file /Users/andreasanditya/Downloads/572392_Andreas_AirflowETL/code/.venv/lib/python3.9/site-packages/airflow/example_dags/example_short_circuit_operator.py for tasks to queue
[2026-09-18T11:47:13.874+0700] {logging_mixin.py:190} INFO - [2026-09-18T11:47:13.874+0700] {dagbag.py:588} INFO - Filling up the DagBag from /Users/andreasanditya/Downloads/572392_Andreas_AirflowETL/code/.venv/lib/python3.9/site-packages/airflow/example_dags/example_short_circuit_operator.py
[2026-09-18T11:47:13.915+0700] {processor.py:925} INFO - DAG(s) 'example_short_circuit_operator' retrieved from /Users/andreasanditya/Downloads/572392_Andreas_AirflowETL/code/.venv/lib/python3.9/site-packages/airflow/example_dags/example_short_circuit_operator.py
[2026-09-18T11:47:13.976+0700] {logging_mixin.py:190} INFO - [2026-09-18T11:47:13.975+0700] {dag.py:3239} INFO - Sync 1 DAGs
[2026-09-18T11:47:13.982+0700] {logging_mixin.py:190} INFO - [2026-09-18T11:47:13.981+0700] {dag.py:4180} INFO - Setting next_dagrun for example_short_circuit_operator to None, run_after=None
[2026-09-18T11:47:13.992+0700] {processor.py:208} INFO - Processing /Users/andreasanditya/Downloads/572392_Andreas_AirflowETL/code/.venv/lib/python3.9/site-packages/airflow/example_dags/example_short_circuit_operator.py took 0.122 seconds
[2026-09-18T11:48:41.433+0700] {processor.py:186} INFO - Started process (PID=30296) to work on /Users/andreasanditya/Downloads/572392_Andreas_AirflowETL/code/.venv/lib/python3.9/site-packages/airflow/example_dags/example_short_circuit_operator.py
[2026-09-18T11:48:41.434+0700] {processor.py:914} INFO - Processing file /Users/andreasanditya/Downloads/572392_Andreas_AirflowETL/code/.venv/lib/python3.9/site-packages/airflow/example_dags/example_short_circuit_operator.py for tasks to queue
[2026-09-18T11:48:41.435+0700] {logging_mixin.py:190} INFO - [2026-09-18T11:48:41.435+0700] {dagbag.py:588} INFO - Filling up the DagBag from /Users/andreasanditya/Downloads/572392_Andreas_AirflowETL/code/.venv/lib/python3.9/site-packages/airflow/example_dags/example_short_circuit_operator.py
[2026-09-18T11:48:41.474+0700] {processor.py:925} INFO - DAG(s) 'example_short_circuit_operator' retrieved from /Users/andreasanditya/Downloads/572392_Andreas_AirflowETL/code/.venv/lib/python3.9/site-packages/airflow/example_dags/example_short_circuit_operator.py
[2026-09-18T11:48:41.535+0700] {logging_mixin.py:190} INFO - [2026-09-18T11:48:41.535+0700] {dag.py:3239} INFO - Sync 1 DAGs
[2026-09-18T11:48:41.542+0700] {logging_mixin.py:190} INFO - [2026-09-18T11:48:41.541+0700] {dag.py:4180} INFO - Setting next_dagrun for example_short_circuit_operator to None, run_after=None
[2026-09-18T11:48:41.552+0700] {processor.py:208} INFO - Processing /Users/andreasanditya/Downloads/572392_Andreas_AirflowETL/code/.venv/lib/python3.9/site-packages/airflow/example_dags/example_short_circuit_operator.py took 0.121 seconds
[2026-09-18T11:50:07.374+0700] {processor.py:186} INFO - Started process (PID=31118) to work on /Users/andreasanditya/Downloads/572392_Andreas_AirflowETL/code/.venv/lib/python3.9/site-packages/airflow/example_dags/example_short_circuit_operator.py
[2026-09-18T11:50:07.375+0700] {processor.py:914} INFO - Processing file /Users/andreasanditya/Downloads/572392_Andreas_AirflowETL/code/.venv/lib/python3.9/site-packages/airflow/example_dags/example_short_circuit_operator.py for tasks to queue
[2026-09-18T11:50:07.376+0700] {logging_mixin.py:190} INFO - [2026-09-18T11:50:07.376+0700] {dagbag.py:588} INFO - Filling up the DagBag from /Users/andreasanditya/Downloads/572392_Andreas_AirflowETL/code/.venv/lib/python3.9/site-packages/airflow/example_dags/example_short_circuit_operator.py
[2026-09-18T11:50:07.416+0700] {processor.py:925} INFO - DAG(s) 'example_short_circuit_operator' retrieved from /Users/andreasanditya/Downloads/572392_Andreas_AirflowETL/code/.venv/lib/python3.9/site-packages/airflow/example_dags/example_short_circuit_operator.py
[2026-09-18T11:50:07.477+0700] {logging_mixin.py:190} INFO - [2026-09-18T11:50:07.476+0700] {dag.py:3239} INFO - Sync 1 DAGs
[2026-09-18T11:50:07.482+0700] {logging_mixin.py:190} INFO - [2026-09-18T11:50:07.482+0700] {dag.py:4180} INFO - Setting next_dagrun for example_short_circuit_operator to None, run_after=None
[2026-09-18T11:50:07.493+0700] {processor.py:208} INFO - Processing /Users/andreasanditya/Downloads/572392_Andreas_AirflowETL/code/.venv/lib/python3.9/site-packages/airflow/example_dags/example_short_circuit_operator.py took 0.121 seconds
[2026-09-18T11:51:31.996+0700] {processor.py:186} INFO - Started process (PID=32018) to work on /Users/andreasanditya/Downloads/572392_Andreas_AirflowETL/code/.venv/lib/python3.9/site-packages/airflow/example_dags/example_short_circuit_operator.py
[2026-09-18T11:51:31.997+0700] {processor.py:914} INFO - Processing file /Users/andreasanditya/Downloads/572392_Andreas_AirflowETL/code/.venv/lib/python3.9/site-packages/airflow/example_dags/example_short_circuit_operator.py for tasks to queue
[2026-09-18T11:51:31.998+0700] {logging_mixin.py:190} INFO - [2026-09-18T11:51:31.998+0700] {dagbag.py:588} INFO - Filling up the DagBag from /Users/andreasanditya/Downloads/572392_Andreas_AirflowETL/code/.venv/lib/python3.9/site-packages/airflow/example_dags/example_short_circuit_operator.py
[2026-09-18T11:51:32.038+0700] {processor.py:925} INFO - DAG(s) 'example_short_circuit_operator' retrieved from /Users/andreasanditya/Downloads/572392_Andreas_AirflowETL/code/.venv/lib/python3.9/site-packages/airflow/example_dags/example_short_circuit_operator.py
[2026-09-18T11:51:32.102+0700] {logging_mixin.py:190} INFO - [2026-09-18T11:51:32.102+0700] {dag.py:3239} INFO - Sync 1 DAGs
[2026-09-18T11:51:32.109+0700] {logging_mixin.py:190} INFO - [2026-09-18T11:51:32.108+0700] {dag.py:4180} INFO - Setting next_dagrun for example_short_circuit_operator to None, run_after=None
[2026-09-18T11:51:32.118+0700] {processor.py:208} INFO - Processing /Users/andreasanditya/Downloads/572392_Andreas_AirflowETL/code/.venv/lib/python3.9/site-packages/airflow/example_dags/example_short_circuit_operator.py took 0.124 seconds
[2026-09-18T11:52:59.334+0700] {processor.py:186} INFO - Started process (PID=32842) to work on /Users/andreasanditya/Downloads/572392_Andreas_AirflowETL/code/.venv/lib/python3.9/site-packages/airflow/example_dags/example_short_circuit_operator.py
[2026-09-18T11:52:59.335+0700] {processor.py:914} INFO - Processing file /Users/andreasanditya/Downloads/572392_Andreas_AirflowETL/code/.venv/lib/python3.9/site-packages/airflow/example_dags/example_short_circuit_operator.py for tasks to queue
[2026-09-18T11:52:59.336+0700] {logging_mixin.py:190} INFO - [2026-09-18T11:52:59.336+0700] {dagbag.py:588} INFO - Filling up the DagBag from /Users/andreasanditya/Downloads/572392_Andreas_AirflowETL/code/.venv/lib/python3.9/site-packages/airflow/example_dags/example_short_circuit_operator.py
[2026-09-18T11:52:59.379+0700] {processor.py:925} INFO - DAG(s) 'example_short_circuit_operator' retrieved from /Users/andreasanditya/Downloads/572392_Andreas_AirflowETL/code/.venv/lib/python3.9/site-packages/airflow/example_dags/example_short_circuit_operator.py
[2026-09-18T11:52:59.441+0700] {logging_mixin.py:190} INFO - [2026-09-18T11:52:59.441+0700] {dag.py:3239} INFO - Sync 1 DAGs
[2026-09-18T11:52:59.447+0700] {logging_mixin.py:190} INFO - [2026-09-18T11:52:59.447+0700] {dag.py:4180} INFO - Setting next_dagrun for example_short_circuit_operator to None, run_after=None
[2026-09-18T11:52:59.457+0700] {processor.py:208} INFO - Processing /Users/andreasanditya/Downloads/572392_Andreas_AirflowETL/code/.venv/lib/python3.9/site-packages/airflow/example_dags/example_short_circuit_operator.py took 0.124 seconds
[2026-09-18T11:54:25.408+0700] {processor.py:186} INFO - Started process (PID=33758) to work on /Users/andreasanditya/Downloads/572392_Andreas_AirflowETL/code/.venv/lib/python3.9/site-packages/airflow/example_dags/example_short_circuit_operator.py
[2026-09-18T11:54:25.410+0700] {processor.py:914} INFO - Processing file /Users/andreasanditya/Downloads/572392_Andreas_AirflowETL/code/.venv/lib/python3.9/site-packages/airflow/example_dags/example_short_circuit_operator.py for tasks to queue
[2026-09-18T11:54:25.410+0700] {logging_mixin.py:190} INFO - [2026-09-18T11:54:25.410+0700] {dagbag.py:588} INFO - Filling up the DagBag from /Users/andreasanditya/Downloads/572392_Andreas_AirflowETL/code/.venv/lib/python3.9/site-packages/airflow/example_dags/example_short_circuit_operator.py
[2026-09-18T11:54:25.452+0700] {processor.py:925} INFO - DAG(s) 'example_short_circuit_operator' retrieved from /Users/andreasanditya/Downloads/572392_Andreas_AirflowETL/code/.venv/lib/python3.9/site-packages/airflow/example_dags/example_short_circuit_operator.py
[2026-09-18T11:54:25.513+0700] {logging_mixin.py:190} INFO - [2026-09-18T11:54:25.513+0700] {dag.py:3239} INFO - Sync 1 DAGs
[2026-09-18T11:54:25.519+0700] {logging_mixin.py:190} INFO - [2026-09-18T11:54:25.519+0700] {dag.py:4180} INFO - Setting next_dagrun for example_short_circuit_operator to None, run_after=None
[2026-09-18T11:54:25.529+0700] {processor.py:208} INFO - Processing /Users/andreasanditya/Downloads/572392_Andreas_AirflowETL/code/.venv/lib/python3.9/site-packages/airflow/example_dags/example_short_circuit_operator.py took 0.123 seconds
[2026-09-18T11:55:53.498+0700] {processor.py:186} INFO - Started process (PID=34671) to work on /Users/andreasanditya/Downloads/572392_Andreas_AirflowETL/code/.venv/lib/python3.9/site-packages/airflow/example_dags/example_short_circuit_operator.py
[2026-09-18T11:55:53.498+0700] {processor.py:914} INFO - Processing file /Users/andreasanditya/Downloads/572392_Andreas_AirflowETL/code/.venv/lib/python3.9/site-packages/airflow/example_dags/example_short_circuit_operator.py for tasks to queue
[2026-09-18T11:55:53.499+0700] {logging_mixin.py:190} INFO - [2026-09-18T11:55:53.499+0700] {dagbag.py:588} INFO - Filling up the DagBag from /Users/andreasanditya/Downloads/572392_Andreas_AirflowETL/code/.venv/lib/python3.9/site-packages/airflow/example_dags/example_short_circuit_operator.py
[2026-09-18T11:55:53.539+0700] {processor.py:925} INFO - DAG(s) 'example_short_circuit_operator' retrieved from /Users/andreasanditya/Downloads/572392_Andreas_AirflowETL/code/.venv/lib/python3.9/site-packages/airflow/example_dags/example_short_circuit_operator.py
[2026-09-18T11:55:53.602+0700] {logging_mixin.py:190} INFO - [2026-09-18T11:55:53.602+0700] {dag.py:3239} INFO - Sync 1 DAGs
[2026-09-18T11:55:53.608+0700] {logging_mixin.py:190} INFO - [2026-09-18T11:55:53.608+0700] {dag.py:4180} INFO - Setting next_dagrun for example_short_circuit_operator to None, run_after=None
[2026-09-18T11:55:53.618+0700] {processor.py:208} INFO - Processing /Users/andreasanditya/Downloads/572392_Andreas_AirflowETL/code/.venv/lib/python3.9/site-packages/airflow/example_dags/example_short_circuit_operator.py took 0.123 seconds
[2026-09-18T11:57:20.981+0700] {processor.py:186} INFO - Started process (PID=35501) to work on /Users/andreasanditya/Downloads/572392_Andreas_AirflowETL/code/.venv/lib/python3.9/site-packages/airflow/example_dags/example_short_circuit_operator.py
[2026-09-18T11:57:20.981+0700] {processor.py:914} INFO - Processing file /Users/andreasanditya/Downloads/572392_Andreas_AirflowETL/code/.venv/lib/python3.9/site-packages/airflow/example_dags/example_short_circuit_operator.py for tasks to queue
[2026-09-18T11:57:20.982+0700] {logging_mixin.py:190} INFO - [2026-09-18T11:57:20.982+0700] {dagbag.py:588} INFO - Filling up the DagBag from /Users/andreasanditya/Downloads/572392_Andreas_AirflowETL/code/.venv/lib/python3.9/site-packages/airflow/example_dags/example_short_circuit_operator.py
[2026-09-18T11:57:21.022+0700] {processor.py:925} INFO - DAG(s) 'example_short_circuit_operator' retrieved from /Users/andreasanditya/Downloads/572392_Andreas_AirflowETL/code/.venv/lib/python3.9/site-packages/airflow/example_dags/example_short_circuit_operator.py
[2026-09-18T11:57:21.082+0700] {logging_mixin.py:190} INFO - [2026-09-18T11:57:21.082+0700] {dag.py:3239} INFO - Sync 1 DAGs
[2026-09-18T11:57:21.088+0700] {logging_mixin.py:190} INFO - [2026-09-18T11:57:21.088+0700] {dag.py:4180} INFO - Setting next_dagrun for example_short_circuit_operator to None, run_after=None
[2026-09-18T11:57:21.098+0700] {processor.py:208} INFO - Processing /Users/andreasanditya/Downloads/572392_Andreas_AirflowETL/code/.venv/lib/python3.9/site-packages/airflow/example_dags/example_short_circuit_operator.py took 0.120 seconds
[2026-09-18T11:58:45.389+0700] {processor.py:186} INFO - Started process (PID=36404) to work on /Users/andreasanditya/Downloads/572392_Andreas_AirflowETL/code/.venv/lib/python3.9/site-packages/airflow/example_dags/example_short_circuit_operator.py
[2026-09-18T11:58:45.390+0700] {processor.py:914} INFO - Processing file /Users/andreasanditya/Downloads/572392_Andreas_AirflowETL/code/.venv/lib/python3.9/site-packages/airflow/example_dags/example_short_circuit_operator.py for tasks to queue
[2026-09-18T11:58:45.391+0700] {logging_mixin.py:190} INFO - [2026-09-18T11:58:45.391+0700] {dagbag.py:588} INFO - Filling up the DagBag from /Users/andreasanditya/Downloads/572392_Andreas_AirflowETL/code/.venv/lib/python3.9/site-packages/airflow/example_dags/example_short_circuit_operator.py
[2026-09-18T11:58:45.432+0700] {processor.py:925} INFO - DAG(s) 'example_short_circuit_operator' retrieved from /Users/andreasanditya/Downloads/572392_Andreas_AirflowETL/code/.venv/lib/python3.9/site-packages/airflow/example_dags/example_short_circuit_operator.py
[2026-09-18T11:58:45.493+0700] {logging_mixin.py:190} INFO - [2026-09-18T11:58:45.493+0700] {dag.py:3239} INFO - Sync 1 DAGs
[2026-09-18T11:58:45.499+0700] {logging_mixin.py:190} INFO - [2026-09-18T11:58:45.499+0700] {dag.py:4180} INFO - Setting next_dagrun for example_short_circuit_operator to None, run_after=None
[2026-09-18T11:58:45.508+0700] {processor.py:208} INFO - Processing /Users/andreasanditya/Downloads/572392_Andreas_AirflowETL/code/.venv/lib/python3.9/site-packages/airflow/example_dags/example_short_circuit_operator.py took 0.121 seconds
[2026-09-18T12:00:11.248+0700] {processor.py:186} INFO - Started process (PID=37229) to work on /Users/andreasanditya/Downloads/572392_Andreas_AirflowETL/code/.venv/lib/python3.9/site-packages/airflow/example_dags/example_short_circuit_operator.py
[2026-09-18T12:00:11.250+0700] {processor.py:914} INFO - Processing file /Users/andreasanditya/Downloads/572392_Andreas_AirflowETL/code/.venv/lib/python3.9/site-packages/airflow/example_dags/example_short_circuit_operator.py for tasks to queue
[2026-09-18T12:00:11.251+0700] {logging_mixin.py:190} INFO - [2026-09-18T12:00:11.251+0700] {dagbag.py:588} INFO - Filling up the DagBag from /Users/andreasanditya/Downloads/572392_Andreas_AirflowETL/code/.venv/lib/python3.9/site-packages/airflow/example_dags/example_short_circuit_operator.py
[2026-09-18T12:00:11.291+0700] {processor.py:925} INFO - DAG(s) 'example_short_circuit_operator' retrieved from /Users/andreasanditya/Downloads/572392_Andreas_AirflowETL/code/.venv/lib/python3.9/site-packages/airflow/example_dags/example_short_circuit_operator.py
[2026-09-18T12:00:11.354+0700] {logging_mixin.py:190} INFO - [2026-09-18T12:00:11.354+0700] {dag.py:3239} INFO - Sync 1 DAGs
[2026-09-18T12:00:11.360+0700] {logging_mixin.py:190} INFO - [2026-09-18T12:00:11.360+0700] {dag.py:4180} INFO - Setting next_dagrun for example_short_circuit_operator to None, run_after=None
[2026-09-18T12:00:11.371+0700] {processor.py:208} INFO - Processing /Users/andreasanditya/Downloads/572392_Andreas_AirflowETL/code/.venv/lib/python3.9/site-packages/airflow/example_dags/example_short_circuit_operator.py took 0.124 seconds
[2026-09-18T12:01:38.438+0700] {processor.py:186} INFO - Started process (PID=38139) to work on /Users/andreasanditya/Downloads/572392_Andreas_AirflowETL/code/.venv/lib/python3.9/site-packages/airflow/example_dags/example_short_circuit_operator.py
[2026-09-18T12:01:38.439+0700] {processor.py:914} INFO - Processing file /Users/andreasanditya/Downloads/572392_Andreas_AirflowETL/code/.venv/lib/python3.9/site-packages/airflow/example_dags/example_short_circuit_operator.py for tasks to queue
[2026-09-18T12:01:38.440+0700] {logging_mixin.py:190} INFO - [2026-09-18T12:01:38.440+0700] {dagbag.py:588} INFO - Filling up the DagBag from /Users/andreasanditya/Downloads/572392_Andreas_AirflowETL/code/.venv/lib/python3.9/site-packages/airflow/example_dags/example_short_circuit_operator.py
[2026-09-18T12:01:38.480+0700] {processor.py:925} INFO - DAG(s) 'example_short_circuit_operator' retrieved from /Users/andreasanditya/Downloads/572392_Andreas_AirflowETL/code/.venv/lib/python3.9/site-packages/airflow/example_dags/example_short_circuit_operator.py
[2026-09-18T12:01:38.543+0700] {logging_mixin.py:190} INFO - [2026-09-18T12:01:38.543+0700] {dag.py:3239} INFO - Sync 1 DAGs
[2026-09-18T12:01:38.549+0700] {logging_mixin.py:190} INFO - [2026-09-18T12:01:38.549+0700] {dag.py:4180} INFO - Setting next_dagrun for example_short_circuit_operator to None, run_after=None
[2026-09-18T12:01:38.559+0700] {processor.py:208} INFO - Processing /Users/andreasanditya/Downloads/572392_Andreas_AirflowETL/code/.venv/lib/python3.9/site-packages/airflow/example_dags/example_short_circuit_operator.py took 0.123 seconds
[2026-09-18T12:03:05.983+0700] {processor.py:186} INFO - Started process (PID=38984) to work on /Users/andreasanditya/Downloads/572392_Andreas_AirflowETL/code/.venv/lib/python3.9/site-packages/airflow/example_dags/example_short_circuit_operator.py
[2026-09-18T12:03:05.983+0700] {processor.py:914} INFO - Processing file /Users/andreasanditya/Downloads/572392_Andreas_AirflowETL/code/.venv/lib/python3.9/site-packages/airflow/example_dags/example_short_circuit_operator.py for tasks to queue
[2026-09-18T12:03:05.984+0700] {logging_mixin.py:190} INFO - [2026-09-18T12:03:05.984+0700] {dagbag.py:588} INFO - Filling up the DagBag from /Users/andreasanditya/Downloads/572392_Andreas_AirflowETL/code/.venv/lib/python3.9/site-packages/airflow/example_dags/example_short_circuit_operator.py
[2026-09-18T12:03:06.024+0700] {processor.py:925} INFO - DAG(s) 'example_short_circuit_operator' retrieved from /Users/andreasanditya/Downloads/572392_Andreas_AirflowETL/code/.venv/lib/python3.9/site-packages/airflow/example_dags/example_short_circuit_operator.py
[2026-09-18T12:03:06.085+0700] {logging_mixin.py:190} INFO - [2026-09-18T12:03:06.085+0700] {dag.py:3239} INFO - Sync 1 DAGs
[2026-09-18T12:03:06.091+0700] {logging_mixin.py:190} INFO - [2026-09-18T12:03:06.091+0700] {dag.py:4180} INFO - Setting next_dagrun for example_short_circuit_operator to None, run_after=None
[2026-09-18T12:03:06.101+0700] {processor.py:208} INFO - Processing /Users/andreasanditya/Downloads/572392_Andreas_AirflowETL/code/.venv/lib/python3.9/site-packages/airflow/example_dags/example_short_circuit_operator.py took 0.120 seconds
[2026-09-18T12:04:32.003+0700] {processor.py:186} INFO - Started process (PID=39894) to work on /Users/andreasanditya/Downloads/572392_Andreas_AirflowETL/code/.venv/lib/python3.9/site-packages/airflow/example_dags/example_short_circuit_operator.py
[2026-09-18T12:04:32.005+0700] {processor.py:914} INFO - Processing file /Users/andreasanditya/Downloads/572392_Andreas_AirflowETL/code/.venv/lib/python3.9/site-packages/airflow/example_dags/example_short_circuit_operator.py for tasks to queue
[2026-09-18T12:04:32.006+0700] {logging_mixin.py:190} INFO - [2026-09-18T12:04:32.005+0700] {dagbag.py:588} INFO - Filling up the DagBag from /Users/andreasanditya/Downloads/572392_Andreas_AirflowETL/code/.venv/lib/python3.9/site-packages/airflow/example_dags/example_short_circuit_operator.py
[2026-09-18T12:04:32.046+0700] {processor.py:925} INFO - DAG(s) 'example_short_circuit_operator' retrieved from /Users/andreasanditya/Downloads/572392_Andreas_AirflowETL/code/.venv/lib/python3.9/site-packages/airflow/example_dags/example_short_circuit_operator.py
[2026-09-18T12:04:32.108+0700] {logging_mixin.py:190} INFO - [2026-09-18T12:04:32.107+0700] {dag.py:3239} INFO - Sync 1 DAGs
[2026-09-18T12:04:32.114+0700] {logging_mixin.py:190} INFO - [2026-09-18T12:04:32.114+0700] {dag.py:4180} INFO - Setting next_dagrun for example_short_circuit_operator to None, run_after=None
[2026-09-18T12:04:32.123+0700] {processor.py:208} INFO - Processing /Users/andreasanditya/Downloads/572392_Andreas_AirflowETL/code/.venv/lib/python3.9/site-packages/airflow/example_dags/example_short_circuit_operator.py took 0.122 seconds
[2026-09-18T12:05:58.889+0700] {processor.py:186} INFO - Started process (PID=40722) to work on /Users/andreasanditya/Downloads/572392_Andreas_AirflowETL/code/.venv/lib/python3.9/site-packages/airflow/example_dags/example_short_circuit_operator.py
[2026-09-18T12:05:58.890+0700] {processor.py:914} INFO - Processing file /Users/andreasanditya/Downloads/572392_Andreas_AirflowETL/code/.venv/lib/python3.9/site-packages/airflow/example_dags/example_short_circuit_operator.py for tasks to queue
[2026-09-18T12:05:58.890+0700] {logging_mixin.py:190} INFO - [2026-09-18T12:05:58.890+0700] {dagbag.py:588} INFO - Filling up the DagBag from /Users/andreasanditya/Downloads/572392_Andreas_AirflowETL/code/.venv/lib/python3.9/site-packages/airflow/example_dags/example_short_circuit_operator.py
[2026-09-18T12:05:58.932+0700] {processor.py:925} INFO - DAG(s) 'example_short_circuit_operator' retrieved from /Users/andreasanditya/Downloads/572392_Andreas_AirflowETL/code/.venv/lib/python3.9/site-packages/airflow/example_dags/example_short_circuit_operator.py
[2026-09-18T12:05:58.994+0700] {logging_mixin.py:190} INFO - [2026-09-18T12:05:58.993+0700] {dag.py:3239} INFO - Sync 1 DAGs
[2026-09-18T12:05:58.999+0700] {logging_mixin.py:190} INFO - [2026-09-18T12:05:58.999+0700] {dag.py:4180} INFO - Setting next_dagrun for example_short_circuit_operator to None, run_after=None
[2026-09-18T12:05:59.009+0700] {processor.py:208} INFO - Processing /Users/andreasanditya/Downloads/572392_Andreas_AirflowETL/code/.venv/lib/python3.9/site-packages/airflow/example_dags/example_short_circuit_operator.py took 0.123 seconds
[2026-09-18T12:07:27.614+0700] {processor.py:186} INFO - Started process (PID=41636) to work on /Users/andreasanditya/Downloads/572392_Andreas_AirflowETL/code/.venv/lib/python3.9/site-packages/airflow/example_dags/example_short_circuit_operator.py
[2026-09-18T12:07:27.615+0700] {processor.py:914} INFO - Processing file /Users/andreasanditya/Downloads/572392_Andreas_AirflowETL/code/.venv/lib/python3.9/site-packages/airflow/example_dags/example_short_circuit_operator.py for tasks to queue
[2026-09-18T12:07:27.616+0700] {logging_mixin.py:190} INFO - [2026-09-18T12:07:27.616+0700] {dagbag.py:588} INFO - Filling up the DagBag from /Users/andreasanditya/Downloads/572392_Andreas_AirflowETL/code/.venv/lib/python3.9/site-packages/airflow/example_dags/example_short_circuit_operator.py
[2026-09-18T12:07:27.657+0700] {processor.py:925} INFO - DAG(s) 'example_short_circuit_operator' retrieved from /Users/andreasanditya/Downloads/572392_Andreas_AirflowETL/code/.venv/lib/python3.9/site-packages/airflow/example_dags/example_short_circuit_operator.py
[2026-09-18T12:07:27.718+0700] {logging_mixin.py:190} INFO - [2026-09-18T12:07:27.717+0700] {dag.py:3239} INFO - Sync 1 DAGs
[2026-09-18T12:07:27.723+0700] {logging_mixin.py:190} INFO - [2026-09-18T12:07:27.723+0700] {dag.py:4180} INFO - Setting next_dagrun for example_short_circuit_operator to None, run_after=None
[2026-09-18T12:07:27.733+0700] {processor.py:208} INFO - Processing /Users/andreasanditya/Downloads/572392_Andreas_AirflowETL/code/.venv/lib/python3.9/site-packages/airflow/example_dags/example_short_circuit_operator.py took 0.121 seconds
[2026-09-18T12:08:53.520+0700] {processor.py:186} INFO - Started process (PID=42533) to work on /Users/andreasanditya/Downloads/572392_Andreas_AirflowETL/code/.venv/lib/python3.9/site-packages/airflow/example_dags/example_short_circuit_operator.py
[2026-09-18T12:08:53.521+0700] {processor.py:914} INFO - Processing file /Users/andreasanditya/Downloads/572392_Andreas_AirflowETL/code/.venv/lib/python3.9/site-packages/airflow/example_dags/example_short_circuit_operator.py for tasks to queue
[2026-09-18T12:08:53.522+0700] {logging_mixin.py:190} INFO - [2026-09-18T12:08:53.522+0700] {dagbag.py:588} INFO - Filling up the DagBag from /Users/andreasanditya/Downloads/572392_Andreas_AirflowETL/code/.venv/lib/python3.9/site-packages/airflow/example_dags/example_short_circuit_operator.py
[2026-09-18T12:08:53.563+0700] {processor.py:925} INFO - DAG(s) 'example_short_circuit_operator' retrieved from /Users/andreasanditya/Downloads/572392_Andreas_AirflowETL/code/.venv/lib/python3.9/site-packages/airflow/example_dags/example_short_circuit_operator.py
[2026-09-18T12:08:53.624+0700] {logging_mixin.py:190} INFO - [2026-09-18T12:08:53.623+0700] {dag.py:3239} INFO - Sync 1 DAGs
[2026-09-18T12:08:53.629+0700] {logging_mixin.py:190} INFO - [2026-09-18T12:08:53.629+0700] {dag.py:4180} INFO - Setting next_dagrun for example_short_circuit_operator to None, run_after=None
[2026-09-18T12:08:53.639+0700] {processor.py:208} INFO - Processing /Users/andreasanditya/Downloads/572392_Andreas_AirflowETL/code/.venv/lib/python3.9/site-packages/airflow/example_dags/example_short_circuit_operator.py took 0.121 seconds
[2026-09-18T12:10:20.105+0700] {processor.py:186} INFO - Started process (PID=43370) to work on /Users/andreasanditya/Downloads/572392_Andreas_AirflowETL/code/.venv/lib/python3.9/site-packages/airflow/example_dags/example_short_circuit_operator.py
[2026-09-18T12:10:20.105+0700] {processor.py:914} INFO - Processing file /Users/andreasanditya/Downloads/572392_Andreas_AirflowETL/code/.venv/lib/python3.9/site-packages/airflow/example_dags/example_short_circuit_operator.py for tasks to queue
[2026-09-18T12:10:20.106+0700] {logging_mixin.py:190} INFO - [2026-09-18T12:10:20.106+0700] {dagbag.py:588} INFO - Filling up the DagBag from /Users/andreasanditya/Downloads/572392_Andreas_AirflowETL/code/.venv/lib/python3.9/site-packages/airflow/example_dags/example_short_circuit_operator.py
[2026-09-18T12:10:20.148+0700] {processor.py:925} INFO - DAG(s) 'example_short_circuit_operator' retrieved from /Users/andreasanditya/Downloads/572392_Andreas_AirflowETL/code/.venv/lib/python3.9/site-packages/airflow/example_dags/example_short_circuit_operator.py
[2026-09-18T12:10:20.210+0700] {logging_mixin.py:190} INFO - [2026-09-18T12:10:20.209+0700] {dag.py:3239} INFO - Sync 1 DAGs
[2026-09-18T12:10:20.216+0700] {logging_mixin.py:190} INFO - [2026-09-18T12:10:20.216+0700] {dag.py:4180} INFO - Setting next_dagrun for example_short_circuit_operator to None, run_after=None
[2026-09-18T12:10:20.226+0700] {processor.py:208} INFO - Processing /Users/andreasanditya/Downloads/572392_Andreas_AirflowETL/code/.venv/lib/python3.9/site-packages/airflow/example_dags/example_short_circuit_operator.py took 0.124 seconds
[2026-09-18T12:11:48.677+0700] {processor.py:186} INFO - Started process (PID=44288) to work on /Users/andreasanditya/Downloads/572392_Andreas_AirflowETL/code/.venv/lib/python3.9/site-packages/airflow/example_dags/example_short_circuit_operator.py
[2026-09-18T12:11:48.678+0700] {processor.py:914} INFO - Processing file /Users/andreasanditya/Downloads/572392_Andreas_AirflowETL/code/.venv/lib/python3.9/site-packages/airflow/example_dags/example_short_circuit_operator.py for tasks to queue
[2026-09-18T12:11:48.678+0700] {logging_mixin.py:190} INFO - [2026-09-18T12:11:48.678+0700] {dagbag.py:588} INFO - Filling up the DagBag from /Users/andreasanditya/Downloads/572392_Andreas_AirflowETL/code/.venv/lib/python3.9/site-packages/airflow/example_dags/example_short_circuit_operator.py
[2026-09-18T12:11:48.724+0700] {processor.py:925} INFO - DAG(s) 'example_short_circuit_operator' retrieved from /Users/andreasanditya/Downloads/572392_Andreas_AirflowETL/code/.venv/lib/python3.9/site-packages/airflow/example_dags/example_short_circuit_operator.py
[2026-09-18T12:11:48.789+0700] {logging_mixin.py:190} INFO - [2026-09-18T12:11:48.788+0700] {dag.py:3239} INFO - Sync 1 DAGs
[2026-09-18T12:11:48.795+0700] {logging_mixin.py:190} INFO - [2026-09-18T12:11:48.795+0700] {dag.py:4180} INFO - Setting next_dagrun for example_short_circuit_operator to None, run_after=None
[2026-09-18T12:11:48.805+0700] {processor.py:208} INFO - Processing /Users/andreasanditya/Downloads/572392_Andreas_AirflowETL/code/.venv/lib/python3.9/site-packages/airflow/example_dags/example_short_circuit_operator.py took 0.131 seconds
[2026-09-18T12:13:18.190+0700] {processor.py:186} INFO - Started process (PID=45935) to work on /Users/andreasanditya/Downloads/572392_Andreas_AirflowETL/code/.venv/lib/python3.9/site-packages/airflow/example_dags/example_short_circuit_operator.py
[2026-09-18T12:13:18.191+0700] {processor.py:914} INFO - Processing file /Users/andreasanditya/Downloads/572392_Andreas_AirflowETL/code/.venv/lib/python3.9/site-packages/airflow/example_dags/example_short_circuit_operator.py for tasks to queue
[2026-09-18T12:13:18.192+0700] {logging_mixin.py:190} INFO - [2026-09-18T12:13:18.192+0700] {dagbag.py:588} INFO - Filling up the DagBag from /Users/andreasanditya/Downloads/572392_Andreas_AirflowETL/code/.venv/lib/python3.9/site-packages/airflow/example_dags/example_short_circuit_operator.py
[2026-09-18T12:13:18.240+0700] {processor.py:925} INFO - DAG(s) 'example_short_circuit_operator' retrieved from /Users/andreasanditya/Downloads/572392_Andreas_AirflowETL/code/.venv/lib/python3.9/site-packages/airflow/example_dags/example_short_circuit_operator.py
[2026-09-18T12:13:18.307+0700] {logging_mixin.py:190} INFO - [2026-09-18T12:13:18.307+0700] {dag.py:3239} INFO - Sync 1 DAGs
[2026-09-18T12:13:18.313+0700] {logging_mixin.py:190} INFO - [2026-09-18T12:13:18.313+0700] {dag.py:4180} INFO - Setting next_dagrun for example_short_circuit_operator to None, run_after=None
[2026-09-18T12:13:18.324+0700] {processor.py:208} INFO - Processing /Users/andreasanditya/Downloads/572392_Andreas_AirflowETL/code/.venv/lib/python3.9/site-packages/airflow/example_dags/example_short_circuit_operator.py took 0.136 seconds
[2026-09-18T12:14:46.499+0700] {processor.py:186} INFO - Started process (PID=46883) to work on /Users/andreasanditya/Downloads/572392_Andreas_AirflowETL/code/.venv/lib/python3.9/site-packages/airflow/example_dags/example_short_circuit_operator.py
[2026-09-18T12:14:46.500+0700] {processor.py:914} INFO - Processing file /Users/andreasanditya/Downloads/572392_Andreas_AirflowETL/code/.venv/lib/python3.9/site-packages/airflow/example_dags/example_short_circuit_operator.py for tasks to queue
[2026-09-18T12:14:46.500+0700] {logging_mixin.py:190} INFO - [2026-09-18T12:14:46.500+0700] {dagbag.py:588} INFO - Filling up the DagBag from /Users/andreasanditya/Downloads/572392_Andreas_AirflowETL/code/.venv/lib/python3.9/site-packages/airflow/example_dags/example_short_circuit_operator.py
[2026-09-18T12:14:46.543+0700] {processor.py:925} INFO - DAG(s) 'example_short_circuit_operator' retrieved from /Users/andreasanditya/Downloads/572392_Andreas_AirflowETL/code/.venv/lib/python3.9/site-packages/airflow/example_dags/example_short_circuit_operator.py
[2026-09-18T12:14:46.604+0700] {logging_mixin.py:190} INFO - [2026-09-18T12:14:46.604+0700] {dag.py:3239} INFO - Sync 1 DAGs
[2026-09-18T12:14:46.611+0700] {logging_mixin.py:190} INFO - [2026-09-18T12:14:46.611+0700] {dag.py:4180} INFO - Setting next_dagrun for example_short_circuit_operator to None, run_after=None
[2026-09-18T12:14:46.620+0700] {processor.py:208} INFO - Processing /Users/andreasanditya/Downloads/572392_Andreas_AirflowETL/code/.venv/lib/python3.9/site-packages/airflow/example_dags/example_short_circuit_operator.py took 0.124 seconds
[2026-09-18T12:16:13.688+0700] {processor.py:186} INFO - Started process (PID=48703) to work on /Users/andreasanditya/Downloads/572392_Andreas_AirflowETL/code/.venv/lib/python3.9/site-packages/airflow/example_dags/example_short_circuit_operator.py
[2026-09-18T12:16:13.689+0700] {processor.py:914} INFO - Processing file /Users/andreasanditya/Downloads/572392_Andreas_AirflowETL/code/.venv/lib/python3.9/site-packages/airflow/example_dags/example_short_circuit_operator.py for tasks to queue
[2026-09-18T12:16:13.690+0700] {logging_mixin.py:190} INFO - [2026-09-18T12:16:13.689+0700] {dagbag.py:588} INFO - Filling up the DagBag from /Users/andreasanditya/Downloads/572392_Andreas_AirflowETL/code/.venv/lib/python3.9/site-packages/airflow/example_dags/example_short_circuit_operator.py
[2026-09-18T12:16:13.730+0700] {processor.py:925} INFO - DAG(s) 'example_short_circuit_operator' retrieved from /Users/andreasanditya/Downloads/572392_Andreas_AirflowETL/code/.venv/lib/python3.9/site-packages/airflow/example_dags/example_short_circuit_operator.py
[2026-09-18T12:16:13.791+0700] {logging_mixin.py:190} INFO - [2026-09-18T12:16:13.791+0700] {dag.py:3239} INFO - Sync 1 DAGs
[2026-09-18T12:16:13.797+0700] {logging_mixin.py:190} INFO - [2026-09-18T12:16:13.796+0700] {dag.py:4180} INFO - Setting next_dagrun for example_short_circuit_operator to None, run_after=None
[2026-09-18T12:16:13.807+0700] {processor.py:208} INFO - Processing /Users/andreasanditya/Downloads/572392_Andreas_AirflowETL/code/.venv/lib/python3.9/site-packages/airflow/example_dags/example_short_circuit_operator.py took 0.121 seconds
[2026-09-18T12:17:41.349+0700] {processor.py:186} INFO - Started process (PID=49902) to work on /Users/andreasanditya/Downloads/572392_Andreas_AirflowETL/code/.venv/lib/python3.9/site-packages/airflow/example_dags/example_short_circuit_operator.py
[2026-09-18T12:17:41.350+0700] {processor.py:914} INFO - Processing file /Users/andreasanditya/Downloads/572392_Andreas_AirflowETL/code/.venv/lib/python3.9/site-packages/airflow/example_dags/example_short_circuit_operator.py for tasks to queue
[2026-09-18T12:17:41.351+0700] {logging_mixin.py:190} INFO - [2026-09-18T12:17:41.351+0700] {dagbag.py:588} INFO - Filling up the DagBag from /Users/andreasanditya/Downloads/572392_Andreas_AirflowETL/code/.venv/lib/python3.9/site-packages/airflow/example_dags/example_short_circuit_operator.py
[2026-09-18T12:17:41.392+0700] {processor.py:925} INFO - DAG(s) 'example_short_circuit_operator' retrieved from /Users/andreasanditya/Downloads/572392_Andreas_AirflowETL/code/.venv/lib/python3.9/site-packages/airflow/example_dags/example_short_circuit_operator.py
[2026-09-18T12:17:41.453+0700] {logging_mixin.py:190} INFO - [2026-09-18T12:17:41.453+0700] {dag.py:3239} INFO - Sync 1 DAGs
[2026-09-18T12:17:41.459+0700] {logging_mixin.py:190} INFO - [2026-09-18T12:17:41.459+0700] {dag.py:4180} INFO - Setting next_dagrun for example_short_circuit_operator to None, run_after=None
[2026-09-18T12:17:41.469+0700] {processor.py:208} INFO - Processing /Users/andreasanditya/Downloads/572392_Andreas_AirflowETL/code/.venv/lib/python3.9/site-packages/airflow/example_dags/example_short_circuit_operator.py took 0.122 seconds
