[2026-09-18T11:16:46.541+0700] {processor.py:186} INFO - Started process (PID=10246) to work on /Users/andreasanditya/Downloads/572392_Andreas_AirflowETL/code/.venv/lib/python3.9/site-packages/airflow/example_dags/tutorial_taskflow_api.py
[2026-09-18T11:16:46.541+0700] {processor.py:914} INFO - Processing file /Users/andreasanditya/Downloads/572392_Andreas_AirflowETL/code/.venv/lib/python3.9/site-packages/airflow/example_dags/tutorial_taskflow_api.py for tasks to queue
[2026-09-18T11:16:46.542+0700] {logging_mixin.py:190} INFO - [2026-09-18T11:16:46.542+0700] {dagbag.py:588} INFO - Filling up the DagBag from /Users/andreasanditya/Downloads/572392_Andreas_AirflowETL/code/.venv/lib/python3.9/site-packages/airflow/example_dags/tutorial_taskflow_api.py
[2026-09-18T11:16:46.593+0700] {processor.py:925} INFO - DAG(s) 'tutorial_taskflow_api' retrieved from /Users/andreasanditya/Downloads/572392_Andreas_AirflowETL/code/.venv/lib/python3.9/site-packages/airflow/example_dags/tutorial_taskflow_api.py
[2026-09-18T11:16:46.699+0700] {logging_mixin.py:190} INFO - [2026-09-18T11:16:46.699+0700] {override.py:1912} INFO - Created Permission View: can delete on DAG:tutorial_taskflow_api
[2026-09-18T11:16:46.705+0700] {logging_mixin.py:190} INFO - [2026-09-18T11:16:46.704+0700] {override.py:1912} INFO - Created Permission View: can read on DAG:tutorial_taskflow_api
[2026-09-18T11:16:46.707+0700] {logging_mixin.py:190} INFO - [2026-09-18T11:16:46.707+0700] {override.py:1912} INFO - Created Permission View: can edit on DAG:tutorial_taskflow_api
[2026-09-18T11:16:46.711+0700] {logging_mixin.py:190} INFO - [2026-09-18T11:16:46.711+0700] {override.py:1912} INFO - Created Permission View: can create on DAG Run:tutorial_taskflow_api
[2026-09-18T11:16:46.714+0700] {logging_mixin.py:190} INFO - [2026-09-18T11:16:46.714+0700] {override.py:1912} INFO - Created Permission View: menu access on DAG Run:tutorial_taskflow_api
[2026-09-18T11:16:46.717+0700] {logging_mixin.py:190} INFO - [2026-09-18T11:16:46.717+0700] {override.py:1912} INFO - Created Permission View: can delete on DAG Run:tutorial_taskflow_api
[2026-09-18T11:16:46.720+0700] {logging_mixin.py:190} INFO - [2026-09-18T11:16:46.720+0700] {override.py:1912} INFO - Created Permission View: can read on DAG Run:tutorial_taskflow_api
[2026-09-18T11:16:46.720+0700] {logging_mixin.py:190} INFO - [2026-09-18T11:16:46.720+0700] {dag.py:3239} INFO - Sync 1 DAGs
[2026-09-18T11:16:46.727+0700] {logging_mixin.py:190} INFO - [2026-09-18T11:16:46.726+0700] {dag.py:3262} INFO - Creating ORM DAG for tutorial_taskflow_api
[2026-09-18T11:16:46.727+0700] {logging_mixin.py:190} INFO - [2026-09-18T11:16:46.727+0700] {dag.py:4180} INFO - Setting next_dagrun for tutorial_taskflow_api to None, run_after=None
[2026-09-18T11:16:46.736+0700] {processor.py:208} INFO - Processing /Users/andreasanditya/Downloads/572392_Andreas_AirflowETL/code/.venv/lib/python3.9/site-packages/airflow/example_dags/tutorial_taskflow_api.py took 0.197 seconds
[2026-09-18T11:19:04.157+0700] {processor.py:186} INFO - Started process (PID=11732) to work on /Users/andreasanditya/Downloads/572392_Andreas_AirflowETL/code/.venv/lib/python3.9/site-packages/airflow/example_dags/tutorial_taskflow_api.py
[2026-09-18T11:19:04.158+0700] {processor.py:914} INFO - Processing file /Users/andreasanditya/Downloads/572392_Andreas_AirflowETL/code/.venv/lib/python3.9/site-packages/airflow/example_dags/tutorial_taskflow_api.py for tasks to queue
[2026-09-18T11:19:04.159+0700] {logging_mixin.py:190} INFO - [2026-09-18T11:19:04.159+0700] {dagbag.py:588} INFO - Filling up the DagBag from /Users/andreasanditya/Downloads/572392_Andreas_AirflowETL/code/.venv/lib/python3.9/site-packages/airflow/example_dags/tutorial_taskflow_api.py
[2026-09-18T11:19:04.205+0700] {processor.py:925} INFO - DAG(s) 'tutorial_taskflow_api' retrieved from /Users/andreasanditya/Downloads/572392_Andreas_AirflowETL/code/.venv/lib/python3.9/site-packages/airflow/example_dags/tutorial_taskflow_api.py
[2026-09-18T11:19:04.266+0700] {logging_mixin.py:190} INFO - [2026-09-18T11:19:04.265+0700] {dag.py:3239} INFO - Sync 1 DAGs
[2026-09-18T11:19:04.271+0700] {logging_mixin.py:190} INFO - [2026-09-18T11:19:04.271+0700] {dag.py:4180} INFO - Setting next_dagrun for tutorial_taskflow_api to None, run_after=None
[2026-09-18T11:19:04.282+0700] {processor.py:208} INFO - Processing /Users/andreasanditya/Downloads/572392_Andreas_AirflowETL/code/.venv/lib/python3.9/site-packages/airflow/example_dags/tutorial_taskflow_api.py took 0.127 seconds
[2026-09-18T11:20:36.973+0700] {processor.py:186} INFO - Started process (PID=12719) to work on /Users/andreasanditya/Downloads/572392_Andreas_AirflowETL/code/.venv/lib/python3.9/site-packages/airflow/example_dags/tutorial_taskflow_api.py
[2026-09-18T11:20:36.974+0700] {processor.py:914} INFO - Processing file /Users/andreasanditya/Downloads/572392_Andreas_AirflowETL/code/.venv/lib/python3.9/site-packages/airflow/example_dags/tutorial_taskflow_api.py for tasks to queue
[2026-09-18T11:20:36.975+0700] {logging_mixin.py:190} INFO - [2026-09-18T11:20:36.975+0700] {dagbag.py:588} INFO - Filling up the DagBag from /Users/andreasanditya/Downloads/572392_Andreas_AirflowETL/code/.venv/lib/python3.9/site-packages/airflow/example_dags/tutorial_taskflow_api.py
[2026-09-18T11:20:37.050+0700] {processor.py:925} INFO - DAG(s) 'tutorial_taskflow_api' retrieved from /Users/andreasanditya/Downloads/572392_Andreas_AirflowETL/code/.venv/lib/python3.9/site-packages/airflow/example_dags/tutorial_taskflow_api.py
[2026-09-18T11:20:37.115+0700] {logging_mixin.py:190} INFO - [2026-09-18T11:20:37.115+0700] {dag.py:3239} INFO - Sync 1 DAGs
[2026-09-18T11:20:37.122+0700] {logging_mixin.py:190} INFO - [2026-09-18T11:20:37.122+0700] {dag.py:4180} INFO - Setting next_dagrun for tutorial_taskflow_api to None, run_after=None
[2026-09-18T11:20:37.133+0700] {processor.py:208} INFO - Processing /Users/andreasanditya/Downloads/572392_Andreas_AirflowETL/code/.venv/lib/python3.9/site-packages/airflow/example_dags/tutorial_taskflow_api.py took 0.163 seconds
[2026-09-18T11:22:05.296+0700] {processor.py:186} INFO - Started process (PID=13595) to work on /Users/andreasanditya/Downloads/572392_Andreas_AirflowETL/code/.venv/lib/python3.9/site-packages/airflow/example_dags/tutorial_taskflow_api.py
[2026-09-18T11:22:05.298+0700] {processor.py:914} INFO - Processing file /Users/andreasanditya/Downloads/572392_Andreas_AirflowETL/code/.venv/lib/python3.9/site-packages/airflow/example_dags/tutorial_taskflow_api.py for tasks to queue
[2026-09-18T11:22:05.299+0700] {logging_mixin.py:190} INFO - [2026-09-18T11:22:05.298+0700] {dagbag.py:588} INFO - Filling up the DagBag from /Users/andreasanditya/Downloads/572392_Andreas_AirflowETL/code/.venv/lib/python3.9/site-packages/airflow/example_dags/tutorial_taskflow_api.py
[2026-09-18T11:22:05.346+0700] {processor.py:925} INFO - DAG(s) 'tutorial_taskflow_api' retrieved from /Users/andreasanditya/Downloads/572392_Andreas_AirflowETL/code/.venv/lib/python3.9/site-packages/airflow/example_dags/tutorial_taskflow_api.py
[2026-09-18T11:22:05.406+0700] {logging_mixin.py:190} INFO - [2026-09-18T11:22:05.405+0700] {dag.py:3239} INFO - Sync 1 DAGs
[2026-09-18T11:22:05.412+0700] {logging_mixin.py:190} INFO - [2026-09-18T11:22:05.412+0700] {dag.py:4180} INFO - Setting next_dagrun for tutorial_taskflow_api to None, run_after=None
[2026-09-18T11:22:05.422+0700] {processor.py:208} INFO - Processing /Users/andreasanditya/Downloads/572392_Andreas_AirflowETL/code/.venv/lib/python3.9/site-packages/airflow/example_dags/tutorial_taskflow_api.py took 0.128 seconds
[2026-09-18T11:22:36.073+0700] {processor.py:186} INFO - Started process (PID=14018) to work on /Users/andreasanditya/Downloads/572392_Andreas_AirflowETL/code/.venv/lib/python3.9/site-packages/airflow/example_dags/tutorial_taskflow_api.py
[2026-09-18T11:22:36.074+0700] {processor.py:914} INFO - Processing file /Users/andreasanditya/Downloads/572392_Andreas_AirflowETL/code/.venv/lib/python3.9/site-packages/airflow/example_dags/tutorial_taskflow_api.py for tasks to queue
[2026-09-18T11:22:36.074+0700] {logging_mixin.py:190} INFO - [2026-09-18T11:22:36.074+0700] {dagbag.py:588} INFO - Filling up the DagBag from /Users/andreasanditya/Downloads/572392_Andreas_AirflowETL/code/.venv/lib/python3.9/site-packages/airflow/example_dags/tutorial_taskflow_api.py
[2026-09-18T11:22:36.123+0700] {processor.py:925} INFO - DAG(s) 'tutorial_taskflow_api' retrieved from /Users/andreasanditya/Downloads/572392_Andreas_AirflowETL/code/.venv/lib/python3.9/site-packages/airflow/example_dags/tutorial_taskflow_api.py
[2026-09-18T11:22:36.190+0700] {logging_mixin.py:190} INFO - [2026-09-18T11:22:36.190+0700] {dag.py:3239} INFO - Sync 1 DAGs
[2026-09-18T11:22:36.201+0700] {logging_mixin.py:190} INFO - [2026-09-18T11:22:36.201+0700] {dag.py:4180} INFO - Setting next_dagrun for tutorial_taskflow_api to None, run_after=None
[2026-09-18T11:22:36.225+0700] {processor.py:208} INFO - Processing /Users/andreasanditya/Downloads/572392_Andreas_AirflowETL/code/.venv/lib/python3.9/site-packages/airflow/example_dags/tutorial_taskflow_api.py took 0.154 seconds
[2026-09-18T11:24:02.027+0700] {processor.py:186} INFO - Started process (PID=15017) to work on /Users/andreasanditya/Downloads/572392_Andreas_AirflowETL/code/.venv/lib/python3.9/site-packages/airflow/example_dags/tutorial_taskflow_api.py
[2026-09-18T11:24:02.028+0700] {processor.py:914} INFO - Processing file /Users/andreasanditya/Downloads/572392_Andreas_AirflowETL/code/.venv/lib/python3.9/site-packages/airflow/example_dags/tutorial_taskflow_api.py for tasks to queue
[2026-09-18T11:24:02.028+0700] {logging_mixin.py:190} INFO - [2026-09-18T11:24:02.028+0700] {dagbag.py:588} INFO - Filling up the DagBag from /Users/andreasanditya/Downloads/572392_Andreas_AirflowETL/code/.venv/lib/python3.9/site-packages/airflow/example_dags/tutorial_taskflow_api.py
[2026-09-18T11:24:02.076+0700] {processor.py:925} INFO - DAG(s) 'tutorial_taskflow_api' retrieved from /Users/andreasanditya/Downloads/572392_Andreas_AirflowETL/code/.venv/lib/python3.9/site-packages/airflow/example_dags/tutorial_taskflow_api.py
[2026-09-18T11:24:02.136+0700] {logging_mixin.py:190} INFO - [2026-09-18T11:24:02.136+0700] {dag.py:3239} INFO - Sync 1 DAGs
[2026-09-18T11:24:02.142+0700] {logging_mixin.py:190} INFO - [2026-09-18T11:24:02.142+0700] {dag.py:4180} INFO - Setting next_dagrun for tutorial_taskflow_api to None, run_after=None
[2026-09-18T11:24:02.152+0700] {processor.py:208} INFO - Processing /Users/andreasanditya/Downloads/572392_Andreas_AirflowETL/code/.venv/lib/python3.9/site-packages/airflow/example_dags/tutorial_taskflow_api.py took 0.127 seconds
[2026-09-18T11:26:06.031+0700] {processor.py:186} INFO - Started process (PID=16275) to work on /Users/andreasanditya/Downloads/572392_Andreas_AirflowETL/code/.venv/lib/python3.9/site-packages/airflow/example_dags/tutorial_taskflow_api.py
[2026-09-18T11:26:06.032+0700] {processor.py:914} INFO - Processing file /Users/andreasanditya/Downloads/572392_Andreas_AirflowETL/code/.venv/lib/python3.9/site-packages/airflow/example_dags/tutorial_taskflow_api.py for tasks to queue
[2026-09-18T11:26:06.033+0700] {logging_mixin.py:190} INFO - [2026-09-18T11:26:06.032+0700] {dagbag.py:588} INFO - Filling up the DagBag from /Users/andreasanditya/Downloads/572392_Andreas_AirflowETL/code/.venv/lib/python3.9/site-packages/airflow/example_dags/tutorial_taskflow_api.py
[2026-09-18T11:26:06.079+0700] {processor.py:925} INFO - DAG(s) 'tutorial_taskflow_api' retrieved from /Users/andreasanditya/Downloads/572392_Andreas_AirflowETL/code/.venv/lib/python3.9/site-packages/airflow/example_dags/tutorial_taskflow_api.py
[2026-09-18T11:26:06.138+0700] {logging_mixin.py:190} INFO - [2026-09-18T11:26:06.137+0700] {dag.py:3239} INFO - Sync 1 DAGs
[2026-09-18T11:26:06.144+0700] {logging_mixin.py:190} INFO - [2026-09-18T11:26:06.143+0700] {dag.py:4180} INFO - Setting next_dagrun for tutorial_taskflow_api to None, run_after=None
[2026-09-18T11:26:06.153+0700] {processor.py:208} INFO - Processing /Users/andreasanditya/Downloads/572392_Andreas_AirflowETL/code/.venv/lib/python3.9/site-packages/airflow/example_dags/tutorial_taskflow_api.py took 0.125 seconds
[2026-09-18T11:27:39.917+0700] {processor.py:186} INFO - Started process (PID=17196) to work on /Users/andreasanditya/Downloads/572392_Andreas_AirflowETL/code/.venv/lib/python3.9/site-packages/airflow/example_dags/tutorial_taskflow_api.py
[2026-09-18T11:27:39.918+0700] {processor.py:914} INFO - Processing file /Users/andreasanditya/Downloads/572392_Andreas_AirflowETL/code/.venv/lib/python3.9/site-packages/airflow/example_dags/tutorial_taskflow_api.py for tasks to queue
[2026-09-18T11:27:39.919+0700] {logging_mixin.py:190} INFO - [2026-09-18T11:27:39.919+0700] {dagbag.py:588} INFO - Filling up the DagBag from /Users/andreasanditya/Downloads/572392_Andreas_AirflowETL/code/.venv/lib/python3.9/site-packages/airflow/example_dags/tutorial_taskflow_api.py
[2026-09-18T11:27:39.966+0700] {processor.py:925} INFO - DAG(s) 'tutorial_taskflow_api' retrieved from /Users/andreasanditya/Downloads/572392_Andreas_AirflowETL/code/.venv/lib/python3.9/site-packages/airflow/example_dags/tutorial_taskflow_api.py
[2026-09-18T11:27:40.024+0700] {logging_mixin.py:190} INFO - [2026-09-18T11:27:40.024+0700] {dag.py:3239} INFO - Sync 1 DAGs
[2026-09-18T11:27:40.030+0700] {logging_mixin.py:190} INFO - [2026-09-18T11:27:40.030+0700] {dag.py:4180} INFO - Setting next_dagrun for tutorial_taskflow_api to None, run_after=None
[2026-09-18T11:27:40.042+0700] {processor.py:208} INFO - Processing /Users/andreasanditya/Downloads/572392_Andreas_AirflowETL/code/.venv/lib/python3.9/site-packages/airflow/example_dags/tutorial_taskflow_api.py took 0.127 seconds
[2026-09-18T11:29:07.510+0700] {processor.py:186} INFO - Started process (PID=18114) to work on /Users/andreasanditya/Downloads/572392_Andreas_AirflowETL/code/.venv/lib/python3.9/site-packages/airflow/example_dags/tutorial_taskflow_api.py
[2026-09-18T11:29:07.511+0700] {processor.py:914} INFO - Processing file /Users/andreasanditya/Downloads/572392_Andreas_AirflowETL/code/.venv/lib/python3.9/site-packages/airflow/example_dags/tutorial_taskflow_api.py for tasks to queue
[2026-09-18T11:29:07.511+0700] {logging_mixin.py:190} INFO - [2026-09-18T11:29:07.511+0700] {dagbag.py:588} INFO - Filling up the DagBag from /Users/andreasanditya/Downloads/572392_Andreas_AirflowETL/code/.venv/lib/python3.9/site-packages/airflow/example_dags/tutorial_taskflow_api.py
[2026-09-18T11:29:07.559+0700] {processor.py:925} INFO - DAG(s) 'tutorial_taskflow_api' retrieved from /Users/andreasanditya/Downloads/572392_Andreas_AirflowETL/code/.venv/lib/python3.9/site-packages/airflow/example_dags/tutorial_taskflow_api.py
[2026-09-18T11:29:07.619+0700] {logging_mixin.py:190} INFO - [2026-09-18T11:29:07.619+0700] {dag.py:3239} INFO - Sync 1 DAGs
[2026-09-18T11:29:07.625+0700] {logging_mixin.py:190} INFO - [2026-09-18T11:29:07.625+0700] {dag.py:4180} INFO - Setting next_dagrun for tutorial_taskflow_api to None, run_after=None
[2026-09-18T11:29:07.635+0700] {processor.py:208} INFO - Processing /Users/andreasanditya/Downloads/572392_Andreas_AirflowETL/code/.venv/lib/python3.9/site-packages/airflow/example_dags/tutorial_taskflow_api.py took 0.127 seconds
[2026-09-18T11:30:37.245+0700] {processor.py:186} INFO - Started process (PID=19074) to work on /Users/andreasanditya/Downloads/572392_Andreas_AirflowETL/code/.venv/lib/python3.9/site-packages/airflow/example_dags/tutorial_taskflow_api.py
[2026-09-18T11:30:37.246+0700] {processor.py:914} INFO - Processing file /Users/andreasanditya/Downloads/572392_Andreas_AirflowETL/code/.venv/lib/python3.9/site-packages/airflow/example_dags/tutorial_taskflow_api.py for tasks to queue
[2026-09-18T11:30:37.246+0700] {logging_mixin.py:190} INFO - [2026-09-18T11:30:37.246+0700] {dagbag.py:588} INFO - Filling up the DagBag from /Users/andreasanditya/Downloads/572392_Andreas_AirflowETL/code/.venv/lib/python3.9/site-packages/airflow/example_dags/tutorial_taskflow_api.py
[2026-09-18T11:30:37.294+0700] {processor.py:925} INFO - DAG(s) 'tutorial_taskflow_api' retrieved from /Users/andreasanditya/Downloads/572392_Andreas_AirflowETL/code/.venv/lib/python3.9/site-packages/airflow/example_dags/tutorial_taskflow_api.py
[2026-09-18T11:30:37.356+0700] {logging_mixin.py:190} INFO - [2026-09-18T11:30:37.355+0700] {dag.py:3239} INFO - Sync 1 DAGs
[2026-09-18T11:30:37.362+0700] {logging_mixin.py:190} INFO - [2026-09-18T11:30:37.361+0700] {dag.py:4180} INFO - Setting next_dagrun for tutorial_taskflow_api to None, run_after=None
[2026-09-18T11:30:37.372+0700] {processor.py:208} INFO - Processing /Users/andreasanditya/Downloads/572392_Andreas_AirflowETL/code/.venv/lib/python3.9/site-packages/airflow/example_dags/tutorial_taskflow_api.py took 0.129 seconds
[2026-09-18T11:32:06.318+0700] {processor.py:186} INFO - Started process (PID=19988) to work on /Users/andreasanditya/Downloads/572392_Andreas_AirflowETL/code/.venv/lib/python3.9/site-packages/airflow/example_dags/tutorial_taskflow_api.py
[2026-09-18T11:32:06.319+0700] {processor.py:914} INFO - Processing file /Users/andreasanditya/Downloads/572392_Andreas_AirflowETL/code/.venv/lib/python3.9/site-packages/airflow/example_dags/tutorial_taskflow_api.py for tasks to queue
[2026-09-18T11:32:06.320+0700] {logging_mixin.py:190} INFO - [2026-09-18T11:32:06.320+0700] {dagbag.py:588} INFO - Filling up the DagBag from /Users/andreasanditya/Downloads/572392_Andreas_AirflowETL/code/.venv/lib/python3.9/site-packages/airflow/example_dags/tutorial_taskflow_api.py
[2026-09-18T11:32:06.366+0700] {processor.py:925} INFO - DAG(s) 'tutorial_taskflow_api' retrieved from /Users/andreasanditya/Downloads/572392_Andreas_AirflowETL/code/.venv/lib/python3.9/site-packages/airflow/example_dags/tutorial_taskflow_api.py
[2026-09-18T11:32:06.426+0700] {logging_mixin.py:190} INFO - [2026-09-18T11:32:06.426+0700] {dag.py:3239} INFO - Sync 1 DAGs
[2026-09-18T11:32:06.432+0700] {logging_mixin.py:190} INFO - [2026-09-18T11:32:06.432+0700] {dag.py:4180} INFO - Setting next_dagrun for tutorial_taskflow_api to None, run_after=None
[2026-09-18T11:32:06.442+0700] {processor.py:208} INFO - Processing /Users/andreasanditya/Downloads/572392_Andreas_AirflowETL/code/.venv/lib/python3.9/site-packages/airflow/example_dags/tutorial_taskflow_api.py took 0.126 seconds
[2026-09-18T11:33:33.583+0700] {processor.py:186} INFO - Started process (PID=20918) to work on /Users/andreasanditya/Downloads/572392_Andreas_AirflowETL/code/.venv/lib/python3.9/site-packages/airflow/example_dags/tutorial_taskflow_api.py
[2026-09-18T11:33:33.584+0700] {processor.py:914} INFO - Processing file /Users/andreasanditya/Downloads/572392_Andreas_AirflowETL/code/.venv/lib/python3.9/site-packages/airflow/example_dags/tutorial_taskflow_api.py for tasks to queue
[2026-09-18T11:33:33.585+0700] {logging_mixin.py:190} INFO - [2026-09-18T11:33:33.585+0700] {dagbag.py:588} INFO - Filling up the DagBag from /Users/andreasanditya/Downloads/572392_Andreas_AirflowETL/code/.venv/lib/python3.9/site-packages/airflow/example_dags/tutorial_taskflow_api.py
[2026-09-18T11:33:33.635+0700] {processor.py:925} INFO - DAG(s) 'tutorial_taskflow_api' retrieved from /Users/andreasanditya/Downloads/572392_Andreas_AirflowETL/code/.venv/lib/python3.9/site-packages/airflow/example_dags/tutorial_taskflow_api.py
[2026-09-18T11:33:33.695+0700] {logging_mixin.py:190} INFO - [2026-09-18T11:33:33.695+0700] {dag.py:3239} INFO - Sync 1 DAGs
[2026-09-18T11:33:33.701+0700] {logging_mixin.py:190} INFO - [2026-09-18T11:33:33.701+0700] {dag.py:4180} INFO - Setting next_dagrun for tutorial_taskflow_api to None, run_after=None
[2026-09-18T11:33:33.712+0700] {processor.py:208} INFO - Processing /Users/andreasanditya/Downloads/572392_Andreas_AirflowETL/code/.venv/lib/python3.9/site-packages/airflow/example_dags/tutorial_taskflow_api.py took 0.131 seconds
[2026-09-18T11:35:01.827+0700] {processor.py:186} INFO - Started process (PID=21873) to work on /Users/andreasanditya/Downloads/572392_Andreas_AirflowETL/code/.venv/lib/python3.9/site-packages/airflow/example_dags/tutorial_taskflow_api.py
[2026-09-18T11:35:01.829+0700] {processor.py:914} INFO - Processing file /Users/andreasanditya/Downloads/572392_Andreas_AirflowETL/code/.venv/lib/python3.9/site-packages/airflow/example_dags/tutorial_taskflow_api.py for tasks to queue
[2026-09-18T11:35:01.830+0700] {logging_mixin.py:190} INFO - [2026-09-18T11:35:01.830+0700] {dagbag.py:588} INFO - Filling up the DagBag from /Users/andreasanditya/Downloads/572392_Andreas_AirflowETL/code/.venv/lib/python3.9/site-packages/airflow/example_dags/tutorial_taskflow_api.py
[2026-09-18T11:35:01.880+0700] {processor.py:925} INFO - DAG(s) 'tutorial_taskflow_api' retrieved from /Users/andreasanditya/Downloads/572392_Andreas_AirflowETL/code/.venv/lib/python3.9/site-packages/airflow/example_dags/tutorial_taskflow_api.py
[2026-09-18T11:35:01.941+0700] {logging_mixin.py:190} INFO - [2026-09-18T11:35:01.940+0700] {dag.py:3239} INFO - Sync 1 DAGs
[2026-09-18T11:35:01.946+0700] {logging_mixin.py:190} INFO - [2026-09-18T11:35:01.946+0700] {dag.py:4180} INFO - Setting next_dagrun for tutorial_taskflow_api to None, run_after=None
[2026-09-18T11:35:01.956+0700] {processor.py:208} INFO - Processing /Users/andreasanditya/Downloads/572392_Andreas_AirflowETL/code/.venv/lib/python3.9/site-packages/airflow/example_dags/tutorial_taskflow_api.py took 0.132 seconds
[2026-09-18T11:36:28.677+0700] {processor.py:186} INFO - Started process (PID=22828) to work on /Users/andreasanditya/Downloads/572392_Andreas_AirflowETL/code/.venv/lib/python3.9/site-packages/airflow/example_dags/tutorial_taskflow_api.py
[2026-09-18T11:36:28.678+0700] {processor.py:914} INFO - Processing file /Users/andreasanditya/Downloads/572392_Andreas_AirflowETL/code/.venv/lib/python3.9/site-packages/airflow/example_dags/tutorial_taskflow_api.py for tasks to queue
[2026-09-18T11:36:28.679+0700] {logging_mixin.py:190} INFO - [2026-09-18T11:36:28.679+0700] {dagbag.py:588} INFO - Filling up the DagBag from /Users/andreasanditya/Downloads/572392_Andreas_AirflowETL/code/.venv/lib/python3.9/site-packages/airflow/example_dags/tutorial_taskflow_api.py
[2026-09-18T11:36:28.746+0700] {processor.py:925} INFO - DAG(s) 'tutorial_taskflow_api' retrieved from /Users/andreasanditya/Downloads/572392_Andreas_AirflowETL/code/.venv/lib/python3.9/site-packages/airflow/example_dags/tutorial_taskflow_api.py
[2026-09-18T11:36:28.822+0700] {logging_mixin.py:190} INFO - [2026-09-18T11:36:28.822+0700] {dag.py:3239} INFO - Sync 1 DAGs
[2026-09-18T11:36:28.829+0700] {logging_mixin.py:190} INFO - [2026-09-18T11:36:28.829+0700] {dag.py:4180} INFO - Setting next_dagrun for tutorial_taskflow_api to None, run_after=None
[2026-09-18T11:36:28.841+0700] {processor.py:208} INFO - Processing /Users/andreasanditya/Downloads/572392_Andreas_AirflowETL/code/.venv/lib/python3.9/site-packages/airflow/example_dags/tutorial_taskflow_api.py took 0.167 seconds
[2026-09-18T11:37:57.129+0700] {processor.py:186} INFO - Started process (PID=23736) to work on /Users/andreasanditya/Downloads/572392_Andreas_AirflowETL/code/.venv/lib/python3.9/site-packages/airflow/example_dags/tutorial_taskflow_api.py
[2026-09-18T11:37:57.130+0700] {processor.py:914} INFO - Processing file /Users/andreasanditya/Downloads/572392_Andreas_AirflowETL/code/.venv/lib/python3.9/site-packages/airflow/example_dags/tutorial_taskflow_api.py for tasks to queue
[2026-09-18T11:37:57.130+0700] {logging_mixin.py:190} INFO - [2026-09-18T11:37:57.130+0700] {dagbag.py:588} INFO - Filling up the DagBag from /Users/andreasanditya/Downloads/572392_Andreas_AirflowETL/code/.venv/lib/python3.9/site-packages/airflow/example_dags/tutorial_taskflow_api.py
[2026-09-18T11:37:57.176+0700] {processor.py:925} INFO - DAG(s) 'tutorial_taskflow_api' retrieved from /Users/andreasanditya/Downloads/572392_Andreas_AirflowETL/code/.venv/lib/python3.9/site-packages/airflow/example_dags/tutorial_taskflow_api.py
[2026-09-18T11:37:57.235+0700] {logging_mixin.py:190} INFO - [2026-09-18T11:37:57.235+0700] {dag.py:3239} INFO - Sync 1 DAGs
[2026-09-18T11:37:57.241+0700] {logging_mixin.py:190} INFO - [2026-09-18T11:37:57.241+0700] {dag.py:4180} INFO - Setting next_dagrun for tutorial_taskflow_api to None, run_after=None
[2026-09-18T11:37:57.251+0700] {processor.py:208} INFO - Processing /Users/andreasanditya/Downloads/572392_Andreas_AirflowETL/code/.venv/lib/python3.9/site-packages/airflow/example_dags/tutorial_taskflow_api.py took 0.125 seconds
[2026-09-18T11:39:23.408+0700] {processor.py:186} INFO - Started process (PID=24626) to work on /Users/andreasanditya/Downloads/572392_Andreas_AirflowETL/code/.venv/lib/python3.9/site-packages/airflow/example_dags/tutorial_taskflow_api.py
[2026-09-18T11:39:23.409+0700] {processor.py:914} INFO - Processing file /Users/andreasanditya/Downloads/572392_Andreas_AirflowETL/code/.venv/lib/python3.9/site-packages/airflow/example_dags/tutorial_taskflow_api.py for tasks to queue
[2026-09-18T11:39:23.410+0700] {logging_mixin.py:190} INFO - [2026-09-18T11:39:23.410+0700] {dagbag.py:588} INFO - Filling up the DagBag from /Users/andreasanditya/Downloads/572392_Andreas_AirflowETL/code/.venv/lib/python3.9/site-packages/airflow/example_dags/tutorial_taskflow_api.py
[2026-09-18T11:39:23.456+0700] {processor.py:925} INFO - DAG(s) 'tutorial_taskflow_api' retrieved from /Users/andreasanditya/Downloads/572392_Andreas_AirflowETL/code/.venv/lib/python3.9/site-packages/airflow/example_dags/tutorial_taskflow_api.py
[2026-09-18T11:39:23.515+0700] {logging_mixin.py:190} INFO - [2026-09-18T11:39:23.515+0700] {dag.py:3239} INFO - Sync 1 DAGs
[2026-09-18T11:39:23.521+0700] {logging_mixin.py:190} INFO - [2026-09-18T11:39:23.521+0700] {dag.py:4180} INFO - Setting next_dagrun for tutorial_taskflow_api to None, run_after=None
[2026-09-18T11:39:23.532+0700] {processor.py:208} INFO - Processing /Users/andreasanditya/Downloads/572392_Andreas_AirflowETL/code/.venv/lib/python3.9/site-packages/airflow/example_dags/tutorial_taskflow_api.py took 0.126 seconds
[2026-09-18T11:40:51.678+0700] {processor.py:186} INFO - Started process (PID=25553) to work on /Users/andreasanditya/Downloads/572392_Andreas_AirflowETL/code/.venv/lib/python3.9/site-packages/airflow/example_dags/tutorial_taskflow_api.py
[2026-09-18T11:40:51.679+0700] {processor.py:914} INFO - Processing file /Users/andreasanditya/Downloads/572392_Andreas_AirflowETL/code/.venv/lib/python3.9/site-packages/airflow/example_dags/tutorial_taskflow_api.py for tasks to queue
[2026-09-18T11:40:51.680+0700] {logging_mixin.py:190} INFO - [2026-09-18T11:40:51.680+0700] {dagbag.py:588} INFO - Filling up the DagBag from /Users/andreasanditya/Downloads/572392_Andreas_AirflowETL/code/.venv/lib/python3.9/site-packages/airflow/example_dags/tutorial_taskflow_api.py
[2026-09-18T11:40:51.730+0700] {processor.py:925} INFO - DAG(s) 'tutorial_taskflow_api' retrieved from /Users/andreasanditya/Downloads/572392_Andreas_AirflowETL/code/.venv/lib/python3.9/site-packages/airflow/example_dags/tutorial_taskflow_api.py
[2026-09-18T11:40:51.790+0700] {logging_mixin.py:190} INFO - [2026-09-18T11:40:51.790+0700] {dag.py:3239} INFO - Sync 1 DAGs
[2026-09-18T11:40:51.796+0700] {logging_mixin.py:190} INFO - [2026-09-18T11:40:51.796+0700] {dag.py:4180} INFO - Setting next_dagrun for tutorial_taskflow_api to None, run_after=None
[2026-09-18T11:40:51.806+0700] {processor.py:208} INFO - Processing /Users/andreasanditya/Downloads/572392_Andreas_AirflowETL/code/.venv/lib/python3.9/site-packages/airflow/example_dags/tutorial_taskflow_api.py took 0.131 seconds
[2026-09-18T11:42:22.965+0700] {processor.py:186} INFO - Started process (PID=26511) to work on /Users/andreasanditya/Downloads/572392_Andreas_AirflowETL/code/.venv/lib/python3.9/site-packages/airflow/example_dags/tutorial_taskflow_api.py
[2026-09-18T11:42:22.966+0700] {processor.py:914} INFO - Processing file /Users/andreasanditya/Downloads/572392_Andreas_AirflowETL/code/.venv/lib/python3.9/site-packages/airflow/example_dags/tutorial_taskflow_api.py for tasks to queue
[2026-09-18T11:42:22.967+0700] {logging_mixin.py:190} INFO - [2026-09-18T11:42:22.967+0700] {dagbag.py:588} INFO - Filling up the DagBag from /Users/andreasanditya/Downloads/572392_Andreas_AirflowETL/code/.venv/lib/python3.9/site-packages/airflow/example_dags/tutorial_taskflow_api.py
[2026-09-18T11:42:23.015+0700] {processor.py:925} INFO - DAG(s) 'tutorial_taskflow_api' retrieved from /Users/andreasanditya/Downloads/572392_Andreas_AirflowETL/code/.venv/lib/python3.9/site-packages/airflow/example_dags/tutorial_taskflow_api.py
[2026-09-18T11:42:23.079+0700] {logging_mixin.py:190} INFO - [2026-09-18T11:42:23.079+0700] {dag.py:3239} INFO - Sync 1 DAGs
[2026-09-18T11:42:23.085+0700] {logging_mixin.py:190} INFO - [2026-09-18T11:42:23.085+0700] {dag.py:4180} INFO - Setting next_dagrun for tutorial_taskflow_api to None, run_after=None
[2026-09-18T11:42:23.096+0700] {processor.py:208} INFO - Processing /Users/andreasanditya/Downloads/572392_Andreas_AirflowETL/code/.venv/lib/python3.9/site-packages/airflow/example_dags/tutorial_taskflow_api.py took 0.133 seconds
[2026-09-18T11:43:50.146+0700] {processor.py:186} INFO - Started process (PID=27343) to work on /Users/andreasanditya/Downloads/572392_Andreas_AirflowETL/code/.venv/lib/python3.9/site-packages/airflow/example_dags/tutorial_taskflow_api.py
[2026-09-18T11:43:50.147+0700] {processor.py:914} INFO - Processing file /Users/andreasanditya/Downloads/572392_Andreas_AirflowETL/code/.venv/lib/python3.9/site-packages/airflow/example_dags/tutorial_taskflow_api.py for tasks to queue
[2026-09-18T11:43:50.148+0700] {logging_mixin.py:190} INFO - [2026-09-18T11:43:50.148+0700] {dagbag.py:588} INFO - Filling up the DagBag from /Users/andreasanditya/Downloads/572392_Andreas_AirflowETL/code/.venv/lib/python3.9/site-packages/airflow/example_dags/tutorial_taskflow_api.py
[2026-09-18T11:43:50.202+0700] {processor.py:925} INFO - DAG(s) 'tutorial_taskflow_api' retrieved from /Users/andreasanditya/Downloads/572392_Andreas_AirflowETL/code/.venv/lib/python3.9/site-packages/airflow/example_dags/tutorial_taskflow_api.py
[2026-09-18T11:43:50.261+0700] {logging_mixin.py:190} INFO - [2026-09-18T11:43:50.261+0700] {dag.py:3239} INFO - Sync 1 DAGs
[2026-09-18T11:43:50.267+0700] {logging_mixin.py:190} INFO - [2026-09-18T11:43:50.267+0700] {dag.py:4180} INFO - Setting next_dagrun for tutorial_taskflow_api to None, run_after=None
[2026-09-18T11:43:50.277+0700] {processor.py:208} INFO - Processing /Users/andreasanditya/Downloads/572392_Andreas_AirflowETL/code/.venv/lib/python3.9/site-packages/airflow/example_dags/tutorial_taskflow_api.py took 0.134 seconds
[2026-09-18T11:45:17.268+0700] {processor.py:186} INFO - Started process (PID=28244) to work on /Users/andreasanditya/Downloads/572392_Andreas_AirflowETL/code/.venv/lib/python3.9/site-packages/airflow/example_dags/tutorial_taskflow_api.py
[2026-09-18T11:45:17.269+0700] {processor.py:914} INFO - Processing file /Users/andreasanditya/Downloads/572392_Andreas_AirflowETL/code/.venv/lib/python3.9/site-packages/airflow/example_dags/tutorial_taskflow_api.py for tasks to queue
[2026-09-18T11:45:17.270+0700] {logging_mixin.py:190} INFO - [2026-09-18T11:45:17.269+0700] {dagbag.py:588} INFO - Filling up the DagBag from /Users/andreasanditya/Downloads/572392_Andreas_AirflowETL/code/.venv/lib/python3.9/site-packages/airflow/example_dags/tutorial_taskflow_api.py
[2026-09-18T11:45:17.314+0700] {processor.py:925} INFO - DAG(s) 'tutorial_taskflow_api' retrieved from /Users/andreasanditya/Downloads/572392_Andreas_AirflowETL/code/.venv/lib/python3.9/site-packages/airflow/example_dags/tutorial_taskflow_api.py
[2026-09-18T11:45:17.376+0700] {logging_mixin.py:190} INFO - [2026-09-18T11:45:17.376+0700] {dag.py:3239} INFO - Sync 1 DAGs
[2026-09-18T11:45:17.383+0700] {logging_mixin.py:190} INFO - [2026-09-18T11:45:17.382+0700] {dag.py:4180} INFO - Setting next_dagrun for tutorial_taskflow_api to None, run_after=None
[2026-09-18T11:45:17.393+0700] {processor.py:208} INFO - Processing /Users/andreasanditya/Downloads/572392_Andreas_AirflowETL/code/.venv/lib/python3.9/site-packages/airflow/example_dags/tutorial_taskflow_api.py took 0.127 seconds
[2026-09-18T11:46:43.820+0700] {processor.py:186} INFO - Started process (PID=29066) to work on /Users/andreasanditya/Downloads/572392_Andreas_AirflowETL/code/.venv/lib/python3.9/site-packages/airflow/example_dags/tutorial_taskflow_api.py
[2026-09-18T11:46:43.821+0700] {processor.py:914} INFO - Processing file /Users/andreasanditya/Downloads/572392_Andreas_AirflowETL/code/.venv/lib/python3.9/site-packages/airflow/example_dags/tutorial_taskflow_api.py for tasks to queue
[2026-09-18T11:46:43.822+0700] {logging_mixin.py:190} INFO - [2026-09-18T11:46:43.822+0700] {dagbag.py:588} INFO - Filling up the DagBag from /Users/andreasanditya/Downloads/572392_Andreas_AirflowETL/code/.venv/lib/python3.9/site-packages/airflow/example_dags/tutorial_taskflow_api.py
[2026-09-18T11:46:43.868+0700] {processor.py:925} INFO - DAG(s) 'tutorial_taskflow_api' retrieved from /Users/andreasanditya/Downloads/572392_Andreas_AirflowETL/code/.venv/lib/python3.9/site-packages/airflow/example_dags/tutorial_taskflow_api.py
[2026-09-18T11:46:43.926+0700] {logging_mixin.py:190} INFO - [2026-09-18T11:46:43.925+0700] {dag.py:3239} INFO - Sync 1 DAGs
[2026-09-18T11:46:43.931+0700] {logging_mixin.py:190} INFO - [2026-09-18T11:46:43.931+0700] {dag.py:4180} INFO - Setting next_dagrun for tutorial_taskflow_api to None, run_after=None
[2026-09-18T11:46:43.941+0700] {processor.py:208} INFO - Processing /Users/andreasanditya/Downloads/572392_Andreas_AirflowETL/code/.venv/lib/python3.9/site-packages/airflow/example_dags/tutorial_taskflow_api.py took 0.123 seconds
[2026-09-18T11:48:10.558+0700] {processor.py:186} INFO - Started process (PID=29980) to work on /Users/andreasanditya/Downloads/572392_Andreas_AirflowETL/code/.venv/lib/python3.9/site-packages/airflow/example_dags/tutorial_taskflow_api.py
[2026-09-18T11:48:10.559+0700] {processor.py:914} INFO - Processing file /Users/andreasanditya/Downloads/572392_Andreas_AirflowETL/code/.venv/lib/python3.9/site-packages/airflow/example_dags/tutorial_taskflow_api.py for tasks to queue
[2026-09-18T11:48:10.559+0700] {logging_mixin.py:190} INFO - [2026-09-18T11:48:10.559+0700] {dagbag.py:588} INFO - Filling up the DagBag from /Users/andreasanditya/Downloads/572392_Andreas_AirflowETL/code/.venv/lib/python3.9/site-packages/airflow/example_dags/tutorial_taskflow_api.py
[2026-09-18T11:48:10.604+0700] {processor.py:925} INFO - DAG(s) 'tutorial_taskflow_api' retrieved from /Users/andreasanditya/Downloads/572392_Andreas_AirflowETL/code/.venv/lib/python3.9/site-packages/airflow/example_dags/tutorial_taskflow_api.py
[2026-09-18T11:48:10.663+0700] {logging_mixin.py:190} INFO - [2026-09-18T11:48:10.663+0700] {dag.py:3239} INFO - Sync 1 DAGs
[2026-09-18T11:48:10.669+0700] {logging_mixin.py:190} INFO - [2026-09-18T11:48:10.669+0700] {dag.py:4180} INFO - Setting next_dagrun for tutorial_taskflow_api to None, run_after=None
[2026-09-18T11:48:10.679+0700] {processor.py:208} INFO - Processing /Users/andreasanditya/Downloads/572392_Andreas_AirflowETL/code/.venv/lib/python3.9/site-packages/airflow/example_dags/tutorial_taskflow_api.py took 0.123 seconds
[2026-09-18T11:49:37.430+0700] {processor.py:186} INFO - Started process (PID=30816) to work on /Users/andreasanditya/Downloads/572392_Andreas_AirflowETL/code/.venv/lib/python3.9/site-packages/airflow/example_dags/tutorial_taskflow_api.py
[2026-09-18T11:49:37.431+0700] {processor.py:914} INFO - Processing file /Users/andreasanditya/Downloads/572392_Andreas_AirflowETL/code/.venv/lib/python3.9/site-packages/airflow/example_dags/tutorial_taskflow_api.py for tasks to queue
[2026-09-18T11:49:37.432+0700] {logging_mixin.py:190} INFO - [2026-09-18T11:49:37.432+0700] {dagbag.py:588} INFO - Filling up the DagBag from /Users/andreasanditya/Downloads/572392_Andreas_AirflowETL/code/.venv/lib/python3.9/site-packages/airflow/example_dags/tutorial_taskflow_api.py
[2026-09-18T11:49:37.483+0700] {processor.py:925} INFO - DAG(s) 'tutorial_taskflow_api' retrieved from /Users/andreasanditya/Downloads/572392_Andreas_AirflowETL/code/.venv/lib/python3.9/site-packages/airflow/example_dags/tutorial_taskflow_api.py
[2026-09-18T11:49:37.544+0700] {logging_mixin.py:190} INFO - [2026-09-18T11:49:37.544+0700] {dag.py:3239} INFO - Sync 1 DAGs
[2026-09-18T11:49:37.550+0700] {logging_mixin.py:190} INFO - [2026-09-18T11:49:37.550+0700] {dag.py:4180} INFO - Setting next_dagrun for tutorial_taskflow_api to None, run_after=None
[2026-09-18T11:49:37.561+0700] {processor.py:208} INFO - Processing /Users/andreasanditya/Downloads/572392_Andreas_AirflowETL/code/.venv/lib/python3.9/site-packages/airflow/example_dags/tutorial_taskflow_api.py took 0.133 seconds
[2026-09-18T11:51:03.449+0700] {processor.py:186} INFO - Started process (PID=31719) to work on /Users/andreasanditya/Downloads/572392_Andreas_AirflowETL/code/.venv/lib/python3.9/site-packages/airflow/example_dags/tutorial_taskflow_api.py
[2026-09-18T11:51:03.451+0700] {processor.py:914} INFO - Processing file /Users/andreasanditya/Downloads/572392_Andreas_AirflowETL/code/.venv/lib/python3.9/site-packages/airflow/example_dags/tutorial_taskflow_api.py for tasks to queue
[2026-09-18T11:51:03.451+0700] {logging_mixin.py:190} INFO - [2026-09-18T11:51:03.451+0700] {dagbag.py:588} INFO - Filling up the DagBag from /Users/andreasanditya/Downloads/572392_Andreas_AirflowETL/code/.venv/lib/python3.9/site-packages/airflow/example_dags/tutorial_taskflow_api.py
[2026-09-18T11:51:03.497+0700] {processor.py:925} INFO - DAG(s) 'tutorial_taskflow_api' retrieved from /Users/andreasanditya/Downloads/572392_Andreas_AirflowETL/code/.venv/lib/python3.9/site-packages/airflow/example_dags/tutorial_taskflow_api.py
[2026-09-18T11:51:03.555+0700] {logging_mixin.py:190} INFO - [2026-09-18T11:51:03.555+0700] {dag.py:3239} INFO - Sync 1 DAGs
[2026-09-18T11:51:03.561+0700] {logging_mixin.py:190} INFO - [2026-09-18T11:51:03.561+0700] {dag.py:4180} INFO - Setting next_dagrun for tutorial_taskflow_api to None, run_after=None
[2026-09-18T11:51:03.571+0700] {processor.py:208} INFO - Processing /Users/andreasanditya/Downloads/572392_Andreas_AirflowETL/code/.venv/lib/python3.9/site-packages/airflow/example_dags/tutorial_taskflow_api.py took 0.124 seconds
[2026-09-18T11:52:28.283+0700] {processor.py:186} INFO - Started process (PID=32539) to work on /Users/andreasanditya/Downloads/572392_Andreas_AirflowETL/code/.venv/lib/python3.9/site-packages/airflow/example_dags/tutorial_taskflow_api.py
[2026-09-18T11:52:28.284+0700] {processor.py:914} INFO - Processing file /Users/andreasanditya/Downloads/572392_Andreas_AirflowETL/code/.venv/lib/python3.9/site-packages/airflow/example_dags/tutorial_taskflow_api.py for tasks to queue
[2026-09-18T11:52:28.284+0700] {logging_mixin.py:190} INFO - [2026-09-18T11:52:28.284+0700] {dagbag.py:588} INFO - Filling up the DagBag from /Users/andreasanditya/Downloads/572392_Andreas_AirflowETL/code/.venv/lib/python3.9/site-packages/airflow/example_dags/tutorial_taskflow_api.py
[2026-09-18T11:52:28.329+0700] {processor.py:925} INFO - DAG(s) 'tutorial_taskflow_api' retrieved from /Users/andreasanditya/Downloads/572392_Andreas_AirflowETL/code/.venv/lib/python3.9/site-packages/airflow/example_dags/tutorial_taskflow_api.py
[2026-09-18T11:52:28.389+0700] {logging_mixin.py:190} INFO - [2026-09-18T11:52:28.389+0700] {dag.py:3239} INFO - Sync 1 DAGs
[2026-09-18T11:52:28.395+0700] {logging_mixin.py:190} INFO - [2026-09-18T11:52:28.395+0700] {dag.py:4180} INFO - Setting next_dagrun for tutorial_taskflow_api to None, run_after=None
[2026-09-18T11:52:28.405+0700] {processor.py:208} INFO - Processing /Users/andreasanditya/Downloads/572392_Andreas_AirflowETL/code/.venv/lib/python3.9/site-packages/airflow/example_dags/tutorial_taskflow_api.py took 0.125 seconds
[2026-09-18T11:53:55.285+0700] {processor.py:186} INFO - Started process (PID=33446) to work on /Users/andreasanditya/Downloads/572392_Andreas_AirflowETL/code/.venv/lib/python3.9/site-packages/airflow/example_dags/tutorial_taskflow_api.py
[2026-09-18T11:53:55.286+0700] {processor.py:914} INFO - Processing file /Users/andreasanditya/Downloads/572392_Andreas_AirflowETL/code/.venv/lib/python3.9/site-packages/airflow/example_dags/tutorial_taskflow_api.py for tasks to queue
[2026-09-18T11:53:55.287+0700] {logging_mixin.py:190} INFO - [2026-09-18T11:53:55.287+0700] {dagbag.py:588} INFO - Filling up the DagBag from /Users/andreasanditya/Downloads/572392_Andreas_AirflowETL/code/.venv/lib/python3.9/site-packages/airflow/example_dags/tutorial_taskflow_api.py
[2026-09-18T11:53:55.331+0700] {processor.py:925} INFO - DAG(s) 'tutorial_taskflow_api' retrieved from /Users/andreasanditya/Downloads/572392_Andreas_AirflowETL/code/.venv/lib/python3.9/site-packages/airflow/example_dags/tutorial_taskflow_api.py
[2026-09-18T11:53:55.392+0700] {logging_mixin.py:190} INFO - [2026-09-18T11:53:55.392+0700] {dag.py:3239} INFO - Sync 1 DAGs
[2026-09-18T11:53:55.399+0700] {logging_mixin.py:190} INFO - [2026-09-18T11:53:55.398+0700] {dag.py:4180} INFO - Setting next_dagrun for tutorial_taskflow_api to None, run_after=None
[2026-09-18T11:53:55.410+0700] {processor.py:208} INFO - Processing /Users/andreasanditya/Downloads/572392_Andreas_AirflowETL/code/.venv/lib/python3.9/site-packages/airflow/example_dags/tutorial_taskflow_api.py took 0.127 seconds
[2026-09-18T11:55:23.178+0700] {processor.py:186} INFO - Started process (PID=34363) to work on /Users/andreasanditya/Downloads/572392_Andreas_AirflowETL/code/.venv/lib/python3.9/site-packages/airflow/example_dags/tutorial_taskflow_api.py
[2026-09-18T11:55:23.179+0700] {processor.py:914} INFO - Processing file /Users/andreasanditya/Downloads/572392_Andreas_AirflowETL/code/.venv/lib/python3.9/site-packages/airflow/example_dags/tutorial_taskflow_api.py for tasks to queue
[2026-09-18T11:55:23.180+0700] {logging_mixin.py:190} INFO - [2026-09-18T11:55:23.179+0700] {dagbag.py:588} INFO - Filling up the DagBag from /Users/andreasanditya/Downloads/572392_Andreas_AirflowETL/code/.venv/lib/python3.9/site-packages/airflow/example_dags/tutorial_taskflow_api.py
[2026-09-18T11:55:23.224+0700] {processor.py:925} INFO - DAG(s) 'tutorial_taskflow_api' retrieved from /Users/andreasanditya/Downloads/572392_Andreas_AirflowETL/code/.venv/lib/python3.9/site-packages/airflow/example_dags/tutorial_taskflow_api.py
[2026-09-18T11:55:23.283+0700] {logging_mixin.py:190} INFO - [2026-09-18T11:55:23.283+0700] {dag.py:3239} INFO - Sync 1 DAGs
[2026-09-18T11:55:23.288+0700] {logging_mixin.py:190} INFO - [2026-09-18T11:55:23.288+0700] {dag.py:4180} INFO - Setting next_dagrun for tutorial_taskflow_api to None, run_after=None
[2026-09-18T11:55:23.298+0700] {processor.py:208} INFO - Processing /Users/andreasanditya/Downloads/572392_Andreas_AirflowETL/code/.venv/lib/python3.9/site-packages/airflow/example_dags/tutorial_taskflow_api.py took 0.122 seconds
[2026-09-18T11:56:49.856+0700] {processor.py:186} INFO - Started process (PID=35190) to work on /Users/andreasanditya/Downloads/572392_Andreas_AirflowETL/code/.venv/lib/python3.9/site-packages/airflow/example_dags/tutorial_taskflow_api.py
[2026-09-18T11:56:49.857+0700] {processor.py:914} INFO - Processing file /Users/andreasanditya/Downloads/572392_Andreas_AirflowETL/code/.venv/lib/python3.9/site-packages/airflow/example_dags/tutorial_taskflow_api.py for tasks to queue
[2026-09-18T11:56:49.858+0700] {logging_mixin.py:190} INFO - [2026-09-18T11:56:49.858+0700] {dagbag.py:588} INFO - Filling up the DagBag from /Users/andreasanditya/Downloads/572392_Andreas_AirflowETL/code/.venv/lib/python3.9/site-packages/airflow/example_dags/tutorial_taskflow_api.py
[2026-09-18T11:56:49.904+0700] {processor.py:925} INFO - DAG(s) 'tutorial_taskflow_api' retrieved from /Users/andreasanditya/Downloads/572392_Andreas_AirflowETL/code/.venv/lib/python3.9/site-packages/airflow/example_dags/tutorial_taskflow_api.py
[2026-09-18T11:56:49.962+0700] {logging_mixin.py:190} INFO - [2026-09-18T11:56:49.962+0700] {dag.py:3239} INFO - Sync 1 DAGs
[2026-09-18T11:56:49.968+0700] {logging_mixin.py:190} INFO - [2026-09-18T11:56:49.968+0700] {dag.py:4180} INFO - Setting next_dagrun for tutorial_taskflow_api to None, run_after=None
[2026-09-18T11:56:49.978+0700] {processor.py:208} INFO - Processing /Users/andreasanditya/Downloads/572392_Andreas_AirflowETL/code/.venv/lib/python3.9/site-packages/airflow/example_dags/tutorial_taskflow_api.py took 0.124 seconds
[2026-09-18T11:58:16.422+0700] {processor.py:186} INFO - Started process (PID=36101) to work on /Users/andreasanditya/Downloads/572392_Andreas_AirflowETL/code/.venv/lib/python3.9/site-packages/airflow/example_dags/tutorial_taskflow_api.py
[2026-09-18T11:58:16.423+0700] {processor.py:914} INFO - Processing file /Users/andreasanditya/Downloads/572392_Andreas_AirflowETL/code/.venv/lib/python3.9/site-packages/airflow/example_dags/tutorial_taskflow_api.py for tasks to queue
[2026-09-18T11:58:16.424+0700] {logging_mixin.py:190} INFO - [2026-09-18T11:58:16.424+0700] {dagbag.py:588} INFO - Filling up the DagBag from /Users/andreasanditya/Downloads/572392_Andreas_AirflowETL/code/.venv/lib/python3.9/site-packages/airflow/example_dags/tutorial_taskflow_api.py
[2026-09-18T11:58:16.468+0700] {processor.py:925} INFO - DAG(s) 'tutorial_taskflow_api' retrieved from /Users/andreasanditya/Downloads/572392_Andreas_AirflowETL/code/.venv/lib/python3.9/site-packages/airflow/example_dags/tutorial_taskflow_api.py
[2026-09-18T11:58:16.526+0700] {logging_mixin.py:190} INFO - [2026-09-18T11:58:16.526+0700] {dag.py:3239} INFO - Sync 1 DAGs
[2026-09-18T11:58:16.532+0700] {logging_mixin.py:190} INFO - [2026-09-18T11:58:16.532+0700] {dag.py:4180} INFO - Setting next_dagrun for tutorial_taskflow_api to None, run_after=None
[2026-09-18T11:58:16.541+0700] {processor.py:208} INFO - Processing /Users/andreasanditya/Downloads/572392_Andreas_AirflowETL/code/.venv/lib/python3.9/site-packages/airflow/example_dags/tutorial_taskflow_api.py took 0.121 seconds
[2026-09-18T11:59:41.465+0700] {processor.py:186} INFO - Started process (PID=36927) to work on /Users/andreasanditya/Downloads/572392_Andreas_AirflowETL/code/.venv/lib/python3.9/site-packages/airflow/example_dags/tutorial_taskflow_api.py
[2026-09-18T11:59:41.466+0700] {processor.py:914} INFO - Processing file /Users/andreasanditya/Downloads/572392_Andreas_AirflowETL/code/.venv/lib/python3.9/site-packages/airflow/example_dags/tutorial_taskflow_api.py for tasks to queue
[2026-09-18T11:59:41.467+0700] {logging_mixin.py:190} INFO - [2026-09-18T11:59:41.467+0700] {dagbag.py:588} INFO - Filling up the DagBag from /Users/andreasanditya/Downloads/572392_Andreas_AirflowETL/code/.venv/lib/python3.9/site-packages/airflow/example_dags/tutorial_taskflow_api.py
[2026-09-18T11:59:41.512+0700] {processor.py:925} INFO - DAG(s) 'tutorial_taskflow_api' retrieved from /Users/andreasanditya/Downloads/572392_Andreas_AirflowETL/code/.venv/lib/python3.9/site-packages/airflow/example_dags/tutorial_taskflow_api.py
[2026-09-18T11:59:41.570+0700] {logging_mixin.py:190} INFO - [2026-09-18T11:59:41.570+0700] {dag.py:3239} INFO - Sync 1 DAGs
[2026-09-18T11:59:41.576+0700] {logging_mixin.py:190} INFO - [2026-09-18T11:59:41.576+0700] {dag.py:4180} INFO - Setting next_dagrun for tutorial_taskflow_api to None, run_after=None
[2026-09-18T11:59:41.586+0700] {processor.py:208} INFO - Processing /Users/andreasanditya/Downloads/572392_Andreas_AirflowETL/code/.venv/lib/python3.9/site-packages/airflow/example_dags/tutorial_taskflow_api.py took 0.122 seconds
[2026-09-18T12:01:07.515+0700] {processor.py:186} INFO - Started process (PID=37833) to work on /Users/andreasanditya/Downloads/572392_Andreas_AirflowETL/code/.venv/lib/python3.9/site-packages/airflow/example_dags/tutorial_taskflow_api.py
[2026-09-18T12:01:07.516+0700] {processor.py:914} INFO - Processing file /Users/andreasanditya/Downloads/572392_Andreas_AirflowETL/code/.venv/lib/python3.9/site-packages/airflow/example_dags/tutorial_taskflow_api.py for tasks to queue
[2026-09-18T12:01:07.517+0700] {logging_mixin.py:190} INFO - [2026-09-18T12:01:07.517+0700] {dagbag.py:588} INFO - Filling up the DagBag from /Users/andreasanditya/Downloads/572392_Andreas_AirflowETL/code/.venv/lib/python3.9/site-packages/airflow/example_dags/tutorial_taskflow_api.py
[2026-09-18T12:01:07.562+0700] {processor.py:925} INFO - DAG(s) 'tutorial_taskflow_api' retrieved from /Users/andreasanditya/Downloads/572392_Andreas_AirflowETL/code/.venv/lib/python3.9/site-packages/airflow/example_dags/tutorial_taskflow_api.py
[2026-09-18T12:01:07.621+0700] {logging_mixin.py:190} INFO - [2026-09-18T12:01:07.620+0700] {dag.py:3239} INFO - Sync 1 DAGs
[2026-09-18T12:01:07.626+0700] {logging_mixin.py:190} INFO - [2026-09-18T12:01:07.626+0700] {dag.py:4180} INFO - Setting next_dagrun for tutorial_taskflow_api to None, run_after=None
[2026-09-18T12:01:07.636+0700] {processor.py:208} INFO - Processing /Users/andreasanditya/Downloads/572392_Andreas_AirflowETL/code/.venv/lib/python3.9/site-packages/airflow/example_dags/tutorial_taskflow_api.py took 0.124 seconds
[2026-09-18T12:02:35.326+0700] {processor.py:186} INFO - Started process (PID=38654) to work on /Users/andreasanditya/Downloads/572392_Andreas_AirflowETL/code/.venv/lib/python3.9/site-packages/airflow/example_dags/tutorial_taskflow_api.py
[2026-09-18T12:02:35.327+0700] {processor.py:914} INFO - Processing file /Users/andreasanditya/Downloads/572392_Andreas_AirflowETL/code/.venv/lib/python3.9/site-packages/airflow/example_dags/tutorial_taskflow_api.py for tasks to queue
[2026-09-18T12:02:35.327+0700] {logging_mixin.py:190} INFO - [2026-09-18T12:02:35.327+0700] {dagbag.py:588} INFO - Filling up the DagBag from /Users/andreasanditya/Downloads/572392_Andreas_AirflowETL/code/.venv/lib/python3.9/site-packages/airflow/example_dags/tutorial_taskflow_api.py
[2026-09-18T12:02:35.374+0700] {processor.py:925} INFO - DAG(s) 'tutorial_taskflow_api' retrieved from /Users/andreasanditya/Downloads/572392_Andreas_AirflowETL/code/.venv/lib/python3.9/site-packages/airflow/example_dags/tutorial_taskflow_api.py
[2026-09-18T12:02:35.433+0700] {logging_mixin.py:190} INFO - [2026-09-18T12:02:35.432+0700] {dag.py:3239} INFO - Sync 1 DAGs
[2026-09-18T12:02:35.438+0700] {logging_mixin.py:190} INFO - [2026-09-18T12:02:35.438+0700] {dag.py:4180} INFO - Setting next_dagrun for tutorial_taskflow_api to None, run_after=None
[2026-09-18T12:02:35.449+0700] {processor.py:208} INFO - Processing /Users/andreasanditya/Downloads/572392_Andreas_AirflowETL/code/.venv/lib/python3.9/site-packages/airflow/example_dags/tutorial_taskflow_api.py took 0.126 seconds
[2026-09-18T12:04:01.721+0700] {processor.py:186} INFO - Started process (PID=39589) to work on /Users/andreasanditya/Downloads/572392_Andreas_AirflowETL/code/.venv/lib/python3.9/site-packages/airflow/example_dags/tutorial_taskflow_api.py
[2026-09-18T12:04:01.722+0700] {processor.py:914} INFO - Processing file /Users/andreasanditya/Downloads/572392_Andreas_AirflowETL/code/.venv/lib/python3.9/site-packages/airflow/example_dags/tutorial_taskflow_api.py for tasks to queue
[2026-09-18T12:04:01.723+0700] {logging_mixin.py:190} INFO - [2026-09-18T12:04:01.723+0700] {dagbag.py:588} INFO - Filling up the DagBag from /Users/andreasanditya/Downloads/572392_Andreas_AirflowETL/code/.venv/lib/python3.9/site-packages/airflow/example_dags/tutorial_taskflow_api.py
[2026-09-18T12:04:01.778+0700] {processor.py:925} INFO - DAG(s) 'tutorial_taskflow_api' retrieved from /Users/andreasanditya/Downloads/572392_Andreas_AirflowETL/code/.venv/lib/python3.9/site-packages/airflow/example_dags/tutorial_taskflow_api.py
[2026-09-18T12:04:01.842+0700] {logging_mixin.py:190} INFO - [2026-09-18T12:04:01.842+0700] {dag.py:3239} INFO - Sync 1 DAGs
[2026-09-18T12:04:01.848+0700] {logging_mixin.py:190} INFO - [2026-09-18T12:04:01.848+0700] {dag.py:4180} INFO - Setting next_dagrun for tutorial_taskflow_api to None, run_after=None
[2026-09-18T12:04:01.858+0700] {processor.py:208} INFO - Processing /Users/andreasanditya/Downloads/572392_Andreas_AirflowETL/code/.venv/lib/python3.9/site-packages/airflow/example_dags/tutorial_taskflow_api.py took 0.139 seconds
[2026-09-18T12:05:28.439+0700] {processor.py:186} INFO - Started process (PID=40417) to work on /Users/andreasanditya/Downloads/572392_Andreas_AirflowETL/code/.venv/lib/python3.9/site-packages/airflow/example_dags/tutorial_taskflow_api.py
[2026-09-18T12:05:28.439+0700] {processor.py:914} INFO - Processing file /Users/andreasanditya/Downloads/572392_Andreas_AirflowETL/code/.venv/lib/python3.9/site-packages/airflow/example_dags/tutorial_taskflow_api.py for tasks to queue
[2026-09-18T12:05:28.440+0700] {logging_mixin.py:190} INFO - [2026-09-18T12:05:28.440+0700] {dagbag.py:588} INFO - Filling up the DagBag from /Users/andreasanditya/Downloads/572392_Andreas_AirflowETL/code/.venv/lib/python3.9/site-packages/airflow/example_dags/tutorial_taskflow_api.py
[2026-09-18T12:05:28.485+0700] {processor.py:925} INFO - DAG(s) 'tutorial_taskflow_api' retrieved from /Users/andreasanditya/Downloads/572392_Andreas_AirflowETL/code/.venv/lib/python3.9/site-packages/airflow/example_dags/tutorial_taskflow_api.py
[2026-09-18T12:05:28.544+0700] {logging_mixin.py:190} INFO - [2026-09-18T12:05:28.544+0700] {dag.py:3239} INFO - Sync 1 DAGs
[2026-09-18T12:05:28.550+0700] {logging_mixin.py:190} INFO - [2026-09-18T12:05:28.550+0700] {dag.py:4180} INFO - Setting next_dagrun for tutorial_taskflow_api to None, run_after=None
[2026-09-18T12:05:28.560+0700] {processor.py:208} INFO - Processing /Users/andreasanditya/Downloads/572392_Andreas_AirflowETL/code/.venv/lib/python3.9/site-packages/airflow/example_dags/tutorial_taskflow_api.py took 0.124 seconds
[2026-09-18T12:06:56.048+0700] {processor.py:186} INFO - Started process (PID=41336) to work on /Users/andreasanditya/Downloads/572392_Andreas_AirflowETL/code/.venv/lib/python3.9/site-packages/airflow/example_dags/tutorial_taskflow_api.py
[2026-09-18T12:06:56.049+0700] {processor.py:914} INFO - Processing file /Users/andreasanditya/Downloads/572392_Andreas_AirflowETL/code/.venv/lib/python3.9/site-packages/airflow/example_dags/tutorial_taskflow_api.py for tasks to queue
[2026-09-18T12:06:56.050+0700] {logging_mixin.py:190} INFO - [2026-09-18T12:06:56.049+0700] {dagbag.py:588} INFO - Filling up the DagBag from /Users/andreasanditya/Downloads/572392_Andreas_AirflowETL/code/.venv/lib/python3.9/site-packages/airflow/example_dags/tutorial_taskflow_api.py
[2026-09-18T12:06:56.096+0700] {processor.py:925} INFO - DAG(s) 'tutorial_taskflow_api' retrieved from /Users/andreasanditya/Downloads/572392_Andreas_AirflowETL/code/.venv/lib/python3.9/site-packages/airflow/example_dags/tutorial_taskflow_api.py
[2026-09-18T12:06:56.154+0700] {logging_mixin.py:190} INFO - [2026-09-18T12:06:56.154+0700] {dag.py:3239} INFO - Sync 1 DAGs
[2026-09-18T12:06:56.160+0700] {logging_mixin.py:190} INFO - [2026-09-18T12:06:56.160+0700] {dag.py:4180} INFO - Setting next_dagrun for tutorial_taskflow_api to None, run_after=None
[2026-09-18T12:06:56.169+0700] {processor.py:208} INFO - Processing /Users/andreasanditya/Downloads/572392_Andreas_AirflowETL/code/.venv/lib/python3.9/site-packages/airflow/example_dags/tutorial_taskflow_api.py took 0.124 seconds
[2026-09-18T12:08:23.714+0700] {processor.py:186} INFO - Started process (PID=42230) to work on /Users/andreasanditya/Downloads/572392_Andreas_AirflowETL/code/.venv/lib/python3.9/site-packages/airflow/example_dags/tutorial_taskflow_api.py
[2026-09-18T12:08:23.714+0700] {processor.py:914} INFO - Processing file /Users/andreasanditya/Downloads/572392_Andreas_AirflowETL/code/.venv/lib/python3.9/site-packages/airflow/example_dags/tutorial_taskflow_api.py for tasks to queue
[2026-09-18T12:08:23.715+0700] {logging_mixin.py:190} INFO - [2026-09-18T12:08:23.715+0700] {dagbag.py:588} INFO - Filling up the DagBag from /Users/andreasanditya/Downloads/572392_Andreas_AirflowETL/code/.venv/lib/python3.9/site-packages/airflow/example_dags/tutorial_taskflow_api.py
[2026-09-18T12:08:23.761+0700] {processor.py:925} INFO - DAG(s) 'tutorial_taskflow_api' retrieved from /Users/andreasanditya/Downloads/572392_Andreas_AirflowETL/code/.venv/lib/python3.9/site-packages/airflow/example_dags/tutorial_taskflow_api.py
[2026-09-18T12:08:23.819+0700] {logging_mixin.py:190} INFO - [2026-09-18T12:08:23.819+0700] {dag.py:3239} INFO - Sync 1 DAGs
[2026-09-18T12:08:23.825+0700] {logging_mixin.py:190} INFO - [2026-09-18T12:08:23.825+0700] {dag.py:4180} INFO - Setting next_dagrun for tutorial_taskflow_api to None, run_after=None
[2026-09-18T12:08:23.835+0700] {processor.py:208} INFO - Processing /Users/andreasanditya/Downloads/572392_Andreas_AirflowETL/code/.venv/lib/python3.9/site-packages/airflow/example_dags/tutorial_taskflow_api.py took 0.123 seconds
[2026-09-18T12:09:51.160+0700] {processor.py:186} INFO - Started process (PID=43068) to work on /Users/andreasanditya/Downloads/572392_Andreas_AirflowETL/code/.venv/lib/python3.9/site-packages/airflow/example_dags/tutorial_taskflow_api.py
[2026-09-18T12:09:51.161+0700] {processor.py:914} INFO - Processing file /Users/andreasanditya/Downloads/572392_Andreas_AirflowETL/code/.venv/lib/python3.9/site-packages/airflow/example_dags/tutorial_taskflow_api.py for tasks to queue
[2026-09-18T12:09:51.161+0700] {logging_mixin.py:190} INFO - [2026-09-18T12:09:51.161+0700] {dagbag.py:588} INFO - Filling up the DagBag from /Users/andreasanditya/Downloads/572392_Andreas_AirflowETL/code/.venv/lib/python3.9/site-packages/airflow/example_dags/tutorial_taskflow_api.py
[2026-09-18T12:09:51.210+0700] {processor.py:925} INFO - DAG(s) 'tutorial_taskflow_api' retrieved from /Users/andreasanditya/Downloads/572392_Andreas_AirflowETL/code/.venv/lib/python3.9/site-packages/airflow/example_dags/tutorial_taskflow_api.py
[2026-09-18T12:09:51.269+0700] {logging_mixin.py:190} INFO - [2026-09-18T12:09:51.269+0700] {dag.py:3239} INFO - Sync 1 DAGs
[2026-09-18T12:09:51.276+0700] {logging_mixin.py:190} INFO - [2026-09-18T12:09:51.276+0700] {dag.py:4180} INFO - Setting next_dagrun for tutorial_taskflow_api to None, run_after=None
[2026-09-18T12:09:51.286+0700] {processor.py:208} INFO - Processing /Users/andreasanditya/Downloads/572392_Andreas_AirflowETL/code/.venv/lib/python3.9/site-packages/airflow/example_dags/tutorial_taskflow_api.py took 0.128 seconds
[2026-09-18T12:11:16.631+0700] {processor.py:186} INFO - Started process (PID=43982) to work on /Users/andreasanditya/Downloads/572392_Andreas_AirflowETL/code/.venv/lib/python3.9/site-packages/airflow/example_dags/tutorial_taskflow_api.py
[2026-09-18T12:11:16.632+0700] {processor.py:914} INFO - Processing file /Users/andreasanditya/Downloads/572392_Andreas_AirflowETL/code/.venv/lib/python3.9/site-packages/airflow/example_dags/tutorial_taskflow_api.py for tasks to queue
[2026-09-18T12:11:16.633+0700] {logging_mixin.py:190} INFO - [2026-09-18T12:11:16.633+0700] {dagbag.py:588} INFO - Filling up the DagBag from /Users/andreasanditya/Downloads/572392_Andreas_AirflowETL/code/.venv/lib/python3.9/site-packages/airflow/example_dags/tutorial_taskflow_api.py
[2026-09-18T12:11:16.680+0700] {processor.py:925} INFO - DAG(s) 'tutorial_taskflow_api' retrieved from /Users/andreasanditya/Downloads/572392_Andreas_AirflowETL/code/.venv/lib/python3.9/site-packages/airflow/example_dags/tutorial_taskflow_api.py
[2026-09-18T12:11:16.738+0700] {logging_mixin.py:190} INFO - [2026-09-18T12:11:16.738+0700] {dag.py:3239} INFO - Sync 1 DAGs
[2026-09-18T12:11:16.744+0700] {logging_mixin.py:190} INFO - [2026-09-18T12:11:16.744+0700] {dag.py:4180} INFO - Setting next_dagrun for tutorial_taskflow_api to None, run_after=None
[2026-09-18T12:11:16.754+0700] {processor.py:208} INFO - Processing /Users/andreasanditya/Downloads/572392_Andreas_AirflowETL/code/.venv/lib/python3.9/site-packages/airflow/example_dags/tutorial_taskflow_api.py took 0.124 seconds
[2026-09-18T12:12:46.515+0700] {processor.py:186} INFO - Started process (PID=45520) to work on /Users/andreasanditya/Downloads/572392_Andreas_AirflowETL/code/.venv/lib/python3.9/site-packages/airflow/example_dags/tutorial_taskflow_api.py
[2026-09-18T12:12:46.517+0700] {processor.py:914} INFO - Processing file /Users/andreasanditya/Downloads/572392_Andreas_AirflowETL/code/.venv/lib/python3.9/site-packages/airflow/example_dags/tutorial_taskflow_api.py for tasks to queue
[2026-09-18T12:12:46.517+0700] {logging_mixin.py:190} INFO - [2026-09-18T12:12:46.517+0700] {dagbag.py:588} INFO - Filling up the DagBag from /Users/andreasanditya/Downloads/572392_Andreas_AirflowETL/code/.venv/lib/python3.9/site-packages/airflow/example_dags/tutorial_taskflow_api.py
[2026-09-18T12:12:46.568+0700] {processor.py:925} INFO - DAG(s) 'tutorial_taskflow_api' retrieved from /Users/andreasanditya/Downloads/572392_Andreas_AirflowETL/code/.venv/lib/python3.9/site-packages/airflow/example_dags/tutorial_taskflow_api.py
[2026-09-18T12:12:46.628+0700] {logging_mixin.py:190} INFO - [2026-09-18T12:12:46.627+0700] {dag.py:3239} INFO - Sync 1 DAGs
[2026-09-18T12:12:46.634+0700] {logging_mixin.py:190} INFO - [2026-09-18T12:12:46.633+0700] {dag.py:4180} INFO - Setting next_dagrun for tutorial_taskflow_api to None, run_after=None
[2026-09-18T12:12:46.643+0700] {processor.py:208} INFO - Processing /Users/andreasanditya/Downloads/572392_Andreas_AirflowETL/code/.venv/lib/python3.9/site-packages/airflow/example_dags/tutorial_taskflow_api.py took 0.131 seconds
[2026-09-18T12:14:15.679+0700] {processor.py:186} INFO - Started process (PID=46565) to work on /Users/andreasanditya/Downloads/572392_Andreas_AirflowETL/code/.venv/lib/python3.9/site-packages/airflow/example_dags/tutorial_taskflow_api.py
[2026-09-18T12:14:15.680+0700] {processor.py:914} INFO - Processing file /Users/andreasanditya/Downloads/572392_Andreas_AirflowETL/code/.venv/lib/python3.9/site-packages/airflow/example_dags/tutorial_taskflow_api.py for tasks to queue
[2026-09-18T12:14:15.681+0700] {logging_mixin.py:190} INFO - [2026-09-18T12:14:15.681+0700] {dagbag.py:588} INFO - Filling up the DagBag from /Users/andreasanditya/Downloads/572392_Andreas_AirflowETL/code/.venv/lib/python3.9/site-packages/airflow/example_dags/tutorial_taskflow_api.py
[2026-09-18T12:14:15.725+0700] {processor.py:925} INFO - DAG(s) 'tutorial_taskflow_api' retrieved from /Users/andreasanditya/Downloads/572392_Andreas_AirflowETL/code/.venv/lib/python3.9/site-packages/airflow/example_dags/tutorial_taskflow_api.py
[2026-09-18T12:14:15.784+0700] {logging_mixin.py:190} INFO - [2026-09-18T12:14:15.784+0700] {dag.py:3239} INFO - Sync 1 DAGs
[2026-09-18T12:14:15.790+0700] {logging_mixin.py:190} INFO - [2026-09-18T12:14:15.790+0700] {dag.py:4180} INFO - Setting next_dagrun for tutorial_taskflow_api to None, run_after=None
[2026-09-18T12:14:15.800+0700] {processor.py:208} INFO - Processing /Users/andreasanditya/Downloads/572392_Andreas_AirflowETL/code/.venv/lib/python3.9/site-packages/airflow/example_dags/tutorial_taskflow_api.py took 0.123 seconds
[2026-09-18T12:15:42.962+0700] {processor.py:186} INFO - Started process (PID=48044) to work on /Users/andreasanditya/Downloads/572392_Andreas_AirflowETL/code/.venv/lib/python3.9/site-packages/airflow/example_dags/tutorial_taskflow_api.py
[2026-09-18T12:15:42.963+0700] {processor.py:914} INFO - Processing file /Users/andreasanditya/Downloads/572392_Andreas_AirflowETL/code/.venv/lib/python3.9/site-packages/airflow/example_dags/tutorial_taskflow_api.py for tasks to queue
[2026-09-18T12:15:42.964+0700] {logging_mixin.py:190} INFO - [2026-09-18T12:15:42.964+0700] {dagbag.py:588} INFO - Filling up the DagBag from /Users/andreasanditya/Downloads/572392_Andreas_AirflowETL/code/.venv/lib/python3.9/site-packages/airflow/example_dags/tutorial_taskflow_api.py
[2026-09-18T12:15:43.012+0700] {processor.py:925} INFO - DAG(s) 'tutorial_taskflow_api' retrieved from /Users/andreasanditya/Downloads/572392_Andreas_AirflowETL/code/.venv/lib/python3.9/site-packages/airflow/example_dags/tutorial_taskflow_api.py
[2026-09-18T12:15:43.074+0700] {logging_mixin.py:190} INFO - [2026-09-18T12:15:43.074+0700] {dag.py:3239} INFO - Sync 1 DAGs
[2026-09-18T12:15:43.081+0700] {logging_mixin.py:190} INFO - [2026-09-18T12:15:43.081+0700] {dag.py:4180} INFO - Setting next_dagrun for tutorial_taskflow_api to None, run_after=None
[2026-09-18T12:15:43.091+0700] {processor.py:208} INFO - Processing /Users/andreasanditya/Downloads/572392_Andreas_AirflowETL/code/.venv/lib/python3.9/site-packages/airflow/example_dags/tutorial_taskflow_api.py took 0.131 seconds
[2026-09-18T12:17:11.016+0700] {processor.py:186} INFO - Started process (PID=49395) to work on /Users/andreasanditya/Downloads/572392_Andreas_AirflowETL/code/.venv/lib/python3.9/site-packages/airflow/example_dags/tutorial_taskflow_api.py
[2026-09-18T12:17:11.018+0700] {processor.py:914} INFO - Processing file /Users/andreasanditya/Downloads/572392_Andreas_AirflowETL/code/.venv/lib/python3.9/site-packages/airflow/example_dags/tutorial_taskflow_api.py for tasks to queue
[2026-09-18T12:17:11.018+0700] {logging_mixin.py:190} INFO - [2026-09-18T12:17:11.018+0700] {dagbag.py:588} INFO - Filling up the DagBag from /Users/andreasanditya/Downloads/572392_Andreas_AirflowETL/code/.venv/lib/python3.9/site-packages/airflow/example_dags/tutorial_taskflow_api.py
[2026-09-18T12:17:11.065+0700] {processor.py:925} INFO - DAG(s) 'tutorial_taskflow_api' retrieved from /Users/andreasanditya/Downloads/572392_Andreas_AirflowETL/code/.venv/lib/python3.9/site-packages/airflow/example_dags/tutorial_taskflow_api.py
[2026-09-18T12:17:11.124+0700] {logging_mixin.py:190} INFO - [2026-09-18T12:17:11.124+0700] {dag.py:3239} INFO - Sync 1 DAGs
[2026-09-18T12:17:11.130+0700] {logging_mixin.py:190} INFO - [2026-09-18T12:17:11.129+0700] {dag.py:4180} INFO - Setting next_dagrun for tutorial_taskflow_api to None, run_after=None
[2026-09-18T12:17:11.140+0700] {processor.py:208} INFO - Processing /Users/andreasanditya/Downloads/572392_Andreas_AirflowETL/code/.venv/lib/python3.9/site-packages/airflow/example_dags/tutorial_taskflow_api.py took 0.126 seconds
