[2026-09-18T11:16:50.636+0700] {processor.py:186} INFO - Started process (PID=10251) to work on /Users/andreasanditya/Downloads/572392_Andreas_AirflowETL/code/.venv/lib/python3.9/site-packages/airflow/example_dags/tutorial_dag.py
[2026-09-18T11:16:50.636+0700] {processor.py:914} INFO - Processing file /Users/andreasanditya/Downloads/572392_Andreas_AirflowETL/code/.venv/lib/python3.9/site-packages/airflow/example_dags/tutorial_dag.py for tasks to queue
[2026-09-18T11:16:50.637+0700] {logging_mixin.py:190} INFO - [2026-09-18T11:16:50.637+0700] {dagbag.py:588} INFO - Filling up the DagBag from /Users/andreasanditya/Downloads/572392_Andreas_AirflowETL/code/.venv/lib/python3.9/site-packages/airflow/example_dags/tutorial_dag.py
[2026-09-18T11:16:50.687+0700] {processor.py:925} INFO - DAG(s) 'tutorial_dag' retrieved from /Users/andreasanditya/Downloads/572392_Andreas_AirflowETL/code/.venv/lib/python3.9/site-packages/airflow/example_dags/tutorial_dag.py
[2026-09-18T11:16:50.797+0700] {logging_mixin.py:190} INFO - [2026-09-18T11:16:50.796+0700] {override.py:1912} INFO - Created Permission View: can edit on DAG:tutorial_dag
[2026-09-18T11:16:50.802+0700] {logging_mixin.py:190} INFO - [2026-09-18T11:16:50.801+0700] {override.py:1912} INFO - Created Permission View: can delete on DAG:tutorial_dag
[2026-09-18T11:16:50.805+0700] {logging_mixin.py:190} INFO - [2026-09-18T11:16:50.805+0700] {override.py:1912} INFO - Created Permission View: can read on DAG:tutorial_dag
[2026-09-18T11:16:50.809+0700] {logging_mixin.py:190} INFO - [2026-09-18T11:16:50.808+0700] {override.py:1912} INFO - Created Permission View: can delete on DAG Run:tutorial_dag
[2026-09-18T11:16:50.811+0700] {logging_mixin.py:190} INFO - [2026-09-18T11:16:50.811+0700] {override.py:1912} INFO - Created Permission View: can read on DAG Run:tutorial_dag
[2026-09-18T11:16:50.814+0700] {logging_mixin.py:190} INFO - [2026-09-18T11:16:50.814+0700] {override.py:1912} INFO - Created Permission View: can create on DAG Run:tutorial_dag
[2026-09-18T11:16:50.817+0700] {logging_mixin.py:190} INFO - [2026-09-18T11:16:50.817+0700] {override.py:1912} INFO - Created Permission View: menu access on DAG Run:tutorial_dag
[2026-09-18T11:16:50.818+0700] {logging_mixin.py:190} INFO - [2026-09-18T11:16:50.817+0700] {dag.py:3239} INFO - Sync 1 DAGs
[2026-09-18T11:16:50.824+0700] {logging_mixin.py:190} INFO - [2026-09-18T11:16:50.824+0700] {dag.py:3262} INFO - Creating ORM DAG for tutorial_dag
[2026-09-18T11:16:50.825+0700] {logging_mixin.py:190} INFO - [2026-09-18T11:16:50.825+0700] {dag.py:4180} INFO - Setting next_dagrun for tutorial_dag to None, run_after=None
[2026-09-18T11:16:50.834+0700] {processor.py:208} INFO - Processing /Users/andreasanditya/Downloads/572392_Andreas_AirflowETL/code/.venv/lib/python3.9/site-packages/airflow/example_dags/tutorial_dag.py took 0.201 seconds
[2026-09-18T11:19:08.493+0700] {processor.py:186} INFO - Started process (PID=11751) to work on /Users/andreasanditya/Downloads/572392_Andreas_AirflowETL/code/.venv/lib/python3.9/site-packages/airflow/example_dags/tutorial_dag.py
[2026-09-18T11:19:08.494+0700] {processor.py:914} INFO - Processing file /Users/andreasanditya/Downloads/572392_Andreas_AirflowETL/code/.venv/lib/python3.9/site-packages/airflow/example_dags/tutorial_dag.py for tasks to queue
[2026-09-18T11:19:08.495+0700] {logging_mixin.py:190} INFO - [2026-09-18T11:19:08.495+0700] {dagbag.py:588} INFO - Filling up the DagBag from /Users/andreasanditya/Downloads/572392_Andreas_AirflowETL/code/.venv/lib/python3.9/site-packages/airflow/example_dags/tutorial_dag.py
[2026-09-18T11:19:08.538+0700] {processor.py:925} INFO - DAG(s) 'tutorial_dag' retrieved from /Users/andreasanditya/Downloads/572392_Andreas_AirflowETL/code/.venv/lib/python3.9/site-packages/airflow/example_dags/tutorial_dag.py
[2026-09-18T11:19:08.601+0700] {logging_mixin.py:190} INFO - [2026-09-18T11:19:08.601+0700] {dag.py:3239} INFO - Sync 1 DAGs
[2026-09-18T11:19:08.608+0700] {logging_mixin.py:190} INFO - [2026-09-18T11:19:08.608+0700] {dag.py:4180} INFO - Setting next_dagrun for tutorial_dag to None, run_after=None
[2026-09-18T11:19:08.618+0700] {processor.py:208} INFO - Processing /Users/andreasanditya/Downloads/572392_Andreas_AirflowETL/code/.venv/lib/python3.9/site-packages/airflow/example_dags/tutorial_dag.py took 0.128 seconds
[2026-09-18T11:20:40.858+0700] {processor.py:186} INFO - Started process (PID=12736) to work on /Users/andreasanditya/Downloads/572392_Andreas_AirflowETL/code/.venv/lib/python3.9/site-packages/airflow/example_dags/tutorial_dag.py
[2026-09-18T11:20:40.859+0700] {processor.py:914} INFO - Processing file /Users/andreasanditya/Downloads/572392_Andreas_AirflowETL/code/.venv/lib/python3.9/site-packages/airflow/example_dags/tutorial_dag.py for tasks to queue
[2026-09-18T11:20:40.860+0700] {logging_mixin.py:190} INFO - [2026-09-18T11:20:40.860+0700] {dagbag.py:588} INFO - Filling up the DagBag from /Users/andreasanditya/Downloads/572392_Andreas_AirflowETL/code/.venv/lib/python3.9/site-packages/airflow/example_dags/tutorial_dag.py
[2026-09-18T11:20:40.900+0700] {processor.py:925} INFO - DAG(s) 'tutorial_dag' retrieved from /Users/andreasanditya/Downloads/572392_Andreas_AirflowETL/code/.venv/lib/python3.9/site-packages/airflow/example_dags/tutorial_dag.py
[2026-09-18T11:20:40.960+0700] {logging_mixin.py:190} INFO - [2026-09-18T11:20:40.959+0700] {dag.py:3239} INFO - Sync 1 DAGs
[2026-09-18T11:20:40.966+0700] {logging_mixin.py:190} INFO - [2026-09-18T11:20:40.966+0700] {dag.py:4180} INFO - Setting next_dagrun for tutorial_dag to None, run_after=None
[2026-09-18T11:20:40.976+0700] {processor.py:208} INFO - Processing /Users/andreasanditya/Downloads/572392_Andreas_AirflowETL/code/.venv/lib/python3.9/site-packages/airflow/example_dags/tutorial_dag.py took 0.120 seconds
[2026-09-18T11:22:09.587+0700] {processor.py:186} INFO - Started process (PID=13693) to work on /Users/andreasanditya/Downloads/572392_Andreas_AirflowETL/code/.venv/lib/python3.9/site-packages/airflow/example_dags/tutorial_dag.py
[2026-09-18T11:22:09.588+0700] {processor.py:914} INFO - Processing file /Users/andreasanditya/Downloads/572392_Andreas_AirflowETL/code/.venv/lib/python3.9/site-packages/airflow/example_dags/tutorial_dag.py for tasks to queue
[2026-09-18T11:22:09.589+0700] {logging_mixin.py:190} INFO - [2026-09-18T11:22:09.588+0700] {dagbag.py:588} INFO - Filling up the DagBag from /Users/andreasanditya/Downloads/572392_Andreas_AirflowETL/code/.venv/lib/python3.9/site-packages/airflow/example_dags/tutorial_dag.py
[2026-09-18T11:22:09.631+0700] {processor.py:925} INFO - DAG(s) 'tutorial_dag' retrieved from /Users/andreasanditya/Downloads/572392_Andreas_AirflowETL/code/.venv/lib/python3.9/site-packages/airflow/example_dags/tutorial_dag.py
[2026-09-18T11:22:09.695+0700] {logging_mixin.py:190} INFO - [2026-09-18T11:22:09.695+0700] {dag.py:3239} INFO - Sync 1 DAGs
[2026-09-18T11:22:09.704+0700] {logging_mixin.py:190} INFO - [2026-09-18T11:22:09.704+0700] {dag.py:4180} INFO - Setting next_dagrun for tutorial_dag to None, run_after=None
[2026-09-18T11:22:09.717+0700] {processor.py:208} INFO - Processing /Users/andreasanditya/Downloads/572392_Andreas_AirflowETL/code/.venv/lib/python3.9/site-packages/airflow/example_dags/tutorial_dag.py took 0.132 seconds
[2026-09-18T11:22:40.214+0700] {processor.py:186} INFO - Started process (PID=14043) to work on /Users/andreasanditya/Downloads/572392_Andreas_AirflowETL/code/.venv/lib/python3.9/site-packages/airflow/example_dags/tutorial_dag.py
[2026-09-18T11:22:40.214+0700] {processor.py:914} INFO - Processing file /Users/andreasanditya/Downloads/572392_Andreas_AirflowETL/code/.venv/lib/python3.9/site-packages/airflow/example_dags/tutorial_dag.py for tasks to queue
[2026-09-18T11:22:40.215+0700] {logging_mixin.py:190} INFO - [2026-09-18T11:22:40.215+0700] {dagbag.py:588} INFO - Filling up the DagBag from /Users/andreasanditya/Downloads/572392_Andreas_AirflowETL/code/.venv/lib/python3.9/site-packages/airflow/example_dags/tutorial_dag.py
[2026-09-18T11:22:40.257+0700] {processor.py:925} INFO - DAG(s) 'tutorial_dag' retrieved from /Users/andreasanditya/Downloads/572392_Andreas_AirflowETL/code/.venv/lib/python3.9/site-packages/airflow/example_dags/tutorial_dag.py
[2026-09-18T11:22:40.318+0700] {logging_mixin.py:190} INFO - [2026-09-18T11:22:40.318+0700] {dag.py:3239} INFO - Sync 1 DAGs
[2026-09-18T11:22:40.324+0700] {logging_mixin.py:190} INFO - [2026-09-18T11:22:40.324+0700] {dag.py:4180} INFO - Setting next_dagrun for tutorial_dag to None, run_after=None
[2026-09-18T11:22:40.335+0700] {processor.py:208} INFO - Processing /Users/andreasanditya/Downloads/572392_Andreas_AirflowETL/code/.venv/lib/python3.9/site-packages/airflow/example_dags/tutorial_dag.py took 0.123 seconds
[2026-09-18T11:24:06.005+0700] {processor.py:186} INFO - Started process (PID=15024) to work on /Users/andreasanditya/Downloads/572392_Andreas_AirflowETL/code/.venv/lib/python3.9/site-packages/airflow/example_dags/tutorial_dag.py
[2026-09-18T11:24:06.006+0700] {processor.py:914} INFO - Processing file /Users/andreasanditya/Downloads/572392_Andreas_AirflowETL/code/.venv/lib/python3.9/site-packages/airflow/example_dags/tutorial_dag.py for tasks to queue
[2026-09-18T11:24:06.007+0700] {logging_mixin.py:190} INFO - [2026-09-18T11:24:06.006+0700] {dagbag.py:588} INFO - Filling up the DagBag from /Users/andreasanditya/Downloads/572392_Andreas_AirflowETL/code/.venv/lib/python3.9/site-packages/airflow/example_dags/tutorial_dag.py
[2026-09-18T11:24:06.050+0700] {processor.py:925} INFO - DAG(s) 'tutorial_dag' retrieved from /Users/andreasanditya/Downloads/572392_Andreas_AirflowETL/code/.venv/lib/python3.9/site-packages/airflow/example_dags/tutorial_dag.py
[2026-09-18T11:24:06.113+0700] {logging_mixin.py:190} INFO - [2026-09-18T11:24:06.113+0700] {dag.py:3239} INFO - Sync 1 DAGs
[2026-09-18T11:24:06.119+0700] {logging_mixin.py:190} INFO - [2026-09-18T11:24:06.119+0700] {dag.py:4180} INFO - Setting next_dagrun for tutorial_dag to None, run_after=None
[2026-09-18T11:24:06.130+0700] {processor.py:208} INFO - Processing /Users/andreasanditya/Downloads/572392_Andreas_AirflowETL/code/.venv/lib/python3.9/site-packages/airflow/example_dags/tutorial_dag.py took 0.127 seconds
[2026-09-18T11:26:10.106+0700] {processor.py:186} INFO - Started process (PID=16373) to work on /Users/andreasanditya/Downloads/572392_Andreas_AirflowETL/code/.venv/lib/python3.9/site-packages/airflow/example_dags/tutorial_dag.py
[2026-09-18T11:26:10.107+0700] {processor.py:914} INFO - Processing file /Users/andreasanditya/Downloads/572392_Andreas_AirflowETL/code/.venv/lib/python3.9/site-packages/airflow/example_dags/tutorial_dag.py for tasks to queue
[2026-09-18T11:26:10.108+0700] {logging_mixin.py:190} INFO - [2026-09-18T11:26:10.108+0700] {dagbag.py:588} INFO - Filling up the DagBag from /Users/andreasanditya/Downloads/572392_Andreas_AirflowETL/code/.venv/lib/python3.9/site-packages/airflow/example_dags/tutorial_dag.py
[2026-09-18T11:26:10.159+0700] {processor.py:925} INFO - DAG(s) 'tutorial_dag' retrieved from /Users/andreasanditya/Downloads/572392_Andreas_AirflowETL/code/.venv/lib/python3.9/site-packages/airflow/example_dags/tutorial_dag.py
[2026-09-18T11:26:10.228+0700] {logging_mixin.py:190} INFO - [2026-09-18T11:26:10.228+0700] {dag.py:3239} INFO - Sync 1 DAGs
[2026-09-18T11:26:10.235+0700] {logging_mixin.py:190} INFO - [2026-09-18T11:26:10.235+0700] {dag.py:4180} INFO - Setting next_dagrun for tutorial_dag to None, run_after=None
[2026-09-18T11:26:10.245+0700] {processor.py:208} INFO - Processing /Users/andreasanditya/Downloads/572392_Andreas_AirflowETL/code/.venv/lib/python3.9/site-packages/airflow/example_dags/tutorial_dag.py took 0.141 seconds
[2026-09-18T11:27:43.739+0700] {processor.py:186} INFO - Started process (PID=17281) to work on /Users/andreasanditya/Downloads/572392_Andreas_AirflowETL/code/.venv/lib/python3.9/site-packages/airflow/example_dags/tutorial_dag.py
[2026-09-18T11:27:43.740+0700] {processor.py:914} INFO - Processing file /Users/andreasanditya/Downloads/572392_Andreas_AirflowETL/code/.venv/lib/python3.9/site-packages/airflow/example_dags/tutorial_dag.py for tasks to queue
[2026-09-18T11:27:43.741+0700] {logging_mixin.py:190} INFO - [2026-09-18T11:27:43.741+0700] {dagbag.py:588} INFO - Filling up the DagBag from /Users/andreasanditya/Downloads/572392_Andreas_AirflowETL/code/.venv/lib/python3.9/site-packages/airflow/example_dags/tutorial_dag.py
[2026-09-18T11:27:43.790+0700] {processor.py:925} INFO - DAG(s) 'tutorial_dag' retrieved from /Users/andreasanditya/Downloads/572392_Andreas_AirflowETL/code/.venv/lib/python3.9/site-packages/airflow/example_dags/tutorial_dag.py
[2026-09-18T11:27:43.851+0700] {logging_mixin.py:190} INFO - [2026-09-18T11:27:43.851+0700] {dag.py:3239} INFO - Sync 1 DAGs
[2026-09-18T11:27:43.857+0700] {logging_mixin.py:190} INFO - [2026-09-18T11:27:43.857+0700] {dag.py:4180} INFO - Setting next_dagrun for tutorial_dag to None, run_after=None
[2026-09-18T11:27:43.867+0700] {processor.py:208} INFO - Processing /Users/andreasanditya/Downloads/572392_Andreas_AirflowETL/code/.venv/lib/python3.9/site-packages/airflow/example_dags/tutorial_dag.py took 0.129 seconds
[2026-09-18T11:29:11.869+0700] {processor.py:186} INFO - Started process (PID=18213) to work on /Users/andreasanditya/Downloads/572392_Andreas_AirflowETL/code/.venv/lib/python3.9/site-packages/airflow/example_dags/tutorial_dag.py
[2026-09-18T11:29:11.870+0700] {processor.py:914} INFO - Processing file /Users/andreasanditya/Downloads/572392_Andreas_AirflowETL/code/.venv/lib/python3.9/site-packages/airflow/example_dags/tutorial_dag.py for tasks to queue
[2026-09-18T11:29:11.871+0700] {logging_mixin.py:190} INFO - [2026-09-18T11:29:11.871+0700] {dagbag.py:588} INFO - Filling up the DagBag from /Users/andreasanditya/Downloads/572392_Andreas_AirflowETL/code/.venv/lib/python3.9/site-packages/airflow/example_dags/tutorial_dag.py
[2026-09-18T11:29:11.913+0700] {processor.py:925} INFO - DAG(s) 'tutorial_dag' retrieved from /Users/andreasanditya/Downloads/572392_Andreas_AirflowETL/code/.venv/lib/python3.9/site-packages/airflow/example_dags/tutorial_dag.py
[2026-09-18T11:29:11.972+0700] {logging_mixin.py:190} INFO - [2026-09-18T11:29:11.972+0700] {dag.py:3239} INFO - Sync 1 DAGs
[2026-09-18T11:29:11.979+0700] {logging_mixin.py:190} INFO - [2026-09-18T11:29:11.978+0700] {dag.py:4180} INFO - Setting next_dagrun for tutorial_dag to None, run_after=None
[2026-09-18T11:29:11.989+0700] {processor.py:208} INFO - Processing /Users/andreasanditya/Downloads/572392_Andreas_AirflowETL/code/.venv/lib/python3.9/site-packages/airflow/example_dags/tutorial_dag.py took 0.122 seconds
[2026-09-18T11:30:41.604+0700] {processor.py:186} INFO - Started process (PID=19096) to work on /Users/andreasanditya/Downloads/572392_Andreas_AirflowETL/code/.venv/lib/python3.9/site-packages/airflow/example_dags/tutorial_dag.py
[2026-09-18T11:30:41.605+0700] {processor.py:914} INFO - Processing file /Users/andreasanditya/Downloads/572392_Andreas_AirflowETL/code/.venv/lib/python3.9/site-packages/airflow/example_dags/tutorial_dag.py for tasks to queue
[2026-09-18T11:30:41.606+0700] {logging_mixin.py:190} INFO - [2026-09-18T11:30:41.606+0700] {dagbag.py:588} INFO - Filling up the DagBag from /Users/andreasanditya/Downloads/572392_Andreas_AirflowETL/code/.venv/lib/python3.9/site-packages/airflow/example_dags/tutorial_dag.py
[2026-09-18T11:30:41.649+0700] {processor.py:925} INFO - DAG(s) 'tutorial_dag' retrieved from /Users/andreasanditya/Downloads/572392_Andreas_AirflowETL/code/.venv/lib/python3.9/site-packages/airflow/example_dags/tutorial_dag.py
[2026-09-18T11:30:41.709+0700] {logging_mixin.py:190} INFO - [2026-09-18T11:30:41.708+0700] {dag.py:3239} INFO - Sync 1 DAGs
[2026-09-18T11:30:41.715+0700] {logging_mixin.py:190} INFO - [2026-09-18T11:30:41.715+0700] {dag.py:4180} INFO - Setting next_dagrun for tutorial_dag to None, run_after=None
[2026-09-18T11:30:41.724+0700] {processor.py:208} INFO - Processing /Users/andreasanditya/Downloads/572392_Andreas_AirflowETL/code/.venv/lib/python3.9/site-packages/airflow/example_dags/tutorial_dag.py took 0.123 seconds
[2026-09-18T11:32:09.743+0700] {processor.py:186} INFO - Started process (PID=20006) to work on /Users/andreasanditya/Downloads/572392_Andreas_AirflowETL/code/.venv/lib/python3.9/site-packages/airflow/example_dags/tutorial_dag.py
[2026-09-18T11:32:09.744+0700] {processor.py:914} INFO - Processing file /Users/andreasanditya/Downloads/572392_Andreas_AirflowETL/code/.venv/lib/python3.9/site-packages/airflow/example_dags/tutorial_dag.py for tasks to queue
[2026-09-18T11:32:09.745+0700] {logging_mixin.py:190} INFO - [2026-09-18T11:32:09.745+0700] {dagbag.py:588} INFO - Filling up the DagBag from /Users/andreasanditya/Downloads/572392_Andreas_AirflowETL/code/.venv/lib/python3.9/site-packages/airflow/example_dags/tutorial_dag.py
[2026-09-18T11:32:09.787+0700] {processor.py:925} INFO - DAG(s) 'tutorial_dag' retrieved from /Users/andreasanditya/Downloads/572392_Andreas_AirflowETL/code/.venv/lib/python3.9/site-packages/airflow/example_dags/tutorial_dag.py
[2026-09-18T11:32:09.846+0700] {logging_mixin.py:190} INFO - [2026-09-18T11:32:09.846+0700] {dag.py:3239} INFO - Sync 1 DAGs
[2026-09-18T11:32:09.852+0700] {logging_mixin.py:190} INFO - [2026-09-18T11:32:09.852+0700] {dag.py:4180} INFO - Setting next_dagrun for tutorial_dag to None, run_after=None
[2026-09-18T11:32:09.862+0700] {processor.py:208} INFO - Processing /Users/andreasanditya/Downloads/572392_Andreas_AirflowETL/code/.venv/lib/python3.9/site-packages/airflow/example_dags/tutorial_dag.py took 0.122 seconds
[2026-09-18T11:33:38.040+0700] {processor.py:186} INFO - Started process (PID=21011) to work on /Users/andreasanditya/Downloads/572392_Andreas_AirflowETL/code/.venv/lib/python3.9/site-packages/airflow/example_dags/tutorial_dag.py
[2026-09-18T11:33:38.041+0700] {processor.py:914} INFO - Processing file /Users/andreasanditya/Downloads/572392_Andreas_AirflowETL/code/.venv/lib/python3.9/site-packages/airflow/example_dags/tutorial_dag.py for tasks to queue
[2026-09-18T11:33:38.042+0700] {logging_mixin.py:190} INFO - [2026-09-18T11:33:38.042+0700] {dagbag.py:588} INFO - Filling up the DagBag from /Users/andreasanditya/Downloads/572392_Andreas_AirflowETL/code/.venv/lib/python3.9/site-packages/airflow/example_dags/tutorial_dag.py
[2026-09-18T11:33:38.088+0700] {processor.py:925} INFO - DAG(s) 'tutorial_dag' retrieved from /Users/andreasanditya/Downloads/572392_Andreas_AirflowETL/code/.venv/lib/python3.9/site-packages/airflow/example_dags/tutorial_dag.py
[2026-09-18T11:33:38.150+0700] {logging_mixin.py:190} INFO - [2026-09-18T11:33:38.149+0700] {dag.py:3239} INFO - Sync 1 DAGs
[2026-09-18T11:33:38.156+0700] {logging_mixin.py:190} INFO - [2026-09-18T11:33:38.156+0700] {dag.py:4180} INFO - Setting next_dagrun for tutorial_dag to None, run_after=None
[2026-09-18T11:33:38.166+0700] {processor.py:208} INFO - Processing /Users/andreasanditya/Downloads/572392_Andreas_AirflowETL/code/.venv/lib/python3.9/site-packages/airflow/example_dags/tutorial_dag.py took 0.129 seconds
[2026-09-18T11:35:05.819+0700] {processor.py:186} INFO - Started process (PID=21880) to work on /Users/andreasanditya/Downloads/572392_Andreas_AirflowETL/code/.venv/lib/python3.9/site-packages/airflow/example_dags/tutorial_dag.py
[2026-09-18T11:35:05.821+0700] {processor.py:914} INFO - Processing file /Users/andreasanditya/Downloads/572392_Andreas_AirflowETL/code/.venv/lib/python3.9/site-packages/airflow/example_dags/tutorial_dag.py for tasks to queue
[2026-09-18T11:35:05.822+0700] {logging_mixin.py:190} INFO - [2026-09-18T11:35:05.822+0700] {dagbag.py:588} INFO - Filling up the DagBag from /Users/andreasanditya/Downloads/572392_Andreas_AirflowETL/code/.venv/lib/python3.9/site-packages/airflow/example_dags/tutorial_dag.py
[2026-09-18T11:35:05.883+0700] {processor.py:925} INFO - DAG(s) 'tutorial_dag' retrieved from /Users/andreasanditya/Downloads/572392_Andreas_AirflowETL/code/.venv/lib/python3.9/site-packages/airflow/example_dags/tutorial_dag.py
[2026-09-18T11:35:05.952+0700] {logging_mixin.py:190} INFO - [2026-09-18T11:35:05.951+0700] {dag.py:3239} INFO - Sync 1 DAGs
[2026-09-18T11:35:05.959+0700] {logging_mixin.py:190} INFO - [2026-09-18T11:35:05.959+0700] {dag.py:4180} INFO - Setting next_dagrun for tutorial_dag to None, run_after=None
[2026-09-18T11:35:05.972+0700] {processor.py:208} INFO - Processing /Users/andreasanditya/Downloads/572392_Andreas_AirflowETL/code/.venv/lib/python3.9/site-packages/airflow/example_dags/tutorial_dag.py took 0.156 seconds
[2026-09-18T11:36:33.201+0700] {processor.py:186} INFO - Started process (PID=22839) to work on /Users/andreasanditya/Downloads/572392_Andreas_AirflowETL/code/.venv/lib/python3.9/site-packages/airflow/example_dags/tutorial_dag.py
[2026-09-18T11:36:33.202+0700] {processor.py:914} INFO - Processing file /Users/andreasanditya/Downloads/572392_Andreas_AirflowETL/code/.venv/lib/python3.9/site-packages/airflow/example_dags/tutorial_dag.py for tasks to queue
[2026-09-18T11:36:33.202+0700] {logging_mixin.py:190} INFO - [2026-09-18T11:36:33.202+0700] {dagbag.py:588} INFO - Filling up the DagBag from /Users/andreasanditya/Downloads/572392_Andreas_AirflowETL/code/.venv/lib/python3.9/site-packages/airflow/example_dags/tutorial_dag.py
[2026-09-18T11:36:33.246+0700] {processor.py:925} INFO - DAG(s) 'tutorial_dag' retrieved from /Users/andreasanditya/Downloads/572392_Andreas_AirflowETL/code/.venv/lib/python3.9/site-packages/airflow/example_dags/tutorial_dag.py
[2026-09-18T11:36:33.305+0700] {logging_mixin.py:190} INFO - [2026-09-18T11:36:33.305+0700] {dag.py:3239} INFO - Sync 1 DAGs
[2026-09-18T11:36:33.311+0700] {logging_mixin.py:190} INFO - [2026-09-18T11:36:33.311+0700] {dag.py:4180} INFO - Setting next_dagrun for tutorial_dag to None, run_after=None
[2026-09-18T11:36:33.321+0700] {processor.py:208} INFO - Processing /Users/andreasanditya/Downloads/572392_Andreas_AirflowETL/code/.venv/lib/python3.9/site-packages/airflow/example_dags/tutorial_dag.py took 0.122 seconds
[2026-09-18T11:38:01.100+0700] {processor.py:186} INFO - Started process (PID=23822) to work on /Users/andreasanditya/Downloads/572392_Andreas_AirflowETL/code/.venv/lib/python3.9/site-packages/airflow/example_dags/tutorial_dag.py
[2026-09-18T11:38:01.101+0700] {processor.py:914} INFO - Processing file /Users/andreasanditya/Downloads/572392_Andreas_AirflowETL/code/.venv/lib/python3.9/site-packages/airflow/example_dags/tutorial_dag.py for tasks to queue
[2026-09-18T11:38:01.102+0700] {logging_mixin.py:190} INFO - [2026-09-18T11:38:01.102+0700] {dagbag.py:588} INFO - Filling up the DagBag from /Users/andreasanditya/Downloads/572392_Andreas_AirflowETL/code/.venv/lib/python3.9/site-packages/airflow/example_dags/tutorial_dag.py
[2026-09-18T11:38:01.143+0700] {processor.py:925} INFO - DAG(s) 'tutorial_dag' retrieved from /Users/andreasanditya/Downloads/572392_Andreas_AirflowETL/code/.venv/lib/python3.9/site-packages/airflow/example_dags/tutorial_dag.py
[2026-09-18T11:38:01.202+0700] {logging_mixin.py:190} INFO - [2026-09-18T11:38:01.202+0700] {dag.py:3239} INFO - Sync 1 DAGs
[2026-09-18T11:38:01.208+0700] {logging_mixin.py:190} INFO - [2026-09-18T11:38:01.208+0700] {dag.py:4180} INFO - Setting next_dagrun for tutorial_dag to None, run_after=None
[2026-09-18T11:38:01.218+0700] {processor.py:208} INFO - Processing /Users/andreasanditya/Downloads/572392_Andreas_AirflowETL/code/.venv/lib/python3.9/site-packages/airflow/example_dags/tutorial_dag.py took 0.119 seconds
[2026-09-18T11:39:27.411+0700] {processor.py:186} INFO - Started process (PID=24644) to work on /Users/andreasanditya/Downloads/572392_Andreas_AirflowETL/code/.venv/lib/python3.9/site-packages/airflow/example_dags/tutorial_dag.py
[2026-09-18T11:39:27.412+0700] {processor.py:914} INFO - Processing file /Users/andreasanditya/Downloads/572392_Andreas_AirflowETL/code/.venv/lib/python3.9/site-packages/airflow/example_dags/tutorial_dag.py for tasks to queue
[2026-09-18T11:39:27.412+0700] {logging_mixin.py:190} INFO - [2026-09-18T11:39:27.412+0700] {dagbag.py:588} INFO - Filling up the DagBag from /Users/andreasanditya/Downloads/572392_Andreas_AirflowETL/code/.venv/lib/python3.9/site-packages/airflow/example_dags/tutorial_dag.py
[2026-09-18T11:39:27.453+0700] {processor.py:925} INFO - DAG(s) 'tutorial_dag' retrieved from /Users/andreasanditya/Downloads/572392_Andreas_AirflowETL/code/.venv/lib/python3.9/site-packages/airflow/example_dags/tutorial_dag.py
[2026-09-18T11:39:27.513+0700] {logging_mixin.py:190} INFO - [2026-09-18T11:39:27.513+0700] {dag.py:3239} INFO - Sync 1 DAGs
[2026-09-18T11:39:27.519+0700] {logging_mixin.py:190} INFO - [2026-09-18T11:39:27.519+0700] {dag.py:4180} INFO - Setting next_dagrun for tutorial_dag to None, run_after=None
[2026-09-18T11:39:27.530+0700] {processor.py:208} INFO - Processing /Users/andreasanditya/Downloads/572392_Andreas_AirflowETL/code/.venv/lib/python3.9/site-packages/airflow/example_dags/tutorial_dag.py took 0.121 seconds
[2026-09-18T11:40:55.376+0700] {processor.py:186} INFO - Started process (PID=25591) to work on /Users/andreasanditya/Downloads/572392_Andreas_AirflowETL/code/.venv/lib/python3.9/site-packages/airflow/example_dags/tutorial_dag.py
[2026-09-18T11:40:55.378+0700] {processor.py:914} INFO - Processing file /Users/andreasanditya/Downloads/572392_Andreas_AirflowETL/code/.venv/lib/python3.9/site-packages/airflow/example_dags/tutorial_dag.py for tasks to queue
[2026-09-18T11:40:55.379+0700] {logging_mixin.py:190} INFO - [2026-09-18T11:40:55.379+0700] {dagbag.py:588} INFO - Filling up the DagBag from /Users/andreasanditya/Downloads/572392_Andreas_AirflowETL/code/.venv/lib/python3.9/site-packages/airflow/example_dags/tutorial_dag.py
[2026-09-18T11:40:55.424+0700] {processor.py:925} INFO - DAG(s) 'tutorial_dag' retrieved from /Users/andreasanditya/Downloads/572392_Andreas_AirflowETL/code/.venv/lib/python3.9/site-packages/airflow/example_dags/tutorial_dag.py
[2026-09-18T11:40:55.484+0700] {logging_mixin.py:190} INFO - [2026-09-18T11:40:55.484+0700] {dag.py:3239} INFO - Sync 1 DAGs
[2026-09-18T11:40:55.490+0700] {logging_mixin.py:190} INFO - [2026-09-18T11:40:55.490+0700] {dag.py:4180} INFO - Setting next_dagrun for tutorial_dag to None, run_after=None
[2026-09-18T11:40:55.501+0700] {processor.py:208} INFO - Processing /Users/andreasanditya/Downloads/572392_Andreas_AirflowETL/code/.venv/lib/python3.9/site-packages/airflow/example_dags/tutorial_dag.py took 0.126 seconds
[2026-09-18T11:42:27.417+0700] {processor.py:186} INFO - Started process (PID=26528) to work on /Users/andreasanditya/Downloads/572392_Andreas_AirflowETL/code/.venv/lib/python3.9/site-packages/airflow/example_dags/tutorial_dag.py
[2026-09-18T11:42:27.418+0700] {processor.py:914} INFO - Processing file /Users/andreasanditya/Downloads/572392_Andreas_AirflowETL/code/.venv/lib/python3.9/site-packages/airflow/example_dags/tutorial_dag.py for tasks to queue
[2026-09-18T11:42:27.419+0700] {logging_mixin.py:190} INFO - [2026-09-18T11:42:27.419+0700] {dagbag.py:588} INFO - Filling up the DagBag from /Users/andreasanditya/Downloads/572392_Andreas_AirflowETL/code/.venv/lib/python3.9/site-packages/airflow/example_dags/tutorial_dag.py
[2026-09-18T11:42:27.460+0700] {processor.py:925} INFO - DAG(s) 'tutorial_dag' retrieved from /Users/andreasanditya/Downloads/572392_Andreas_AirflowETL/code/.venv/lib/python3.9/site-packages/airflow/example_dags/tutorial_dag.py
[2026-09-18T11:42:27.523+0700] {logging_mixin.py:190} INFO - [2026-09-18T11:42:27.523+0700] {dag.py:3239} INFO - Sync 1 DAGs
[2026-09-18T11:42:27.529+0700] {logging_mixin.py:190} INFO - [2026-09-18T11:42:27.529+0700] {dag.py:4180} INFO - Setting next_dagrun for tutorial_dag to None, run_after=None
[2026-09-18T11:42:27.540+0700] {processor.py:208} INFO - Processing /Users/andreasanditya/Downloads/572392_Andreas_AirflowETL/code/.venv/lib/python3.9/site-packages/airflow/example_dags/tutorial_dag.py took 0.125 seconds
[2026-09-18T11:43:54.392+0700] {processor.py:186} INFO - Started process (PID=27441) to work on /Users/andreasanditya/Downloads/572392_Andreas_AirflowETL/code/.venv/lib/python3.9/site-packages/airflow/example_dags/tutorial_dag.py
[2026-09-18T11:43:54.393+0700] {processor.py:914} INFO - Processing file /Users/andreasanditya/Downloads/572392_Andreas_AirflowETL/code/.venv/lib/python3.9/site-packages/airflow/example_dags/tutorial_dag.py for tasks to queue
[2026-09-18T11:43:54.394+0700] {logging_mixin.py:190} INFO - [2026-09-18T11:43:54.393+0700] {dagbag.py:588} INFO - Filling up the DagBag from /Users/andreasanditya/Downloads/572392_Andreas_AirflowETL/code/.venv/lib/python3.9/site-packages/airflow/example_dags/tutorial_dag.py
[2026-09-18T11:43:54.432+0700] {processor.py:925} INFO - DAG(s) 'tutorial_dag' retrieved from /Users/andreasanditya/Downloads/572392_Andreas_AirflowETL/code/.venv/lib/python3.9/site-packages/airflow/example_dags/tutorial_dag.py
[2026-09-18T11:43:54.491+0700] {logging_mixin.py:190} INFO - [2026-09-18T11:43:54.491+0700] {dag.py:3239} INFO - Sync 1 DAGs
[2026-09-18T11:43:54.498+0700] {logging_mixin.py:190} INFO - [2026-09-18T11:43:54.497+0700] {dag.py:4180} INFO - Setting next_dagrun for tutorial_dag to None, run_after=None
[2026-09-18T11:43:54.508+0700] {processor.py:208} INFO - Processing /Users/andreasanditya/Downloads/572392_Andreas_AirflowETL/code/.venv/lib/python3.9/site-packages/airflow/example_dags/tutorial_dag.py took 0.118 seconds
[2026-09-18T11:45:21.521+0700] {processor.py:186} INFO - Started process (PID=28249) to work on /Users/andreasanditya/Downloads/572392_Andreas_AirflowETL/code/.venv/lib/python3.9/site-packages/airflow/example_dags/tutorial_dag.py
[2026-09-18T11:45:21.522+0700] {processor.py:914} INFO - Processing file /Users/andreasanditya/Downloads/572392_Andreas_AirflowETL/code/.venv/lib/python3.9/site-packages/airflow/example_dags/tutorial_dag.py for tasks to queue
[2026-09-18T11:45:21.523+0700] {logging_mixin.py:190} INFO - [2026-09-18T11:45:21.523+0700] {dagbag.py:588} INFO - Filling up the DagBag from /Users/andreasanditya/Downloads/572392_Andreas_AirflowETL/code/.venv/lib/python3.9/site-packages/airflow/example_dags/tutorial_dag.py
[2026-09-18T11:45:21.564+0700] {processor.py:925} INFO - DAG(s) 'tutorial_dag' retrieved from /Users/andreasanditya/Downloads/572392_Andreas_AirflowETL/code/.venv/lib/python3.9/site-packages/airflow/example_dags/tutorial_dag.py
[2026-09-18T11:45:21.627+0700] {logging_mixin.py:190} INFO - [2026-09-18T11:45:21.627+0700] {dag.py:3239} INFO - Sync 1 DAGs
[2026-09-18T11:45:21.633+0700] {logging_mixin.py:190} INFO - [2026-09-18T11:45:21.633+0700] {dag.py:4180} INFO - Setting next_dagrun for tutorial_dag to None, run_after=None
[2026-09-18T11:45:21.643+0700] {processor.py:208} INFO - Processing /Users/andreasanditya/Downloads/572392_Andreas_AirflowETL/code/.venv/lib/python3.9/site-packages/airflow/example_dags/tutorial_dag.py took 0.123 seconds
[2026-09-18T11:46:48.020+0700] {processor.py:186} INFO - Started process (PID=29151) to work on /Users/andreasanditya/Downloads/572392_Andreas_AirflowETL/code/.venv/lib/python3.9/site-packages/airflow/example_dags/tutorial_dag.py
[2026-09-18T11:46:48.020+0700] {processor.py:914} INFO - Processing file /Users/andreasanditya/Downloads/572392_Andreas_AirflowETL/code/.venv/lib/python3.9/site-packages/airflow/example_dags/tutorial_dag.py for tasks to queue
[2026-09-18T11:46:48.021+0700] {logging_mixin.py:190} INFO - [2026-09-18T11:46:48.021+0700] {dagbag.py:588} INFO - Filling up the DagBag from /Users/andreasanditya/Downloads/572392_Andreas_AirflowETL/code/.venv/lib/python3.9/site-packages/airflow/example_dags/tutorial_dag.py
[2026-09-18T11:46:48.060+0700] {processor.py:925} INFO - DAG(s) 'tutorial_dag' retrieved from /Users/andreasanditya/Downloads/572392_Andreas_AirflowETL/code/.venv/lib/python3.9/site-packages/airflow/example_dags/tutorial_dag.py
[2026-09-18T11:46:48.119+0700] {logging_mixin.py:190} INFO - [2026-09-18T11:46:48.119+0700] {dag.py:3239} INFO - Sync 1 DAGs
[2026-09-18T11:46:48.125+0700] {logging_mixin.py:190} INFO - [2026-09-18T11:46:48.125+0700] {dag.py:4180} INFO - Setting next_dagrun for tutorial_dag to None, run_after=None
[2026-09-18T11:46:48.135+0700] {processor.py:208} INFO - Processing /Users/andreasanditya/Downloads/572392_Andreas_AirflowETL/code/.venv/lib/python3.9/site-packages/airflow/example_dags/tutorial_dag.py took 0.118 seconds
[2026-09-18T11:48:14.633+0700] {processor.py:186} INFO - Started process (PID=29984) to work on /Users/andreasanditya/Downloads/572392_Andreas_AirflowETL/code/.venv/lib/python3.9/site-packages/airflow/example_dags/tutorial_dag.py
[2026-09-18T11:48:14.634+0700] {processor.py:914} INFO - Processing file /Users/andreasanditya/Downloads/572392_Andreas_AirflowETL/code/.venv/lib/python3.9/site-packages/airflow/example_dags/tutorial_dag.py for tasks to queue
[2026-09-18T11:48:14.634+0700] {logging_mixin.py:190} INFO - [2026-09-18T11:48:14.634+0700] {dagbag.py:588} INFO - Filling up the DagBag from /Users/andreasanditya/Downloads/572392_Andreas_AirflowETL/code/.venv/lib/python3.9/site-packages/airflow/example_dags/tutorial_dag.py
[2026-09-18T11:48:14.674+0700] {processor.py:925} INFO - DAG(s) 'tutorial_dag' retrieved from /Users/andreasanditya/Downloads/572392_Andreas_AirflowETL/code/.venv/lib/python3.9/site-packages/airflow/example_dags/tutorial_dag.py
[2026-09-18T11:48:14.735+0700] {logging_mixin.py:190} INFO - [2026-09-18T11:48:14.735+0700] {dag.py:3239} INFO - Sync 1 DAGs
[2026-09-18T11:48:14.741+0700] {logging_mixin.py:190} INFO - [2026-09-18T11:48:14.741+0700] {dag.py:4180} INFO - Setting next_dagrun for tutorial_dag to None, run_after=None
[2026-09-18T11:48:14.751+0700] {processor.py:208} INFO - Processing /Users/andreasanditya/Downloads/572392_Andreas_AirflowETL/code/.venv/lib/python3.9/site-packages/airflow/example_dags/tutorial_dag.py took 0.121 seconds
[2026-09-18T11:49:41.431+0700] {processor.py:186} INFO - Started process (PID=30914) to work on /Users/andreasanditya/Downloads/572392_Andreas_AirflowETL/code/.venv/lib/python3.9/site-packages/airflow/example_dags/tutorial_dag.py
[2026-09-18T11:49:41.432+0700] {processor.py:914} INFO - Processing file /Users/andreasanditya/Downloads/572392_Andreas_AirflowETL/code/.venv/lib/python3.9/site-packages/airflow/example_dags/tutorial_dag.py for tasks to queue
[2026-09-18T11:49:41.433+0700] {logging_mixin.py:190} INFO - [2026-09-18T11:49:41.432+0700] {dagbag.py:588} INFO - Filling up the DagBag from /Users/andreasanditya/Downloads/572392_Andreas_AirflowETL/code/.venv/lib/python3.9/site-packages/airflow/example_dags/tutorial_dag.py
[2026-09-18T11:49:41.477+0700] {processor.py:925} INFO - DAG(s) 'tutorial_dag' retrieved from /Users/andreasanditya/Downloads/572392_Andreas_AirflowETL/code/.venv/lib/python3.9/site-packages/airflow/example_dags/tutorial_dag.py
[2026-09-18T11:49:41.537+0700] {logging_mixin.py:190} INFO - [2026-09-18T11:49:41.537+0700] {dag.py:3239} INFO - Sync 1 DAGs
[2026-09-18T11:49:41.543+0700] {logging_mixin.py:190} INFO - [2026-09-18T11:49:41.543+0700] {dag.py:4180} INFO - Setting next_dagrun for tutorial_dag to None, run_after=None
[2026-09-18T11:49:41.553+0700] {processor.py:208} INFO - Processing /Users/andreasanditya/Downloads/572392_Andreas_AirflowETL/code/.venv/lib/python3.9/site-packages/airflow/example_dags/tutorial_dag.py took 0.124 seconds
[2026-09-18T11:51:06.774+0700] {processor.py:186} INFO - Started process (PID=31723) to work on /Users/andreasanditya/Downloads/572392_Andreas_AirflowETL/code/.venv/lib/python3.9/site-packages/airflow/example_dags/tutorial_dag.py
[2026-09-18T11:51:06.775+0700] {processor.py:914} INFO - Processing file /Users/andreasanditya/Downloads/572392_Andreas_AirflowETL/code/.venv/lib/python3.9/site-packages/airflow/example_dags/tutorial_dag.py for tasks to queue
[2026-09-18T11:51:06.776+0700] {logging_mixin.py:190} INFO - [2026-09-18T11:51:06.776+0700] {dagbag.py:588} INFO - Filling up the DagBag from /Users/andreasanditya/Downloads/572392_Andreas_AirflowETL/code/.venv/lib/python3.9/site-packages/airflow/example_dags/tutorial_dag.py
[2026-09-18T11:51:06.815+0700] {processor.py:925} INFO - DAG(s) 'tutorial_dag' retrieved from /Users/andreasanditya/Downloads/572392_Andreas_AirflowETL/code/.venv/lib/python3.9/site-packages/airflow/example_dags/tutorial_dag.py
[2026-09-18T11:51:06.874+0700] {logging_mixin.py:190} INFO - [2026-09-18T11:51:06.873+0700] {dag.py:3239} INFO - Sync 1 DAGs
[2026-09-18T11:51:06.879+0700] {logging_mixin.py:190} INFO - [2026-09-18T11:51:06.879+0700] {dag.py:4180} INFO - Setting next_dagrun for tutorial_dag to None, run_after=None
[2026-09-18T11:51:06.889+0700] {processor.py:208} INFO - Processing /Users/andreasanditya/Downloads/572392_Andreas_AirflowETL/code/.venv/lib/python3.9/site-packages/airflow/example_dags/tutorial_dag.py took 0.117 seconds
[2026-09-18T11:52:32.538+0700] {processor.py:186} INFO - Started process (PID=32624) to work on /Users/andreasanditya/Downloads/572392_Andreas_AirflowETL/code/.venv/lib/python3.9/site-packages/airflow/example_dags/tutorial_dag.py
[2026-09-18T11:52:32.539+0700] {processor.py:914} INFO - Processing file /Users/andreasanditya/Downloads/572392_Andreas_AirflowETL/code/.venv/lib/python3.9/site-packages/airflow/example_dags/tutorial_dag.py for tasks to queue
[2026-09-18T11:52:32.539+0700] {logging_mixin.py:190} INFO - [2026-09-18T11:52:32.539+0700] {dagbag.py:588} INFO - Filling up the DagBag from /Users/andreasanditya/Downloads/572392_Andreas_AirflowETL/code/.venv/lib/python3.9/site-packages/airflow/example_dags/tutorial_dag.py
[2026-09-18T11:52:32.579+0700] {processor.py:925} INFO - DAG(s) 'tutorial_dag' retrieved from /Users/andreasanditya/Downloads/572392_Andreas_AirflowETL/code/.venv/lib/python3.9/site-packages/airflow/example_dags/tutorial_dag.py
[2026-09-18T11:52:32.638+0700] {logging_mixin.py:190} INFO - [2026-09-18T11:52:32.638+0700] {dag.py:3239} INFO - Sync 1 DAGs
[2026-09-18T11:52:32.644+0700] {logging_mixin.py:190} INFO - [2026-09-18T11:52:32.644+0700] {dag.py:4180} INFO - Setting next_dagrun for tutorial_dag to None, run_after=None
[2026-09-18T11:52:32.654+0700] {processor.py:208} INFO - Processing /Users/andreasanditya/Downloads/572392_Andreas_AirflowETL/code/.venv/lib/python3.9/site-packages/airflow/example_dags/tutorial_dag.py took 0.118 seconds
[2026-09-18T11:53:59.275+0700] {processor.py:186} INFO - Started process (PID=33450) to work on /Users/andreasanditya/Downloads/572392_Andreas_AirflowETL/code/.venv/lib/python3.9/site-packages/airflow/example_dags/tutorial_dag.py
[2026-09-18T11:53:59.276+0700] {processor.py:914} INFO - Processing file /Users/andreasanditya/Downloads/572392_Andreas_AirflowETL/code/.venv/lib/python3.9/site-packages/airflow/example_dags/tutorial_dag.py for tasks to queue
[2026-09-18T11:53:59.277+0700] {logging_mixin.py:190} INFO - [2026-09-18T11:53:59.277+0700] {dagbag.py:588} INFO - Filling up the DagBag from /Users/andreasanditya/Downloads/572392_Andreas_AirflowETL/code/.venv/lib/python3.9/site-packages/airflow/example_dags/tutorial_dag.py
[2026-09-18T11:53:59.315+0700] {processor.py:925} INFO - DAG(s) 'tutorial_dag' retrieved from /Users/andreasanditya/Downloads/572392_Andreas_AirflowETL/code/.venv/lib/python3.9/site-packages/airflow/example_dags/tutorial_dag.py
[2026-09-18T11:53:59.375+0700] {logging_mixin.py:190} INFO - [2026-09-18T11:53:59.375+0700] {dag.py:3239} INFO - Sync 1 DAGs
[2026-09-18T11:53:59.381+0700] {logging_mixin.py:190} INFO - [2026-09-18T11:53:59.381+0700] {dag.py:4180} INFO - Setting next_dagrun for tutorial_dag to None, run_after=None
[2026-09-18T11:53:59.391+0700] {processor.py:208} INFO - Processing /Users/andreasanditya/Downloads/572392_Andreas_AirflowETL/code/.venv/lib/python3.9/site-packages/airflow/example_dags/tutorial_dag.py took 0.118 seconds
[2026-09-18T11:55:26.846+0700] {processor.py:186} INFO - Started process (PID=34380) to work on /Users/andreasanditya/Downloads/572392_Andreas_AirflowETL/code/.venv/lib/python3.9/site-packages/airflow/example_dags/tutorial_dag.py
[2026-09-18T11:55:26.847+0700] {processor.py:914} INFO - Processing file /Users/andreasanditya/Downloads/572392_Andreas_AirflowETL/code/.venv/lib/python3.9/site-packages/airflow/example_dags/tutorial_dag.py for tasks to queue
[2026-09-18T11:55:26.847+0700] {logging_mixin.py:190} INFO - [2026-09-18T11:55:26.847+0700] {dagbag.py:588} INFO - Filling up the DagBag from /Users/andreasanditya/Downloads/572392_Andreas_AirflowETL/code/.venv/lib/python3.9/site-packages/airflow/example_dags/tutorial_dag.py
[2026-09-18T11:55:26.886+0700] {processor.py:925} INFO - DAG(s) 'tutorial_dag' retrieved from /Users/andreasanditya/Downloads/572392_Andreas_AirflowETL/code/.venv/lib/python3.9/site-packages/airflow/example_dags/tutorial_dag.py
[2026-09-18T11:55:26.945+0700] {logging_mixin.py:190} INFO - [2026-09-18T11:55:26.944+0700] {dag.py:3239} INFO - Sync 1 DAGs
[2026-09-18T11:55:26.950+0700] {logging_mixin.py:190} INFO - [2026-09-18T11:55:26.950+0700] {dag.py:4180} INFO - Setting next_dagrun for tutorial_dag to None, run_after=None
[2026-09-18T11:55:26.960+0700] {processor.py:208} INFO - Processing /Users/andreasanditya/Downloads/572392_Andreas_AirflowETL/code/.venv/lib/python3.9/site-packages/airflow/example_dags/tutorial_dag.py took 0.116 seconds
[2026-09-18T11:56:54.115+0700] {processor.py:186} INFO - Started process (PID=35275) to work on /Users/andreasanditya/Downloads/572392_Andreas_AirflowETL/code/.venv/lib/python3.9/site-packages/airflow/example_dags/tutorial_dag.py
[2026-09-18T11:56:54.116+0700] {processor.py:914} INFO - Processing file /Users/andreasanditya/Downloads/572392_Andreas_AirflowETL/code/.venv/lib/python3.9/site-packages/airflow/example_dags/tutorial_dag.py for tasks to queue
[2026-09-18T11:56:54.117+0700] {logging_mixin.py:190} INFO - [2026-09-18T11:56:54.117+0700] {dagbag.py:588} INFO - Filling up the DagBag from /Users/andreasanditya/Downloads/572392_Andreas_AirflowETL/code/.venv/lib/python3.9/site-packages/airflow/example_dags/tutorial_dag.py
[2026-09-18T11:56:54.156+0700] {processor.py:925} INFO - DAG(s) 'tutorial_dag' retrieved from /Users/andreasanditya/Downloads/572392_Andreas_AirflowETL/code/.venv/lib/python3.9/site-packages/airflow/example_dags/tutorial_dag.py
[2026-09-18T11:56:54.214+0700] {logging_mixin.py:190} INFO - [2026-09-18T11:56:54.214+0700] {dag.py:3239} INFO - Sync 1 DAGs
[2026-09-18T11:56:54.220+0700] {logging_mixin.py:190} INFO - [2026-09-18T11:56:54.220+0700] {dag.py:4180} INFO - Setting next_dagrun for tutorial_dag to None, run_after=None
[2026-09-18T11:56:54.231+0700] {processor.py:208} INFO - Processing /Users/andreasanditya/Downloads/572392_Andreas_AirflowETL/code/.venv/lib/python3.9/site-packages/airflow/example_dags/tutorial_dag.py took 0.117 seconds
[2026-09-18T11:58:20.665+0700] {processor.py:186} INFO - Started process (PID=36105) to work on /Users/andreasanditya/Downloads/572392_Andreas_AirflowETL/code/.venv/lib/python3.9/site-packages/airflow/example_dags/tutorial_dag.py
[2026-09-18T11:58:20.666+0700] {processor.py:914} INFO - Processing file /Users/andreasanditya/Downloads/572392_Andreas_AirflowETL/code/.venv/lib/python3.9/site-packages/airflow/example_dags/tutorial_dag.py for tasks to queue
[2026-09-18T11:58:20.666+0700] {logging_mixin.py:190} INFO - [2026-09-18T11:58:20.666+0700] {dagbag.py:588} INFO - Filling up the DagBag from /Users/andreasanditya/Downloads/572392_Andreas_AirflowETL/code/.venv/lib/python3.9/site-packages/airflow/example_dags/tutorial_dag.py
[2026-09-18T11:58:20.705+0700] {processor.py:925} INFO - DAG(s) 'tutorial_dag' retrieved from /Users/andreasanditya/Downloads/572392_Andreas_AirflowETL/code/.venv/lib/python3.9/site-packages/airflow/example_dags/tutorial_dag.py
[2026-09-18T11:58:20.763+0700] {logging_mixin.py:190} INFO - [2026-09-18T11:58:20.763+0700] {dag.py:3239} INFO - Sync 1 DAGs
[2026-09-18T11:58:20.769+0700] {logging_mixin.py:190} INFO - [2026-09-18T11:58:20.769+0700] {dag.py:4180} INFO - Setting next_dagrun for tutorial_dag to None, run_after=None
[2026-09-18T11:58:20.779+0700] {processor.py:208} INFO - Processing /Users/andreasanditya/Downloads/572392_Andreas_AirflowETL/code/.venv/lib/python3.9/site-packages/airflow/example_dags/tutorial_dag.py took 0.116 seconds
[2026-09-18T11:59:44.697+0700] {processor.py:186} INFO - Started process (PID=36931) to work on /Users/andreasanditya/Downloads/572392_Andreas_AirflowETL/code/.venv/lib/python3.9/site-packages/airflow/example_dags/tutorial_dag.py
[2026-09-18T11:59:44.698+0700] {processor.py:914} INFO - Processing file /Users/andreasanditya/Downloads/572392_Andreas_AirflowETL/code/.venv/lib/python3.9/site-packages/airflow/example_dags/tutorial_dag.py for tasks to queue
[2026-09-18T11:59:44.699+0700] {logging_mixin.py:190} INFO - [2026-09-18T11:59:44.699+0700] {dagbag.py:588} INFO - Filling up the DagBag from /Users/andreasanditya/Downloads/572392_Andreas_AirflowETL/code/.venv/lib/python3.9/site-packages/airflow/example_dags/tutorial_dag.py
[2026-09-18T11:59:44.737+0700] {processor.py:925} INFO - DAG(s) 'tutorial_dag' retrieved from /Users/andreasanditya/Downloads/572392_Andreas_AirflowETL/code/.venv/lib/python3.9/site-packages/airflow/example_dags/tutorial_dag.py
[2026-09-18T11:59:44.796+0700] {logging_mixin.py:190} INFO - [2026-09-18T11:59:44.796+0700] {dag.py:3239} INFO - Sync 1 DAGs
[2026-09-18T11:59:44.802+0700] {logging_mixin.py:190} INFO - [2026-09-18T11:59:44.801+0700] {dag.py:4180} INFO - Setting next_dagrun for tutorial_dag to None, run_after=None
[2026-09-18T11:59:44.812+0700] {processor.py:208} INFO - Processing /Users/andreasanditya/Downloads/572392_Andreas_AirflowETL/code/.venv/lib/python3.9/site-packages/airflow/example_dags/tutorial_dag.py took 0.116 seconds
[2026-09-18T12:01:11.741+0700] {processor.py:186} INFO - Started process (PID=37851) to work on /Users/andreasanditya/Downloads/572392_Andreas_AirflowETL/code/.venv/lib/python3.9/site-packages/airflow/example_dags/tutorial_dag.py
[2026-09-18T12:01:11.742+0700] {processor.py:914} INFO - Processing file /Users/andreasanditya/Downloads/572392_Andreas_AirflowETL/code/.venv/lib/python3.9/site-packages/airflow/example_dags/tutorial_dag.py for tasks to queue
[2026-09-18T12:01:11.743+0700] {logging_mixin.py:190} INFO - [2026-09-18T12:01:11.743+0700] {dagbag.py:588} INFO - Filling up the DagBag from /Users/andreasanditya/Downloads/572392_Andreas_AirflowETL/code/.venv/lib/python3.9/site-packages/airflow/example_dags/tutorial_dag.py
[2026-09-18T12:01:11.781+0700] {processor.py:925} INFO - DAG(s) 'tutorial_dag' retrieved from /Users/andreasanditya/Downloads/572392_Andreas_AirflowETL/code/.venv/lib/python3.9/site-packages/airflow/example_dags/tutorial_dag.py
[2026-09-18T12:01:11.840+0700] {logging_mixin.py:190} INFO - [2026-09-18T12:01:11.840+0700] {dag.py:3239} INFO - Sync 1 DAGs
[2026-09-18T12:01:11.846+0700] {logging_mixin.py:190} INFO - [2026-09-18T12:01:11.846+0700] {dag.py:4180} INFO - Setting next_dagrun for tutorial_dag to None, run_after=None
[2026-09-18T12:01:11.856+0700] {processor.py:208} INFO - Processing /Users/andreasanditya/Downloads/572392_Andreas_AirflowETL/code/.venv/lib/python3.9/site-packages/airflow/example_dags/tutorial_dag.py took 0.117 seconds
[2026-09-18T12:02:39.217+0700] {processor.py:186} INFO - Started process (PID=38764) to work on /Users/andreasanditya/Downloads/572392_Andreas_AirflowETL/code/.venv/lib/python3.9/site-packages/airflow/example_dags/tutorial_dag.py
[2026-09-18T12:02:39.218+0700] {processor.py:914} INFO - Processing file /Users/andreasanditya/Downloads/572392_Andreas_AirflowETL/code/.venv/lib/python3.9/site-packages/airflow/example_dags/tutorial_dag.py for tasks to queue
[2026-09-18T12:02:39.218+0700] {logging_mixin.py:190} INFO - [2026-09-18T12:02:39.218+0700] {dagbag.py:588} INFO - Filling up the DagBag from /Users/andreasanditya/Downloads/572392_Andreas_AirflowETL/code/.venv/lib/python3.9/site-packages/airflow/example_dags/tutorial_dag.py
[2026-09-18T12:02:39.258+0700] {processor.py:925} INFO - DAG(s) 'tutorial_dag' retrieved from /Users/andreasanditya/Downloads/572392_Andreas_AirflowETL/code/.venv/lib/python3.9/site-packages/airflow/example_dags/tutorial_dag.py
[2026-09-18T12:02:39.317+0700] {logging_mixin.py:190} INFO - [2026-09-18T12:02:39.317+0700] {dag.py:3239} INFO - Sync 1 DAGs
[2026-09-18T12:02:39.323+0700] {logging_mixin.py:190} INFO - [2026-09-18T12:02:39.323+0700] {dag.py:4180} INFO - Setting next_dagrun for tutorial_dag to None, run_after=None
[2026-09-18T12:02:39.333+0700] {processor.py:208} INFO - Processing /Users/andreasanditya/Downloads/572392_Andreas_AirflowETL/code/.venv/lib/python3.9/site-packages/airflow/example_dags/tutorial_dag.py took 0.118 seconds
[2026-09-18T12:04:05.715+0700] {processor.py:186} INFO - Started process (PID=39593) to work on /Users/andreasanditya/Downloads/572392_Andreas_AirflowETL/code/.venv/lib/python3.9/site-packages/airflow/example_dags/tutorial_dag.py
[2026-09-18T12:04:05.715+0700] {processor.py:914} INFO - Processing file /Users/andreasanditya/Downloads/572392_Andreas_AirflowETL/code/.venv/lib/python3.9/site-packages/airflow/example_dags/tutorial_dag.py for tasks to queue
[2026-09-18T12:04:05.716+0700] {logging_mixin.py:190} INFO - [2026-09-18T12:04:05.716+0700] {dagbag.py:588} INFO - Filling up the DagBag from /Users/andreasanditya/Downloads/572392_Andreas_AirflowETL/code/.venv/lib/python3.9/site-packages/airflow/example_dags/tutorial_dag.py
[2026-09-18T12:04:05.755+0700] {processor.py:925} INFO - DAG(s) 'tutorial_dag' retrieved from /Users/andreasanditya/Downloads/572392_Andreas_AirflowETL/code/.venv/lib/python3.9/site-packages/airflow/example_dags/tutorial_dag.py
[2026-09-18T12:04:05.814+0700] {logging_mixin.py:190} INFO - [2026-09-18T12:04:05.814+0700] {dag.py:3239} INFO - Sync 1 DAGs
[2026-09-18T12:04:05.820+0700] {logging_mixin.py:190} INFO - [2026-09-18T12:04:05.819+0700] {dag.py:4180} INFO - Setting next_dagrun for tutorial_dag to None, run_after=None
[2026-09-18T12:04:05.830+0700] {processor.py:208} INFO - Processing /Users/andreasanditya/Downloads/572392_Andreas_AirflowETL/code/.venv/lib/python3.9/site-packages/airflow/example_dags/tutorial_dag.py took 0.118 seconds
[2026-09-18T12:05:32.318+0700] {processor.py:186} INFO - Started process (PID=40502) to work on /Users/andreasanditya/Downloads/572392_Andreas_AirflowETL/code/.venv/lib/python3.9/site-packages/airflow/example_dags/tutorial_dag.py
[2026-09-18T12:05:32.319+0700] {processor.py:914} INFO - Processing file /Users/andreasanditya/Downloads/572392_Andreas_AirflowETL/code/.venv/lib/python3.9/site-packages/airflow/example_dags/tutorial_dag.py for tasks to queue
[2026-09-18T12:05:32.319+0700] {logging_mixin.py:190} INFO - [2026-09-18T12:05:32.319+0700] {dagbag.py:588} INFO - Filling up the DagBag from /Users/andreasanditya/Downloads/572392_Andreas_AirflowETL/code/.venv/lib/python3.9/site-packages/airflow/example_dags/tutorial_dag.py
[2026-09-18T12:05:32.361+0700] {processor.py:925} INFO - DAG(s) 'tutorial_dag' retrieved from /Users/andreasanditya/Downloads/572392_Andreas_AirflowETL/code/.venv/lib/python3.9/site-packages/airflow/example_dags/tutorial_dag.py
[2026-09-18T12:05:32.421+0700] {logging_mixin.py:190} INFO - [2026-09-18T12:05:32.420+0700] {dag.py:3239} INFO - Sync 1 DAGs
[2026-09-18T12:05:32.426+0700] {logging_mixin.py:190} INFO - [2026-09-18T12:05:32.426+0700] {dag.py:4180} INFO - Setting next_dagrun for tutorial_dag to None, run_after=None
[2026-09-18T12:05:32.436+0700] {processor.py:208} INFO - Processing /Users/andreasanditya/Downloads/572392_Andreas_AirflowETL/code/.venv/lib/python3.9/site-packages/airflow/example_dags/tutorial_dag.py took 0.121 seconds
[2026-09-18T12:07:00.313+0700] {processor.py:186} INFO - Started process (PID=41340) to work on /Users/andreasanditya/Downloads/572392_Andreas_AirflowETL/code/.venv/lib/python3.9/site-packages/airflow/example_dags/tutorial_dag.py
[2026-09-18T12:07:00.314+0700] {processor.py:914} INFO - Processing file /Users/andreasanditya/Downloads/572392_Andreas_AirflowETL/code/.venv/lib/python3.9/site-packages/airflow/example_dags/tutorial_dag.py for tasks to queue
[2026-09-18T12:07:00.315+0700] {logging_mixin.py:190} INFO - [2026-09-18T12:07:00.314+0700] {dagbag.py:588} INFO - Filling up the DagBag from /Users/andreasanditya/Downloads/572392_Andreas_AirflowETL/code/.venv/lib/python3.9/site-packages/airflow/example_dags/tutorial_dag.py
[2026-09-18T12:07:00.355+0700] {processor.py:925} INFO - DAG(s) 'tutorial_dag' retrieved from /Users/andreasanditya/Downloads/572392_Andreas_AirflowETL/code/.venv/lib/python3.9/site-packages/airflow/example_dags/tutorial_dag.py
[2026-09-18T12:07:00.414+0700] {logging_mixin.py:190} INFO - [2026-09-18T12:07:00.414+0700] {dag.py:3239} INFO - Sync 1 DAGs
[2026-09-18T12:07:00.420+0700] {logging_mixin.py:190} INFO - [2026-09-18T12:07:00.420+0700] {dag.py:4180} INFO - Setting next_dagrun for tutorial_dag to None, run_after=None
[2026-09-18T12:07:00.430+0700] {processor.py:208} INFO - Processing /Users/andreasanditya/Downloads/572392_Andreas_AirflowETL/code/.venv/lib/python3.9/site-packages/airflow/example_dags/tutorial_dag.py took 0.120 seconds
[2026-09-18T12:08:27.726+0700] {processor.py:186} INFO - Started process (PID=42247) to work on /Users/andreasanditya/Downloads/572392_Andreas_AirflowETL/code/.venv/lib/python3.9/site-packages/airflow/example_dags/tutorial_dag.py
[2026-09-18T12:08:27.730+0700] {processor.py:914} INFO - Processing file /Users/andreasanditya/Downloads/572392_Andreas_AirflowETL/code/.venv/lib/python3.9/site-packages/airflow/example_dags/tutorial_dag.py for tasks to queue
[2026-09-18T12:08:27.730+0700] {logging_mixin.py:190} INFO - [2026-09-18T12:08:27.730+0700] {dagbag.py:588} INFO - Filling up the DagBag from /Users/andreasanditya/Downloads/572392_Andreas_AirflowETL/code/.venv/lib/python3.9/site-packages/airflow/example_dags/tutorial_dag.py
[2026-09-18T12:08:27.770+0700] {processor.py:925} INFO - DAG(s) 'tutorial_dag' retrieved from /Users/andreasanditya/Downloads/572392_Andreas_AirflowETL/code/.venv/lib/python3.9/site-packages/airflow/example_dags/tutorial_dag.py
[2026-09-18T12:08:27.829+0700] {logging_mixin.py:190} INFO - [2026-09-18T12:08:27.828+0700] {dag.py:3239} INFO - Sync 1 DAGs
[2026-09-18T12:08:27.834+0700] {logging_mixin.py:190} INFO - [2026-09-18T12:08:27.834+0700] {dag.py:4180} INFO - Setting next_dagrun for tutorial_dag to None, run_after=None
[2026-09-18T12:08:27.844+0700] {processor.py:208} INFO - Processing /Users/andreasanditya/Downloads/572392_Andreas_AirflowETL/code/.venv/lib/python3.9/site-packages/airflow/example_dags/tutorial_dag.py took 0.120 seconds
[2026-09-18T12:09:55.407+0700] {processor.py:186} INFO - Started process (PID=43166) to work on /Users/andreasanditya/Downloads/572392_Andreas_AirflowETL/code/.venv/lib/python3.9/site-packages/airflow/example_dags/tutorial_dag.py
[2026-09-18T12:09:55.408+0700] {processor.py:914} INFO - Processing file /Users/andreasanditya/Downloads/572392_Andreas_AirflowETL/code/.venv/lib/python3.9/site-packages/airflow/example_dags/tutorial_dag.py for tasks to queue
[2026-09-18T12:09:55.408+0700] {logging_mixin.py:190} INFO - [2026-09-18T12:09:55.408+0700] {dagbag.py:588} INFO - Filling up the DagBag from /Users/andreasanditya/Downloads/572392_Andreas_AirflowETL/code/.venv/lib/python3.9/site-packages/airflow/example_dags/tutorial_dag.py
[2026-09-18T12:09:55.450+0700] {processor.py:925} INFO - DAG(s) 'tutorial_dag' retrieved from /Users/andreasanditya/Downloads/572392_Andreas_AirflowETL/code/.venv/lib/python3.9/site-packages/airflow/example_dags/tutorial_dag.py
[2026-09-18T12:09:55.509+0700] {logging_mixin.py:190} INFO - [2026-09-18T12:09:55.509+0700] {dag.py:3239} INFO - Sync 1 DAGs
[2026-09-18T12:09:55.515+0700] {logging_mixin.py:190} INFO - [2026-09-18T12:09:55.515+0700] {dag.py:4180} INFO - Setting next_dagrun for tutorial_dag to None, run_after=None
[2026-09-18T12:09:55.525+0700] {processor.py:208} INFO - Processing /Users/andreasanditya/Downloads/572392_Andreas_AirflowETL/code/.venv/lib/python3.9/site-packages/airflow/example_dags/tutorial_dag.py took 0.120 seconds
[2026-09-18T12:11:20.995+0700] {processor.py:186} INFO - Started process (PID=43987) to work on /Users/andreasanditya/Downloads/572392_Andreas_AirflowETL/code/.venv/lib/python3.9/site-packages/airflow/example_dags/tutorial_dag.py
[2026-09-18T12:11:20.996+0700] {processor.py:914} INFO - Processing file /Users/andreasanditya/Downloads/572392_Andreas_AirflowETL/code/.venv/lib/python3.9/site-packages/airflow/example_dags/tutorial_dag.py for tasks to queue
[2026-09-18T12:11:20.997+0700] {logging_mixin.py:190} INFO - [2026-09-18T12:11:20.997+0700] {dagbag.py:588} INFO - Filling up the DagBag from /Users/andreasanditya/Downloads/572392_Andreas_AirflowETL/code/.venv/lib/python3.9/site-packages/airflow/example_dags/tutorial_dag.py
[2026-09-18T12:11:21.039+0700] {processor.py:925} INFO - DAG(s) 'tutorial_dag' retrieved from /Users/andreasanditya/Downloads/572392_Andreas_AirflowETL/code/.venv/lib/python3.9/site-packages/airflow/example_dags/tutorial_dag.py
[2026-09-18T12:11:21.099+0700] {logging_mixin.py:190} INFO - [2026-09-18T12:11:21.099+0700] {dag.py:3239} INFO - Sync 1 DAGs
[2026-09-18T12:11:21.105+0700] {logging_mixin.py:190} INFO - [2026-09-18T12:11:21.104+0700] {dag.py:4180} INFO - Setting next_dagrun for tutorial_dag to None, run_after=None
[2026-09-18T12:11:21.114+0700] {processor.py:208} INFO - Processing /Users/andreasanditya/Downloads/572392_Andreas_AirflowETL/code/.venv/lib/python3.9/site-packages/airflow/example_dags/tutorial_dag.py took 0.121 seconds
[2026-09-18T12:12:51.172+0700] {processor.py:186} INFO - Started process (PID=45526) to work on /Users/andreasanditya/Downloads/572392_Andreas_AirflowETL/code/.venv/lib/python3.9/site-packages/airflow/example_dags/tutorial_dag.py
[2026-09-18T12:12:51.173+0700] {processor.py:914} INFO - Processing file /Users/andreasanditya/Downloads/572392_Andreas_AirflowETL/code/.venv/lib/python3.9/site-packages/airflow/example_dags/tutorial_dag.py for tasks to queue
[2026-09-18T12:12:51.174+0700] {logging_mixin.py:190} INFO - [2026-09-18T12:12:51.174+0700] {dagbag.py:588} INFO - Filling up the DagBag from /Users/andreasanditya/Downloads/572392_Andreas_AirflowETL/code/.venv/lib/python3.9/site-packages/airflow/example_dags/tutorial_dag.py
[2026-09-18T12:12:51.233+0700] {processor.py:925} INFO - DAG(s) 'tutorial_dag' retrieved from /Users/andreasanditya/Downloads/572392_Andreas_AirflowETL/code/.venv/lib/python3.9/site-packages/airflow/example_dags/tutorial_dag.py
[2026-09-18T12:12:51.297+0700] {logging_mixin.py:190} INFO - [2026-09-18T12:12:51.297+0700] {dag.py:3239} INFO - Sync 1 DAGs
[2026-09-18T12:12:51.305+0700] {logging_mixin.py:190} INFO - [2026-09-18T12:12:51.305+0700] {dag.py:4180} INFO - Setting next_dagrun for tutorial_dag to None, run_after=None
[2026-09-18T12:12:51.319+0700] {processor.py:208} INFO - Processing /Users/andreasanditya/Downloads/572392_Andreas_AirflowETL/code/.venv/lib/python3.9/site-packages/airflow/example_dags/tutorial_dag.py took 0.149 seconds
[2026-09-18T12:14:19.943+0700] {processor.py:186} INFO - Started process (PID=46650) to work on /Users/andreasanditya/Downloads/572392_Andreas_AirflowETL/code/.venv/lib/python3.9/site-packages/airflow/example_dags/tutorial_dag.py
[2026-09-18T12:14:19.944+0700] {processor.py:914} INFO - Processing file /Users/andreasanditya/Downloads/572392_Andreas_AirflowETL/code/.venv/lib/python3.9/site-packages/airflow/example_dags/tutorial_dag.py for tasks to queue
[2026-09-18T12:14:19.944+0700] {logging_mixin.py:190} INFO - [2026-09-18T12:14:19.944+0700] {dagbag.py:588} INFO - Filling up the DagBag from /Users/andreasanditya/Downloads/572392_Andreas_AirflowETL/code/.venv/lib/python3.9/site-packages/airflow/example_dags/tutorial_dag.py
[2026-09-18T12:14:19.985+0700] {processor.py:925} INFO - DAG(s) 'tutorial_dag' retrieved from /Users/andreasanditya/Downloads/572392_Andreas_AirflowETL/code/.venv/lib/python3.9/site-packages/airflow/example_dags/tutorial_dag.py
[2026-09-18T12:14:20.043+0700] {logging_mixin.py:190} INFO - [2026-09-18T12:14:20.042+0700] {dag.py:3239} INFO - Sync 1 DAGs
[2026-09-18T12:14:20.049+0700] {logging_mixin.py:190} INFO - [2026-09-18T12:14:20.049+0700] {dag.py:4180} INFO - Setting next_dagrun for tutorial_dag to None, run_after=None
[2026-09-18T12:14:20.059+0700] {processor.py:208} INFO - Processing /Users/andreasanditya/Downloads/572392_Andreas_AirflowETL/code/.venv/lib/python3.9/site-packages/airflow/example_dags/tutorial_dag.py took 0.118 seconds
[2026-09-18T12:15:46.911+0700] {processor.py:186} INFO - Started process (PID=48048) to work on /Users/andreasanditya/Downloads/572392_Andreas_AirflowETL/code/.venv/lib/python3.9/site-packages/airflow/example_dags/tutorial_dag.py
[2026-09-18T12:15:46.912+0700] {processor.py:914} INFO - Processing file /Users/andreasanditya/Downloads/572392_Andreas_AirflowETL/code/.venv/lib/python3.9/site-packages/airflow/example_dags/tutorial_dag.py for tasks to queue
[2026-09-18T12:15:46.913+0700] {logging_mixin.py:190} INFO - [2026-09-18T12:15:46.913+0700] {dagbag.py:588} INFO - Filling up the DagBag from /Users/andreasanditya/Downloads/572392_Andreas_AirflowETL/code/.venv/lib/python3.9/site-packages/airflow/example_dags/tutorial_dag.py
[2026-09-18T12:15:46.952+0700] {processor.py:925} INFO - DAG(s) 'tutorial_dag' retrieved from /Users/andreasanditya/Downloads/572392_Andreas_AirflowETL/code/.venv/lib/python3.9/site-packages/airflow/example_dags/tutorial_dag.py
[2026-09-18T12:15:47.010+0700] {logging_mixin.py:190} INFO - [2026-09-18T12:15:47.010+0700] {dag.py:3239} INFO - Sync 1 DAGs
[2026-09-18T12:15:47.017+0700] {logging_mixin.py:190} INFO - [2026-09-18T12:15:47.017+0700] {dag.py:4180} INFO - Setting next_dagrun for tutorial_dag to None, run_after=None
[2026-09-18T12:15:47.028+0700] {processor.py:208} INFO - Processing /Users/andreasanditya/Downloads/572392_Andreas_AirflowETL/code/.venv/lib/python3.9/site-packages/airflow/example_dags/tutorial_dag.py took 0.119 seconds
[2026-09-18T12:17:14.850+0700] {processor.py:186} INFO - Started process (PID=49399) to work on /Users/andreasanditya/Downloads/572392_Andreas_AirflowETL/code/.venv/lib/python3.9/site-packages/airflow/example_dags/tutorial_dag.py
[2026-09-18T12:17:14.851+0700] {processor.py:914} INFO - Processing file /Users/andreasanditya/Downloads/572392_Andreas_AirflowETL/code/.venv/lib/python3.9/site-packages/airflow/example_dags/tutorial_dag.py for tasks to queue
[2026-09-18T12:17:14.852+0700] {logging_mixin.py:190} INFO - [2026-09-18T12:17:14.852+0700] {dagbag.py:588} INFO - Filling up the DagBag from /Users/andreasanditya/Downloads/572392_Andreas_AirflowETL/code/.venv/lib/python3.9/site-packages/airflow/example_dags/tutorial_dag.py
[2026-09-18T12:17:14.891+0700] {processor.py:925} INFO - DAG(s) 'tutorial_dag' retrieved from /Users/andreasanditya/Downloads/572392_Andreas_AirflowETL/code/.venv/lib/python3.9/site-packages/airflow/example_dags/tutorial_dag.py
[2026-09-18T12:17:14.952+0700] {logging_mixin.py:190} INFO - [2026-09-18T12:17:14.952+0700] {dag.py:3239} INFO - Sync 1 DAGs
[2026-09-18T12:17:14.959+0700] {logging_mixin.py:190} INFO - [2026-09-18T12:17:14.959+0700] {dag.py:4180} INFO - Setting next_dagrun for tutorial_dag to None, run_after=None
[2026-09-18T12:17:14.968+0700] {processor.py:208} INFO - Processing /Users/andreasanditya/Downloads/572392_Andreas_AirflowETL/code/.venv/lib/python3.9/site-packages/airflow/example_dags/tutorial_dag.py took 0.120 seconds
